
== сигнал 1787690888 ==
[2026-08-25T20:48:11Z] задание probe-canal-1: состояние снято

== сигнал 1787690976 ==
[2026-08-25T20:49:38Z] задание diag-1 запущено: research/ops/diag.py

== сигнал 1787691077 ==
[2026-08-25T20:51:19Z] задание diag-2 запущено: research/ops/diag.py

== сигнал 1787691194 ==
[2026-08-25T20:53:15Z] задание live-1 запущено: research/ops/live_report.py

== сигнал 1787691223 ==
[2026-08-25T20:53:45Z] задание live-2 запущено: research/ops/live_report.py

== сигнал 1787692023 ==

== сигнал 1787692278 ==
[2026-08-25T21:11:20Z] задание z3-smoke3 запущено: research/z3_ladder/fold_ladder.py

== сигнал 1787693149 ==
[2026-08-25T21:25:50Z] задание z3-fold-1 запущено: research/z3_ladder/fold_ladder.py

== сигнал 1787693397 ==
[2026-08-25T21:29:59Z] задание z3-state запущено: research/z3_ladder/fold_ladder.py

== сигнал 1787693463 ==
[2026-08-25T21:31:05Z] задание z3-state2 запущено: research/z3_ladder/fold_ladder.py
_: line 3: 689678 Killed                  .venv/bin/python "$@" >> "$log" 2>&1
