== задание adversary-ceiling ==
строка: agents-run adversary
начало: 2026-09-01T16:19:09Z
запускаю роль: adversary 
авторизация: вход CLI (подписка)
л пуст, у заявки **одна сделка за всю запись** → `pass`, дословно «сделок 1 за 1 суток (1.00 в сутки при требуемых 1.00)»;
- пул не пуст, заявка сделала **три сделки** в те же трое суток, что живая книга → `pass`, и заодно со связью **−0.996** (почти зеркало) — один кандидат проходит оба ворота.

Почему не мелочь: объявление тратит испытание навсегда; знаменатель не пинает ни один тест (подделка проходит молча, сюита зелёная); фикстура, которой работа ворот «доказана», живым писателем непроизводима — 7 сделок при 40 сутках ряда; и починить внутри `ceiling.py` нечем — настоящей длины записи в артефакте нет ни в `meta`, ни в `summary`, класть её обязан `run_day`. Отчёт печатает union под именем «суток записи».

**Тем же вето — класс «фраза литералом»**, который контроль №5 объявлен закрывшим: закрыт он только для `max_corr`. При `min_tpd=50` закрывающая фраза говорит «это 100.0 сделки **при 10**, то есть подбрасывание монеты» — число внутри одного предложения опровергает вывод, и строку эту производит собственный зелёный тест строителя. В отчёте `MIN_PAIR_DAYS` печатается литералом и противоречит строке вердикта в том же файле.

## Что устояло — и это надо засчитать

- **Все семь объявленных контролей кусаются** и роняют именно названную проверку (применил каждый, прогнал, восстановил).
- **Правило «по доходности не судим» я сломать не смог.** Строил обход специально под оба объявленных теста: место заявки по нетто среди живых (инвариант к масштабу) и модуль нетто (инвариант к знаку и к масштабу) — обе подделки сюита ловит. По коду ни `net`, ни знак, ни величина в ветки вердикта не входят.
- Второй копии формулы связи нет; решение (3) о пути заявки герметично — проверил сквозным прогоном.
- Заявление в `notes` про упавший `test_factory.py` устарело: сегодня 25 блоков зелёные, фикстуру уже починили.

Попутно, не вето, но незакреплено: решение (2) о знаковой связи (подделка «по модулю» проходит молча), значение порога измеримости (уполовинивание проходит), правило «ключ дня — число» (проходит, и довод в докстринге неверен — обе стороны читаются из одного json строками), дедуп журнала гасит смену **причины** при том же вердикте.

Файлы, которые я подделывал (`ceiling.py`, `run_day.py`), возвращены копиями из `/tmp/adv` и сверены по sha256 — совпадают байт в байт. Писал я только в свой файл.
КОНТРАКТ: выполнен
прогон роли adversary завершён
публикуется в ветку main:
 jobs/done/adversary-ceiling.done       |  1 +
 jobs/done/adversary-ceiling.log        | 24 +++++++++
 jobs/done/rescue-ceiling.log           |  7 +++
 jobs/poke.log                          |  3 ++
 research/factory/out/adversary.json    | 93 ++++++++++++++++++++++++++++++++++
 research/factory/out/agents-runs.jsonl |  2 +
 research/s8_loop/out/day_brake.json    |  2 +-
 7 files changed, 131 insertions(+), 1 deletion(-)
To github.com:n0tgod/algoth_v2.git
   f2864b1..12e28c8  main -> main
branch 'main' set up to track 'origin/main'.
опубликовано
конец: 2026-09-01T16:31:23Z, код 0
публикуется в ветку main:
 jobs/done/adversary-ceiling.log | 14 ++++++++++++++
 1 file changed, 14 insertions(+)
To github.com:n0tgod/algoth_v2.git
   12e28c8..97771ab  main -> main
branch 'main' set up to track 'origin/main'.
опубликовано
