== задание adversary-ceiling-2 ==
строка: agents-run adversary
начало: 2026-09-01T17:03:22Z
запускаю роль: adversary 
авторизация: вход CLI (подписка)
Что сломать не удалось — и это надо засчитать строителю.** Все десять объявленных контролей кусаются и роняют именно названную проверку. Знаменатель измеримости проверен заново, не по описанию: одна сделка при записи в 40 суток — `closed`, три сделки в те же трое суток, что у живой книги, при записи 90 — `closed`, артефакт прежнего образца — `undetermined`. Пять моих собственных подделок в том же месте (снять поле из `meta`, считать сутки часами, мерить запись после гейтов, вернуть счёт по суткам книги, обрезать знаменатель окном вылета) роняют проверки. На живом журнале листов `record_days` = 25 суток по всем 747 250 ногам до гейтов, без дыр — это длина записи, а не переименованный union. Ворота не режут годную заявку: порог 25 сделок за запись против 400–1183 у настоящих кандидатов на том же журнале.

**За что вето.** За вторую половину ворот, которую починка не трогала, а харнесс не исполняет вовсе: независимость судится по пулу живых книг, но **ни одна из 25 фикстур не даёт потолку больше одной живой книги**, тогда как в живом артефакте их пять, а предел пула — сто. Три естественные подделки ровно там проходят сюиту зелёной: брать первую измеренную связь вместо теснейшей, выбирать теснейшую по числу общих суток, читать только первую книгу пула. Цена показана числом: заявка `3·live_b + 5` (связь **+1.000** с живой книгой) сегодня закрывается, а под любой из подделок решает `live_a` со связью **+0.121** — объявляется точная копия уже живой книги, и испытание тратится навсегда. Тем же вето — строка «из них суток со сделками у заявки», добавленная этой же починкой: `pending_days = 0` проходит молча, а ноль в той таблице по её же правилу читается как «измерено».

Отдельно, без требования трогать пороги: заявка-смесь двух живых книг получает `pass` при связях +0.656 и +0.828, тогда как эффективное `N` пула падает 3.00 → 2.38 при четырёх номинальных испытаниях — обещание «мерить ту же величину, которой мерит пул» неверно по агрегированию (пул усредняет по всем парам, потолок берёт максимум по парам с заявкой), и на пуле из одной книги это расхождение невидимо по построению.

Граница моей проверки названа в отчёте честно: сегодняшний живой артефакт прежнего образца, потолок на нём отвечает `undetermined` — починенный конвейер живьём ещё не отрабатывал ни разу.
КОНТРАКТ: выполнен
прогон роли adversary завершён
публикуется в ветку main:
 jobs/done/adversary-ceiling-2.done     |   1 +
 jobs/done/adversary-ceiling-2.log      |  14 ++++
 jobs/done/rescue-ceiling-fix.log       |   7 ++
 jobs/poke.log                          |   3 +
 research/factory/out/adversary.json    | 146 +++++++++++++++------------------
 research/factory/out/agents-runs.jsonl |   2 +
 research/s8_loop/out/day_brake.json    |   2 +-
 7 files changed, 95 insertions(+), 80 deletions(-)
To github.com:n0tgod/algoth_v2.git
   8eb4519..06b3632  main -> main
branch 'main' set up to track 'origin/main'.
опубликовано
конец: 2026-09-01T17:17:29Z, код 0
публикуется в ветку main:
 jobs/done/adversary-ceiling-2.log | 14 ++++++++++++++
 1 file changed, 14 insertions(+)
To github.com:n0tgod/algoth_v2.git
   06b3632..eb57fd8  main -> main
branch 'main' set up to track 'origin/main'.
опубликовано
