== задание after-livewhy ==
строка: run tools/diag_cycle.py --cand
начало: 2026-09-02T10:17:07Z
запускаю: .venv/bin/python tools/diag_cycle.py --cand
=== процесс цикла ===
1091546 .venv/bin/python research/s8_loop/train.py

=== процесс сборщика ===
  1091148 .venv/bin/python research/b1_book/collect.py --http 8765
    поднят: Wed Sep  2 10:08:14 2026
  collect.py правлен 9.0 мин назад

=== манифест модели ===
возраст 18.7 ч
  trained_at: 2026-09-01T15:36:42+00:00
  train_seq: 518
  cycle_sec: 5683.0
  woke_after_hour_sec: 120.0
  steps_sec: {'сведение часа': 184.5, 'матрица': 45.7, 'книги': 24.3, 'оценка': 0.1, 'канарейка': 1217.4, 'обучение': 4210.9}
  canary_ic: 0.006

=== манифесты книг ===
  model: 18.67 ч
  model.rank-floor0: 497.14 ч
  model.rank-raw: 518.45 ч
  model_c_h4_r_f30_w5_gl_rrlo_se_b0_a0: 0.10 ч
  model_c_h4_z_f22_w10_gl_rr0_sv_b0_a1: 1.15 ч
  model_c_h4_z_f22_w10_gl_rr0_sv_b0_a1.dropped-20260902-095657: 0.34 ч
  model_c_h4_z_f30_w10_gl_rrhi_se_b0_a1: 1.15 ч
  model_c_h4_z_f30_w10_gl_rrhi_se_b0_a1.dropped-20260902-095657: 0.34 ч
  model_c_h4_z_f30_w5_gl_rrlo_se_b0_a0: 0.10 ч
  model_c_h4_z_f30_w5_gl_rrlo_sr_b0_a0: 0.10 ч
  model_c_h4_z_f30_w5_gs_rrhi_se_b0_a1: 1.15 ч
  model_c_h4_z_f30_w5_gs_rrhi_se_b0_a1.dropped-20260902-095657: 0.34 ч
  model_c_h4_z_f30_w5_gt_rrlo_se_b0_a0: 0.10 ч
  model_c_h4_z_f30_w5_gt_rrlo_se_b0_a0.overfilled-20260902T083940Z: 1.62 ч
  model_demo: 711.14 ч
  model_h1: 496.93 ч
  model_h1.rank-raw: 520.11 ч
  model_h24: 0.10 ч
  model_h24a: 0.10 ч
  model_h24b: 0.10 ч
  model_h24bf: 0.10 ч
  model_h24c: 0.10 ч
  model_h24z: 0.10 ч
  model_h24za: 0.10 ч
  model_pretest: 619.01 ч
  model_pretest.was-выключен__бета_не_оценима_: 699.18 ч
  model_probe: 712.78 ч
  model_sit: 0.10 ч
  model_sit.rules-v1: 616.51 ч
  model_sit.rules-v10: 477.91 ч
  model_sit.rules-v11: 477.10 ч
  model_sit.rules-v12: 458.65 ч
  model_sit.rules-v2: 616.22 ч
  model_sit.rules-v3: 614.10 ч
  model_sit.rules-v4: 613.01 ч
  model_sit.rules-v5: 612.18 ч
  model_sit.rules-v6: 599.92 ч
  model_sit.rules-v7: 599.18 ч
  model_sit.rules-v8: 496.14 ч
  model_sit.rules-v9: 481.12 ч
  model_sit_lo: 0.10 ч
  model_sit_obs: 0.10 ч
  model_sit_obs.rules-v10: 477.91 ч
  model_sit_obs.rules-v11: 477.10 ч
  model_sit_obs.rules-v12: 458.64 ч
  model_sit_obs.rules-v6: 599.92 ч
  model_sit_obs.rules-v7: 599.18 ч
  model_sit_obs.rules-v8: 496.13 ч
  model_sit_obs.rules-v9: 481.12 ч
  model_sit_r: 0.10 ч
  model_sit_r.rules-v12: 468.97 ч
  model_sit_r.rules-v12-1: 467.82 ч
  model_sit_r.rules-v12-2: 458.64 ч
  model_sit_r.rules-v13: 443.87 ч
  model_z: 520.11 ч

=== книги кандидатов ===
книг в составе: 4
  h4_r_f30_w5_gl_rrlo_se_b0_a0 [selected] слотов 10 пол 30.0 rr 0.0..1.5 на сторону 5 согласие False
    gbm: сделок 14, закрыто 4, открыто 10, вышли без разбора 0, ждут разбора 0, схлопнули 0, последний вход 21 мин назад
      мест занято сканером: имён 10, по сторонам {'short': 5, 'long': 5}
    nn: сделок 14, закрыто 4, открыто 10, вышли без разбора 0, ждут разбора 0, схлопнули 0, последний вход 33 мин назад
      мест занято сканером: имён 10, по сторонам {'short': 5, 'long': 5}
  h4_z_f30_w5_gl_rrlo_se_b0_a0 [selected] слотов 10 пол 30.0 rr 0.0..1.5 на сторону 5 согласие False
    gbm: сделок 14, закрыто 4, открыто 10, вышли без разбора 0, ждут разбора 0, схлопнули 0, последний вход 21 мин назад
      мест занято сканером: имён 10, по сторонам {'short': 5, 'long': 5}
    nn: сделок 14, закрыто 4, открыто 10, вышли без разбора 0, ждут разбора 0, схлопнули 0, последний вход 33 мин назад
      мест занято сканером: имён 10, по сторонам {'short': 5, 'long': 5}
  h4_z_f30_w5_gl_rrlo_sr_b0_a0 [selected] слотов 10 пол 30.0 rr 0.0..1.5 на сторону 5 согласие False
    gbm: сделок 14, закрыто 4, открыто 10, вышли без разбора 0, ждут разбора 0, схлопнули 0, последний вход 21 мин назад
      мест занято сканером: имён 10, по сторонам {'short': 5, 'long': 5}
    nn: сделок 14, закрыто 4, открыто 10, вышли без разбора 0, ждут разбора 0, схлопнули 0, последний вход 33 мин назад
      мест занято сканером: имён 10, по сторонам {'short': 5, 'long': 5}
  h4_z_f30_w5_gt_rrlo_se_b0_a0 [selected] слотов 10 пол 30.0 rr 0.0..1.5 на сторону 5 согласие False
    gbm: сделок 9, закрыто 0, открыто 9, вышли без разбора 0, ждут разбора 0, схлопнули 0, последний вход 4 мин назад
      мест занято сканером: имён 9, по сторонам {'short': 5, 'long': 4}
    nn: сделок 10, закрыто 0, открыто 10, вышли без разбора 0, ждут разбора 0, схлопнули 0, последний вход 95 мин назад
      мест занято сканером: имён 10, по сторонам {'long': 5, 'short': 5}

=== хвост train.log ===
возраст 5.7 мин, размер 7984480 Б
[09-02 09:07:54] следующая попытка через 54 мин (обучения не было)
[09-02 09:55:06] сводка: символов с записью 748, новых часов 0, 5 с
/root/algoth_v2/research/s8_loop/bookfeat.py:162: RuntimeWarning: All-NaN slice encountered
  v = fn(sl, axis=1)
/root/algoth_v2/research/s8_loop/bookfeat.py:162: RuntimeWarning: All-NaN slice encountered
  v = fn(sl, axis=1)
/root/algoth_v2/research/s8_loop/bookfeat.py:162: RuntimeWarning: All-NaN slice encountered
  v = fn(sl, axis=1)
[09-02 09:55:52] матрица: 748 символов × 809 часов, сечений с ≥30 именами: 720, признаков 50
[09-02 09:56:57] книга model_c_h4_z_f22_w10_gl_rr0_sv_b0_a1 вне состава — отставлена (6 файлов)
[09-02 09:56:57] книга model_c_h4_z_f30_w10_gl_rrhi_se_b0_a1 вне состава — отставлена (6 файлов)
[09-02 09:56:57] книга model_c_h4_z_f30_w5_gs_rrhi_se_b0_a1 вне состава — отставлена (6 файлов)
[09-02 09:56:57] кандидаты фабрики: книг 4 (живых 4), без живой книги 3
[09-02 09:56:57]   h4_z_f22_w10_gl_rr0_sv_b0_a1: живой книги нет — полоса control: живая книга заводится только прошедшим проверки и отбор (решение владельца); случайная рука остаётся в суточном реплее, где и живёт сравнение полос
[09-02 09:56:57]   h4_z_f30_w10_gl_rrhi_se_b0_a1: живой книги нет — полоса control: живая книга заводится только прошедшим проверки и отбор (решение владельца); случайная рука остаётся в суточном реплее, где и живёт сравнение полос
[09-02 09:56:57]   h4_z_f30_w5_gs_rrhi_se_b0_a1: живой книги нет — полоса control: живая книга заводится только прошедшим проверки и отбор (решение владельца); случайная рука остаётся в суточном реплее, где и живёт сравнение полос
[09-02 09:57:05] обучение пропущено по каденции: весам 18.3 ч при каденции 24; цикл 124 с (сведение часа 5 с, матрица 46 с, книги 73 с, оценка 0 с)
[09-02 09:57:05] следующая попытка через 4 мин (обучения не было)
[09-02 10:02:30]   сводка: 89/748 символов, новых часов 88
[09-02 10:03:00]   сводка: 176/748 символов, новых часов 175
[09-02 10:03:30]   сводка: 263/748 символов, новых часов 262
[09-02 10:04:00]   сводка: 357/748 символов, новых часов 355
[09-02 10:04:30]   сводка: 446/748 символов, новых часов 444
[09-02 10:05:00]   сводка: 534/748 символов, новых часов 532
[09-02 10:05:31]   сводка: 621/748 символов, новых часов 619
[09-02 10:06:01]   сводка: 714/748 символов, новых часов 710
[09-02 10:06:12] сводка: символов с записью 748, новых часов 744, 253 с
/root/algoth_v2/research/s8_loop/bookfeat.py:162: RuntimeWarning: All-NaN slice encountered
  v = fn(sl, axis=1)
/root/algoth_v2/research/s8_loop/bookfeat.py:162: RuntimeWarning: All-NaN slice encountered
  v = fn(sl, axis=1)
/root/algoth_v2/research/s8_loop/bookfeat.py:162: RuntimeWarning: All-NaN slice encountered
  v = fn(sl, axis=1)
[09-02 10:06:59] матрица: 748 символов × 810 часов, сечений с ≥30 именами: 721, признаков 50
[09-02 10:07:33] каталогов вне состава без записи: 3 — не трогаем
[09-02 10:07:33] кандидаты фабрики: книг 4 (живых 4), без живой книги 3
[09-02 10:07:33]   h4_z_f22_w10_gl_rr0_sv_b0_a1: живой книги нет — полоса control: живая книга заводится только прошедшим проверки и отбор (решение владельца); случайная рука остаётся в суточном реплее, где и живёт сравнение полос
[09-02 10:07:33]   h4_z_f30_w10_gl_rrhi_se_b0_a1: живой книги нет — полоса control: живая книга заводится только прошедшим проверки и отбор (решение владельца); случайная рука остаётся в суточном реплее, где и живёт сравнение полос
[09-02 10:07:33]   h4_z_f30_w5_gs_rrhi_se_b0_a1: живой книги нет — полоса control: живая книга заводится только прошедшим проверки и отбор (решение владельца); случайная рука остаётся в суточном реплее, где и живёт сравнение полос
[09-02 10:07:35] ситуационная [gbm]: закрыто 2 (CLOUSDT — прогноз развернулся; CYSUSDT — прогноз развернулся)
[09-02 10:07:37] ситуационная [nn]: закрыто 1 (KITEUSDT — прогноз развернулся)
[09-02 10:07:42] живой IC [gbm]: fwd_4h +0.0382 по 1 закрывшимся сечениям
[09-02 10:07:42] живой IC [nn]: fwd_4h +0.0594 по 1 закрывшимся сечениям
[09-02 10:07:42] обучение пропущено по каденции: весам 18.5 ч при каденции 24; цикл 342 с (сведение часа 253 с, матрица 46 с, книги 43 с, оценка 0 с)
[09-02 10:07:42] следующая попытка через 54 мин (обучения не было)
[09-02 10:10:06] сводка: символов с записью 748, новых часов 0, 5 с
/root/algoth_v2/research/s8_loop/bookfeat.py:162: RuntimeWarning: All-NaN slice encountered
  v = fn(sl, axis=1)
/root/algoth_v2/research/s8_loop/bookfeat.py:162: RuntimeWarning: All-NaN slice encountered
  v = fn(sl, axis=1)
/root/algoth_v2/research/s8_loop/bookfeat.py:162: RuntimeWarning: All-NaN slice encountered
  v = fn(sl, axis=1)
[09-02 10:10:51] матрица: 748 символов × 810 часов, сечений с ≥30 именами: 721, признаков 50
[09-02 10:11:17] каталогов вне состава без записи: 3 — не трогаем
[09-02 10:11:17] кандидаты фабрики: книг 4 (живых 4), без живой книги 3
[09-02 10:11:17]   h4_z_f22_w10_gl_rr0_sv_b0_a1: живой книги нет — полоса control: живая книга заводится только прошедшим проверки и отбор (решение владельца); случайная рука остаётся в суточном реплее, где и живёт сравнение полос
[09-02 10:11:17]   h4_z_f30_w10_gl_rrhi_se_b0_a1: живой книги нет — полоса control: живая книга заводится только прошедшим проверки и отбор (решение владельца); случайная рука остаётся в суточном реплее, где и живёт сравнение полос
[09-02 10:11:17]   h4_z_f30_w5_gs_rrhi_se_b0_a1: живой книги нет — полоса control: живая книга заводится только прошедшим проверки и отбор (решение владельца); случайная рука остаётся в суточном реплее, где и живёт сравнение полос
[09-02 10:11:25] обучение пропущено по каденции: весам 18.6 ч при каденции 24; цикл 84 с (сведение часа 5 с, матрица 45 с, книги 34 с, оценка 0 с)
[09-02 10:11:25] следующая попытка через 50 мин (обучения не было)
конец: 2026-09-02T10:17:07Z, код 0
