== задание after-lane3 ==
строка: run tools/diag_cycle.py --cand
начало: 2026-09-02T10:04:05Z
запускаю: .venv/bin/python tools/diag_cycle.py --cand
=== процесс цикла ===
1089740 .venv/bin/python research/s8_loop/train.py

=== процесс сборщика ===
  1088593 .venv/bin/python research/b1_book/collect.py --http 8765
    поднят: Wed Sep  2 09:50:08 2026
  collect.py правлен 14.1 мин назад

=== манифест модели ===
возраст 18.5 ч
  trained_at: 2026-09-01T15:36:42+00:00
  train_seq: 518
  cycle_sec: 5683.0
  woke_after_hour_sec: 120.0
  steps_sec: {'сведение часа': 184.5, 'матрица': 45.7, 'книги': 24.3, 'оценка': 0.1, 'канарейка': 1217.4, 'обучение': 4210.9}
  canary_ic: 0.006

=== манифесты книг ===
  model: 18.46 ч
  model.rank-floor0: 496.92 ч
  model.rank-raw: 518.23 ч
  model_c_h4_r_f30_w5_gl_rrlo_se_b0_a0: 0.12 ч
  model_c_h4_z_f22_w10_gl_rr0_sv_b0_a1: 0.94 ч
  model_c_h4_z_f22_w10_gl_rr0_sv_b0_a1.dropped-20260902-095657: 0.12 ч
  model_c_h4_z_f30_w10_gl_rrhi_se_b0_a1: 0.94 ч
  model_c_h4_z_f30_w10_gl_rrhi_se_b0_a1.dropped-20260902-095657: 0.12 ч
  model_c_h4_z_f30_w5_gl_rrlo_se_b0_a0: 0.12 ч
  model_c_h4_z_f30_w5_gl_rrlo_sr_b0_a0: 0.12 ч
  model_c_h4_z_f30_w5_gs_rrhi_se_b0_a1: 0.94 ч
  model_c_h4_z_f30_w5_gs_rrhi_se_b0_a1.dropped-20260902-095657: 0.12 ч
  model_c_h4_z_f30_w5_gt_rrlo_se_b0_a0: 0.12 ч
  model_c_h4_z_f30_w5_gt_rrlo_se_b0_a0.overfilled-20260902T083940Z: 1.41 ч
  model_demo: 710.93 ч
  model_h1: 496.71 ч
  model_h1.rank-raw: 519.89 ч
  model_h24: 0.13 ч
  model_h24a: 0.12 ч
  model_h24b: 0.13 ч
  model_h24bf: 0.13 ч
  model_h24c: 0.12 ч
  model_h24z: 0.13 ч
  model_h24za: 0.12 ч
  model_pretest: 618.79 ч
  model_pretest.was-выключен__бета_не_оценима_: 698.96 ч
  model_probe: 712.56 ч
  model_sit: 0.12 ч
  model_sit.rules-v1: 616.29 ч
  model_sit.rules-v10: 477.70 ч
  model_sit.rules-v11: 476.88 ч
  model_sit.rules-v12: 458.43 ч
  model_sit.rules-v2: 616.00 ч
  model_sit.rules-v3: 613.88 ч
  model_sit.rules-v4: 612.79 ч
  model_sit.rules-v5: 611.96 ч
  model_sit.rules-v6: 599.71 ч
  model_sit.rules-v7: 598.97 ч
  model_sit.rules-v8: 495.92 ч
  model_sit.rules-v9: 480.91 ч
  model_sit_lo: 0.12 ч
  model_sit_obs: 0.12 ч
  model_sit_obs.rules-v10: 477.69 ч
  model_sit_obs.rules-v11: 476.88 ч
  model_sit_obs.rules-v12: 458.43 ч
  model_sit_obs.rules-v6: 599.71 ч
  model_sit_obs.rules-v7: 598.97 ч
  model_sit_obs.rules-v8: 495.91 ч
  model_sit_obs.rules-v9: 480.91 ч
  model_sit_r: 0.12 ч
  model_sit_r.rules-v12: 468.76 ч
  model_sit_r.rules-v12-1: 467.61 ч
  model_sit_r.rules-v12-2: 458.43 ч
  model_sit_r.rules-v13: 443.66 ч
  model_z: 519.89 ч

=== книги кандидатов ===
книг в составе: 4
  h4_r_f30_w5_gl_rrlo_se_b0_a0 [selected] слотов 10 пол 30.0 rr 0.0..1.5 на сторону 5 согласие False
    gbm: сделок 14, закрыто 4, открыто 10, вышли без разбора 0, ждут разбора 0, схлопнули 0, последний вход 8 мин назад
      мест занято сканером: имён 10, по сторонам {'short': 5, 'long': 5}
    nn: сделок 14, закрыто 4, открыто 10, вышли без разбора 0, ждут разбора 0, схлопнули 0, последний вход 19 мин назад
      мест занято сканером: имён 10, по сторонам {'short': 5, 'long': 5}
  h4_z_f30_w5_gl_rrlo_se_b0_a0 [selected] слотов 10 пол 30.0 rr 0.0..1.5 на сторону 5 согласие False
    gbm: сделок 14, закрыто 4, открыто 10, вышли без разбора 0, ждут разбора 0, схлопнули 0, последний вход 8 мин назад
      мест занято сканером: имён 10, по сторонам {'short': 5, 'long': 5}
    nn: сделок 14, закрыто 4, открыто 10, вышли без разбора 0, ждут разбора 0, схлопнули 0, последний вход 19 мин назад
      мест занято сканером: имён 10, по сторонам {'short': 5, 'long': 5}
  h4_z_f30_w5_gl_rrlo_sr_b0_a0 [selected] слотов 10 пол 30.0 rr 0.0..1.5 на сторону 5 согласие False
    gbm: сделок 14, закрыто 4, открыто 10, вышли без разбора 0, ждут разбора 0, схлопнули 0, последний вход 8 мин назад
      мест занято сканером: имён 10, по сторонам {'short': 5, 'long': 5}
    nn: сделок 14, закрыто 4, открыто 10, вышли без разбора 0, ждут разбора 0, схлопнули 0, последний вход 19 мин назад
      мест занято сканером: имён 10, по сторонам {'short': 5, 'long': 5}
  h4_z_f30_w5_gt_rrlo_se_b0_a0 [selected] слотов 10 пол 30.0 rr 0.0..1.5 на сторону 5 согласие False
    gbm: сделок 8, закрыто 0, открыто 8, вышли без разбора 0, ждут разбора 0, схлопнули 0, последний вход 8 мин назад
      мест занято сканером: имён 8, по сторонам {'short': 5, 'long': 3}
    nn: сделок 10, закрыто 0, открыто 10, вышли без разбора 0, ждут разбора 0, схлопнули 0, последний вход 82 мин назад
      мест занято сканером: имён 10, по сторонам {'long': 5, 'short': 5}

=== хвост train.log ===
возраст 0.1 мин, размер 7979135 Б
/root/algoth_v2/research/s8_loop/bookfeat.py:162: RuntimeWarning: All-NaN slice encountered
  v = fn(sl, axis=1)
[09-02 08:35:53] матрица: 745 символов × 808 часов, сечений с ≥30 именами: 719, признаков 50
[09-02 08:36:42] кандидаты фабрики: книг 7 (живых 7), без живой книги 0
[09-02 08:36:52] обучение пропущено по каденции: весам 17.0 ч при каденции 24; цикл 110 с (сведение часа 5 с, матрица 47 с, книги 58 с, оценка 0 с)
[09-02 08:36:52] следующая попытка через 25 мин (обучения не было)
[09-02 09:02:30]   сводка: 84/748 символов, новых часов 83
[09-02 09:03:00]   сводка: 166/748 символов, новых часов 165
[09-02 09:03:30]   сводка: 248/748 символов, новых часов 247
[09-02 09:04:00]   сводка: 335/748 символов, новых часов 333
[09-02 09:04:30]   сводка: 417/748 символов, новых часов 415
[09-02 09:05:00]   сводка: 503/748 символов, новых часов 501
[09-02 09:05:31]   сводка: 586/748 символов, новых часов 584
[09-02 09:06:01]   сводка: 673/748 символов, новых часов 671
[09-02 09:06:25] сводка: символов с записью 748, новых часов 744, 266 с
/root/algoth_v2/research/s8_loop/bookfeat.py:162: RuntimeWarning: All-NaN slice encountered
  v = fn(sl, axis=1)
/root/algoth_v2/research/s8_loop/bookfeat.py:162: RuntimeWarning: All-NaN slice encountered
  v = fn(sl, axis=1)
/root/algoth_v2/research/s8_loop/bookfeat.py:162: RuntimeWarning: All-NaN slice encountered
  v = fn(sl, axis=1)
[09-02 09:07:11] матрица: 748 символов × 809 часов, сечений с ≥30 именами: 720, признаков 50
[09-02 09:07:44] кандидаты фабрики: книг 7 (живых 7), без живой книги 0
[09-02 09:07:44] ситуационная [gbm]: закрыто 1 (ETHFIUSDT — прогноз развернулся)
[09-02 09:07:45] ситуационная [nn]: закрыто 1 (SUSHIUSDT — прогноз развернулся)
[09-02 09:07:45] ситуационная [nn]: закрыто 1 (ARBUSDT — прогноз развернулся)
[09-02 09:07:46] ситуационная [gbm]: закрыто 1 (ONGUSDT — прогноз развернулся)
[09-02 09:07:46] ситуационная [gbm]: закрыто 1 (SUSHIUSDT — прогноз развернулся)
[09-02 09:07:46] ситуационная [gbm]: закрыто 1 (BABAUSDT — прогноз развернулся)
[09-02 09:07:48] ситуационная [nn]: закрыто 1 (TEMUSDT — прогноз развернулся)
[09-02 09:07:48] ситуационная [nn]: закрыто 1 (REZUSDT — прогноз развернулся)
[09-02 09:07:48] ситуационная [nn]: закрыто 1 (CASHCATUSDT — прогноз развернулся)
[09-02 09:07:48] ситуационная [nn]: закрыто 1 (CELOUSDT — прогноз развернулся)
[09-02 09:07:48] ситуационная [nn]: закрыто 1 (HEMIUSDT — прогноз развернулся)
[09-02 09:07:50] ситуационная [nn]: закрыто 1 (CASHCATUSDT — прогноз развернулся)
[09-02 09:07:54] живой IC [gbm]: fwd_4h +0.0571 по 1 закрывшимся сечениям
[09-02 09:07:54] живой IC [nn]: fwd_4h +0.0801 по 1 закрывшимся сечениям
[09-02 09:07:54] обучение пропущено по каденции: весам 17.5 ч при каденции 24; цикл 355 с (сведение часа 266 с, матрица 46 с, книги 43 с, оценка 0 с)
[09-02 09:07:54] следующая попытка через 54 мин (обучения не было)
[09-02 09:55:06] сводка: символов с записью 748, новых часов 0, 5 с
/root/algoth_v2/research/s8_loop/bookfeat.py:162: RuntimeWarning: All-NaN slice encountered
  v = fn(sl, axis=1)
/root/algoth_v2/research/s8_loop/bookfeat.py:162: RuntimeWarning: All-NaN slice encountered
  v = fn(sl, axis=1)
/root/algoth_v2/research/s8_loop/bookfeat.py:162: RuntimeWarning: All-NaN slice encountered
  v = fn(sl, axis=1)
[09-02 09:55:52] матрица: 748 символов × 809 часов, сечений с ≥30 именами: 720, признаков 50
[09-02 09:56:57] книга model_c_h4_z_f22_w10_gl_rr0_sv_b0_a1 вне состава — отставлена (6 файлов)
[09-02 09:56:57] книга model_c_h4_z_f30_w10_gl_rrhi_se_b0_a1 вне состава — отставлена (6 файлов)
[09-02 09:56:57] книга model_c_h4_z_f30_w5_gs_rrhi_se_b0_a1 вне состава — отставлена (6 файлов)
[09-02 09:56:57] кандидаты фабрики: книг 4 (живых 4), без живой книги 3
[09-02 09:56:57]   h4_z_f22_w10_gl_rr0_sv_b0_a1: живой книги нет — полоса control: живая книга заводится только прошедшим проверки и отбор (решение владельца); случайная рука остаётся в суточном реплее, где и живёт сравнение полос
[09-02 09:56:57]   h4_z_f30_w10_gl_rrhi_se_b0_a1: живой книги нет — полоса control: живая книга заводится только прошедшим проверки и отбор (решение владельца); случайная рука остаётся в суточном реплее, где и живёт сравнение полос
[09-02 09:56:57]   h4_z_f30_w5_gs_rrhi_se_b0_a1: живой книги нет — полоса control: живая книга заводится только прошедшим проверки и отбор (решение владельца); случайная рука остаётся в суточном реплее, где и живёт сравнение полос
[09-02 09:57:05] обучение пропущено по каденции: весам 18.3 ч при каденции 24; цикл 124 с (сведение часа 5 с, матрица 46 с, книги 73 с, оценка 0 с)
[09-02 09:57:05] следующая попытка через 4 мин (обучения не было)
[09-02 10:02:30]   сводка: 89/748 символов, новых часов 88
[09-02 10:03:00]   сводка: 176/748 символов, новых часов 175
[09-02 10:03:30]   сводка: 263/748 символов, новых часов 262
[09-02 10:04:00]   сводка: 357/748 символов, новых часов 355
конец: 2026-09-02T10:04:05Z, код 0
