== задание after-retire ==
строка: run tools/diag_cycle.py --cand --tail=2
начало: 2026-09-02T08:40:33Z
запускаю: .venv/bin/python tools/diag_cycle.py --cand --tail=2
=== процесс цикла ===
1083876 .venv/bin/python research/s8_loop/train.py

=== процесс сборщика ===
  1083186 .venv/bin/python research/b1_book/collect.py --http 8765
    поднят: Wed Sep  2 08:31:26 2026
  collect.py правлен 9.3 мин назад

=== манифест модели ===
возраст 17.1 ч
  trained_at: 2026-09-01T15:36:42+00:00
  train_seq: 518
  cycle_sec: 5683.0
  woke_after_hour_sec: 120.0
  steps_sec: {'сведение часа': 184.5, 'матрица': 45.7, 'книги': 24.3, 'оценка': 0.1, 'канарейка': 1217.4, 'обучение': 4210.9}
  canary_ic: 0.006

=== манифесты книг ===
  model: 17.06 ч
  model.rank-floor0: 495.53 ч
  model.rank-raw: 516.84 ч
  model_c_h4_r_f30_w5_gl_rrlo_se_b0_a0: 0.06 ч
  model_c_h4_z_f22_w10_gl_rr0_sv_b0_a1: 0.06 ч
  model_c_h4_z_f30_w10_gl_rrhi_se_b0_a1: 0.06 ч
  model_c_h4_z_f30_w5_gl_rrlo_se_b0_a0: 0.06 ч
  model_c_h4_z_f30_w5_gl_rrlo_sr_b0_a0: 0.06 ч
  model_c_h4_z_f30_w5_gs_rrhi_se_b0_a1: 0.06 ч
  model_c_h4_z_f30_w5_gt_rrlo_se_b0_a0: 0.06 ч
  model_c_h4_z_f30_w5_gt_rrlo_se_b0_a0.overfilled-20260902T083940Z: 0.01 ч
  model_demo: 709.53 ч
  model_h1: 495.32 ч
  model_h1.rank-raw: 518.50 ч
  model_h24: 0.07 ч
  model_h24a: 0.06 ч
  model_h24b: 0.07 ч
  model_h24bf: 0.07 ч
  model_h24c: 0.07 ч
  model_h24z: 0.07 ч
  model_h24za: 0.06 ч
  model_pretest: 617.40 ч
  model_pretest.was-выключен__бета_не_оценима_: 697.57 ч
  model_probe: 711.17 ч
  model_sit: 0.06 ч
  model_sit.rules-v1: 614.90 ч
  model_sit.rules-v10: 476.30 ч
  model_sit.rules-v11: 475.49 ч
  model_sit.rules-v12: 457.04 ч
  model_sit.rules-v2: 614.61 ч
  model_sit.rules-v3: 612.49 ч
  model_sit.rules-v4: 611.40 ч
  model_sit.rules-v5: 610.57 ч
  model_sit.rules-v6: 598.31 ч
  model_sit.rules-v7: 597.57 ч
  model_sit.rules-v8: 494.53 ч
  model_sit.rules-v9: 479.52 ч
  model_sit_lo: 0.06 ч
  model_sit_obs: 0.06 ч
  model_sit_obs.rules-v10: 476.30 ч
  model_sit_obs.rules-v11: 475.49 ч
  model_sit_obs.rules-v12: 457.04 ч
  model_sit_obs.rules-v6: 598.31 ч
  model_sit_obs.rules-v7: 597.57 ч
  model_sit_obs.rules-v8: 494.52 ч
  model_sit_obs.rules-v9: 479.52 ч
  model_sit_r: 0.06 ч
  model_sit_r.rules-v12: 467.37 ч
  model_sit_r.rules-v12-1: 466.21 ч
  model_sit_r.rules-v12-2: 457.04 ч
  model_sit_r.rules-v13: 442.26 ч
  model_z: 518.50 ч

=== книги кандидатов ===
книг в составе: 7
  h4_r_f30_w5_gl_rrlo_se_b0_a0 [selected] слотов 10 пол 30.0 rr 0.0..1.5 на сторону 5 согласие False
    gbm: сделок 12, закрыто 2, открыто 10, вышли без разбора 0, ждут разбора 0, схлопнули 0, последний вход 12 мин назад
      мест занято сканером: имён 10, по сторонам {'short': 5, 'long': 5}
    nn: сделок 13, закрыто 3, открыто 10, вышли без разбора 0, ждут разбора 0, схлопнули 0, последний вход 22 мин назад
      мест занято сканером: имён 10, по сторонам {'short': 5, 'long': 5}
  h4_z_f22_w10_gl_rr0_sv_b0_a1 [control] слотов 20 пол 22.0 rr 0.0..None на сторону 10 согласие True
    gbm: сделок 13, закрыто 2, открыто 11, вышли без разбора 0, ждут разбора 0, схлопнули 0, последний вход 12 мин назад
      мест занято сканером: имён 11, по сторонам {'short': 10, 'long': 1}
    nn: сделок 25, закрыто 5, открыто 20, вышли без разбора 0, ждут разбора 0, схлопнули 0, последний вход 12 мин назад
      мест занято сканером: имён 20, по сторонам {'short': 10, 'long': 10}
  h4_z_f30_w10_gl_rrhi_se_b0_a1 [control] слотов 20 пол 30.0 rr 2.0..None на сторону 10 согласие True
    gbm: сделок 3, закрыто 0, открыто 3, вышли без разбора 0, ждут разбора 0, схлопнули 0, последний вход 16 мин назад
      мест занято сканером: имён 3, по сторонам {'short': 3}
    nn: сделок 17, закрыто 3, открыто 14, вышли без разбора 0, ждут разбора 0, схлопнули 0, последний вход 2 мин назад
      мест занято сканером: имён 14, по сторонам {'long': 9, 'short': 5}
  h4_z_f30_w5_gl_rrlo_se_b0_a0 [selected] слотов 10 пол 30.0 rr 0.0..1.5 на сторону 5 согласие False
    gbm: сделок 12, закрыто 2, открыто 10, вышли без разбора 0, ждут разбора 0, схлопнули 0, последний вход 12 мин назад
      мест занято сканером: имён 10, по сторонам {'short': 5, 'long': 5}
    nn: сделок 13, закрыто 3, открыто 10, вышли без разбора 0, ждут разбора 0, схлопнули 0, последний вход 22 мин назад
      мест занято сканером: имён 10, по сторонам {'short': 5, 'long': 5}
  h4_z_f30_w5_gl_rrlo_sr_b0_a0 [selected] слотов 10 пол 30.0 rr 0.0..1.5 на сторону 5 согласие False
    gbm: сделок 12, закрыто 2, открыто 10, вышли без разбора 0, ждут разбора 0, схлопнули 0, последний вход 12 мин назад
      мест занято сканером: имён 10, по сторонам {'short': 5, 'long': 5}
    nn: сделок 13, закрыто 3, открыто 10, вышли без разбора 0, ждут разбора 0, схлопнули 0, последний вход 22 мин назад
      мест занято сканером: имён 10, по сторонам {'short': 5, 'long': 5}
  h4_z_f30_w5_gs_rrhi_se_b0_a1 [control] слотов 10 пол 30.0 rr 2.0..None на сторону 5 согласие True
    gbm: сделок 3, закрыто 0, открыто 3, вышли без разбора 0, ждут разбора 0, схлопнули 0, последний вход 16 мин назад
      мест занято сканером: имён 3, по сторонам {'short': 3}
    nn: сделок 12, закрыто 2, открыто 10, вышли без разбора 0, ждут разбора 0, схлопнули 0, последний вход 10 мин назад
      мест занято сканером: имён 10, по сторонам {'long': 5, 'short': 5}
  h4_z_f30_w5_gt_rrlo_se_b0_a0 [selected] слотов 10 пол 30.0 rr 0.0..1.5 на сторону 5 согласие False
    gbm: сделок 1, закрыто 0, открыто 1, вышли без разбора 0, ждут разбора 0, схлопнули 0, последний вход 1 мин назад
      мест занято сканером: имён 1, по сторонам {'short': 1}
    nn: сделок 8, закрыто 0, открыто 8, вышли без разбора 0, ждут разбора 0, схлопнули 0, последний вход 1 мин назад
      мест занято сканером: имён 8, по сторонам {'long': 3, 'short': 5}

=== хвост train.log ===
возраст 3.7 мин, размер 7972924 Б
[09-02 08:36:52] обучение пропущено по каденции: весам 17.0 ч при каденции 24; цикл 110 с (сведение часа 5 с, матрица 47 с, книги 58 с, оценка 0 с)
[09-02 08:36:52] следующая попытка через 25 мин (обучения не было)
конец: 2026-09-02T08:40:33Z, код 0
публикуется в ветку main:
 jobs/done/after-retire.done   |   1 +
 jobs/done/after-retire.log    | 118 ++++++++++++++++++++++++++++++++++++++++++
 jobs/done/retire-overfill.log |  10 ++++
 jobs/poke.log                 |   3 ++
 4 files changed, 132 insertions(+)
To github.com:n0tgod/algoth_v2.git
   0ed7c96..4220f96  main -> main
branch 'main' set up to track 'origin/main'.
опубликовано
