== задание after-lane ==
строка: run tools/diag_cycle.py --cand
начало: 2026-09-02T09:51:08Z
запускаю: .venv/bin/python tools/diag_cycle.py --cand
=== процесс цикла ===
НЕ НАЙДЕН — цикл не работает

=== процесс сборщика ===
  1088593 .venv/bin/python research/b1_book/collect.py --http 8765
    поднят: Wed Sep  2 09:50:08 2026
  collect.py правлен 1.1 мин назад

=== манифест модели ===
возраст 18.2 ч
  trained_at: 2026-09-01T15:36:42+00:00
  train_seq: 518
  cycle_sec: 5683.0
  woke_after_hour_sec: 120.0
  steps_sec: {'сведение часа': 184.5, 'матрица': 45.7, 'книги': 24.3, 'оценка': 0.1, 'канарейка': 1217.4, 'обучение': 4210.9}
  canary_ic: 0.006

=== манифесты книг ===
  model: 18.24 ч
  model.rank-floor0: 496.71 ч
  model.rank-raw: 518.01 ч
  model_c_h4_r_f30_w5_gl_rrlo_se_b0_a0: 0.72 ч
  model_c_h4_z_f22_w10_gl_rr0_sv_b0_a1: 0.72 ч
  model_c_h4_z_f30_w10_gl_rrhi_se_b0_a1: 0.72 ч
  model_c_h4_z_f30_w5_gl_rrlo_se_b0_a0: 0.72 ч
  model_c_h4_z_f30_w5_gl_rrlo_sr_b0_a0: 0.72 ч
  model_c_h4_z_f30_w5_gs_rrhi_se_b0_a1: 0.72 ч
  model_c_h4_z_f30_w5_gt_rrlo_se_b0_a0: 0.72 ч
  model_c_h4_z_f30_w5_gt_rrlo_se_b0_a0.overfilled-20260902T083940Z: 1.19 ч
  model_demo: 710.71 ч
  model_h1: 496.50 ч
  model_h1.rank-raw: 519.68 ч
  model_h24: 0.73 ч
  model_h24a: 0.72 ч
  model_h24b: 0.73 ч
  model_h24bf: 0.73 ч
  model_h24c: 0.72 ч
  model_h24z: 0.73 ч
  model_h24za: 0.72 ч
  model_pretest: 618.57 ч
  model_pretest.was-выключен__бета_не_оценима_: 698.75 ч
  model_probe: 712.34 ч
  model_sit: 0.72 ч
  model_sit.rules-v1: 616.08 ч
  model_sit.rules-v10: 477.48 ч
  model_sit.rules-v11: 476.66 ч
  model_sit.rules-v12: 458.21 ч
  model_sit.rules-v2: 615.79 ч
  model_sit.rules-v3: 613.66 ч
  model_sit.rules-v4: 612.58 ч
  model_sit.rules-v5: 611.75 ч
  model_sit.rules-v6: 599.49 ч
  model_sit.rules-v7: 598.75 ч
  model_sit.rules-v8: 495.70 ч
  model_sit.rules-v9: 480.69 ч
  model_sit_lo: 0.72 ч
  model_sit_obs: 0.72 ч
  model_sit_obs.rules-v10: 477.48 ч
  model_sit_obs.rules-v11: 476.66 ч
  model_sit_obs.rules-v12: 458.21 ч
  model_sit_obs.rules-v6: 599.49 ч
  model_sit_obs.rules-v7: 598.75 ч
  model_sit_obs.rules-v8: 495.70 ч
  model_sit_obs.rules-v9: 480.69 ч
  model_sit_r: 0.72 ч
  model_sit_r.rules-v12: 468.54 ч
  model_sit_r.rules-v12-1: 467.39 ч
  model_sit_r.rules-v12-2: 458.21 ч
  model_sit_r.rules-v13: 443.44 ч
  model_z: 519.67 ч

=== книги кандидатов ===
книг в составе: 7
  h4_r_f30_w5_gl_rrlo_se_b0_a0 [selected] слотов 10 пол 30.0 rr 0.0..1.5 на сторону 5 согласие False
    gbm: сделок 13, закрыто 4, открыто 9, вышли без разбора 0, ждут разбора 0, схлопнули 0, последний вход 52 мин назад
      мест занято сканером: имён 9, по сторонам {'short': 5, 'long': 4}
    nn: сделок 14, закрыто 4, открыто 10, вышли без разбора 0, ждут разбора 0, схлопнули 0, последний вход 7 мин назад
      мест занято сканером: имён 10, по сторонам {'short': 5, 'long': 5}
  h4_z_f22_w10_gl_rr0_sv_b0_a1 [control] слотов 20 пол 22.0 rr 0.0..None на сторону 10 согласие True
    gbm: сделок 17, закрыто 6, открыто 11, вышли без разбора 0, ждут разбора 0, схлопнули 0, последний вход 9 мин назад
      мест занято сканером: имён 11, по сторонам {'short': 10, 'long': 1}
    nn: сделок 28, закрыто 8, открыто 20, вышли без разбора 0, ждут разбора 0, схлопнули 0, последний вход 7 мин назад
      мест занято сканером: имён 20, по сторонам {'short': 10, 'long': 10}
  h4_z_f30_w10_gl_rrhi_se_b0_a1 [control] слотов 20 пол 30.0 rr 2.0..None на сторону 10 согласие True
    gbm: сделок 5, закрыто 1, открыто 4, вышли без разбора 0, ждут разбора 0, схлопнули 0, последний вход 38 мин назад
      мест занято сканером: имён 4, по сторонам {'short': 4}
    nn: сделок 27, закрыто 11, открыто 16, вышли без разбора 0, ждут разбора 0, схлопнули 0, последний вход 5 мин назад
      мест занято сканером: имён 16, по сторонам {'long': 10, 'short': 6}
  h4_z_f30_w5_gl_rrlo_se_b0_a0 [selected] слотов 10 пол 30.0 rr 0.0..1.5 на сторону 5 согласие False
    gbm: сделок 13, закрыто 4, открыто 9, вышли без разбора 0, ждут разбора 0, схлопнули 0, последний вход 52 мин назад
      мест занято сканером: имён 9, по сторонам {'short': 5, 'long': 4}
    nn: сделок 14, закрыто 4, открыто 10, вышли без разбора 0, ждут разбора 0, схлопнули 0, последний вход 7 мин назад
      мест занято сканером: имён 10, по сторонам {'short': 5, 'long': 5}
  h4_z_f30_w5_gl_rrlo_sr_b0_a0 [selected] слотов 10 пол 30.0 rr 0.0..1.5 на сторону 5 согласие False
    gbm: сделок 13, закрыто 4, открыто 9, вышли без разбора 0, ждут разбора 0, схлопнули 0, последний вход 52 мин назад
      мест занято сканером: имён 9, по сторонам {'short': 5, 'long': 4}
    nn: сделок 14, закрыто 4, открыто 10, вышли без разбора 0, ждут разбора 0, схлопнули 0, последний вход 7 мин назад
      мест занято сканером: имён 10, по сторонам {'short': 5, 'long': 5}
  h4_z_f30_w5_gs_rrhi_se_b0_a1 [control] слотов 10 пол 30.0 rr 2.0..None на сторону 5 согласие True
    gbm: сделок 5, закрыто 1, открыто 4, вышли без разбора 0, ждут разбора 0, схлопнули 0, последний вход 38 мин назад
      мест занято сканером: имён 4, по сторонам {'short': 4}
    nn: сделок 17, закрыто 7, открыто 10, вышли без разбора 0, ждут разбора 0, схлопнули 0, последний вход 5 мин назад
      мест занято сканером: имён 10, по сторонам {'long': 5, 'short': 5}
  h4_z_f30_w5_gt_rrlo_se_b0_a0 [selected] слотов 10 пол 30.0 rr 0.0..1.5 на сторону 5 согласие False
    gbm: сделок 7, закрыто 0, открыто 7, вышли без разбора 0, ждут разбора 0, схлопнули 0, последний вход 26 мин назад
      мест занято сканером: имён 7, по сторонам {'short': 5, 'long': 2}
    nn: сделок 10, закрыто 0, открыто 10, вышли без разбора 0, ждут разбора 0, схлопнули 0, последний вход 69 мин назад
      мест занято сканером: имён 10, по сторонам {'long': 5, 'short': 5}

=== хвост train.log ===
возраст 43.2 мин, размер 7976258 Б
[09-02 08:10:55] матрица: 745 символов × 808 часов, сечений с ≥30 именами: 719, признаков 50
[09-02 08:11:19] кандидаты фабрики: книг 6 (живых 6), без живой книги 1
[09-02 08:11:19]   h4_z_f30_w5_gt_rrlo_se_b0_a0: живой книги нет — выход по времени: живой книге со сроком нужны РАЗНЫЕ цель отбора и горизонт удержания (отбор по 4 ч, удержание 24 ч), а цикл сегодня их не разделяет
[09-02 08:11:29] обучение пропущено по каденции: весам 16.6 ч при каденции 24; цикл 88 с (сведение часа 8 с, матрица 46 с, книги 33 с, оценка 0 с)
[09-02 08:11:29] следующая попытка через 50 мин (обучения не было)
[09-02 08:25:11] сводка: символов с записью 745, новых часов 0, 10 с
/root/algoth_v2/research/s8_loop/bookfeat.py:162: RuntimeWarning: All-NaN slice encountered
  v = fn(sl, axis=1)
/root/algoth_v2/research/s8_loop/bookfeat.py:162: RuntimeWarning: All-NaN slice encountered
  v = fn(sl, axis=1)
/root/algoth_v2/research/s8_loop/bookfeat.py:162: RuntimeWarning: All-NaN slice encountered
  v = fn(sl, axis=1)
[09-02 08:25:57] матрица: 745 символов × 808 часов, сечений с ≥30 именами: 719, признаков 50
[09-02 08:26:35] кандидаты фабрики: книг 7 (живых 7), без живой книги 0
[09-02 08:26:44] обучение пропущено по каденции: весам 16.8 ч при каденции 24; цикл 103 с (сведение часа 10 с, матрица 46 с, книги 47 с, оценка 0 с)
[09-02 08:26:44] следующая попытка через 35 мин (обучения не было)
[09-02 08:35:06] сводка: символов с записью 745, новых часов 0, 5 с
/root/algoth_v2/research/s8_loop/bookfeat.py:162: RuntimeWarning: All-NaN slice encountered
  v = fn(sl, axis=1)
/root/algoth_v2/research/s8_loop/bookfeat.py:162: RuntimeWarning: All-NaN slice encountered
  v = fn(sl, axis=1)
/root/algoth_v2/research/s8_loop/bookfeat.py:162: RuntimeWarning: All-NaN slice encountered
  v = fn(sl, axis=1)
[09-02 08:35:53] матрица: 745 символов × 808 часов, сечений с ≥30 именами: 719, признаков 50
[09-02 08:36:42] кандидаты фабрики: книг 7 (живых 7), без живой книги 0
[09-02 08:36:52] обучение пропущено по каденции: весам 17.0 ч при каденции 24; цикл 110 с (сведение часа 5 с, матрица 47 с, книги 58 с, оценка 0 с)
[09-02 08:36:52] следующая попытка через 25 мин (обучения не было)
[09-02 09:02:30]   сводка: 84/748 символов, новых часов 83
[09-02 09:03:00]   сводка: 166/748 символов, новых часов 165
[09-02 09:03:30]   сводка: 248/748 символов, новых часов 247
[09-02 09:04:00]   сводка: 335/748 символов, новых часов 333
[09-02 09:04:30]   сводка: 417/748 символов, новых часов 415
[09-02 09:05:00]   сводка: 503/748 символов, новых часов 501
[09-02 09:05:31]   сводка: 586/748 символов, новых часов 584
[09-02 09:06:01]   сводка: 673/748 символов, новых часов 671
[09-02 09:06:25] сводка: символов с записью 748, новых часов 744, 266 с
/root/algoth_v2/research/s8_loop/bookfeat.py:162: RuntimeWarning: All-NaN slice encountered
  v = fn(sl, axis=1)
/root/algoth_v2/research/s8_loop/bookfeat.py:162: RuntimeWarning: All-NaN slice encountered
  v = fn(sl, axis=1)
/root/algoth_v2/research/s8_loop/bookfeat.py:162: RuntimeWarning: All-NaN slice encountered
  v = fn(sl, axis=1)
[09-02 09:07:11] матрица: 748 символов × 809 часов, сечений с ≥30 именами: 720, признаков 50
[09-02 09:07:44] кандидаты фабрики: книг 7 (живых 7), без живой книги 0
[09-02 09:07:44] ситуационная [gbm]: закрыто 1 (ETHFIUSDT — прогноз развернулся)
[09-02 09:07:45] ситуационная [nn]: закрыто 1 (SUSHIUSDT — прогноз развернулся)
[09-02 09:07:45] ситуационная [nn]: закрыто 1 (ARBUSDT — прогноз развернулся)
[09-02 09:07:46] ситуационная [gbm]: закрыто 1 (ONGUSDT — прогноз развернулся)
[09-02 09:07:46] ситуационная [gbm]: закрыто 1 (SUSHIUSDT — прогноз развернулся)
[09-02 09:07:46] ситуационная [gbm]: закрыто 1 (BABAUSDT — прогноз развернулся)
[09-02 09:07:48] ситуационная [nn]: закрыто 1 (TEMUSDT — прогноз развернулся)
[09-02 09:07:48] ситуационная [nn]: закрыто 1 (REZUSDT — прогноз развернулся)
[09-02 09:07:48] ситуационная [nn]: закрыто 1 (CASHCATUSDT — прогноз развернулся)
[09-02 09:07:48] ситуационная [nn]: закрыто 1 (CELOUSDT — прогноз развернулся)
[09-02 09:07:48] ситуационная [nn]: закрыто 1 (HEMIUSDT — прогноз развернулся)
[09-02 09:07:50] ситуационная [nn]: закрыто 1 (CASHCATUSDT — прогноз развернулся)
[09-02 09:07:54] живой IC [gbm]: fwd_4h +0.0571 по 1 закрывшимся сечениям
[09-02 09:07:54] живой IC [nn]: fwd_4h +0.0801 по 1 закрывшимся сечениям
[09-02 09:07:54] обучение пропущено по каденции: весам 17.5 ч при каденции 24; цикл 355 с (сведение часа 266 с, матрица 46 с, книги 43 с, оценка 0 с)
[09-02 09:07:54] следующая попытка через 54 мин (обучения не было)
конец: 2026-09-02T09:51:08Z, код 0
