== задание after-asks-deploy ==
строка: status
начало: 2026-09-02T20:25:02Z
--- диск ---
Filesystem      Size  Used Avail Use% Mounted on
/dev/sda1       150G   67G   77G  47% /
/dev/sdb        147G  116G   24G  84% /mnt/HC_Volume_106683528
--- процессы ---
669148 bot/target/release/bot live --s8 research/s8_loop/out/model_sit_lo --journal bot/out/live --keys /root/.bybit/live.env --base https://api.bybit.com --arm gbm --capital 300 --interval-sec 5 --clear-halt
1133158 .venv/bin/python research/b1_book/collect.py --http 8765
1133599 .venv/bin/python research/s8_loop/train.py
--- статус сбора ---
{"t": 1788380698.1, "uptime_sec": 458.7, "messages": 2080298, "trades": 390999, "resets": 0, "last_msg_age_sec": 0.0, "snapshots": 301819, "snapshot_errors": 0, "last_snap_age_sec": 0.5, "snap_pass_sec": 0.246, "writes": {"book": 301819, "trades": 390992, "raw": 15384, "liq": 961, "metrics": 744}, "write_age_sec": {"book": 0.5, "trades": 0.2, "raw": 0.1, "liq": 14.7, "metrics": 156.8}, "symbols": {"0GUSDT": {"ready": true, "bid": 0.1847, "ask": 0.1848, "resets": 0}, "1000000BABYDOGEUSDT": {"ready": true, "bid": 0.0003712, "ask": 0.0003715, "resets": 0}, "1000000MOGUSDT": {"ready": true, "bid": 0.1028, "ask": 0.103, "resets": 0}, "10000NEXUSDT": {"ready": true, "bid": 0.01431, "ask": 0.01436,
--- живой исполнитель ---
{
  "at_ms": 1788380700714,
  "capital_usd": 300.0,
  "dry": false,
  "entries_paused": false,
  "halted": "часовой цикл молчит 3.0 ч при пределе 3 ч (§5) — позиции без сканера не управляет никто",
  "lev_errors": null,
  "limits_off": true,
  "note": null,
  "positions": [],
  "realized_today_usd": 0.0,
  "realized_total_usd": -21.265818699799986,
  "rejects_row": 0,
  "stale_entries_skipped": 79,
  "tp_errors": null,
  "wallet": {
    "balance": 284.21345292,
    "equity": 284.21345292
  }
}
конец: 2026-09-02T20:25:02Z
