== задание after-lane2 ==
строка: run tools/diag_cycle.py --cand
начало: 2026-09-02T09:56:39Z
запускаю: .venv/bin/python tools/diag_cycle.py --cand
=== процесс цикла ===
1089740 .venv/bin/python research/s8_loop/train.py

=== процесс сборщика ===
  1088593 .venv/bin/python research/b1_book/collect.py --http 8765
    поднят: Wed Sep  2 09:50:08 2026
  collect.py правлен 6.7 мин назад

=== манифест модели ===
возраст 18.3 ч
  trained_at: 2026-09-01T15:36:42+00:00
  train_seq: 518
  cycle_sec: 5683.0
  woke_after_hour_sec: 120.0
  steps_sec: {'сведение часа': 184.5, 'матрица': 45.7, 'книги': 24.3, 'оценка': 0.1, 'канарейка': 1217.4, 'обучение': 4210.9}
  canary_ic: 0.006

=== манифесты книг ===
  model: 18.33 ч
  model.rank-floor0: 496.80 ч
  model.rank-raw: 518.10 ч
  model_c_h4_r_f30_w5_gl_rrlo_se_b0_a0: 0.81 ч
  model_c_h4_z_f22_w10_gl_rr0_sv_b0_a1: 0.81 ч
  model_c_h4_z_f30_w10_gl_rrhi_se_b0_a1: 0.81 ч
  model_c_h4_z_f30_w5_gl_rrlo_se_b0_a0: 0.81 ч
  model_c_h4_z_f30_w5_gl_rrlo_sr_b0_a0: 0.81 ч
  model_c_h4_z_f30_w5_gs_rrhi_se_b0_a1: 0.81 ч
  model_c_h4_z_f30_w5_gt_rrlo_se_b0_a0: 0.81 ч
  model_c_h4_z_f30_w5_gt_rrlo_se_b0_a0.overfilled-20260902T083940Z: 1.28 ч
  model_demo: 710.80 ч
  model_h1: 496.59 ч
  model_h1.rank-raw: 519.77 ч
  model_h24: 0.01 ч
  model_h24a: 0.82 ч
  model_h24b: 0.01 ч
  model_h24bf: 0.00 ч
  model_h24c: 0.82 ч
  model_h24z: 0.01 ч
  model_h24za: 0.82 ч
  model_pretest: 618.67 ч
  model_pretest.was-выключен__бета_не_оценима_: 698.84 ч
  model_probe: 712.44 ч
  model_sit: 0.82 ч
  model_sit.rules-v1: 616.17 ч
  model_sit.rules-v10: 477.57 ч
  model_sit.rules-v11: 476.76 ч
  model_sit.rules-v12: 458.30 ч
  model_sit.rules-v2: 615.88 ч
  model_sit.rules-v3: 613.75 ч
  model_sit.rules-v4: 612.67 ч
  model_sit.rules-v5: 611.84 ч
  model_sit.rules-v6: 599.58 ч
  model_sit.rules-v7: 598.84 ч
  model_sit.rules-v8: 495.80 ч
  model_sit.rules-v9: 480.78 ч
  model_sit_lo: 0.81 ч
  model_sit_obs: 0.81 ч
  model_sit_obs.rules-v10: 477.57 ч
  model_sit_obs.rules-v11: 476.76 ч
  model_sit_obs.rules-v12: 458.30 ч
  model_sit_obs.rules-v6: 599.58 ч
  model_sit_obs.rules-v7: 598.84 ч
  model_sit_obs.rules-v8: 495.79 ч
  model_sit_obs.rules-v9: 480.78 ч
  model_sit_r: 0.81 ч
  model_sit_r.rules-v12: 468.63 ч
  model_sit_r.rules-v12-1: 467.48 ч
  model_sit_r.rules-v12-2: 458.30 ч
  model_sit_r.rules-v13: 443.53 ч
  model_z: 519.77 ч

=== книги кандидатов ===
книг в составе: 7
  h4_r_f30_w5_gl_rrlo_se_b0_a0 [selected] слотов 10 пол 30.0 rr 0.0..1.5 на сторону 5 согласие False
    gbm: сделок 14, закрыто 4, открыто 10, вышли без разбора 0, ждут разбора 0, схлопнули 0, последний вход 1 мин назад
      мест занято сканером: имён 10, по сторонам {'short': 5, 'long': 5}
    nn: сделок 14, закрыто 4, открыто 10, вышли без разбора 0, ждут разбора 0, схлопнули 0, последний вход 12 мин назад
      мест занято сканером: имён 10, по сторонам {'short': 5, 'long': 5}
  h4_z_f22_w10_gl_rr0_sv_b0_a1 [control] слотов 20 пол 22.0 rr 0.0..None на сторону 10 согласие True
    gbm: сделок 18, закрыто 6, открыто 12, вышли без разбора 0, ждут разбора 0, схлопнули 0, последний вход 1 мин назад
      мест занято сканером: имён 12, по сторонам {'short': 10, 'long': 2}
    nn: сделок 29, закрыто 9, открыто 20, вышли без разбора 0, ждут разбора 0, схлопнули 0, последний вход 2 мин назад
      мест занято сканером: имён 20, по сторонам {'short': 10, 'long': 10}
  h4_z_f30_w10_gl_rrhi_se_b0_a1 [control] слотов 20 пол 30.0 rr 2.0..None на сторону 10 согласие True
    gbm: сделок 5, закрыто 1, открыто 4, вышли без разбора 0, ждут разбора 0, схлопнули 0, последний вход 43 мин назад
      мест занято сканером: имён 4, по сторонам {'short': 4}
    nn: сделок 30, закрыто 12, открыто 18, вышли без разбора 0, ждут разбора 0, схлопнули 0, последний вход 0 мин назад
      мест занято сканером: имён 18, по сторонам {'short': 8, 'long': 10}
  h4_z_f30_w5_gl_rrlo_se_b0_a0 [selected] слотов 10 пол 30.0 rr 0.0..1.5 на сторону 5 согласие False
    gbm: сделок 14, закрыто 4, открыто 10, вышли без разбора 0, ждут разбора 0, схлопнули 0, последний вход 1 мин назад
      мест занято сканером: имён 10, по сторонам {'short': 5, 'long': 5}
    nn: сделок 14, закрыто 4, открыто 10, вышли без разбора 0, ждут разбора 0, схлопнули 0, последний вход 12 мин назад
      мест занято сканером: имён 10, по сторонам {'short': 5, 'long': 5}
  h4_z_f30_w5_gl_rrlo_sr_b0_a0 [selected] слотов 10 пол 30.0 rr 0.0..1.5 на сторону 5 согласие False
    gbm: сделок 14, закрыто 4, открыто 10, вышли без разбора 0, ждут разбора 0, схлопнули 0, последний вход 1 мин назад
      мест занято сканером: имён 10, по сторонам {'short': 5, 'long': 5}
    nn: сделок 14, закрыто 4, открыто 10, вышли без разбора 0, ждут разбора 0, схлопнули 0, последний вход 12 мин назад
      мест занято сканером: имён 10, по сторонам {'short': 5, 'long': 5}
  h4_z_f30_w5_gs_rrhi_se_b0_a1 [control] слотов 10 пол 30.0 rr 2.0..None на сторону 5 согласие True
    gbm: сделок 5, закрыто 1, открыто 4, вышли без разбора 0, ждут разбора 0, схлопнули 0, последний вход 43 мин назад
      мест занято сканером: имён 4, по сторонам {'short': 4}
    nn: сделок 18, закрыто 8, открыто 10, вышли без разбора 0, ждут разбора 0, схлопнули 0, последний вход 2 мин назад
      мест занято сканером: имён 10, по сторонам {'short': 5, 'long': 5}
  h4_z_f30_w5_gt_rrlo_se_b0_a0 [selected] слотов 10 пол 30.0 rr 0.0..1.5 на сторону 5 согласие False
    gbm: сделок 8, закрыто 0, открыто 8, вышли без разбора 0, ждут разбора 0, схлопнули 0, последний вход 1 мин назад
      мест занято сканером: имён 8, по сторонам {'short': 5, 'long': 3}
    nn: сделок 10, закрыто 0, открыто 10, вышли без разбора 0, ждут разбора 0, схлопнули 0, последний вход 74 мин назад
      мест занято сканером: имён 10, по сторонам {'long': 5, 'short': 5}

=== хвост train.log ===
возраст 0.8 мин, размер 7976838 Б
/root/algoth_v2/research/s8_loop/bookfeat.py:162: RuntimeWarning: All-NaN slice encountered
  v = fn(sl, axis=1)
/root/algoth_v2/research/s8_loop/bookfeat.py:162: RuntimeWarning: All-NaN slice encountered
  v = fn(sl, axis=1)
[09-02 08:25:57] матрица: 745 символов × 808 часов, сечений с ≥30 именами: 719, признаков 50
[09-02 08:26:35] кандидаты фабрики: книг 7 (живых 7), без живой книги 0
[09-02 08:26:44] обучение пропущено по каденции: весам 16.8 ч при каденции 24; цикл 103 с (сведение часа 10 с, матрица 46 с, книги 47 с, оценка 0 с)
[09-02 08:26:44] следующая попытка через 35 мин (обучения не было)
[09-02 08:35:06] сводка: символов с записью 745, новых часов 0, 5 с
/root/algoth_v2/research/s8_loop/bookfeat.py:162: RuntimeWarning: All-NaN slice encountered
  v = fn(sl, axis=1)
/root/algoth_v2/research/s8_loop/bookfeat.py:162: RuntimeWarning: All-NaN slice encountered
  v = fn(sl, axis=1)
/root/algoth_v2/research/s8_loop/bookfeat.py:162: RuntimeWarning: All-NaN slice encountered
  v = fn(sl, axis=1)
[09-02 08:35:53] матрица: 745 символов × 808 часов, сечений с ≥30 именами: 719, признаков 50
[09-02 08:36:42] кандидаты фабрики: книг 7 (живых 7), без живой книги 0
[09-02 08:36:52] обучение пропущено по каденции: весам 17.0 ч при каденции 24; цикл 110 с (сведение часа 5 с, матрица 47 с, книги 58 с, оценка 0 с)
[09-02 08:36:52] следующая попытка через 25 мин (обучения не было)
[09-02 09:02:30]   сводка: 84/748 символов, новых часов 83
[09-02 09:03:00]   сводка: 166/748 символов, новых часов 165
[09-02 09:03:30]   сводка: 248/748 символов, новых часов 247
[09-02 09:04:00]   сводка: 335/748 символов, новых часов 333
[09-02 09:04:30]   сводка: 417/748 символов, новых часов 415
[09-02 09:05:00]   сводка: 503/748 символов, новых часов 501
[09-02 09:05:31]   сводка: 586/748 символов, новых часов 584
[09-02 09:06:01]   сводка: 673/748 символов, новых часов 671
[09-02 09:06:25] сводка: символов с записью 748, новых часов 744, 266 с
/root/algoth_v2/research/s8_loop/bookfeat.py:162: RuntimeWarning: All-NaN slice encountered
  v = fn(sl, axis=1)
/root/algoth_v2/research/s8_loop/bookfeat.py:162: RuntimeWarning: All-NaN slice encountered
  v = fn(sl, axis=1)
/root/algoth_v2/research/s8_loop/bookfeat.py:162: RuntimeWarning: All-NaN slice encountered
  v = fn(sl, axis=1)
[09-02 09:07:11] матрица: 748 символов × 809 часов, сечений с ≥30 именами: 720, признаков 50
[09-02 09:07:44] кандидаты фабрики: книг 7 (живых 7), без живой книги 0
[09-02 09:07:44] ситуационная [gbm]: закрыто 1 (ETHFIUSDT — прогноз развернулся)
[09-02 09:07:45] ситуационная [nn]: закрыто 1 (SUSHIUSDT — прогноз развернулся)
[09-02 09:07:45] ситуационная [nn]: закрыто 1 (ARBUSDT — прогноз развернулся)
[09-02 09:07:46] ситуационная [gbm]: закрыто 1 (ONGUSDT — прогноз развернулся)
[09-02 09:07:46] ситуационная [gbm]: закрыто 1 (SUSHIUSDT — прогноз развернулся)
[09-02 09:07:46] ситуационная [gbm]: закрыто 1 (BABAUSDT — прогноз развернулся)
[09-02 09:07:48] ситуационная [nn]: закрыто 1 (TEMUSDT — прогноз развернулся)
[09-02 09:07:48] ситуационная [nn]: закрыто 1 (REZUSDT — прогноз развернулся)
[09-02 09:07:48] ситуационная [nn]: закрыто 1 (CASHCATUSDT — прогноз развернулся)
[09-02 09:07:48] ситуационная [nn]: закрыто 1 (CELOUSDT — прогноз развернулся)
[09-02 09:07:48] ситуационная [nn]: закрыто 1 (HEMIUSDT — прогноз развернулся)
[09-02 09:07:50] ситуационная [nn]: закрыто 1 (CASHCATUSDT — прогноз развернулся)
[09-02 09:07:54] живой IC [gbm]: fwd_4h +0.0571 по 1 закрывшимся сечениям
[09-02 09:07:54] живой IC [nn]: fwd_4h +0.0801 по 1 закрывшимся сечениям
[09-02 09:07:54] обучение пропущено по каденции: весам 17.5 ч при каденции 24; цикл 355 с (сведение часа 266 с, матрица 46 с, книги 43 с, оценка 0 с)
[09-02 09:07:54] следующая попытка через 54 мин (обучения не было)
[09-02 09:55:06] сводка: символов с записью 748, новых часов 0, 5 с
/root/algoth_v2/research/s8_loop/bookfeat.py:162: RuntimeWarning: All-NaN slice encountered
  v = fn(sl, axis=1)
/root/algoth_v2/research/s8_loop/bookfeat.py:162: RuntimeWarning: All-NaN slice encountered
  v = fn(sl, axis=1)
/root/algoth_v2/research/s8_loop/bookfeat.py:162: RuntimeWarning: All-NaN slice encountered
  v = fn(sl, axis=1)
[09-02 09:55:52] матрица: 748 символов × 809 часов, сечений с ≥30 именами: 720, признаков 50
конец: 2026-09-02T09:56:39Z, код 0
публикуется в ветку main:
 jobs/done/after-lane2.done          |   1 +
 jobs/done/after-lane2.log           | 176 ++++++++++++++++++++++++++++++++++++
 jobs/done/cycle-up3.done            |   1 +
 jobs/done/cycle-up3.log             |  10 ++
 jobs/poke.log                       |   4 +
 research/s8_loop/out/day_brake.json |   2 +-
 6 files changed, 193 insertions(+), 1 deletion(-)
To github.com:n0tgod/algoth_v2.git
   ddb040d..53e2c59  main -> main
branch 'main' set up to track 'origin/main'.
опубликовано
