== задание ageonly-check ==
строка: run tools/diag_cycle.py --cand --tail=3
начало: 2026-09-02T08:28:15Z
запускаю: .venv/bin/python tools/diag_cycle.py --cand --tail=3
=== процесс цикла ===
1082312 .venv/bin/python research/s8_loop/train.py

=== манифест модели ===
возраст 16.9 ч
  trained_at: 2026-09-01T15:36:42+00:00
  train_seq: 518
  cycle_sec: 5683.0
  woke_after_hour_sec: 120.0
  steps_sec: {'сведение часа': 184.5, 'матрица': 45.7, 'книги': 24.3, 'оценка': 0.1, 'канарейка': 1217.4, 'обучение': 4210.9}
  canary_ic: 0.006

=== манифесты книг ===
  model: 16.86 ч
  model.rank-floor0: 495.33 ч
  model.rank-raw: 516.63 ч
  model_c_h4_r_f30_w5_gl_rrlo_se_b0_a0: 0.03 ч
  model_c_h4_z_f22_w10_gl_rr0_sv_b0_a1: 0.03 ч
  model_c_h4_z_f30_w10_gl_rrhi_se_b0_a1: 0.03 ч
  model_c_h4_z_f30_w5_gl_rrlo_se_b0_a0: 0.03 ч
  model_c_h4_z_f30_w5_gl_rrlo_sr_b0_a0: 0.03 ч
  model_c_h4_z_f30_w5_gs_rrhi_se_b0_a1: 0.03 ч
  model_c_h4_z_f30_w5_gt_rrlo_se_b0_a0: 0.03 ч
  model_demo: 709.33 ч
  model_h1: 495.12 ч
  model_h1.rank-raw: 518.30 ч
  model_h24: 0.04 ч
  model_h24a: 0.03 ч
  model_h24b: 0.04 ч
  model_h24bf: 0.03 ч
  model_h24c: 0.03 ч
  model_h24z: 0.04 ч
  model_h24za: 0.03 ч
  model_pretest: 617.19 ч
  model_pretest.was-выключен__бета_не_оценима_: 697.37 ч
  model_probe: 710.96 ч
  model_sit: 0.03 ч
  model_sit.rules-v1: 614.70 ч
  model_sit.rules-v10: 476.10 ч
  model_sit.rules-v11: 475.28 ч
  model_sit.rules-v12: 456.83 ч
  model_sit.rules-v2: 614.40 ч
  model_sit.rules-v3: 612.28 ч
  model_sit.rules-v4: 611.20 ч
  model_sit.rules-v5: 610.36 ч
  model_sit.rules-v6: 598.11 ч
  model_sit.rules-v7: 597.37 ч
  model_sit.rules-v8: 494.32 ч
  model_sit.rules-v9: 479.31 ч
  model_sit_lo: 0.03 ч
  model_sit_obs: 0.03 ч
  model_sit_obs.rules-v10: 476.10 ч
  model_sit_obs.rules-v11: 475.28 ч
  model_sit_obs.rules-v12: 456.83 ч
  model_sit_obs.rules-v6: 598.11 ч
  model_sit_obs.rules-v7: 597.37 ч
  model_sit_obs.rules-v8: 494.32 ч
  model_sit_obs.rules-v9: 479.31 ч
  model_sit_r: 0.03 ч
  model_sit_r.rules-v12: 467.16 ч
  model_sit_r.rules-v12-1: 466.01 ч
  model_sit_r.rules-v12-2: 456.83 ч
  model_sit_r.rules-v13: 442.06 ч
  model_z: 518.29 ч

=== книги кандидатов ===
книг в составе: 7
  h4_r_f30_w5_gl_rrlo_se_b0_a0 [selected] слотов 10 пол 30.0 rr 0.0..1.5 на сторону 5 согласие False
    gbm: сделок 11, закрыто 2, открыто 9, вышли без разбора 0, ждут разбора 0, схлопнули 0, последний вход 14 мин назад
    nn: сделок 13, закрыто 3, открыто 10, вышли без разбора 0, ждут разбора 0, схлопнули 0, последний вход 9 мин назад
  h4_z_f22_w10_gl_rr0_sv_b0_a1 [control] слотов 20 пол 22.0 rr 0.0..None на сторону 10 согласие True
    gbm: сделок 12, закрыто 2, открыто 10, вышли без разбора 0, ждут разбора 0, схлопнули 0, последний вход 14 мин назад
    nn: сделок 24, закрыто 4, открыто 20, вышли без разбора 0, ждут разбора 0, схлопнули 0, последний вход 9 мин назад
  h4_z_f30_w10_gl_rrhi_se_b0_a1 [control] слотов 20 пол 30.0 rr 2.0..None на сторону 10 согласие True
    gbm: сделок 3, закрыто 0, открыто 3, вышли без разбора 0, ждут разбора 0, схлопнули 0, последний вход 4 мин назад
    nn: сделок 15, закрыто 2, открыто 13, вышли без разбора 0, ждут разбора 0, схлопнули 0, последний вход 7 мин назад
  h4_z_f30_w5_gl_rrlo_se_b0_a0 [selected] слотов 10 пол 30.0 rr 0.0..1.5 на сторону 5 согласие False
    gbm: сделок 11, закрыто 2, открыто 9, вышли без разбора 0, ждут разбора 0, схлопнули 0, последний вход 14 мин назад
    nn: сделок 13, закрыто 3, открыто 10, вышли без разбора 0, ждут разбора 0, схлопнули 0, последний вход 9 мин назад
  h4_z_f30_w5_gl_rrlo_sr_b0_a0 [selected] слотов 10 пол 30.0 rr 0.0..1.5 на сторону 5 согласие False
    gbm: сделок 11, закрыто 2, открыто 9, вышли без разбора 0, ждут разбора 0, схлопнули 0, последний вход 14 мин назад
    nn: сделок 13, закрыто 3, открыто 10, вышли без разбора 0, ждут разбора 0, схлопнули 0, последний вход 9 мин назад
  h4_z_f30_w5_gs_rrhi_se_b0_a1 [control] слотов 10 пол 30.0 rr 2.0..None на сторону 5 согласие True
    gbm: сделок 3, закрыто 0, открыто 3, вышли без разбора 0, ждут разбора 0, схлопнули 0, последний вход 4 мин назад
    nn: сделок 11, закрыто 2, открыто 9, вышли без разбора 0, ждут разбора 0, схлопнули 0, последний вход 13 мин назад
  h4_z_f30_w5_gt_rrlo_se_b0_a0 [selected] слотов 10 пол 30.0 rr 0.0..1.5 на сторону 5 согласие False
    gbm: сделок 0, закрыто 0, открыто 0, вышли без разбора 0, ждут разбора 0, схлопнули 0, последний вход входов не было
    nn: сделок 0, закрыто 0, открыто 0, вышли без разбора 0, ждут разбора 0, схлопнули 0, последний вход входов не было

=== хвост train.log ===
возраст 1.5 мин, размер 7971898 Б
[09-02 08:26:35] кандидаты фабрики: книг 7 (живых 7), без живой книги 0
[09-02 08:26:44] обучение пропущено по каденции: весам 16.8 ч при каденции 24; цикл 103 с (сведение часа 10 с, матрица 46 с, книги 47 с, оценка 0 с)
[09-02 08:26:44] следующая попытка через 35 мин (обучения не было)
конец: 2026-09-02T08:28:15Z, код 0
