== задание agree-1 ==
строка: run research/probe_agree/agree.py
начало: 2026-08-30T22:14:38Z
запускаю: .venv/bin/python research/probe_agree/agree.py 
[22:14:39] h4 · gbm: обе 325, одна 1557, Δ -3.1 б.п. (p 0.496)
[22:14:39] h4 · nn: обе 321, одна 1435, Δ +42.8 б.п. (p 0.145)
[22:14:41] h24 · gbm: обе 463, одна 1984, Δ +441.4 б.п. (p 0.0)
[22:14:41] h24 · nn: обе 465, одна 1678, Δ +358.2 б.п. (p 0.0)
[22:14:42] z · gbm: обе 285, одна 1594, Δ +63.8 б.п. (p 0.063)
[22:14:43] z · nn: обе 292, одна 1404, Δ +49.4 б.п. (p 0.319)
[22:14:43] sit · gbm: обе 45, одна 686, Δ -92.5 б.п. (p 0.857)
[22:14:43] sit · nn: обе 45, одна 785, Δ +7.0 б.п. (p 0.377)
[22:14:43] sit_lo · gbm: обе 21, одна 239 — не измерена
[22:14:43] sit_lo · nn: обе 22, одна 256 — не измерена
[22:14:44] sit_obs · gbm: обе 313, одна 2041, Δ -44.3 б.п. (p 0.939)
[22:14:45] sit_obs · nn: обе 313, одна 2383, Δ +23.5 б.п. (p 0.136)
[22:14:45] отчёт: /root/algoth_v2/research/probe_agree/out/AGREE-1m.md
публикуется в ветку main:
 jobs/done/agree-1.done                 |   1 +
 jobs/done/agree-1.log                  |  17 +++
 jobs/done/status-after-tree.done       |   1 +
 jobs/done/status-after-tree.log        |   8 ++
 jobs/poke.log                          |   3 +
 research/probe_agree/out/AGREE-1m.md   |  34 +++++
 research/probe_agree/out/agree-1m.json | 231 +++++++++++++++++++++++++++++++++
 research/s8_loop/out/day_brake.json    |   2 +-
 8 files changed, 296 insertions(+), 1 deletion(-)
To github.com:n0tgod/algoth_v2.git
   180cd25..9de3d37  main -> main
branch 'main' set up to track 'origin/main'.
опубликовано
конец: 2026-08-30T22:14:47Z, код 0
публикуется в ветку main:
 jobs/done/agree-1.log | 15 +++++++++++++++
 1 file changed, 15 insertions(+)
To github.com:n0tgod/algoth_v2.git
   9de3d37..d29691d  main -> main
branch 'main' set up to track 'origin/main'.
опубликовано
