== задание agreed-page-status ==
строка: status
начало: 2026-08-31T12:19:54Z
--- диск ---
Filesystem      Size  Used Avail Use% Mounted on
/dev/sda1       150G   67G   78G  47% /
/dev/sdb        147G  105G   35G  76% /mnt/HC_Volume_106683528
--- процессы ---
669148 bot/target/release/bot live --s8 research/s8_loop/out/model_sit_lo --journal bot/out/live --keys /root/.bybit/live.env --base https://api.bybit.com --arm gbm --capital 300 --interval-sec 5 --clear-halt
933937 .venv/bin/python research/b1_book/collect.py --http 8765
--- статус сбора ---
{"t": 1788178791.9, "uptime_sec": 167.8, "messages": 725503, "trades": 66534, "resets": 0, "last_msg_age_sec": 0.0, "snapshots": 82827, "snapshot_errors": 0, "last_snap_age_sec": 0.8, "snap_pass_sec": 0.217, "writes": {"book": 82827, "trades": 66516, "raw": 3169, "liq": 11}, "write_age_sec": {"book": 0.8, "trades": 0.2, "raw": 0.1, "liq": 2.5}, "symbols": {"0GUSDT": {"ready": true, "bid": 0.2146, "ask": 0.2147, "resets": 0}, "1000000BABYDOGEUSDT": {"ready": true, "bid": 0.0003543, "ask": 0.0003544, "resets": 0}, "1000000MOGUSDT": {"ready": true, "bid": 0.1077, "ask": 0.1078, "resets": 0}, "10000NEXUSDT": {"ready": true, "bid": 0.01443, "ask": 0.01447, "resets": 0}, "10000SATSUSDT": {"ready":
--- живой исполнитель ---
{
  "at_ms": 1788178791701,
  "capital_usd": 300.0,
  "dry": false,
  "entries_paused": false,
  "halted": "часовой цикл молчит 3.0 ч при пределе 3 ч (§5) — позиции без сканера не управляет никто",
  "lev_errors": null,
  "limits_off": true,
  "note": null,
  "positions": [],
  "realized_today_usd": 0.0,
  "realized_total_usd": -21.265818699799986,
  "rejects_row": 0,
  "stale_entries_skipped": 79,
  "tp_errors": null,
  "wallet": {
    "balance": 284.21345292,
    "equity": 284.21345292
  }
}
конец: 2026-08-31T12:19:54Z
публикуется в ветку main:
 jobs/done/agreed-page-deploy.log | 11 +++++++++++
 jobs/done/agreed-page-status.log | 34 ++++++++++++++++++++++++++++++++++
 jobs/poke.log                    |  2 ++
 3 files changed, 47 insertions(+)
To github.com:n0tgod/algoth_v2.git
   0465320..f324c06  main -> main
branch 'main' set up to track 'origin/main'.
опубликовано
