== задание agreed-page-status2 ==
строка: status
начало: 2026-08-31T12:21:11Z
--- диск ---
Filesystem      Size  Used Avail Use% Mounted on
/dev/sda1       150G   67G   78G  47% /
/dev/sdb        147G  106G   35G  76% /mnt/HC_Volume_106683528
--- процессы ---
669148 bot/target/release/bot live --s8 research/s8_loop/out/model_sit_lo --journal bot/out/live --keys /root/.bybit/live.env --base https://api.bybit.com --arm gbm --capital 300 --interval-sec 5 --clear-halt
933937 .venv/bin/python research/b1_book/collect.py --http 8765
934262 .venv/bin/python research/s8_loop/train.py
--- статус сбора ---
{"t": 1788178868.3, "uptime_sec": 244.1, "messages": 1166829, "trades": 110580, "resets": 0, "last_msg_age_sec": 0.0, "snapshots": 128022, "snapshot_errors": 0, "last_snap_age_sec": 0.3, "snap_pass_sec": 0.238, "writes": {"book": 128022, "trades": 110578, "raw": 5036, "liq": 34}, "write_age_sec": {"book": 0.3, "trades": 0.1, "raw": 0.0, "liq": 20.2}, "symbols": {"0GUSDT": {"ready": true, "bid": 0.2144, "ask": 0.2145, "resets": 0}, "1000000BABYDOGEUSDT": {"ready": true, "bid": 0.000354, "ask": 0.0003543, "resets": 0}, "1000000MOGUSDT": {"ready": true, "bid": 0.1077, "ask": 0.1078, "resets": 0}, "10000NEXUSDT": {"ready": true, "bid": 0.01443, "ask": 0.01447, "resets": 0}, "10000SATSUSDT": {"re
--- живой исполнитель ---
{
  "at_ms": 1788178869591,
  "capital_usd": 300.0,
  "dry": false,
  "entries_paused": false,
  "halted": "часовой цикл молчит 3.0 ч при пределе 3 ч (§5) — позиции без сканера не управляет никто",
  "lev_errors": null,
  "limits_off": true,
  "note": null,
  "positions": [],
  "realized_today_usd": 0.0,
  "realized_total_usd": -21.265818699799986,
  "rejects_row": 0,
  "stale_entries_skipped": 79,
  "tp_errors": null,
  "wallet": {
    "balance": 284.21345292,
    "equity": 284.21345292
  }
}
конец: 2026-08-31T12:21:11Z
публикуется в ветку main:
 jobs/done/agreed-page-status.done |  1 +
 jobs/done/agreed-page-status.log  |  9 +++++++++
 jobs/done/agreed-page-status2.log | 35 +++++++++++++++++++++++++++++++++++
 jobs/poke.log                     |  3 +++
 4 files changed, 48 insertions(+)
To github.com:n0tgod/algoth_v2.git
   b5dfb25..c417fc4  main -> main
branch 'main' set up to track 'origin/main'.
опубликовано
