== задание agree-smoke ==
строка: run research/dca_paper/agree_book.py --limit 600 --seeds 3 --no-publish
начало: 2026-09-12T21:56:26Z
запускаю: .venv/bin/python research/dca_paper/agree_book.py --limit 600 --seeds 3 --no-publish
sheets.jsonl: ног 1165597
h24/gbm: часов 668, коротких выборов 2004, ног под краем 1994, отброшено (нет полей / знак) 10
h24/nn: часов 668, коротких выборов 2004, ног под краем 1862, отброшено (нет полей / знак) 130
ног обеих рук: 1200
длинные книги: решений в кэше 7702, согласных 6 (0.1 %)
короткие книги h24: решений в кэше 3331, согласных 178 (5.3 %)
длинные книги: aggr 7356, optimal 7356, safe 7356
короткие книги: aggr_h 3331, optimal_h 3331, safe_h 3331
pair_safe: фильтр возраста ≥7 сут оставил 2733 из 3331 (моложе порога 598, возраст неизвестен 0)
pair_optimal: фильтр возраста ≥7 сут оставил 2733 из 3331 (моложе порога 598, возраст неизвестен 0)
pair_aggr: фильтр возраста ≥7 сут оставил 2733 из 3331 (моложе порога 598, возраст неизвестен 0)
линейка общая (безопасная) (pair_safe): позиций 10089, после правила одной на имя 2421
  депозит $1,000: мест 40, взято 711, нет кассы 1710, мельче $5 0, открытых 10, оборванных записью 1
  депозит $10,000: мест 400, взято 1557, нет кассы 864, мельче $5 0, открытых 10, оборванных записью 2
  депозит $100,000: мест 735, взято 1761, нет кассы 660, мельче $5 0, открытых 10, оборванных записью 2
линейка общая (оптимальная) (pair_optimal): позиций 10089, после правила одной на имя 2491
  депозит $1,000: мест 40, взято 739, нет кассы 1752, мельче $5 0, открытых 6, оборванных записью 1
  депозит $10,000: мест 400, взято 2210, нет кассы 281, мельче $5 0, открытых 7, оборванных записью 4
  депозит $100,000: мест 735, взято 2491, нет кассы 0, мельче $5 0, открытых 7, оборванных записью 4
линейка общая (агрессивная) (pair_aggr): позиций 10089, гейт плеча отсеял 6519, после правила одной на имя 1213
  депозит $1,000: мест 40, взято 975, нет кассы 238, мельче $5 0, открытых 1, оборванных записью 2
  депозит $10,000: мест 400, взято 1213, нет кассы 0, мельче $5 0, открытых 1, оборванных записью 2
  депозит $100,000: мест 393, взято 1213, нет кассы 0, мельче $5 0, открытых 1, оборванных записью 2
журнал: было 0, дописано 12797 в 36 файлов записи
раздельные счета: издержки вычтены у 0 строк из 0
длинные книги: aggr 6, optimal 6, safe 6
короткие книги: aggr_h 178, optimal_h 178, safe_h 178
pair_safe: фильтр возраста ≥7 сут оставил 178 из 178 (моложе порога 0, возраст неизвестен 0)
pair_optimal: фильтр возраста ≥7 сут оставил 178 из 178 (моложе порога 0, возраст неизвестен 0)
pair_aggr: фильтр возраста ≥7 сут оставил 178 из 178 (моложе порога 0, возраст неизвестен 0)
линейка общая (безопасная) (pair_safe): позиций 184, после правила одной на имя 49
  депозит $1,000: мест 40, взято 49, нет кассы 0, мельче $5 0, открытых 0, оборванных записью 0
  депозит $10,000: мест 400, взято 49, нет кассы 0, мельче $5 0, открытых 0, оборванных записью 0
  депозит $100,000: мест 735, взято 49, нет кассы 0, мельче $5 0, открытых 0, оборванных записью 0
линейка общая (оптимальная) (pair_optimal): позиций 184, после правила одной на имя 66
  депозит $1,000: мест 40, взято 66, нет кассы 0, мельче $5 0, открытых 0, оборванных записью 0
  депозит $10,000: мест 400, взято 66, нет кассы 0, мельче $5 0, открытых 0, оборванных записью 0
  депозит $100,000: мест 735, взято 66, нет кассы 0, мельче $5 0, открытых 0, оборванных записью 0
линейка общая (агрессивная) (pair_aggr): позиций 184, гейт плеча отсеял 55, после правила одной на имя 56
  депозит $1,000: мест 40, взято 56, нет кассы 0, мельче $5 0, открытых 0, оборванных записью 0
  депозит $10,000: мест 400, взято 56, нет кассы 0, мельче $5 0, открытых 0, оборванных записью 0
  депозит $100,000: мест 393, взято 56, нет кассы 0, мельче $5 0, открытых 0, оборванных записью 0
журнал: было 0, дописано 513 в 9 файлов записи
раздельные счета: издержки вычтены у 0 строк из 0
# Книги DCA на согласии рук: что было бы

Вопрос владельца 2026-09-12: «какая была бы статистика всех DCA, если бы они были построены на книге agreed». Лист книг сегодня пишут ОБЕ руки модели, отбора по руке нет. Согласная ветка берёт ПЕРЕСЕЧЕНИЕ: решение идёт в книгу, только если обе руки выбрали это имя в этот час на эту сторону — то же правило, по которому живёт согласная книга S8, и считается оно по ВЫБОРАМ, а не по исходам.

Реплея по барам здесь нет: согласный лист есть подмножество нынешнего, исходы взяты из кэшей реплея самих семейств. Обе ветки считаются на ОДНИХ И ТЕХ ЖЕ позициях теми же правилами книг — разница чисел есть разница листа, а не счёта.

## Сколько решений остаётся

| семья | решений листа | из них согласных | доля | решений одной руки |
|---|--:|--:|--:|--:|
| длинные книги | 7702 | 6 | 0.1 % | 588 |
| короткие книги h24 | 3331 | 178 | 5.3 % | 844 |

Решение — это (имя, час, сторона): одно решение кормит все книги семьи сразу. У общего счёта состав считает его собственный прогон на тех же урезанных кэшах.

## Длинные книги

| книга | депозит | ветка | сделок | Σ $ | итог | просадка | доход/просадка |
|---|--:|---|--:|--:|--:|--:|--:|
| безопасная | $1000 | обе руки | 430 | +85.43 | +8.5 % | -2.7 % | 3.17 |
| безопасная | $1000 | согласие | 4 | -3.09 | -0.3 % | -0.0 % | -31.00 |
| безопасная | $10000 | обе руки | 1703 | +812.68 | +8.1 % | -0.3 % | 31.27 |
| безопасная | $10000 | согласие | 4 | -3.09 | -0.0 % | -0.0 % | — |
| безопасная | $100000 | обе руки | 1770 | +4971.93 | +5.0 % | -0.1 % | 33.13 |
| безопасная | $100000 | согласие | 4 | -17.91 | -0.0 % | -0.0 % | — |
| оптимальная | $1000 | обе руки | 445 | +88.16 | +8.8 % | -5.0 % | 1.77 |
| оптимальная | $1000 | согласие | 4 | -15.03 | -1.5 % | -0.0 % | -150.00 |
| оптимальная | $10000 | обе руки | 1712 | +1690.89 | +16.9 % | -0.6 % | 28.66 |
| оптимальная | $10000 | согласие | 4 | -15.03 | -0.1 % | -0.0 % | — |
| оптимальная | $100000 | обе руки | 1779 | +10244.68 | +10.2 % | -0.3 % | 30.12 |
| оптимальная | $100000 | согласие | 4 | -87.17 | -0.1 % | -0.0 % | — |
| агрессивная | $1000 | обе руки | 471 | +303.52 | +30.3 % | -1.3 % | 23.17 |
| агрессивная | $1000 | согласие | 1 | -3.81 | -0.4 % | +0.0 % | — |
| агрессивная | $10000 | обе руки | 635 | +2022.70 | +20.2 % | -0.6 % | 34.29 |
| агрессивная | $10000 | согласие | 1 | -17.06 | -0.2 % | +0.0 % | — |
| агрессивная | $100000 | обе руки | 635 | +20302.53 | +20.3 % | -0.6 % | 34.41 |
| агрессивная | $100000 | согласие | 1 | -171.17 | -0.2 % | +0.0 % | — |

**Контроль — случайная выборка того же размера**, 3 зёрен, депозит $10000. Доля зёрен, у которых СЛУЧАЙНЫЙ лист не хуже согласного: если она велика, работает размер выборки, а не согласие.

| книга | согласие: итог | случайные: медиана | доля зёрен не хуже | согласие: доход/просадка | доля зёрен не хуже |
|---|--:|--:|--:|--:|--:|
| безопасная | -0.0 % | +0.0 % | 100 % из 3 | — | — |
| оптимальная | -0.1 % | +0.1 % | 100 % из 3 | — | — |
| агрессивная | -0.2 % | +0.1 % | 100 % из 3 | — | — |

## Короткие книги h24

| книга | депозит | ветка | сделок | Σ $ | итог | просадка | доход/просадка |
|---|--:|---|--:|--:|--:|--:|--:|
| безопасная (шорт h24) | $1000 | обе руки | 623 | +101.46 | +10.2 % | -18.6 % | 0.54 |
| безопасная (шорт h24) | $1000 | согласие | 45 | -40.13 | -4.0 % | -3.0 % | -1.33 |
| безопасная (шорт h24) | $10000 | обе руки | 634 | +1065.26 | +10.7 % | -15.5 % | 0.69 |
| безопасная (шорт h24) | $10000 | согласие | 45 | -355.46 | -3.5 % | -2.7 % | -1.33 |
| безопасная (шорт h24) | $100000 | обе руки | 634 | +10659.09 | +10.7 % | -15.5 % | 0.69 |
| безопасная (шорт h24) | $100000 | согласие | 45 | -3557.90 | -3.6 % | -2.7 % | -1.33 |
| оптимальная (шорт h24) | $1000 | обе руки | 667 | +320.54 | +32.0 % | -19.7 % | 1.63 |
| оптимальная (шорт h24) | $1000 | согласие | 62 | +33.72 | +3.4 % | -3.0 % | 1.14 |
| оптимальная (шорт h24) | $10000 | обе руки | 701 | +678.52 | +6.8 % | -4.3 % | 1.58 |
| оптимальная (шорт h24) | $10000 | согласие | 62 | +76.00 | +0.8 % | -0.7 % | 1.17 |
| оптимальная (шорт h24) | $100000 | обе руки | 701 | +6791.28 | +6.8 % | -4.3 % | 1.58 |
| оптимальная (шорт h24) | $100000 | согласие | 62 | +760.72 | +0.8 % | -0.7 % | 1.17 |
| агрессивная (шорт h24) | $1000 | обе руки | 575 | +114.79 | +11.5 % | -6.3 % | 1.83 |
| агрессивная (шорт h24) | $1000 | согласие | 55 | +24.88 | +2.5 % | -1.6 % | 1.57 |
| агрессивная (шорт h24) | $10000 | обе руки | 575 | +1174.01 | +11.7 % | -6.4 % | 1.83 |
| агрессивная (шорт h24) | $10000 | согласие | 55 | +254.56 | +2.5 % | -1.6 % | 1.56 |
| агрессивная (шорт h24) | $100000 | обе руки | 575 | +11766.21 | +11.8 % | -6.5 % | 1.82 |
| агрессивная (шорт h24) | $100000 | согласие | 55 | +2551.31 | +2.5 % | -1.6 % | 1.56 |

**Контроль — случайная выборка того же размера**, 3 зёрен, депозит $10000. Доля зёрен, у которых СЛУЧАЙНЫЙ лист не хуже согласного: если она велика, работает размер выборки, а не согласие.

| книга | согласие: итог | случайные: медиана | доля зёрен не хуже | согласие: доход/просадка | доля зёрен не хуже |
|---|--:|--:|--:|--:|--:|
| безопасная (шорт h24) | -3.5 % | +2.6 % | 100 % из 3 | -1.33 | 100 % из 3 |
| оптимальная (шорт h24) | +0.8 % | +2.7 % | 67 % из 3 | 1.17 | 67 % из 3 |
| агрессивная (шорт h24) | +2.5 % | +3.9 % | 67 % из 3 | 1.56 | 67 % из 3 |

## Общий счёт

| книга | депозит | ветка | сделок | Σ $ | итог | просадка | доход/просадка |
|---|--:|---|--:|--:|--:|--:|--:|
| общая (безопасная) | $1000 | обе руки | 700 | +163.87 | +16.4 % | -16.7 % | 0.98 |
| общая (безопасная) | $1000 | согласие | 49 | -43.04 | -4.3 % | -3.3 % | -1.29 |
| общая (безопасная) | $10000 | обе руки | 1545 | +1574.23 | +15.7 % | -14.1 % | 1.12 |
| общая (безопасная) | $10000 | согласие | 49 | -358.39 | -3.6 % | -2.7 % | -1.33 |
| общая (безопасная) | $100000 | обе руки | 1749 | +13527.19 | +13.5 % | -14.8 % | 0.91 |
| общая (безопасная) | $100000 | согласие | 49 | -3574.87 | -3.6 % | -2.7 % | -1.33 |
| общая (оптимальная) | $1000 | обе руки | 732 | +280.30 | +28.0 % | -18.8 % | 1.49 |
| общая (оптимальная) | $1000 | согласие | 66 | +19.08 | +1.9 % | -2.9 % | 0.65 |
| общая (оптимальная) | $10000 | обе руки | 2199 | +2163.72 | +21.6 % | -4.3 % | 4.97 |
| общая (оптимальная) | $10000 | согласие | 66 | +61.06 | +0.6 % | -0.7 % | 0.94 |
| общая (оптимальная) | $100000 | обе руки | 2480 | +18030.69 | +18.0 % | -4.4 % | 4.12 |
| общая (оптимальная) | $100000 | согласие | 66 | +674.02 | +0.7 % | -0.7 % | 1.03 |
| общая (агрессивная) | $1000 | обе руки | 972 | +404.49 | +40.5 % | -5.0 % | 8.09 |
| общая (агрессивная) | $1000 | согласие | 56 | +21.05 | +2.1 % | -1.6 % | 1.32 |
| общая (агрессивная) | $10000 | обе руки | 1210 | +3518.51 | +35.2 % | -5.6 % | 6.30 |
| общая (агрессивная) | $10000 | согласие | 56 | +237.37 | +2.4 % | -1.6 % | 1.45 |
| общая (агрессивная) | $100000 | обе руки | 1210 | +35306.10 | +35.3 % | -5.6 % | 6.29 |
| общая (агрессивная) | $100000 | согласие | 56 | +2378.86 | +2.4 % | -1.6 % | 1.46 |

## Как читать

- Согласие РЕЖЕТ число решений, а книга на меньшем листе меняется сама по себе: случайная выборка того же размера стоит рядом именно поэтому. Правилом согласие становится только если оно бьёт свою же долю на большинстве зёрен.
- Веса модели видели эти часы у ОБЕИХ веток одинаково: сравнение честное, но обе ветки — оценка сверху.
- Книга здесь не заводится: это ответ на «что было бы», а не предложение правила.

конец: 2026-09-12T21:57:10Z, код 0
