== задание agree-books-deploy-1 ==
строка: restart-book
начало: 2026-08-31T09:26:12Z
перезапуск сборщика и циклов
== останавливаю прежний ==
жду закрытия файлов...........
== обновляю код ==
Already up to date.
== запускаю ==
== поднялся, хвост журнала ==
[       5 с] шард 3: подключён, подписываюсь на 120 тем
[       6 с] шард 4: подключён, подписываюсь на 120 тем
[       7 с] шард 5: подключён, подписываюсь на 120 тем
[       8 с] ВНИМАНИЕ: полный проход снимков занял 1.38 с при шаге 1 с — снимков в часе будет около 2607, не 3600
[       8 с] шард 6: подключён, подписываюсь на 120 тем
[      10 с] шард 7: подключён, подписываюсь на 120 тем
[      11 с] шард 8: подключён, подписываюсь на 120 тем
[      12 с] шард 9: подключён, подписываюсь на 120 тем
== перезапускаю циклы обучения ==
  не запущен: s8_loop/train.py --pretest
  остановлен, сторож поднимет: s8_loop/train.py$
публикуется в ветку main:
 jobs/done/agree-books-deploy-1.done |  1 +
 jobs/done/agree-books-deploy-1.log  | 21 +++++++++++++++++++++
 jobs/done/agree-drain-1.log         |  7 +++++++
 jobs/poke.log                       |  3 +++
 research/s8_loop/out/day_brake.json |  2 +-
 5 files changed, 33 insertions(+), 1 deletion(-)
To github.com:n0tgod/algoth_v2.git
   95a9863..60931f4  main -> main
branch 'main' set up to track 'origin/main'.
опубликовано
