== задание agree-width-1 ==
строка: run research/probe_agree/basket_width.py --tag 1m
начало: 2026-08-31T10:47:01Z
запускаю: .venv/bin/python research/probe_agree/basket_width.py --tag 1m
[10:47:02] сечений 20 по 2 рукам, пол 0 б.п.
[10:47:19] мост N=6: совпало 1.000 на 6 часах
[10:47:19] N=6 gbm: base +0.00, agreed +0.00, ног в час 6.0/2.0
[10:47:19] N=6 nn: base +0.00, agreed +0.00, ног в час 6.0/2.0
[10:47:20] N=12 gbm: base +0.00, agreed +0.00, ног в час 12.0/2.0
[10:47:20] N=12 nn: base +0.00, agreed +0.00, ног в час 12.0/2.5
[10:47:20] N=20 gbm: base +0.00, agreed +0.00, ног в час 20.0/2.3
[10:47:20] N=20 nn: base +0.00, agreed +0.00, ног в час 20.0/2.3
[10:47:20] N=30 gbm: base +0.00, agreed +0.00, ног в час 30.0/2.3
[10:47:20] N=30 nn: base +0.00, agreed +0.00, ног в час 30.0/3.0
[10:47:20] отчёт: /root/algoth_v2/research/probe_agree/out/AGREE-width-1m.md · 19.0 с
публикуется в ветку main:
 jobs/done/agree-basket-1.log                 |   7 +
 jobs/done/agree-width-1.done                 |   1 +
 jobs/done/agree-width-1.log                  |  15 +
 jobs/poke.log                                |   3 +
 research/probe_agree/out/AGREE-width-1m.md   |  62 +++
 research/probe_agree/out/agree-width-1m.json | 547 +++++++++++++++++++++++++++
 research/s8_loop/out/day_brake.json          |   2 +-
 7 files changed, 636 insertions(+), 1 deletion(-)
To github.com:n0tgod/algoth_v2.git
   4924843..c2af3e0  main -> main
branch 'main' set up to track 'origin/main'.
опубликовано
конец: 2026-08-31T10:47:22Z, код 0
публикуется в ветку main:
 jobs/done/agree-width-1.log | 14 ++++++++++++++
 1 file changed, 14 insertions(+)
To github.com:n0tgod/algoth_v2.git
   c2af3e0..0d1231f  main -> main
branch 'main' set up to track 'origin/main'.
опубликовано
