== задание agree-books-status-1 ==
строка: status
начало: 2026-08-31T09:32:34Z
--- диск ---
Filesystem      Size  Used Avail Use% Mounted on
/dev/sda1       150G   67G   78G  47% /
/dev/sdb        147G  106G   34G  76% /mnt/HC_Volume_106683528
--- процессы ---
669148 bot/target/release/bot live --s8 research/s8_loop/out/model_sit_lo --journal bot/out/live --keys /root/.bybit/live.env --base https://api.bybit.com --arm gbm --capital 300 --interval-sec 5 --clear-halt
926362 .venv/bin/python research/b1_book/collect.py --http 8765
926507 .venv/bin/python research/s8_loop/train.py
--- статус сбора ---
{"t": 1788168750.7, "uptime_sec": 365.1, "messages": 1523342, "trades": 136506, "resets": 0, "last_msg_age_sec": 0.0, "snapshots": 247448, "snapshot_errors": 0, "last_snap_age_sec": 1.0, "snap_pass_sec": 0.285, "writes": {"book": 247448, "trades": 136503, "raw": 3707, "liq": 23, "metrics": 735}, "write_age_sec": {"book": 1.0, "trades": 0.2, "raw": 0.2, "liq": 14.5, "metrics": 63.2}, "symbols": {"0GUSDT": {"ready": true, "bid": 0.198, "ask": 0.1981, "resets": 0}, "1000000BABYDOGEUSDT": {"ready": true, "bid": 0.0003568, "ask": 0.0003571, "resets": 0}, "1000000MOGUSDT": {"ready": true, "bid": 0.1083, "ask": 0.1084, "resets": 0}, "10000NEXUSDT": {"ready": true, "bid": 0.01448, "ask": 0.01453, "r
--- живой исполнитель ---
{
  "at_ms": 1788168752787,
  "capital_usd": 300.0,
  "dry": false,
  "entries_paused": false,
  "halted": "часовой цикл молчит 3.0 ч при пределе 3 ч (§5) — позиции без сканера не управляет никто",
  "lev_errors": null,
  "limits_off": true,
  "note": null,
  "positions": [],
  "realized_today_usd": 0.0,
  "realized_total_usd": -21.265818699799986,
  "rejects_row": 0,
  "stale_entries_skipped": 79,
  "tp_errors": null,
  "wallet": {
    "balance": 284.21345292,
    "equity": 284.21345292
  }
}
конец: 2026-08-31T09:32:34Z
