== задание books-registry-status ==
строка: status
начало: 2026-08-31T14:52:08Z
--- диск ---
Filesystem      Size  Used Avail Use% Mounted on
/dev/sda1       150G   67G   78G  47% /
/dev/sdb        147G  107G   33G  77% /mnt/HC_Volume_106683528
--- процессы ---
669148 bot/target/release/bot live --s8 research/s8_loop/out/model_sit_lo --journal bot/out/live --keys /root/.bybit/live.env --base https://api.bybit.com --arm gbm --capital 300 --interval-sec 5 --clear-halt
940279 .venv/bin/python research/b1_book/collect.py --http 8765
--- статус сбора ---
{"t": 1788187925.4, "uptime_sec": 76.2, "messages": 361445, "trades": 31146, "resets": 0, "last_msg_age_sec": 0.0, "snapshots": 31397, "snapshot_errors": 0, "last_snap_age_sec": 1.5, "snap_pass_sec": 6.497, "writes": {"book": 31397, "trades": 31131, "raw": 2634, "liq": 2}, "write_age_sec": {"book": 1.5, "trades": 0.5, "raw": 0.1, "liq": 54.2}, "symbols": {"0GUSDT": {"ready": true, "bid": 0.2048, "ask": 0.2051, "resets": 0}, "1000000BABYDOGEUSDT": {"ready": true, "bid": 0.0003546, "ask": 0.0003549, "resets": 0}, "1000000MOGUSDT": {"ready": true, "bid": 0.1072, "ask": 0.1073, "resets": 0}, "10000NEXUSDT": {"ready": true, "bid": 0.01439, "ask": 0.01445, "resets": 0}, "10000SATSUSDT": {"ready": 
--- живой исполнитель ---
{
  "at_ms": 1788187926915,
  "capital_usd": 300.0,
  "dry": false,
  "entries_paused": false,
  "halted": "часовой цикл молчит 3.0 ч при пределе 3 ч (§5) — позиции без сканера не управляет никто",
  "lev_errors": null,
  "limits_off": true,
  "note": null,
  "positions": [],
  "realized_today_usd": 0.0,
  "realized_total_usd": -21.265818699799986,
  "rejects_row": 0,
  "stale_entries_skipped": 79,
  "tp_errors": null,
  "wallet": {
    "balance": 284.21345292,
    "equity": 284.21345292
  }
}
конец: 2026-08-31T14:52:08Z
публикуется в ветку main:
 jobs/done/books-registry-deploy.log | 11 +++++++++++
 jobs/done/books-registry-status.log | 34 ++++++++++++++++++++++++++++++++++
 jobs/poke.log                       |  2 ++
 3 files changed, 47 insertions(+)
To github.com:n0tgod/algoth_v2.git
   758989d..16311d7  main -> main
branch 'main' set up to track 'origin/main'.
опубликовано
