== задание books-0510 ==
строка: run tools/loggrep.py --file watchdog --preset books --days 1 --last 14
начало: 2026-10-05T22:59:05Z
запускаю: .venv/bin/python tools/loggrep.py --file watchdog --preset books --days 1 --last 14
== research/b1_book/out/watchdog.log по образцу /DCA-книги|короткие книги h24|общий счёт|ПЕРЕЗАПУСК/ за 1 сут ==
  совпадений 60
  2026-10-05: 60
  [2026-10-05T18:05:01Z] короткие книги h24: последний счёт 3721 с назад — прогон
  [2026-10-05T18:10:01Z] общий счёт: книги-источники свежее — прогон
  [2026-10-05T18:55:01Z] DCA-книги: последний счёт 3781 с назад — прогон
  [2026-10-05T19:10:02Z] короткие книги h24: последний счёт 3722 с назад — прогон
  [2026-10-05T19:15:01Z] общий счёт: книги-источники свежее — прогон
  [2026-10-05T20:00:01Z] DCA-книги: последний счёт 3781 с назад — прогон
  [2026-10-05T20:15:01Z] короткие книги h24: последний счёт 3721 с назад — прогон
  [2026-10-05T20:20:01Z] общий счёт: книги-источники свежее — прогон
  [2026-10-05T21:05:02Z] DCA-книги: последний счёт 3781 с назад — прогон
  [2026-10-05T21:20:01Z] короткие книги h24: последний счёт 3721 с назад — прогон
  [2026-10-05T21:25:02Z] общий счёт: книги-источники свежее — прогон
  [2026-10-05T22:10:01Z] DCA-книги: последний счёт 3781 с назад — прогон
  [2026-10-05T22:25:01Z] короткие книги h24: последний счёт 3781 с назад — прогон
  [2026-10-05T22:30:01Z] общий счёт: книги-источники свежее — прогон
конец: 2026-10-05T22:59:06Z, код 0
публикуется в ветку main:
 jobs/done/books-0510.done           |  1 +
 jobs/done/books-0510.log            | 22 ++++++++++++++++++++++
 jobs/done/cycle-0510.log            | 11 +++++++++++
 jobs/poke.log                       |  3 +++
 research/s8_loop/out/day_brake.json |  2 +-
 5 files changed, 38 insertions(+), 1 deletion(-)
To github.com:n0tgod/algoth_v2.git
   aa1f618d..6439d14a  main -> main
branch 'main' set up to track 'origin/main'.
опубликовано
