== задание books-registry-deploy2 ==
строка: restart-book
начало: 2026-08-31T15:01:24Z
перезапуск сборщика и циклов
== останавливаю прежний ==
жду закрытия файлов........................
== обновляю код ==
Already up to date.
== запускаю ==
== поднялся, хвост журнала ==
[       5 с] шард 3: подключён, подписываюсь на 120 тем
[       6 с] шард 4: подключён, подписываюсь на 120 тем
[       7 с] шард 5: подключён, подписываюсь на 120 тем
[       9 с] шард 6: подключён, подписываюсь на 120 тем
[       9 с] шард 7: подключён, подписываюсь на 120 тем
[      11 с] шард 8: подключён, подписываюсь на 120 тем
[      11 с] ВНИМАНИЕ: полный проход снимков занял 4.64 с при шаге 1 с — снимков в часе будет около 775, не 3600
[      11 с] шард 9: подключён, подписываюсь на 120 тем
== перезапускаю циклы обучения ==
  не запущен: s8_loop/train.py --pretest
  остановлен, сторож поднимет: s8_loop/train.py$
публикуется в ветку main:
 jobs/done/books-registry-deploy2.done |  1 +
 jobs/done/books-registry-deploy2.log  | 21 +++++++++++++++++++++
 jobs/done/cycle-health-0831.log       |  8 ++++++++
 jobs/done/status-after-0831.done      |  1 +
 jobs/done/status-after-0831.log       | 11 +++++++++++
 jobs/poke.log                         |  4 ++++
 research/s8_loop/out/day_brake.json   |  2 +-
 7 files changed, 47 insertions(+), 1 deletion(-)
To github.com:n0tgod/algoth_v2.git
   3bef7f5..80969aa  main -> main
branch 'main' set up to track 'origin/main'.
опубликовано
