== задание build-ceiling-fix ==
строка: agents-run build
начало: 2026-09-01T16:32:44Z
запускаю роль: build 
авторизация: вход CLI (подписка)
ge` только читает. Выбраны **листы сечения, а не бары**: бары читаются лишь за ногами, прошедшими чьи-то гейты (`needed_legs`), то есть окно баров было бы функцией от гейтов самого кандидата — ровно чинимый дефект. Сутки считаются, а не берутся размахом: дня, которого в записи нет, книге торговать не давали. Цена выбора названа в докстринге: сутки с листом, но без баров входят в знаменатель, то есть он завышен — ошибка в сторону строгости.

2. **Знаменатель закреплён.** Оба случая адверсария теперь падают в `closed`: одна сделка при пустом пуле и три сделки в те же трое суток, что у живого. Артефакт прежнего образца (`meta.record_days` нет) даёт `undetermined`, а не молчаливый откат к union — проверено на боевом `factory-day-1m.json`.

3. **Фикстуры возможны для живого писателя.** `artifact()` отказывается строить артефакт, где суток в ряду больше, чем сделок; инвариант доказан настоящим `candidate.daily_net`. Правлены четыре прежние фикстуры (7 сделок при 40 сутках и т. п.).

4. **Пороги закреплены значением:** 30 сделок за 40 суток закрыты (уполовиненный порог их пропустил бы); знаковая связь закреплена зеркалом (`abs()` его закрыл бы).

5. **Обе фразы выводятся из числа решения** — оговорка про окно вылета считается `min_tpd × WINDOW_D`, порог общих суток в отчёте берётся из вердикта.

6. **Правило «ключ дня — число»** закреплено тестом на порядке (998/1000/1001), неверный довод в докстринге заменён верным, и прямо сказано, что сегодня ни одна ветка от порядка не зависит.

Правило «по доходности не судим» и единственность формулы связи не тронуты.

**Проверки:** 23 блока / 108 проверок в `test_ceiling.py`, `test_run_day.py` (4) и `test_factory.py` (25) зелёные. **Все десять объявленных контролей применены скриптом и кусаются** — каждый роняет прогон и именно названную проверку; один пришлось переименовать: подделка порога в отчёте ловится проверкой «константа модуля в отчёт не просочилась», потому что строка вердикта в том же файле по-прежнему несёт верное число (это и есть то противоречие, которое нашёл адверсарий).

**Чего не делал, называю явно:** дедуп журнала потолка идёт по вердикту, и `closed` по измеримости, сменившийся на `closed` по связи, второй строкой не пишется. Адверсарий назвал это замечанием, задание в список не включило, а смена семантики дедупа — смена правила, которое я менять не вправе.
КОНТРАКТ: build.json: контролей 10, а предел 8: проверка контракта не должна стоить дороже постройки
конец: 2026-09-01T16:45:23Z, код 1
публикуется в ветку main:
 jobs/done/adversary-ceiling.log        |  7 +++
 jobs/done/build-ceiling-fix.done       |  1 +
 jobs/done/build-ceiling-fix.log        | 24 ++++++++++
 jobs/poke.log                          |  3 ++
 research/factory/out/agents-runs.jsonl |  2 +
 research/factory/out/build.json        | 86 ++++++++++++++++++----------------
 research/s8_loop/out/day_brake.json    |  2 +-
 7 files changed, 83 insertions(+), 42 deletions(-)
To github.com:n0tgod/algoth_v2.git
   128b6e3..0170ec0  main -> main
branch 'main' set up to track 'origin/main'.
опубликовано
