== задание calm-full ==
строка: run research/probe_calm_exec/probe.py --tag 1s
начало: 2026-08-26T20:47:33Z
запускаю: .venv/bin/python research/probe_calm_exec/probe.py --tag 1s
имён 38, суток 23 (2026-08-04 … 2026-08-26), памяти свободно 3376 МБ
  1/38 0GUSDT: записей 5496, всего 5496, 0.3 мин
  2/38 1000TURBOUSDT: записей 5496, всего 10992, 0.8 мин
  3/38 AEVOUSDT: записей 5496, всего 16488, 1.2 мин
  4/38 ANETUSDT: записей 684, всего 17172, 1.3 мин
  5/38 ARXUSDT: записей 5508, всего 22680, 1.7 мин
  6/38 AXLUSDT: записей 5580, всего 28260, 2.0 мин
  7/38 BCHUSDT: записей 5544, всего 33804, 2.5 мин
  8/38 BMTUSDT: записей 5412, всего 39216, 3.7 мин
  9/38 BTCUSDT: записей 5412, всего 44628, 6.7 мин
  10/38 CAKEUSDT: записей 5424, всего 50052, 7.0 мин
  11/38 CKBUSDT: записей 5592, всего 55644, 7.4 мин
  12/38 CVCUSDT: записей 5496, всего 61140, 7.8 мин
  13/38 DOSUSDT: записей 2952, всего 64092, 8.0 мин
  14/38 ENSUSDT: записей 5472, всего 69564, 8.5 мин
  15/38 ETHUSDT: записей 5484, всего 75048, 11.9 мин
  16/38 FILUSDT: записей 5496, всего 80544, 12.4 мин
  17/38 GLMUSDT: записей 5484, всего 86028, 12.9 мин
  18/38 HBARUSDT: записей 5532, всего 91560, 13.6 мин
  19/38 ICPUSDT: записей 5532, всего 97092, 14.1 мин
  20/38 ISRGUSDT: записей 1224, всего 98316, 14.3 мин
  21/38 KITEUSDT: записей 5604, всего 103920, 14.8 мин
  22/38 LRCUSDT: записей 5592, всего 109512, 15.3 мин
  23/38 MEGAUSDT: записей 5592, всего 115104, 15.8 мин
  24/38 MONUSDT: записей 5604, всего 120708, 16.4 мин
  25/38 NEOUSDT: записей 5604, всего 126312, 16.8 мин
  26/38 OPENUSDT: записей 5556, всего 131868, 17.2 мин
  27/38 PHAROSUSDT: записей 5556, всего 137424, 17.5 мин
  28/38 PROMPTUSDT: записей 5556, всего 142980, 17.9 мин
  29/38 RECALLUSDT: записей 5556, всего 148536, 18.3 мин
  30/38 RVNUSDT: записей 5580, всего 154116, 18.8 мин
  31/38 SKLUSDT: записей 5580, всего 159696, 19.2 мин
  32/38 SOSOUSDT: записей 5520, всего 165216, 19.6 мин
  33/38 STXUSDT: записей 5496, всего 170712, 20.1 мин
  34/38 TLMUSDT: записей 5580, всего 176292, 20.6 мин
  35/38 UBUSDT: записей 5580, всего 181872, 21.3 мин
  36/38 VELVETUSDT: записей 5580, всего 187452, 22.2 мин
  37/38 WUSDT: записей 5544, всего 192996, 22.7 мин
  38/38 YBUSDT: записей 5520, всего 198516, 23.1 мин
готово: /root/algoth_v2/research/probe_calm_exec/out/CALM-exec-1s.json
  в спокойный час медиана выгоды РОВНО ноль: типичная лимитка не исполняется и доисполняется тейкером по почти той же цене — читать среднее и разрез по исполненным, медиана здесь вырождена
публикую отчёт
публикуется в ветку main:
 jobs/done/calm-full.done                       |   1 +
 jobs/done/calm-full.log                        |  46 ++
 jobs/done/calm-smoke-2.log                     |  12 +
 jobs/done/z3-fold-2.log                        |   3 +
 jobs/poke.log                                  |   3 +
 research/probe_calm_exec/out/CALM-exec-1s.json | 819 +++++++++++++++++++++++++
 research/probe_calm_exec/out/CALM-exec-1s.md   | 106 ++++
 7 files changed, 990 insertions(+)
To github.com:n0tgod/algoth_v2.git
   a9215f0..5a5c3ba  main -> main
branch 'main' set up to track 'origin/main'.
опубликовано
конец: 2026-08-26T21:10:43Z, код 0
публикуется в ветку main:
 jobs/done/calm-full.log | 14 ++++++++++++++
 1 file changed, 14 insertions(+)
To github.com:n0tgod/algoth_v2.git
   5a5c3ba..a5115ec  main -> main
branch 'main' set up to track 'origin/main'.
опубликовано
