== задание cand-arms2 ==
строка: run tools/diag_cycle.py --cand --tail=2
начало: 2026-09-02T07:53:13Z
запускаю: .venv/bin/python tools/diag_cycle.py --cand --tail=2
=== процесс цикла ===
1078853 .venv/bin/python research/s8_loop/train.py

=== манифест модели ===
возраст 16.3 ч
  trained_at: 2026-09-01T15:36:42+00:00
  train_seq: 518
  cycle_sec: 5683.0
  woke_after_hour_sec: 120.0
  steps_sec: {'сведение часа': 184.5, 'матрица': 45.7, 'книги': 24.3, 'оценка': 0.1, 'канарейка': 1217.4, 'обучение': 4210.9}
  canary_ic: 0.006

=== манифесты книг ===
  model: 16.28 ч
  model.rank-floor0: 494.74 ч
  model.rank-raw: 516.05 ч
  model_c_h4_r_f30_w5_gl_rrlo_se_b0_a0: 0.10 ч
  model_c_h4_z_f22_w10_gl_rr0_sv_b0_a1: 0.10 ч
  model_c_h4_z_f30_w10_gl_rrhi_se_b0_a1: 0.10 ч
  model_c_h4_z_f30_w5_gl_rrlo_se_b0_a0: 0.10 ч
  model_c_h4_z_f30_w5_gl_rrlo_sr_b0_a0: 0.10 ч
  model_c_h4_z_f30_w5_gs_rrhi_se_b0_a1: 0.10 ч
  model_demo: 708.75 ч
  model_h1: 494.53 ч
  model_h1.rank-raw: 517.71 ч
  model_h24: 0.12 ч
  model_h24a: 0.11 ч
  model_h24b: 0.12 ч
  model_h24bf: 0.11 ч
  model_h24c: 0.11 ч
  model_h24z: 0.12 ч
  model_h24za: 0.10 ч
  model_pretest: 616.61 ч
  model_pretest.was-выключен__бета_не_оценима_: 696.78 ч
  model_probe: 710.38 ч
  model_sit: 0.10 ч
  model_sit.rules-v1: 614.11 ч
  model_sit.rules-v10: 475.51 ч
  model_sit.rules-v11: 474.70 ч
  model_sit.rules-v12: 456.25 ч
  model_sit.rules-v2: 613.82 ч
  model_sit.rules-v3: 611.70 ч
  model_sit.rules-v4: 610.61 ч
  model_sit.rules-v5: 609.78 ч
  model_sit.rules-v6: 597.53 ч
  model_sit.rules-v7: 596.78 ч
  model_sit.rules-v8: 493.74 ч
  model_sit.rules-v9: 478.73 ч
  model_sit_lo: 0.10 ч
  model_sit_obs: 0.10 ч
  model_sit_obs.rules-v10: 475.51 ч
  model_sit_obs.rules-v11: 474.70 ч
  model_sit_obs.rules-v12: 456.25 ч
  model_sit_obs.rules-v6: 597.53 ч
  model_sit_obs.rules-v7: 596.78 ч
  model_sit_obs.rules-v8: 493.73 ч
  model_sit_obs.rules-v9: 478.73 ч
  model_sit_r: 0.10 ч
  model_sit_r.rules-v12: 466.58 ч
  model_sit_r.rules-v12-1: 465.42 ч
  model_sit_r.rules-v12-2: 456.25 ч
  model_sit_r.rules-v13: 441.48 ч
  model_z: 517.71 ч

=== книги кандидатов ===
книг в составе: 6
  h4_r_f30_w5_gl_rrlo_se_b0_a0 [selected] слотов 10 пол 30.0 rr 0.0..1.5 на сторону 5 согласие False
    gbm: сделок 6, закрыто 0, открыто 6, вышли без разбора 0, ждут разбора 0, схлопнули 0, последний вход 10 мин назад
    nn: сделок 12, закрыто 2, открыто 10, вышли без разбора 0, ждут разбора 0, схлопнули 0, последний вход 5 мин назад
  h4_z_f22_w10_gl_rr0_sv_b0_a1 [control] слотов 20 пол 22.0 rr 0.0..None на сторону 10 согласие True
    gbm: сделок 10, закрыто 0, открыто 10, вышли без разбора 0, ждут разбора 0, схлопнули 0, последний вход 4 мин назад
    nn: сделок 23, закрыто 3, открыто 20, вышли без разбора 0, ждут разбора 0, схлопнули 0, последний вход 4 мин назад
  h4_z_f30_w10_gl_rrhi_se_b0_a1 [control] слотов 20 пол 30.0 rr 2.0..None на сторону 10 согласие True
    gbm: сделок 2, закрыто 0, открыто 2, вышли без разбора 0, ждут разбора 0, схлопнули 0, последний вход 18 мин назад
    nn: сделок 8, закрыто 1, открыто 7, вышли без разбора 0, ждут разбора 0, схлопнули 0, последний вход 2 мин назад
  h4_z_f30_w5_gl_rrlo_se_b0_a0 [selected] слотов 10 пол 30.0 rr 0.0..1.5 на сторону 5 согласие False
    gbm: сделок 6, закрыто 0, открыто 6, вышли без разбора 0, ждут разбора 0, схлопнули 0, последний вход 10 мин назад
    nn: сделок 12, закрыто 2, открыто 10, вышли без разбора 0, ждут разбора 0, схлопнули 0, последний вход 5 мин назад
  h4_z_f30_w5_gl_rrlo_sr_b0_a0 [selected] слотов 10 пол 30.0 rr 0.0..1.5 на сторону 5 согласие False
    gbm: сделок 6, закрыто 0, открыто 6, вышли без разбора 0, ждут разбора 0, схлопнули 0, последний вход 10 мин назад
    nn: сделок 12, закрыто 2, открыто 10, вышли без разбора 0, ждут разбора 0, схлопнули 0, последний вход 5 мин назад
  h4_z_f30_w5_gs_rrhi_se_b0_a1 [control] слотов 10 пол 30.0 rr 2.0..None на сторону 5 согласие True
    gbm: сделок 2, закрыто 0, открыто 2, вышли без разбора 0, ждут разбора 0, схлопнули 0, последний вход 18 мин назад
    nn: сделок 8, закрыто 1, открыто 7, вышли без разбора 0, ждут разбора 0, схлопнули 0, последний вход 2 мин назад

=== хвост train.log ===
возраст 6.1 мин, размер 7966284 Б
[09-02 07:47:05] обучение пропущено по каденции: весам 16.2 ч при каденции 24; цикл 123 с (сведение часа 13 с, матрица 46 с, книги 64 с, оценка 0 с)
[09-02 07:47:05] следующая попытка через 14 мин (обучения не было)
конец: 2026-09-02T07:53:13Z, код 0
публикуется в ветку main:
 jobs/done/cand-arms.log   | 12 ++++++
 jobs/done/cand-arms2.done |  1 +
 jobs/done/cand-arms2.log  | 94 +++++++++++++++++++++++++++++++++++++++++++++++
 jobs/poke.log             |  5 +++
 4 files changed, 112 insertions(+)
To github.com:n0tgod/algoth_v2.git
   72de469..64e786e  main -> main
branch 'main' set up to track 'origin/main'.
опубликовано
