== задание cand-arms ==
строка: run tools/diag_cycle.py --cand --tail=5
начало: 2026-09-02T07:49:10Z
запускаю: .venv/bin/python tools/diag_cycle.py --cand --tail=5
=== процесс цикла ===
1078853 .venv/bin/python research/s8_loop/train.py

=== манифест модели ===
возраст 16.2 ч
  trained_at: 2026-09-01T15:36:42+00:00
  train_seq: 518
  cycle_sec: 5683.0
  woke_after_hour_sec: 120.0
  steps_sec: {'сведение часа': 184.5, 'матрица': 45.7, 'книги': 24.3, 'оценка': 0.1, 'канарейка': 1217.4, 'обучение': 4210.9}
  canary_ic: 0.006

=== манифесты книг ===
  model: 16.21 ч
  model.rank-floor0: 494.67 ч
  model.rank-raw: 515.98 ч
  model_c_h4_r_f30_w5_gl_rrlo_se_b0_a0: 0.04 ч
  model_c_h4_z_f22_w10_gl_rr0_sv_b0_a1: 0.04 ч
  model_c_h4_z_f30_w10_gl_rrhi_se_b0_a1: 0.04 ч
  model_c_h4_z_f30_w5_gl_rrlo_se_b0_a0: 0.04 ч
  model_c_h4_z_f30_w5_gl_rrlo_sr_b0_a0: 0.04 ч
  model_c_h4_z_f30_w5_gs_rrhi_se_b0_a1: 0.03 ч
  model_demo: 708.68 ч
  model_h1: 494.46 ч
  model_h1.rank-raw: 517.64 ч
  model_h24: 0.05 ч
  model_h24a: 0.04 ч
  model_h24b: 0.05 ч
  model_h24bf: 0.04 ч
  model_h24c: 0.04 ч
  model_h24z: 0.05 ч
  model_h24za: 0.04 ч
  model_pretest: 616.54 ч
  model_pretest.was-выключен__бета_не_оценима_: 696.71 ч
  model_probe: 710.31 ч
  model_sit: 0.04 ч
  model_sit.rules-v1: 614.05 ч
  model_sit.rules-v10: 475.45 ч
  model_sit.rules-v11: 474.63 ч
  model_sit.rules-v12: 456.18 ч
  model_sit.rules-v2: 613.75 ч
  model_sit.rules-v3: 611.63 ч
  model_sit.rules-v4: 610.54 ч
  model_sit.rules-v5: 609.71 ч
  model_sit.rules-v6: 597.46 ч
  model_sit.rules-v7: 596.72 ч
  model_sit.rules-v8: 493.67 ч
  model_sit.rules-v9: 478.66 ч
  model_sit_lo: 0.04 ч
  model_sit_obs: 0.04 ч
  model_sit_obs.rules-v10: 475.45 ч
  model_sit_obs.rules-v11: 474.63 ч
  model_sit_obs.rules-v12: 456.18 ч
  model_sit_obs.rules-v6: 597.46 ч
  model_sit_obs.rules-v7: 596.72 ч
  model_sit_obs.rules-v8: 493.67 ч
  model_sit_obs.rules-v9: 478.66 ч
  model_sit_r: 0.04 ч
  model_sit_r.rules-v12: 466.51 ч
  model_sit_r.rules-v12-1: 465.36 ч
  model_sit_r.rules-v12-2: 456.18 ч
  model_sit_r.rules-v13: 441.41 ч
  model_z: 517.64 ч

=== книги кандидатов ===
книг в составе: 6
  h4_r_f30_w5_gl_rrlo_se_b0_a0 [selected] слотов 10 пол 30.0 rr 0.0..1.5 на сторону 5 согласие False
    gbm: выборов 6, разобрано 0, открыто 6, последний 6 мин назад
    nn: выборов 12, разобрано 2, открыто 0, последний 1 мин назад
  h4_z_f22_w10_gl_rr0_sv_b0_a1 [control] слотов 20 пол 22.0 rr 0.0..None на сторону 10 согласие True
    gbm: выборов 8, разобрано 0, открыто 8, последний 0 мин назад
    nn: выборов 21, разобрано 3, открыто 0, последний 0 мин назад
  h4_z_f30_w10_gl_rrhi_se_b0_a1 [control] слотов 20 пол 30.0 rr 2.0..None на сторону 10 согласие True
    gbm: выборов 2, разобрано 0, открыто 2, последний 14 мин назад
    nn: выборов 6, разобрано 0, открыто 6, последний 0 мин назад
  h4_z_f30_w5_gl_rrlo_se_b0_a0 [selected] слотов 10 пол 30.0 rr 0.0..1.5 на сторону 5 согласие False
    gbm: выборов 6, разобрано 0, открыто 6, последний 6 мин назад
    nn: выборов 12, разобрано 2, открыто 0, последний 1 мин назад
  h4_z_f30_w5_gl_rrlo_sr_b0_a0 [selected] слотов 10 пол 30.0 rr 0.0..1.5 на сторону 5 согласие False
    gbm: выборов 6, разобрано 0, открыто 6, последний 6 мин назад
    nn: выборов 12, разобрано 2, открыто 0, последний 1 мин назад
  h4_z_f30_w5_gs_rrhi_se_b0_a1 [control] слотов 10 пол 30.0 rr 2.0..None на сторону 5 согласие True
    gbm: выборов 2, разобрано 0, открыто 2, последний 14 мин назад
    nn: выборов 6, разобрано 0, открыто 6, последний 0 мин назад

=== хвост train.log ===
возраст 2.1 мин, размер 7966284 Б
[09-02 07:46:01] матрица: 745 символов × 807 часов, сечений с ≥30 именами: 718, признаков 50
[09-02 07:46:56] кандидаты фабрики: книг 6 (живых 6), без живой книги 1
[09-02 07:46:56]   h4_z_f30_w5_gt_rrlo_se_b0_a0: живой книги нет — выход по времени: живой книге со сроком нужны РАЗНЫЕ цель отбора и горизонт удержания (отбор по 4 ч, удержание 24 ч), а цикл сегодня их не разделяет
[09-02 07:47:05] обучение пропущено по каденции: весам 16.2 ч при каденции 24; цикл 123 с (сведение часа 13 с, матрица 46 с, книги 64 с, оценка 0 с)
[09-02 07:47:05] следующая попытка через 14 мин (обучения не было)
конец: 2026-09-02T07:49:10Z, код 0
