== задание chart-window ==
строка: restart-book
начало: 2026-09-05T14:38:54Z
перезапуск сборщика и циклов
== останавливаю прежний ==
жду закрытия файлов........
== обновляю код ==
Already up to date.
== запускаю ==
== поднялся, хвост журнала ==
[       3 с] шард 1: подключён, подписываюсь на 120 тем
[       4 с] шард 2: подключён, подписываюсь на 120 тем
[       5 с] шард 3: подключён, подписываюсь на 120 тем
[       6 с] шард 4: подключён, подписываюсь на 120 тем
[       8 с] шард 5: подключён, подписываюсь на 120 тем
[       9 с] шард 6: подключён, подписываюсь на 120 тем
[       9 с] ВНИМАНИЕ: полный проход снимков занял 1.91 с при шаге 1 с — снимков в часе будет около 1880, не 3600
[      11 с] шард 7: подключён, подписываюсь на 120 тем
== перезапускаю циклы обучения ==
  не запущен: s8_loop/train.py --pretest
  остановлен, сторож поднимет: s8_loop/train.py$
публикуется в ветку main:
 jobs/done/chart-window.done         |  1 +
 jobs/done/chart-window.log          | 21 +++++++++++++++++++++
 jobs/done/dca-take-restart.log      | 10 ++++++++++
 jobs/poke.log                       |  3 +++
 research/s8_loop/out/day_brake.json |  2 +-
 5 files changed, 36 insertions(+), 1 deletion(-)
To github.com:n0tgod/algoth_v2.git
   9487b17..e75b79d  main -> main
branch 'main' set up to track 'origin/main'.
опубликовано
