== задание check-cand ==
строка: status
начало: 2026-09-02T07:07:52Z
--- диск ---
Filesystem      Size  Used Avail Use% Mounted on
/dev/sda1       150G   67G   78G  47% /
/dev/sdb        147G  112G   28G  81% /mnt/HC_Volume_106683528
--- процессы ---
669148 bot/target/release/bot live --s8 research/s8_loop/out/model_sit_lo --journal bot/out/live --keys /root/.bybit/live.env --base https://api.bybit.com --arm gbm --capital 300 --interval-sec 5 --clear-halt
1074525 .venv/bin/python research/b1_book/collect.py --http 8765
--- статус сбора ---
{"t": 1788332871.5, "uptime_sec": 173.4, "messages": 652682, "trades": 56528, "resets": 0, "last_msg_age_sec": 0.0, "snapshots": 118708, "snapshot_errors": 0, "last_snap_age_sec": 1.7, "snap_pass_sec": 0.507, "writes": {"book": 118708, "trades": 56521, "raw": 4371, "liq": 6}, "write_age_sec": {"book": 1.7, "trades": 0.2, "raw": 0.1, "liq": 62.9}, "symbols": {"0GUSDT": {"ready": true, "bid": 0.1875, "ask": 0.1876, "resets": 0}, "1000000BABYDOGEUSDT": {"ready": true, "bid": 0.0003705, "ask": 0.0003707, "resets": 0}, "1000000MOGUSDT": {"ready": true, "bid": 0.1049, "ask": 0.105, "resets": 0}, "10000NEXUSDT": {"ready": true, "bid": 0.01443, "ask": 0.01449, "resets": 0}, "10000SATSUSDT": {"ready"
--- живой исполнитель ---
{
  "at_ms": 1788332868639,
  "capital_usd": 300.0,
  "dry": false,
  "entries_paused": false,
  "halted": "часовой цикл молчит 3.0 ч при пределе 3 ч (§5) — позиции без сканера не управляет никто",
  "lev_errors": null,
  "limits_off": true,
  "note": null,
  "positions": [],
  "realized_today_usd": 0.0,
  "realized_total_usd": -21.265818699799986,
  "rejects_row": 0,
  "stale_entries_skipped": 79,
  "tp_errors": null,
  "wallet": {
    "balance": 284.21345292,
    "equity": 284.21345292
  }
}
конец: 2026-09-02T07:07:52Z
публикуется в ветку main:
 jobs/done/check-cand.log      | 34 ++++++++++++++++++++++++++++++++++
 jobs/done/live-cand-books.log | 10 ++++++++++
 jobs/poke.log                 |  2 ++
 3 files changed, 46 insertions(+)
To github.com:n0tgod/algoth_v2.git
   ca6ed0f..eb94b55  main -> main
branch 'main' set up to track 'origin/main'.
опубликовано
