== задание conc-pair ==
строка: run research/dca_paper/run_pair.py
начало: 2026-09-11T14:48:29Z
запускаю: .venv/bin/python research/dca_paper/run_pair.py 
длинные книги: aggr 7349, optimal 7349, safe 7349
короткие книги: aggr_h 3273, optimal_h 3273, safe_h 3273
pair_safe: фильтр возраста ≥7 сут оставил 2686 из 3273 (моложе порога 587, возраст неизвестен 0)
pair_optimal: фильтр возраста ≥7 сут оставил 2686 из 3273 (моложе порога 587, возраст неизвестен 0)
pair_aggr: фильтр возраста ≥7 сут оставил 2686 из 3273 (моложе порога 587, возраст неизвестен 0)
линейка общая (безопасная) (pair_safe): позиций 10035, после правила одной на имя 2406
  депозит $1,000: мест 40, взято 696, нет кассы 1710, мельче $5 0, открытых 22, оборванных записью 1
  депозит $10,000: мест 400, взято 1542, нет кассы 864, мельче $5 0, открытых 22, оборванных записью 3
  депозит $100,000: мест 735, взято 1746, нет кассы 660, мельче $5 0, открытых 22, оборванных записью 3
линейка общая (оптимальная) (pair_optimal): позиций 10035, после правила одной на имя 2476
  депозит $1,000: мест 40, взято 725, нет кассы 1751, мельче $5 0, открытых 22, оборванных записью 1
  депозит $10,000: мест 400, взято 2195, нет кассы 281, мельче $5 0, открытых 23, оборванных записью 5
  депозит $100,000: мест 735, взято 2476, нет кассы 0, мельче $5 0, открытых 23, оборванных записью 5
линейка общая (агрессивная) (pair_aggr): позиций 10035, гейт плеча отсеял 6500, после правила одной на имя 1198
  депозит $1,000: мест 40, взято 960, нет кассы 238, мельче $5 0, открытых 8, оборванных записью 3
  депозит $10,000: мест 400, взято 1198, нет кассы 0, мельче $5 0, открытых 8, оборванных записью 3
  депозит $100,000: мест 393, взято 1198, нет кассы 0, мельче $5 0, открытых 8, оборванных записью 3
журнал: было 70880, дописано 9 в 1 файлов записи
раздельные счета: издержки вычтены у 16305 строк из 16305
# Общий счёт: длинная книга и короткая на одном депозите

Требование владельца 2026-09-07: «для общей должен быть один общий счёт, а не по отдельности». Решения обеих книг стоят в ОДНОЙ очереди за деньгами: занятая одной стороной маржа недоступна другой, и часть сделок поэтому не случается вовсе. Числа общей книги не равны сумме двух отдельных — это и есть разница режимов, а не расхождение счёта.

Билет у каждой стороны СВОЙ (он выведен из пика её одновременных позиций), гейт плеча и правило «одна позиция на имя» — тоже правила стороны. Издержки учтены в каждой сделке, как и в отдельных книгах.

**Возраст имени на входе шорта** (решение владельца 2026-09-08, объявлено ДО прогона): короткая сторона не входит в имя, торгующееся на площадке меньше 7 сут; возраст неизвестен — входа тоже нет, и это своё число. Основание: на объявленной сетке (0, 3, 7, 14, 30, 60 суток) отношение доход/просадка растёт с 1.24 / 1.19 / 0.95 до 3.26 / 3.00 / 2.36 уже на семи сутках, а случайная выборка ровно того же размера бьёт фильтр лишь в 2–9 % случаев из 200 зёрен. Механизм назван: плюс книги делают имена старше 60 суток, моложе недели — минус с худшей медианой сделки и большей долей хвостовых исходов; funding тут ни при чём — у молодых имён он шорту благоприятен. Порог взят наименьший из работающих, а не лучшая ячейка: различить 7, 30 и 60 суток данные одного окна не позволяют. Отдельные короткие книги получили тот же фильтр 2026-09-08 по решению владельца, и живого контроля у правила с этого дня нет: контроль расчётный, обе ветки на одном кэше. Гейт по ставке funding снят 2026-09-08 (держался на «ставка неизвестна»); его машинерия проверена и оставлена.

| книга | порог | решений предложено | взято | моложе порога | возраст неизвестен | справочнику часов |
|---|---|--:|--:|--:|--:|--:|
| общая (безопасная) | ≥7 сут | 3273 | 2686 | 587 | 0 | 9.8 |
| общая (оптимальная) | ≥7 сут | 3273 | 2686 | 587 | 0 | 9.8 |
| общая (агрессивная) | ≥7 сут | 3273 | 2686 | 587 | 0 | 9.8 |

**Доля билета короткой стороны** (решение владельца 2026-09-07 по замеру `short_why`, объявлено ДО прогона): общая (безопасная) 1×, общая (оптимальная) 0.25×, общая (агрессивная) 0.25×. Просадку общего счёта делает хвост короткой стороны (пол капитуляции и ликвидация, funding на большом плече), а не связь сторон — она отрицательна у всех трёх пар. Доля не опускает билет ниже биржевого пола: на депозите $1 000 билеты и так стоят на полу, и там правило не кусается.

| книга | депозит | билет длинной | билет короткой | её собственный | доля |
|---|--:|--:|--:|--:|--:|
| общая (безопасная) | $1000 | $25 | $25 | $25 | 1.00× |
| общая (безопасная) | $10000 | $25 | $222 | $222 | 1.00× |
| общая (безопасная) | $100000 | $145 | $2222 | $2222 | 1.00× |
| общая (оптимальная) | $1000 | $25 | $25 | $25 | 1.00× |
| общая (оптимальная) | $10000 | $25 | $55.5 | $222 | 0.25× |
| общая (оптимальная) | $100000 | $145 | $555.5 | $2222 | 0.25× |
| общая (агрессивная) | $1000 | $6.25 | $6.5 | $26 | 0.25× |
| общая (агрессивная) | $10000 | $28 | $66.5 | $266 | 0.25× |
| общая (агрессивная) | $100000 | $281 | $666.5 | $2666 | 0.25× |

## Книги

| книга | депозит | сделок | длинных | коротких | Σ $ | итог | просадка | медиана дня | плюсов | $ без лучшего имени | $ без 3 лучших дней | просадка без худшего дня связь сторон | совпадений имён |
|---|--:|--:|--:|--:|--:|--:|--:|--:|--:|--:|--:|--:|--:|--:|
| общая (безопасная) | $1000 | 673 | 205 | 468 | +337.00 | +33.70 % | -9.53 % | +0.01 | 0.632 % | +281.43 | +154.64 | -5.1 % | -0.487 | 3 (0.6 %) |
| общая (безопасная) | $10000 | 1517 | 955 | 562 | +3065.98 | +30.66 % | -8.30 % | +0.01 | 0.684 % | +2585.71 | +1298.02 | -4.7 % | -0.514 | 23 (4.1 %) |
| общая (безопасная) | $100000 | 1721 | 1145 | 576 | +28207.22 | +28.21 % | -9.02 % | +0.01 | 0.698 % | +23395.62 | +10627.31 | -5.1 % | -0.468 | 24 (4.2 %) |
| общая (оптимальная) | $1000 | 702 | 189 | 513 | +483.98 | +48.40 % | -18.75 % | +0.01 | 0.581 % | +401.54 | +159.37 | -11.1 % | -0.322 | 3 (0.6 %) |
| общая (оптимальная) | $10000 | 2167 | 1492 | 675 | +2491.46 | +24.91 % | -4.35 % | +0.01 | 0.711 % | +2339.03 | +1149.17 | -2.7 % | -0.205 | 37 (5.5 %) |
| общая (оптимальная) | $100000 | 2448 | 1773 | 675 | +21206.23 | +21.21 % | -4.38 % | +0.01 | 0.725 % | +19728.38 | +10470.26 | -2.7 % | -0.211 | 46 (6.8 %) |
| общая (агрессивная) | $1000 | 949 | 399 | 550 | +462.66 | +46.27 % | -4.40 % | +0.01 | 0.651 % | +443.14 | +190.00 | -3.3 % | -0.241 | 2 (0.4 %) |
| общая (агрессивная) | $10000 | 1187 | 635 | 552 | +4091.70 | +40.92 % | -5.60 % | +0.01 | 0.707 % | +3892.88 | +1953.98 | -4.3 % | -0.244 | 2 (0.4 %) |
| общая (агрессивная) | $100000 | 1187 | 635 | 552 | +41057.89 | +41.06 % | -5.61 % | +0.01 | 0.707 % | +39063.09 | +19591.23 | -4.3 % | -0.244 | 2 (0.4 %) |

**Колонки концентрации.** «Без лучшего имени» вычитает одну разогнанную монету, «без 3 лучших дней» — рыночный эпизод, раздавший деньги десяткам имён разом (первой колонке он невидим), «просадка без худшего дня» говорит, сделана ли просадка одним днём. У общего счёта это вопрос ОБЕИХ сторон сразу: эпизод, кормящий короткую сторону, обычно тот же, что бьёт длинную, и наоборот — потому лучший день счёта может оказаться худшим днём одной из его книг.


## Один счёт против двух раздельных

Слева общий счёт: депозит один на обе стороны. Справа те же книги, как их показывают собственные вкладки: у каждой свой депозит, то есть капитала вдвое больше. Поэтому сравниваются ДЕНЬГИ и просадка, а проценты у них от разных капиталов. Обе стороны таблицы — НЕТТО: издержки вычтены и там, и там (у раздельных счетов 16305 строк из 16305).

| книга | депозит | Σ $ общий счёт | просадка общего | Σ $ длинная отдельно | Σ $ короткая отдельно | Σ $ двух счетов | сделок общий / врозь |
|---|--:|--:|--:|--:|--:|--:|--:|
| общая (безопасная) | $1000 | +337.00 | -9.53 % | +85.38 | +267.61 | +352.99 | 673 / 1025 |
| общая (безопасная) | $10000 | +3065.98 | -8.30 % | +812.63 | +2501.26 | +3313.89 | 1517 / 2309 |
| общая (безопасная) | $100000 | +28207.22 | -9.02 % | +4971.67 | +25036.18 | +30007.85 | 1721 / 2376 |
| общая (оптимальная) | $1000 | +483.98 | -18.75 % | +88.49 | +528.02 | +616.51 | 702 / 1081 |
| общая (оптимальная) | $10000 | +2491.46 | -4.35 % | +1690.83 | +964.05 | +2654.88 | 2167 / 2381 |
| общая (оптимальная) | $100000 | +21206.23 | -4.38 % | +10244.37 | +9649.47 | +19893.84 | 2448 / 2448 |
| общая (агрессивная) | $1000 | +462.66 | -4.40 % | +303.51 | +160.67 | +464.18 | 949 / 1023 |
| общая (агрессивная) | $10000 | +4091.70 | -5.60 % | +2022.67 | +1646.03 | +3668.70 | 1187 / 1187 |
| общая (агрессивная) | $100000 | +41057.89 | -5.61 % | +20302.28 | +16499.64 | +36801.92 | 1187 / 1187 |

## Издержки: учтены в каждой сделке

Комиссия тейкером на каждом рунге и выходе, проскальзывание 4.4 б.п. (X3: медиана входа 22 заполнений, 2026-08-22…25, потолок 30) на базовый вход и рыночный выход (пол, срок, трейл, стоп), funding по рядам площадки исполнения. Лимитные рунги и тейк проскальзывания не платят по построению.

| книга | депозит | сделок | из них с издержками | комиссия $ | проскальзывание $ | funding $ | издержки всего $ | брутто $ | нетто $ | медиана на сделку, б.п. маржи (комиссия / проскальз. / funding) | среднее, б.п. (там же) | худшая сделка по funding, б.п. |
|---|--:|--:|--:|--:|--:|--:|--:|--:|--:|--:|--:|--:|
| общая (безопасная) | $1,000 | 673 | 673 | -35.98 | -21.26 | -129.41 | -186.65 | +523.66 | +337.00 | +5.2 / +2.3 / +0.0 | +16.7 / +9.8 / -61.9 | -6960 |
| общая (оптимальная) | $1,000 | 702 | 702 | -73.33 | -41.98 | -204.04 | -319.35 | +803.33 | +483.98 | +10.4 / +6.0 / +0.0 | +30.4 / +17.3 / -87.7 | -6975 |
| общая (агрессивная) | $1,000 | 949 | 949 | -43.06 | -22.59 | -95.56 | -161.21 | +623.87 | +462.66 | +48.9 / +18.1 / -2.0 | +54.6 / +28.3 / -119.3 | -7613 |
| общая (безопасная) | $10,000 | 1517 | 1517 | -342.28 | -200.79 | -1218.55 | -1761.62 | +4827.59 | +3065.98 | +5.3 / +2.2 / -0.4 | +11.7 / +6.3 / -30.2 | -6960 |
| общая (оптимальная) | $10,000 | 2167 | 2167 | -218.58 | -114.55 | -458.71 | -791.84 | +3283.29 | +2491.46 | +9.2 / +3.5 / -1.0 | +21.4 / +10.3 / -34.5 | -6975 |
| общая (агрессивная) | $10,000 | 1187 | 1187 | -392.82 | -210.06 | -949.91 | -1552.79 | +5644.49 | +4091.70 | +40.6 / +11.9 / -3.1 | +51.8 / +25.0 / -97.5 | -7613 |
| общая (безопасная) | $100,000 | 1721 | 1721 | -3379.32 | -1987.60 | -12218.57 | -17585.49 | +45792.71 | +28207.22 | +5.5 / +2.2 / -0.5 | +11.3 / +5.9 / -27.2 | -6960 |
| общая (оптимальная) | $100,000 | 2448 | 2448 | -1975.21 | -1054.13 | -4436.23 | -7465.57 | +28671.80 | +21206.23 | +9.2 / +3.5 / -1.2 | +21.2 / +9.8 / -30.7 | -6975 |
| общая (агрессивная) | $100,000 | 1187 | 1187 | -3940.86 | -2107.15 | -9527.52 | -15575.53 | +56633.42 | +41057.89 | +40.6 / +11.9 / -3.1 | +51.8 / +25.0 / -97.5 | -7613 |

**Funding — издержка ХВОСТА, а не средняя**: у 9 книг среднее на сделку в разы дальше от нуля, чем медиана, то есть платят немногие позиции и платят много (долгое удержание на дорогой ставке). общая (безопасная) $1000: медиана +0.0, среднее -61.9, худшая -6960 б.п.; общая (оптимальная) $1000: медиана +0.0, среднее -87.7, худшая -6975 б.п.; общая (агрессивная) $1000: медиана -2.0, среднее -119.3, худшая -7613 б.п..


Чего не удалось измерить: у 104 сделок ряд funding не покрывает жизнь позиции — funding им НЕ начислен (это прочерк, а не ноль: он мал и разного знака, но не измерен); у 7223 сделок ставки тейкера в справочнике нет — взята модальная.

Проскальзывание снято на 300 $ за имя (живой замер X3): у крупных билетов оно больше, поэтому нетто крупных депозитов — НИЖНЯЯ граница издержек. Отметка открытой позиции остаётся брутто: выхода ещё не было, и комиссию выхода вычитать не из чего.

## Чего эти числа НЕ говорят

- Живого исполнения здесь нет: исходы позиций взяты из кэшей реплея обеих книг, посчитанных по барам записи. Очередь в стакане и задержка входа не моделируются.
- Внутри одной секунды деньги достаются лучшему по |прогнозу| решению — правило очереди объявлено до прогона и одно на обе стороны. Другое правило дало бы другой состав, и это ось для отдельного замера, а не свойство рынка.
- Общий счёт — ХЕДЖ-режим: шорт по имени, которое держит длинная сторона, разрешён. В одностороннем режиме биржи он срезал бы длинную позицию, и число совпадений выше есть цена режима.
- Веса модели видели эти часы: пересчёт истории читается как оценка СВЕРХУ. Судит форвард.

публикуется в ветку main:
 jobs/done/conc-pair.done                     |   1 +
 jobs/done/conc-pair.log                      | 114 +++++++++++++++++++++++++++
 jobs/done/conc-short.done                    |   1 +
 jobs/done/conc-short.log                     |  12 +++
 jobs/poke.log                                |   4 +
 research/dca_paper/out/DCA-pair.json         |   2 +-
 research/dca_paper/out/DCA-pair.md           |  73 +++++++++--------
 research/dca_paper/out/pair-2026-09-10.jsonl |   9 +++
 research/s8_loop/out/day_brake.json          |   2 +-
 9 files changed, 181 insertions(+), 37 deletions(-)
To github.com:n0tgod/algoth_v2.git
   398a0e85..5b7d330e  main -> main
branch 'main' set up to track 'origin/main'.
опубликовано
конец: 2026-09-11T14:48:54Z, код 0
