== задание cost-gap-1 ==
строка: run research/dca_paper/cost_gap.py
начало: 2026-10-06T07:59:14Z
запускаю: .venv/bin/python research/dca_paper/cost_gap.py 
публикуется в ветку main:
 jobs/done/cost-gap-1.done                |  1 +
 jobs/done/cost-gap-1.log                 |  4 +++
 jobs/done/deploy-model-cache.done        |  1 +
 jobs/done/deploy-model-cache.log         |  6 ++++
 jobs/done/memtop-0758.log                |  8 +++++
 jobs/done/status-0758.done               |  1 +
 jobs/done/status-0758.log                |  4 +++
 jobs/poke.log                            |  5 +++
 research/dca_paper/out/DCA-cost-gap.json |  1 +
 research/dca_paper/out/DCA-cost-gap.md   | 59 ++++++++++++++++++++++++++++++++
 10 files changed, 90 insertions(+)
To github.com:n0tgod/algoth_v2.git
   d763ed2c..3545237c  main -> main
branch 'main' set up to track 'origin/main'.
опубликовано
safe_h: записей 4631, взято кассой 1082, S0 +37.1 → S3 +23.4 б.п.
optimal_h: записей 4649, взято кассой 1178, S0 +37.7 → S3 +15.2 б.п.
aggr_h: записей 2546, взято кассой 904, S0 +45.8 → S3 +11.2 б.п.
# Куда уходят 30 б.п.: разрыв между эджем в цене и кассой коротких книг

Касса $10,000; записей реплея 9556, строк кассы 10303; посчитано 2026-10-06 07:59 за 10.5 с. Все числа — б.п. нотионала (в цене).

Оси объявлены до прогона: S0 записи книги (равный вес, плоские 11 б.п. на заполненную долю) → S1 только взятые кассой (отбор) → S2 взвешенные долларами нотионала (вес) → S3 настоящие издержки: комиссия по заполнениям, проскальзывание X3, funding по рядам (издержки). S3 − S0 = Δ отбор + Δ вес + Δ издержки.

| книга | записей | взято кассой | S0 | Δ отбор | S1 | Δ вес | S2 | Δ издержки | S3 | S3 равный вес | плоские | комиссия | проскальз. | funding | срок, ч |
|---|--:|--:|--:|--:|--:|--:|--:|--:|--:|--:|--:|--:|--:|--:|--:|
| безопасная | 4631 | 1082 | +37.1 | -18.1 | +19.0 | +16.5 | +35.5 | -12.1 | +23.4 | +3.6 | +2.7 | +3.4 | +1.7 | -9.7 | 22.6 |
| оптимальная | 4649 | 1178 | +37.7 | -18.8 | +18.9 | +7.8 | +26.7 | -11.5 | +15.2 | +7.3 | +2.8 | +3.5 | +1.8 | -8.9 | 20.0 |
| агрессивная | 2546 | 904 | +45.8 | -15.2 | +30.6 | -8.8 | +21.8 | -10.6 | +11.2 | +16.1 | +2.7 | +3.5 | +1.9 | -7.9 | 16.0 |

Издержки измерены у строк с записью заполнений и ценой выхода; доля таких строк и строки без ряда funding:

- безопасная: с издержками 1082 из 1095 строк (99%), без ряда funding 5, без записи реплея 13; проскальзывание модели 4.4 б.п.
- оптимальная: с издержками 1178 из 1189 строк (99%), без ряда funding 6, без записи реплея 11; проскальзывание модели 4.4 б.п.
- агрессивная: с издержками 904 из 907 строк (100%), без ряда funding 7, без записи реплея 3; проскальзывание модели 4.4 б.п.

## По полосам плеча забора

Записи книги и взятые кассой — одной сеткой; S3 и издержки — по взятым, долларами.

### безопасная

| полоса | записей | S0 | взято | S1 | S3 | комиссия | проскальз. | funding | срок, ч | доля нотионала |
|---|--:|--:|--:|--:|--:|--:|--:|--:|--:|--:|
| ≤3× | 3694 | +38.7 | 794 | +13.2 | -20.2 | +3.7 | +1.7 | -9.9 | 23.1 | 16% |
| 3–6× | 281 | +37.4 | 61 | +24.8 | +22.7 | +3.8 | +1.6 | -6.3 | 23.1 | 5% |
| 6–10× | 99 | +14.4 | 25 | +15.1 | +56.3 | +3.8 | +1.8 | -4.2 | 21.2 | 3% |
| 10–15× | 76 | -16.4 | 26 | +45.3 | +15.7 | +3.7 | +1.9 | -18.5 | 20.3 | 5% |
| 15–25× | 481 | +38.0 | 176 | +39.9 | +32.3 | +3.3 | +1.7 | -9.5 | 20.8 | 71% |

### оптимальная

| полоса | записей | S0 | взято | S1 | S3 | комиссия | проскальз. | funding | срок, ч | доля нотионала |
|---|--:|--:|--:|--:|--:|--:|--:|--:|--:|--:|
| ≤3× | 1919 | +28.5 | 527 | +9.6 | -8.4 | +3.7 | +1.7 | -9.5 | 23.0 | 5% |
| 3–6× | 757 | +63.2 | 143 | +28.2 | +13.0 | +4.1 | +1.7 | -12.2 | 22.1 | 6% |
| 6–10× | 417 | +55.5 | 87 | -7.8 | -23.9 | +3.8 | +1.7 | -8.3 | 21.4 | 6% |
| 10–15× | 168 | +110.2 | 47 | +41.8 | +27.6 | +4.1 | +1.9 | -6.4 | 18.1 | 5% |
| 15–25× | 1388 | +22.4 | 374 | +31.8 | +19.0 | +3.4 | +1.8 | -8.8 | 14.8 | 78% |

### агрессивная

| полоса | записей | S0 | взято | S1 | S3 | комиссия | проскальз. | funding | срок, ч | доля нотионала |
|---|--:|--:|--:|--:|--:|--:|--:|--:|--:|--:|
| ≤3× | 0 | — | 0 | — | — | — | — | — | — | — |
| 3–6× | 573 | +76.6 | 149 | +59.1 | +38.3 | +4.2 | +1.8 | -20.3 | 21.0 | 4% |
| 6–10× | 417 | +55.5 | 104 | +15.5 | -8.8 | +3.8 | +1.7 | -7.2 | 21.3 | 5% |
| 10–15× | 168 | +110.2 | 69 | +53.4 | +30.2 | +4.1 | +1.9 | -4.4 | 17.1 | 5% |
| 15–25× | 1388 | +22.4 | 582 | +23.4 | +9.8 | +3.4 | +1.9 | -7.5 | 13.7 | 86% |

## Вердикт (из чисел)

- безопасная: из -13.7 б.п. разрыва больше всего даёт «отбор кассой»: -18.1 б.п. (132%)
- оптимальная: из -22.5 б.п. разрыва больше всего даёт «отбор кассой»: -18.8 б.п. (84%)
- агрессивная: из -34.6 б.п. разрыва больше всего даёт «отбор кассой»: -15.2 б.п. (44%)

Чего замер не делает: не меняет правила книг и не судит направление; он называет ось, на которой теряется ход, — что с ней делать, решает владелец.

конец: 2026-10-06T07:59:28Z, код 0
публикуется в ветку main:
 jobs/done/cost-gap-1.log         | 80 ++++++++++++++++++++++++++++++++++++++++
 jobs/done/deploy-model-cache.log | 18 ++++++++-
 2 files changed, 97 insertions(+), 1 deletion(-)
To github.com:n0tgod/algoth_v2.git
   3545237c..99358501  main -> main
branch 'main' set up to track 'origin/main'.
опубликовано
