== задание costs-recheck ==
строка: run research/dca_paper/costs.py --tag pair-check
начало: 2026-09-07T18:12:12Z
запускаю: .venv/bin/python research/dca_paper/costs.py --tag pair-check
журнал: 67698 строк, битых 0, кусков 33
текущей версии правил (6): 10719 строк из 67698
funding: рядов 582 из 582 нужных активов
строк с исходом 10719; тейкер по умолчанию у 726, без записи рунгов 0, без комиссии 0, без ряда funding 726, ряд не покрывает 102, ставка на входе неизвестна 726
# Издержки бумажных DCA-книг: комиссия, funding, гейт по ставке

Вопрос владельца 2026-09-06: «считаются ли в DCA-стратегиях издержки — комиссия биржи, проскальзывание?» **Нет:** журнал книг несёт брутто, в коде книг ни комиссии, ни проскальзывания, ни funding нет (круг издержек встречается только в гейте входа `3 × круг`). Здесь издержки посчитаны ПО ЗАПИСИ, журнал и правила не тронуты.

**Комиссия** — тейкер по символу из справочника универсума (ставки 2.75, 5.5, 11 б.п.; символу без ставки — 5.5, таких строк 726), на каждом рунге и на выходе. **Funding** — ряды площадки исполнения, на каждом начислении ставка × нотионал, открытый к этому моменту (по ценам рунгов, марк-цены в записи нет); лонгу положительная ставка — расход, шорту — доход. Ряд, не покрывающий жизнь позиции, даёт «не измерено», а не ноль. **Проскальзывание** — по живому замеру X3 (X3: медиана входа 22 заполнений, 2026-08-22…25, потолок 30): 4.4 б.п. на базовый вход (первый рунг — рыночный, по первому принту после решения, той же «цене сигнала», что мерил X3) и на рыночный выход (пол, срок, трейл, стоп); лестница и тейк — лимитки по сквозному проходу, у них проскальзывания нет по построению (X3: тейк по уровню 22 из 22); ликвидация — цена биржи.

Строк с исходом 10719 — версия правил книг 6, как на странице книг (в журнале всего 67698; прежние версии писаны другим правилом и в счёт не входят). Рядов funding 582; покрытие позиций с рунгами 92.3 % (от всех строк 92.3 %) при пороге вердикта 50 %.

## По книгам (суммы в $, медианы на позицию в б.п. МАРЖИ)

| книга | сторона | n | брутто $ | комиссия $ | проскальз. $ | funding $ | измерено | нетто $ (измеренные) | брутто измеренных $ | комиссия б.п. | проскальз. б.п. | funding б.п. | брутто б.п. | медиана дня брутто → нетто | зелёных | укус |
|---|---|---:|---:|---:|---:|---:|---:|---:|---:|---:|---:|---:|---:|---:|---:|---:|
| `aggr:1000` | long | 469 | +323.45 | -13.30 | -4.69 | -2.95 | 468 | +305.56 | +326.41 | +27.6 | +10.1 | -4.2 | +1174.1 | +0.056 % → +0.052 % | +62 % → +62 % | 2.6 → 2.5 |
| `aggr:10000` | long | 633 | +2,140.52 | -77.41 | -25.62 | -18.97 | 630 | +2,019.60 | +2,140.96 | +27.9 | +9.9 | -4.5 | +1229.2 | +0.025 % → +0.023 % | +62 % → +62 % | 1.5 → 2.2 |
| `aggr:100000` | long | 633 | +21,485.26 | -777.11 | -257.17 | -190.45 | 630 | +20,271.46 | +21,489.77 | +27.9 | +9.9 | -4.5 | +1229.2 | +0.025 % → +0.023 % | +62 % → +62 % | 1.5 → 2.2 |
| `aggr_s:1000` | short | 66 | -43.59 | -4.59 | -1.87 | +0.53 | 59 | -59.24 | -53.89 | +94.5 | +30.7 | +22.2 | +506.1 | +0.049 % → -0.055 % | +55 % → +41 % | 10.2 → 14.4 |
| `aggr_s:10000` | short | 66 | -97.56 | -10.39 | -4.23 | +1.24 | 59 | -133.08 | -121.02 | +94.5 | +30.7 | +22.2 | +506.1 | +0.011 % → -0.013 % | +55 % → +41 % | 10.1 → 14.0 |
| `aggr_s:100000` | short | 66 | -1,010.45 | -107.59 | -43.80 | +12.81 | 59 | -1,378.34 | -1,253.38 | +94.5 | +30.7 | +22.2 | +506.1 | +0.011 % → -0.013 % | +55 % → +41 % | 10.1 → 14.0 |
| `optimal:1000` | long | 426 | +109.99 | -14.74 | -5.85 | -3.44 | 378 | +88.85 | +112.10 | +5.4 | +2.2 | -0.8 | +77.6 | +0.018 % → +0.003 % | +53 % → +52 % | 4.8 → 4.8 |
| `optimal:10000` | long | 1686 | +1,804.42 | -72.24 | -26.12 | -18.67 | 1593 | +1,694.11 | +1,809.30 | +9.0 | +3.4 | -1.8 | +272.9 | +0.006 % → +0.012 % | +53 % → +55 % | 4.3 → 5.0 |
| `optimal:100000` | long | 1753 | +10,911.28 | -426.49 | -151.81 | -107.73 | 1652 | +10,220.57 | +10,894.71 | +9.1 | +3.4 | -1.9 | +277.1 | +0.003 % → +0.004 % | +53 % → +55 % | 4.4 → 5.1 |
| `optimal_s:1000` | short | 142 | -187.37 | -15.70 | -6.40 | +0.61 | 100 | -246.29 | -227.38 | +2.8 | +2.2 | +1.3 | +12.8 | +0.008 % → -0.037 % | +50 % → +35 % | 10.6 → 21.4 |
| `optimal_s:10000` | short | 192 | -193.14 | -18.43 | -7.47 | +1.59 | 137 | -257.76 | -236.32 | +2.8 | +2.2 | +2.2 | +19.9 | -0.001 % → -0.003 % | +46 % → +33 % | 10.6 → 21.7 |
| `optimal_s:100000` | short | 192 | -1,120.92 | -107.13 | -43.39 | +9.27 | 137 | -1,496.97 | -1,372.39 | +2.8 | +2.2 | +2.2 | +19.9 | -0.000 % → -0.002 % | +46 % → +33 % | 10.6 → 21.5 |
| `safe:1000` | long | 410 | +97.32 | -7.12 | -3.09 | -1.80 | 363 | +87.57 | +98.88 | +4.6 | +2.2 | -0.6 | +68.1 | +0.070 % → +0.057 % | +63 % → +66 % | 7.9 → 9.2 |
| `safe:10000` | long | 1677 | +867.37 | -33.00 | -12.58 | -9.68 | 1584 | +812.58 | +866.51 | +5.9 | +2.2 | -1.1 | +195.5 | +0.011 % → +0.012 % | +57 % → +59 % | 3.7 → 4.7 |
| `safe:100000` | long | 1744 | +5,296.81 | -197.84 | -74.15 | -56.38 | 1643 | +4,960.90 | +5,280.93 | +5.9 | +2.2 | -1.1 | +196.9 | +0.006 % → +0.007 % | +57 % → +59 % | 3.7 → 4.7 |
| `safe_s:1000` | short | 180 | -112.67 | -11.68 | -5.32 | -0.87 | 125 | -159.29 | -143.63 | +2.8 | +2.2 | +1.2 | +23.4 | -0.001 % → -0.014 % | +48 % → +36 % | 9.8 → 12.2 |
| `safe_s:10000` | short | 192 | -130.78 | -13.05 | -5.89 | -0.36 | 137 | -181.11 | -164.14 | +2.8 | +2.2 | +2.2 | +21.1 | -0.000 % → -0.001 % | +48 % → +36 % | 13.6 → 17.0 |
| `safe_s:100000` | short | 192 | -759.15 | -75.88 | -34.24 | -2.01 | 137 | -1,051.92 | -953.38 | +2.8 | +2.2 | +2.2 | +21.1 | -0.000 % → -0.001 % | +48 % → +36 % | 13.6 → 17.1 |

Нетто = брутто − комиссия − проскальзывание + funding по позициям, у которых измерены ВСЕ три; «брутто измеренных» — брутто того же подмножества, чтобы сравнивать одно с одним. Знак после издержек держат 9 книг из 9 с положительным брутто.

## По сторонам (депозит $10 000)

| сторона | n | брутто $ | комиссия $ | проскальз. $ | funding $ | измерено | брутто измеренных $ | нетто $ (измеренные) | funding б.п. на позицию |
|---|---:|---:|---:|---:|---:|---:|---:|---:|---:|
| long | 3996 | +4,812.30 | -182.66 | -64.31 | -47.32 | 3807 | +4,816.78 | +4,526.30 | -1.8 |
| short | 450 | -421.48 | -41.87 | -17.59 | +2.47 | 333 | -521.48 | -571.95 | +2.3 |

## Гейт по знаку ставки на входе (лонг при ставке ≤ 0, шорт при ≥ 0)

Обе руки — на позициях с ИЗВЕСТНОЙ ставкой на входе (последняя точка ряда не старше 24 ч до входа); «отсечённые» — те, кого гейт не пустил. Читать по медиане позиции в б.п. маржи: гейт меняет состав, и суммы рук несравнимы по построению.

| книга | известна | прошли гейт | отсечено | доля | медиана всех, б.п. маржи | медиана прошедших | медиана отсечённых | $ прошедших | $ отсечённых | нетто прошедших $ |
|---|---:|---:|---:|---:|---:|---:|---:|---:|---:|---:|
| `aggr:1000` | 468 | 25 | 443 | 5 % | +1174.9 | +1097.7 | +1175.7 | +20.28 | +306.13 | +20.30 |
| `aggr:10000` | 630 | 33 | 597 | 5 % | +1228.6 | +1200.2 | +1229.6 | +131.55 | +2,009.41 | +130.30 |
| `aggr:100000` | 630 | 33 | 597 | 5 % | +1228.6 | +1200.2 | +1229.6 | +1,320.41 | +20,169.36 | +1,307.90 |
| `aggr_s:1000` | 60 | 54 | 6 | 90 % | +308.3 | +241.5 | +1468.9 | -57.56 | +4.26 | -61.35 |
| `aggr_s:10000` | 60 | 54 | 6 | 90 % | +308.3 | +241.5 | +1468.9 | -129.23 | +9.59 | -137.83 |
| `aggr_s:100000` | 60 | 54 | 6 | 90 % | +308.3 | +241.5 | +1468.9 | -1,338.38 | +99.28 | -1,427.43 |
| `optimal:1000` | 389 | 112 | 277 | 29 % | +89.6 | +22.2 | +172.6 | +16.01 | +96.32 | +14.70 |
| `optimal:10000` | 1604 | 249 | 1355 | 16 % | +305.3 | +52.8 | +354.6 | +114.84 | +1,694.71 | +112.61 |
| `optimal:100000` | 1663 | 259 | 1404 | 16 % | +306.0 | +59.8 | +357.6 | +721.89 | +10,174.17 | +708.25 |
| `optimal_s:1000` | 103 | 90 | 13 | 87 % | +5.8 | +4.0 | +49.8 | -229.05 | +4.05 | -241.69 |
| `optimal_s:10000` | 143 | 130 | 13 | 91 % | +13.5 | +11.8 | +49.8 | -238.94 | +4.71 | -253.30 |
| `optimal_s:100000` | 143 | 130 | 13 | 91 % | +13.6 | +11.8 | +49.8 | -1,387.63 | +27.48 | -1,471.12 |
| `safe:1000` | 374 | 108 | 266 | 29 % | +82.9 | +21.2 | +123.7 | +9.12 | +90.02 | +8.38 |
| `safe:10000` | 1595 | 249 | 1346 | 16 % | +208.5 | +51.2 | +232.5 | +60.05 | +806.73 | +57.28 |
| `safe:100000` | 1654 | 259 | 1395 | 16 % | +211.0 | +57.3 | +234.0 | +386.64 | +4,895.77 | +370.77 |
| `safe_s:1000` | 131 | 118 | 13 | 90 % | +18.7 | +15.7 | +69.4 | -157.87 | +16.12 | -166.75 |
| `safe_s:10000` | 143 | 130 | 13 | 91 % | +15.6 | +11.8 | +69.4 | -178.42 | +16.38 | -188.56 |
| `safe_s:100000` | 143 | 130 | 13 | 91 % | +15.6 | +11.8 | +69.4 | -1,036.21 | +95.11 | -1,095.14 |

Гейт помогает по медиане позиции у 0 книг, вредит у 8 (`aggr:10000`, `aggr:100000`, `optimal:1000`, `optimal:10000`, `optimal:100000`, `safe:1000`, `safe:10000`, `safe:100000`); книги с меньше чем 30 позиций в любой из рук не судятся.

## Чего замер НЕ говорит

Проскальзывание — одно число (4.4 б.п.) на все имена и размеры, снятое на 300 $ за имя: у билетов DCA-книг в $10k–$100k оно больше, так что нетто крупных депозитов — НИЖНЯЯ граница издержек; распределение по живому журналу — `DCA-slip-x3.md`. Funding посчитан по нотионалу рунгов, а не по марк-цене начисления (расхождение — ход цены от рунга до начисления, единицы процентов от самого funding). Комиссия — по сегодняшнему тарифу счёта, прошлых сеток площадка не отдаёт (A1). Гейт по ставке просмотрен ПОСЛЕ прогона книг — правилом он стать может только объявленным заранее и проверенным вперёд.
публикуется в ветку main:
 jobs/done/costs-recheck.done                     |    1 +
 jobs/done/costs-recheck.log                      |   78 +
 jobs/done/pair-run-3.log                         |    7 +
 jobs/done/pair-run-4.done                        |    1 +
 jobs/done/pair-run-4.log                         |   19 +
 jobs/poke.log                                    |    4 +
 research/dca_paper/out/DCA-costs-pair-check.json | 2259 ++++++++++++++++++++++
 research/dca_paper/out/DCA-costs-pair-check.md   |   70 +
 research/s8_loop/out/day_brake.json              |    2 +-
 9 files changed, 2440 insertions(+), 1 deletion(-)
To github.com:n0tgod/algoth_v2.git
   29ba5c4..defbb86  main -> main
branch 'main' set up to track 'origin/main'.
опубликовано

конец: 2026-09-07T18:12:21Z, код 0
публикуется в ветку main:
 jobs/done/costs-recheck.log | 17 +++++++++++++++++
 1 file changed, 17 insertions(+)
To github.com:n0tgod/algoth_v2.git
   defbb86..7ae514f  main -> main
branch 'main' set up to track 'origin/main'.
опубликовано
