== задание cycle-0110 ==
строка: run tools/loggrep.py --file train --preset cycle --days 1 --last 6
начало: 2026-10-01T22:50:03Z
запускаю: .venv/bin/python tools/loggrep.py --file train --preset cycle --days 1 --last 6
== research/s8_loop/out/train.log по образцу /матрица:|обучение пропущено по каденции|переобучаю:|цикл закончен/ за 1 сут ==
  совпадений 44
  2026-10-01: 44
  [10-01 20:12:08] матрица: 789 символов × 1516 часов, сечений с ≥30 именами: 1330, признаков 50
  [10-01 20:14:12] переобучаю: весам 35.6 ч при каденции 24
  [10-01 21:17:23] матрица: 789 символов × 1517 часов, сечений с ≥30 именами: 1331, признаков 50
  [10-01 21:19:51] переобучаю: весам 36.7 ч при каденции 24
  [10-01 22:22:38] матрица: 789 символов × 1518 часов, сечений с ≥30 именами: 1332, признаков 50
  [10-01 22:25:11] переобучаю: весам 37.8 ч при каденции 24
конец: 2026-10-01T22:50:03Z, код 0
публикуется в ветку main:
 jobs/done/cycle-0110.done           |  1 +
 jobs/done/cycle-0110.log            | 14 ++++++++++++++
 research/s8_loop/out/day_brake.json |  2 +-
 3 files changed, 16 insertions(+), 1 deletion(-)
fatal: cannot lock ref 'HEAD': is at d5c3b0450a9468d095ca320e64ae9ac982b459e3 but expected 16cb741baa4571f8cd6d9464c25a94aafd03aad2
