== задание cycle-cadence-deploy ==
строка: restart-book
начало: 2026-08-31T14:16:16Z
перезапуск сборщика и циклов
== останавливаю прежний ==
жду закрытия файлов........
== обновляю код ==
Already up to date.
== запускаю ==
== поднялся, хвост журнала ==
[       4 с] шард 0: подключён, подписываюсь на 120 тем
[       5 с] шард 1: подключён, подписываюсь на 120 тем
[       6 с] шард 2: подключён, подписываюсь на 120 тем
[       7 с] шард 3: подключён, подписываюсь на 120 тем
[       8 с] шард 4: подключён, подписываюсь на 120 тем
[       9 с] шард 5: подключён, подписываюсь на 120 тем
[      10 с] шард 6: подключён, подписываюсь на 120 тем
[      12 с] шард 7: подключён, подписываюсь на 120 тем
== перезапускаю циклы обучения ==
  не запущен: s8_loop/train.py --pretest
  остановлен, сторож поднимет: s8_loop/train.py$
публикуется в ветку main:
 jobs/done/cycle-cadence-deploy.done |  1 +
 jobs/done/cycle-cadence-deploy.log  | 21 +++++++++++++++++++++
 jobs/done/cycle-health-2.log        |  7 +++++++
 jobs/poke.log                       |  3 +++
 research/s8_loop/out/day_brake.json |  2 +-
 5 files changed, 33 insertions(+), 1 deletion(-)
To github.com:n0tgod/algoth_v2.git
   493e711..41eb943  main -> main
branch 'main' set up to track 'origin/main'.
опубликовано
