== задание cycle-0400 ==
строка: run tools/loggrep.py --file train --preset cycle --days 1 --last 8
начало: 2026-10-02T04:05:03Z
запускаю: .venv/bin/python tools/loggrep.py --file train --preset cycle --days 1 --last 8
== research/s8_loop/out/train.log по образцу /матрица:|обучение пропущено по каденции|обучение отложено по памяти|переобучаю:|цикл закончен/ за 1 сут ==
  совпадений 16
  2026-10-02: 16
  [10-02 02:32:39] матрица: 790 символов × 1522 часов, сечений с ≥30 именами: 1336, признаков 50
  [10-02 02:35:31] переобучаю: весам 42.0 ч при каденции 24
  [10-02 02:42:33] матрица: 790 символов × 1522 часов, сечений с ≥30 именами: 1336, признаков 50
  [10-02 02:46:15] переобучаю: весам 42.1 ч при каденции 24
  [10-02 02:52:44] матрица: 790 символов × 1522 часов, сечений с ≥30 именами: 1336, признаков 50
  [10-02 02:55:52] переобучаю: весам 42.3 ч при каденции 24
  [10-02 03:08:40] матрица: 790 символов × 1523 часов, сечений с ≥30 именами: 1336, признаков 50
  [10-02 03:10:39] переобучаю: весам 42.5 ч при каденции 24
конец: 2026-10-02T04:05:03Z, код 0
публикуется в ветку main:
 jobs/done/cycle-0400.done           |  1 +
 jobs/done/cycle-0400.log            | 16 ++++++++++++++++
 jobs/done/memtop-0400.done          |  1 +
 jobs/done/memtop-0400.log           |  4 ++++
 research/s8_loop/out/day_brake.json |  2 +-
 5 files changed, 23 insertions(+), 1 deletion(-)
To github.com:n0tgod/algoth_v2.git
   3fc67c66..97c7be42  main -> main
branch 'main' set up to track 'origin/main'.
опубликовано
