== задание cycle-up4 ==
строка: status
начало: 2026-09-02T10:09:15Z
--- диск ---
Filesystem      Size  Used Avail Use% Mounted on
/dev/sda1       150G   67G   78G  47% /
/dev/sdb        147G  113G   27G  81% /mnt/HC_Volume_106683528
--- процессы ---
669148 bot/target/release/bot live --s8 research/s8_loop/out/model_sit_lo --journal bot/out/live --keys /root/.bybit/live.env --base https://api.bybit.com --arm gbm --capital 300 --interval-sec 5 --clear-halt
1091148 .venv/bin/python research/b1_book/collect.py --http 8765
--- статус сбора ---
{"t": 1788343751.9, "uptime_sec": 56.6, "messages": 221526, "trades": 30554, "resets": 0, "last_msg_age_sec": 0.0, "snapshots": 32076, "snapshot_errors": 0, "last_snap_age_sec": 0.9, "snap_pass_sec": 0.792, "writes": {"book": 32076, "trades": 30550, "raw": 2115, "liq": 5}, "write_age_sec": {"book": 0.9, "trades": 0.1, "raw": 0.1, "liq": 7.2}, "symbols": {"0GUSDT": {"ready": true, "bid": 0.1847, "ask": 0.1848, "resets": 0}, "1000000BABYDOGEUSDT": {"ready": true, "bid": 0.0003634, "ask": 0.0003637, "resets": 0}, "1000000MOGUSDT": {"ready": true, "bid": 0.1027, "ask": 0.1029, "resets": 0}, "10000NEXUSDT": {"ready": true, "bid": 0.01442, "ask": 0.01448, "resets": 0}, "10000SATSUSDT": {"ready": t
--- живой исполнитель ---
{
  "at_ms": 1788343752830,
  "capital_usd": 300.0,
  "dry": false,
  "entries_paused": false,
  "halted": "часовой цикл молчит 3.0 ч при пределе 3 ч (§5) — позиции без сканера не управляет никто",
  "lev_errors": null,
  "limits_off": true,
  "note": null,
  "positions": [],
  "realized_today_usd": 0.0,
  "realized_total_usd": -21.265818699799986,
  "rejects_row": 0,
  "stale_entries_skipped": 79,
  "tp_errors": null,
  "wallet": {
    "balance": 284.21345292,
    "equity": 284.21345292
  }
}
конец: 2026-09-02T10:09:15Z
