== задание cycle-up3 ==
строка: status
начало: 2026-09-02T09:54:21Z
--- диск ---
Filesystem      Size  Used Avail Use% Mounted on
/dev/sda1       150G   67G   78G  47% /
/dev/sdb        147G  116G   24G  83% /mnt/HC_Volume_106683528
--- процессы ---
669148 bot/target/release/bot live --s8 research/s8_loop/out/model_sit_lo --journal bot/out/live --keys /root/.bybit/live.env --base https://api.bybit.com --arm gbm --capital 300 --interval-sec 5 --clear-halt
1088593 .venv/bin/python research/b1_book/collect.py --http 8765
--- статус сбора ---
{"t": 1788342858.9, "uptime_sec": 249.3, "messages": 1116639, "trades": 154755, "resets": 0, "last_msg_age_sec": 0.0, "snapshots": 173202, "snapshot_errors": 0, "last_snap_age_sec": 1.0, "snap_pass_sec": 0.944, "writes": {"book": 173202, "trades": 154753, "raw": 9133, "liq": 45}, "write_age_sec": {"book": 1.0, "trades": 0.3, "raw": 0.0, "liq": 10.1}, "symbols": {"0GUSDT": {"ready": true, "bid": 0.1849, "ask": 0.185, "resets": 0}, "1000000BABYDOGEUSDT": {"ready": true, "bid": 0.000364, "ask": 0.0003643, "resets": 0}, "1000000MOGUSDT": {"ready": true, "bid": 0.1028, "ask": 0.103, "resets": 0}, "10000NEXUSDT": {"ready": true, "bid": 0.01442, "ask": 0.01448, "resets": 0}, "10000SATSUSDT": {"read
--- живой исполнитель ---
{
  "at_ms": 1788342858441,
  "capital_usd": 300.0,
  "dry": false,
  "entries_paused": false,
  "halted": "часовой цикл молчит 3.0 ч при пределе 3 ч (§5) — позиции без сканера не управляет никто",
  "lev_errors": null,
  "limits_off": true,
  "note": null,
  "positions": [],
  "realized_today_usd": 0.0,
  "realized_total_usd": -21.265818699799986,
  "rejects_row": 0,
  "stale_entries_skipped": 79,
  "tp_errors": null,
  "wallet": {
    "balance": 284.21345292,
    "equity": 284.21345292
  }
}
конец: 2026-09-02T09:54:21Z
публикуется в ветку main:
 jobs/done/cycle-up2.done |  1 +
 jobs/done/cycle-up2.log  | 10 ++++++++++
 jobs/done/cycle-up3.log  | 34 ++++++++++++++++++++++++++++++++++
 jobs/poke.log            |  3 +++
 4 files changed, 48 insertions(+)
To github.com:n0tgod/algoth_v2.git
   1c1c225..54f5fb0  main -> main
branch 'main' set up to track 'origin/main'.
опубликовано
