== задание cycle-up ==
строка: status
начало: 2026-09-02T09:51:52Z
--- диск ---
Filesystem      Size  Used Avail Use% Mounted on
/dev/sda1       150G   67G   78G  47% /
/dev/sdb        147G  116G   24G  83% /mnt/HC_Volume_106683528
--- процессы ---
669148 bot/target/release/bot live --s8 research/s8_loop/out/model_sit_lo --journal bot/out/live --keys /root/.bybit/live.env --base https://api.bybit.com --arm gbm --capital 300 --interval-sec 5 --clear-halt
1088593 .venv/bin/python research/b1_book/collect.py --http 8765
--- статус сбора ---
{"t": 1788342711.6, "uptime_sec": 102.0, "messages": 424354, "trades": 52637, "resets": 0, "last_msg_age_sec": 0.0, "snapshots": 65602, "snapshot_errors": 0, "last_snap_age_sec": 2.0, "snap_pass_sec": 0.21, "writes": {"book": 65602, "trades": 52627, "raw": 3315, "liq": 16}, "write_age_sec": {"book": 2.0, "trades": 0.8, "raw": 0.1, "liq": 17.5}, "symbols": {"0GUSDT": {"ready": true, "bid": 0.185, "ask": 0.1851, "resets": 0}, "1000000BABYDOGEUSDT": {"ready": true, "bid": 0.0003638, "ask": 0.0003642, "resets": 0}, "1000000MOGUSDT": {"ready": true, "bid": 0.1027, "ask": 0.1029, "resets": 0}, "10000NEXUSDT": {"ready": true, "bid": 0.01442, "ask": 0.01448, "resets": 0}, "10000SATSUSDT": {"ready": 
--- живой исполнитель ---
{
  "at_ms": 1788342708113,
  "capital_usd": 300.0,
  "dry": false,
  "entries_paused": false,
  "halted": "часовой цикл молчит 3.0 ч при пределе 3 ч (§5) — позиции без сканера не управляет никто",
  "lev_errors": null,
  "limits_off": true,
  "note": null,
  "positions": [],
  "realized_today_usd": 0.0,
  "realized_total_usd": -21.265818699799986,
  "rejects_row": 0,
  "stale_entries_skipped": 79,
  "tp_errors": null,
  "wallet": {
    "balance": 284.21345292,
    "equity": 284.21345292
  }
}
конец: 2026-09-02T09:51:52Z
