== задание cycle-after-pct ==
строка: run tools/diag_cycle.py
начало: 2026-09-02T15:17:05Z
запускаю: .venv/bin/python tools/diag_cycle.py 
=== процесс цикла ===
1109586 .venv/bin/python research/s8_loop/train.py

=== процесс сборщика ===
  1109146 .venv/bin/python research/b1_book/collect.py --http 8765
    поднят: Wed Sep  2 15:13:53 2026
  collect.py правлен 3.3 мин назад

=== манифест модели ===
возраст 23.7 ч
  trained_at: 2026-09-01T15:36:42+00:00
  train_seq: 518
  cycle_sec: 5683.0
  woke_after_hour_sec: 120.0
  steps_sec: {'сведение часа': 184.5, 'матрица': 45.7, 'книги': 24.3, 'оценка': 0.1, 'канарейка': 1217.4, 'обучение': 4210.9}
  canary_ic: 0.006

=== манифесты книг ===
  model: 23.67 ч
  model.rank-floor0: 502.14 ч
  model.rank-raw: 523.45 ч
  model_c_h4_r_f30_w5_gl_rrlo_se_b0_a0: 0.01 ч
  model_c_h4_z_f22_w10_gl_rr0_sv_b0_a1: 6.15 ч
  model_c_h4_z_f22_w10_gl_rr0_sv_b0_a1.dropped-20260902-095657: 5.34 ч
  model_c_h4_z_f30_w10_gl_rrhi_se_b0_a1: 6.15 ч
  model_c_h4_z_f30_w10_gl_rrhi_se_b0_a1.dropped-20260902-095657: 5.34 ч
  model_c_h4_z_f30_w5_gl_rrlo_se_b0_a0: 0.01 ч
  model_c_h4_z_f30_w5_gl_rrlo_sr_b0_a0: 0.01 ч
  model_c_h4_z_f30_w5_gs_rrhi_se_b0_a1: 6.15 ч
  model_c_h4_z_f30_w5_gs_rrhi_se_b0_a1.dropped-20260902-095657: 5.34 ч
  model_c_h4_z_f30_w5_gt_rrlo_se_b0_a0: 0.01 ч
  model_c_h4_z_f30_w5_gt_rrlo_se_b0_a0.overfilled-20260902T083940Z: 6.62 ч
  model_demo: 716.14 ч
  model_h1: 501.93 ч
  model_h1.rank-raw: 525.11 ч
  model_h24: 0.02 ч
  model_h24a: 0.01 ч
  model_h24b: 0.02 ч
  model_h24bf: 0.01 ч
  model_h24c: 0.01 ч
  model_h24z: 0.02 ч
  model_h24za: 0.01 ч
  model_pretest: 624.01 ч
  model_pretest.was-выключен__бета_не_оценима_: 704.18 ч
  model_probe: 717.78 ч
  model_sit: 0.01 ч
  model_sit.rules-v1: 621.51 ч
  model_sit.rules-v10: 482.91 ч
  model_sit.rules-v11: 482.10 ч
  model_sit.rules-v12: 463.64 ч
  model_sit.rules-v2: 621.22 ч
  model_sit.rules-v3: 619.09 ч
  model_sit.rules-v4: 618.01 ч
  model_sit.rules-v5: 617.18 ч
  model_sit.rules-v6: 604.92 ч
  model_sit.rules-v7: 604.18 ч
  model_sit.rules-v8: 501.14 ч
  model_sit.rules-v9: 486.12 ч
  model_sit_lo: 0.01 ч
  model_sit_obs: 0.01 ч
  model_sit_obs.rules-v10: 482.91 ч
  model_sit_obs.rules-v11: 482.10 ч
  model_sit_obs.rules-v12: 463.64 ч
  model_sit_obs.rules-v6: 604.92 ч
  model_sit_obs.rules-v7: 604.18 ч
  model_sit_obs.rules-v8: 501.13 ч
  model_sit_obs.rules-v9: 486.12 ч
  model_sit_r: 0.01 ч
  model_sit_r.rules-v12: 473.97 ч
  model_sit_r.rules-v12-1: 472.82 ч
  model_sit_r.rules-v12-2: 463.64 ч
  model_sit_r.rules-v13: 448.87 ч
  model_z: 525.11 ч

=== хвост train.log ===
возраст 0.5 мин, размер 8013961 Б
[09-02 14:07:04] обучение пропущено по каденции: весам 22.5 ч при каденции 24; цикл 304 с (сведение часа 219 с, матрица 46 с, книги 39 с, оценка 0 с)
[09-02 14:07:04] следующая попытка через 54 мин (обучения не было)
[09-02 14:20:07] сводка: символов с записью 748, новых часов 0, 6 с
/root/algoth_v2/research/s8_loop/bookfeat.py:162: RuntimeWarning: All-NaN slice encountered
  v = fn(sl, axis=1)
/root/algoth_v2/research/s8_loop/bookfeat.py:162: RuntimeWarning: All-NaN slice encountered
  v = fn(sl, axis=1)
/root/algoth_v2/research/s8_loop/bookfeat.py:162: RuntimeWarning: All-NaN slice encountered
  v = fn(sl, axis=1)
[09-02 14:20:54] матрица: 748 символов × 814 часов, сечений с ≥30 именами: 725, признаков 50
[09-02 14:21:31] каталогов вне состава без записи: 3 — не трогаем
[09-02 14:21:31] кандидаты фабрики: книг 4 (живых 4), без живой книги 3
[09-02 14:21:31]   h4_z_f22_w10_gl_rr0_sv_b0_a1: живой книги нет — полоса control: живая книга заводится только прошедшим проверки и отбор (решение владельца); случайная рука остаётся в суточном реплее, где и живёт сравнение полос
[09-02 14:21:31]   h4_z_f30_w10_gl_rrhi_se_b0_a1: живой книги нет — полоса control: живая книга заводится только прошедшим проверки и отбор (решение владельца); случайная рука остаётся в суточном реплее, где и живёт сравнение полос
[09-02 14:21:31]   h4_z_f30_w5_gs_rrhi_se_b0_a1: живой книги нет — полоса control: живая книга заводится только прошедшим проверки и отбор (решение владельца); случайная рука остаётся в суточном реплее, где и живёт сравнение полос
[09-02 14:21:39] обучение пропущено по каденции: весам 22.7 ч при каденции 24; цикл 97 с (сведение часа 6 с, матрица 47 с, книги 44 с, оценка 0 с)
[09-02 14:21:39] следующая попытка через 40 мин (обучения не было)
[09-02 15:02:30]   сводка: 102/748 символов, новых часов 101
[09-02 15:03:00]   сводка: 196/748 символов, новых часов 195
[09-02 15:03:30]   сводка: 286/748 символов, новых часов 285
[09-02 15:04:00]   сводка: 379/748 символов, новых часов 377
[09-02 15:04:30]   сводка: 470/748 символов, новых часов 468
[09-02 15:05:01]   сводка: 560/748 символов, новых часов 558
[09-02 15:05:31]   сводка: 656/748 символов, новых часов 654
[09-02 15:05:59] сводка: символов с записью 748, новых часов 744, 239 с
/root/algoth_v2/research/s8_loop/bookfeat.py:162: RuntimeWarning: All-NaN slice encountered
  v = fn(sl, axis=1)
/root/algoth_v2/research/s8_loop/bookfeat.py:162: RuntimeWarning: All-NaN slice encountered
  v = fn(sl, axis=1)
/root/algoth_v2/research/s8_loop/bookfeat.py:162: RuntimeWarning: All-NaN slice encountered
  v = fn(sl, axis=1)
[09-02 15:06:43] матрица: 748 символов × 815 часов, сечений с ≥30 именами: 726, признаков 50
[09-02 15:07:11] каталогов вне состава без записи: 3 — не трогаем
[09-02 15:07:11] кандидаты фабрики: книг 4 (живых 4), без живой книги 3
[09-02 15:07:11]   h4_z_f22_w10_gl_rr0_sv_b0_a1: живой книги нет — полоса control: живая книга заводится только прошедшим проверки и отбор (решение владельца); случайная рука остаётся в суточном реплее, где и живёт сравнение полос
[09-02 15:07:11]   h4_z_f30_w10_gl_rrhi_se_b0_a1: живой книги нет — полоса control: живая книга заводится только прошедшим проверки и отбор (решение владельца); случайная рука остаётся в суточном реплее, где и живёт сравнение полос
[09-02 15:07:11]   h4_z_f30_w5_gs_rrhi_se_b0_a1: живой книги нет — полоса control: живая книга заводится только прошедшим проверки и отбор (решение владельца); случайная рука остаётся в суточном реплее, где и живёт сравнение полос
[09-02 15:07:11] ситуационная [nn]: закрыто 1 (FLOCKUSDT — прогноз развернулся)
[09-02 15:07:13] ситуационная [gbm]: закрыто 2 (LRCUSDT — прогноз развернулся; SAFEUSDT — прогноз развернулся)
[09-02 15:07:15] ситуационная [nn]: закрыто 1 (PYTHUSDT — прогноз развернулся)
[09-02 15:07:15] ситуационная [nn]: закрыто 2 (LRCUSDT — прогноз развернулся; FLOCKUSDT — прогноз развернулся)
[09-02 15:07:19] живой IC [gbm]: fwd_4h -0.0739 по 1 закрывшимся сечениям
[09-02 15:07:19] живой IC [nn]: fwd_4h -0.0822 по 1 закрывшимся сечениям
[09-02 15:07:19] обучение пропущено по каденции: весам 23.5 ч при каденции 24; цикл 320 с (сведение часа 239 с, матрица 45 с, книги 36 с, оценка 0 с)
[09-02 15:07:20] следующая попытка через 54 мин (обучения не было)
[09-02 15:15:08] сводка: символов с записью 748, новых часов 0, 7 с
/root/algoth_v2/research/s8_loop/bookfeat.py:162: RuntimeWarning: All-NaN slice encountered
  v = fn(sl, axis=1)
/root/algoth_v2/research/s8_loop/bookfeat.py:162: RuntimeWarning: All-NaN slice encountered
  v = fn(sl, axis=1)
/root/algoth_v2/research/s8_loop/bookfeat.py:162: RuntimeWarning: All-NaN slice encountered
  v = fn(sl, axis=1)
[09-02 15:15:53] матрица: 748 символов × 815 часов, сечений с ≥30 именами: 726, признаков 50
[09-02 15:16:25] каталогов вне состава без записи: 3 — не трогаем
[09-02 15:16:25] кандидаты фабрики: книг 4 (живых 4), без живой книги 3
[09-02 15:16:25]   h4_z_f22_w10_gl_rr0_sv_b0_a1: живой книги нет — полоса control: живая книга заводится только прошедшим проверки и отбор (решение владельца); случайная рука остаётся в суточном реплее, где и живёт сравнение полос
[09-02 15:16:25]   h4_z_f30_w10_gl_rrhi_se_b0_a1: живой книги нет — полоса control: живая книга заводится только прошедшим проверки и отбор (решение владельца); случайная рука остаётся в суточном реплее, где и живёт сравнение полос
[09-02 15:16:25]   h4_z_f30_w5_gs_rrhi_se_b0_a1: живой книги нет — полоса control: живая книга заводится только прошедшим проверки и отбор (решение владельца); случайная рука остаётся в суточном реплее, где и живёт сравнение полос
[09-02 15:16:34] обучение пропущено по каденции: весам 23.7 ч при каденции 24; цикл 93 с (сведение часа 7 с, матрица 45 с, книги 41 с, оценка 0 с)
[09-02 15:16:34] следующая попытка через 45 мин (обучения не было)
конец: 2026-09-02T15:17:05Z, код 0
