== задание cycle-now ==
строка: run tools/diag_cycle.py --tail=12
начало: 2026-09-02T07:09:54Z
запускаю: .venv/bin/python tools/diag_cycle.py --tail=12
=== процесс цикла ===
НЕ НАЙДЕН — цикл не работает

=== манифест модели ===
возраст 15.6 ч
  trained_at: 2026-09-01T15:36:42+00:00
  train_seq: 518
  cycle_sec: 5683.0
  woke_after_hour_sec: 120.0
  steps_sec: {'сведение часа': 184.5, 'матрица': 45.7, 'книги': 24.3, 'оценка': 0.1, 'канарейка': 1217.4, 'обучение': 4210.9}
  canary_ic: 0.006

=== хвост train.log ===
возраст 4.9 мин, размер 7962672 Б
[09-02 06:09:06] ситуационная [nn]: закрыто 1 (FFUSDT — прогноз развернулся)
[09-02 06:09:06] ситуационная [nn]: закрыто 1 (ONGUSDT — прогноз развернулся)
[09-02 06:09:08] живой IC [gbm]: fwd_4h +0.1492 по 1 закрывшимся сечениям
[09-02 06:09:08] живой IC [nn]: fwd_4h +0.0153 по 1 закрывшимся сечениям
[09-02 06:09:08] обучение пропущено по каденции: весам 14.5 ч при каденции 24; цикл 428 с (сведение часа 335 с, матрица 54 с, книги 39 с, оценка 0 с)
[09-02 06:09:08] следующая попытка через 52 мин (обучения не было)
[09-02 07:02:30]   сводка: 72/745 символов, новых часов 71
[09-02 07:03:01]   сводка: 147/745 символов, новых часов 146
[09-02 07:03:31]   сводка: 218/745 символов, новых часов 217
[09-02 07:04:02]   сводка: 289/745 символов, новых часов 288
[09-02 07:04:32]   сводка: 362/745 символов, новых часов 360
[09-02 07:05:02]   сводка: 438/745 символов, новых часов 436
конец: 2026-09-02T07:09:54Z, код 0
публикуется в ветку main:
 jobs/done/cycle-now.done       |  1 +
 jobs/done/cycle-now.log        | 31 +++++++++++++++++++++++++++++++
 jobs/done/why-cycle-silent.log | 11 +++++++++++
 jobs/poke.log                  |  3 +++
 4 files changed, 46 insertions(+)
To github.com:n0tgod/algoth_v2.git
   fb9026f..19be66d  main -> main
branch 'main' set up to track 'origin/main'.
опубликовано
