== задание cycle-up7 ==
строка: status
начало: 2026-09-02T14:25:19Z
--- диск ---
Filesystem      Size  Used Avail Use% Mounted on
/dev/sda1       150G   67G   78G  47% /
/dev/sdb        147G  115G   25G  83% /mnt/HC_Volume_106683528
--- процессы ---
669148 bot/target/release/bot live --s8 research/s8_loop/out/model_sit_lo --journal bot/out/live --keys /root/.bybit/live.env --base https://api.bybit.com --arm gbm --capital 300 --interval-sec 5 --clear-halt
1105225 .venv/bin/python research/b1_book/collect.py --http 8765
1105368 .venv/bin/python research/s8_loop/train.py
--- статус сбора ---
{"t": 1788359118.1, "uptime_sec": 367.3, "messages": 2070189, "trades": 219027, "resets": 0, "last_msg_age_sec": 0.0, "snapshots": 209968, "snapshot_errors": 0, "last_snap_age_sec": 0.7, "snap_pass_sec": 2.423, "writes": {"book": 209968, "trades": 219019, "raw": 12479, "liq": 68, "metrics": 744}, "write_age_sec": {"book": 0.7, "trades": 1.7, "raw": 3.1, "liq": 4.9, "metrics": 65.2}, "symbols": {"0GUSDT": {"ready": true, "bid": 0.1814, "ask": 0.1816, "resets": 0}, "1000000BABYDOGEUSDT": {"ready": true, "bid": 0.0003645, "ask": 0.0003648, "resets": 0}, "1000000MOGUSDT": {"ready": true, "bid": 0.1029, "ask": 0.103, "resets": 0}, "10000NEXUSDT": {"ready": true, "bid": 0.01435, "ask": 0.0144, "re
--- живой исполнитель ---
{
  "at_ms": 1788359115249,
  "capital_usd": 300.0,
  "dry": false,
  "entries_paused": false,
  "halted": "часовой цикл молчит 3.0 ч при пределе 3 ч (§5) — позиции без сканера не управляет никто",
  "lev_errors": null,
  "limits_off": true,
  "note": null,
  "positions": [],
  "realized_today_usd": 0.0,
  "realized_total_usd": -21.265818699799986,
  "rejects_row": 0,
  "stale_entries_skipped": 79,
  "tp_errors": null,
  "wallet": {
    "balance": 284.21345292,
    "equity": 284.21345292
  }
}
конец: 2026-09-02T14:25:19Z
публикуется в ветку main:
 jobs/done/cycle-up7.log             | 35 +++++++++++++++++++++++++++++++++++
 jobs/done/deploy-table.log          | 12 ++++++++++++
 jobs/poke.log                       |  2 ++
 research/s8_loop/out/day_brake.json |  2 +-
 4 files changed, 50 insertions(+), 1 deletion(-)
To github.com:n0tgod/algoth_v2.git
   f27d0cc..3787793  main -> main
branch 'main' set up to track 'origin/main'.
опубликовано
