== задание cycle-0510 ==
строка: run tools/loggrep.py --file train --preset cycle --days 2 --last 12
начало: 2026-10-05T22:55:50Z
запускаю: .venv/bin/python tools/loggrep.py --file train --preset cycle --days 2 --last 12
== research/s8_loop/out/train.log по образцу /матрица:|обучение пропущено по каденции|обучение отложено по памяти|переобучаю:|цикл закончен/ за 2 сут ==
  совпадений 90
  2026-10-04: 44
  2026-10-05: 46
  [10-05 17:09:32] матрица: 790 символов × 1609 часов, сечений с ≥30 именами: 1420, признаков 50
  [10-05 17:11:59] обучение отложено по памяти: память: доступно 2630 МБ при пороге 3072 — рядом другие прогоны, обучение отложено на час; цикл 600 с (сведение часа 307 с, матрица 145 с, книги 140 с, оценка 0 с)
  [10-05 18:09:59] матрица: 790 символов × 1610 часов, сечений с ≥30 именами: 1421, признаков 50
  [10-05 18:12:28] обучение отложено по памяти: память: доступно 2646 МБ при пороге 3072 — рядом другие прогоны, обучение отложено на час; цикл 629 с (сведение часа 329 с, матрица 150 с, книги 141 с, оценка 0 с)
  [10-05 19:10:18] матрица: 790 символов × 1611 часов, сечений с ≥30 именами: 1422, признаков 50
  [10-05 19:12:51] обучение отложено по памяти: память: доступно 2430 МБ при пороге 3072 — рядом другие прогоны, обучение отложено на час; цикл 651 с (сведение часа 346 с, матрица 153 с, книги 145 с, оценка 0 с)
  [10-05 20:10:04] матрица: 790 символов × 1612 часов, сечений с ≥30 именами: 1423, признаков 50
  [10-05 20:12:31] обучение отложено по памяти: память: доступно 2524 МБ при пороге 3072 — рядом другие прогоны, обучение отложено на час; цикл 631 с (сведение часа 330 с, матрица 154 с, книги 139 с, оценка 0 с)
  [10-05 21:10:14] матрица: 790 символов × 1613 часов, сечений с ≥30 именами: 1424, признаков 50
  [10-05 21:12:46] обучение отложено по памяти: память: доступно 2623 МБ при пороге 3072 — рядом другие прогоны, обучение отложено на час; цикл 647 с (сведение часа 356 с, матрица 139 с, книги 143 с, оценка 0 с)
  [10-05 22:10:32] матрица: 790 символов × 1614 часов, сечений с ≥30 именами: 1425, признаков 50
  [10-05 22:13:26] обучение отложено по памяти: память: доступно 2403 МБ при пороге 3072 — рядом другие прогоны, обучение отложено на час; цикл 687 с (сведение часа 360 с, матрица 153 с, книги 163 с, оценка 0 с)
конец: 2026-10-05T22:55:50Z, код 0
