== задание cycle-0730 ==
строка: run tools/loggrep.py --file train --preset cycle --days 1 --last 8
начало: 2026-10-02T07:35:03Z
запускаю: .venv/bin/python tools/loggrep.py --file train --preset cycle --days 1 --last 8
== research/s8_loop/out/train.log по образцу /матрица:|обучение пропущено по каденции|обучение отложено по памяти|переобучаю:|цикл закончен/ за 1 сут ==
  совпадений 20
  2026-10-02: 20
  [10-02 02:52:44] матрица: 790 символов × 1522 часов, сечений с ≥30 именами: 1336, признаков 50
  [10-02 02:55:52] переобучаю: весам 42.3 ч при каденции 24
  [10-02 03:08:40] матрица: 790 символов × 1523 часов, сечений с ≥30 именами: 1336, признаков 50
  [10-02 03:10:39] переобучаю: весам 42.5 ч при каденции 24
  [10-02 05:27:20] матрица: 790 символов × 1525 часов, сечений с ≥30 именами: 1338, признаков 50
  [10-02 05:30:48] переобучаю: весам 44.9 ч при каденции 24
  [10-02 07:17:48] матрица: 790 символов × 1527 часов, сечений с ≥30 именами: 1340, признаков 50
  [10-02 07:20:36] переобучаю: весам 46.7 ч при каденции 24
конец: 2026-10-02T07:35:03Z, код 0
публикуется в ветку main:
 jobs/done/cycle-0730.done           |  1 +
 jobs/done/cycle-0730.log            | 16 ++++++++++++++++
 research/s8_loop/out/day_brake.json |  2 +-
 3 files changed, 18 insertions(+), 1 deletion(-)
To github.com:n0tgod/algoth_v2.git
   6d7351ba..aa278215  main -> main
branch 'main' set up to track 'origin/main'.
опубликовано
