== задание cycle-up5 ==
строка: status
начало: 2026-09-02T13:44:36Z
--- диск ---
Filesystem      Size  Used Avail Use% Mounted on
/dev/sda1       150G   67G   78G  47% /
/dev/sdb        147G  116G   24G  83% /mnt/HC_Volume_106683528
--- процессы ---
669148 bot/target/release/bot live --s8 research/s8_loop/out/model_sit_lo --journal bot/out/live --keys /root/.bybit/live.env --base https://api.bybit.com --arm gbm --capital 300 --interval-sec 5 --clear-halt
1102415 .venv/bin/python research/b1_book/collect.py --http 8765
--- статус сбора ---
{"t": 1788356674.9, "uptime_sec": 118.3, "messages": 705746, "trades": 112809, "resets": 0, "last_msg_age_sec": 0.0, "snapshots": 25199, "snapshot_errors": 0, "last_snap_age_sec": 4.6, "snap_pass_sec": 5.543, "writes": {"book": 25199, "raw": 2153, "trades": 112792, "liq": 91}, "write_age_sec": {"book": 4.6, "raw": 2.2, "trades": 5.5, "liq": 3.1}, "symbols": {"0GUSDT": {"ready": true, "bid": 0.1824, "ask": 0.1825, "resets": 0}, "1000000BABYDOGEUSDT": {"ready": true, "bid": 0.0003664, "ask": 0.0003669, "resets": 0}, "1000000MOGUSDT": {"ready": true, "bid": 0.1032, "ask": 0.1034, "resets": 0}, "10000NEXUSDT": {"ready": true, "bid": 0.01433, "ask": 0.01437, "resets": 0}, "10000SATSUSDT": {"ready
--- живой исполнитель ---
{
  "at_ms": 1788356673819,
  "capital_usd": 300.0,
  "dry": false,
  "entries_paused": false,
  "halted": "часовой цикл молчит 3.0 ч при пределе 3 ч (§5) — позиции без сканера не управляет никто",
  "lev_errors": null,
  "limits_off": true,
  "note": null,
  "positions": [],
  "realized_today_usd": 0.0,
  "realized_total_usd": -21.265818699799986,
  "rejects_row": 0,
  "stale_entries_skipped": 79,
  "tp_errors": null,
  "wallet": {
    "balance": 284.21345292,
    "equity": 284.21345292
  }
}
конец: 2026-09-02T13:44:36Z
публикуется в ветку main:
 jobs/done/cycle-up5.log     | 34 ++++++++++++++++++++++++++++++++++
 jobs/done/deploy-strat2.log | 10 ++++++++++
 jobs/poke.log               |  2 ++
 3 files changed, 46 insertions(+)
To github.com:n0tgod/algoth_v2.git
   c6b1b44..966f312  main -> main
branch 'main' set up to track 'origin/main'.
опубликовано
