== задание d1-dca-full ==
строка: run research/dca_ladder/run_dca.py --interval 1m
начало: 2026-09-03T15:33:20Z
запускаю: .venv/bin/python research/dca_ladder/run_dca.py --interval 1m
чтение 813 имён…
/root/algoth_v2/research/dca_ladder/run_dca.py:128: DeprecationWarning: fetch_arrow_table() is deprecated, use to_arrow_table() instead.
  tbl = con.execute(q).fetch_arrow_table()
  100/813  RSS 374 МБ
  200/813  RSS 584 МБ
  300/813  RSS 794 МБ
  400/813  RSS 1008 МБ
  500/813  RSS 1214 МБ
  600/813  RSS 1389 МБ
  700/813  RSS 1608 МБ
  800/813  RSS 1810 МБ
рядов 615

# D1 — потолок DCA-лестницы (1m)

Диагностика, не вердикт: пороги §9 судит владелец. Реплей по хранилищу A2, забор §5 по тирам D0, уровни σ-сеткой.

Позиций 19145, прогон 236.7 с, отсеяно забором 2392.

## §8.1 Ликвидация на разрывах — цель владельца числом

- **доля ликвидированных лестниц 3.25 %** (порог §9 ≤ 0.5 %)
- средняя глубина заполнения 2.27 из 4 рунгов

## §8.2 Руина (делистинг внутри удержания)

- доля лестниц в делистнутое имя 0.53 % (выше 2 % — режется фильтр 30 суток до снятия)

## §8.3 Бьёт ли лестница удержание

- медиана лестницы +0.41 % капитала, удержания -8.53 %
- **парная разность медиана +9.46 %**, лестница выше удержания в 63.9 % позиций

## §8.4 Форма распределения (для устойчивости)

- доля зелёных 51.8 % (порог §9 ≥ 55 %)
- худшая позиция -100.0 % капитала
- укус |худшая|/медиана прибыльной 11.0 (порог §9 ≤ 10)
- просадка кривой по датам входа -59596.4 % (сумма долей капитала)


**Что НЕ в числах и оговорки:** нуль «структурные уровни против случайных» (§8.6) — отдельный проход; издержки посимвольной комиссии в pnl лестницы ещё не сняты (первый ответ — на брутто); вход в базу по закрытию бакета t0 — мелкий подарок на многодневном удержании; MMR делистнутой ноги плоский (§10), точный тир площадка не отдаёт. Убыль убытка от лестницы против удержания на 2022–2026 может льстить: выборка — в основном откупленные просадки.
публикуется в ветку main:
 jobs/done/d1-dca-full.done             |  1 +
 jobs/done/d1-dca-full.log              | 46 ++++++++++++++++++++++++++++++++++
 jobs/done/d1-dca-smoke2.log            | 13 ++++++++++
 jobs/poke.log                          |  5 ++++
 research/dca_ladder/out/D1-dca-1m.json | 28 +++++++++++++++++++++
 research/dca_ladder/out/D1-dca-1m.md   | 29 +++++++++++++++++++++
 research/s8_loop/out/day_brake.json    |  2 +-
 7 files changed, 123 insertions(+), 1 deletion(-)
To github.com:n0tgod/algoth_v2.git
   f15136d..45708a0  main -> main
branch 'main' set up to track 'origin/main'.
опубликовано
конец: 2026-09-03T15:37:20Z, код 0
