== задание d1-dca-smoke2 ==
строка: run research/dca_ladder/run_dca.py --interval 1m --smoke --days-limit 3 --no-publish
начало: 2026-09-03T15:31:30Z
запускаю: .venv/bin/python research/dca_ladder/run_dca.py --interval 1m --smoke --days-limit 3 --no-publish
чтение 160 имён…
/root/algoth_v2/research/dca_ladder/run_dca.py:128: DeprecationWarning: fetch_arrow_table() is deprecated, use to_arrow_table() instead.
  tbl = con.execute(q).fetch_arrow_table()
  100/160  RSS 378 МБ
рядов 115

# D1 — потолок DCA-лестницы (смоук 1m)

Диагностика, не вердикт: пороги §9 судит владелец. Реплей по хранилищу A2, забор §5 по тирам D0, уровни σ-сеткой.

Позиций 54, прогон 40.8 с, отсеяно забором 0.

## §8.1 Ликвидация на разрывах — цель владельца числом

- **доля ликвидированных лестниц 0.00 %** (порог §9 ≤ 0.5 %)
- средняя глубина заполнения 2.26 из 4 рунгов

## §8.2 Руина (делистинг внутри удержания)

- доля лестниц в делистнутое имя 0.00 % (выше 2 % — режется фильтр 30 суток до снятия)

## §8.3 Бьёт ли лестница удержание

- медиана лестницы +5.80 % капитала, удержания +7.61 %
- **парная разность медиана +3.74 %**, лестница выше удержания в 57.4 % позиций

## §8.4 Форма распределения (для устойчивости)

- доля зелёных 61.1 % (порог §9 ≥ 55 %)
- худшая позиция -20.0 % капитала
- укус |худшая|/медиана прибыльной 1.6 (порог §9 ≤ 10)
- просадка кривой по датам входа -112.0 % (сумма долей капитала)


**Что НЕ в числах и оговорки:** нуль «структурные уровни против случайных» (§8.6) — отдельный проход; издержки посимвольной комиссии в pnl лестницы ещё не сняты (первый ответ — на брутто); вход в базу по закрытию бакета t0 — мелкий подарок на многодневном удержании; MMR делистнутой ноги плоский (§10), точный тир площадка не отдаёт. Убыль убытка от лестницы против удержания на 2022–2026 может льстить: выборка — в основном откупленные просадки.
конец: 2026-09-03T15:32:11Z, код 0
