== задание d10-short-2 ==
строка: run research/dca_ladder/run_d10.py
начало: 2026-09-06T18:59:45Z
запускаю: .venv/bin/python research/dca_ladder/run_d10.py 
sheets.jsonl: ног 963750
коротких ног (край ≥ 33) 62925: rr2 342, lo 61781, any 62925; символов 753
окно решений 2026-08-08 11:47 … 2026-09-06 18:59 UTC (29.3 суток, дат 30)
память: 796.1 МБ (ноги загружены; предел 1200)
  символ 4/753  решений 488
  символ 5/753  решений 666
  символ 7/753  решений 864
  символ 9/753  решений 1232
память: 817.8 МБ (символ 10/753; предел 1200)
  символ 11/753  решений 1720
  символ 12/753  решений 2084
  символ 14/753  решений 2559
  символ 17/753  решений 2781
  символ 19/753  решений 2980
память: 812.3 МБ (символ 20/753; предел 1200)
  символ 21/753  решений 3503
  символ 25/753  решений 3921
  символ 27/753  решений 4096
  символ 29/753  решений 4435
память: 815.9 МБ (символ 30/753; предел 1200)
  символ 31/753  решений 4836
  символ 34/753  решений 5240
  символ 36/753  решений 5446
  символ 37/753  решений 5595
  символ 38/753  решений 5782
память: 815.9 МБ (символ 40/753; предел 1200)
  символ 41/753  решений 6070
  символ 43/753  решений 6293
  символ 47/753  решений 6530
  символ 49/753  решений 6707
память: 815.0 МБ (символ 50/753; предел 1200)
  символ 53/753  решений 6962
  символ 55/753  решений 7308
  символ 57/753  решений 7664
  символ 60/753  решений 7802
память: 817.6 МБ (символ 60/753; предел 1200)
  символ 63/753  решений 8440
  символ 65/753  решений 8676
  символ 69/753  решений 8880
память: 863.2 МБ (символ 70/753; предел 1200)
  символ 71/753  решений 9215
  символ 75/753  решений 9429
  символ 78/753  решений 9743
  символ 80/753  решений 10101
память: 913.7 МБ (символ 80/753; предел 1200)
  символ 83/753  решений 10432
  символ 84/753  решений 10571
  символ 90/753  решений 10865
память: 878.3 МБ (символ 90/753; предел 1200)
  символ 94/753  решений 11162
  символ 95/753  решений 11452
  символ 98/753  решений 11652
память: 896.0 МБ (символ 100/753; предел 1200)
  символ 101/753  решений 11983
  символ 102/753  решений 12120
  символ 104/753  решений 12361
  символ 105/753  решений 12486
  символ 106/753  решений 12666
  символ 110/753  решений 12898
память: 991.5 МБ (символ 110/753; предел 1200)
  символ 111/753  решений 13118
  символ 115/753  решений 13300
  символ 116/753  решений 13550
  символ 117/753  решений 13833
  символ 118/753  решений 14458
память: 1150.1 МБ (символ 120/753; предел 1200)
  символ 122/753  решений 14721
  символ 124/753  решений 14874
  символ 127/753  решений 15062
  символ 130/753  решений 15387
память: 1150.1 МБ (символ 130/753; предел 1200)
  символ 132/753  решений 15638
  символ 136/753  решений 15956
память: 1150.1 МБ (символ 140/753; предел 1200)
  символ 141/753  решений 16231
  символ 143/753  решений 16425
  символ 145/753  решений 16738
  символ 148/753  решений 16939
память: 1290.7 МБ (символ 150/753; предел 1200)
ОСТАНОВ: память 1290.7 МБ выше предела 1200 МБ (символ 150/753) — рядом сборщик и часовой цикл, прогон снял себя сам, чтобы не убили цикл
конец: 2026-09-06T19:58:58Z, код 1
публикуется в ветку main:
 jobs/done/d10-short-2.log           | 59 +++++++++++++++++++++++++++++++++++++
 jobs/done/diag-disk.log             | 12 ++++++++
 research/s8_loop/out/day_brake.json |  2 +-
 3 files changed, 72 insertions(+), 1 deletion(-)
To github.com:n0tgod/algoth_v2.git
   21d64b5..fd0a731  main -> main
branch 'main' set up to track 'origin/main'.
опубликовано
