== задание d10-short-3 ==
строка: run research/dca_ladder/run_d10.py
начало: 2026-09-06T22:12:03Z
запускаю: .venv/bin/python research/dca_ladder/run_d10.py 
листы: ног всего 969597, коротких под гейтом 62959
коротких ног (край ≥ 33) 62959: rr2 343, lo 61812, any 62959; символов 753
окно решений 2026-08-08 11:47 … 2026-09-06 22:08 UTC (29.4 суток, дат 30)
память: 80.4 МБ (ноги загружены; предел 1200)
  символ 4/753  решений 489
  символ 6/753  решений 751
  символ 7/753  решений 865
  символ 9/753  решений 1233
память: 280.0 МБ (символ 10/753; предел 1200)
  символ 11/753  решений 1721
  символ 12/753  решений 2085
  символ 14/753  решений 2560
  символ 17/753  решений 2782
  символ 19/753  решений 2981
память: 260.8 МБ (символ 20/753; предел 1200)
  символ 21/753  решений 3504
  символ 25/753  решений 3922
  символ 27/753  решений 4097
  символ 29/753  решений 4436
память: 296.0 МБ (символ 30/753; предел 1200)
  символ 31/753  решений 4837
  символ 34/753  решений 5241
  символ 36/753  решений 5447
  символ 37/753  решений 5596
  символ 38/753  решений 5783
память: 250.8 МБ (символ 40/753; предел 1200)
  символ 41/753  решений 6071
  символ 43/753  решений 6294
  символ 47/753  решений 6531
  символ 49/753  решений 6708
память: 229.8 МБ (символ 50/753; предел 1200)
  символ 52/753  решений 6942
  символ 55/753  решений 7309
  символ 57/753  решений 7665
  символ 60/753  решений 7803
память: 301.8 МБ (символ 60/753; предел 1200)
  символ 63/753  решений 8441
  символ 65/753  решений 8677
  символ 69/753  решений 8881
память: 326.1 МБ (символ 70/753; предел 1200)
  символ 71/753  решений 9216
  символ 75/753  решений 9430
  символ 78/753  решений 9744
  символ 80/753  решений 10102
память: 431.7 МБ (символ 80/753; предел 1200)
  символ 83/753  решений 10433
  символ 84/753  решений 10572
  символ 90/753  решений 10866
память: 287.0 МБ (символ 90/753; предел 1200)
  символ 94/753  решений 11163
  символ 95/753  решений 11453
  символ 98/753  решений 11653
память: 266.5 МБ (символ 100/753; предел 1200)
  символ 101/753  решений 11984
  символ 102/753  решений 12121
  символ 104/753  решений 12362
  символ 105/753  решений 12487
  символ 106/753  решений 12667
  символ 110/753  решений 12899
память: 268.4 МБ (символ 110/753; предел 1200)
  символ 111/753  решений 13119
  символ 115/753  решений 13301
  символ 116/753  решений 13551
  символ 117/753  решений 13834
  символ 118/753  решений 14464
память: 354.4 МБ (символ 120/753; предел 1200)
  символ 121/753  решений 14680
  символ 124/753  решений 14880
  символ 127/753  решений 15068
  символ 130/753  решений 15393
память: 326.7 МБ (символ 130/753; предел 1200)
  символ 132/753  решений 15644
  символ 136/753  решений 15962
  символ 140/753  решений 16183
память: 318.1 МБ (символ 140/753; предел 1200)
  символ 143/753  решений 16431
  символ 145/753  решений 16744
  символ 148/753  решений 16945
память: 330.9 МБ (символ 150/753; предел 1200)
  символ 153/753  решений 17224
  символ 156/753  решений 17770
  символ 159/753  решений 18075
память: 383.9 МБ (символ 160/753; предел 1200)
  символ 162/753  решений 18367
  символ 167/753  решений 18652
память: 356.5 МБ (символ 170/753; предел 1200)
  символ 172/753  решений 18891
  символ 175/753  решений 19252
  символ 177/753  решений 19365
память: 339.6 МБ (символ 180/753; предел 1200)
  символ 181/753  решений 19702
  символ 184/753  решений 19862
  символ 186/753  решений 20246
  символ 190/753  решений 20710
память: 456.7 МБ (символ 190/753; предел 1200)
  символ 193/753  решений 20812
  символ 198/753  решений 21022
  символ 200/753  решений 21292
память: 365.0 МБ (символ 200/753; предел 1200)
  символ 202/753  решений 21587
  символ 203/753  решений 21692
  символ 206/753  решений 21855
  символ 208/753  решений 22024
  символ 210/753  решений 22169
память: 369.8 МБ (символ 210/753; предел 1200)
  символ 212/753  решений 22362
