== задание d12-nn-24 ==
строка: run research/dca_ladder/run_d12.py --arm nn --hold 24
начало: 2026-09-07T06:13:24Z
запускаю: .venv/bin/python research/dca_ladder/run_d12.py --arm nn --hold 24
h24/nn: часов 576, коротких выборов 1728, ног под краем 1587, отброшено (нет полей / знак) 129
коротких ног (край ≥ 33) 1587: rr2 210, lo 1219, any 1587; символов 196
окно решений 2026-08-08 10:00 … 2026-09-07 06:00 UTC (29.8 суток, дат 31)
память: 41.7 МБ (ноги загружены; предел 1200)
  символ 9/196  решений 77
память: 127.5 МБ (символ 10/196; предел 1200)
  символ 11/196  решений 106
  символ 13/196  решений 175
  символ 16/196  решений 191
память: 273.0 МБ (символ 20/196; предел 1200)
  символ 27/196  решений 216
память: 172.6 МБ (символ 30/196; предел 1200)
  символ 32/196  решений 229
  символ 33/196  решений 278
память: 188.0 МБ (символ 40/196; предел 1200)
  символ 41/196  решений 302
  символ 43/196  решений 350
  символ 48/196  решений 406
память: 228.5 МБ (символ 50/196; предел 1200)
  символ 52/196  решений 470
  символ 55/196  решений 509
память: 163.5 МБ (символ 60/196; предел 1200)
  символ 62/196  решений 545
  символ 64/196  решений 583
  символ 68/196  решений 649
память: 199.3 МБ (символ 70/196; предел 1200)
  символ 72/196  решений 699
  символ 77/196  решений 727
  символ 80/196  решений 748
память: 394.8 МБ (символ 80/196; предел 1200)
  символ 87/196  решений 800
память: 188.0 МБ (символ 90/196; предел 1200)
память: 172.2 МБ (символ 100/196; предел 1200)
  символ 101/196  решений 866
память: 162.4 МБ (символ 110/196; предел 1200)
  символ 115/196  решений 941
память: 158.4 МБ (символ 120/196; предел 1200)
  символ 122/196  решений 1003
память: 155.5 МБ (символ 130/196; предел 1200)
  символ 137/196  решений 1108
память: 150.6 МБ (символ 140/196; предел 1200)
память: 149.6 МБ (символ 150/196; предел 1200)
  символ 153/196  решений 1208
память: 147.7 МБ (символ 160/196; предел 1200)
  символ 163/196  решений 1291
  символ 170/196  решений 1303
память: 217.1 МБ (символ 170/196; предел 1200)
  символ 175/196  решений 1431
память: 159.0 МБ (символ 180/196; предел 1200)
память: 149.2 МБ (символ 190/196; предел 1200)
  символ 196/196  решений 1585
запись доходит до 2026-09-07 06:34 UTC
общая выборка: 1430 решений, выброшено до 157
книга optimal_s: ячейки посчитаны
память: 145.3 МБ (книга optimal_s; предел 1200)
общая выборка: 1430 решений, выброшено до 157
книга safe_s: ячейки посчитаны
память: 147.4 МБ (книга safe_s; предел 1200)
# D12 — билет от собственного пика: сигнал h24 (шорт, рука nn, срок 24 ч)

Вопрос владельца 2026-09-07: «без доливов, но больше сделок — от суммы депозита, больше ячеек». D11: касса не отказывала ни разу, 70 % решений — повтор уже открытого имени; узкое место — билет: правило книг делит депозит на пик ПУЛА DCA (457 × 1.5), и на $10k билет упирается в пол $25 при десятках одновременных позиций у этого источника. Здесь билет — от СОБСТВЕННОГО пика ячейки (депозит / (пик × 1.5), не ниже пола режима), рядом — билет пула. Пик измерен на том же окне: это правило книги, объявленное тем же, что у DCA-книг, а не подбор.

Ног 1587, гейт отсчёта «any», окно 2026-08-08 10:00 … 2026-09-07 06:00 UTC; общая выборка: optimal_s 1430 (выброшено до 157), safe_s 1430 (выброшено до 157).

## Книга `optimal_s`, депозит $10,000

| ячейка | пик | билет пула → свой | взято пул → свой | итог брутто пул → свой | итог нетто пул → свой | просадка (свой) | медиана дня нетто (свой) | зелёных | укус | половины нетто A / B (свой) | тейк/пол/ликв/срок (свой) |
|---|---:|---:|---:|---:|---:|---:|---:|---:|---:|---:|---:|
| `fence:struct:t2` ⟵ правило книги | 25 | $25.0 → $266.67 | 439 → 439 | -1.54 % → -19.99 % | -2.09 % → **-24.46 %** | -32.21 % | -1.790 % | +33 % | 2.5 | +0.53 % / -26.11 % | 43/57/52/287 |
| `fence:none:t2` | 25 | $25.0 → $266.67 | 403 → 403 | +4.08 % → +45.41 % | +3.79 % → **+41.35 %** | -9.22 % | +0.992 % | +67 % | 3.0 | +44.57 % / -3.18 % | 43/39/14/307 |
| `c3:none:t2` | 25 | $25.0 → $266.67 | 367 → 367 | +0.72 % → +7.68 % | +0.66 % → **+7.08 %** | -3.72 % | +0.606 % | +62 % | 2.2 | +10.45 % / -2.51 % | 40/2/0/325 |
| `c2:none:t2` | 25 | $25.0 → $266.67 | 367 → 367 | +0.46 % → +4.87 % | +0.42 % → **+4.43 %** | -3.33 % | +0.415 % | +59 % | 2.5 | +7.65 % / -2.68 % | 40/1/0/326 |
| `c1:none:t2` | 25 | $25.0 → $266.67 | 367 → 367 | +0.21 % → +2.18 % | +0.18 % → **+1.91 %** | -2.95 % | +0.322 % | +59 % | 4.7 | +4.97 % / -2.78 % | 40/0/0/327 |
| `c3:struct:t2` | 25 | $25.0 → $266.67 | 373 → 373 | +1.35 % → +14.23 % | +1.24 % → **+13.01 %** | -6.83 % | +0.526 % | +63 % | 6.0 | +19.49 % / -3.41 % | 43/17/1/312 |
| `c1:struct:t2` | 25 | $25.0 → $266.67 | 367 → 367 | +0.63 % → +6.82 % | +0.59 % → **+6.36 %** | -3.56 % | +0.408 % | +60 % | 2.4 | +8.98 % / -1.63 % | 43/1/0/323 |
| `fence:none:t1` | 24 | $25.0 → $277.78 | 440 → 440 | +3.07 % → +35.08 % | +2.75 % → **+30.65 %** | -9.30 % | +0.649 % | +57 % | 2.6 | +33.91 % / -2.82 % | 163/40/14/223 |
| `c1:none:t1` | 24 | $25.0 → $277.78 | 399 → 399 | +0.22 % → +2.39 % | +0.19 % → **+2.08 %** | -2.77 % | +0.132 % | +60 % | 4.4 | +4.29 % / -1.96 % | 151/0/0/248 |

Нетто > 0 при своём билете на $10,000: 8 из 9 — `fence:none:t2`, `c3:none:t2`, `c2:none:t2`, `c1:none:t2`, `c3:struct:t2`, `c1:struct:t2`, `fence:none:t1`, `c1:none:t1`; из них держат обе половины окна: **0**.

## Книга `safe_s`, депозит $10,000

| ячейка | пик | билет пула → свой | взято пул → свой | итог брутто пул → свой | итог нетто пул → свой | просадка (свой) | медиана дня нетто (свой) | зелёных | укус | половины нетто A / B (свой) | тейк/пол/ликв/срок (свой) |
|---|---:|---:|---:|---:|---:|---:|---:|---:|---:|---:|---:|
| `fence:struct:t2` ⟵ правило книги | 25 | $25.0 → $266.67 | 393 → 393 | -0.29 % → -4.86 % | -0.54 % → **-7.39 %** | -18.01 % | +0.085 % | +50 % | 4.1 | +8.85 % / -14.63 % | 43/27/15/308 |
| `fence:none:t2` | 25 | $25.0 → $266.67 | 380 → 380 | +3.16 % → +37.05 % | +3.00 % → **+34.91 %** | -5.33 % | +0.629 % | +62 % | 1.3 | +29.86 % / +4.05 % | 41/13/3/323 |
| `c3:none:t2` | 25 | $25.0 → $266.67 | 367 → 367 | +0.67 % → +7.28 % | +0.63 % → **+6.80 %** | -2.32 % | +0.434 % | +69 % | 3.0 | +8.26 % / -1.23 % | 40/1/0/326 |
| `c2:none:t2` | 25 | $25.0 → $266.67 | 367 → 367 | +0.49 % → +5.30 % | +0.46 % → **+4.92 %** | -2.36 % | +0.362 % | +62 % | 3.3 | +6.88 % / -1.72 % | 40/0/0/327 |
| `c1:none:t2` | 25 | $25.0 → $266.67 | 367 → 367 | +0.21 % → +2.18 % | +0.18 % → **+1.91 %** | -2.95 % | +0.322 % | +59 % | 4.7 | +4.97 % / -2.78 % | 40/0/0/327 |
| `c3:struct:t2` | 25 | $25.0 → $266.67 | 368 → 368 | +1.46 % → +16.44 % | +1.40 % → **+15.66 %** | -2.86 % | +0.524 % | +67 % | 1.8 | +13.83 % / +1.79 % | 43/3/0/322 |
| `c1:struct:t2` | 25 | $25.0 → $266.67 | 367 → 367 | +0.52 % → +5.59 % | +0.48 % → **+5.21 %** | -2.31 % | +0.253 % | +60 % | 3.1 | +6.67 % / -1.18 % | 43/0/0/324 |
| `fence:none:t1` | 24 | $25.0 → $277.78 | 411 → 411 | +2.71 % → +32.88 % | +2.54 % → **+30.48 %** | -4.24 % | +1.098 % | +63 % | 1.3 | +24.82 % / +4.77 % | 153/13/3/242 |
| `c1:none:t1` | 24 | $25.0 → $277.78 | 399 → 399 | +0.22 % → +2.39 % | +0.19 % → **+2.08 %** | -2.77 % | +0.132 % | +60 % | 4.4 | +4.29 % / -1.96 % | 151/0/0/248 |

Нетто > 0 при своём билете на $10,000: 8 из 9 — `fence:none:t2`, `c3:none:t2`, `c2:none:t2`, `c1:none:t2`, `c3:struct:t2`, `c1:struct:t2`, `fence:none:t1`, `c1:none:t1`; из них держат обе половины окна: **3** — `fence:none:t2`, `c3:struct:t2`, `fence:none:t1`.

## Чего замер НЕ говорит

Пик измерен на том же окне, что и результат (правило книги, но in-sample); решений в час у источника три на руку — больше имён в час историей не воспроизвести (лист сечения пишется только у ситуационной модели); проскальзывания и funding в нетто нет (круг — комиссия); окно одно.

