== задание d12-nn-72 ==
строка: run research/dca_ladder/run_d12.py --arm nn
начало: 2026-09-07T06:13:24Z
запускаю: .venv/bin/python research/dca_ladder/run_d12.py --arm nn
h24/nn: часов 576, коротких выборов 1728, ног под краем 1587, отброшено (нет полей / знак) 129
коротких ног (край ≥ 33) 1587: rr2 210, lo 1219, any 1587; символов 196
окно решений 2026-08-08 10:00 … 2026-09-07 06:00 UTC (29.8 суток, дат 31)
память: 43.1 МБ (ноги загружены; предел 1200)
  символ 5/196  решений 62
память: 128.4 МБ (символ 10/196; предел 1200)
  символ 11/196  решений 106
  символ 13/196  решений 175
  символ 16/196  решений 191
память: 276.6 МБ (символ 20/196; предел 1200)
  символ 24/196  решений 208
память: 175.1 МБ (символ 30/196; предел 1200)
  символ 32/196  решений 229
  символ 33/196  решений 278
  символ 40/196  решений 298
память: 188.0 МБ (символ 40/196; предел 1200)
  символ 42/196  решений 340
  символ 47/196  решений 403
  символ 50/196  решений 432
память: 231.4 МБ (символ 50/196; предел 1200)
  символ 54/196  решений 502
память: 172.3 МБ (символ 60/196; предел 1200)
  символ 61/196  решений 537
  символ 62/196  решений 545
  символ 64/196  решений 583
  символ 66/196  решений 627
память: 239.4 МБ (символ 70/196; предел 1200)
  символ 72/196  решений 699
  символ 74/196  решений 719
  символ 80/196  решений 748
память: 395.4 МБ (символ 80/196; предел 1200)
  символ 85/196  решений 787
память: 198.6 МБ (символ 90/196; предел 1200)
  символ 99/196  решений 848
память: 180.8 МБ (символ 100/196; предел 1200)
  символ 102/196  решений 867
память: 172.0 МБ (символ 110/196; предел 1200)
  символ 112/196  решений 903
  символ 115/196  решений 941
память: 161.2 МБ (символ 120/196; предел 1200)
