== задание d13-pair-nn24 ==
строка: run research/dca_ladder/run_d13.py --arm nn --hold 24
начало: 2026-09-07T08:39:58Z
запускаю: .venv/bin/python research/dca_ladder/run_d13.py --arm nn --hold 24
h24/nn: часов 578, коротких выборов 1734, ног под краем 1593, отброшено (нет полей / знак) 129
коротких ног (край ≥ 33) 1593: rr2 210, lo 1225, any 1593; символов 196
окно решений 2026-08-08 10:00 … 2026-09-07 08:00 UTC (29.9 суток, дат 31)
память: 43.0 МБ (ноги загружены; предел 1200)
  символ 10/196  решений 91
память: 129.5 МБ (символ 10/196; предел 1200)
  символ 11/196  решений 106
  символ 14/196  решений 179
  символ 16/196  решений 191
память: 272.9 МБ (символ 20/196; предел 1200)
память: 184.3 МБ (символ 30/196; предел 1200)
  символ 32/196  решений 229
  символ 33/196  решений 278
память: 187.3 МБ (символ 40/196; предел 1200)
  символ 42/196  решений 340
  символ 49/196  решений 413
память: 229.8 МБ (символ 50/196; предел 1200)
  символ 54/196  решений 502
память: 167.7 МБ (символ 60/196; предел 1200)
  символ 62/196  решений 545
  символ 64/196  решений 583
  символ 68/196  решений 649
память: 196.8 МБ (символ 70/196; предел 1200)
  символ 74/196  решений 719
  символ 80/196  решений 748
память: 389.5 МБ (символ 80/196; предел 1200)
  символ 89/196  решений 811
память: 185.6 МБ (символ 90/196; предел 1200)
память: 174.7 МБ (символ 100/196; предел 1200)
  символ 102/196  решений 867
память: 167.8 МБ (символ 110/196; предел 1200)
  символ 115/196  решений 941
память: 160.9 МБ (символ 120/196; предел 1200)
  символ 122/196  решений 1003
память: 156.2 МБ (символ 130/196; предел 1200)
память: 148.3 МБ (символ 140/196; предел 1200)
  символ 141/196  решений 1128
память: 141.4 МБ (символ 150/196; предел 1200)
память: 139.4 МБ (символ 160/196; предел 1200)
  символ 161/196  решений 1283
  символ 170/196  решений 1303
память: 210.7 МБ (символ 170/196; предел 1200)
  символ 175/196  решений 1435
память: 173.3 МБ (символ 180/196; предел 1200)
память: 149.7 МБ (символ 190/196; предел 1200)
запись доходит до 2026-09-07 08:57 UTC
общая выборка: 1432 решений, выброшено до 161
Traceback (most recent call last):
  File "/root/algoth_v2/research/dca_ladder/run_d13.py", line 373, in <module>
    sys.exit(main())
             ^^^^^^
  File "/root/algoth_v2/research/dca_ladder/run_d13.py", line 358, in main
    s = run(arm=a.arm, hold_h=a.hold, limit=a.limit)
        ^^^^^^^^^^^^^^^^^^^^^^^^^^^^^^^^^^^^^^^^^^^^
  File "/root/algoth_v2/research/dca_ladder/run_d13.py", line 203, in run
    shorts, sig = short_cells(arm=arm, hold_h=hold_h, limit=limit, src=src,
                  ^^^^^^^^^^^^^^^^^^^^^^^^^^^^^^^^^^^^^^^^^^^^^^^^^^^^^^^^^
  File "/root/algoth_v2/research/dca_ladder/run_d13.py", line 186, in short_cells
    sh = D12.own_share(DEP, (pk or {}).get("names_max"), SHORT_BOOK)
                            ^^^^^^^^^^^^^^
AttributeError: 'int' object has no attribute 'get'
конец: 2026-09-07T08:57:53Z, код 1
публикуется в ветку main:
 jobs/done/d13-pair-nn24.done        |  1 +
 jobs/done/d13-pair-nn24.log         | 66 +++++++++++++++++++++++++++++++++++++
 jobs/done/status-after-dups.done    |  1 +
 jobs/done/status-after-dups.log     |  9 +++++
 jobs/poke.log                       |  4 +++
 research/s8_loop/out/day_brake.json |  2 +-
 6 files changed, 82 insertions(+), 1 deletion(-)
To github.com:n0tgod/algoth_v2.git
   1a46970..c1e1959  main -> main
branch 'main' set up to track 'origin/main'.
опубликовано
