== задание d13-pair-nn24b ==
строка: run research/dca_ladder/run_d13.py --arm nn --hold 24
начало: 2026-09-07T08:59:16Z
запускаю: .venv/bin/python research/dca_ladder/run_d13.py --arm nn --hold 24
h24/nn: часов 578, коротких выборов 1734, ног под краем 1593, отброшено (нет полей / знак) 129
коротких ног (край ≥ 33) 1593: rr2 210, lo 1225, any 1593; символов 196
окно решений 2026-08-08 10:00 … 2026-09-07 08:00 UTC (29.9 суток, дат 31)
память: 41.4 МБ (ноги загружены; предел 1200)
  символ 10/196  решений 91
память: 128.0 МБ (символ 10/196; предел 1200)
  символ 11/196  решений 106
  символ 14/196  решений 179
  символ 16/196  решений 191
память: 274.3 МБ (символ 20/196; предел 1200)
память: 185.7 МБ (символ 30/196; предел 1200)
  символ 32/196  решений 229
  символ 33/196  решений 278
память: 186.2 МБ (символ 40/196; предел 1200)
  символ 42/196  решений 340
  символ 47/196  решений 403
память: 227.7 МБ (символ 50/196; предел 1200)
  символ 52/196  решений 470
  символ 55/196  решений 509
память: 165.7 МБ (символ 60/196; предел 1200)
  символ 62/196  решений 545
  символ 64/196  решений 583
  символ 68/196  решений 649
память: 196.6 МБ (символ 70/196; предел 1200)
  символ 74/196  решений 719
  символ 80/196  решений 748
память: 384.2 МБ (символ 80/196; предел 1200)
  символ 88/196  решений 809
память: 180.4 МБ (символ 90/196; предел 1200)
память: 165.6 МБ (символ 100/196; предел 1200)
  символ 102/196  решений 867
память: 160.3 МБ (символ 110/196; предел 1200)
  символ 115/196  решений 941
память: 151.1 МБ (символ 120/196; предел 1200)
  символ 122/196  решений 1003
память: 144.6 МБ (символ 130/196; предел 1200)
  символ 139/196  решений 1113
память: 138.8 МБ (символ 140/196; предел 1200)
память: 132.9 МБ (символ 150/196; предел 1200)
  символ 155/196  решений 1238
память: 133.9 МБ (символ 160/196; предел 1200)
  символ 169/196  решений 1300
память: 204.3 МБ (символ 170/196; предел 1200)
  символ 173/196  решений 1400
  символ 176/196  решений 1455
память: 157.3 МБ (символ 180/196; предел 1200)
память: 145.5 МБ (символ 190/196; предел 1200)
запись доходит до 2026-09-07 09:17 UTC
общая выборка: 1432 решений, выброшено до 161
ячейка fence:none:t2: взято 403, итог +41.35 %, билет $266.67
ячейка fence:none:t1: взято 440, итог +30.65 %, билет $277.78
ячейка c3:none:t2: взято 367, итог +7.08 %, билет $266.67
ячейка c3:struct:t2: взято 373, итог +13.01 %, билет $266.67
журнал книги optimal $10000: строк 1675
журнал книги safe $10000: строк 1666
# D13 — короткая книга рядом с длинной

Вопрос владельца 2026-09-07: «что по шорт-сделкам лучше всего запускать параллельно к DCA-лонгу». D12 мерил короткую книгу ОДНУ; здесь она считается В ПАРЕ с длинной, потому что рядом решают три другие величины: корреляция дней (книга в такт удваивает риск), общая просадка и совпадения имён — шорт по монете, которую длинная книга держит, на одностороннем режиме биржи не открывает позицию, а закрывает чужую.

Короткая сторона: ноги `h24` руки nn, срок 24 ч, книга `optimal_s`, билет от собственного пика, деньги НЕТТО круга издержек; 1593 ног, общая выборка 1432. Длинная сторона — журнал бумажных книг (запись, которая ведётся вперёд), депозит $10000. Счета РАЗДЕЛЬНЫЕ: итог пары считается от суммы $20000.

## Книги по отдельности

| книга | сделок | Σ $ | итог | просадка | билет |
|---|--:|--:|--:|--:|--:|
| `optimal` (длинная) | 1675 | +1806.78 | +18.07 % | -0.58 % | $25.0 |
| `safe` (длинная) | 1666 | +869.53 | +8.70 % | -0.24 % | $25.0 |
| `c3:none:t2` (короткая) | 367 | +707.63 | +7.08 % | -3.72 % | $266.67 |
| `c3:struct:t2` (короткая) | 373 | +1300.69 | +13.01 % | -6.83 % | $266.67 |
| `fence:none:t1` (короткая) | 440 | +3064.60 | +30.65 % | -9.30 % | $277.78 |
| `fence:none:t2` (короткая) | 403 | +4134.53 | +41.35 % | -9.22 % | $266.67 |

## Пара: длинная книга + короткая

| пара | суток | корреляция дней | Σ $ длинная | Σ $ короткая | Σ $ пара | просадка длинной | просадка пары | итог пары | совпадений имён |
|---|--:|--:|--:|--:|--:|--:|--:|--:|--:|
| optimal|c3:none:t2 | 29 | -0.176 | +1806.95 | +707.63 | +2514.57 | -0.58 % | -1.82 % | +12.57 % | 16 (4.4 %) |
| optimal|c3:struct:t2 | 29 | -0.286 | +1806.95 | +1248.05 | +3055.00 | -0.58 % | -3.34 % | +15.28 % | 17 (4.6 %) |
| optimal|fence:none:t1 | 29 | 0.097 | +1806.95 | +2986.53 | +4793.47 | -0.58 % | -4.93 % | +23.97 % | 16 (3.6 %) |
| optimal|fence:none:t2 | 29 | -0.088 | +1806.95 | +4403.03 | +6209.98 | -0.58 % | -5.21 % | +31.05 % | 16 (4.0 %) |
| safe|c3:none:t2 | 29 | -0.174 | +869.67 | +707.63 | +1577.30 | -0.24 % | -1.90 % | +7.89 % | 18 (4.9 %) |
| safe|c3:struct:t2 | 29 | -0.291 | +869.67 | +1248.05 | +2117.73 | -0.24 % | -3.53 % | +10.59 % | 19 (5.1 %) |
| safe|fence:none:t1 | 29 | 0.103 | +869.67 | +2986.53 | +3856.20 | -0.24 % | -5.32 % | +19.28 % | 18 (4.1 %) |
| safe|fence:none:t2 | 29 | -0.074 | +869.67 | +4403.03 | +5272.70 | -0.24 % | -5.41 % | +26.36 % | 18 (4.5 %) |

## Вердикт

| пара | добавляет деньги | просадка не хуже | корреляция | совпадений | итог |
|---|---|---|--:|--:|---|
| optimal|c3:none:t2 | да | нет | -0.176 | 4.4 % | деньги добавляет, просадку тоже |
| optimal|c3:struct:t2 | да | нет | -0.286 | 4.6 % | деньги добавляет, просадку тоже |
| optimal|fence:none:t1 | да | нет | 0.097 | 3.6 % | деньги добавляет, просадку тоже |
| optimal|fence:none:t2 | да | нет | -0.088 | 4.0 % | деньги добавляет, просадку тоже |
| safe|c3:none:t2 | да | нет | -0.174 | 4.9 % | деньги добавляет, просадку тоже |
| safe|c3:struct:t2 | да | нет | -0.291 | 5.1 % | деньги добавляет, просадку тоже |
| safe|fence:none:t1 | да | нет | 0.103 | 4.1 % | деньги добавляет, просадку тоже |
| safe|fence:none:t2 | да | нет | -0.074 | 4.5 % | деньги добавляет, просадку тоже |

## Чего замер НЕ говорит

- Он не обещает будущего: короткая сторона считана реплеем на том же окне, где две трети денег длинных книг сделаны за три дня всплеска 20–22.08. Половины окна у короткой книги D12 разошлись (+44.6 / −3.2 %), и это ограничение никуда не делось.
- Счета раздельные. Общий счёт — другое правило кассы, и числа пары к нему не относятся.
- Совпадение имён посчитано как ПЕРЕСЕЧЕНИЕ во времени. Что именно сделает биржа, зависит от режима позиции: в одностороннем шорт закроет часть длинной, в хедж-режиме обе живут. Замер говорит, как ЧАСТО это случилось бы, а не чем кончится.
- Длинная сторона взята из журнала (правила v6 живут с 05.09), то есть это пересчёт истории, а не проверенный вперёд результат.
- Просадка здесь считается по дневной кривой, где первой точкой стоит сам депозит (убыток первого дня — тоже просадка). У бумажных книг ряд начинается с первого дня, поэтому их число и число D13 могут не совпасть: сравнивать надо однородные.

публикуется в ветку main:
 jobs/done/d13-pair-nn24b.log                    |  90 ++++
 research/dca_ladder/out/D13-pair-nn-h24-1m.json | 565 ++++++++++++++++++++++++
 research/dca_ladder/out/D13-pair-nn-h24-1m.md   |  50 +++
 research/s8_loop/out/day_brake.json             |   2 +-
 4 files changed, 706 insertions(+), 1 deletion(-)
To github.com:n0tgod/algoth_v2.git
   e82548b..aff4b0b  main -> main
branch 'main' set up to track 'origin/main'.
опубликовано
конец: 2026-09-07T09:17:57Z, код 0
публикуется в ветку main:
 jobs/done/d13-pair-nn24b.log | 11 +++++++++++
 1 file changed, 11 insertions(+)
To github.com:n0tgod/algoth_v2.git
   aff4b0b..2a1c5a9  main -> main
branch 'main' set up to track 'origin/main'.
опубликовано
