== задание d2-dca-smoke ==
строка: run research/dca_ladder/run_d2.py --limit 400 --no-publish
начало: 2026-09-03T18:55:34Z
запускаю: .venv/bin/python research/dca_ladder/run_d2.py --limit 400 --no-publish

# D2 — DCA-стратегия на выборах модели (спека 14)

Диагностика, не вердикт. Вход = выбор модели (журнал листов), доливы = структурные уровни T4, выход = тейк (mfe) + пол капитуляции §6. Только ЛОНГИ; парно по выборам.

Позиций 400, пропущено 0 (нет баров/уровней/геометрии), без структурного долива 259, прогон 344.9 с.

Лестница S: средняя глубина 1.13 из 4, плечо §5 медиана 1.0×, максимум 9.7×.

## Руки (доля капитала позиции)

| рука | ликвид. | руина | медиана | среднее | зелёных | худшая | укус | просадка |
|---|--:|--:|--:|--:|--:|--:|--:|--:|
| B книга 1× | 0.00 % | 0.00 % | +0.79 % | +0.42 % | 73.5 % | -10.5 % | 10.9 | +0.0 % |
| H удержание §5 | 0.00 % | 0.00 % | +0.83 % | +0.30 % | 73.5 % | -69.0 % | 62.9 | +0.0 % |
| S DCA структ. | 0.00 % | 0.00 % | +0.27 % | -0.22 % | 91.5 % | -79.3 % | 261.5 | +0.0 % |

## Парные разности (те же выборы)

- **S − B (DCA против нынешней книги): медиана -0.53 %**, S выше B в 23.7 % выборов
- **S − H (лестница при одном плече): медиана -0.66 %**, S выше H в 22.8 % выборов


**Оговорки:** веса видели эти часы (оценка сверху); ранняя капитуляция рулевого §6 не считается — вердикт по «только пол»; нуль §8.6 (структура против σ-сетки) отдельной рукой следом; шорты (DCA-вверх) зеркалом следом; `curve_dd` — сумма долей капитала по позициям без нормировки на книгу, вердиктом не является (единица турнира). Издержки круга на ногу в pnl ещё не сняты (первый ответ — брутто).
sheets.jsonl: ног 840611
ног всего 840611, лонгов 495454, лимит 400
  38/400  взято 38
  70/400  взято 70
  103/400  взято 103
  142/400  взято 142
  181/400  взято 181
  228/400  взято 228
  275/400  взято 275
  315/400  взято 315
  353/400  взято 353
конец: 2026-09-03T19:01:20Z, код 0
публикуется в ветку main:
 jobs/done/d1-dca-full.log                 |  7 ++++
 jobs/done/d2-dca-smoke.done               |  1 +
 jobs/done/d2-dca-smoke.log                | 40 ++++++++++++++++++++++
 jobs/poke.log                             |  3 ++
 research/dca_ladder/out/D2-dca-smoke.json | 55 +++++++++++++++++++++++++++++++
 research/dca_ladder/out/D2-dca-smoke.md   | 23 +++++++++++++
 research/s8_loop/out/day_brake.json       |  2 +-
 7 files changed, 130 insertions(+), 1 deletion(-)
To github.com:n0tgod/algoth_v2.git
   874843d..af827b5  main -> main
branch 'main' set up to track 'origin/main'.
опубликовано
