== задание d2-dca-smoke2 ==
строка: run research/dca_ladder/run_d2.py --limit 400 --no-publish
начало: 2026-09-03T19:08:17Z
запускаю: .venv/bin/python research/dca_ladder/run_d2.py --limit 400 --no-publish

# D2 — DCA-стратегия на выборах модели (спека 14)

Диагностика, не вердикт. Вход = выбор модели (журнал листов), доливы = структурные уровни T4, выход = тейк (mfe) + пол капитуляции §6. Только ЛОНГИ; парно по выборам.

Позиций 400, пропущено 0 (нет баров/уровней/геометрии), без структурного долива 311, прогон 122.3 с.

Лестница S: средняя глубина 1.23 из 4, плечо §5 медиана 1.0×, максимум 10.89×.

## Руки (доля капитала позиции)

| рука | ликвид. | руина | медиана | среднее | зелёных | худшая | укус | просадка |
|---|--:|--:|--:|--:|--:|--:|--:|--:|
| B книга 1× | 0.00 % | 0.00 % | -0.43 % | -0.09 % | 36.2 % | -16.7 % | 12.5 | -179.8 % |
| H удержание §5 | 0.50 % | 0.00 % | -0.44 % | -1.07 % | 36.2 % | -100.0 % | 64.0 | -585.0 % |
| S DCA структ. | 0.25 % | 0.00 % | +0.21 % | -2.82 % | 64.2 % | -100.0 % | 243.0 | -1135.0 % |

## Парные разности (те же выборы)

- **S − B (DCA против нынешней книги): медиана -0.12 %**, S выше B в 44.8 % выборов
- **S − H (лестница при одном плече): медиана -0.09 %**, S выше H в 46.3 % выборов


**Оговорки:** веса видели эти часы (оценка сверху); ранняя капитуляция рулевого §6 не считается — вердикт по «только пол»; нуль §8.6 (структура против σ-сетки) отдельной рукой следом; шорты (DCA-вверх) зеркалом следом; `curve_dd` — сумма долей капитала по позициям без нормировки на книгу, вердиктом не является (единица турнира). Издержки круга на ногу в pnl ещё не сняты (первый ответ — брутто).
sheets.jsonl: ног 840611
ног всего 840611, лонгов под гейтом книги (край≥33.0, RR≥2.0) 8669, лимит 400
символов 157
  символ 18/157  взято 67
  символ 51/157  взято 152
конец: 2026-09-03T19:10:21Z, код 0
