== задание d2-hedge ==
строка: run research/dca_ladder/run_d2.py
начало: 2026-09-03T20:01:53Z
запускаю: .venv/bin/python research/dca_ladder/run_d2.py 

# D2 — DCA-стратегия на выборах модели (спека 14)

Диагностика, не вердикт. Вход = выбор модели (журнал листов), доливы = структурные уровни T4, выход = тейк (mfe) + пол капитуляции §6. Только ЛОНГИ; парно по выборам.

Позиций 8669, пропущено 1 (нет баров/уровней/геометрии), без структурного долива 2016, прогон 1179.6 с.

Лестница S: средняя глубина 1.21 из 4, плечо §5 медиана 3.03×, максимум 13.27×.

## Руки (доля капитала позиции)

| рука | ликвид. | руина | медиана | среднее | зелёных | худшая | укус | просадка |
|---|--:|--:|--:|--:|--:|--:|--:|--:|
| B книга 1× | 0.00 % | 0.08 % | -0.38 % | +0.61 % | 43.9 % | -16.7 % | 6.4 | -661.3 % |
| H удержание §5 | 0.03 % | 0.08 % | -0.60 % | +2.82 % | 43.9 % | -100.0 % | 13.1 | -1857.3 % |
| S DCA структ. | 0.06 % | 0.08 % | +1.91 % | +2.88 % | 90.5 % | -100.0 % | 46.7 | -1135.0 % |
| SH DCA + бета-хедж | 0.06 % | 0.08 % | +0.56 % | +0.00 % | 67.7 % | -149.9 % | 121.6 | -3079.7 % |

Хедж измерим у 8669 позиций, нет беты/BTC у 0.

## Парные разности (те же выборы)

- **S − B (DCA против нынешней книги): медиана +1.69 %**, S выше B в 63.9 % выборов
- **S − H (лестница при одном плече): медиана +0.27 %**, S выше H в 52.0 % выборов
- **SH − S (бета-хедж против голого DCA): медиана -1.10 %**, SH выше S в 13.4 % выборов (на 8669 хеджированных)
- **SH − B (бета-хедж против нынешней книги): медиана -0.24 %**, SH выше B в 46.8 % выборов


**Хедж (рука SH):** короткий BTC на β·нотионал лонга, открыт с входом лонга, закрыт с его выходом; в обвале (лонг падает, BTC падает) даёт плюс — поддерживает деп в просадке. Вопрос владельца про РИСК, не доход: смотреть худшую, укус и просадку SH против S, ценой в медиане. Оговорки хеджа: β — к волне универсума (M1), а инструмент хеджа BTC (прокси рынка) — приближение; размер сматчен к ИТОГОВОМУ нотионалу лестницы (реальный отслеживал бы заполнение, по базе недохеджировал бы — но в хвосте лестница заполняется целиком, где хедж и нужен); хедж мерится закрытие-в-закрытие BTC, лонг входит по открытию — лёгкий базис входа.

**Оговорки:** веса видели эти часы (оценка сверху); ранняя капитуляция рулевого §6 не считается — вердикт по «только пол»; нуль §8.6 (структура против σ-сетки) отдельной рукой следом; шорты (DCA-вверх) зеркалом следом; `curve_dd` — сумма долей капитала по позициям без нормировки на книгу, вердиктом не является (единица турнира). Издержки круга на ногу в pnl ещё не сняты (первый ответ — брутто).
