== задание d2-samecoin ==
строка: run research/dca_ladder/run_d2.py
начало: 2026-09-03T21:15:00Z
запускаю: .venv/bin/python research/dca_ladder/run_d2.py 

# D2 — DCA-стратегия на выборах модели (спека 14)

Диагностика, не вердикт. Вход = выбор модели (журнал листов), доливы = структурные уровни T4, выход = тейк (mfe) + пол капитуляции §6. Только ЛОНГИ; парно по выборам.

Позиций 8670, пропущено 1 (нет баров/уровней/геометрии), без структурного долива 2017, прогон 1185.9 с.

Лестница S: средняя глубина 1.21 из 4, плечо §5 медиана 3.03×, максимум 13.27×.

## Руки (доля капитала позиции)

| рука | ликвид. | руина | медиана | среднее | зелёных | худшая | укус | просадка |
|---|--:|--:|--:|--:|--:|--:|--:|--:|
| B книга 1× | 0.00 % | 0.08 % | -0.38 % | +0.61 % | 44.0 % | -16.7 % | 6.4 | -661.3 % |
| H удержание §5 | 0.03 % | 0.08 % | -0.60 % | +2.83 % | 44.0 % | -100.0 % | 13.1 | -1851.3 % |
| S DCA структ. | 0.06 % | 0.08 % | +1.91 % | +2.88 % | 90.6 % | -100.0 % | 46.8 | -1135.0 % |
| SH DCA + бета-хедж | 0.06 % | 0.08 % | +0.56 % | +0.01 % | 67.7 % | -149.9 % | 121.6 | -3079.7 % |
| SS DCA + шорт той же монеты | 0.06 % | 0.08 % | +1.91 % | +2.96 % | 90.7 % | -100.0 % | 46.7 | -1042.0 % |

Хедж измерим у 8670 позиций, нет беты/BTC у 0.

## Парные разности (те же выборы)

- **S − B (DCA против нынешней книги): медиана +1.69 %**, S выше B в 63.9 % выборов
- **S − H (лестница при одном плече): медиана +0.26 %**, S выше H в 52.0 % выборов
- **SH − S (бета-хедж против голого DCA): медиана -1.10 %**, SH выше S в 13.5 % выборов (на 8670 хеджированных)
- **SH − B (бета-хедж против нынешней книги): медиана -0.24 %**, SH выше B в 46.8 % выборов
- **SS − S (шорт той же монеты против голого DCA): медиана +0.00 %**, SS выше S в 0.1 % выборов (короткий включался у 1406 из 8670)
- **SS − B (шорт той же монеты против нынешней книги): медиана +1.70 %**, SS выше B в 64.0 % выборов


**Шорт той же монеты (рука SS, §а):** параллельный короткий на ТОЙ ЖЕ монете, включается когда цена доходит до первого долива (просадка), нотионал β_s·нотионал лонга. Закрывается ПО ВОССТАНОВЛЕНИЮ (цена вернулась к триггеру — просадка кончилась, короткий вышел ~в ноль по уровню, лонг забирает отскок сам) либо с лонгом при продолжении падения (гасит хвост). В отличие от бета-хеджа короткий КОРРЕЛИРОВАН с хвостом (та же монета падает), поэтому хвост режет, а не углубляет. Оговорки: короткий ОДИН на позицию (второй провал после восстановления не хеджируется — занижает пользу); вход/выход по уровню (модель v13, как тейк) — оптимистично; β_s = 1.0 (полный хедж) — потолок пользы, реальный размер меньше стоит меньше защиты; триггер = первый долив (сдвинуть глубже — меньше активаций, меньше защиты и меньше цены). Вопрос владельца про РИСК: смотреть худшую/укус/просадку SS против S ценой в медиане.

**Хедж (рука SH):** короткий BTC на β·нотионал лонга, открыт с входом лонга, закрыт с его выходом; в обвале (лонг падает, BTC падает) даёт плюс — поддерживает деп в просадке. Вопрос владельца про РИСК, не доход: смотреть худшую, укус и просадку SH против S, ценой в медиане. Оговорки хеджа: β — к волне универсума (M1), а инструмент хеджа BTC (прокси рынка) — приближение; размер сматчен к ИТОГОВОМУ нотионалу лестницы (реальный отслеживал бы заполнение, по базе недохеджировал бы — но в хвосте лестница заполняется целиком, где хедж и нужен); хедж мерится закрытие-в-закрытие BTC, лонг входит по открытию — лёгкий базис входа.

**Оговорки:** веса видели эти часы (оценка сверху); ранняя капитуляция рулевого §6 не считается — вердикт по «только пол»; нуль §8.6 (структура против σ-сетки) отдельной рукой следом; шорты (DCA-вверх) зеркалом следом; `curve_dd` — сумма долей капитала по позициям без нормировки на книгу, вердиктом не является (единица турнира). Издержки круга на ногу в pnl ещё не сняты (первый ответ — брутто).
публикуется в ветку main:
 jobs/done/d2-hedge.log                 |  7 +++++
 jobs/done/d2-samecoin.done             |  1 +
 jobs/done/d2-samecoin.log              | 40 ++++++++++++++++++++++++++
 jobs/poke.log                          |  3 ++
 research/dca_ladder/out/D2-dca-1m.json | 52 ++++++++++++++++++++++------------
 research/dca_ladder/out/D2-dca-1m.md   | 21 ++++++++------
 research/s8_loop/out/day_brake.json    |  2 +-
 7 files changed, 99 insertions(+), 27 deletions(-)
To github.com:n0tgod/algoth_v2.git
   8dba0b2..e9e357f  main -> main
branch 'main' set up to track 'origin/main'.
опубликовано
sheets.jsonl: ног 843578
ног всего 843578, лонгов под гейтом книги (край≥33.0, RR≥2.0) 8671
символов 629
  символ 1/629  взято 0
  символ 18/629  взято 442
  символ 43/629  взято 1147
  символ 49/629  взято 1270
  символ 55/629  взято 1358
  символ 130/629  взято 1787
  символ 181/629  взято 2117
  символ 209/629  взято 2362
  символ 210/629  взято 2398
  символ 261/629  взято 3001
  символ 306/629  взято 3867
  символ 334/629  взято 4638
  символ 366/629  взято 5340
  символ 410/629  взято 6192
  символ 426/629  взято 6583
  символ 450/629  взято 7046
  символ 463/629  взято 7312
  символ 479/629  взято 7520
  символ 527/629  взято 7985
  символ 539/629  взято 8134
  символ 555/629  взято 8345
  символ 569/629  взято 8434
  символ 586/629  взято 8540
  символ 600/629  взято 8605
  символ 606/629  взято 8637
  символ 613/629  взято 8653
конец: 2026-09-03T21:34:49Z, код 0
