== задание d3-options3 ==
строка: run research/a1_universe/bybit_options.py
начало: 2026-09-03T23:06:58Z
запускаю: .venv/bin/python research/a1_universe/bybit_options.py 

# Инвентарь опционов площадки исполнения

Вопрос один: **существует ли выпуклый инструмент на тех именах, которыми мы торгуем.** Линейный хедж закрыт арифметикой (D2: страховка стоила в 48 раз дороже всего хвоста, который страховала), выпуклый — единственный, у которого такой арифметики нет. Наличие контракта не есть исполнимость: ёмкость и премию этот прогон не меряет.

Снято 2026-09-03T23:06:58Z, поимённый опрос базовых активов нашего универсума (874 штук), строк 4386, прогон 0.2 с.

> **Общий список эндпоинта сузил ответ молча.** Запрос без `baseCoin` вернул активы ['BTC'], а поимённый опрос нашёл ещё 7: DOGE, ETH, HYPE, MNT, SOL, XAUT, XRP. То есть эндпоинт без базового актива подставляет умолчание и отвечает на другой вопрос, чем задан, — первый прогон на этом объявил «базовый актив ровно один». Поэтому опрос идёт всегда, а общий список служит дополнением.

## Базовые активы с опционами: 8

| базовый актив | контрактов | ближняя экспирация | дальняя |
|---|--:|--:|--:|
| BTC | 770 | 2026-09-04 | 2027-06-25 |
| DOGE | 298 | 2026-09-04 | 2026-10-30 |
| ETH | 666 | 2026-09-04 | 2027-06-25 |
| HYPE | 374 | 2026-09-04 | 2026-10-30 |
| MNT | 342 | 2026-09-04 | 2026-10-30 |
| SOL | 368 | 2026-09-04 | 2026-10-30 |
| XAUT | 440 | 2026-09-04 | 2026-10-30 |
| XRP | 358 | 2026-09-04 | 2026-10-30 |

## Покрытие нашего универсума

Крипто-символов в универсуме **813**, из них опцион на базовый актив существует у **8 (1.0 %)**: BTCUSDT, DOGEUSDT, ETHUSDT, HYPEUSDT, MNTUSDT, SOLUSDT, XAUTUSDT, XRPUSDT.

То есть **пут под нашу книгу купить не на что**: опционы живут на мажорах, а книга торгует альтами. Пут на мажор есть снова РЫНОЧНЫЙ хедж, а замер (б) уже показал, что рынок нашему хвосту не отвечает — хвост идиосинкратический, альт валится сам, рынок при этом часто растёт. Значит выпуклый путь закрыт не ценой премии, а отсутствием инструмента.

публикуется в ветку main:
 jobs/done/d3-options2.log                       |  7 ++++++
 jobs/done/d3-options3.done                      |  1 +
 jobs/done/d3-options3.log                       | 32 +++++++++++++++++++++++++
 jobs/poke.log                                   |  3 +++
 research/a1_universe/out/D3-options.md          |  4 ++--
 research/a1_universe/out/options_inventory.json |  6 ++---
 6 files changed, 48 insertions(+), 5 deletions(-)
To github.com:n0tgod/algoth_v2.git
   ff8f087..b8984c1  main -> main
branch 'main' set up to track 'origin/main'.
опубликовано
крипто-символов универсума 813
общий список принят: строк 770
опрашиваю базовые активы поимённо: кандидатов 874
конец: 2026-09-03T23:07:00Z, код 0
