== задание d3-options2 ==
строка: run research/a1_universe/bybit_options.py
начало: 2026-09-03T23:04:34Z
запускаю: .venv/bin/python research/a1_universe/bybit_options.py 

# Инвентарь опционов площадки исполнения

Вопрос один: **существует ли выпуклый инструмент на тех именах, которыми мы торгуем.** Линейный хедж закрыт арифметикой (D2: страховка стоила в 48 раз дороже всего хвоста, который страховала), выпуклый — единственный, у которого такой арифметики нет. Наличие контракта не есть исполнимость: ёмкость и премию этот прогон не меряет.

Снято 2026-09-03T23:05:32Z, поимённый опрос базовых активов нашего универсума (874 штук), строк 4386, прогон 58.0 с.

> **Общий список эндпоинта сузил ответ молча.** Запрос без `baseCoin` вернул активы ['BTC'], а поимённый опрос нашёл ещё 7: DOGE, ETH, HYPE, MNT, SOL, XAUT, XRP. То есть эндпоинт без базового актива подставляет умолчание и отвечает на другой вопрос, чем задан, — первый прогон на этом объявил «базовый актив ровно один». Поэтому опрос идёт всегда, а общий список служит дополнением.

## Базовые активы с опционами: 8

| базовый актив | контрактов | ближняя экспирация | дальняя |
|---|--:|--:|--:|
| BTC | 1540 | 2026-09-04 | 2027-06-25 |
| DOGE | 298 | 2026-09-04 | 2026-10-30 |
| ETH | 666 | 2026-09-04 | 2027-06-25 |
| HYPE | 374 | 2026-09-04 | 2026-10-30 |
| MNT | 342 | 2026-09-04 | 2026-10-30 |
| SOL | 368 | 2026-09-04 | 2026-10-30 |
| XAUT | 440 | 2026-09-04 | 2026-10-30 |
| XRP | 358 | 2026-09-04 | 2026-10-30 |

## Покрытие нашего универсума

Крипто-символов в универсуме **813**, из них опцион на базовый актив существует у **8 (1.0 %)**: BTCUSDT, DOGEUSDT, ETHUSDT, HYPEUSDT, MNTUSDT, SOLUSDT, XAUTUSDT, XRPUSDT.

То есть **пут под нашу книгу купить не на что**: опционы живут на мажорах, а книга торгует альтами. Пут на мажор есть снова РЫНОЧНЫЙ хедж, а замер (б) уже показал, что рынок нашему хвосту не отвечает — хвост идиосинкратический, альт валится сам, рынок при этом часто растёт. Значит выпуклый путь закрыт не ценой премии, а отсутствием инструмента.

