== задание d4-bookhedge ==
строка: run research/dca_ladder/run_d4.py
начало: 2026-09-04T03:00:13Z
запускаю: .venv/bin/python research/dca_ladder/run_d4.py 

# D4 — хедж на уровне КНИГИ, а не позиции (спека 14)

Диагностика, не вердикт: сетка объявлена в коде до прогона, печатаются все ячейки. Просьба владельца — последняя непроверенная форма хеджа.

**Чем это НЕ является уже закрытым замером (б).** Там каждая позиция хеджировалась отдельно, всегда и по итоговому нотионалу лестницы. Здесь хеджируется суммарная экспозиция открытых позиций, и только пока книга в просадке. И главное: хвост ПОЗИЦИИ идиосинкратичен (замер (б) это показал — альт валится сам, рынок часто растёт), а просадка КНИГИ случается, когда просело много позиций разом, то есть она кандидат в рыночное событие. Это разные утверждения.

Позиций 8673, часов книги 634, бета известна у 100.0 % экспозиции, рыночная нога есть в 634 часах, прогон 1738.5 с.

> Встроенная сверка: сумма почасовых изменений книги +249.4968 против суммы исходов позиций +249.4968, расхождение -0.000000 — сходится.

## Книга без хеджа

Итог +7.32 %, просадка **-19.11 %**, медиана дня +0.270 %, худший день -11.66 %, зелёных дней 64.3 % из 28.

Единица — доходность на ЗАНЯТЫЙ капитал: каждый час деньги книги делятся на её экспозицию того часа, и получившиеся доходности складываются в счёт. Это настоящая просадка счёта, а не сумма долей по позициям (единица, которой в D1–D3 нельзя было выносить вердикт).

## Хедж по просадке книги

Строка — порог просадки, при котором хедж включается (0 % — всегда включён, сальдированный аналог руки SH), колонка — доля хеджируемой беты. Решение часа принимается по экспозиции, бете и просадке, известным к концу ПРОШЛОГО часа; просадка меряется по собственной кривой хеджированной книги.

| порог | доля β | вкл. часов | итог | просадка | худший день | медиана дня | Δ к базе за день | лучше базы дней | издержки |
|---|--:|--:|--:|--:|--:|--:|--:|--:|--:|
| 0 % | 0.5 | 100 % | -4.37 % | -17.88 % | -10.58 % | +0.156 % | -0.047 % | 46 % | 5.916 |
| 0 % | 1.0 | 100 % | -15.14 % | -23.76 % | -9.49 % | -0.368 % | -0.094 % | 46 % | 11.833 |
| 3 % | 0.5 | 94 % | -3.98 % | -17.53 % | -10.04 % | +0.156 % | -0.047 % | 39 % | 5.904 |
| 3 % | 1.0 | 94 % | -14.44 % | -23.10 % | -8.41 % | -0.368 % | -0.094 % | 39 % | 11.808 |
| 7 % | 0.5 | 92 % | -4.91 % | -17.60 % | -10.12 % | +0.131 % | -0.087 % | 36 % | 7.176 |
| 7 % | 1.0 | 94 % | -14.59 % | -23.23 % | -8.58 % | -0.368 % | -0.094 % | 39 % | 11.785 |
| 15 % | 0.5 | 8 % | +7.38 % | -18.88 % | -11.66 % | +0.270 % | +0.000 % | 4 % | 0.077 |
| 15 % | 1.0 | 8 % | +7.41 % | -19.23 % | -11.66 % | +0.270 % | +0.000 % | 4 % | 0.153 |

## Нуль случайного момента

Тот же хедж, включённый на столько же часов, но выбранных НАУГАД (десять зёрен, зерно числом). Без него «хедж помог» неотличимо от «мы случайно были в шорте на падении» — ровно то место, где нуль 4 был обязателен в S1. Хедж что-то умеет, только если он лучше своего случайного двойника.

| порог | доля β | итог хеджа | итог нуля (среднее / 95-й) | просадка хеджа | просадка нуля (среднее / лучшая) | бьёт нуль |
|---|--:|--:|--:|--:|--:|:--:|
| 0 % | 0.5 | -4.37 % | -4.37 % / -4.37 % | -17.88 % | -17.88 % / -17.88 % | — |
| 0 % | 1.0 | -15.14 % | -15.14 % / -15.14 % | -23.76 % | -23.76 % / -23.76 % | — |
| 3 % | 0.5 | -3.98 % | -5.49 % / -3.30 % | -17.53 % | -18.20 % / -17.74 % | — |
| 3 % | 1.0 | -14.44 % | -17.30 % / -14.19 % | -23.10 % | -25.26 % / -21.72 % | — |
| 7 % | 0.5 | -4.91 % | -7.22 % / -5.56 % | -17.60 % | -18.28 % / -17.89 % | ✓ |
| 7 % | 1.0 | -14.59 % | -17.29 % / -15.25 % | -23.23 % | -25.22 % / -22.52 % | — |
| 15 % | 0.5 | +7.38 % | +3.57 % / +5.29 % | -18.88 % | -19.24 % / -18.72 % | — |
| 15 % | 1.0 | +7.41 % | -0.84 % / +5.81 % | -19.23 % | -19.82 % / -18.89 % | — |

«Бьёт нуль» означает одновременно: итог выше 95-го процентиля случайных И просадка мельче лучшей из случайных. Одного из двух мало: хедж, который просто сокращает экспозицию, улучшает просадку у ЛЮБОГО момента включения.

**Оговорки.** Рыночная нога — BTC как прокси волны, а бета измерена к волне универсума (M1): приближение, названное ещё в D2. Издержки хеджа — половина круга на каждое изменение нотионала, то есть полный круг за «включил и выключил»; проскальзывание не моделируется. Веса модели видели эти часы, как и во всех прогонах D-серии. Книга — базовая ячейка (забор 2.0, пол 0.10), то есть та, которой книга торгует сегодня.
публикуется в ветку main:
 jobs/done/d4-bookhedge.done                  |   1 +
 jobs/done/d4-bookhedge.log                   |  54 +++++++
 jobs/poke.log                                |   3 +
 research/dca_ladder/out/D4-bookhedge-1m.json | 224 +++++++++++++++++++++++++++
 research/dca_ladder/out/D4-bookhedge-1m.md   |  49 ++++++
 research/factory/out/agents-runs.jsonl       |   1 +
 research/s8_loop/out/day_brake.json          |   2 +-
 7 files changed, 333 insertions(+), 1 deletion(-)
To github.com:n0tgod/algoth_v2.git
   2efcf81..84da899  main -> main
branch 'main' set up to track 'origin/main'.
опубликовано
sheets.jsonl: ног 850989
лонгов под гейтом 8673, символов 629
  символ 18/629  взято 443
  символ 42/629  взято 1126
  символ 47/629  взято 1216
  символ 55/629  взято 1359
  символ 112/629  взято 1699
  символ 158/629  взято 1945
  символ 207/629  взято 2348
  символ 209/629  взято 2365
  символ 210/629  взято 2401
  символ 250/629  взято 2873
  символ 298/629  взято 3638
  символ 321/629  взято 4306
  символ 363/629  взято 5284
  символ 381/629  взято 5711
  символ 416/629  взято 6345
  символ 436/629  взято 6782
  символ 460/629  взято 7249
  символ 463/629  взято 7315
  символ 471/629  взято 7470
  символ 522/629  взято 7913
  символ 539/629  взято 8137
  символ 551/629  взято 8305
  символ 563/629  взято 8402
  символ 572/629  взято 8456
  символ 587/629  взято 8546
  символ 600/629  взято 8608
  символ 606/629  взято 8640
  символ 613/629  взято 8656
часов книги 634, позиций 8673, пропущено 0
конец: 2026-09-04T03:29:15Z, код 0
