== задание d5-final ==
строка: run research/dca_ladder/run_d5.py
начало: 2026-09-04T08:27:09Z
запускаю: .venv/bin/python research/dca_ladder/run_d5.py 
sheets.jsonl: ног 859888
лонгов под гейтом 8676, символов 629
  символ 18/629  взято 443
  символ 43/629  взято 1148
  символ 50/629  взято 1289
  символ 55/629  взято 1359
  символ 130/629  взято 1791
  символ 184/629  взято 2184
  символ 209/629  взято 2368
  символ 210/629  взято 2404
  символ 261/629  взято 3007
  символ 306/629  взято 3873
  символ 332/629  взято 4582
  символ 365/629  взято 5340
  символ 392/629  взято 5912
  символ 417/629  взято 6355
  символ 437/629  взято 6791
  символ 460/629  взято 7252
  символ 463/629  взято 7318
  символ 479/629  взято 7526
  символ 528/629  взято 7994
  символ 539/629  взято 8140
  символ 557/629  взято 8354
  символ 570/629  взято 8447
  символ 586/629  взято 8546
  символ 600/629  взято 8611
  символ 606/629  взято 8643
  символ 613/629  взято 8659
# D5 — линейка забора: глубины лестницы против движений монеты

Диагностика, не вердикт: сетка объявлена в коде до прогона, печатаются все ячейки. Вопрос владельца — забор §5 антиселективен (D3: медианное плечо хвоста 7.34× против 3.02× по книге).

**Что меняется.** Не порог, а ЛИНЕЙКА. Нынешний забор требует запас `mult · глубина лестницы` — в процентах цены. Процент цены у разных монет означает разное время: спокойная проходит 6 % за неделю, разогнанная за час. Новая линейка требует запас `N · суточных σ самой монеты`, известных в момент входа. Одно число на всех — различие делают данные монеты, а не список имён.

Позиций 8676, пропущено 0, σ измерима у 8664, прогон 1064.2 с.

> Встроенная сверка: ячейка `depth|2.0` воспроизвела опубликованные D3 (`2.0|0.1`) и D4 по 4 устойчивым полям (медиана, доля ликвидаций, медианное плечо, доля 1×) — расхождений 0.

> **Журнал листов вырос**: позиций 8676 против 8673 у D4, часов книги 639 против 634. Журнал дописывается каждый час, поэтому среднее и накопленные величины книги от длины зависят и якорю не сверяются — они стоят рядом справкой: `[]`. Сверяются медианы и доли, на дописанные строки нечувствительные.

Дециль спокойных — σ суток около 2.72 %, дециль бешеных — около 12.55 % (по 867 и 867 позиций).

## Ячейки

| линейка | запас | плечо: медиана | у бешеных | у спокойных | ликвидаций | у бешеных | медиана позиции | итог книги | просадка книги | худший день |
|---|---|--:|--:|--:|--:|--:|--:|--:|--:|--:|
| глубины лестницы | 2 · d_max | 3.03× | 1.78× | 1.0× | 0.058 % | 0.115 % | +1.91 % | +7.34 % | -19.11 % | -11.66 % |
| глубины лестницы | 3 · d_max | 2.67× | 1.66× | 1.0× | 0.012 % | 0.000 % | +1.74 % | +6.67 % | -19.83 % | -9.95 % |
| суточные σ | 3 · σ | 2.5× | 1.18× | 1.0× | 0.023 % | 0.000 % | +1.65 % | +15.99 % | -10.37 % | -4.25 % |
| суточные σ | 4 · σ | 2.21× | 1.0× | 1.0× | 0.012 % | 0.000 % | +1.50 % | +16.27 % | -10.39 % | -3.87 % |
| суточные σ | 6 · σ | 1.8× | 1.0× | 1.0× | 0.000 % | 0.000 % | +1.26 % | +14.70 % | -11.51 % | -4.40 % |
| суточные σ | 8 · σ | 1.53× | 1.0× | 1.0× | 0.000 % | 0.000 % | +1.08 % | +13.41 % | -12.27 % | -4.79 % |
| суточные σ | 12 · σ | 1.24× | 1.0× | 1.0× | 0.000 % | 0.000 % | +0.85 % | +11.95 % | -13.34 % | -5.40 % |

Первая строка — нынешнее правило книги (якорь). Вторая — «просто меньше плеча всем»: она НЕ меняет линейку и стоит здесь контролем, иначе улучшение σ-линейки нельзя отличить от общего снижения рычага.

## Кто связал запас

У σ-линейки запас не бывает мельче самой лестницы: иначе ликвидация встала бы выше последнего планового долива. Доля позиций, где связала лестница, а не σ, — мера того, работает ли правило вообще.

| линейка | запас | что связывало |
|---|---|---|
| глубины лестницы | 2 · d_max | лестница 77 %, нет лестницы 23 %, забор отказал 0 % |
| глубины лестницы | 3 · d_max | лестница 77 %, нет лестницы 23 %, забор отказал 0 % |
| суточные σ | 3 · σ | σ 76 %, нет лестницы 23 %, забор отказал 0 % |
| суточные σ | 4 · σ | σ 76 %, нет лестницы 23 %, забор отказал 0 % |
| суточные σ | 6 · σ | σ 76 %, нет лестницы 23 %, забор отказал 1 % |
| суточные σ | 8 · σ | σ 74 %, нет лестницы 23 %, забор отказал 3 % |
| суточные σ | 12 · σ | σ 69 %, нет лестницы 23 %, забор отказал 8 % |

## Время в позиции

Просьба владельца. Максимум упирается в предел удержания (72 ч) — это не рынок, а правило книги. Минимум ноль означает, что цель задета внутри той же минуты, в которую вошли: это факт записи, а не пропуск.

| линейка | запас | среднее | медиана | минимум | максимум | до тейка | до ликвидации | до срока |
|---|---|--:|--:|--:|--:|--:|--:|--:|
| глубины лестницы | 2 · d_max | 18.6 ч | 9.6 ч | 0 мин | 72.0 ч | 11.1 ч (7545) | 4.8 ч (5) | 70.4 ч (1086) |
| глубины лестницы | 3 · d_max | 18.7 ч | 9.6 ч | 0 мин | 72.0 ч | 11.1 ч (7550) | 0.7 ч (1) | 70.4 ч (1110) |
| суточные σ | 3 · σ | 18.8 ч | 9.6 ч | 0 мин | 72.0 ч | 11.1 ч (7551) | 8.2 ч (2) | 70.4 ч (1117) |
| суточные σ | 4 · σ | 18.8 ч | 9.6 ч | 0 мин | 72.0 ч | 11.1 ч (7553) | 15.7 ч (1) | 70.4 ч (1122) |
| суточные σ | 6 · σ | 18.8 ч | 9.6 ч | 0 мин | 72.0 ч | 11.1 ч (7553) | — | 70.4 ч (1123) |
| суточные σ | 8 · σ | 18.8 ч | 9.6 ч | 0 мин | 72.0 ч | 11.1 ч (7553) | — | 70.4 ч (1123) |
| суточные σ | 12 · σ | 18.8 ч | 9.6 ч | 0 мин | 72.0 ч | 11.1 ч (7553) | — | 70.4 ч (1123) |

## Форма и хвост

| линейка | запас | зелёных | худшая позиция | укус | медиана дня книги | зелёных дней |
|---|---|--:|--:|--:|--:|--:|
| глубины лестницы | 2 · d_max | 90.5 % | -100.0 % | 46.7 | +0.270 % | 64.3 % |
| глубины лестницы | 3 · d_max | 90.6 % | -100.0 % | 51.9 | +0.263 % | 60.7 % |
| суточные σ | 3 · σ | 90.6 % | -100.0 % | 54.1 | +0.222 % | 64.3 % |
| суточные σ | 4 · σ | 90.6 % | -100.0 % | 60.3 | +0.213 % | 60.7 % |
| суточные σ | 6 · σ | 90.6 % | -29.8 % | 21.7 | +0.200 % | 60.7 % |
| суточные σ | 8 · σ | 90.4 % | -25.2 % | 21.6 | +0.191 % | 60.7 % |
| суточные σ | 12 · σ | 90.0 % | -19.2 % | 21.3 | +0.146 % | 57.1 % |

**Оговорки.** σ считается по минутным барам 24 ч до входа и переводится в суточную множителем √1440 — оценка, а не реализованная суточная волатильность. Издержки круга в медиане позиции не сняты (брутто), в книге — тоже. Веса модели видели эти часы. Хвост слипается во времени (канарейка D3: час входа разделял не хуже настоящих признаков), поэтому улучшение может оказаться свойством периода, а не правила — судить придётся накоплением записи.
публикуется в ветку main:
 jobs/done/d5-final.log                   |  97 ++++++++++++++++++++++++++++
 jobs/done/d5-ruler-hold.log              |   7 ++
 research/dca_ladder/out/D5-ruler-1m.json | 107 ++++++++++++++++---------------
 research/dca_ladder/out/D5-ruler-1m.md   |  38 +++++------
 research/s8_loop/out/day_brake.json      |   2 +-
 5 files changed, 179 insertions(+), 72 deletions(-)
To github.com:n0tgod/algoth_v2.git
   41f36ee..6e8a5d0  main -> main
branch 'main' set up to track 'origin/main'.
опубликовано

конец: 2026-09-04T08:44:56Z, код 0
публикуется в ветку main:
 jobs/done/d5-final.log | 13 +++++++++++++
 1 file changed, 13 insertions(+)
To github.com:n0tgod/algoth_v2.git
   6e8a5d0..440be25  main -> main
branch 'main' set up to track 'origin/main'.
опубликовано
