== задание d5-ruler-hold ==
строка: run research/dca_ladder/run_d5.py
начало: 2026-09-04T08:16:15Z
запускаю: .venv/bin/python research/dca_ladder/run_d5.py 
sheets.jsonl: ног 859888
лонгов под гейтом 8676, символов 629
  символ 18/629  взято 443
  символ 43/629  взято 1148
  символ 51/629  взято 1296
  символ 55/629  взято 1359
  символ 130/629  взято 1791
  символ 184/629  взято 2184
  символ 209/629  взято 2368
  символ 210/629  взято 2404
  символ 261/629  взято 3007
  символ 306/629  взято 3873
  символ 331/629  взято 4563
  символ 364/629  взято 5312
  символ 389/629  взято 5863
  символ 417/629  взято 6355
  символ 437/629  взято 6791
  символ 460/629  взято 7252
  символ 463/629  взято 7318
  символ 480/629  взято 7531
  символ 528/629  взято 7994
  символ 539/629  взято 8140
  символ 558/629  взято 8367
  символ 571/629  взято 8458
  символ 586/629  взято 8546
  символ 600/629  взято 8611
  символ 606/629  взято 8643
  символ 613/629  взято 8659
# D5 — линейка забора: глубины лестницы против движений монеты

Диагностика, не вердикт: сетка объявлена в коде до прогона, печатаются все ячейки. Вопрос владельца — забор §5 антиселективен (D3: медианное плечо хвоста 7.34× против 3.02× по книге).

**Что меняется.** Не порог, а ЛИНЕЙКА. Нынешний забор требует запас `mult · глубина лестницы` — в процентах цены. Процент цены у разных монет означает разное время: спокойная проходит 6 % за неделю, разогнанная за час. Новая линейка требует запас `N · суточных σ самой монеты`, известных в момент входа. Одно число на всех — различие делают данные монеты, а не список имён.

Позиций 8676, пропущено 0, σ измерима у 8664, прогон 1073.5 с.

> **Сверка якоря НЕ сошлась** (1 полей): `[{"поле": "final", "D4": 0.0732, "D5": 0.0719}]` — читать таблицу нельзя, прогон описывает другую книгу.

Дециль спокойных — σ суток около 2.72 %, дециль бешеных — около 12.55 % (по 867 и 867 позиций).

## Ячейки

| линейка | запас | плечо: медиана | у бешеных | у спокойных | ликвидаций | у бешеных | медиана позиции | итог книги | просадка книги | худший день |
|---|---|--:|--:|--:|--:|--:|--:|--:|--:|--:|
| глубины лестницы | 2 · d_max | 3.03× | 1.78× | 1.0× | 0.058 % | 0.115 % | +1.91 % | +7.19 % | -19.11 % | -11.66 % |
| глубины лестницы | 3 · d_max | 2.67× | 1.66× | 1.0× | 0.012 % | 0.000 % | +1.74 % | +6.54 % | -19.83 % | -9.95 % |
| суточные σ | 3 · σ | 2.5× | 1.18× | 1.0× | 0.023 % | 0.000 % | +1.65 % | +15.86 % | -10.37 % | -4.25 % |
| суточные σ | 4 · σ | 2.21× | 1.0× | 1.0× | 0.012 % | 0.000 % | +1.50 % | +16.15 % | -10.39 % | -3.87 % |
| суточные σ | 6 · σ | 1.8× | 1.0× | 1.0× | 0.000 % | 0.000 % | +1.26 % | +14.60 % | -11.51 % | -4.40 % |
| суточные σ | 8 · σ | 1.53× | 1.0× | 1.0× | 0.000 % | 0.000 % | +1.08 % | +13.32 % | -12.27 % | -4.79 % |
| суточные σ | 12 · σ | 1.24× | 1.0× | 1.0× | 0.000 % | 0.000 % | +0.85 % | +11.87 % | -13.34 % | -5.40 % |

Первая строка — нынешнее правило книги (якорь). Вторая — «просто меньше плеча всем»: она НЕ меняет линейку и стоит здесь контролем, иначе улучшение σ-линейки нельзя отличить от общего снижения рычага.

## Кто связал запас

У σ-линейки запас не бывает мельче самой лестницы: иначе ликвидация встала бы выше последнего планового долива. Доля позиций, где связала лестница, а не σ, — мера того, работает ли правило вообще.

| линейка | запас | что связывало |
|---|---|---|
| глубины лестницы | 2 · d_max | лестница 77 %, нет лестницы 23 %, забор отказал 0 % |
| глубины лестницы | 3 · d_max | лестница 77 %, нет лестницы 23 %, забор отказал 0 % |
| суточные σ | 3 · σ | σ 76 %, нет лестницы 23 %, забор отказал 0 % |
| суточные σ | 4 · σ | σ 76 %, нет лестницы 23 %, забор отказал 0 % |
| суточные σ | 6 · σ | σ 76 %, нет лестницы 23 %, забор отказал 1 % |
| суточные σ | 8 · σ | σ 74 %, нет лестницы 23 %, забор отказал 3 % |
| суточные σ | 12 · σ | σ 69 %, нет лестницы 23 %, забор отказал 8 % |

## Время в позиции

Просьба владельца. Максимум упирается в предел удержания (72 ч) — это не рынок, а правило книги. Минимум ноль означает, что цель задета внутри той же минуты, в которую вошли: это факт записи, а не пропуск.

| линейка | запас | среднее | медиана | минимум | максимум | до тейка | до ликвидации | до срока |
|---|---|--:|--:|--:|--:|--:|--:|--:|
| глубины лестницы | 2 · d_max | 18.6 ч | 9.6 ч | 0 мин | 72.0 ч | 11.1 ч (7544) | 4.8 ч (5) | 70.3 ч (1087) |
| глубины лестницы | 3 · d_max | 18.7 ч | 9.6 ч | 0 мин | 72.0 ч | 11.1 ч (7549) | 0.7 ч (1) | 70.4 ч (1111) |
| суточные σ | 3 · σ | 18.8 ч | 9.6 ч | 0 мин | 72.0 ч | 11.1 ч (7550) | 8.2 ч (2) | 70.4 ч (1118) |
| суточные σ | 4 · σ | 18.8 ч | 9.6 ч | 0 мин | 72.0 ч | 11.1 ч (7552) | 15.7 ч (1) | 70.4 ч (1123) |
| суточные σ | 6 · σ | 18.8 ч | 9.6 ч | 0 мин | 72.0 ч | 11.1 ч (7552) | — | 70.4 ч (1124) |
| суточные σ | 8 · σ | 18.8 ч | 9.6 ч | 0 мин | 72.0 ч | 11.1 ч (7552) | — | 70.4 ч (1124) |
| суточные σ | 12 · σ | 18.8 ч | 9.6 ч | 0 мин | 72.0 ч | 11.1 ч (7552) | — | 70.4 ч (1124) |

## Форма и хвост

| линейка | запас | зелёных | худшая позиция | укус | медиана дня книги | зелёных дней |
|---|---|--:|--:|--:|--:|--:|
| глубины лестницы | 2 · d_max | 90.5 % | -100.0 % | 46.7 | +0.270 % | 64.3 % |
| глубины лестницы | 3 · d_max | 90.6 % | -100.0 % | 51.9 | +0.263 % | 60.7 % |
| суточные σ | 3 · σ | 90.6 % | -100.0 % | 54.1 | +0.222 % | 60.7 % |
| суточные σ | 4 · σ | 90.6 % | -100.0 % | 60.3 | +0.213 % | 60.7 % |
| суточные σ | 6 · σ | 90.6 % | -29.8 % | 21.7 | +0.200 % | 60.7 % |
| суточные σ | 8 · σ | 90.4 % | -25.2 % | 21.6 | +0.191 % | 60.7 % |
| суточные σ | 12 · σ | 89.9 % | -19.2 % | 21.3 | +0.146 % | 57.1 % |

**Оговорки.** σ считается по минутным барам 24 ч до входа и переводится в суточную множителем √1440 — оценка, а не реализованная суточная волатильность. Издержки круга в медиане позиции не сняты (брутто), в книге — тоже. Веса модели видели эти часы. Хвост слипается во времени (канарейка D3: час входа разделял не хуже настоящих признаков), поэтому улучшение может оказаться свойством периода, а не правила — судить придётся накоплением записи.
публикуется в ветку main:
 jobs/done/d5-final.done                  |   1 +
 jobs/done/d5-final.log                   |   4 +
 jobs/done/d5-ruler-hold.log              |  95 +++++++++++++++++
 jobs/done/d5-ruler.log                   |   7 ++
 jobs/poke.log                            |   3 +
 research/dca_ladder/out/D5-ruler-1m.json | 177 +++++++++++++++++++++++++++++--
 research/dca_ladder/out/D5-ruler-1m.md   |  30 ++++--
 research/s8_loop/out/day_brake.json      |   2 +-
 8 files changed, 302 insertions(+), 17 deletions(-)
To github.com:n0tgod/algoth_v2.git
   d8d76c2..74e5abb  main -> main
branch 'main' set up to track 'origin/main'.
опубликовано

конец: 2026-09-04T08:34:12Z, код 0
