== задание d5-ruler ==
строка: run research/dca_ladder/run_d5.py
начало: 2026-09-04T08:05:58Z
запускаю: .venv/bin/python research/dca_ladder/run_d5.py 
публикуется в ветку main:
 jobs/done/d5-ruler-hold.done             |   1 +
 jobs/done/d5-ruler-hold.log              |   4 +
 jobs/done/d5-ruler.done                  |   1 +
 jobs/done/d5-ruler.log                   |   4 +
 jobs/poke.log                            |   6 +
 research/dca_ladder/out/D5-ruler-1m.json | 316 +++++++++++++++++++++++++++++++
 research/dca_ladder/out/D5-ruler-1m.md   |  53 ++++++
 research/s8_loop/out/day_brake.json      |   2 +-
 8 files changed, 386 insertions(+), 1 deletion(-)
To github.com:n0tgod/algoth_v2.git
   5a0111f..562098b  main -> main
branch 'main' set up to track 'origin/main'.
опубликовано
sheets.jsonl: ног 858405
лонгов под гейтом 8676, символов 629
  символ 18/629  взято 443
  символ 43/629  взято 1148
  символ 47/629  взято 1216
  символ 55/629  взято 1359
  символ 129/629  взято 1780
  символ 183/629  взято 2150
  символ 209/629  взято 2368
  символ 210/629  взято 2404
  символ 261/629  взято 3007
  символ 306/629  взято 3873
  символ 332/629  взято 4582
  символ 366/629  взято 5346
  символ 407/629  взято 6132
  символ 425/629  взято 6550
  символ 445/629  взято 6929
  символ 463/629  взято 7318
  символ 480/629  взято 7531
  символ 530/629  взято 8023
  символ 539/629  взято 8140
  символ 558/629  взято 8367
  символ 571/629  взято 8458
  символ 586/629  взято 8546
  символ 600/629  взято 8611
  символ 606/629  взято 8643
  символ 613/629  взято 8659
# D5 — линейка забора: глубины лестницы против движений монеты

Диагностика, не вердикт: сетка объявлена в коде до прогона, печатаются все ячейки. Вопрос владельца — забор §5 антиселективен (D3: медианное плечо хвоста 7.34× против 3.02× по книге).

**Что меняется.** Не порог, а ЛИНЕЙКА. Нынешний забор требует запас `mult · глубина лестницы` — в процентах цены. Процент цены у разных монет означает разное время: спокойная проходит 6 % за неделю, разогнанная за час. Новая линейка требует запас `N · суточных σ самой монеты`, известных в момент входа. Одно число на всех — различие делают данные монеты, а не список имён.

Позиций 8676, пропущено 0, σ измерима у 8664, прогон 1075.7 с.

> **Сверка якоря НЕ сошлась** (1 полей): `[{"поле": "final", "D4": 0.0732, "D5": 0.0719}]` — читать таблицу нельзя, прогон описывает другую книгу.

Дециль спокойных — σ суток около 2.72 %, дециль бешеных — около 12.55 % (по 867 и 867 позиций).

## Ячейки

| линейка | запас | плечо: медиана | у бешеных | у спокойных | ликвидаций | у бешеных | медиана позиции | итог книги | просадка книги | худший день |
|---|---|--:|--:|--:|--:|--:|--:|--:|--:|--:|
| глубины лестницы | 2 · d_max | 3.03× | 1.78× | 1.0× | 0.058 % | 0.115 % | +1.91 % | +7.19 % | -19.11 % | -11.66 % |
| глубины лестницы | 3 · d_max | 2.67× | 1.66× | 1.0× | 0.012 % | 0.000 % | +1.74 % | +6.54 % | -19.83 % | -9.95 % |
| суточные σ | 3 · σ | 2.5× | 1.18× | 1.0× | 0.023 % | 0.000 % | +1.65 % | +15.85 % | -10.37 % | -4.25 % |
| суточные σ | 4 · σ | 2.21× | 1.0× | 1.0× | 0.012 % | 0.000 % | +1.50 % | +16.14 % | -10.39 % | -3.87 % |
| суточные σ | 6 · σ | 1.8× | 1.0× | 1.0× | 0.000 % | 0.000 % | +1.26 % | +14.59 % | -11.51 % | -4.40 % |
| суточные σ | 8 · σ | 1.53× | 1.0× | 1.0× | 0.000 % | 0.000 % | +1.08 % | +13.30 % | -12.27 % | -4.79 % |
| суточные σ | 12 · σ | 1.24× | 1.0× | 1.0× | 0.000 % | 0.000 % | +0.85 % | +11.85 % | -13.34 % | -5.40 % |

Первая строка — нынешнее правило книги (якорь). Вторая — «просто меньше плеча всем»: она НЕ меняет линейку и стоит здесь контролем, иначе улучшение σ-линейки нельзя отличить от общего снижения рычага.

## Кто связал запас

У σ-линейки запас не бывает мельче самой лестницы: иначе ликвидация встала бы выше последнего планового долива. Доля позиций, где связала лестница, а не σ, — мера того, работает ли правило вообще.

| линейка | запас | что связывало |
|---|---|---|
| глубины лестницы | 2 · d_max | лестница 77 %, нет лестницы 23 %, забор отказал 0 % |
| глубины лестницы | 3 · d_max | лестница 77 %, нет лестницы 23 %, забор отказал 0 % |
| суточные σ | 3 · σ | σ 76 %, нет лестницы 23 %, забор отказал 0 % |
| суточные σ | 4 · σ | σ 76 %, нет лестницы 23 %, забор отказал 0 % |
| суточные σ | 6 · σ | σ 76 %, нет лестницы 23 %, забор отказал 1 % |
| суточные σ | 8 · σ | σ 74 %, нет лестницы 23 %, забор отказал 3 % |
| суточные σ | 12 · σ | σ 69 %, нет лестницы 23 %, забор отказал 8 % |

## Форма и хвост

| линейка | запас | зелёных | худшая позиция | укус | медиана дня книги | зелёных дней |
|---|---|--:|--:|--:|--:|--:|
| глубины лестницы | 2 · d_max | 90.5 % | -100.0 % | 46.7 | +0.270 % | 64.3 % |
| глубины лестницы | 3 · d_max | 90.6 % | -100.0 % | 51.9 | +0.263 % | 60.7 % |
| суточные σ | 3 · σ | 90.6 % | -100.0 % | 54.1 | +0.222 % | 60.7 % |
| суточные σ | 4 · σ | 90.6 % | -100.0 % | 60.2 | +0.213 % | 60.7 % |
| суточные σ | 6 · σ | 90.5 % | -29.8 % | 21.7 | +0.200 % | 60.7 % |
| суточные σ | 8 · σ | 90.4 % | -25.2 % | 21.6 | +0.191 % | 60.7 % |
| суточные σ | 12 · σ | 89.9 % | -19.2 % | 21.3 | +0.146 % | 57.1 % |

**Оговорки.** σ считается по минутным барам 24 ч до входа и переводится в суточную множителем √1440 — оценка, а не реализованная суточная волатильность. Издержки круга в медиане позиции не сняты (брутто), в книге — тоже. Веса модели видели эти часы. Хвост слипается во времени (канарейка D3: час входа разделял не хуже настоящих признаков), поэтому улучшение может оказаться свойством периода, а не правила — судить придётся накоплением записи.

конец: 2026-09-04T08:23:56Z, код 0
публикуется в ветку main:
 jobs/done/d5-ruler.log | 96 ++++++++++++++++++++++++++++++++++++++++++++++++++
 1 file changed, 96 insertions(+)
To github.com:n0tgod/algoth_v2.git
   562098b..e7effe0  main -> main
branch 'main' set up to track 'origin/main'.
опубликовано
