== задание d6-conc ==
строка: run research/dca_ladder/run_d6.py
начало: 2026-09-04T09:49:32Z
запускаю: .venv/bin/python research/dca_ladder/run_d6.py 
публикуется в ветку main:
 jobs/done/d6-window.log                 |  13 ++++
 research/dca_ladder/out/D6-cash-1m.json | 102 ++++++++++++++++++++++++--------
 research/dca_ladder/out/D6-cash-1m.md   |  41 +++++++++----
 research/s8_loop/out/day_brake.json     |   2 +-
 4 files changed, 120 insertions(+), 38 deletions(-)
To github.com:n0tgod/algoth_v2.git
 ! [rejected]        main -> main (fetch first)
error: failed to push some refs to 'github.com:n0tgod/algoth_v2.git'
hint: Updates were rejected because the remote contains work that you do not
hint: have locally. This is usually caused by another repository pushing to
hint: the same ref. If you want to integrate the remote changes, use
hint: 'git pull' before pushing again.
hint: See the 'Note about fast-forwards' in 'git push --help' for details.
push не прошёл, подтягиваю ветку и пробую снова 
(попытка 1 из 4)
From github.com:n0tgod/algoth_v2
 * branch            main       -> FETCH_HEAD
   428327f..5efe70d  main       -> origin/main
конец: 2026-09-04T10:06:58Z, код 0
публикуется в ветку main:
 jobs/done/d6-conc.log | 20 ++++++++++++++++++++
 1 file changed, 20 insertions(+)
To github.com:n0tgod/algoth_v2.git
   d5df4b2..05b681d  main -> main
branch 'main' set up to track 'origin/main'.
опубликовано
