== задание d6-cash ==
строка: run research/dca_ladder/run_d6.py
начало: 2026-09-04T09:29:15Z
запускаю: .venv/bin/python research/dca_ladder/run_d6.py 
публикуется в ветку main:
 jobs/done/d5-deposit.log                |   7 ++
 jobs/done/d6-cash.done                  |   1 +
 jobs/done/d6-cash.log                   |   4 +
 jobs/poke.log                           |   3 +
 research/dca_ladder/out/D6-cash-1m.json | 213 ++++++++++++++++++++++++++++++++
 research/dca_ladder/out/D6-cash-1m.md   |  35 ++++++
 research/s8_loop/out/day_brake.json     |   2 +-
 7 files changed, 264 insertions(+), 1 deletion(-)
To github.com:n0tgod/algoth_v2.git
   1a7fd0e..e273214  main -> main
branch 'main' set up to track 'origin/main'.
опубликовано
sheets.jsonl: ног 861374
лонгов под гейтом 8676, символов 629
  символ 18/629  взято 443
  символ 43/629  взято 1148
  символ 51/629  взято 1296
  символ 55/629  взято 1359
  символ 133/629  взято 1810
  символ 187/629  взято 2204
  символ 209/629  взято 2368
  символ 210/629  взято 2404
  символ 262/629  взято 3017
  символ 306/629  взято 3873
  символ 336/629  взято 4716
  символ 366/629  взято 5346
  символ 411/629  взято 6230
  символ 427/629  взято 6612
  символ 453/629  взято 7099
  символ 463/629  взято 7318
  символ 482/629  взято 7551
  символ 534/629  взято 8063
  символ 539/629  взято 8140
  символ 559/629  взято 8382
  символ 572/629  взято 8459
  символ 587/629  взято 8549
  символ 600/629  взято 8611
  символ 606/629  взято 8643
  символ 613/629  взято 8659
# D6 — нормировка кассы: мало крупных мест или много мелких

Диагностика, не вердикт: сетка объявлена в коде до прогона, печатаются все ячейки. Вопрос владельца — «убрать правило шести мест, открывать как можно больше, но давать каждому меньше».

**Чего не хватало до этого.** Реплей D2–D5 кассу не нормирует вовсе: каждый прошедший гейт выбор получает полный капитал. Поэтому его числа — доход СИГНАЛА, а не счёта. Здесь депозит фиксирован (**$3000**, капитал бумажной книги), доля на позицию объявлена, и вход, которому не хватило денег, не случается. Единица ответа одна у всех ячеек — проценты ДЕПОЗИТА.

Позиций 8676, пропущено 0, прогон 1035.1 с.

## Ячейки

| линейка | мест | на позицию | взято | нет кассы | мельче $5 | открыто разом | доход на депозит | просадка | худший день |
|---|--:|--:|--:|--:|--:|--:|--:|--:|--:|
| нынешняя 2·d_max | 6 | $500 | 96 | 8580 | 0 | 5 (макс 8) | +17.95 % | -8.67 % | -7.67 % |
| нынешняя 2·d_max | 20 | $150 | 342 | 8334 | 0 | 17 (макс 26) | +7.16 % | -10.96 % | -4.70 % |
| нынешняя 2·d_max | 60 | $50 | 905 | 7771 | 0 | 41 (макс 76) | +9.15 % | -12.53 % | -6.19 % |
| нынешняя 2·d_max | 200 | $15 | 1549 | 5105 | 2022 | 46 (макс 249) | +15.81 % | -13.81 % | -4.62 % |
| нынешняя 2·d_max | 600 | $5 | 1851 | 642 | 6183 | 70 (макс 666) | +20.51 % | -8.30 % | -2.81 % |
| σ-линейка 6·σ | 6 | $500 | 99 | 8577 | 0 | 5 (макс 8) | +7.22 % | -4.47 % | -4.16 % |
| σ-линейка 6·σ | 20 | $150 | 331 | 8345 | 0 | 17 (макс 25) | +7.01 % | -4.16 % | -1.93 % |
| σ-линейка 6·σ | 60 | $50 | 873 | 7803 | 0 | 40 (макс 72) | +7.95 % | -3.49 % | -1.23 % |
| σ-линейка 6·σ | 200 | $15 | 1485 | 4851 | 2340 | 46 (макс 239) | +11.11 % | -5.30 % | -1.54 % |
| σ-линейка 6·σ | 600 | $5 | 274 | 0 | 8402 | 18 (макс 152) | +1.48 % | -0.17 % | -0.02 % |

«Мест» — сколько позиций помещается в депозит при этой доле; «на позицию» — сколько денег ей достаётся. Отказы разделены намеренно: **нет кассы** лечится бо́льшим числом мест, **мельче $5** — только бо́льшим депозитом, и смешивать их значит лечить не то.

## Опора: без нормировки кассы

То, что мерил D5 — каждый выбор получает полный капитал. Стоит здесь, чтобы «ширина помогла» не оказалось неотличимо от «мы просто дали книге больше денег».

| линейка | позиций | Σ исходов (капиталов позиции) |
|---|--:|--:|
| нынешняя 2·d_max | 8676 | 249.57 |
| σ-линейка 6·σ | 8676 | 123.98 |

**Оговорки.** Веса модели видели эти часы (оценка сверху). Издержки круга в исходе позиции не сняты, а книга из сотен мелких ордеров платит проскальзывания больше — оно не моделируется вовсе. Период один и режим рынка один. Внутри секунды деньги достаются лучшим по |прогноз|: раздача по порядку прихода сравнивала бы удачу, а не ширину.

конец: 2026-09-04T09:46:33Z, код 0
публикуется в ветку main:
 jobs/done/d6-cash.log | 77 +++++++++++++++++++++++++++++++++++++++++++++++++++
 1 file changed, 77 insertions(+)
To github.com:n0tgod/algoth_v2.git
   e273214..efadac4  main -> main
branch 'main' set up to track 'origin/main'.
опубликовано
