== задание d6-full ==
строка: run research/dca_ladder/run_d6.py --deposit 10000
начало: 2026-09-04T10:56:55Z
запускаю: .venv/bin/python research/dca_ladder/run_d6.py --deposit 10000
sheets.jsonl: ног 862861
лонгов под гейтом 8677, символов 629
окно решений 2026-08-08 18:07 … 2026-09-04 10:08 UTC (26.7 суток, дат 28)
  символ 18/629  взято 443
  символ 43/629  взято 1148
  символ 51/629  взято 1296
  символ 55/629  взято 1359
  символ 142/629  взято 1833
  символ 194/629  взято 2275
  символ 209/629  взято 2368
  символ 210/629  взято 2404
  символ 261/629  взято 3007
  символ 306/629  взято 3874
  символ 336/629  взято 4717
  символ 366/629  взято 5347
  символ 411/629  взято 6231
  символ 427/629  взято 6613
  символ 450/629  взято 7053
  символ 463/629  взято 7319
  символ 479/629  взято 7527
  символ 530/629  взято 8024
  символ 539/629  взято 8141
  символ 559/629  взято 8383
  символ 572/629  взято 8460
  символ 587/629  взято 8550
  символ 600/629  взято 8612
  символ 606/629  взято 8644
  символ 613/629  взято 8660
  полный охват depth 2.0: пик 2958, билет $20, депозит $59,391
  полный охват не достигнут даже при ×14.55
# D6 — нормировка кассы: мало крупных мест или много мелких

Диагностика, не вердикт: сетка объявлена в коде до прогона, печатаются все ячейки. Вопрос владельца — «убрать правило шести мест, открывать как можно больше, но давать каждому меньше».

**Чего не хватало до этого.** Реплей D2–D5 кассу не нормирует вовсе: каждый прошедший гейт выбор получает полный капитал. Поэтому его числа — доход СИГНАЛА, а не счёта. Здесь депозит фиксирован (**$10000**), доля на позицию объявлена, и вход, которому не хватило денег, не случается. Единица ответа одна у всех ячеек — проценты ДЕПОЗИТА.

Позиций 8677, пропущено 0, прогон 1081.4 с.

**Окно замера: 2026-08-08 18:07 … 2026-09-04 10:08 UTC, это 26.7 суток** (28 календарных дат с решениями). Весь доход в таблицах — за этот отрезок целиком, а не за год: годовых здесь нет и приводить их к году на одном месяце одного режима рынка нельзя.

## Ячейки

| линейка | мест | на позицию | взято | нет кассы | мельче $5 | открыто разом | доход на депозит | просадка | худший день |
|---|--:|--:|--:|--:|--:|--:|--:|--:|--:|
| нынешняя 2·d_max | 6 | $1666.67 | 97 | 8580 | 0 | 5 (макс 8) | +17.53 % | -8.67 % | -7.65 % |
| нынешняя 2·d_max | 20 | $500 | 343 | 8334 | 0 | 17 (макс 26) | +7.11 % | -10.96 % | -4.70 % |
| нынешняя 2·d_max | 60 | $166.67 | 906 | 7771 | 0 | 41 (макс 76) | +9.01 % | -12.53 % | -6.19 % |
| нынешняя 2·d_max | 200 | $50 | 2121 | 6556 | 0 | 88 (макс 242) | +11.34 % | -9.77 % | -4.62 % |
| нынешняя 2·d_max | 429 | $23.33 | 3279 | 5398 | 0 | 127 (макс 518) | +13.70 % | -7.25 % | -2.15 % |
| нынешняя 2·d_max | 600 | $16.67 | 3226 | 3429 | 2022 | 97 (макс 707) | +16.37 % | -9.85 % | -3.28 % |
| нынешняя 2·d_max | 1429 | $7 | 4281 | 428 | 3968 | 105 (макс 1610) | +15.06 % | -4.37 % | -1.37 % |
| нынешняя 2·d_max | 2000 | $5 | 2466 | 0 | 6211 | 99 (макс 995) | +8.44 % | -2.67 % | -0.78 % |
| σ-линейка 6·σ | 6 | $1666.67 | 95 | 8582 | 0 | 5 (макс 7) | +4.82 % | -4.55 % | -4.03 % |
| σ-линейка 6·σ | 20 | $500 | 332 | 8345 | 0 | 17 (макс 25) | +6.97 % | -4.16 % | -1.93 % |
| σ-линейка 6·σ | 60 | $166.67 | 874 | 7803 | 0 | 40 (макс 72) | +7.89 % | -3.49 % | -1.23 % |
| σ-линейка 6·σ | 200 | $50 | 2086 | 6591 | 0 | 88 (макс 232) | +7.79 % | -3.44 % | -0.80 % |
| σ-линейка 6·σ | 429 | $23.33 | 3303 | 5374 | 0 | 130 (макс 508) | +7.89 % | -2.87 % | -0.56 % |
| σ-линейка 6·σ | 600 | $16.67 | 3091 | 3399 | 2187 | 89 (макс 699) | +8.60 % | -2.97 % | -0.85 % |
| σ-линейка 6·σ | 1429 | $7 | 1555 | 0 | 7122 | 63 (макс 749) | +3.18 % | -0.31 % | -0.08 % |
| σ-линейка 6·σ | 2000 | $5 | 269 | 0 | 8408 | 34 (макс 152) | +0.44 % | -0.05 % | +0.00 % |

«Мест» — сколько позиций помещается в депозит при этой доле; «на позицию» — сколько денег ей достаётся. Отказы разделены намеренно: **нет кассы** лечится бо́льшим числом мест, **мельче $5** — только бо́льшим депозитом, и смешивать их значит лечить не то.

**Ячейки не парны, и складывать их разницу с шириной нельзя.** При разном числе мест касса пускает РАЗНЫЕ выборы: у шести мест это единицы процентов сигнала, у шестисот — пятая часть. Значит различие итогов принадлежит и ширине, и составу взятого, а разделить их эта сетка не умеет.

## Концентрация: сколько принадлежит одному имени

Итог из тысячи сделок выглядит статистикой, пока не сказано, сколько денег в нём принадлежит одному разгону. Колонка «без лучшего имени» — ВЫЧИТАНИЕ, а не пересчёт: убрав имя, книга потратила бы освободившиеся деньги на другие входы. Она отвечает на «чьи это деньги», а не на «что было бы».

| линейка | мест | имён | лучшее имя | его $ | итог без него | лучшая сделка |
|---|--:|--:|---|--:|--:|--:|
| нынешняя 2·d_max | 6 | 68 | LUNA2USDT | $429.49 | +13.23 % | $407.89 |
| нынешняя 2·d_max | 20 | 210 | CCUSDT | $303.08 | +4.08 % | $303.08 |
| нынешняя 2·d_max | 60 | 387 | EIGENUSDT | $173.91 | +7.28 % | $127.89 |
| нынешняя 2·d_max | 200 | 533 | EIGENUSDT | $81.69 | +10.52 % | $44.07 |
| нынешняя 2·d_max | 429 | 568 | WUSDT | $66.94 | +13.03 % | $22.81 |
| нынешняя 2·d_max | 600 | 439 | WUSDT | $57.55 | +15.80 % | $16.53 |
| нынешняя 2·d_max | 1429 | 414 | WUSDT | $28.85 | +14.77 % | $7.01 |
| нынешняя 2·d_max | 2000 | 329 | WUSDT | $19.12 | +8.25 % | $4.74 |
| σ-линейка 6·σ | 6 | 65 | LUNA2USDT | $173.53 | +3.08 % | $155.14 |
| σ-линейка 6·σ | 20 | 207 | CCUSDT | $103.49 | +5.93 % | $103.49 |
| σ-линейка 6·σ | 60 | 377 | EIGENUSDT | $61.9 | +7.27 % | $44.95 |
| σ-линейка 6·σ | 200 | 532 | EIGENUSDT | $27.4 | +7.51 % | $13.51 |
| σ-линейка 6·σ | 429 | 570 | WUSDT | $15.73 | +7.74 % | $6.29 |
| σ-линейка 6·σ | 600 | 430 | WUSDT | $19.31 | +8.41 % | $4.52 |
| σ-линейка 6·σ | 1429 | 236 | CCUSDT | $6.94 | +3.11 % | $1.71 |
| σ-линейка 6·σ | 2000 | 67 | MAGICUSDT | $2.35 | +0.42 % | $1.22 |

## Полный охват: депозит, при котором не отвергнут НИ ОДИН сигнал

Связывают два условия сразу, и порознь они не лечатся: мест должно быть не меньше ПИКА одновременных позиций (иначе «нет кассы»), а билет — не меньше `$5 / 0.25 / плечо` (иначе «мельче $5»). Билет назначает САМАЯ СЛАБАЯ по плечу позиция: «каждый сигнал» включает и её.

| линейка | сигналов | пик разом | мин. плечо | билет | депозит | загрузка | доход | просадка | худший день |
|---|--:|--:|--:|--:|--:|--:|--:|--:|--:|
| нынешняя 2·d_max | 8677 | 2958 | 1× | $20.08 | $59,391 | 8.9 % | +8.64 % | -2.54 % | -0.68 % |
| σ-линейка 6·σ | 8677 | 2958 | 1× | $20 | — | — | — | — | — |

**Итог полного охвата предсказуем арифметикой, и это проверка, а не совпадение:** когда взяты ВСЕ сигналы и у каждого одна и та же доля счёта `1/пик`, доход к депозиту равен сумме исходов, делённой на пик. Депозит из формулы не выпадает вовсе — он решает только, помещаются ли все, а не сколько они приносят.

### Чем платит депозит меньше полного

| линейка | депозит | взято | нет кассы | мельче $5 | доход | просадка |
|---|--:|--:|--:|--:|--:|--:|
| нынешняя 2·d_max | $5,939 | 514 (6 %) | 0 | 8163 | +1.55 % | -0.51 % |
| нынешняя 2·d_max | $14,848 | 2463 (28 %) | 0 | 6214 | +5.66 % | -1.82 % |
| нынешняя 2·d_max | $29,696 | 5379 (62 %) | 0 | 3298 | +7.95 % | -2.40 % |
| нынешняя 2·d_max | $44,543 | 6655 (77 %) | 0 | 2022 | +8.45 % | -2.44 % |
| нынешняя 2·d_max | $59,391 | 8677 (100 %) | 0 | 0 | +8.64 % | -2.54 % |

Число мест здесь ОДНО и равно пику — меняется только депозит, то есть размер билета. Поэтому падение охвата читается по колонкам отказов: пока связывает «нет кассы», помогут и деньги, и места; когда «мельче $5» — только деньги.

## Опора: тот же замер на депозите $3000

Встроенная проверка меры, а не справка, и считается она В ЭТОМ ЖЕ прогоне на ОДНИХ исходах: хранилище баров дописывается каждый час, и сравнение с артефактом прошлого прогона называло бы «мерой сломанной» подросшие данные.

При фиксированной доле процент к депозиту от размера депозита НЕ зависит — маржа пропорциональна счёту, исход позиции есть доля её капитала. Единственный канал влияния — абсолютный пол биржи в $5. Значит ячейка, взявшая ТОТ ЖЕ набор сделок (отпечаток совпал), обязана дать тот же процент, а разошедшийся набор обязан объясняться полом.

| ячейка | доход здесь | там | совпало | отказов по полу |
|---|--:|--:|:--|--:|
| depth|2.0|0.000500 | +8.44 % | +0.00 % | взят другой набор — пол биржи | 6211 / 8677 |
| depth|2.0|0.000700 | +15.06 % | +5.18 % | взят другой набор — пол биржи | 3968 / 7840 |
| depth|2.0|0.001667 | +16.37 % | +20.50 % | взят другой набор — пол биржи | 2022 / 6184 |
| depth|2.0|0.002333 | +13.70 % | +20.42 % | взят другой набор — пол биржи | 0 / 3960 |
| depth|2.0|0.005000 | +11.34 % | +15.77 % | взят другой набор — пол биржи | 0 / 2022 |
| depth|2.0|0.016667 | +9.01 % | +9.01 % | да | 0 / 0 |
| depth|2.0|0.050000 | +7.11 % | +7.11 % | да | 0 / 0 |
| depth|2.0|0.166667 | +17.53 % | +17.53 % | да | 0 / 0 |
| sigma|6.0|0.000500 | +0.44 % | +0.00 % | взят другой набор — пол биржи | 8408 / 8677 |
| sigma|6.0|0.000700 | +3.18 % | +0.00 % | взят другой набор — пол биржи | 7122 / 8677 |
| sigma|6.0|0.001667 | +8.60 % | +1.48 % | взят другой набор — пол биржи | 2187 / 8403 |
| sigma|6.0|0.002333 | +7.89 % | +8.70 % | взят другой набор — пол биржи | 0 / 7030 |
| sigma|6.0|0.005000 | +7.79 % | +11.10 % | взят другой набор — пол биржи | 0 / 2340 |
| sigma|6.0|0.016667 | +7.89 % | +7.89 % | да | 0 / 0 |
| sigma|6.0|0.050000 | +6.97 % | +6.97 % | да | 0 / 0 |
| sigma|6.0|0.166667 | +4.82 % | +4.82 % | да | 0 / 0 |

Совпало дословно 6 ячеек из 16; остальные расходятся ровно там, где пол биржи связывает. Проверка пройдена.

## Опора: без нормировки кассы

То, что мерил D5 — каждый выбор получает полный капитал. Стоит здесь, чтобы «ширина помогла» не оказалось неотличимо от «мы просто дали книге больше денег».

| линейка | позиций | Σ исходов (капиталов позиции) |
|---|--:|--:|
| нынешняя 2·d_max | 8677 | 249.5 |
| σ-линейка 6·σ | 8677 | 123.95 |

**Оговорки.** Веса модели видели эти часы (оценка сверху). Издержки круга в исходе позиции не сняты, а книга из сотен мелких ордеров платит проскальзывания больше — оно не моделируется вовсе. Период один и режим рынка один. Внутри секунды деньги достаются лучшим по |прогноз|: раздача по порядку прихода сравнивала бы удачу, а не ширину.
