== задание d7halves ==
строка: run research/dca_ladder/run_d7.py
начало: 2026-09-04T15:08:32Z
запускаю: .venv/bin/python research/dca_ladder/run_d7.py 
sheets.jsonl: ног 871819
лонгов под гейтом 8680, символов 629
окно решений 2026-08-08 18:07 … 2026-09-04 12:10 UTC (26.8 суток, дат 28)
  символ 18/629  взято 443
  символ 42/629  взято 1126
  символ 47/629  взято 1216
  символ 55/629  взято 1359
  символ 107/629  взято 1679
  символ 153/629  взято 1925
  символ 194/629  взято 2275
  символ 209/629  взято 2368
  символ 210/629  взято 2404
  символ 249/629  взято 2874
  символ 279/629  взято 3126
  символ 307/629  взято 3898
  символ 333/629  взято 4620
  символ 356/629  взято 5143
  символ 366/629  взято 5349
  символ 399/629  взято 6024
  символ 418/629  взято 6372
  символ 433/629  взято 6722
  символ 450/629  взято 7056
  символ 463/629  взято 7322
  символ 471/629  взято 7477
  символ 502/629  взято 7763
  символ 534/629  взято 8067
  символ 539/629  взято 8144
  символ 551/629  взято 8312
  символ 566/629  взято 8433
  символ 575/629  взято 8476
  символ 586/629  взято 8550
  символ 594/629  взято 8591
  символ 601/629  взято 8622
  символ 606/629  взято 8647
  символ 613/629  взято 8663
позиций посчитано 8680 (срок прохода 168 ч)
общая выборка: 8330 решений, не дожили до самого длинного срока 350
  срок 24 ч посчитан
  срок 48 ч посчитан
  срок 72 ч посчитан
  срок 120 ч посчитан
  срок 168 ч посчитан
  половины: 3926 и 4404 решений
# D7 — сколько держать позицию: замер срока

Вопрос владельца: «нужно сделать замер самого оптимального срока, может лучше не 2 дня, а 3 или неделя, может 1 день». Нынешнее правило книги — **72 ч (трое суток)**, и оно было назначено, а не измерено. Сетка объявлена ДО прогона и печатается целиком: 24 ч / 48 ч / 72 ч / 120 ч / 168 ч.

**Срок — свойство оборота книги, а не позиции.** Длинная позиция держит слот и отказывает новым сигналам по кассе, короткая освобождает его раньше — поэтому каждая ячейка прогоняется через ту же кассу, что ведёт бумажные книги, с тем же билетом; сумма долей позиции на этот вопрос не отвечает вовсе.

**Один проход на все сроки.** Симуляция идёт по самому длинному сроку с контрольными точками: на границе каждого срока берётся переоценка по закрытию последнего бара окна — ровно то, чем кончилась бы симуляция с этим сроком. Равенство усечения прямой симуляции закреплено тестом.

**Выборка одна на все сроки: 8330 решений**, выброшено 350 — запись не доживает до конца самого длинного срока. Иначе длинные сроки судились бы по обрезанным сделкам, а короткие по полным.

Окно решений 2026-08-08 18:07 … 2026-09-04 12:10 UTC (26.8 суток). Линейка плеча — «оптимальная» (глубина лестницы), база агрессивного режима; на другие линейки вывод не переносится без замера.

## Ячейки

| срок | депозит | взято | нет кассы | итог | просадка | медиана дня | зелёных | укус | худший день | ликвидаций | худшая позиция | занято мест |
|---|---|--:|--:|--:|--:|--:|--:|--:|--:|--:|--:|--:|
| 24 ч | $1,000 | 731 | 1687 | +0.93 % | -19.32 % | +0.015 % | 0.54 | 92.1 | -14.69 % | 0.27 % | -100.00 % | 16.3 |
| 24 ч | $10,000 | 2367 | 51 | +7.35 % | -6.69 % | +0.003 % | 0.61 | 219.0 | -5.28 % | 0.17 % | -100.00 % | 50.4 |
| 24 ч | $100,000 | 2418 | 0 | +4.58 % | -3.90 % | +0.002 % | 0.61 | 211.3 | -2.93 % | 0.17 % | -100.00 % | 51.6 |
| 48 ч | $1,000 | 639 | 1699 | +9.43 % | -22.77 % | +0.024 % | 0.59 | 23.1 | -3.86 % | 0.31 % | -100.00 % | 18.9 |
| 48 ч | $10,000 | 2288 | 50 | +11.61 % | -7.62 % | +0.003 % | 0.59 | 27.3 | -1.27 % | 0.17 % | -100.00 % | 62.8 |
| 48 ч | $100,000 | 2338 | 0 | +6.95 % | -4.45 % | +0.002 % | 0.59 | 26.0 | -0.70 % | 0.17 % | -100.00 % | 64.1 |
| 72 ч ← | $1,000 | 579 | 1658 | +11.57 % | -22.78 % | +0.033 % | 0.64 | 24.0 | -3.70 % | 0.35 % | -100.00 % | 20.4 |
| 72 ч ← | $10,000 | 2184 | 53 | +12.57 % | -7.70 % | +0.002 % | 0.57 | 9.2 | -0.47 % | 0.18 % | -100.00 % | 70.6 |
| 72 ч ← | $100,000 | 2237 | 0 | +7.51 % | -4.50 % | +0.001 % | 0.57 | 8.8 | -0.26 % | 0.18 % | -100.00 % | 72.3 |
| 120 ч | $1,000 | 506 | 1700 | +0.38 % | -23.04 % | +0.006 % | 0.52 | 24.4 | -7.45 % | 0.40 % | -100.00 % | 23.0 |
| 120 ч | $10,000 | 2152 | 54 | +11.00 % | -7.71 % | +0.002 % | 0.59 | 19.3 | -1.62 % | 0.19 % | -100.00 % | 86.3 |
| 120 ч | $100,000 | 2206 | 0 | +6.66 % | -4.51 % | +0.001 % | 0.59 | 18.9 | -0.90 % | 0.18 % | -100.00 % | 88.3 |
| 168 ч | $1,000 | 454 | 1749 | -0.83 % | -22.79 % | +0.015 % | 0.54 | 15.1 | -4.92 % | 0.44 % | -100.00 % | 25.6 |
| 168 ч | $10,000 | 2130 | 73 | +9.64 % | -7.70 % | +0.003 % | 0.57 | 22.7 | -2.42 % | 0.19 % | -100.00 % | 100.1 |
| 168 ч | $100,000 | 2203 | 0 | +6.00 % | -4.51 % | +0.002 % | 0.57 | 21.7 | -1.34 % | 0.18 % | -100.00 % | 102.6 |

Стрелка помечает нынешнее правило книги — точку отсчёта, а не победителя. **Вердикт выносится по ФОРМЕ (медиана дня, доля зелёных, укус, просадка), а не по итогу:** выбрать лучшую ячейку из пятнадцати по итогу есть ошибка R5, и сетка объявлена до прогона ровно затем, чтобы этого не сделать.

## Чем кончаются сделки

Раскладка объясняет механизм срока: короткий срок режет правый хвост (сделка не успевает дойти до тейка), длинный даёт дойти, но держит слот и добирает пол капитуляции с ликвидациями.

| срок | тейк | пол | ликвидация | срок вышел |
|---|--:|--:|--:|--:|
| 24 ч | 1785 | 11 | 4 | 618 |
| 48 ч | 1927 | 13 | 4 | 394 |
| 72 ч | 1919 | 13 | 4 | 301 |
| 120 ч | 1957 | 23 | 4 | 222 |
| 168 ч | 1990 | 28 | 4 | 181 |

(по книге $100,000 — там касса связывает меньше всего, то есть раскладка описывает сигнал, а не нехватку денег)

## Держится ли порядок на половинах окна

Купол по сроку на одном окне бывает свойством правила, а бывает свойством этих суток. Выборка разрезана НАДВОЕ по времени решения (3926 и 4404 решений); половины не складываются в целое — у каждой своя касса с полного депозита $100,000, где касса не связывает вовсе. **Разошёлся порядок сроков — различие соседних ячеек есть шум окна, а не свойство срока.**

| срок | итог A | итог B | укус A | укус B | зелёных A | зелёных B |
|---|--:|--:|--:|--:|--:|--:|
| 24 ч | +3.42 % | +1.88 % | 6.3 | 53.7 | 0.64 | 0.64 |
| 48 ч | +3.62 % | +4.01 % | 3.7 | 14.7 | 0.53 | 0.67 |
| 72 ч ← | +3.54 % | +4.64 % | 7.4 | 2.6 | 0.56 | 0.62 |
| 120 ч | +3.65 % | +3.72 % | 6.0 | 4.4 | 0.56 | 0.60 |
| 168 ч | +3.67 % | +3.05 % | 3.4 | 6.5 | 0.55 | 0.56 |

Лучший по итогу срок: **168 ч** в первой половине и **72 ч** во второй — РАЗОШЁЛСЯ, то есть выбирать срок по итогу на этой длине записи нечем. Это диагностика, а не вердикт: половины по 13 суток шумят вдвое сильнее целого.

## Чего этот замер НЕ говорит

Правил книги он не меняет: срок двигает и правило записи (`AHEAD_H = HOLD_H + 48`), и решение об этом за владельцем. Окно записи одно и режим рынка один; веса модели видели эти часы, значит оценка читается СВЕРХУ. Живого исполнения нет — сделки считаются реплеем по барам записи. Вторая линейка плеча («безопасная») не мерилась: у неё своё плечо, и перенос вывода требует своего прогона.
