== задание d7smoke ==
строка: run research/dca_ladder/run_d7.py --limit 400 --tag smoke --no-publish
начало: 2026-09-04T14:38:26Z
запускаю: .venv/bin/python research/dca_ladder/run_d7.py --limit 400 --tag smoke --no-publish
sheets.jsonl: ног 870323
лонгов под гейтом 400, символов 157
окно решений 2026-08-08 18:07 … 2026-08-15 09:15 UTC (6.6 суток, дат 8)
  символ 18/157  взято 67
  символ 47/157  взято 144
  символ 73/157  взято 206
позиций посчитано 400 (срок прохода 168 ч)
общая выборка: 354 решений, не дожили до самого длинного срока 46
  срок 24 ч посчитан
  срок 48 ч посчитан
  срок 72 ч посчитан
  срок 120 ч посчитан
  срок 168 ч посчитан
# D7 — сколько держать позицию: замер срока

Вопрос владельца: «нужно сделать замер самого оптимального срока, может лучше не 2 дня, а 3 или неделя, может 1 день». Нынешнее правило книги — **72 ч (трое суток)**, и оно было назначено, а не измерено. Сетка объявлена ДО прогона и печатается целиком: 24 ч / 48 ч / 72 ч / 120 ч / 168 ч.

**Срок — свойство оборота книги, а не позиции.** Длинная позиция держит слот и отказывает новым сигналам по кассе, короткая освобождает его раньше — поэтому каждая ячейка прогоняется через ту же кассу, что ведёт бумажные книги, с тем же билетом; сумма долей позиции на этот вопрос не отвечает вовсе.

**Один проход на все сроки.** Симуляция идёт по самому длинному сроку с контрольными точками: на границе каждого срока берётся переоценка по закрытию последнего бара окна — ровно то, чем кончилась бы симуляция с этим сроком. Равенство усечения прямой симуляции закреплено тестом.

**Выборка одна на все сроки: 354 решений**, выброшено 46 — запись не доживает до конца самого длинного срока. Иначе длинные сроки судились бы по обрезанным сделкам, а короткие по полным.

Окно решений 2026-08-08 18:07 … 2026-08-15 09:15 UTC (6.6 суток). Линейка плеча — «оптимальная» (глубина лестницы), база агрессивного режима; на другие линейки вывод не переносится без замера.

## Ячейки

| срок | депозит | взято | нет кассы | итог | просадка | медиана дня | зелёных | укус | худший день | ликвидаций | худшая позиция | занято мест |
|---|---|--:|--:|--:|--:|--:|--:|--:|--:|--:|--:|--:|
| 24 ч | $1,000 | 174 | 22 | -2.12 % | -4.01 % | -0.138 % | 0.44 | 9.7 | -1.90 % | 0.00 % | -59.87 % | 15.1 |
| 24 ч | $10,000 | 196 | 0 | -0.20 % | -0.41 % | -0.014 % | 0.44 | 11.9 | -0.19 % | 0.00 % | -59.87 % | 16.4 |
| 24 ч | $100,000 | 196 | 0 | -0.12 % | -0.24 % | -0.008 % | 0.44 | 11.9 | -0.11 % | 0.00 % | -59.87 % | 16.4 |
| 48 ч | $1,000 | 159 | 29 | -3.70 % | -5.64 % | -0.066 % | 0.40 | 21.2 | -2.28 % | 0.00 % | -59.87 % | 18.7 |
| 48 ч | $10,000 | 188 | 0 | -0.35 % | -0.57 % | -0.013 % | 0.40 | 11.1 | -0.23 % | 0.00 % | -59.87 % | 20.8 |
| 48 ч | $100,000 | 188 | 0 | -0.20 % | -0.33 % | -0.007 % | 0.40 | 11.1 | -0.13 % | 0.00 % | -59.87 % | 20.8 |
| 72 ч ← | $1,000 | 154 | 33 | -4.65 % | -7.25 % | -0.113 % | 0.36 | 35.4 | -3.46 % | 0.00 % | -59.87 % | 21.4 |
| 72 ч ← | $10,000 | 187 | 0 | -0.44 % | -0.73 % | -0.012 % | 0.36 | 16.0 | -0.34 % | 0.00 % | -59.87 % | 24.4 |
| 72 ч ← | $100,000 | 187 | 0 | -0.26 % | -0.43 % | -0.007 % | 0.36 | 15.9 | -0.20 % | 0.00 % | -59.87 % | 24.4 |
| 120 ч | $1,000 | 128 | 59 | -4.53 % | -7.10 % | -0.016 % | 0.46 | 31.2 | -4.51 % | 0.00 % | -87.38 % | 21.8 |
| 120 ч | $10,000 | 187 | 0 | -0.41 % | -0.72 % | -0.002 % | 0.46 | 13.7 | -0.43 % | 0.00 % | -87.38 % | 28.1 |
| 120 ч | $100,000 | 187 | 0 | -0.24 % | -0.42 % | -0.001 % | 0.46 | 13.7 | -0.25 % | 0.00 % | -87.38 % | 28.1 |
| 168 ч | $1,000 | 110 | 77 | -4.11 % | -7.09 % | -0.046 % | 0.50 | 15.2 | -2.80 % | 0.00 % | -87.38 % | 21.0 |
| 168 ч | $10,000 | 187 | 0 | -0.34 % | -0.72 % | -0.002 % | 0.47 | 11.2 | -0.27 % | 0.00 % | -87.38 % | 28.8 |
| 168 ч | $100,000 | 187 | 0 | -0.20 % | -0.42 % | -0.001 % | 0.47 | 11.2 | -0.16 % | 0.00 % | -87.38 % | 28.8 |

Стрелка помечает нынешнее правило книги — точку отсчёта, а не победителя. **Вердикт выносится по ФОРМЕ (медиана дня, доля зелёных, укус, просадка), а не по итогу:** выбрать лучшую ячейку из пятнадцати по итогу есть ошибка R5, и сетка объявлена до прогона ровно затем, чтобы этого не сделать.

## Чем кончаются сделки

Раскладка объясняет механизм срока: короткий срок режет правый хвост (сделка не успевает дойти до тейка), длинный даёт дойти, но держит слот и добирает пол капитуляции с ликвидациями.

| срок | тейк | пол | ликвидация | срок вышел |
|---|--:|--:|--:|--:|
| 24 ч | 110 | 2 | 0 | 84 |
| 48 ч | 126 | 2 | 0 | 60 |
| 72 ч | 129 | 2 | 0 | 56 |
| 120 ч | 144 | 3 | 0 | 40 |
| 168 ч | 154 | 4 | 0 | 29 |

(по книге $100,000 — там касса связывает меньше всего, то есть раскладка описывает сигнал, а не нехватку денег)

## Чего этот замер НЕ говорит

Правил книги он не меняет: срок двигает и правило записи (`AHEAD_H = HOLD_H + 48`), и решение об этом за владельцем. Окно записи одно и режим рынка один; веса модели видели эти часы, значит оценка читается СВЕРХУ. Живого исполнения нет — сделки считаются реплеем по барам записи. Вторая линейка плеча («безопасная») не мерилась: у неё своё плечо, и перенос вывода требует своего прогона.

конец: 2026-09-04T14:41:25Z, код 0
публикуется в ветку main:
 jobs/done/d7smoke.done              |  1 +
 jobs/done/d7smoke.log               | 70 +++++++++++++++++++++++++++++++++++++
 jobs/done/dcaggr.log                |  7 ++++
 jobs/poke.log                       |  3 ++
 research/s8_loop/out/day_brake.json |  2 +-
 5 files changed, 82 insertions(+), 1 deletion(-)
To github.com:n0tgod/algoth_v2.git
   fe8bf3c..84e2e29  main -> main
branch 'main' set up to track 'origin/main'.
опубликовано
