== задание d8-full ==
строка: run research/dca_ladder/run_d8.py
начало: 2026-09-05T13:04:06Z
запускаю: .venv/bin/python research/dca_ladder/run_d8.py 
sheets.jsonl: ног 913532
лонгов под гейтом 8692, символов 630
окно решений 2026-08-08 18:07 … 2026-09-05 10:57 UTC (27.7 суток, дат 29)
  символ 17/630  решений 426
  символ 18/630  решений 443
  символ 34/630  решений 932
  символ 46/630  решений 1202
  символ 48/630  решений 1247
  символ 54/630  решений 1357
  символ 55/630  решений 1359
  символ 106/630  решений 1669
  символ 149/630  решений 1910
  символ 194/630  решений 2271
  символ 209/630  решений 2364
  символ 210/630  решений 2400
  символ 245/630  решений 2829
  символ 275/630  решений 3102
  символ 296/630  решений 3579
  символ 308/630  решений 3934
  символ 321/630  решений 4308
  символ 343/630  решений 4882
  символ 360/630  решений 5238
  символ 369/630  решений 5418
  символ 392/630  решений 5911
  символ 413/630  решений 6297
  символ 424/630  решений 6531
  символ 437/630  решений 6791
  символ 455/630  решений 7137
  символ 463/630  решений 7318
  символ 471/630  решений 7473
  символ 502/630  решений 7759
  символ 535/630  решений 8090
  символ 539/630  решений 8140
  символ 551/630  решений 8308
  символ 566/630  решений 8429
  символ 586/630  решений 8546
  символ 597/630  решений 8596
  символ 601/630  решений 8618
  символ 606/630  решений 8643
  символ 613/630  решений 8659
запись доходит до 2026-09-05 13:27 UTC
пик памяти 838.5 МБ
общая выборка: 6400 решений, выброшено до 990 (не закрыты при какой-то ячейке)
общая выборка: 6407 решений, выброшено до 983 (не закрыты при какой-то ячейке)
книга safe: ячейки посчитаны
книга optimal: ячейки посчитаны
книга aggr: ячейки посчитаны
# D8 — тейк DCA-книги: сетка правил

Вопрос владельца: «тейки слишком короткие получаются, по две копейки; желательно чтобы тейк был динамическим, так как ТВХ у нас тоже динамическая».

Нынешнее правило (`e:fav`) — цена `вход · (1 + mfe)`, **неподвижная** и привязанная к цене базы: ТВХ едет вниз с каждым доливом, цель за ней не идёт. Сетка объявлена ДО прогона и напечатана целиком; выбрать лучшую ячейку из 17 и предъявить её было бы ошибкой R5, поэтому это ЗОНД — порогов и вердикта здесь нет, решение о правиле за владельцем.

**Что меряется.** Тейк меняет ОБОРОТ книги: позиция, вышедшая позже, держит слот и отказывает новым сигналам по кассе. Поэтому каждая ячейка идёт через ту же кассу, что ведёт бумажные книги, с билетом своего режима, а форма считается тем же кодом, что печатает страница наблюдения.

Окно решений 2026-08-08 18:07 … 2026-09-05 10:57 UTC (27.7 суток, дат 29); срок удержания 72 ч, веса лестницы [0.25, 0.25, 0.25, 0.25].

Выборка одна на все ячейки — решение годится, только если его позиция ЗАКРЫТА при КАЖДОЙ: линейка safe — 6400 решений, выброшено до 990; линейка optimal — 6407 решений, выброшено до 983.

Просадка здесь считается по РЕАЛИЗОВАННЫМ суткам (та же, что в таблице дней на странице книги), а не почасовой переоценкой: на семнадцати ячейках почасовые отметки весят сотни мегабайт рядом с живым сбором. С почасовой просадкой артефакта бумажной книги её сравнивать нельзя; между ячейками она сравнима, а это и есть предмет.

## Откуда «две копейки» (диагностика нынешнего правила)

Тейк по ТВХ платит тождественно `заполненный нотионал × доля цели` — это закреплено тестом ядра. У якоря входа тождества нет, но порядок величины задают те же два множителя, и таблица показывает, который из них короток. Веса лестницы `[0.25]×4` НЕ нормируются: у позиции, которой структурных уровней нашлось меньше четырёх, простаивает соответствующая доля объявленного нотионала.

| книга | тейков | медиана глубины | доля глубины 1 | медиана плеча | заполнено нотионала | обещание mfe | σ суточная | медиана тейка | «нотионал × обещание» |
|---|---:|---:|---:|---:|---:|---:|---:|---:|---:|
| safe | 1717 | 1 | 87 % | 1.93× | 0.526× | 2.56 % | 5.55 % | +1.329 % | +1.318 % |
| optimal | 1726 | 1 | 86 % | 3.09× | 0.802× | 2.56 % | 5.57 % | +2.035 % | +1.997 % |
| aggr | 696 | 1 | 83 % | 8.63× | 2.261× | 2.80 % | 5.44 % | +6.325 % | +6.296 % |

«Заполнено нотионала» — доля капитала позиции, которая реально работает (плечо × сумма весов заполненных рунгов). Если она заметно меньше плеча, копейки делает не цель, а простаивающий капитал, и двигать надо размер, а не тейк — ровно это и проверяет диагностическая рука `n|…` в сетке ниже.

## Книга «безопасная» (safe), депозит $10,000

| правило | взято | доля выходов по цели | медиана позиции | среднее | итог | просадка | медиана дня | зелёных | укус | побед | медиана удержания | \$ на тейк | \$ без 3 лучших дней | худшая позиция | ликвидаций |
|---|---:|---:|---:|---:|---:|---:|---:|---:|---:|---:|---:|---:|---:|---:|---:|
| `e:fav` ⟵ нынешнее | 2024 | 85 % | +1.20 % | +1.30 % | +6.72 % | -0.30 % | +0.003 % | 56 % | 3.4 | 89 % | 9.6 ч | +0.46 | +27.96 | -29.8 % | 0.00 % |
| `e:fav1.5` | 1713 | 77 % | +1.73 % | +1.81 % | +7.94 % | -0.25 % | +0.008 % | 61 % | 4.5 | 84 % | 14.9 ч | +0.69 | +36.55 | -29.8 % | 0.00 % |
| `e:fav2` | 1516 | 70 % | +2.17 % | +2.28 % | +8.84 % | -0.23 % | +0.012 % | 67 % | 3.7 | 81 % | 22.4 ч | +0.92 | +73.70 | -29.8 % | 0.00 % |
| `e:fav3` | 1285 | 58 % | +2.59 % | +2.71 % | +8.88 % | -0.29 % | +0.016 % | 67 % | 3.3 | 76 % | 37.3 ч | +1.29 | +69.57 | -29.8 % | 0.00 % |
| `e:sig1` | 1466 | 65 % | +2.38 % | +2.21 % | +8.29 % | -0.25 % | +0.011 % | 63 % | 3.9 | 80 % | 23.8 ч | +0.97 | +56.13 | -29.8 % | 0.00 % |
| `e:sig2` | 1131 | 47 % | +2.75 % | +3.40 % | +9.79 % | -0.25 % | +0.019 % | 65 % | 3.7 | 73 % | 72.0 ч | +1.80 | +128.88 | -81.1 % | 0.00 % |
| `a:fav` | 2064 | 87 % | +1.21 % | +1.25 % | +6.59 % | -0.37 % | +0.003 % | 57 % | 4.9 | 90 % | 9.2 ч | +0.43 | +50.22 | -29.8 % | 0.00 % |
| `a:fav1.5` | 1740 | 79 % | +1.75 % | +1.73 % | +7.70 % | -0.27 % | +0.008 % | 61 % | 4.0 | 85 % | 14.5 ч | +0.64 | +41.95 | -29.8 % | 0.00 % |
| `a:fav2` | 1541 | 72 % | +2.18 % | +2.22 % | +8.78 % | -0.23 % | +0.011 % | 63 % | 3.7 | 82 % | 21.6 ч | +0.89 | +72.74 | -29.8 % | 0.00 % |
| `a:fav3` | 1298 | 60 % | +2.70 % | +2.69 % | +8.91 % | -0.27 % | +0.016 % | 67 % | 3.7 | 77 % | 36.1 ч | +1.25 | +69.17 | -29.8 % | 0.00 % |
| `a:sig1` | 1482 | 67 % | +2.41 % | +2.17 % | +8.24 % | -0.25 % | +0.011 % | 63 % | 4.5 | 80 % | 23.5 ч | +0.95 | +51.86 | -29.8 % | 0.00 % |
| `a:sig2` | 1134 | 48 % | +2.79 % | +3.32 % | +9.57 % | -0.25 % | +0.020 % | 65 % | 3.7 | 73 % | 72.0 ч | +1.78 | +117.04 | -81.1 % | 0.00 % |
| `a:fav/tr0.5` | 1941 | 86 % | +1.03 % | +1.41 % | +7.02 % | -0.29 % | +0.003 % | 52 % | 2.8 | 89 % | 11.7 ч | +0.48 | +43.14 | -29.8 % | 0.00 % |
| `a:fav/tr1` | 1624 | 84 % | +0.74 % | +1.70 % | +6.99 % | -0.24 % | +0.003 % | 56 % | 3.3 | 83 % | 17.1 ч | +0.57 | +18.50 | -29.8 % | 0.00 % |
| `n|e:fav` | 2022 | 85 % | +2.50 % | +2.29 % | +12.08 % | -0.75 % | +0.006 % | 56 % | 3.4 | 89 % | 9.6 ч | +0.89 | +98.95 | -68.2 % | 0.00 % |
| `n|a:fav` | 2063 | 87 % | +2.53 % | +2.19 % | +11.76 % | -0.79 % | +0.009 % | 57 % | 3.5 | 90 % | 9.2 ч | +0.83 | +115.15 | -68.2 % | 0.00 % |
| `n|a:fav2` | 1541 | 72 % | +4.48 % | +3.77 % | +15.13 % | -0.73 % | +0.041 % | 63 % | 3.1 | 82 % | 21.6 ч | +1.66 | +131.66 | -68.2 % | 0.00 % |

## Книга «оптимальная» (optimal), депозит $10,000

| правило | взято | доля выходов по цели | медиана позиции | среднее | итог | просадка | медиана дня | зелёных | укус | побед | медиана удержания | \$ на тейк | \$ без 3 лучших дней | худшая позиция | ликвидаций |
|---|---:|---:|---:|---:|---:|---:|---:|---:|---:|---:|---:|---:|---:|---:|---:|
| `e:fav` ⟵ нынешнее | 2039 | 85 % | +1.82 % | +2.40 % | +12.72 % | -0.55 % | -0.002 % | 44 % | 2.3 | 89 % | 9.5 ч | +1.02 | -16.35 | -100.0 % | 0.20 % |
| `e:fav1.5` | 1726 | 77 % | +2.59 % | +3.61 % | +16.28 % | -0.64 % | +0.003 % | 57 % | 4.8 | 84 % | 14.9 ч | +1.54 | +48.22 | -100.0 % | 0.17 % |
| `e:fav2` | 1528 | 70 % | +3.23 % | +4.49 % | +17.95 % | -0.54 % | +0.007 % | 59 % | 3.3 | 81 % | 22.3 ч | +2.03 | +198.57 | -100.0 % | 0.26 % |
| `e:fav3` | 1297 | 58 % | +3.45 % | +4.90 % | +16.34 % | -0.71 % | +0.004 % | 52 % | 6.4 | 76 % | 36.0 ч | +2.68 | +130.43 | -100.0 % | 0.46 % |
| `e:sig1` | 1480 | 65 % | +3.26 % | +4.22 % | +16.25 % | -0.58 % | -0.000 % | 48 % | 3.4 | 79 % | 23.5 ч | +2.15 | +138.03 | -100.0 % | 0.41 % |
| `e:sig2` | 1142 | 47 % | +3.72 % | +6.78 % | +19.95 % | -0.53 % | +0.001 % | 50 % | 2.2 | 73 % | 72.0 ч | +3.71 | +283.74 | -100.0 % | 0.53 % |
| `a:fav` | 2084 | 87 % | +1.82 % | +2.36 % | +12.83 % | -0.58 % | -0.002 % | 46 % | 5.0 | 90 % | 9.1 ч | +0.97 | +36.84 | -100.0 % | 0.19 % |
| `a:fav1.5` | 1754 | 79 % | +2.63 % | +3.40 % | +15.54 % | -0.64 % | +0.003 % | 57 % | 5.5 | 85 % | 14.5 ч | +1.44 | +33.46 | -100.0 % | 0.17 % |
| `a:fav2` | 1551 | 72 % | +3.25 % | +4.42 % | +17.97 % | -0.54 % | +0.007 % | 56 % | 3.6 | 82 % | 21.5 ч | +1.98 | +150.64 | -100.0 % | 0.26 % |
| `a:fav3` | 1312 | 60 % | +3.59 % | +4.94 % | +16.70 % | -0.60 % | +0.004 % | 52 % | 3.3 | 77 % | 34.4 ч | +2.61 | +133.55 | -100.0 % | 0.38 % |
| `a:sig1` | 1495 | 67 % | +3.33 % | +4.16 % | +16.18 % | -0.58 % | +0.001 % | 52 % | 3.9 | 80 % | 23.3 ч | +2.09 | +106.51 | -100.0 % | 0.40 % |
| `a:sig2` | 1145 | 48 % | +3.73 % | +6.59 % | +19.45 % | -0.54 % | +0.001 % | 50 % | 2.1 | 73 % | 72.0 ч | +3.68 | +215.03 | -100.0 % | 0.52 % |
| `a:fav/tr0.5` | 1956 | 87 % | +1.57 % | +2.79 % | +14.25 % | -0.66 % | -0.002 % | 44 % | 2.7 | 89 % | 11.6 ч | +1.06 | +6.35 | -100.0 % | 0.10 % |
| `a:fav/tr1` | 1636 | 84 % | +1.08 % | +3.36 % | +14.07 % | -0.52 % | -0.001 % | 44 % | 6.1 | 83 % | 16.7 ч | +1.19 | -12.74 | -100.0 % | 0.06 % |
| `n|e:fav` | 2094 | 82 % | +6.29 % | +5.00 % | +27.55 % | -5.92 % | +0.005 % | 54 % | 20.4 | 85 % | 9.0 ч | +3.49 | -513.23 | -100.0 % | 1.34 % |
| `n|a:fav` | 2134 | 85 % | +6.49 % | +5.09 % | +29.22 % | -4.13 % | +0.001 % | 50 % | 14.6 | 86 % | 8.7 ч | +3.35 | -354.72 | -100.0 % | 1.17 % |
| `n|a:fav2` | 1575 | 70 % | +11.28 % | +8.46 % | +34.30 % | -4.26 % | +0.019 % | 52 % | 12.8 | 77 % | 18.1 ч | +6.20 | -587.58 | -100.0 % | 2.22 % |

## Книга «агрессивная» (aggr), депозит $10,000

| правило | взято | доля выходов по цели | медиана позиции | среднее | итог | просадка | медиана дня | зелёных | укус | побед | медиана удержания | \$ на тейк | \$ без 3 лучших дней | худшая позиция | ликвидаций |
|---|---:|---:|---:|---:|---:|---:|---:|---:|---:|---:|---:|---:|---:|---:|---:|
| `e:fav` ⟵ нынешнее | 752 | 93 % | +6.22 % | +5.99 % | +13.01 % | -0.53 % | -0.008 % | 50 % | 5.2 | 95 % | 8.4 ч | +2.56 | -85.73 | -100.0 % | 0.53 % |
| `e:fav1.5` | 666 | 90 % | +9.35 % | +9.63 % | +18.74 % | -0.68 % | +0.019 % | 60 % | 2.0 | 94 % | 12.6 ч | +3.81 | -32.33 | -100.0 % | 0.45 % |
| `e:fav2` | 613 | 86 % | +12.29 % | +12.26 % | +22.08 % | -0.57 % | +0.082 % | 69 % | 1.6 | 91 % | 15.4 ч | +5.13 | +146.70 | -100.0 % | 0.98 % |
| `e:fav3` | 538 | 73 % | +17.15 % | +13.94 % | +21.55 % | -0.71 % | +0.033 % | 56 % | 0.5 | 87 % | 23.3 ч | +6.76 | +228.85 | -100.0 % | 2.23 % |
| `e:sig1` | 608 | 84 % | +11.47 % | +10.16 % | +17.84 % | -1.00 % | -0.028 % | 50 % | 0.9 | 90 % | 15.3 ч | +4.84 | +12.05 | -100.0 % | 1.48 % |
| `e:sig2` | 487 | 64 % | +21.02 % | +17.19 % | +23.99 % | -0.81 % | +0.047 % | 53 % | 0.6 | 85 % | 31.7 ч | +8.63 | +220.40 | -100.0 % | 3.08 % |
| `a:fav` | 759 | 96 % | +6.28 % | +5.77 % | +12.71 % | -0.53 % | -0.008 % | 50 % | 0.6 | 96 % | 8.0 ч | +2.42 | -44.77 | -100.0 % | 0.53 % |
| `a:fav1.5` | 668 | 92 % | +9.37 % | +8.80 % | +17.13 % | -0.57 % | +0.018 % | 67 % | 5.7 | 94 % | 12.4 ч | +3.53 | -58.38 | -100.0 % | 0.45 % |
| `a:fav2` | 614 | 88 % | +12.38 % | +11.90 % | +21.48 % | -0.57 % | +0.077 % | 69 % | 2.4 | 92 % | 15.1 ч | +4.82 | +78.42 | -100.0 % | 0.81 % |
| `a:fav3` | 540 | 75 % | +17.46 % | +14.72 % | +22.97 % | -0.70 % | +0.033 % | 56 % | 0.5 | 88 % | 22.6 ч | +6.66 | +181.28 | -100.0 % | 1.67 % |
| `a:sig1` | 610 | 86 % | +11.59 % | +10.28 % | +18.23 % | -0.62 % | -0.003 % | 50 % | 1.1 | 91 % | 15.0 ч | +4.61 | -18.94 | -100.0 % | 1.15 % |
| `a:sig2` | 489 | 65 % | +21.27 % | +16.53 % | +23.15 % | -0.61 % | +0.047 % | 53 % | 0.5 | 85 % | 31.2 ч | +8.40 | +225.46 | -100.0 % | 3.07 % |
| `a:fav/tr0.5` | 699 | 96 % | +6.54 % | +7.16 % | +14.54 % | -0.53 % | +0.003 % | 57 % | 6.6 | 96 % | 9.6 ч | +2.77 | -95.41 | -100.0 % | 0.43 % |
| `a:fav/tr1` | 553 | 95 % | +7.81 % | +10.33 % | +16.14 % | -0.96 % | -0.013 % | 43 % | 0.7 | 91 % | 14.7 ч | +3.77 | -143.01 | -100.0 % | 0.54 % |
| `n|e:fav` | 1656 | 84 % | +8.19 % | +5.11 % | +23.68 % | -9.27 % | +0.026 % | 60 % | 42.3 | 86 % | 8.2 ч | +4.83 | -1,179.17 | -100.0 % | 2.17 % |
| `n|a:fav` | 1689 | 87 % | +8.51 % | +5.49 % | +26.97 % | -7.10 % | +0.029 % | 58 % | 33.5 | 88 % | 7.8 ч | +4.67 | -892.78 | -100.0 % | 1.89 % |
| `n|a:fav2` | 1240 | 75 % | +15.20 % | +9.73 % | +33.47 % | -7.29 % | +0.028 % | 56 % | 22.4 | 80 % | 15.6 ч | +8.37 | -996.41 | -100.0 % | 3.39 % |

Расшифровка ключей: `e:fav` — якорь входа, обещание mfe; `e:fav1.5` — якорь входа, обещание ×1.5; `e:fav2` — якорь входа, обещание ×2; `e:fav3` — якорь входа, обещание ×3; `e:sig1` — якорь входа, 1 суточная σ; `e:sig2` — якорь входа, 2 суточных σ; `a:fav` — якорь ТВХ, обещание mfe; `a:fav1.5` — якорь ТВХ, обещание ×1.5; `a:fav2` — якорь ТВХ, обещание ×2; `a:fav3` — якорь ТВХ, обещание ×3; `a:sig1` — якорь ТВХ, 1 суточная σ; `a:sig2` — якорь ТВХ, 2 суточных σ; `a:fav/tr0.5` — трейл от ТВХ: взвод на обещании, шаг 0.5 обещания; `a:fav/tr1` — трейл от ТВХ: взвод на обещании, шаг 1 обещания; `n|e:fav` — нормированные веса, якорь входа, обещание mfe; `n|a:fav` — нормированные веса, якорь ТВХ, обещание mfe; `n|a:fav2` — нормированные веса, якорь ТВХ, обещание ×2

## Тот же разрез по депозитам (книга «оптимальная»)

| правило | $1,000 итог | $10,000 итог | $100,000 итог |
|---|---:|---:|---:|
| `e:fav` | +6.30 % | +12.72 % | +7.46 % |
| `e:fav1.5` | +6.24 % | +16.28 % | +9.53 % |
| `e:fav2` | +11.90 % | +17.95 % | +10.85 % |
| `e:fav3` | +6.12 % | +16.34 % | +10.04 % |
| `e:sig1` | +6.83 % | +16.25 % | +9.71 % |
| `e:sig2` | +10.39 % | +19.95 % | +11.88 % |
| `a:fav` | +7.24 % | +12.83 % | +7.46 % |
| `a:fav1.5` | +6.39 % | +15.54 % | +9.08 % |
| `a:fav2` | +12.60 % | +17.97 % | +10.73 % |
| `a:fav3` | +6.96 % | +16.70 % | +10.19 % |
| `a:sig1` | +6.01 % | +16.18 % | +9.59 % |
| `a:sig2` | +7.98 % | +19.45 % | +11.66 % |
| `a:fav/tr0.5` | +14.19 % | +14.25 % | +8.27 % |
| `a:fav/tr1` | +11.21 % | +14.07 % | +8.28 % |
| `n|e:fav` | +24.51 % | +27.55 % | +16.77 % |
| `n|a:fav` | +37.05 % | +29.22 % | +17.31 % |
| `n|a:fav2` | +13.03 % | +34.30 % | +21.28 % |

## Половины окна (книга «оптимальная», $10,000)

Купол на одном окне может быть свойством правила, а может — свойством этих суток. Половины не складываются в целое: у каждой своя касса с полного депозита, то есть это две независимые книги по половине календаря.

| правило | A итог | A медиана дня | B итог | B медиана дня |
|---|---:|---:|---:|---:|
| `e:fav` | +5.56 % | -0.001 % | +8.20 % | -0.000 % |
| `e:fav1.5` | +6.96 % | +0.003 % | +10.74 % | +0.015 % |
| `e:fav2` | +7.78 % | +0.007 % | +12.17 % | +0.084 % |
| `e:fav3` | +9.14 % | +0.004 % | +12.46 % | +0.090 % |
| `e:sig1` | +7.64 % | -0.000 % | +11.31 % | +0.105 % |
| `e:sig2` | +11.07 % | -0.011 % | +12.47 % | +0.079 % |
| `a:fav` | +4.97 % | -0.001 % | +8.74 % | +0.001 % |
| `a:fav1.5` | +6.37 % | +0.003 % | +10.39 % | +0.011 % |
| `a:fav2` | +7.51 % | +0.007 % | +12.22 % | +0.059 % |
| `a:fav3` | +9.20 % | +0.004 % | +12.35 % | +0.104 % |
| `a:sig1` | +7.30 % | -0.000 % | +11.39 % | +0.060 % |
| `a:sig2` | +10.82 % | -0.011 % | +12.12 % | +0.052 % |
| `a:fav/tr0.5` | +5.36 % | -0.006 % | +10.17 % | +0.001 % |
| `a:fav/tr1` | +8.15 % | -0.006 % | +9.70 % | +0.001 % |
| `n|e:fav` | +14.72 % | +0.006 % | +18.27 % | +0.012 % |
| `n|a:fav` | +13.77 % | +0.006 % | +19.67 % | +0.003 % |
| `n|a:fav2` | +21.08 % | +0.027 % | +24.21 % | +0.033 % |

## Чего этот замер НЕ говорит

Правил книги он не меняет — это решение владельца. Веса модели видели эти часы, значит оценка читается СВЕРХУ. Окно записи одно и режим рынка один. Живого исполнения нет: сделки считаются реплеем по барам записи, а трейл исполняется рыночно, по `min(закрытие бара, уровень трейла)` — на минутных барах это приближение, и в разрыве настоящий выход был бы хуже. Гейт кассы «мельче биржевого пола» считается по доле рунга `0.25` и у нормированной руки поэтому строже, чем нужно, — то есть её числа занижены, а не завышены.
