== задание d8-smoke ==
строка: run research/dca_ladder/run_d8.py --limit 400 --no-publish
начало: 2026-09-05T13:01:08Z
запускаю: .venv/bin/python research/dca_ladder/run_d8.py --limit 400 --no-publish
sheets.jsonl: ног 913532
лонгов под гейтом 400, символов 157
окно решений 2026-08-08 18:07 … 2026-08-15 09:15 UTC (6.6 суток, дат 8)
  символ 18/157  решений 67
  символ 51/157  решений 152
запись доходит до 2026-08-18 09:15 UTC
пик памяти 837.8 МБ
общая выборка: 212 решений, выброшено до 174 (не закрыты при какой-то ячейке)
общая выборка: 212 решений, выброшено до 174 (не закрыты при какой-то ячейке)
книга safe: ячейки посчитаны
книга optimal: ячейки посчитаны
книга aggr: ячейки посчитаны
# D8 — тейк DCA-книги: сетка правил

Вопрос владельца: «тейки слишком короткие получаются, по две копейки; желательно чтобы тейк был динамическим, так как ТВХ у нас тоже динамическая».

Нынешнее правило (`e:fav`) — цена `вход · (1 + mfe)`, **неподвижная** и привязанная к цене базы: ТВХ едет вниз с каждым доливом, цель за ней не идёт. Сетка объявлена ДО прогона и напечатана целиком; выбрать лучшую ячейку из 17 и предъявить её было бы ошибкой R5, поэтому это ЗОНД — порогов и вердикта здесь нет, решение о правиле за владельцем.

**Что меряется.** Тейк меняет ОБОРОТ книги: позиция, вышедшая позже, держит слот и отказывает новым сигналам по кассе. Поэтому каждая ячейка идёт через ту же кассу, что ведёт бумажные книги, с билетом своего режима, а форма считается тем же кодом, что печатает страница наблюдения.

Окно решений 2026-08-08 18:07 … 2026-08-15 09:15 UTC (6.6 суток, дат 8); срок удержания 72 ч, веса лестницы [0.25, 0.25, 0.25, 0.25].

Выборка одна на все ячейки — решение годится, только если его позиция ЗАКРЫТА при КАЖДОЙ: линейка safe — 212 решений, выброшено до 174; линейка optimal — 212 решений, выброшено до 174.

Просадка здесь считается по РЕАЛИЗОВАННЫМ суткам (та же, что в таблице дней на странице книги), а не почасовой переоценкой: на семнадцати ячейках почасовые отметки весят сотни мегабайт рядом с живым сбором. С почасовой просадкой артефакта бумажной книги её сравнивать нельзя; между ячейками она сравнима, а это и есть предмет.

## Откуда «две копейки» (диагностика нынешнего правила)

Тейк по ТВХ платит тождественно `заполненный нотионал × доля цели` — это закреплено тестом ядра. У якоря входа тождества нет, но порядок величины задают те же два множителя, и таблица показывает, который из них короток. Веса лестницы `[0.25]×4` НЕ нормируются: у позиции, которой структурных уровней нашлось меньше четырёх, простаивает соответствующая доля объявленного нотионала.

| книга | тейков | медиана глубины | доля глубины 1 | медиана плеча | заполнено нотионала | обещание mfe | σ суточная | медиана тейка | «нотионал × обещание» |
|---|---:|---:|---:|---:|---:|---:|---:|---:|---:|
| safe | 82 | 1 | 95 % | 1.0× | 0.25× | 1.56 % | 3.84 % | +0.433 % | +0.433 % |
| optimal | 82 | 1 | 95 % | 1.0× | 0.25× | 1.56 % | 3.84 % | +0.437 % | +0.437 % |
| aggr | 3 | 1 | 100 % | 9.11× | 2.277× | 2.44 % | 5.69 % | +6.190 % | +6.190 % |

«Заполнено нотионала» — доля капитала позиции, которая реально работает (плечо × сумма весов заполненных рунгов). Если она заметно меньше плеча, копейки делает не цель, а простаивающий капитал, и двигать надо размер, а не тейк — ровно это и проверяет диагностическая рука `n|…` в сетке ниже.

## Книга «безопасная» (safe), депозит $10,000

| правило | взято | доля выходов по цели | медиана позиции | среднее | итог | просадка | медиана дня | зелёных | укус | побед | медиана удержания | \$ на тейк | \$ без 3 лучших дней | худшая позиция | ликвидаций |
|---|---:|---:|---:|---:|---:|---:|---:|---:|---:|---:|---:|---:|---:|---:|---:|
| `e:fav` ⟵ нынешнее | 129 | 64 % | +0.26 % | -0.47 % | -0.15 % | -0.23 % | +0.001 % | 55 % | 32.3 | 69 % | 27.8 ч | +0.18 | -24.44 | -29.8 % | 0.00 % |
| `e:fav1.5` | 124 | 52 % | +0.22 % | -0.60 % | -0.19 % | -0.26 % | -0.001 % | 46 % | 29.3 | 60 % | 57.4 ч | +0.24 | -27.06 | -29.8 % | 0.00 % |
| `e:fav2` | 121 | 46 % | +0.18 % | -0.45 % | -0.14 % | -0.23 % | -0.002 % | 50 % | 20.5 | 59 % | 72.0 ч | +0.36 | -24.51 | -29.8 % | 0.00 % |
| `e:fav3` | 118 | 35 % | +0.07 % | -0.46 % | -0.13 % | -0.25 % | +0.003 % | 60 % | 27.3 | 52 % | 72.0 ч | +0.57 | -26.29 | -29.8 % | 0.00 % |
| `e:sig1` | 121 | 35 % | +0.03 % | -0.56 % | -0.17 % | -0.25 % | +0.001 % | 50 % | 24.8 | 52 % | 72.0 ч | +0.43 | -26.41 | -29.8 % | 0.00 % |
| `e:sig2` | 116 | 22 % | -0.01 % | -0.44 % | -0.13 % | -0.22 % | +0.002 % | 60 % | 14.2 | 48 % | 72.0 ч | +0.71 | -22.03 | -29.8 % | 0.00 % |
| `a:fav` | 130 | 63 % | +0.26 % | -0.52 % | -0.17 % | -0.25 % | +0.001 % | 55 % | 38.4 | 68 % | 28.4 ч | +0.17 | -25.52 | -29.8 % | 0.00 % |
| `a:fav1.5` | 124 | 54 % | +0.23 % | -0.57 % | -0.18 % | -0.25 % | +0.001 % | 55 % | 24.7 | 61 % | 53.9 ч | +0.25 | -26.09 | -29.8 % | 0.00 % |
| `a:fav2` | 121 | 46 % | +0.18 % | -0.46 % | -0.14 % | -0.24 % | -0.002 % | 50 % | 20.5 | 59 % | 72.0 ч | +0.35 | -24.70 | -29.8 % | 0.00 % |
| `a:fav3` | 118 | 36 % | +0.09 % | -0.41 % | -0.12 % | -0.25 % | +0.004 % | 60 % | 20.1 | 53 % | 72.0 ч | +0.57 | -25.08 | -29.8 % | 0.00 % |
| `a:sig1` | 121 | 35 % | +0.03 % | -0.57 % | -0.17 % | -0.26 % | +0.001 % | 50 % | 24.8 | 52 % | 72.0 ч | +0.42 | -26.60 | -29.8 % | 0.00 % |
| `a:sig2` | 116 | 22 % | -0.01 % | -0.45 % | -0.13 % | -0.22 % | +0.002 % | 60 % | 14.2 | 48 % | 72.0 ч | +0.69 | -22.23 | -29.8 % | 0.00 % |
| `a:fav/tr0.5` | 128 | 64 % | +0.19 % | -0.39 % | -0.12 % | -0.23 % | -0.008 % | 40 % | 11.9 | 68 % | 28.9 ч | +0.21 | -23.97 | -29.8 % | 0.00 % |
| `a:fav/tr1` | 122 | 62 % | +0.11 % | -0.33 % | -0.10 % | -0.18 % | -0.002 % | 50 % | 26.0 | 64 % | 34.8 ч | +0.19 | -18.97 | -29.8 % | 0.00 % |
| `n|e:fav` | 129 | 64 % | +1.03 % | -1.62 % | -0.52 % | -0.75 % | +0.002 % | 55 % | 30.0 | 69 % | 27.8 ч | +0.60 | -79.89 | -68.2 % | 0.00 % |
| `n|a:fav` | 130 | 63 % | +1.03 % | -1.77 % | -0.58 % | -0.80 % | +0.002 % | 55 % | 31.5 | 68 % | 28.4 ч | +0.57 | -83.58 | -68.2 % | 0.00 % |
| `n|a:fav2` | 121 | 46 % | +0.74 % | -1.48 % | -0.45 % | -0.75 % | -0.009 % | 50 % | 17.1 | 59 % | 72.0 ч | +1.19 | -79.12 | -68.2 % | 0.00 % |

## Книга «оптимальная» (optimal), депозит $10,000

| правило | взято | доля выходов по цели | медиана позиции | среднее | итог | просадка | медиана дня | зелёных | укус | побед | медиана удержания | \$ на тейк | \$ без 3 лучших дней | худшая позиция | ликвидаций |
|---|---:|---:|---:|---:|---:|---:|---:|---:|---:|---:|---:|---:|---:|---:|---:|
| `e:fav` ⟵ нынешнее | 130 | 63 % | +0.26 % | -1.70 % | -0.55 % | -0.55 % | -0.004 % | 27 % | 206.6 | 68 % | 24.7 ч | +0.26 | -56.70 | -59.9 % | 0.00 % |
| `e:fav1.5` | 125 | 52 % | +0.19 % | -2.04 % | -0.64 % | -0.64 % | -0.003 % | 36 % | 145.7 | 60 % | 55.8 ч | +0.31 | -64.86 | -59.9 % | 0.00 % |
| `e:fav2` | 122 | 46 % | +0.18 % | -1.86 % | -0.57 % | -0.54 % | -0.005 % | 40 % | 67.4 | 58 % | 72.0 ч | +0.47 | -58.87 | -59.9 % | 0.00 % |
| `e:fav3` | 119 | 34 % | +0.03 % | -1.88 % | -0.56 % | -0.55 % | -0.013 % | 40 % | 74.3 | 52 % | 72.0 ч | +0.77 | -59.65 | -59.9 % | 0.00 % |
| `e:sig1` | 122 | 34 % | +0.03 % | -1.98 % | -0.61 % | -0.58 % | -0.012 % | 20 % | 20.2 | 52 % | 72.0 ч | +0.59 | -64.65 | -59.9 % | 0.00 % |
| `e:sig2` | 117 | 21 % | -0.03 % | -1.79 % | -0.52 % | -0.50 % | -0.008 % | 40 % | 88.3 | 48 % | 72.0 ч | +0.98 | -58.10 | -59.9 % | 0.00 % |
| `a:fav` | 131 | 63 % | +0.24 % | -1.76 % | -0.58 % | -0.58 % | -0.005 % | 27 % | 213.7 | 68 % | 26.3 ч | +0.24 | -58.93 | -59.9 % | 0.00 % |
| `a:fav1.5` | 125 | 54 % | +0.22 % | -2.00 % | -0.63 % | -0.64 % | -0.003 % | 46 % | 78.6 | 61 % | 50.7 ч | +0.32 | -65.24 | -59.9 % | 0.00 % |
| `a:fav2` | 122 | 46 % | +0.18 % | -1.88 % | -0.57 % | -0.54 % | -0.005 % | 40 % | 67.4 | 58 % | 72.0 ч | +0.46 | -59.40 | -59.9 % | 0.00 % |
| `a:fav3` | 119 | 35 % | +0.07 % | -1.82 % | -0.54 % | -0.55 % | -0.007 % | 40 % | 37.8 | 53 % | 72.0 ч | +0.77 | -58.98 | -59.9 % | 0.00 % |
| `a:sig1` | 122 | 34 % | +0.03 % | -2.00 % | -0.61 % | -0.58 % | -0.013 % | 20 % | 20.2 | 52 % | 72.0 ч | +0.58 | -65.18 | -59.9 % | 0.00 % |
| `a:sig2` | 117 | 21 % | -0.03 % | -1.81 % | -0.53 % | -0.50 % | -0.009 % | 40 % | 88.3 | 48 % | 72.0 ч | +0.96 | -58.65 | -59.9 % | 0.00 % |
| `a:fav/tr0.5` | 129 | 64 % | +0.18 % | -2.10 % | -0.68 % | -0.67 % | -0.008 % | 30 % | 117.4 | 67 % | 28.1 ч | +0.29 | -69.02 | -78.2 % | 0.00 % |
| `a:fav/tr1` | 123 | 62 % | +0.09 % | -1.67 % | -0.51 % | -0.43 % | -0.013 % | 20 % | 90.4 | 63 % | 31.7 ч | +0.25 | -52.05 | -59.9 % | 0.00 % |
| `n|e:fav` | 132 | 62 % | +0.96 % | -2.62 % | -0.87 % | -1.46 % | -0.015 % | 46 % | 20.4 | 67 % | 22.9 ч | +1.50 | -157.69 | -100.0 % | 0.76 % |
| `n|a:fav` | 133 | 62 % | +0.95 % | -3.21 % | -1.07 % | -1.50 % | -0.015 % | 46 % | 20.5 | 67 % | 22.7 ч | +1.40 | -162.41 | -100.0 % | 0.75 % |
| `n|a:fav2` | 123 | 46 % | +0.74 % | -1.98 % | -0.61 % | -1.10 % | +0.006 % | 50 % | 7.7 | 58 % | 57.8 ч | +2.90 | -119.88 | -100.0 % | 0.81 % |

## Книга «агрессивная» (aggr), депозит $10,000

| правило | взято | доля выходов по цели | медиана позиции | среднее | итог | просадка | медиана дня | зелёных | укус | побед | медиана удержания | \$ на тейк | \$ без 3 лучших дней | худшая позиция | ликвидаций |
|---|---:|---:|---:|---:|---:|---:|---:|---:|---:|---:|---:|---:|---:|---:|---:|
| `e:fav` ⟵ нынешнее | 8 | 38 % | -8.46 % | -28.37 % | -0.64 % | -0.53 % | -0.111 % | 20 % | 31.2 | 38 % | 8.6 ч | +1.88 | -51.26 | -79.5 % | 0.00 % |
| `e:fav1.5` | 8 | 25 % | -16.53 % | -30.95 % | -0.69 % | -0.57 % | -0.111 % | 20 % | 20.8 | 25 % | 9.5 ч | +2.24 | -53.04 | -79.5 % | 0.00 % |
| `e:fav2` | 8 | 25 % | -16.53 % | -30.28 % | -0.68 % | -0.57 % | -0.111 % | 20 % | 15.6 | 25 % | 9.9 ч | +2.98 | -52.18 | -79.5 % | 0.00 % |
| `e:fav3` | 8 | 25 % | -16.53 % | -28.95 % | -0.65 % | -0.57 % | -0.111 % | 20 % | 10.4 | 25 % | 10.6 ч | +4.47 | -50.45 | -79.5 % | 0.00 % |
| `e:sig1` | 8 | 25 % | -16.53 % | -29.60 % | -0.66 % | -0.57 % | -0.111 % | 20 % | 9.1 | 25 % | 39.8 ч | +3.74 | -52.44 | -79.5 % | 0.00 % |
| `e:sig2` | 8 | 12 % | -16.53 % | -27.98 % | -0.63 % | -0.57 % | -0.103 % | 20 % | 8.3 | 25 % | 42.3 ч | +6.40 | -50.11 | -79.5 % | 0.00 % |
| `a:fav` | 8 | 38 % | -8.46 % | -28.37 % | -0.64 % | -0.53 % | -0.111 % | 20 % | 31.2 | 38 % | 8.6 ч | +1.88 | -51.26 | -79.5 % | 0.00 % |
| `a:fav1.5` | 8 | 25 % | -16.53 % | -30.95 % | -0.69 % | -0.57 % | -0.111 % | 20 % | 20.8 | 25 % | 9.5 ч | +2.24 | -53.04 | -79.5 % | 0.00 % |
| `a:fav2` | 8 | 25 % | -16.53 % | -30.28 % | -0.68 % | -0.57 % | -0.111 % | 20 % | 15.6 | 25 % | 9.9 ч | +2.98 | -52.18 | -79.5 % | 0.00 % |
| `a:fav3` | 8 | 25 % | -16.53 % | -28.95 % | -0.65 % | -0.57 % | -0.111 % | 20 % | 10.4 | 25 % | 10.6 ч | +4.47 | -50.45 | -79.5 % | 0.00 % |
| `a:sig1` | 8 | 25 % | -16.53 % | -29.60 % | -0.66 % | -0.57 % | -0.111 % | 20 % | 9.1 | 25 % | 39.8 ч | +3.74 | -52.44 | -79.5 % | 0.00 % |
| `a:sig2` | 8 | 12 % | -16.53 % | -27.98 % | -0.63 % | -0.57 % | -0.103 % | 20 % | 8.3 | 25 % | 42.3 ч | +6.40 | -50.11 | -79.5 % | 0.00 % |
| `a:fav/tr0.5` | 8 | 38 % | -8.46 % | -27.58 % | -0.62 % | -0.53 % | -0.097 % | 20 % | 87.9 | 38 % | 9.0 ч | +2.47 | -50.12 | -79.5 % | 0.00 % |
| `a:fav/tr1` | 8 | 38 % | -8.46 % | -28.19 % | -0.63 % | -0.47 % | -0.111 % | 0 % | — | 25 % | 9.0 ч | +2.01 | -49.37 | -79.5 % | 0.00 % |
| `n|e:fav` | 34 | 56 % | +5.11 % | -8.97 % | -0.86 % | -1.54 % | +0.028 % | 62 % | 20.3 | 59 % | 9.6 ч | +5.59 | -152.14 | -100.0 % | 2.94 % |
| `n|a:fav` | 35 | 54 % | +4.98 % | -11.04 % | -1.09 % | -1.55 % | +0.001 % | 50 % | 15.6 | 57 % | 9.3 ч | +5.10 | -157.40 | -100.0 % | 2.86 % |
| `n|a:fav2` | 33 | 39 % | -8.76 % | -9.45 % | -0.88 % | -1.26 % | +0.027 % | 62 % | 11.9 | 46 % | 27.2 ч | +10.22 | -126.56 | -100.0 % | 3.03 % |

Расшифровка ключей: `e:fav` — якорь входа, обещание mfe; `e:fav1.5` — якорь входа, обещание ×1.5; `e:fav2` — якорь входа, обещание ×2; `e:fav3` — якорь входа, обещание ×3; `e:sig1` — якорь входа, 1 суточная σ; `e:sig2` — якорь входа, 2 суточных σ; `a:fav` — якорь ТВХ, обещание mfe; `a:fav1.5` — якорь ТВХ, обещание ×1.5; `a:fav2` — якорь ТВХ, обещание ×2; `a:fav3` — якорь ТВХ, обещание ×3; `a:sig1` — якорь ТВХ, 1 суточная σ; `a:sig2` — якорь ТВХ, 2 суточных σ; `a:fav/tr0.5` — трейл от ТВХ: взвод на обещании, шаг 0.5 обещания; `a:fav/tr1` — трейл от ТВХ: взвод на обещании, шаг 1 обещания; `n|e:fav` — нормированные веса, якорь входа, обещание mfe; `n|a:fav` — нормированные веса, якорь ТВХ, обещание mfe; `n|a:fav2` — нормированные веса, якорь ТВХ, обещание ×2

## Тот же разрез по депозитам (книга «оптимальная»)

| правило | $1,000 итог | $10,000 итог | $100,000 итог |
|---|---:|---:|---:|
| `e:fav` | -5.58 % | -0.55 % | -0.32 % |
| `e:fav1.5` | -6.42 % | -0.64 % | -0.37 % |
| `e:fav2` | -5.81 % | -0.57 % | -0.33 % |
| `e:fav3` | -5.58 % | -0.56 % | -0.32 % |
| `e:sig1` | -5.99 % | -0.61 % | -0.35 % |
| `e:sig2` | -5.19 % | -0.52 % | -0.30 % |
| `a:fav` | -5.83 % | -0.58 % | -0.34 % |
| `a:fav1.5` | -6.31 % | -0.63 % | -0.36 % |
| `a:fav2` | -5.86 % | -0.57 % | -0.33 % |
| `a:fav3` | -5.64 % | -0.54 % | -0.31 % |
| `a:sig1` | -6.04 % | -0.61 % | -0.35 % |
| `a:sig2` | -5.25 % | -0.53 % | -0.31 % |
| `a:fav/tr0.5` | -6.83 % | -0.68 % | -0.39 % |
| `a:fav/tr1` | -5.15 % | -0.51 % | -0.30 % |
| `n|e:fav` | -9.23 % | -0.87 % | -0.50 % |
| `n|a:fav` | -11.22 % | -1.07 % | -0.62 % |
| `n|a:fav2` | -6.78 % | -0.61 % | -0.35 % |

## Половины окна (книга «оптимальная», $10,000)

Купол на одном окне может быть свойством правила, а может — свойством этих суток. Половины не складываются в целое: у каждой своя касса с полного депозита, то есть это две независимые книги по половине календаря.

| правило | A итог | A медиана дня | B итог | B медиана дня |
|---|---:|---:|---:|---:|
| `e:fav` | -0.58 % | -0.030 % | +0.00 % | +0.001 % |
| `e:fav1.5` | -0.67 % | -0.046 % | +0.01 % | -0.000 % |
| `e:fav2` | -0.61 % | -0.033 % | +0.02 % | +0.002 % |
| `e:fav3` | -0.61 % | -0.027 % | +0.03 % | +0.004 % |
| `e:sig1` | -0.64 % | -0.037 % | +0.02 % | +0.004 % |
| `e:sig2` | -0.59 % | -0.053 % | +0.05 % | +0.004 % |
| `a:fav` | -0.60 % | -0.033 % | -0.00 % | +0.001 % |
| `a:fav1.5` | -0.67 % | -0.048 % | +0.02 % | +0.001 % |
| `a:fav2` | -0.62 % | -0.035 % | +0.02 % | +0.002 % |
| `a:fav3` | -0.61 % | -0.028 % | +0.05 % | +0.006 % |
| `a:sig1` | -0.65 % | -0.039 % | +0.02 % | +0.004 % |
| `a:sig2` | -0.60 % | -0.053 % | +0.05 % | +0.004 % |
| `a:fav/tr0.5` | -0.70 % | -0.129 % | -0.00 % | +0.001 % |
| `a:fav/tr1` | -0.52 % | -0.080 % | -0.02 % | +0.001 % |
| `n|e:fav` | -0.91 % | -0.295 % | -0.03 % | +0.005 % |
| `n|a:fav` | -1.07 % | -0.295 % | -0.08 % | +0.005 % |
| `n|a:fav2` | -0.79 % | -0.014 % | +0.09 % | +0.019 % |

## Чего этот замер НЕ говорит

Правил книги он не меняет — это решение владельца. Веса модели видели эти часы, значит оценка читается СВЕРХУ. Окно записи одно и режим рынка один. Живого исполнения нет: сделки считаются реплеем по барам записи, а трейл исполняется рыночно, по `min(закрытие бара, уровень трейла)` — на минутных барах это приближение, и в разрыве настоящий выход был бы хуже. Гейт кассы «мельче биржевого пола» считается по доле рунга `0.25` и у нормированной руки поэтому строже, чем нужно, — то есть её числа занижены, а не завышены.

конец: 2026-09-05T13:03:24Z, код 0
публикуется в ветку main:
 jobs/done/d8-smoke.done                       |    1 +
 jobs/done/d8-smoke.log                        |  161 +
 jobs/poke.log                                 |    3 +
 research/dca_ladder/out/D8-take-smoke-1m.json | 6607 +++++++++++++++++++++++++
 research/dca_ladder/out/D8-take-smoke-1m.md   |  143 +
 research/s8_loop/out/day_brake.json           |    2 +-
 6 files changed, 6916 insertions(+), 1 deletion(-)
To github.com:n0tgod/algoth_v2.git
   230a958..c98f380  main -> main
branch 'main' set up to track 'origin/main'.
опубликовано
