== задание dca-names2 ==
строка: run research/dca_paper/name_check.py
начало: 2026-09-04T17:12:27Z
запускаю: .venv/bin/python research/dca_paper/name_check.py 
публикуется в ветку main:
 jobs/done/dca-names2.done             |     1 +
 jobs/done/dca-names2.log              |     4 +
 jobs/done/dca-own-ticket.done         |     1 +
 jobs/done/dca-own-ticket.log          |   160 +
 jobs/done/ps-dca-ticket.done          |     1 +
 jobs/done/ps-dca-ticket.log           |    51 +
 jobs/done/ps-modes.done               |     1 +
 jobs/done/ps-modes.log                |     9 +
 jobs/poke.log                         |    11 +
 research/dca_paper/out/DCA-names.json |   114 +-
 research/dca_paper/out/DCA-names.md   |    18 +-
 research/dca_paper/out/DCA-paper.json |   326 +-
 research/dca_paper/out/DCA-paper.md   |    62 +-
 research/dca_paper/out/journal.jsonl  | 12344 ++++++++++++++++++++++++++++++++
 research/s8_loop/out/day_brake.json   |     2 +-
 15 files changed, 12871 insertions(+), 234 deletions(-)
ОТКАЗ: файл больше 5 МБ: research/dca_paper/out/journal.jsonl (7 МБ)
  Ряды и записи в git не идут — правила .gitignore этапа.

Проверка сохранности данных: docs/DATA-SAFETY.md
# DCA — соответствуют ли режимы своим именам

Имя режима — ярлык, и проверять его надо числами. Здесь две группы мер, и они отвечают на РАЗНЫЕ вопросы: риск ПОЗИЦИИ (плечо, хвост исхода, ликвидации) — то, чем режим отличается по построению; риск КНИГИ (просадка, зелёные, укус) — то, что видит владелец. Между ними стоит ЗАГРУЗКА: книга, которая почти не вложена, выглядит спокойной, не будучи спокойной.

Загрузка — интеграл занятой маржи по времени, делённый на `депозит × окно`: сколько денег книга держала в рынке в среднем, а не какая доля сделок ей досталась. Доход на занятый капитал стоит рядом ровно затем, чтобы «спокойная» и «недогруженная» перестали выглядеть одинаково.

Числа позиции — из журнала книг, свод книги — из артефакта прогона (его считает сама книга; вторая реализация здесь разошлась бы с тем, что уехало в git). Всё это ПЕРЕСЧЁТ по прошлому: наблюдения вперёд у режимов ещё нет.

## Депозит $1,000

| режим | сделок | дней | плечо | медиана сделки | 5-й процентиль | худшая | доля < −50 % | ликвидаций | загрузка | пик | итог | на занятый | просадка | зелёных | укус |
|---|--:|--:|--:|--:|--:|--:|--:|--:|--:|--:|--:|--:|--:|--:|--:|
| безопасная | 582 | 28 | 1.44× | +0.55 % | -2.40 % | -29.79 % | 0.00 % | 0 | 58.2 % | 99.9 % | +8.43 % | +14 % | -2.36 % | 0.54 | 5.2 |
| оптимальная | 596 | 28 | 1.9× | +0.58 % | -3.80 % | -100.00 % | 1.17 % | 2 | 57.9 % | 100.0 % | +10.46 % | +18 % | -5.35 % | 0.50 | 14.3 |
| агрессивная | 628 | 15 | 8.63× | +6.02 % | -13.12 % | -100.00 % | 2.87 % | 4 | 8.9 % | 100.0 % | +20.67 % | +232 % | -1.23 % | 0.54 | 5.3 |

## Депозит $10,000

| режим | сделок | дней | плечо | медиана сделки | 5-й процентиль | худшая | доля < −50 % | ликвидаций | загрузка | пик | итог | на занятый | просадка | зелёных | укус |
|---|--:|--:|--:|--:|--:|--:|--:|--:|--:|--:|--:|--:|--:|--:|--:|
| безопасная | 2208 | 28 | 1.61× | +1.13 % | -1.30 % | -29.79 % | 0.00 % | 0 | 19.0 % | 99.8 % | +6.60 % | +35 % | -0.41 % | 0.58 | 4.6 |
| оптимальная | 2223 | 28 | 2.75× | +1.65 % | -1.80 % | -100.00 % | 0.76 % | 4 | 19.5 % | 100.0 % | +12.47 % | +64 % | -0.54 % | 0.50 | 3.6 |
| агрессивная | 776 | 15 | 8.52× | +6.18 % | -5.67 % | -100.00 % | 2.32 % | 4 | 4.5 % | 66.4 % | +13.12 % | +292 % | -0.52 % | 0.54 | 3.9 |

## Депозит $100,000

| режим | сделок | дней | плечо | медиана сделки | 5-й процентиль | худшая | доля < −50 % | ликвидаций | загрузка | пик | итог | на занятый | просадка | зелёных | укус |
|---|--:|--:|--:|--:|--:|--:|--:|--:|--:|--:|--:|--:|--:|--:|--:|
| безопасная | 2270 | 28 | 1.61× | +1.14 % | -1.28 % | -29.79 % | 0.00 % | 0 | 11.1 % | 66.4 % | +4.01 % | +36 % | -0.24 % | 0.58 | 4.5 |
| оптимальная | 2285 | 28 | 2.75× | +1.66 % | -1.75 % | -100.00 % | 0.74 % | 4 | 11.2 % | 66.4 % | +7.50 % | +67 % | -0.31 % | 0.50 | 3.6 |
| агрессивная | 776 | 15 | 8.52× | +6.18 % | -5.67 % | -100.00 % | 2.32 % | 4 | 4.5 % | 66.6 % | +13.17 % | +292 % | -0.52 % | 0.54 | 3.9 |

## Что из этого следует

**«Агрессивная» вложена вдвое с лишним меньше самой вложенной книги: 4.5 % против 11.2 % — столько держит «оптимальная».** Значит её просадка и укус описывают не спокойствие правила, а НЕДОГРУЗ: на занятый доллар она даёт +292 % при доле тяжёлых убытков 2.32 %. Имя описывает вход (плечо), а не риск книги.

Оговорка на все числа: окно записи одно, режим рынка один, веса модели видели эти часы. Это пересчёт по прошлому, а не наблюдение вперёд.

конец: 2026-09-04T17:12:28Z, код 0
публикуется в ветку main:
 jobs/done/dca-names2.done             |     1 +
 jobs/done/dca-names2.log              |    64 +
 jobs/done/dca-own-ticket.done         |     1 +
 jobs/done/dca-own-ticket.log          |   160 +
 jobs/done/ps-dca-ticket.done          |     1 +
 jobs/done/ps-dca-ticket.log           |    51 +
 jobs/done/ps-modes.done               |     1 +
 jobs/done/ps-modes.log                |     9 +
 jobs/poke.log                         |    11 +
 research/dca_paper/out/DCA-names.json |   114 +-
 research/dca_paper/out/DCA-names.md   |    18 +-
 research/dca_paper/out/DCA-paper.json |   326 +-
 research/dca_paper/out/DCA-paper.md   |    62 +-
 research/dca_paper/out/journal.jsonl  | 12344 ++++++++++++++++++++++++++++++++
 research/s8_loop/out/day_brake.json   |     2 +-
 15 files changed, 12931 insertions(+), 234 deletions(-)
ОТКАЗ: файл больше 5 МБ: research/dca_paper/out/journal.jsonl (7 МБ)
  Ряды и записи в git не идут — правила .gitignore этапа.

Проверка сохранности данных: docs/DATA-SAFETY.md
