== задание dca-tail-status ==
строка: status
начало: 2026-09-04T22:54:37Z
--- диск ---
Filesystem      Size  Used Avail Use% Mounted on
/dev/sda1       150G   68G   77G  47% /
/dev/sdb        147G  127G   13G  92% /mnt/HC_Volume_106683528
--- процессы ---
669148 bot/target/release/bot live --s8 research/s8_loop/out/model_sit_lo --journal bot/out/live --keys /root/.bybit/live.env --base https://api.bybit.com --arm gbm --capital 300 --interval-sec 5 --clear-halt
1356250 .venv/bin/python research/b1_book/collect.py --http 8765
--- статус сбора ---
{"t": 1788562475.2, "uptime_sec": 200.9, "messages": 646792, "trades": 45103, "resets": 0, "last_msg_age_sec": 0.0, "snapshots": 139698, "snapshot_errors": 0, "last_snap_age_sec": 0.5, "snap_pass_sec": 0.423, "writes": {"book": 139698, "trades": 45099, "raw": 2920, "liq": 17}, "write_age_sec": {"book": 0.5, "trades": 0.4, "raw": 0.3, "liq": 61.6}, "symbols": {"0GUSDT": {"ready": true, "bid": 0.1923, "ask": 0.1924, "resets": 0}, "1000000BABYDOGEUSDT": {"ready": true, "bid": 0.0003819, "ask": 0.0003821, "resets": 0}, "1000000MOGUSDT": {"ready": true, "bid": 0.1066, "ask": 0.1067, "resets": 0}, "10000NEXUSDT": {"ready": true, "bid": 0.01444, "ask": 0.01446, "resets": 0}, "10000SATSUSDT": {"read
--- живой исполнитель ---
{
  "at_ms": 1788562473789,
  "capital_usd": 300.0,
  "dry": false,
  "entries_paused": false,
  "halted": "часовой цикл молчит 3.0 ч при пределе 3 ч (§5) — позиции без сканера не управляет никто",
  "lev_errors": null,
  "limits_off": true,
  "note": null,
  "positions": [],
  "realized_today_usd": 0.0,
  "realized_total_usd": -21.265818699799986,
  "rejects_row": 0,
  "stale_entries_skipped": 79,
  "tp_errors": null,
  "wallet": {
    "balance": 284.21345292,
    "equity": 284.21345292
  }
}
конец: 2026-09-04T22:54:37Z
публикуется в ветку main:
 jobs/done/after-dca-list.done             |     1 +
 jobs/done/after-dca-list.log              |    79 +
 jobs/done/dca-cut-check.done              |     1 +
 jobs/done/dca-cut-check.log               |   159 +
 jobs/done/dca-list-deploy.done            |     1 +
 jobs/done/dca-list-deploy.log             |    64 +
 jobs/done/dca-names2.done                 |     1 +
 jobs/done/dca-names2.log                  |    85 +
 jobs/done/dca-open-list.done              |     1 +
 jobs/done/dca-open-list.log               |    54 +
 jobs/done/dca-open-split.done             |     1 +
 jobs/done/dca-open-split.log              |    56 +
 jobs/done/dca-open-status.done            |     1 +
 jobs/done/dca-open-status.log             |    71 +
 jobs/done/dca-own-ticket.done             |     1 +
 jobs/done/dca-own-ticket.log              |   160 +
 jobs/done/dca-page-live.done              |     1 +
 jobs/done/dca-page-live.log               |    46 +
 jobs/done/dca-page-status.done            |     1 +
 jobs/done/dca-page-status.log             |    60 +
 jobs/done/dca-restat-shape.done           |     1 +
 jobs/done/dca-restat-shape.log            |   220 +
 jobs/done/dca-rules4.done                 |     1 +
 jobs/done/dca-rules4.log                  |   253 +
 jobs/done/dca-tail-deploy.done            |     1 +
 jobs/done/dca-tail-deploy.log             |    68 +
 jobs/done/dca-tail-status.log             |    34 +
 jobs/done/dca-two-groups.done             |     1 +
 jobs/done/dca-two-groups.log              |    52 +
 jobs/done/ps-dca-ticket.done              |     1 +
 jobs/done/ps-dca-ticket.log               |    51 +
 jobs/done/ps-modes.done                   |     1 +
 jobs/done/ps-modes.log                    |     9 +
 jobs/poke.log                             |    51 +
 research/dca_paper/out/DCA-cut-check.json |  3071 ++++
 research/dca_paper/out/DCA-cut-check.md   |    65 +
 research/dca_paper/out/DCA-names.json     |   114 +-
 research/dca_paper/out/DCA-names.md       |    18 +-
 research/dca_paper/out/DCA-paper.json     | 18517 ++++++++++++++++++++-
 research/dca_paper/out/DCA-paper.md       |   179 +-
 research/dca_paper/out/journal.jsonl      | 24070 ++++++++++++++++++++++++++++
 research/s8_loop/out/day_brake.json       |     2 +-
 42 files changed, 47190 insertions(+), 434 deletions(-)
ОТКАЗ: файл больше 5 МБ: research/dca_paper/out/journal.jsonl (11 МБ)
  Ряды и записи в git не идут — правила .gitignore этапа.

Проверка сохранности данных: docs/DATA-SAFETY.md
