== задание dca-tail ==
строка: run research/dca_paper/run_paper.py
начало: 2026-09-05T09:47:24Z
запускаю: .venv/bin/python research/dca_paper/run_paper.py 
кэш реплея не используется: правила реплея изменились
sheets.jsonl: ног 904623
решений под гейтом 8689, в кэше 0, считаю заново 8689
лонгов под гейтом 8689, символов 630
окно решений 2026-08-08 18:07 … 2026-09-05 08:27 UTC (27.6 суток, дат 29)
  символ 18/630  взято 443
  символ 43/630  взято 1148
  символ 48/630  взято 1247
  символ 55/630  взято 1359
  символ 122/630  взято 1760
  символ 175/630  взято 2066
  символ 209/630  взято 2373
  символ 210/630  взято 2409
  символ 260/630  взято 3011
  символ 301/630  взято 3734
  символ 321/630  взято 4317
  символ 362/630  взято 5279
  символ 374/630  взято 5555
  символ 415/630  взято 6344
  символ 430/630  взято 6669
  символ 456/630  взято 7172
  символ 463/630  взято 7327
  символ 480/630  взято 7540
  символ 530/630  взято 8032
  символ 539/630  взято 8149
  символ 557/630  взято 8363
  символ 570/630  взято 8456
  символ 586/630  взято 8555
  символ 600/630  взято 8620
  символ 606/630  взято 8652
  символ 613/630  взято 8668
запись доходит до 2026-09-05 10:06 UTC; позиций закрытых 16671, открытых 71, оборванных записью 636
хвост: имён с дописанным 203, минут 2601, исходов по котировке 171, вход из котировки отклонён у 0 решений
линейка безопасная (safe): позиций 7329, после правила одной на имя 2277
  депозит $1,000: мест 40, взято 589, нет кассы 1688, мельче $5 0, открытых 19, оборванных записью 46
  депозит $10,000: мест 400, взято 2215, нет кассы 62, мельче $5 0, открытых 19, оборванных записью 85
  депозит $100,000: мест 689, взято 2277, нет кассы 0, мельче $5 0, открытых 19, оборванных записью 87
линейка оптимальная (optimal): позиций 7329, после правила одной на имя 2292
  депозит $1,000: мест 40, взято 602, нет кассы 1690, мельче $5 0, открытых 19, оборванных записью 47
  депозит $10,000: мест 400, взято 2230, нет кассы 62, мельче $5 0, открытых 19, оборванных записью 84
  депозит $100,000: мест 689, взято 2292, нет кассы 0, мельче $5 0, открытых 19, оборванных записью 86
линейка агрессивная (aggr): позиций 7329, гейт плеча ≥4× отсеял 5377, после правила одной на имя 780
  депозит $1,000: мест 160, взято 630, нет кассы 150, мельче $5 0, открытых 2, оборванных записью 8
  депозит $10,000: мест 357, взято 780, нет кассы 0, мельче $5 0, открытых 2, оборванных записью 8
  депозит $100,000: мест 355, взято 780, нет кассы 0, мельче $5 0, открытых 2, оборванных записью 8
журнал: было 46243, дописано 72 в 7 суточных файлов
# DCA — бумажные книги на трёх депозитах

Книг девять: три РЕЖИМА × три депозита. Внутри режима книги отличаются РОВНО депозитом: правила, гейты, ограда и выходы у них одни. Билет при этом НЕ один и тот же, и это не третья ось: он считается ОДНОЙ формулой — `максимум(пол режима, депозит / (пик режима × запас))`, — просто пол и пик у каждого режима свои.

| режим | пол | пик | билет | мест |
|---|--:|--:|--:|--:|
| безопасная | $25 | 457 | $25 / $25 / $145 | 40 / 400 / 689 |
| оптимальная | $25 | 457 | $25 / $25 / $145 | 40 / 400 / 689 |
| агрессивная | $6.25 | 237 | $6.25 / $28 / $281 | 160 / 357 / 355 |

**Пол задаёт биржа, и он у режимов разный.** Минимальный ордер площадки ровно $5, самый мелкий рунг лестницы — 0.25 нотионала, значит маржа не бывает меньше `$5 / 0.25 / плечо`. Худшее плечо режима без гейта есть 1× (забор выдаёт от единицы) — отсюда $20 и, с четвертью запаса на просадку, пол $25. У режима с гейтом худший случай есть сам гейт (4×), и пол выходит вчетверо ниже — $6.25.

**Потолок задаёт книга (решение владельца 2026-09-04): билет поднят так, чтобы хватало на ВСЕ места.** Пики ИЗМЕРЕНЫ по журналу: у двух режимов без гейта он один и тот же (457 — они берут одни решения и различаются лишь плечом), у режима с гейтом 237. Запас 1.5× нужен потому, что пик есть максимум выборки, а сечение растёт с записью. Правило само говорит главное: **мелкий депозит наполнить нельзя** — у него связывает пол биржи.

**Что здесь изменено 2026-09-04 и почему** (просьба владельца «оптимизировать книги под их названия»). Прежде на все три режима шёл пик ПУЛА, и «агрессивная» от этого стояла недогруженной: позиций у неё вдвое меньше, то есть её собственный пик ниже, и при полном по её меркам портфеле часть денег простаивала. Замер `name_check.py` назвал это числом — загрузка 4.0 % против 19.5 у «оптимальной», пик 59 % против 100, — то есть имя было честным по позиции и нечестным по книге. **Билет при этом не стал особым:** формула одна на все режимы, различаются лишь их собственные пол и пик, поэтому режимы по-прежнему отличаются РОВНО одним объявленным правилом (гейтом плеча), и контрольная рука со старым билетом не нужна. Числа безопасной и оптимальной не сдвинулись ни на цент — их пол и пик прежние.

**Чего правка НЕ чинит, и это надо знать до чтения таблицы.** Билет лечит простой денег при полном портфеле; он не лечит того, что режим с гейтом торгует вспышками — на нашей записи 13 календарных дней из 26. Средняя загрузка у него останется заметно ниже: полный по своим меркам портфель он держит редко. Это свойство ГЕЙТА, а не недогруз по нашему выбору, и лечить его билетом нельзя — билет, поднятый до средней загрузки соседей, в пик потребовал бы больше денег, чем есть, и состав книги начал бы решаться очередью за кассой, а не правилом.

**Биржевое правило соблюдается с первого дня:** у имени позиция одна, второй выбор по той же монете пропущен. Реплей D-серии этого не делал, и его «пик 3206» описывал ЛОТЫ, а не позиции.

**Кривая одна: бэктест и live в общем счёте** (решение владельца 2026-09-04). Пересчёт по прошлому есть ПРЕДЫСТОРИЯ живой записи, а не вторая книга, и рвать её надвое незачем — у сделки бэктеста стоит метка. Решение считается записанным вперёд, если попало в журнал не позже 120 ч после самого себя (предел жизни позиции 72 ч плюс двое суток на прогон). Числа обеих групп стоят рядом отдельной таблицей — и это не половинчатость: веса модели видели те часы, и без объёма бэктеста общая кривая читалась бы треком.

**Считаются ПОЗИЦИИ, а не сделки.** У имени позиция одна, а входов у неё несколько: база плюс доливы лестницы. Поэтому в таблице стоит число закрытых позиций, рядом число входов, а открытые позиции идут ОТДЕЛЬНОЙ строкой с отметкой — до выхода их результат станет любым, и складывать его с закрытым нельзя.

**Версия правил книг — 4, и запись начата с неё.** Смена версии отставляет прежние строки не из аккуратности: правило, по которому они писаны, было другим, и сшивать две кривые в одну значит показывать книгу, которой не было. Версия поднята дважды: билетом (пол режима и его же пик) и исходом позиции, чей срок ещё шёл (ниже).

**Позиция, чей срок ещё идёт, больше не закрывается «по сроку».** Это дефект, найденный при этой правке: реплей кончал позицию последним баром записи и выдавал это за исход правила — тот же класс, что D7 нашла у обрыва ряда. Теперь «срок» засчитывается, только если окно дошло до планового конца; иначе позиция либо ЖИВА (её символ пишется до сих пор), либо оборвана записью (ряд символа кончился раньше остальных), и вторая в счёт не идёт вовсе.

**Хвост ленты продолжается серединой стакана (решение владельца 2026-09-05), и это ПРАВИЛО книги, а не поправка.** Бары исходов читаются из ленты, а минута без единой сделки бара не даёт вовсе: у тонкого имени хвост окна пуст не потому, что цены не было, а потому, что по ней не торговали — стакан в те же минуты снимается раз в секунду. Позиция, чьё окно не дошло до конца только из-за отсутствия принтов, теперь получает исход по НАБЛЮДЁННЫМ ценам вместо вечного «оборвано записью». Правило держит три границы: дописывается только хвост (внутренние дыры не заполняются — по тем же барам считаются вход и цены рунгов); вход из котировки позицию не открывает (хвост продолжает начатое, а не заводит новых сделок); лимитка на минуте без принтов не заполняется вовсе — рунг и тейк исполняет чужой принт, а пол капитуляции, ликвидация и срок суть рыночные выходы против котировки и считаются. На этом прогоне хвост дописан 2601 минут 203 именам; исходов, посчитанных по котировке, 103 из 11816 закрытых позиций книг; вход из котировки отклонён у 0 решений; имён, у которых хвоста нет и в книге, 427 — такая позиция остаётся оборванной, потому что отсутствие свидетельства не есть свидетельство отсутствия. **Архива записи это не потребовало:** в журнал попадают только закрытые позиции, а закрытой позиция становится, когда её окно дошло до конца ЛЕНТОЙ, то есть хвост лежит вне её окна; оборванные же не писались вовсе. Значит правило не меняет ни одной записанной строки, а только добавляет исходы, которых не было. **Деньги от него ХУДЕЮТ, и это ожидалось**: замер `DCA-cut-check.md` дал −8.9…−121.2 $ по книгам (−0.05…−1.26 п.п. к депозиту) — оборванные позиции были в среднем хуже средней, и прежние числа книг слегка льстили.

**Две колонки концентрации отвечают на РАЗНЫЕ вопросы.** «Без лучшего имени» ловит одну разогнанную монету; «без 3 лучших дней» ловит один рыночный эпизод, который раздаёт деньги десяткам имён разом, и первой колонке он невидим. Если вторая уводит итог в минус, книга описывает не правило, а тот эпизод. У книги моложе четырёх дней вычитать нечего, и там стоит прочерк — величина не измерена, а не равна нулю.

**Режимов три, и книг поэтому девять.** Плечо не настройка агрессивности: оно выводится из неравенства безопасности, и режим задаёт, ИЗ ЧЕГО. **Безопасная** — плечо от собственной σ имени: запас 6 суточных σ до ликвидации. Волатильному имени плеча достаётся меньше. Замер D5: ликвидаций 0.000 % против 0.058 %, худшая позиция −29.8 % против −100 %, укус 21.7 против 46.7 — ценой примерно четверти обычного дня (медиана дня +0.200 % против +0.270 %). **Оптимальная** — плечо от глубины лестницы: запас 2 · d_max до ликвидации. Медиана позиции выше (+1.91 % против +1.26 % в замере D5), но хвост тяжелее и щедрее всего линейка ровно к волатильным именам — D3 намерил у неё антиселективность: медианное плечо хвоста 7.34× против 3.02× по книге. **Агрессивная** — та же глубина лестницы, что у «оптимальной», плюс ГЕЙТ ВХОДА: берутся только решения, которым забор выдал плечо не меньше порога. Порог не назначен, а взят из ячейки, породившей вопрос: в замере D6 при билете $5 биржевой пол требовал нотионал ≥ $20, то есть плечо ≥ 4×, и именно та ячейка дала +20.51 % за окно. Здесь это объявленное правило, а не побочный эффект билета, который биржа не примет. Знать надо и обратное: D3 намерил, что плечо и есть источник хвоста (медианное плечо хвоста 7.34× против 3.02× по книге), то есть режим намеренно садится в хвостовую зону. Имена — ярлыки, а не вердикт: какой режим лучше, покажет форвард, и все три ведутся параллельно ровно затем, чтобы вопрос решали числа, а не выбор задним числом.

## Общий счёт: бэктест и live вместе

| режим | депозит | билет | мест | позиций | входов | имён | дней | $ | к депозиту | просадка | медиана дня | худший день | зелёных | укус | $ без лучшего имени | $ без 3 лучших дней |
|---|---|--:|--:|--:|--:|--:|--:|--:|--:|--:|--:|--:|--:|--:|--:|--:|
| безопасная | $1,000 | $25 | 40 | 524 | 636 | 345 | 29 | 98.19 | +9.82 % | -2.19 % | +0.032 % | -2.09 % | 0.59 | 6.7 | 88.83 | 2.99 |
| оптимальная | $1,000 | $25 | 40 | 536 | 666 | 350 | 29 | 135.09 | +13.51 % | -5.16 % | +0.006 % | -3.64 % | 0.55 | 14.6 | 112.40 | -45.17 |
| агрессивная | $1,000 | $6.25 | 160 | 620 | 883 | 288 | 15 | 215.87 | +21.59 % | -1.12 % | +0.012 % | -0.81 % | 0.53 | 8.4 | 207.63 | -20.90 |
| безопасная | $10,000 | $25 | 400 | 2111 | 2609 | 596 | 29 | 679.34 | +6.79 % | -0.32 % | +0.004 % | -0.26 % | 0.62 | 6.1 | 668.03 | 37.64 |
| оптимальная | $10,000 | $25 | 400 | 2127 | 2667 | 596 | 29 | 1,289.13 | +12.89 % | -0.51 % | +0.001 % | -0.36 % | 0.59 | 9.6 | 1,257.41 | 12.48 |
| агрессивная | $10,000 | $28 | 357 | 770 | 1077 | 328 | 15 | 1,343.87 | +13.44 % | -0.50 % | +0.009 % | -0.37 % | 0.53 | 4.4 | 1,307.92 | -77.98 |
| безопасная | $100,000 | $145 | 689 | 2171 | 2694 | 610 | 29 | 4,117.51 | +4.12 % | -0.18 % | +0.003 % | -0.15 % | 0.62 | 6.0 | 4,052.97 | 201.98 |
| оптимальная | $100,000 | $145 | 689 | 2187 | 2751 | 610 | 29 | 7,737.25 | +7.74 % | -0.30 % | +0.001 % | -0.21 % | 0.59 | 10.0 | 7,560.12 | 44.40 |
| агрессивная | $100,000 | $281 | 355 | 770 | 1077 | 328 | 15 | 13,488.31 | +13.49 % | -0.50 % | +0.009 % | -0.37 % | 0.53 | 4.3 | 13,127.35 | -782.68 |

## Из него записано вперёд (live)

| режим | депозит | билет | мест | позиций | входов | имён | дней | $ | к депозиту | просадка | медиана дня | худший день | зелёных | укус | $ без лучшего имени | $ без 3 лучших дней |
|---|---|--:|--:|--:|--:|--:|--:|--:|--:|--:|--:|--:|--:|--:|--:|--:|
| безопасная | $1,000 | $25 | 40 | 17 | 17 | 17 | 5 | 3.39 | +0.34 % | +0.00 % | +0.038 % | +0.03 % | 1.00 | 0.7 | 2.66 | 0.58 |
| оптимальная | $1,000 | $25 | 40 | 17 | 17 | 17 | 5 | 6.90 | +0.69 % | +0.00 % | +0.038 % | +0.03 % | 1.00 | 0.7 | 5.17 | 0.59 |
| агрессивная | $1,000 | $6.25 | 160 | 4 | 7 | 4 | 2 | -3.45 | -0.34 % | -0.37 % | -0.172 % | -0.37 % | 0.50 | 12.7 | -3.92 | — |
| безопасная | $10,000 | $25 | 400 | 17 | 17 | 17 | 5 | 3.33 | +0.03 % | +0.00 % | +0.004 % | +0.00 % | 1.00 | 0.7 | 2.61 | 0.57 |
| оптимальная | $10,000 | $25 | 400 | 17 | 17 | 17 | 5 | 7.00 | +0.07 % | +0.00 % | +0.004 % | +0.00 % | 1.00 | 0.7 | 5.25 | 0.60 |
| агрессивная | $10,000 | $28 | 357 | 4 | 7 | 4 | 2 | -14.44 | -0.14 % | -0.16 % | -0.072 % | -0.16 % | 0.50 | 12.7 | -16.41 | — |
| безопасная | $100,000 | $145 | 689 | 17 | 17 | 17 | 5 | 18.85 | +0.02 % | +0.00 % | +0.002 % | +0.00 % | 1.00 | 0.7 | 14.78 | 3.24 |
| оптимальная | $100,000 | $145 | 689 | 17 | 17 | 17 | 5 | 38.82 | +0.04 % | +0.00 % | +0.002 % | +0.00 % | 1.00 | 0.7 | 29.12 | 3.35 |
| агрессивная | $100,000 | $281 | 355 | 4 | 7 | 4 | 2 | -144.98 | -0.14 % | -0.16 % | -0.072 % | -0.16 % | 0.50 | 12.7 | -164.79 | — |

## Из него пересчёт по прошлому (бэктест)

| режим | депозит | билет | мест | позиций | входов | имён | дней | $ | к депозиту | просадка | медиана дня | худший день | зелёных | укус | $ без лучшего имени | $ без 3 лучших дней |
|---|---|--:|--:|--:|--:|--:|--:|--:|--:|--:|--:|--:|--:|--:|--:|--:|
| безопасная | $1,000 | $25 | 40 | 507 | 619 | 337 | 26 | 94.80 | +9.48 % | -2.19 % | +0.009 % | -2.09 % | 0.54 | 4.9 | 85.43 | -0.40 |
| оптимальная | $1,000 | $25 | 40 | 519 | 649 | 342 | 26 | 128.20 | +12.82 % | -5.16 % | -0.008 % | -3.64 % | 0.50 | 13.2 | 105.50 | -52.06 |
| агрессивная | $1,000 | $6.25 | 160 | 616 | 876 | 286 | 13 | 219.31 | +21.93 % | -1.12 % | +0.012 % | -0.81 % | 0.54 | 4.9 | 211.08 | -17.45 |
| безопасная | $10,000 | $25 | 400 | 2094 | 2592 | 591 | 26 | 676.01 | +6.76 % | -0.32 % | +0.003 % | -0.26 % | 0.58 | 3.5 | 664.70 | 34.31 |
| оптимальная | $10,000 | $25 | 400 | 2110 | 2650 | 591 | 26 | 1,282.13 | +12.82 % | -0.51 % | +0.001 % | -0.36 % | 0.54 | 3.5 | 1,250.41 | 5.48 |
| агрессивная | $10,000 | $28 | 357 | 766 | 1070 | 326 | 13 | 1,358.31 | +13.58 % | -0.50 % | +0.009 % | -0.37 % | 0.54 | 3.9 | 1,322.36 | -63.54 |
| безопасная | $100,000 | $145 | 689 | 2154 | 2677 | 606 | 26 | 4,098.67 | +4.10 % | -0.19 % | +0.002 % | -0.15 % | 0.58 | 3.4 | 4,034.12 | 183.14 |
| оптимальная | $100,000 | $145 | 689 | 2170 | 2734 | 606 | 26 | 7,698.43 | +7.70 % | -0.30 % | +0.000 % | -0.21 % | 0.54 | 3.6 | 7,521.30 | 5.58 |
| агрессивная | $100,000 | $281 | 355 | 766 | 1070 | 326 | 13 | 13,633.29 | +13.63 % | -0.50 % | +0.009 % | -0.37 % | 0.54 | 3.9 | 13,272.34 | -637.70 |

## Открытые позиции

Отметка по последнему бару записи, а не исход: до выхода результат станет любым. С закрытым счётом она не складывается нигде. «Оборвана записью» — позиция, чей ряд кончился раньше остальных (снятие с торгов либо дыра записи): исхода у неё нет, и в счёт она не идёт.

| режим | депозит | открытых | отметка $ | к депозиту | оборвано записью |
|---|---|--:|--:|--:|--:|
| безопасная | $1,000 | 19 | 1.19 | +0.12 % | 46 |
| оптимальная | $1,000 | 19 | 2.11 | +0.21 % | 47 |
| агрессивная | $1,000 | 2 | 0.07 | +0.01 % | 8 |
| безопасная | $10,000 | 19 | 1.17 | +0.01 % | 85 |
| оптимальная | $10,000 | 19 | 2.14 | +0.02 % | 84 |
| агрессивная | $10,000 | 2 | 0.28 | +0.00 % | 8 |
| безопасная | $100,000 | 19 | 6.61 | +0.01 % | 87 |
| оптимальная | $100,000 | 19 | 11.84 | +0.01 % | 86 |
| агрессивная | $100,000 | 2 | 2.83 | +0.00 % | 8 |

## По суткам, депозит $10,000

Итог книги отвечает «сколько всего» и молчит о том, КОГДА: сумма за месяц может стоять на одном дне. Здесь общий счёт (бэктест и live вместе).

| сутки | безопасная | оптимальная | агрессивная |
|---|--:|--:|--:|
| 2026-08-08 | 0.06 (1) | 0.06 (1) | — |
| 2026-08-09 | 7.60 (17) | -2.55 (18) | -12.28 (3) |
| 2026-08-10 | 1.86 (10) | -11.07 (11) | -36.51 (3) |
| 2026-08-11 | -1.21 (7) | -1.59 (7) | -11.12 (1) |
| 2026-08-12 | -20.82 (16) | -36.15 (15) | -2.37 (1) |
| 2026-08-13 | 3.48 (53) | 2.86 (53) | — |
| 2026-08-14 | 0.44 (27) | 3.60 (27) | 1.25 (1) |
| 2026-08-15 | 2.14 (16) | 2.55 (16) | — |
| 2026-08-16 | -0.33 (26) | 0.11 (26) | 0.87 (1) |
| 2026-08-17 | 5.16 (37) | 6.63 (37) | — |
| 2026-08-18 | -0.95 (18) | -1.38 (18) | — |
| 2026-08-19 | 13.08 (75) | 19.65 (75) | 7.43 (7) |
| 2026-08-20 | 201.49 (464) | 424.67 (464) | 473.26 (245) |
| 2026-08-21 | 295.76 (599) | 658.48 (598) | 767.14 (322) |
| 2026-08-22 | 144.45 (245) | 193.49 (251) | 181.46 (126) |
| 2026-08-23 | 43.46 (66) | 27.16 (74) | 9.35 (21) |
| 2026-08-24 | 14.87 (104) | 31.45 (111) | -11.05 (6) |
| 2026-08-25 | -26.48 (208) | -27.24 (203) | -9.11 (29) |
| 2026-08-26 | 9.76 (30) | 13.94 (30) | — |
| 2026-08-27 | -0.97 (31) | -0.96 (31) | — |
| 2026-08-28 | -12.23 (34) | -15.05 (34) | — |
| 2026-08-29 | 0.13 (1) | 0.13 (1) | — |
| 2026-08-30 | -0.68 (4) | -0.86 (4) | — |
| 2026-08-31 | -0.37 (2) | -0.39 (2) | — |
| 2026-09-01 | -2.74 (3) | -4.32 (3) | — |
| 2026-09-02 | -0.30 (5) | -0.44 (5) | — |
| 2026-09-03 | 1.08 (6) | 2.26 (6) | 1.24 (1) |
| 2026-09-04 | 1.30 (4) | 3.75 (4) | -15.68 (3) |
| 2026-09-05 | 0.31 (2) | 0.33 (2) | — |

В скобках — число закрытых позиций этого дня.

## Гейт плеча и собственный пик режима

Гейт стоит ПЕРВЫМ, до правила одной на имя: у режима с гейтом низкоплечевой ранний вход не случается вовсе, и имя остаётся свободным для рычажного. Пик считается по тому, что режим ВЗЯЛ, и стоит рядом с объявленным — тем, из которого посчитан билет. **Объявленный обязан быть не ниже измеренного:** ниже означает, что билет велик и книга теряет решения по кассе, и такая строка кричит, а не молчит.

| режим | решений | отсеял гейт | после одной на имя | медиана плеча | свой пик позиций | объявлен |
|---|--:|--:|--:|--:|--:|--:|
| безопасная | 7329 | нет гейта | 2277 | 1.61× | 457 | 457 |
| оптимальная | 7329 | нет гейта | 2292 | 2.76× | 457 | 457 |
| агрессивная | 7329 | 5377 (плечо < 4×) | 780 | 8.52× | 237 | 237 |

## Что связывает депозит

Числа счётного прогона 2026-09-05 10:06. Касса раздаёт деньги по очереди решений, поэтому книга, которой не хватает мест, берёт не лучшие сигналы, а первые: отказ по кассе меняет не только объём, но и СОСТАВ.

| режим | депозит | мест | взято | нет кассы | мельче пола |
|---|---|--:|--:|--:|--:|
| безопасная | $1,000 | 40 | 589 | 1688 | 0 |
| оптимальная | $1,000 | 40 | 602 | 1690 | 0 |
| агрессивная | $1,000 | 160 | 630 | 150 | 0 |
| безопасная | $10,000 | 400 | 2215 | 62 | 0 |
| оптимальная | $10,000 | 400 | 2230 | 62 | 0 |
| агрессивная | $10,000 | 357 | 780 | 0 | 0 |
| безопасная | $100,000 | 689 | 2277 | 0 | 0 |
| оптимальная | $100,000 | 689 | 2292 | 0 | 0 |
| агрессивная | $100,000 | 355 | 780 | 0 | 0 |

## Чего эти числа НЕ описывают

Живого исполнения здесь нет: сделки считаются реплеем по барам записи, а не сканером на живой цене. Значит не моделируются проскальзывание, очередь в стакане и задержка входа; долив лотов в одно имя запрещён правилом, а не сведён в позицию, то есть маржа и цена ликвидации по-прежнему считаются по каждой позиции отдельно — на бирже они считаются по слитой. Веса модели видели эти часы, поэтому пересчёт читается как оценка СВЕРХУ. Период один и режим рынка один.
