== задание dca-take-line-ui ==
строка: restart-book
начало: 2026-09-05T16:09:16Z
перезапуск сборщика и циклов
== останавливаю прежний ==
жду закрытия файлов........
== обновляю код ==
Already up to date.
== запускаю ==
== поднялся, хвост журнала ==
[       3 с] шард 1: подключён, подписываюсь на 120 тем
[       4 с] шард 2: подключён, подписываюсь на 120 тем
[       6 с] шард 3: подключён, подписываюсь на 120 тем
[       6 с] шард 4: подключён, подписываюсь на 120 тем
[       7 с] шард 5: подключён, подписываюсь на 120 тем
[       8 с] шард 6: подключён, подписываюсь на 120 тем
[      11 с] шард 7: подключён, подписываюсь на 120 тем
[      12 с] шард 8: подключён, подписываюсь на 120 тем
== перезапускаю циклы обучения ==
  не запущен: s8_loop/train.py --pretest
  остановлен, сторож поднимет: s8_loop/train.py$
публикуется в ветку main:
 jobs/done/dca-take-line-ui.done |  1 +
 jobs/done/dca-take-line-ui.log  | 21 +++++++++++++++++++++
 jobs/done/dca-take-line.log     |  7 +++++++
 jobs/poke.log                   |  3 +++
 4 files changed, 32 insertions(+)
To github.com:n0tgod/algoth_v2.git
   c1ee002..78e0532  main -> main
branch 'main' set up to track 'origin/main'.
опубликовано
