== задание dca-mirror ==
строка: run research/dca_paper/run_paper.py
начало: 2026-09-05T21:32:35Z
запускаю: .venv/bin/python research/dca_paper/run_paper.py 
кэш реплея не используется: правила реплея изменились
sheets.jsonl: ног 937229
решений под гейтом 9002, в кэше 0, считаю заново 9002
ног под гейтом 9002 (шортов 310), символов 650
окно решений 2026-08-08 18:07 … 2026-09-05 21:32 UTC (28.1 суток, дат 29)
  символ 19/650  взято 481
  символ 29/650  взято 757
  символ 47/650  взято 1236
  символ 54/650  взято 1392
  символ 60/650  взято 1518
  символ 69/650  взято 1673
  символ 129/650  взято 2053
  символ 165/650  взято 2360
  символ 201/650  взято 2791
  символ 228/650  взято 3054
  символ 277/650  взято 3608
  символ 319/650  взято 4240
  символ 336/650  взято 4773
  символ 369/650  взято 5591
  символ 385/650  взято 5897
  символ 419/650  взято 6547
  символ 438/650  взято 6953
  символ 459/650  взято 7404
  символ 472/650  взято 7657
  символ 499/650  взято 8003
  символ 542/650  взято 8406
  символ 547/650  взято 8483
  символ 564/650  взято 8670
  символ 576/650  взято 8750
  символ 589/650  взято 8833
  символ 600/650  взято 8885
  символ 603/650  взято 8902
  символ 611/650  взято 8932
  символ 621/650  взято 8956
запись доходит до 2026-09-05 21:54 UTC; позиций закрытых 16726, открытых 187, оборванных записью 1091
хвост: имён с дописанным 219, минут 4139, исходов по котировке 338, вход из котировки отклонён у 0 решений
линейка безопасная (safe): позиций 7332, после правила одной на имя 1761
  депозит $1,000: мест 40, взято 421, нет кассы 1340, мельче $5 0, открытых 22, оборванных записью 63
  депозит $10,000: мест 400, взято 1694, нет кассы 67, мельче $5 0, открытых 22, оборванных записью 131
  депозит $100,000: мест 689, взято 1761, нет кассы 0, мельче $5 0, открытых 22, оборванных записью 134
линейка оптимальная (optimal): позиций 7332, после правила одной на имя 1770
  депозит $1,000: мест 40, взято 437, нет кассы 1333, мельче $5 0, открытых 22, оборванных записью 63
  депозит $10,000: мест 400, взято 1703, нет кассы 67, мельче $5 0, открытых 22, оборванных записью 130
  депозит $100,000: мест 689, взято 1770, нет кассы 0, мельче $5 0, открытых 22, оборванных записью 133
линейка агрессивная (aggr): позиций 7332, гейт плеча ≥4× отсеял 5380, после правила одной на имя 635
  депозит $1,000: мест 160, взято 471, нет кассы 164, мельче $5 0, открытых 2, оборванных записью 9
  депозит $10,000: мест 357, взято 635, нет кассы 0, мельче $5 0, открытых 2, оборванных записью 11
  депозит $100,000: мест 355, взято 635, нет кассы 0, мельче $5 0, открытых 2, оборванных записью 11
линейка безопасная (шорт) (safe_s): позиций 305, после правила одной на имя 206
  депозит $1,000: мест 40, взято 195, нет кассы 11, мельче $5 0, открытых 27, оборванных записью 30
  депозит $10,000: мест 400, взято 206, нет кассы 0, мельче $5 0, открытых 27, оборванных записью 31
  депозит $100,000: мест 689, взято 206, нет кассы 0, мельче $5 0, открытых 27, оборванных записью 31
линейка оптимальная (шорт) (optimal_s): позиций 305, после правила одной на имя 207
  депозит $1,000: мест 40, взято 135, нет кассы 11, мельче $5 61, открытых 5, оборванных записью 26
  депозит $10,000: мест 400, взято 207, нет кассы 0, мельче $5 0, открытых 27, оборванных записью 30
  депозит $100,000: мест 689, взято 207, нет кассы 0, мельче $5 0, открытых 27, оборванных записью 30
линейка агрессивная (шорт) (aggr_s): позиций 305, гейт плеча ≥4× отсеял 214, после правила одной на имя 69
  депозит $1,000: мест 160, взято 69, нет кассы 0, мельче $5 0, открытых 5, оборванных записью 3
  депозит $10,000: мест 714, взято 69, нет кассы 0, мельче $5 0, открытых 5, оборванных записью 3
  депозит $100,000: мест 689, взято 69, нет кассы 0, мельче $5 0, открытых 5, оборванных записью 3
журнал: было 55958, дописано 1021 в 25 суточных файлов
# DCA — бумажные книги на трёх депозитах

Книг девять: три РЕЖИМА × три депозита. Внутри режима книги отличаются РОВНО депозитом: правила, гейты, ограда и выходы у них одни. Билет при этом НЕ один и тот же, и это не третья ось: он считается ОДНОЙ формулой — `максимум(пол режима, депозит / (пик режима × запас))`, — просто пол и пик у каждого режима свои.

| режим | пол | пик | билет | мест |
|---|--:|--:|--:|--:|
| безопасная | $25 | 457 | $25 / $25 / $145 | 40 / 400 / 689 |
| оптимальная | $25 | 457 | $25 / $25 / $145 | 40 / 400 / 689 |
| агрессивная | $6.25 | 237 | $6.25 / $28 / $281 | 160 / 357 / 355 |
| безопасная (шорт) | $25 | 457 | $25 / $25 / $145 | 40 / 400 / 689 |
| оптимальная (шорт) | $25 | 457 | $25 / $25 / $145 | 40 / 400 / 689 |
| агрессивная (шорт) | $6.25 | 457 | $6.25 / $14 / $145 | 160 / 714 / 689 |

**Пол задаёт биржа, и он у режимов разный.** Минимальный ордер площадки ровно $5, самый мелкий рунг лестницы — 0.25 нотионала, значит маржа не бывает меньше `$5 / 0.25 / плечо`. Худшее плечо режима без гейта есть 1× (забор выдаёт от единицы) — отсюда $20 и, с четвертью запаса на просадку, пол $25. У режима с гейтом худший случай есть сам гейт (4×), и пол выходит вчетверо ниже — $6.25.

**Потолок задаёт книга (решение владельца 2026-09-04): билет поднят так, чтобы хватало на ВСЕ места.** Пики ИЗМЕРЕНЫ по журналу: у двух режимов без гейта он один и тот же (457 — они берут одни решения и различаются лишь плечом), у режима с гейтом 237. Запас 1.5× нужен потому, что пик есть максимум выборки, а сечение растёт с записью. Правило само говорит главное: **мелкий депозит наполнить нельзя** — у него связывает пол биржи.

**Что здесь изменено 2026-09-04 и почему** (просьба владельца «оптимизировать книги под их названия»). Прежде на все три режима шёл пик ПУЛА, и «агрессивная» от этого стояла недогруженной: позиций у неё вдвое меньше, то есть её собственный пик ниже, и при полном по её меркам портфеле часть денег простаивала. Замер `name_check.py` назвал это числом — загрузка 4.0 % против 19.5 у «оптимальной», пик 59 % против 100, — то есть имя было честным по позиции и нечестным по книге. **Билет при этом не стал особым:** формула одна на все режимы, различаются лишь их собственные пол и пик, поэтому режимы по-прежнему отличаются РОВНО одним объявленным правилом (гейтом плеча), и контрольная рука со старым билетом не нужна. Числа безопасной и оптимальной не сдвинулись ни на цент — их пол и пик прежние.

**Чего правка НЕ чинит, и это надо знать до чтения таблицы.** Билет лечит простой денег при полном портфеле; он не лечит того, что режим с гейтом торгует вспышками — на нашей записи 13 календарных дней из 26. Средняя загрузка у него останется заметно ниже: полный по своим меркам портфель он держит редко. Это свойство ГЕЙТА, а не недогруз по нашему выбору, и лечить его билетом нельзя — билет, поднятый до средней загрузки соседей, в пик потребовал бы больше денег, чем есть, и состав книги начал бы решаться очередью за кассой, а не правилом.

**Биржевое правило соблюдается с первого дня:** у имени позиция одна, второй выбор по той же монете пропущен. Реплей D-серии этого не делал, и его «пик 3206» описывал ЛОТЫ, а не позиции.

**Кривая одна: бэктест и live в общем счёте** (решение владельца 2026-09-04). Пересчёт по прошлому есть ПРЕДЫСТОРИЯ живой записи, а не вторая книга, и рвать её надвое незачем — у сделки бэктеста стоит метка. Решение считается записанным вперёд, если попало в журнал не позже 120 ч после самого себя (предел жизни позиции 72 ч плюс двое суток на прогон). Числа обеих групп стоят рядом отдельной таблицей — и это не половинчатость: веса модели видели те часы, и без объёма бэктеста общая кривая читалась бы треком.

**Считаются ПОЗИЦИИ, а не сделки.** У имени позиция одна, а входов у неё несколько: база плюс доливы лестницы. Поэтому в таблице стоит число закрытых позиций, рядом число входов, а открытые позиции идут ОТДЕЛЬНОЙ строкой с отметкой — до выхода их результат станет любым, и складывать его с закрытым нельзя.

**Версия правил книг — 5, и запись начата с неё.** Смена версии отставляет прежние строки не из аккуратности: правило, по которому они писаны, было другим, и сшивать две кривые в одну значит показывать книгу, которой не было. Версия поднята трижды: билетом (пол режима и его же пик), исходом позиции, чей срок ещё шёл (ниже), и ТЕЙКОМ.

**Тейк (правка 2026-09-05, замер D8): цель от плавающей ТВХ, расстояние 2 обещания `mfe`.** Было — неподвижная цена `вход · (1 + mfe)`, тогда как ТВХ едет вниз с каждым доливом. Оба множителя выведены сеткой из 17 объявленных до прогона ячеек (`dca_ladder/out/D8-take-1m.md`): якорь берётся за согласованность (тейк по ТВХ платит тождественно «заполненный нотионал × доля»), расстояние — за деньги и форму (обещание стояло на 2.56 % при суточной σ имени 5.55 %). Вся прежняя история пересчитана этим правилом и лежит В ТОМ ЖЕ блоке с пометкой бэктеста — решение владельца: одна кривая, у сделки пересчёта метка.

**Решение, принятое до 2026-09-05 13:43 UTC, помечено бэктестом по построению** — правило выбрано ПОСЛЕ того, как эти часы стали видны, и задержка записи тут ничего не меняет. Без этой границы каждая смена правил молча перекрашивала бы последние 120 ч пересчёта в «вперёд».

**Позиция, чей срок ещё идёт, больше не закрывается «по сроку».** Это дефект, найденный при этой правке: реплей кончал позицию последним баром записи и выдавал это за исход правила — тот же класс, что D7 нашла у обрыва ряда. Теперь «срок» засчитывается, только если окно дошло до планового конца; иначе позиция либо ЖИВА (её символ пишется до сих пор), либо оборвана записью (ряд символа кончился раньше остальных), и вторая в счёт не идёт вовсе.

**Хвост ленты продолжается серединой стакана (решение владельца 2026-09-05), и это ПРАВИЛО книги, а не поправка.** Бары исходов читаются из ленты, а минута без единой сделки бара не даёт вовсе: у тонкого имени хвост окна пуст не потому, что цены не было, а потому, что по ней не торговали — стакан в те же минуты снимается раз в секунду. Позиция, чьё окно не дошло до конца только из-за отсутствия принтов, теперь получает исход по НАБЛЮДЁННЫМ ценам вместо вечного «оборвано записью». Правило держит три границы: дописывается только хвост (внутренние дыры не заполняются — по тем же барам считаются вход и цены рунгов); вход из котировки позицию не открывает (хвост продолжает начатое, а не заводит новых сделок); лимитка на минуте без принтов не заполняется вовсе — рунг и тейк исполняет чужой принт, а пол капитуляции, ликвидация и срок суть рыночные выходы против котировки и считаются. На этом прогоне хвост дописан 4139 минут 219 именам; исходов, посчитанных по котировке, 294 из 9725 закрытых позиций книг; вход из котировки отклонён у 0 решений; имён, у которых хвоста нет и в книге, 431 — такая позиция остаётся оборванной, потому что отсутствие свидетельства не есть свидетельство отсутствия. Оборванными остались записи по причинам: книга есть, но не в окне этой позиции — 846; книги в хвосте нет вовсе — 243; книга кончилась раньше планового конца — 2. **Архива записи это не потребовало:** в журнал попадают только закрытые позиции, а закрытой позиция становится, когда её окно дошло до конца ЛЕНТОЙ, то есть хвост лежит вне её окна; оборванные же не писались вовсе. Значит правило не меняет ни одной записанной строки, а только добавляет исходы, которых не было. **Деньги от него ХУДЕЮТ, и это ожидалось**: замер `DCA-cut-check.md` дал −8.9…−121.2 $ по книгам (−0.05…−1.26 п.п. к депозиту) — оборванные позиции были в среднем хуже средней, и прежние числа книг слегка льстили.

**Две колонки концентрации отвечают на РАЗНЫЕ вопросы.** «Без лучшего имени» ловит одну разогнанную монету; «без 3 лучших дней» ловит один рыночный эпизод, который раздаёт деньги десяткам имён разом, и первой колонке он невидим. Если вторая уводит итог в минус, книга описывает не правило, а тот эпизод. У книги моложе четырёх дней вычитать нечего, и там стоит прочерк — величина не измерена, а не равна нулю.

**Режимов три, и книг поэтому девять.** Плечо не настройка агрессивности: оно выводится из неравенства безопасности, и режим задаёт, ИЗ ЧЕГО. **Безопасная** — плечо от собственной σ имени: запас 6 суточных σ до ликвидации. Волатильному имени плеча достаётся меньше. Замер D5: ликвидаций 0.000 % против 0.058 %, худшая позиция −29.8 % против −100 %, укус 21.7 против 46.7 — ценой примерно четверти обычного дня (медиана дня +0.200 % против +0.270 %). **Оптимальная** — плечо от глубины лестницы: запас 2 · d_max до ликвидации. Медиана позиции выше (+1.91 % против +1.26 % в замере D5), но хвост тяжелее и щедрее всего линейка ровно к волатильным именам — D3 намерил у неё антиселективность: медианное плечо хвоста 7.34× против 3.02× по книге. **Агрессивная** — та же глубина лестницы, что у «оптимальной», плюс ГЕЙТ ВХОДА: берутся только решения, которым забор выдал плечо не меньше порога. Порог не назначен, а взят из ячейки, породившей вопрос: в замере D6 при билете $5 биржевой пол требовал нотионал ≥ $20, то есть плечо ≥ 4×, и именно та ячейка дала +20.51 % за окно. Здесь это объявленное правило, а не побочный эффект билета, который биржа не примет. Знать надо и обратное: D3 намерил, что плечо и есть источник хвоста (медианное плечо хвоста 7.34× против 3.02× по книге), то есть режим намеренно садится в хвостовую зону. **Безопасная (шорт)** — Зеркало длинной книги той же линейки: те же гейты, та же лестница и тот же забор, знак зеркальный — доливы вверх, цель вниз, ликвидация сверху. Заведена, чтобы проверить названную владельцем цель: сглаживают ли короткие книги длинные. Сглаживание есть утверждение о СВЯЗИ дневных денег сторон, и меряется оно отдельно; само по себе зеркало его не даёт. Хвост у сторон не зеркален: у шорта убыток сверху не ограничен ничем. Линейка плеча та же, что у книги «безопасная». **Оптимальная (шорт)** — Зеркало длинной книги той же линейки: те же гейты, та же лестница и тот же забор, знак зеркальный — доливы вверх, цель вниз, ликвидация сверху. Заведена, чтобы проверить названную владельцем цель: сглаживают ли короткие книги длинные. Сглаживание есть утверждение о СВЯЗИ дневных денег сторон, и меряется оно отдельно; само по себе зеркало его не даёт. Хвост у сторон не зеркален: у шорта убыток сверху не ограничен ничем. Линейка плеча та же, что у книги «оптимальная». **Агрессивная (шорт)** — Зеркало длинной книги той же линейки: те же гейты, та же лестница и тот же забор, знак зеркальный — доливы вверх, цель вниз, ликвидация сверху. Заведена, чтобы проверить названную владельцем цель: сглаживают ли короткие книги длинные. Сглаживание есть утверждение о СВЯЗИ дневных денег сторон, и меряется оно отдельно; само по себе зеркало его не даёт. Хвост у сторон не зеркален: у шорта убыток сверху не ограничен ничем. Линейка плеча та же, что у книги «агрессивная». Имена — ярлыки, а не вердикт: какой режим лучше, покажет форвард, и все три ведутся параллельно ровно затем, чтобы вопрос решали числа, а не выбор задним числом.

## Общий счёт: бэктест и live вместе

| режим | депозит | билет | мест | позиций | входов | имён | дней | $ | к депозиту | просадка | медиана дня | худший день | зелёных | укус | $ без лучшего имени | $ без 3 лучших дней |
|---|---|--:|--:|--:|--:|--:|--:|--:|--:|--:|--:|--:|--:|--:|--:|--:|
| безопасная | $1,000 | $25 | 40 | 388 | 527 | 284 | 28 | 95.56 | +9.56 % | -2.50 % | +0.077 % | -2.25 % | 0.61 | 5.1 | 91.41 | -1.28 |
| оптимальная | $1,000 | $25 | 40 | 404 | 551 | 289 | 28 | 107.91 | +10.79 % | -4.64 % | -0.026 % | -3.03 % | 0.50 | 3.9 | 92.50 | -66.50 |
| агрессивная | $1,000 | $6.25 | 160 | 469 | 754 | 266 | 16 | 321.48 | +32.15 % | -1.26 % | +0.057 % | -0.87 % | 0.62 | 2.6 | 311.55 | -5.21 |
| безопасная (шорт) | $1,000 | $25 | 40 | 138 | 193 | 123 | 26 | -163.94 | -16.39 % | -18.16 % | -0.013 % | -6.65 % | 0.46 | 14.9 | -177.21 | -200.86 |
| оптимальная (шорт) | $1,000 | $25 | 40 | 104 | 165 | 93 | 22 | -244.57 | -24.46 % | -26.14 % | +0.015 % | -15.62 % | 0.50 | 15.9 | -266.43 | -283.24 |
| агрессивная (шорт) | $1,000 | $6.25 | 160 | 61 | 131 | 57 | 20 | -77.71 | -7.77 % | -8.74 % | +0.002 % | -5.41 % | 0.50 | 20.7 | -83.55 | -90.78 |
| безопасная | $10,000 | $25 | 400 | 1650 | 2229 | 603 | 28 | 865.84 | +8.66 % | -0.25 % | +0.014 % | -0.24 % | 0.54 | 3.1 | 857.91 | 65.38 |
| оптимальная | $10,000 | $25 | 400 | 1659 | 2274 | 603 | 28 | 1,804.32 | +18.04 % | -0.55 % | +0.007 % | -0.42 % | 0.50 | 3.0 | 1,768.46 | 127.53 |
| агрессивная | $10,000 | $28 | 357 | 633 | 1027 | 329 | 16 | 2,127.96 | +21.28 % | -0.56 % | +0.026 % | -0.39 % | 0.62 | 2.1 | 2,087.07 | 15.08 |
| безопасная (шорт) | $10,000 | $25 | 400 | 148 | 210 | 132 | 26 | -235.67 | -2.36 % | -2.57 % | -0.002 % | -1.13 % | 0.42 | 26.8 | -251.39 | -278.25 |
| оптимальная (шорт) | $10,000 | $25 | 400 | 150 | 219 | 132 | 25 | -306.28 | -3.06 % | -3.30 % | -0.002 % | -1.94 % | 0.44 | 19.6 | -329.85 | -352.12 |
| агрессивная (шорт) | $10,000 | $14 | 714 | 61 | 131 | 57 | 20 | -175.93 | -1.76 % | -1.99 % | +0.000 % | -1.23 % | 0.50 | 21.1 | -189.19 | -206.74 |
| безопасная | $100,000 | $145 | 689 | 1717 | 2325 | 621 | 28 | 5,288.22 | +5.29 % | -0.14 % | +0.008 % | -0.14 % | 0.54 | 3.2 | 5,242.67 | 335.27 |
| оптимальная | $100,000 | $145 | 689 | 1726 | 2370 | 621 | 28 | 10,911.04 | +10.91 % | -0.32 % | +0.004 % | -0.24 % | 0.50 | 3.1 | 10,714.14 | 632.10 |
| агрессивная | $100,000 | $281 | 355 | 633 | 1027 | 329 | 16 | 21,359.12 | +21.36 % | -0.56 % | +0.026 % | -0.39 % | 0.62 | 2.1 | 20,948.56 | 151.90 |
| безопасная (шорт) | $100,000 | $145 | 689 | 148 | 210 | 132 | 26 | -1,370.20 | -1.37 % | -1.50 % | -0.001 % | -0.66 % | 0.42 | 26.8 | -1,462.30 | -1,619.29 |
| оптимальная (шорт) | $100,000 | $145 | 689 | 150 | 219 | 132 | 25 | -1,781.53 | -1.78 % | -1.92 % | -0.001 % | -1.13 % | 0.44 | 19.6 | -1,918.69 | -2,050.07 |
| агрессивная (шорт) | $100,000 | $145 | 689 | 61 | 131 | 57 | 20 | -1,821.96 | -1.82 % | -2.06 % | +0.000 % | -1.27 % | 0.50 | 21.1 | -1,959.23 | -2,140.89 |

## Из него записано вперёд (live)

| режим | депозит | билет | мест | позиций | входов | имён | дней | $ | к депозиту | просадка | медиана дня | худший день | зелёных | укус | $ без лучшего имени | $ без 3 лучших дней |
|---|---|--:|--:|--:|--:|--:|--:|--:|--:|--:|--:|--:|--:|--:|--:|--:|
| безопасная | $1,000 | $25 | 40 | 0 | — | — | — | — | — | — | — | — | — | — | — | — |
| оптимальная | $1,000 | $25 | 40 | 0 | — | — | — | — | — | — | — | — | — | — | — | — |
| агрессивная | $1,000 | $6.25 | 160 | 0 | — | — | — | — | — | — | — | — | — | — | — | — |
| безопасная (шорт) | $1,000 | $25 | 40 | 0 | — | — | — | — | — | — | — | — | — | — | — | — |
| оптимальная (шорт) | $1,000 | $25 | 40 | 0 | — | — | — | — | — | — | — | — | — | — | — | — |
| агрессивная (шорт) | $1,000 | $6.25 | 160 | 0 | — | — | — | — | — | — | — | — | — | — | — | — |
| безопасная | $10,000 | $25 | 400 | 0 | — | — | — | — | — | — | — | — | — | — | — | — |
| оптимальная | $10,000 | $25 | 400 | 0 | — | — | — | — | — | — | — | — | — | — | — | — |
| агрессивная | $10,000 | $28 | 357 | 0 | — | — | — | — | — | — | — | — | — | — | — | — |
| безопасная (шорт) | $10,000 | $25 | 400 | 0 | — | — | — | — | — | — | — | — | — | — | — | — |
| оптимальная (шорт) | $10,000 | $25 | 400 | 0 | — | — | — | — | — | — | — | — | — | — | — | — |
| агрессивная (шорт) | $10,000 | $14 | 714 | 0 | — | — | — | — | — | — | — | — | — | — | — | — |
| безопасная | $100,000 | $145 | 689 | 0 | — | — | — | — | — | — | — | — | — | — | — | — |
| оптимальная | $100,000 | $145 | 689 | 0 | — | — | — | — | — | — | — | — | — | — | — | — |
| агрессивная | $100,000 | $281 | 355 | 0 | — | — | — | — | — | — | — | — | — | — | — | — |
| безопасная (шорт) | $100,000 | $145 | 689 | 0 | — | — | — | — | — | — | — | — | — | — | — | — |
| оптимальная (шорт) | $100,000 | $145 | 689 | 0 | — | — | — | — | — | — | — | — | — | — | — | — |
| агрессивная (шорт) | $100,000 | $145 | 689 | 0 | — | — | — | — | — | — | — | — | — | — | — | — |

Наблюдения ещё нет ни у одной книги, и это не пустота показа: журнал начат сегодня, а решение попадает сюда только после того, как его позиция закрылась. Первые строки появятся следующим суточным прогоном.

## Из него пересчёт по прошлому (бэктест)

| режим | депозит | билет | мест | позиций | входов | имён | дней | $ | к депозиту | просадка | медиана дня | худший день | зелёных | укус | $ без лучшего имени | $ без 3 лучших дней |
|---|---|--:|--:|--:|--:|--:|--:|--:|--:|--:|--:|--:|--:|--:|--:|--:|
| безопасная | $1,000 | $25 | 40 | 388 | 527 | 284 | 28 | 95.56 | +9.56 % | -2.50 % | +0.077 % | -2.25 % | 0.61 | 5.1 | 91.41 | -1.28 |
| оптимальная | $1,000 | $25 | 40 | 404 | 551 | 289 | 28 | 107.91 | +10.79 % | -4.64 % | -0.026 % | -3.03 % | 0.50 | 3.9 | 92.50 | -66.50 |
| агрессивная | $1,000 | $6.25 | 160 | 469 | 754 | 266 | 16 | 321.48 | +32.15 % | -1.26 % | +0.057 % | -0.87 % | 0.62 | 2.6 | 311.55 | -5.21 |
| безопасная (шорт) | $1,000 | $25 | 40 | 138 | 193 | 123 | 26 | -163.94 | -16.39 % | -18.16 % | -0.013 % | -6.65 % | 0.46 | 14.9 | -177.21 | -200.86 |
| оптимальная (шорт) | $1,000 | $25 | 40 | 104 | 165 | 93 | 22 | -244.57 | -24.46 % | -26.14 % | +0.015 % | -15.62 % | 0.50 | 15.9 | -266.43 | -283.24 |
| агрессивная (шорт) | $1,000 | $6.25 | 160 | 61 | 131 | 57 | 20 | -77.71 | -7.77 % | -8.74 % | +0.002 % | -5.41 % | 0.50 | 20.7 | -83.55 | -90.78 |
| безопасная | $10,000 | $25 | 400 | 1650 | 2229 | 603 | 28 | 865.84 | +8.66 % | -0.25 % | +0.014 % | -0.24 % | 0.54 | 3.1 | 857.91 | 65.38 |
| оптимальная | $10,000 | $25 | 400 | 1659 | 2274 | 603 | 28 | 1,804.32 | +18.04 % | -0.55 % | +0.007 % | -0.42 % | 0.50 | 3.0 | 1,768.46 | 127.53 |
| агрессивная | $10,000 | $28 | 357 | 633 | 1027 | 329 | 16 | 2,127.96 | +21.28 % | -0.56 % | +0.026 % | -0.39 % | 0.62 | 2.1 | 2,087.07 | 15.08 |
| безопасная (шорт) | $10,000 | $25 | 400 | 148 | 210 | 132 | 26 | -235.67 | -2.36 % | -2.57 % | -0.002 % | -1.13 % | 0.42 | 26.8 | -251.39 | -278.25 |
| оптимальная (шорт) | $10,000 | $25 | 400 | 150 | 219 | 132 | 25 | -306.28 | -3.06 % | -3.30 % | -0.002 % | -1.94 % | 0.44 | 19.6 | -329.85 | -352.12 |
| агрессивная (шорт) | $10,000 | $14 | 714 | 61 | 131 | 57 | 20 | -175.93 | -1.76 % | -1.99 % | +0.000 % | -1.23 % | 0.50 | 21.1 | -189.19 | -206.74 |
| безопасная | $100,000 | $145 | 689 | 1717 | 2325 | 621 | 28 | 5,288.22 | +5.29 % | -0.14 % | +0.008 % | -0.14 % | 0.54 | 3.2 | 5,242.67 | 335.27 |
| оптимальная | $100,000 | $145 | 689 | 1726 | 2370 | 621 | 28 | 10,911.04 | +10.91 % | -0.32 % | +0.004 % | -0.24 % | 0.50 | 3.1 | 10,714.14 | 632.10 |
| агрессивная | $100,000 | $281 | 355 | 633 | 1027 | 329 | 16 | 21,359.12 | +21.36 % | -0.56 % | +0.026 % | -0.39 % | 0.62 | 2.1 | 20,948.56 | 151.90 |
| безопасная (шорт) | $100,000 | $145 | 689 | 148 | 210 | 132 | 26 | -1,370.20 | -1.37 % | -1.50 % | -0.001 % | -0.66 % | 0.42 | 26.8 | -1,462.30 | -1,619.29 |
| оптимальная (шорт) | $100,000 | $145 | 689 | 150 | 219 | 132 | 25 | -1,781.53 | -1.78 % | -1.92 % | -0.001 % | -1.13 % | 0.44 | 19.6 | -1,918.69 | -2,050.07 |
| агрессивная (шорт) | $100,000 | $145 | 689 | 61 | 131 | 57 | 20 | -1,821.96 | -1.82 % | -2.06 % | +0.000 % | -1.27 % | 0.50 | 21.1 | -1,959.23 | -2,140.89 |

## Открытые позиции

Отметка по последнему бару записи, а не исход: до выхода результат станет любым. С закрытым счётом она не складывается нигде. «Оборвана записью» — позиция, чей ряд кончился раньше остальных (снятие с торгов либо дыра записи): исхода у неё нет, и в счёт она не идёт.

| режим | депозит | открытых | отметка $ | к депозиту | оборвано записью |
|---|---|--:|--:|--:|--:|
| безопасная | $1,000 | 22 | 1.27 | +0.13 % | 63 |
| оптимальная | $1,000 | 22 | 2.04 | +0.20 % | 63 |
| агрессивная | $1,000 | 2 | 0.21 | +0.02 % | 9 |
| безопасная (шорт) | $1,000 | 27 | -2.17 | -0.22 % | 30 |
| оптимальная (шорт) | $1,000 | 5 | 0.16 | +0.02 % | 26 |
| агрессивная (шорт) | $1,000 | 5 | 0.05 | +0.01 % | 3 |
| безопасная | $10,000 | 22 | 1.27 | +0.01 % | 131 |
| оптимальная | $10,000 | 22 | 2.21 | +0.02 % | 130 |
| агрессивная | $10,000 | 2 | 0.88 | +0.01 % | 11 |
| безопасная (шорт) | $10,000 | 27 | -2.58 | -0.03 % | 31 |
| оптимальная (шорт) | $10,000 | 27 | -2.57 | -0.03 % | 30 |
| агрессивная (шорт) | $10,000 | 5 | 0.12 | +0.00 % | 3 |
| безопасная | $100,000 | 22 | 7.16 | +0.01 % | 134 |
| оптимальная | $100,000 | 22 | 12.03 | +0.01 % | 133 |
| агрессивная | $100,000 | 2 | 8.85 | +0.01 % | 11 |
| безопасная (шорт) | $100,000 | 27 | -15.12 | -0.02 % | 31 |
| оптимальная (шорт) | $100,000 | 27 | -15.12 | -0.02 % | 30 |
| агрессивная (шорт) | $100,000 | 5 | 1.21 | +0.00 % | 3 |

## По суткам, депозит $10,000

Итог книги отвечает «сколько всего» и молчит о том, КОГДА: сумма за месяц может стоять на одном дне. Здесь общий счёт (бэктест и live вместе).

| сутки | безопасная | оптимальная | агрессивная | безопасная (шорт) | оптимальная (шорт) | агрессивная (шорт) |
|---|--:|--:|--:|--:|--:|--:|
| 2026-08-09 | 8.38 (10) | -3.16 (11) | -13.20 (2) | 0.03 (1) | -12.63 (2) | — |
| 2026-08-10 | 1.94 (6) | -12.46 (7) | -38.98 (2) | 4.86 (1) | 10.39 (2) | 5.82 (2) |
| 2026-08-11 | -1.16 (10) | -1.32 (10) | -11.12 (1) | -0.30 (1) | — | — |
| 2026-08-12 | -23.85 (27) | -41.58 (26) | -6.08 (4) | -1.07 (7) | 9.92 (6) | 5.52 (5) |
| 2026-08-13 | 3.30 (27) | 2.72 (27) | — | -0.27 (3) | -0.27 (3) | — |
| 2026-08-14 | -0.20 (18) | -0.16 (18) | 2.50 (1) | 2.54 (2) | 2.55 (2) | 1.40 (1) |
| 2026-08-15 | 1.29 (8) | 1.47 (8) | — | -25.01 (1) | -25.02 (1) | -14.02 (1) |
| 2026-08-16 | -1.95 (60) | -0.64 (60) | 1.73 (1) | -30.18 (4) | -30.19 (4) | -17.02 (2) |
| 2026-08-17 | 5.72 (26) | 8.02 (26) | — | 9.78 (10) | 9.78 (10) | 5.84 (5) |
| 2026-08-18 | -2.63 (30) | -3.18 (30) | — | 10.61 (10) | 11.81 (10) | 5.96 (3) |
| 2026-08-19 | 6.41 (48) | 10.77 (48) | 2.65 (3) | 2.85 (3) | 2.85 (3) | 1.49 (1) |
| 2026-08-20 | 190.95 (235) | 391.62 (235) | 442.09 (125) | -10.95 (6) | -10.95 (6) | -6.07 (2) |
| 2026-08-21 | 377.68 (429) | 811.66 (430) | 1,043.30 (250) | -38.32 (8) | -38.34 (8) | -21.78 (3) |
| 2026-08-22 | 231.83 (211) | 473.51 (215) | 627.49 (153) | 4.20 (5) | 14.11 (5) | 8.07 (1) |
| 2026-08-23 | 62.44 (60) | 110.10 (63) | 23.00 (22) | -112.53 (6) | -193.95 (9) | -123.04 (10) |
| 2026-08-24 | 7.79 (70) | 5.18 (71) | -9.17 (26) | -10.30 (7) | -26.98 (9) | -15.81 (4) |
| 2026-08-25 | -2.68 (229) | 37.28 (226) | 47.84 (38) | -14.91 (9) | -24.21 (10) | -13.69 (6) |
| 2026-08-26 | 12.72 (19) | 20.85 (20) | 14.78 (1) | -37.33 (22) | -14.25 (18) | -7.69 (4) |
| 2026-08-27 | -1.05 (45) | -3.49 (45) | — | -0.23 (2) | -0.23 (2) | — |
| 2026-08-28 | -16.97 (49) | -22.07 (50) | — | -0.07 (1) | -0.07 (1) | — |
| 2026-08-29 | -0.41 (5) | -0.45 (5) | — | — | — | — |
| 2026-08-30 | -0.65 (5) | -0.85 (5) | — | 18.61 (7) | 18.47 (7) | 11.95 (5) |
| 2026-08-31 | -0.87 (4) | -0.94 (4) | — | -23.38 (6) | -23.20 (6) | -13.74 (1) |
| 2026-09-01 | -3.06 (1) | -4.81 (1) | — | 0.77 (7) | 0.76 (7) | — |
| 2026-09-02 | -0.50 (3) | -0.67 (3) | — | 13.36 (13) | 13.26 (13) | 10.79 (2) |
| 2026-09-03 | 1.49 (7) | 1.73 (7) | — | -0.62 (3) | -2.05 (3) | -1.14 (1) |
| 2026-09-04 | 2.12 (5) | 8.44 (5) | -11.57 (3) | — | — | — |
| 2026-09-05 | 7.78 (3) | 16.76 (3) | 12.68 (1) | 2.19 (3) | 2.18 (3) | 1.21 (2) |

В скобках — число закрытых позиций этого дня.

## Гейт плеча и собственный пик режима

Гейт стоит ПЕРВЫМ, до правила одной на имя: у режима с гейтом низкоплечевой ранний вход не случается вовсе, и имя остаётся свободным для рычажного. Пик считается по тому, что режим ВЗЯЛ, и стоит рядом с объявленным — тем, из которого посчитан билет. **Объявленный обязан быть не ниже измеренного:** ниже означает, что билет велик и книга теряет решения по кассе, и такая строка кричит, а не молчит.

| режим | решений | отсеял гейт | после одной на имя | медиана плеча | свой пик позиций | объявлен |
|---|--:|--:|--:|--:|--:|--:|
| безопасная | 7332 | нет гейта | 1761 | 1.56× | 464 | 457 ⚠ ниже измеренного |
| оптимальная | 7332 | нет гейта | 1770 | 2.42× | 464 | 457 ⚠ ниже измеренного |
| агрессивная | 7332 | 5380 (плечо < 4×) | 635 | 8.63× | 245 | 237 ⚠ ниже измеренного |
| безопасная (шорт) | 305 | нет гейта | 206 | 1× | 54 | 457 |
| оптимальная (шорт) | 305 | нет гейта | 207 | 1× | 54 | 457 |
| агрессивная (шорт) | 305 | 214 (плечо < 4×) | 69 | 25× | 22 | 457 |

**Объявленный пик ниже измеренного у режимов: безопасная, оптимальная, агрессивная.** Значит билет посчитан от заниженного пика и велик: книга берёт не все свои решения, а первые по очереди за кассой, то есть отказ меняет и состав. Число в `rules.PEAKS` объявлено до прогона и здесь не правится — правка есть решение владельца.

## Что связывает депозит

Числа счётного прогона 2026-09-05 21:54. Касса раздаёт деньги по очереди решений, поэтому книга, которой не хватает мест, берёт не лучшие сигналы, а первые: отказ по кассе меняет не только объём, но и СОСТАВ.

| режим | депозит | мест | взято | нет кассы | мельче пола |
|---|---|--:|--:|--:|--:|
| безопасная | $1,000 | 40 | 421 | 1340 | 0 |
| оптимальная | $1,000 | 40 | 437 | 1333 | 0 |
| агрессивная | $1,000 | 160 | 471 | 164 | 0 |
| безопасная (шорт) | $1,000 | 40 | 195 | 11 | 0 |
| оптимальная (шорт) | $1,000 | 40 | 135 | 11 | 61 |
| агрессивная (шорт) | $1,000 | 160 | 69 | 0 | 0 |
| безопасная | $10,000 | 400 | 1694 | 67 | 0 |
| оптимальная | $10,000 | 400 | 1703 | 67 | 0 |
| агрессивная | $10,000 | 357 | 635 | 0 | 0 |
| безопасная (шорт) | $10,000 | 400 | 206 | 0 | 0 |
| оптимальная (шорт) | $10,000 | 400 | 207 | 0 | 0 |
| агрессивная (шорт) | $10,000 | 714 | 69 | 0 | 0 |
| безопасная | $100,000 | 689 | 1761 | 0 | 0 |
| оптимальная | $100,000 | 689 | 1770 | 0 | 0 |
| агрессивная | $100,000 | 355 | 635 | 0 | 0 |
| безопасная (шорт) | $100,000 | 689 | 206 | 0 | 0 |
| оптимальная (шорт) | $100,000 | 689 | 207 | 0 | 0 |
| агрессивная (шорт) | $100,000 | 689 | 69 | 0 | 0 |

## Чего эти числа НЕ описывают

Живого исполнения здесь нет: сделки считаются реплеем по барам записи, а не сканером на живой цене. Значит не моделируются проскальзывание, очередь в стакане и задержка входа; долив лотов в одно имя запрещён правилом, а не сведён в позицию, то есть маржа и цена ликвидации по-прежнему считаются по каждой позиции отдельно — на бирже они считаются по слитой. Веса модели видели эти часы, поэтому пересчёт читается как оценка СВЕРХУ. Период один и режим рынка один.
публикуется в ветку main:
 jobs/done/dca-diag.log                          |    11 +
 jobs/done/dca-mirror.log                        |   278 +
 research/dca_paper/out/DCA-paper.json           | 69263 +++++++++++++++++++---
 research/dca_paper/out/DCA-paper.md             |   137 +-
 research/dca_paper/out/journal-2026-08-08.jsonl |     9 +
 research/dca_paper/out/journal-2026-08-09.jsonl |    21 +
 research/dca_paper/out/journal-2026-08-10.jsonl |    18 +
 research/dca_paper/out/journal-2026-08-11.jsonl |    48 +
 research/dca_paper/out/journal-2026-08-12.jsonl |     9 +
 research/dca_paper/out/journal-2026-08-13.jsonl |    15 +
 research/dca_paper/out/journal-2026-08-14.jsonl |   108 +
 research/dca_paper/out/journal-2026-08-17.jsonl |    66 +
 research/dca_paper/out/journal-2026-08-18.jsonl |    42 +
 research/dca_paper/out/journal-2026-08-19.jsonl |    51 +
 research/dca_paper/out/journal-2026-08-20.jsonl |     6 +
 research/dca_paper/out/journal-2026-08-21.jsonl |    63 +
 research/dca_paper/out/journal-2026-08-22.jsonl |    84 +
 research/dca_paper/out/journal-2026-08-23.jsonl |   231 +
 research/dca_paper/out/journal-2026-08-24.jsonl |    10 +
 research/dca_paper/out/journal-2026-08-25.jsonl |     5 +
 research/dca_paper/out/journal-2026-08-27.jsonl |    19 +
 research/dca_paper/out/journal-2026-08-28.jsonl |     5 +
 research/dca_paper/out/journal-2026-08-29.jsonl |    20 +
 research/dca_paper/out/journal-2026-08-30.jsonl |   134 +
 research/dca_paper/out/journal-2026-08-31.jsonl |    29 +
 research/dca_paper/out/journal-2026-09-01.jsonl |     5 +
 research/dca_paper/out/journal-2026-09-02.jsonl |     9 +
 research/dca_paper/out/journal-2026-09-04.jsonl |     9 +
 research/dca_paper/out/journal-2026-09-05.jsonl |     5 +
 research/s8_loop/out/day_brake.json             |     2 +-
 30 files changed, 61324 insertions(+), 9388 deletions(-)
To github.com:n0tgod/algoth_v2.git
   97509da..c32a506  main -> main
branch 'main' set up to track 'origin/main'.
опубликовано

конец: 2026-09-05T21:55:04Z, код 0
