== задание dca-ticket ==
строка: run research/dca_paper/run_paper.py
начало: 2026-09-04T12:46:00Z
запускаю: .venv/bin/python research/dca_paper/run_paper.py 
sheets.jsonl: ног 867333
лонгов под гейтом 8680, символов 629
окно решений 2026-08-08 18:07 … 2026-09-04 12:10 UTC (26.8 суток, дат 28)
  символ 18/629  взято 443
  символ 44/629  взято 1164
  символ 51/629  взято 1296
  символ 56/629  взято 1365
  символ 142/629  взято 1833
  символ 194/629  взято 2275
  символ 209/629  взято 2368
  символ 210/629  взято 2404
  символ 263/629  взято 3035
  символ 307/629  взято 3898
  символ 348/629  взято 4992
  символ 366/629  взято 5348
  символ 412/629  взято 6264
  символ 428/629  взято 6637
  символ 457/629  взято 7189
  символ 463/629  взято 7321
  символ 483/629  взято 7587
  символ 535/629  взято 8093
  символ 539/629  взято 8143
  символ 561/629  взято 8398
  символ 572/629  взято 8462
  символ 587/629  взято 8552
  символ 600/629  взято 8614
  символ 606/629  взято 8646
  символ 613/629  взято 8662
линейка безопасная (safe): позиций 8679, после правила одной на имя 2269
  депозит $1,000: мест 40, взято 581, нет кассы 1688, мельче $5 0
  депозит $10,000: мест 400, взято 2207, нет кассы 62, мельче $5 0
  депозит $100,000: мест 689, взято 2269, нет кассы 0, мельче $5 0
линейка оптимальная (optimal): позиций 8679, после правила одной на имя 2284
  депозит $1,000: мест 40, взято 595, нет кассы 1689, мельче $5 0
  депозит $10,000: мест 400, взято 2222, нет кассы 62, мельче $5 0
  депозит $100,000: мест 689, взято 2284, нет кассы 0, мельче $5 0
журнал: было 10158, дописано 10158
# DCA — бумажные книги на трёх депозитах

Три книги отличаются РОВНО депозитом: правила, гейты, ограда и выходы у них одни. Билет при этом НЕ один и тот же — **$25 / $25 / $145**, мест **40 / 400 / 689**, — и это не вторая ось, а следствие первой: билет зажат между полом биржи и пиком самой книги.

**Пол задаёт биржа.** Минимальный ордер площадки ровно $5, самый мелкий рунг лестницы — 0.25 нотионала, значит нотионал не бывает меньше $20, а маржа — меньше $20/плечо; забор выдаёт от 1×, то есть худший случай требует ровно $20. Четверть сверху — запас на просадку: маржа считается от текущего счёта и проседает вместе с ним.

**Потолок задаёт книга (решение владельца 2026-09-04): билет поднят так, чтобы хватало на ВСЕ места.** Больше 457 позиций разом книга не держала ни разу за запись — пик ИЗМЕРЕН по журналу, обе линейки дали одно число, — поэтому билет равен `депозит / (457 × 1.5)`, где запас нужен потому, что пик есть максимум выборки, а сечение растёт. Правило одно на все депозиты, и оно само говорит главное: **мелкий депозит наполнить нельзя** — у $1k и $10k связывает пол биржи, и только у $100k потолок оказался выше пола.

**Биржевое правило соблюдается с первого дня:** у имени позиция одна, второй выбор по той же монете пропущен. Реплей D-серии этого не делал, и его «пик 3206» описывал ЛОТЫ, а не позиции.

**Наблюдение и пересчёт не складываются никогда.** Решение считается записанным вперёд, если попало в журнал не позже 120 ч после самого себя (предел жизни позиции 72 ч плюс двое суток на прогон). Первый прогон восстанавливает накопленное — оно всё помечено пересчётом.

**Две колонки концентрации отвечают на РАЗНЫЕ вопросы.** «Без лучшего имени» ловит одну разогнанную монету; «без 3 лучших дней» ловит один рыночный эпизод, который раздаёт деньги десяткам имён разом, и первой колонке он невидим. Если вторая уводит итог в минус, книга описывает не правило, а тот эпизод. У книги моложе четырёх дней вычитать нечего, и там стоит прочерк — величина не измерена, а не равна нулю.

**Линеек плеча две, и книг поэтому шесть.** Плечо не настройка агрессивности: оно выводится из неравенства безопасности. **Безопасная** — плечо от собственной σ имени: запас 6 суточных σ до ликвидации. Волатильному имени плеча достаётся меньше. Замер D5: ликвидаций 0.000 % против 0.058 %, худшая позиция −29.8 % против −100 %, укус 21.7 против 46.7 — ценой примерно четверти обычного дня (медиана дня +0.200 % против +0.270 %). **Оптимальная** — плечо от глубины лестницы: запас 2 · d_max до ликвидации. Медиана позиции выше (+1.91 % против +1.26 % в замере D5), но хвост тяжелее и щедрее всего линейка ровно к волатильным именам — D3 намерил у неё антиселективность: медианное плечо хвоста 7.34× против 3.02× по книге. Имена — ярлыки, а не вердикт: какая линейка лучше, покажет форвард, и обе ведутся параллельно ровно затем, чтобы вопрос решали числа, а не выбор задним числом.

## Наблюдение (записано вперёд)

| линейка | депозит | билет | мест | сделок | имён | дней | $ | к депозиту | просадка | медиана дня | худший день | зелёных | укус | $ без лучшего имени | $ без 3 лучших дней |
|---|---|--:|--:|--:|--:|--:|--:|--:|--:|--:|--:|--:|--:|--:|--:|
| безопасная | $1,000 | $25 | 40 | 32 | 31 | 4 | 0.32 | +0.03 % | -0.14 % | +0.032 % | -0.14 % | 0.75 | 3.8 | -0.41 | -1.41 |
| оптимальная | $1,000 | $25 | 40 | 32 | 31 | 4 | 3.11 | +0.31 % | +0.00 % | +0.033 % | +0.03 % | 1.00 | 0.8 | 1.39 | 0.25 |
| безопасная | $10,000 | $25 | 400 | 32 | 31 | 4 | 0.32 | +0.00 % | -0.01 % | +0.003 % | -0.01 % | 0.75 | 3.7 | -0.40 | -1.38 |
| оптимальная | $10,000 | $25 | 400 | 32 | 31 | 4 | 3.17 | +0.03 % | +0.00 % | +0.003 % | +0.00 % | 1.00 | 0.8 | 1.42 | 0.26 |
| безопасная | $100,000 | $145 | 689 | 32 | 31 | 4 | 1.81 | +0.00 % | -0.01 % | +0.002 % | -0.01 % | 0.75 | 3.7 | -2.26 | -7.83 |
| оптимальная | $100,000 | $145 | 689 | 32 | 31 | 4 | 17.58 | +0.02 % | +0.00 % | +0.002 % | +0.00 % | 1.00 | 0.8 | 7.88 | 1.44 |

## Пересчёт по прошлому

| линейка | депозит | билет | мест | сделок | имён | дней | $ | к депозиту | просадка | медиана дня | худший день | зелёных | укус | $ без лучшего имени | $ без 3 лучших дней |
|---|---|--:|--:|--:|--:|--:|--:|--:|--:|--:|--:|--:|--:|--:|--:|
| безопасная | $1,000 | $25 | 40 | 549 | 348 | 26 | 83.72 | +8.37 % | -2.36 % | +0.009 % | -2.22 % | 0.54 | 5.2 | 74.36 | -11.17 |
| оптимальная | $1,000 | $25 | 40 | 563 | 356 | 26 | 101.32 | +10.13 % | -5.35 % | -0.009 % | -3.77 % | 0.50 | 14.3 | 78.74 | -71.96 |
| безопасная | $10,000 | $25 | 400 | 2175 | 611 | 26 | 659.55 | +6.60 % | -0.41 % | +0.002 % | -0.35 % | 0.58 | 4.6 | 648.24 | 15.80 |
| оптимальная | $10,000 | $25 | 400 | 2190 | 611 | 26 | 1,243.91 | +12.44 % | -0.54 % | -0.002 % | -0.51 % | 0.50 | 3.6 | 1,212.17 | -39.01 |
| безопасная | $100,000 | $145 | 689 | 2237 | 626 | 26 | 4,003.15 | +4.00 % | -0.24 % | +0.001 % | -0.20 % | 0.58 | 4.5 | 3,938.60 | 75.87 |
| оптимальная | $100,000 | $145 | 689 | 2252 | 626 | 26 | 7,482.65 | +7.48 % | -0.31 % | -0.001 % | -0.28 % | 0.50 | 3.6 | 7,305.47 | -245.81 |

## Что связывает депозит

Числа счётного прогона 2026-09-04 13:02. Касса раздаёт деньги по очереди решений, поэтому книга, которой не хватает мест, берёт не лучшие сигналы, а первые: отказ по кассе меняет не только объём, но и СОСТАВ.

| линейка | депозит | мест | взято | нет кассы | мельче пола |
|---|---|--:|--:|--:|--:|
| безопасная | $1,000 | 40 | 581 | 1688 | 0 |
| оптимальная | $1,000 | 40 | 595 | 1689 | 0 |
| безопасная | $10,000 | 400 | 2207 | 62 | 0 |
| оптимальная | $10,000 | 400 | 2222 | 62 | 0 |
| безопасная | $100,000 | 689 | 2269 | 0 | 0 |
| оптимальная | $100,000 | 689 | 2284 | 0 | 0 |

## Чего эти числа НЕ описывают

Живого исполнения здесь нет: сделки считаются реплеем по барам записи, а не сканером на живой цене. Значит не моделируются проскальзывание, очередь в стакане и задержка входа; долив лотов в одно имя запрещён правилом, а не сведён в позицию, то есть маржа и цена ликвидации по-прежнему считаются по каждой позиции отдельно — на бирже они считаются по слитой. Веса модели видели эти часы, поэтому пересчёт читается как оценка СВЕРХУ. Период один и режим рынка один.
публикуется в ветку main:
 jobs/done/dca-recompute.log           |     7 +
 jobs/done/dca-ticket.done             |     1 +
 jobs/done/dca-ticket.log              |    95 +
 jobs/poke.log                         |     3 +
 research/dca_paper/out/DCA-paper.json |   244 +-
 research/dca_paper/out/DCA-paper.md   |    44 +-
 research/dca_paper/out/journal.jsonl  | 10158 ++++++++++++++++++++++++++++++++
 research/s8_loop/out/day_brake.json   |     2 +-
 8 files changed, 10414 insertions(+), 140 deletions(-)
To github.com:n0tgod/algoth_v2.git
   544ae2c..70b10b2  main -> main
branch 'main' set up to track 'origin/main'.
опубликовано

конец: 2026-09-04T13:02:47Z, код 0
публикуется в ветку main:
 jobs/done/dca-ticket.log | 16 ++++++++++++++++
 1 file changed, 16 insertions(+)
To github.com:n0tgod/algoth_v2.git
   70b10b2..e754103  main -> main
branch 'main' set up to track 'origin/main'.
опубликовано
