== задание dca-take-deploy ==
строка: run research/dca_paper/run_paper.py
начало: 2026-09-05T13:54:44Z
запускаю: .venv/bin/python research/dca_paper/run_paper.py 
кэш реплея не используется: правила реплея изменились
sheets.jsonl: ног 915018
решений под гейтом 8692, в кэше 0, считаю заново 8692
лонгов под гейтом 8692, символов 630
окно решений 2026-08-08 18:07 … 2026-09-05 10:57 UTC (27.7 суток, дат 29)
  символ 18/630  взято 443
  символ 43/630  взято 1148
  символ 48/630  взято 1247
  символ 55/630  взято 1359
  символ 122/630  взято 1763
  символ 174/630  взято 2065
  символ 209/630  взято 2376
  символ 210/630  взято 2412
  символ 260/630  взято 3014
  символ 302/630  взято 3761
  символ 321/630  взято 4320
  символ 362/630  взято 5282
  символ 378/630  взято 5650
  символ 415/630  взято 6347
  символ 430/630  взято 6672
  символ 459/630  взято 7252
  символ 463/630  взято 7330
  символ 477/630  взято 7519
  символ 517/630  взято 7886
  символ 538/630  взято 8136
  символ 542/630  взято 8205
  символ 565/630  взято 8432
  символ 582/630  взято 8532
  символ 588/630  взято 8569
  символ 601/630  взято 8630
  символ 606/630  взято 8655
  символ 613/630  взято 8671
запись доходит до 2026-09-05 14:14 UTC; позиций закрытых 16349, открытых 83, оборванных записью 952
хвост: имён с дописанным 202, минут 2627, исходов по котировке 270, вход из котировки отклонён у 0 решений
линейка безопасная (safe): позиций 7332, после правила одной на имя 1761
  депозит $1,000: мест 40, взято 421, нет кассы 1340, мельче $5 0, открытых 22, оборванных записью 59
  депозит $10,000: мест 400, взято 1694, нет кассы 67, мельче $5 0, открытых 22, оборванных записью 122
  депозит $100,000: мест 689, взято 1761, нет кассы 0, мельче $5 0, открытых 22, оборванных записью 125
линейка оптимальная (optimal): позиций 7332, после правила одной на имя 1770
  депозит $1,000: мест 40, взято 437, нет кассы 1333, мельче $5 0, открытых 22, оборванных записью 59
  депозит $10,000: мест 400, взято 1703, нет кассы 67, мельче $5 0, открытых 22, оборванных записью 121
  депозит $100,000: мест 689, взято 1770, нет кассы 0, мельче $5 0, открытых 22, оборванных записью 124
линейка агрессивная (aggr): позиций 7332, гейт плеча ≥4× отсеял 5380, после правила одной на имя 635
  депозит $1,000: мест 160, взято 471, нет кассы 164, мельче $5 0, открытых 2, оборванных записью 9
  депозит $10,000: мест 357, взято 635, нет кассы 0, мельче $5 0, открытых 2, оборванных записью 11
  депозит $100,000: мест 355, взято 635, нет кассы 0, мельче $5 0, открытых 2, оборванных записью 11
журнал: было 46679, дописано 8748 в 27 суточных файлов
# DCA — бумажные книги на трёх депозитах

Книг девять: три РЕЖИМА × три депозита. Внутри режима книги отличаются РОВНО депозитом: правила, гейты, ограда и выходы у них одни. Билет при этом НЕ один и тот же, и это не третья ось: он считается ОДНОЙ формулой — `максимум(пол режима, депозит / (пик режима × запас))`, — просто пол и пик у каждого режима свои.

| режим | пол | пик | билет | мест |
|---|--:|--:|--:|--:|
| безопасная | $25 | 457 | $25 / $25 / $145 | 40 / 400 / 689 |
| оптимальная | $25 | 457 | $25 / $25 / $145 | 40 / 400 / 689 |
| агрессивная | $6.25 | 237 | $6.25 / $28 / $281 | 160 / 357 / 355 |

**Пол задаёт биржа, и он у режимов разный.** Минимальный ордер площадки ровно $5, самый мелкий рунг лестницы — 0.25 нотионала, значит маржа не бывает меньше `$5 / 0.25 / плечо`. Худшее плечо режима без гейта есть 1× (забор выдаёт от единицы) — отсюда $20 и, с четвертью запаса на просадку, пол $25. У режима с гейтом худший случай есть сам гейт (4×), и пол выходит вчетверо ниже — $6.25.

**Потолок задаёт книга (решение владельца 2026-09-04): билет поднят так, чтобы хватало на ВСЕ места.** Пики ИЗМЕРЕНЫ по журналу: у двух режимов без гейта он один и тот же (457 — они берут одни решения и различаются лишь плечом), у режима с гейтом 237. Запас 1.5× нужен потому, что пик есть максимум выборки, а сечение растёт с записью. Правило само говорит главное: **мелкий депозит наполнить нельзя** — у него связывает пол биржи.

**Что здесь изменено 2026-09-04 и почему** (просьба владельца «оптимизировать книги под их названия»). Прежде на все три режима шёл пик ПУЛА, и «агрессивная» от этого стояла недогруженной: позиций у неё вдвое меньше, то есть её собственный пик ниже, и при полном по её меркам портфеле часть денег простаивала. Замер `name_check.py` назвал это числом — загрузка 4.0 % против 19.5 у «оптимальной», пик 59 % против 100, — то есть имя было честным по позиции и нечестным по книге. **Билет при этом не стал особым:** формула одна на все режимы, различаются лишь их собственные пол и пик, поэтому режимы по-прежнему отличаются РОВНО одним объявленным правилом (гейтом плеча), и контрольная рука со старым билетом не нужна. Числа безопасной и оптимальной не сдвинулись ни на цент — их пол и пик прежние.

**Чего правка НЕ чинит, и это надо знать до чтения таблицы.** Билет лечит простой денег при полном портфеле; он не лечит того, что режим с гейтом торгует вспышками — на нашей записи 13 календарных дней из 26. Средняя загрузка у него останется заметно ниже: полный по своим меркам портфель он держит редко. Это свойство ГЕЙТА, а не недогруз по нашему выбору, и лечить его билетом нельзя — билет, поднятый до средней загрузки соседей, в пик потребовал бы больше денег, чем есть, и состав книги начал бы решаться очередью за кассой, а не правилом.

**Биржевое правило соблюдается с первого дня:** у имени позиция одна, второй выбор по той же монете пропущен. Реплей D-серии этого не делал, и его «пик 3206» описывал ЛОТЫ, а не позиции.

**Кривая одна: бэктест и live в общем счёте** (решение владельца 2026-09-04). Пересчёт по прошлому есть ПРЕДЫСТОРИЯ живой записи, а не вторая книга, и рвать её надвое незачем — у сделки бэктеста стоит метка. Решение считается записанным вперёд, если попало в журнал не позже 120 ч после самого себя (предел жизни позиции 72 ч плюс двое суток на прогон). Числа обеих групп стоят рядом отдельной таблицей — и это не половинчатость: веса модели видели те часы, и без объёма бэктеста общая кривая читалась бы треком.

**Считаются ПОЗИЦИИ, а не сделки.** У имени позиция одна, а входов у неё несколько: база плюс доливы лестницы. Поэтому в таблице стоит число закрытых позиций, рядом число входов, а открытые позиции идут ОТДЕЛЬНОЙ строкой с отметкой — до выхода их результат станет любым, и складывать его с закрытым нельзя.

**Версия правил книг — 5, и запись начата с неё.** Смена версии отставляет прежние строки не из аккуратности: правило, по которому они писаны, было другим, и сшивать две кривые в одну значит показывать книгу, которой не было. Версия поднята трижды: билетом (пол режима и его же пик), исходом позиции, чей срок ещё шёл (ниже), и ТЕЙКОМ.

**Тейк (правка 2026-09-05, замер D8): цель от плавающей ТВХ, расстояние 2 обещания `mfe`.** Было — неподвижная цена `вход · (1 + mfe)`, тогда как ТВХ едет вниз с каждым доливом. Оба множителя выведены сеткой из 17 объявленных до прогона ячеек (`dca_ladder/out/D8-take-1m.md`): якорь берётся за согласованность (тейк по ТВХ платит тождественно «заполненный нотионал × доля»), расстояние — за деньги и форму (обещание стояло на 2.56 % при суточной σ имени 5.55 %). Вся прежняя история пересчитана этим правилом и лежит В ТОМ ЖЕ блоке с пометкой бэктеста — решение владельца: одна кривая, у сделки пересчёта метка.

**Решение, принятое до 2026-09-05 13:43 UTC, помечено бэктестом по построению** — правило выбрано ПОСЛЕ того, как эти часы стали видны, и задержка записи тут ничего не меняет. Без этой границы каждая смена правил молча перекрашивала бы последние 120 ч пересчёта в «вперёд».

**Позиция, чей срок ещё идёт, больше не закрывается «по сроку».** Это дефект, найденный при этой правке: реплей кончал позицию последним баром записи и выдавал это за исход правила — тот же класс, что D7 нашла у обрыва ряда. Теперь «срок» засчитывается, только если окно дошло до планового конца; иначе позиция либо ЖИВА (её символ пишется до сих пор), либо оборвана записью (ряд символа кончился раньше остальных), и вторая в счёт не идёт вовсе.

**Хвост ленты продолжается серединой стакана (решение владельца 2026-09-05), и это ПРАВИЛО книги, а не поправка.** Бары исходов читаются из ленты, а минута без единой сделки бара не даёт вовсе: у тонкого имени хвост окна пуст не потому, что цены не было, а потому, что по ней не торговали — стакан в те же минуты снимается раз в секунду. Позиция, чьё окно не дошло до конца только из-за отсутствия принтов, теперь получает исход по НАБЛЮДЁННЫМ ценам вместо вечного «оборвано записью». Правило держит три границы: дописывается только хвост (внутренние дыры не заполняются — по тем же барам считаются вход и цены рунгов); вход из котировки позицию не открывает (хвост продолжает начатое, а не заводит новых сделок); лимитка на минуте без принтов не заполняется вовсе — рунг и тейк исполняет чужой принт, а пол капитуляции, ликвидация и срок суть рыночные выходы против котировки и считаются. На этом прогоне хвост дописан 2627 минут 202 именам; исходов, посчитанных по котировке, 205 из 8748 закрытых позиций книг; вход из котировки отклонён у 0 решений; имён, у которых хвоста нет и в книге, 428 — такая позиция остаётся оборванной, потому что отсутствие свидетельства не есть свидетельство отсутствия. Оборванными остались записи по причинам: книга есть, но не в окне этой позиции — 659; книги в хвосте нет вовсе — 291; книга кончилась раньше планового конца — 2. **Архива записи это не потребовало:** в журнал попадают только закрытые позиции, а закрытой позиция становится, когда её окно дошло до конца ЛЕНТОЙ, то есть хвост лежит вне её окна; оборванные же не писались вовсе. Значит правило не меняет ни одной записанной строки, а только добавляет исходы, которых не было. **Деньги от него ХУДЕЮТ, и это ожидалось**: замер `DCA-cut-check.md` дал −8.9…−121.2 $ по книгам (−0.05…−1.26 п.п. к депозиту) — оборванные позиции были в среднем хуже средней, и прежние числа книг слегка льстили.

**Две колонки концентрации отвечают на РАЗНЫЕ вопросы.** «Без лучшего имени» ловит одну разогнанную монету; «без 3 лучших дней» ловит один рыночный эпизод, который раздаёт деньги десяткам имён разом, и первой колонке он невидим. Если вторая уводит итог в минус, книга описывает не правило, а тот эпизод. У книги моложе четырёх дней вычитать нечего, и там стоит прочерк — величина не измерена, а не равна нулю.

**Режимов три, и книг поэтому девять.** Плечо не настройка агрессивности: оно выводится из неравенства безопасности, и режим задаёт, ИЗ ЧЕГО. **Безопасная** — плечо от собственной σ имени: запас 6 суточных σ до ликвидации. Волатильному имени плеча достаётся меньше. Замер D5: ликвидаций 0.000 % против 0.058 %, худшая позиция −29.8 % против −100 %, укус 21.7 против 46.7 — ценой примерно четверти обычного дня (медиана дня +0.200 % против +0.270 %). **Оптимальная** — плечо от глубины лестницы: запас 2 · d_max до ликвидации. Медиана позиции выше (+1.91 % против +1.26 % в замере D5), но хвост тяжелее и щедрее всего линейка ровно к волатильным именам — D3 намерил у неё антиселективность: медианное плечо хвоста 7.34× против 3.02× по книге. **Агрессивная** — та же глубина лестницы, что у «оптимальной», плюс ГЕЙТ ВХОДА: берутся только решения, которым забор выдал плечо не меньше порога. Порог не назначен, а взят из ячейки, породившей вопрос: в замере D6 при билете $5 биржевой пол требовал нотионал ≥ $20, то есть плечо ≥ 4×, и именно та ячейка дала +20.51 % за окно. Здесь это объявленное правило, а не побочный эффект билета, который биржа не примет. Знать надо и обратное: D3 намерил, что плечо и есть источник хвоста (медианное плечо хвоста 7.34× против 3.02× по книге), то есть режим намеренно садится в хвостовую зону. Имена — ярлыки, а не вердикт: какой режим лучше, покажет форвард, и все три ведутся параллельно ровно затем, чтобы вопрос решали числа, а не выбор задним числом.

## Общий счёт: бэктест и live вместе

| режим | депозит | билет | мест | позиций | входов | имён | дней | $ | к депозиту | просадка | медиана дня | худший день | зелёных | укус | $ без лучшего имени | $ без 3 лучших дней |
|---|---|--:|--:|--:|--:|--:|--:|--:|--:|--:|--:|--:|--:|--:|--:|--:|
| безопасная | $1,000 | $25 | 40 | 340 | 462 | 258 | 28 | 106.60 | +10.66 % | -2.14 % | +0.090 % | -2.03 % | 0.61 | 4.8 | 102.45 | 9.66 |
| оптимальная | $1,000 | $25 | 40 | 356 | 489 | 264 | 28 | 131.26 | +13.13 % | -4.25 % | -0.004 % | -2.81 % | 0.50 | 3.7 | 115.85 | -43.05 |
| агрессивная | $1,000 | $6.25 | 160 | 460 | 722 | 264 | 16 | 327.39 | +32.74 % | -1.28 % | +0.057 % | -0.87 % | 0.62 | 2.1 | 317.46 | 0.70 |
| безопасная | $10,000 | $25 | 400 | 1550 | 2092 | 570 | 28 | 879.20 | +8.79 % | -0.23 % | +0.017 % | -0.22 % | 0.64 | 3.6 | 871.27 | 78.93 |
| оптимальная | $10,000 | $25 | 400 | 1560 | 2141 | 570 | 28 | 1,834.35 | +18.34 % | -0.53 % | +0.016 % | -0.40 % | 0.57 | 3.3 | 1,798.50 | 157.76 |
| агрессивная | $10,000 | $28 | 357 | 622 | 987 | 327 | 16 | 2,153.52 | +21.54 % | -0.57 % | +0.027 % | -0.39 % | 0.69 | 2.6 | 2,112.63 | 40.64 |
| безопасная | $100,000 | $145 | 689 | 1614 | 2183 | 591 | 28 | 5,372.36 | +5.37 % | -0.13 % | +0.010 % | -0.13 % | 0.64 | 3.5 | 5,326.81 | 420.52 |
| оптимальная | $100,000 | $145 | 689 | 1624 | 2232 | 591 | 28 | 11,089.49 | +11.09 % | -0.31 % | +0.009 % | -0.23 % | 0.57 | 3.5 | 10,892.58 | 811.68 |
| агрессивная | $100,000 | $281 | 355 | 622 | 987 | 327 | 16 | 21,615.76 | +21.62 % | -0.57 % | +0.028 % | -0.39 % | 0.69 | 2.6 | 21,205.19 | 408.53 |

## Из него записано вперёд (live)

| режим | депозит | билет | мест | позиций | входов | имён | дней | $ | к депозиту | просадка | медиана дня | худший день | зелёных | укус | $ без лучшего имени | $ без 3 лучших дней |
|---|---|--:|--:|--:|--:|--:|--:|--:|--:|--:|--:|--:|--:|--:|--:|--:|
| безопасная | $1,000 | $25 | 40 | 0 | — | — | — | — | — | — | — | — | — | — | — | — |
| оптимальная | $1,000 | $25 | 40 | 0 | — | — | — | — | — | — | — | — | — | — | — | — |
| агрессивная | $1,000 | $6.25 | 160 | 0 | — | — | — | — | — | — | — | — | — | — | — | — |
| безопасная | $10,000 | $25 | 400 | 0 | — | — | — | — | — | — | — | — | — | — | — | — |
| оптимальная | $10,000 | $25 | 400 | 0 | — | — | — | — | — | — | — | — | — | — | — | — |
| агрессивная | $10,000 | $28 | 357 | 0 | — | — | — | — | — | — | — | — | — | — | — | — |
| безопасная | $100,000 | $145 | 689 | 0 | — | — | — | — | — | — | — | — | — | — | — | — |
| оптимальная | $100,000 | $145 | 689 | 0 | — | — | — | — | — | — | — | — | — | — | — | — |
| агрессивная | $100,000 | $281 | 355 | 0 | — | — | — | — | — | — | — | — | — | — | — | — |

Наблюдения ещё нет ни у одной книги, и это не пустота показа: журнал начат сегодня, а решение попадает сюда только после того, как его позиция закрылась. Первые строки появятся следующим суточным прогоном.

## Из него пересчёт по прошлому (бэктест)

| режим | депозит | билет | мест | позиций | входов | имён | дней | $ | к депозиту | просадка | медиана дня | худший день | зелёных | укус | $ без лучшего имени | $ без 3 лучших дней |
|---|---|--:|--:|--:|--:|--:|--:|--:|--:|--:|--:|--:|--:|--:|--:|--:|
| безопасная | $1,000 | $25 | 40 | 340 | 462 | 258 | 28 | 106.60 | +10.66 % | -2.14 % | +0.090 % | -2.03 % | 0.61 | 4.8 | 102.45 | 9.66 |
| оптимальная | $1,000 | $25 | 40 | 356 | 489 | 264 | 28 | 131.26 | +13.13 % | -4.25 % | -0.004 % | -2.81 % | 0.50 | 3.7 | 115.85 | -43.05 |
| агрессивная | $1,000 | $6.25 | 160 | 460 | 722 | 264 | 16 | 327.39 | +32.74 % | -1.28 % | +0.057 % | -0.87 % | 0.62 | 2.1 | 317.46 | 0.70 |
| безопасная | $10,000 | $25 | 400 | 1550 | 2092 | 570 | 28 | 879.20 | +8.79 % | -0.23 % | +0.017 % | -0.22 % | 0.64 | 3.6 | 871.27 | 78.93 |
| оптимальная | $10,000 | $25 | 400 | 1560 | 2141 | 570 | 28 | 1,834.35 | +18.34 % | -0.53 % | +0.016 % | -0.40 % | 0.57 | 3.3 | 1,798.50 | 157.76 |
| агрессивная | $10,000 | $28 | 357 | 622 | 987 | 327 | 16 | 2,153.52 | +21.54 % | -0.57 % | +0.027 % | -0.39 % | 0.69 | 2.6 | 2,112.63 | 40.64 |
| безопасная | $100,000 | $145 | 689 | 1614 | 2183 | 591 | 28 | 5,372.36 | +5.37 % | -0.13 % | +0.010 % | -0.13 % | 0.64 | 3.5 | 5,326.81 | 420.52 |
| оптимальная | $100,000 | $145 | 689 | 1624 | 2232 | 591 | 28 | 11,089.49 | +11.09 % | -0.31 % | +0.009 % | -0.23 % | 0.57 | 3.5 | 10,892.58 | 811.68 |
| агрессивная | $100,000 | $281 | 355 | 622 | 987 | 327 | 16 | 21,615.76 | +21.62 % | -0.57 % | +0.028 % | -0.39 % | 0.69 | 2.6 | 21,205.19 | 408.53 |

## Открытые позиции

Отметка по последнему бару записи, а не исход: до выхода результат станет любым. С закрытым счётом она не складывается нигде. «Оборвана записью» — позиция, чей ряд кончился раньше остальных (снятие с торгов либо дыра записи): исхода у неё нет, и в счёт она не идёт.

| режим | депозит | открытых | отметка $ | к депозиту | оборвано записью |
|---|---|--:|--:|--:|--:|
| безопасная | $1,000 | 22 | 0.84 | +0.08 % | 59 |
| оптимальная | $1,000 | 22 | 1.18 | +0.12 % | 59 |
| агрессивная | $1,000 | 2 | 0.04 | +0.00 % | 9 |
| безопасная | $10,000 | 22 | 0.84 | +0.01 % | 122 |
| оптимальная | $10,000 | 22 | 1.27 | +0.01 % | 121 |
| агрессивная | $10,000 | 2 | 0.18 | +0.00 % | 11 |
| безопасная | $100,000 | 22 | 4.73 | +0.00 % | 125 |
| оптимальная | $100,000 | 22 | 6.95 | +0.01 % | 124 |
| агрессивная | $100,000 | 2 | 1.79 | +0.00 % | 11 |

## По суткам, депозит $10,000

Итог книги отвечает «сколько всего» и молчит о том, КОГДА: сумма за месяц может стоять на одном дне. Здесь общий счёт (бэктест и live вместе).

| сутки | безопасная | оптимальная | агрессивная |
|---|--:|--:|--:|
| 2026-08-09 | 8.38 (10) | -3.16 (11) | -13.20 (2) |
| 2026-08-10 | 1.94 (6) | -12.46 (7) | -38.98 (2) |
| 2026-08-11 | -0.70 (9) | -0.86 (9) | -11.12 (1) |
| 2026-08-12 | -21.90 (18) | -40.03 (17) | -7.00 (2) |
| 2026-08-13 | 3.30 (27) | 2.72 (27) | — |
| 2026-08-14 | 0.05 (16) | 0.09 (16) | 2.50 (1) |
| 2026-08-15 | 1.29 (8) | 1.47 (8) | — |
| 2026-08-16 | 0.57 (23) | 1.87 (23) | 1.73 (1) |
| 2026-08-17 | 6.13 (23) | 8.43 (23) | — |
| 2026-08-18 | -1.53 (20) | -1.94 (20) | — |
| 2026-08-19 | 6.21 (47) | 10.57 (47) | 2.65 (3) |
| 2026-08-20 | 190.84 (234) | 391.51 (234) | 442.09 (125) |
| 2026-08-21 | 377.68 (429) | 811.66 (430) | 1,043.30 (250) |
| 2026-08-22 | 231.75 (207) | 473.42 (211) | 627.49 (153) |
| 2026-08-23 | 62.22 (54) | 109.88 (57) | 23.00 (22) |
| 2026-08-24 | 8.42 (63) | 13.87 (64) | 2.83 (22) |
| 2026-08-25 | 2.62 (219) | 50.96 (217) | 62.33 (33) |
| 2026-08-26 | 12.72 (19) | 20.85 (20) | 14.78 (1) |
| 2026-08-27 | -1.04 (44) | -3.48 (44) | — |
| 2026-08-28 | -15.66 (47) | -20.26 (48) | — |
| 2026-08-29 | -0.47 (3) | -0.50 (3) | — |
| 2026-08-30 | -0.69 (4) | -0.90 (4) | — |
| 2026-08-31 | -0.75 (3) | -0.81 (3) | — |
| 2026-09-01 | -3.06 (1) | -4.81 (1) | — |
| 2026-09-02 | -0.50 (3) | -0.67 (3) | — |
| 2026-09-03 | 1.51 (6) | 1.75 (6) | — |
| 2026-09-04 | 2.12 (4) | 8.44 (4) | -11.57 (3) |
| 2026-09-05 | 7.78 (3) | 16.76 (3) | 12.68 (1) |

В скобках — число закрытых позиций этого дня.

## Гейт плеча и собственный пик режима

Гейт стоит ПЕРВЫМ, до правила одной на имя: у режима с гейтом низкоплечевой ранний вход не случается вовсе, и имя остаётся свободным для рычажного. Пик считается по тому, что режим ВЗЯЛ, и стоит рядом с объявленным — тем, из которого посчитан билет. **Объявленный обязан быть не ниже измеренного:** ниже означает, что билет велик и книга теряет решения по кассе, и такая строка кричит, а не молчит.

| режим | решений | отсеял гейт | после одной на имя | медиана плеча | свой пик позиций | объявлен |
|---|--:|--:|--:|--:|--:|--:|
| безопасная | 7332 | нет гейта | 1761 | 1.56× | 464 | 457 ⚠ ниже измеренного |
| оптимальная | 7332 | нет гейта | 1770 | 2.42× | 464 | 457 ⚠ ниже измеренного |
| агрессивная | 7332 | 5380 (плечо < 4×) | 635 | 8.63× | 245 | 237 ⚠ ниже измеренного |

**Объявленный пик ниже измеренного у режимов: безопасная, оптимальная, агрессивная.** Значит билет посчитан от заниженного пика и велик: книга берёт не все свои решения, а первые по очереди за кассой, то есть отказ меняет и состав. Число в `rules.PEAKS` объявлено до прогона и здесь не правится — правка есть решение владельца.

## Что связывает депозит

Числа счётного прогона 2026-09-05 14:14. Касса раздаёт деньги по очереди решений, поэтому книга, которой не хватает мест, берёт не лучшие сигналы, а первые: отказ по кассе меняет не только объём, но и СОСТАВ.

| режим | депозит | мест | взято | нет кассы | мельче пола |
|---|---|--:|--:|--:|--:|
| безопасная | $1,000 | 40 | 421 | 1340 | 0 |
| оптимальная | $1,000 | 40 | 437 | 1333 | 0 |
| агрессивная | $1,000 | 160 | 471 | 164 | 0 |
| безопасная | $10,000 | 400 | 1694 | 67 | 0 |
| оптимальная | $10,000 | 400 | 1703 | 67 | 0 |
| агрессивная | $10,000 | 357 | 635 | 0 | 0 |
| безопасная | $100,000 | 689 | 1761 | 0 | 0 |
| оптимальная | $100,000 | 689 | 1770 | 0 | 0 |
| агрессивная | $100,000 | 355 | 635 | 0 | 0 |

## Чего эти числа НЕ описывают

Живого исполнения здесь нет: сделки считаются реплеем по барам записи, а не сканером на живой цене. Значит не моделируются проскальзывание, очередь в стакане и задержка входа; долив лотов в одно имя запрещён правилом, а не сведён в позицию, то есть маржа и цена ликвидации по-прежнему считаются по каждой позиции отдельно — на бирже они считаются по слитой. Веса модели видели эти часы, поэтому пересчёт читается как оценка СВЕРХУ. Период один и режим рынка один.
публикуется в ветку main:
 jobs/done/d8-full.log                           |     7 +
 jobs/done/dca-take-deploy.done                  |     1 +
 jobs/done/dca-take-deploy.log                   |   217 +
 jobs/poke.log                                   |     3 +
 research/dca_paper/out/DCA-paper.json           | 46053 +++++++++++++++++-----
 research/dca_paper/out/DCA-paper.md             |   167 +-
 research/dca_paper/out/journal-2026-08-08.jsonl |    57 +
 research/dca_paper/out/journal-2026-08-09.jsonl |   190 +
 research/dca_paper/out/journal-2026-08-10.jsonl |    27 +
 research/dca_paper/out/journal-2026-08-11.jsonl |    29 +
 research/dca_paper/out/journal-2026-08-12.jsonl |     6 +
 research/dca_paper/out/journal-2026-08-13.jsonl |   266 +
 research/dca_paper/out/journal-2026-08-14.jsonl |    46 +
 research/dca_paper/out/journal-2026-08-15.jsonl |   175 +
 research/dca_paper/out/journal-2026-08-16.jsonl |   112 +
 research/dca_paper/out/journal-2026-08-17.jsonl |    60 +
 research/dca_paper/out/journal-2026-08-18.jsonl |    30 +
 research/dca_paper/out/journal-2026-08-19.jsonl |   908 +
 research/dca_paper/out/journal-2026-08-20.jsonl |  2295 ++
 research/dca_paper/out/journal-2026-08-21.jsonl |  2361 ++
 research/dca_paper/out/journal-2026-08-22.jsonl |  1338 +
 research/dca_paper/out/journal-2026-08-23.jsonl |    30 +
 research/dca_paper/out/journal-2026-08-24.jsonl |   271 +
 research/dca_paper/out/journal-2026-08-25.jsonl |   347 +
 research/dca_paper/out/journal-2026-08-26.jsonl |    32 +
 research/dca_paper/out/journal-2026-08-27.jsonl |    30 +
 research/dca_paper/out/journal-2026-08-28.jsonl |    24 +
 research/dca_paper/out/journal-2026-08-29.jsonl |     6 +
 research/dca_paper/out/journal-2026-08-30.jsonl |    12 +
 research/dca_paper/out/journal-2026-08-31.jsonl |     6 +
 research/dca_paper/out/journal-2026-09-01.jsonl |    24 +
 research/dca_paper/out/journal-2026-09-02.jsonl |    18 +
 research/dca_paper/out/journal-2026-09-03.jsonl |    48 +
 research/s8_loop/out/day_brake.json             |     2 +-
 34 files changed, 46092 insertions(+), 9106 deletions(-)
To github.com:n0tgod/algoth_v2.git
   f12b6ed..c45a7b9  main -> main
branch 'main' set up to track 'origin/main'.
опубликовано

конец: 2026-09-05T14:14:14Z, код 0
