== задание dca-costs-3 ==
строка: run research/dca_paper/costs.py
начало: 2026-09-06T17:26:09Z
запускаю: .venv/bin/python research/dca_paper/costs.py 
журнал: 67446 строк, битых 0, кусков 32
текущей версии правил (6): 10467 строк из 67446
funding: рядов 579 из 579 нужных активов
строк с исходом 10467; тейкер по умолчанию у 674, без записи рунгов 0 (записаны None), без комиссии 0, без ряда funding 674, ряд не покрывает 36, ставка на входе неизвестна 674
# Издержки бумажных DCA-книг: комиссия, funding, гейт по ставке

Вопрос владельца 2026-09-06: «считаются ли в DCA-стратегиях издержки — комиссия биржи, проскальзывание?» **Нет:** журнал книг несёт брутто, в коде книг ни комиссии, ни проскальзывания, ни funding нет (круг издержек встречается только в гейте входа `3 × круг`). Здесь издержки посчитаны ПО ЗАПИСИ, журнал и правила не тронуты.

**Комиссия** — тейкер по символу из справочника универсума (ставки 2.75, 5.5, 11 б.п.; символу без ставки — 5.5, таких строк 674), на каждом рунге и на выходе. **Funding** — ряды площадки исполнения, на каждом начислении ставка × нотионал, открытый к этому моменту (по ценам рунгов, марк-цены в записи нет); лонгу положительная ставка — расход, шорту — доход. Ряд, не покрывающий жизнь позиции, даёт «не измерено», а не ноль. **Проскальзывание не считается** — его нет ни в записи, ни в модели; живой замер D1 дал медиану ~4 б.п. на входе.

Строк с исходом 10467 — версия правил книг 6, как на странице книг (в журнале всего 67446; прежние версии писаны другим правилом и в счёт не входят). Рядов funding 579; покрытие позиций с рунгами 93.2 % (от всех строк 93.2 %) при пороге вердикта 50 %.

## По книгам (суммы в $, медианы на позицию в б.п. МАРЖИ)

| книга | сторона | n | брутто $ | комиссия $ | funding $ | измерено | нетто $ (измеренные) | брутто измеренных $ | комиссия б.п. | funding б.п. | брутто б.п. | медиана дня брутто → нетто | зелёных | укус |
|---|---|---:|---:|---:|---:|---:|---:|---:|---:|---:|---:|---:|---:|---:|
| `aggr:1000` | long | 467 | +322.91 | -13.24 | -2.91 | 466 | +309.79 | +325.88 | +27.5 | -4.2 | +1175.7 | +0.056 % → +0.053 % | +62 % → +62 % | 2.6 → 2.5 |
| `aggr:10000` | long | 631 | +2,138.18 | -77.13 | -18.77 | 628 | +2,043.19 | +2,138.63 | +27.9 | -4.4 | +1229.6 | +0.025 % → +0.024 % | +62 % → +62 % | 1.5 → 2.1 |
| `aggr:100000` | long | 631 | +21,461.85 | -774.32 | -188.44 | 628 | +20,508.27 | +21,466.37 | +27.9 | -4.4 | +1229.6 | +0.025 % → +0.024 % | +62 % → +62 % | 1.5 → 2.1 |
| `aggr_s:1000` | short | 65 | -44.18 | -4.56 | +0.53 | 59 | -57.54 | -53.89 | +101.6 | +22.2 | +500.9 | +0.049 % → -0.053 % | +55 % → +47 % | 10.2 → 21.2 |
| `aggr_s:10000` | short | 65 | -98.94 | -10.31 | +1.24 | 59 | -129.24 | -121.02 | +101.6 | +22.2 | +500.9 | +0.011 % → -0.012 % | +55 % → +47 % | 10.3 → 20.6 |
| `aggr_s:100000` | short | 65 | -1,024.73 | -106.82 | +12.81 | 59 | -1,338.57 | -1,253.38 | +101.6 | +22.2 | +500.9 | +0.011 % → -0.013 % | +55 % → +47 % | 10.3 → 20.6 |
| `optimal:1000` | long | 411 | +111.44 | -14.56 | -3.42 | 371 | +95.86 | +113.46 | +5.5 | -0.8 | +83.5 | +0.010 % → +0.009 % | +52 % → +55 % | 3.7 → 5.3 |
| `optimal:10000` | long | 1658 | +1,806.36 | -71.66 | -18.35 | 1573 | +1,722.22 | +1,811.16 | +9.1 | -1.8 | +287.4 | +0.008 % → +0.012 % | +52 % → +55 % | 3.6 → 4.7 |
| `optimal:100000` | long | 1725 | +10,922.32 | -423.18 | -105.94 | 1632 | +10,383.17 | +10,905.09 | +9.1 | -1.9 | +293.6 | +0.004 % → +0.007 % | +52 % → +55 % | 3.6 → 4.8 |
| `optimal_s:1000` | short | 131 | -189.64 | -15.53 | +0.61 | 96 | -240.69 | -227.39 | +2.8 | +2.1 | +12.0 | -0.010 % → -0.012 % | +48 % → +39 % | 11.2 → 40.3 |
| `optimal_s:10000` | short | 174 | -195.06 | -18.18 | +1.57 | 131 | -251.88 | -237.04 | +2.8 | +2.2 | +21.1 | -0.001 % → -0.001 % | +48 % → +38 % | 11.6 → 40.3 |
| `optimal_s:100000` | short | 174 | -1,132.12 | -105.67 | +9.17 | 131 | -1,462.81 | -1,376.58 | +2.8 | +2.2 | +21.1 | -0.001 % → -0.001 % | +48 % → +38 % | 11.6 → 40.1 |
| `safe:1000` | long | 395 | +98.76 | -6.96 | -1.78 | 356 | +91.69 | +100.09 | +4.7 | -0.6 | +78.2 | +0.083 % → +0.058 % | +62 % → +66 % | 5.4 → 8.5 |
| `safe:10000` | long | 1649 | +869.76 | -32.64 | -9.52 | 1564 | +827.26 | +868.67 | +6.0 | -1.1 | +200.8 | +0.013 % → +0.013 % | +55 % → +59 % | 3.1 → 4.4 |
| `safe:100000` | long | 1716 | +5,310.58 | -195.79 | -55.41 | 1623 | +5,046.87 | +5,293.26 | +6.0 | -1.1 | +202.4 | +0.008 % → +0.007 % | +55 % → +59 % | 3.1 → 4.4 |
| `safe_s:1000` | short | 162 | -114.36 | -11.45 | -0.88 | 119 | -155.25 | -144.26 | +2.8 | +1.4 | +25.6 | -0.004 % → -0.012 % | +50 % → +40 % | 9.8 → 18.3 |
| `safe_s:10000` | short | 174 | -132.70 | -12.80 | -0.38 | 131 | -176.62 | -164.86 | +2.8 | +2.2 | +21.4 | -0.000 % → -0.001 % | +50 % → +40 % | 13.6 → 25.5 |
| `safe_s:100000` | short | 174 | -770.40 | -74.41 | -2.12 | 131 | -1,025.87 | -957.59 | +2.8 | +2.2 | +21.3 | -0.000 % → -0.001 % | +50 % → +40 % | 13.6 → 25.6 |

Нетто = брутто − комиссия + funding по позициям, у которых измерены ОБЕ издержки; «брутто измеренных» — брутто того же подмножества, чтобы сравнивать одно с одним. Знак после издержек держат 9 книг из 9 с положительным брутто.

## По сторонам (депозит $10 000)

| сторона | n | брутто $ | комиссия $ | funding $ | измерено | брутто измеренных $ | нетто $ (измеренные) | funding б.п. на позицию |
|---|---:|---:|---:|---:|---:|---:|---:|---:|
| long | 3938 | +4,814.30 | -181.43 | -46.64 | 3765 | +4,818.46 | +4,592.67 | -1.8 |
| short | 413 | -426.70 | -41.29 | +2.43 | 321 | -522.92 | -557.75 | +2.3 |

## Гейт по знаку ставки на входе (лонг при ставке ≤ 0, шорт при ≥ 0)

Обе руки — на позициях с ИЗВЕСТНОЙ ставкой на входе (последняя точка ряда не старше 24 ч до входа); «отсечённые» — те, кого гейт не пустил. Читать по медиане позиции в б.п. маржи: гейт меняет состав, и суммы рук несравнимы по построению.

| книга | известна | прошли гейт | отсечено | доля | медиана всех, б.п. маржи | медиана прошедших | медиана отсечённых | $ прошедших | $ отсечённых | нетто прошедших $ |
|---|---:|---:|---:|---:|---:|---:|---:|---:|---:|---:|
| `aggr:1000` | 466 | 25 | 441 | 5 % | +1175.9 | +1097.7 | +1176.0 | +20.28 | +305.60 | +20.53 |
| `aggr:10000` | 628 | 33 | 595 | 5 % | +1229.4 | +1200.2 | +1230.0 | +131.55 | +2,007.08 | +131.52 |
| `aggr:100000` | 628 | 33 | 595 | 5 % | +1229.4 | +1200.2 | +1230.0 | +1,320.41 | +20,145.96 | +1,320.15 |
| `aggr_s:1000` | 59 | 54 | 5 | 92 % | +280.0 | +241.5 | +1942.6 | -57.56 | +3.66 | -59.76 |
| `aggr_s:10000` | 59 | 54 | 5 | 92 % | +280.0 | +241.5 | +1942.5 | -129.23 | +8.21 | -134.23 |
| `aggr_s:100000` | 59 | 54 | 5 | 92 % | +280.0 | +241.5 | +1942.5 | -1,338.38 | +85.00 | -1,390.15 |
| `optimal:1000` | 377 | 107 | 270 | 28 % | +96.6 | +28.2 | +187.6 | +16.03 | +97.34 | +15.40 |
| `optimal:10000` | 1579 | 238 | 1341 | 15 % | +315.8 | +62.0 | +357.8 | +114.97 | +1,696.08 | +114.84 |
| `optimal:100000` | 1638 | 248 | 1390 | 15 % | +317.4 | +66.1 | +360.0 | +722.66 | +10,181.88 | +721.45 |
| `optimal_s:1000` | 96 | 86 | 10 | 90 % | +8.7 | +5.4 | +31.7 | -229.25 | +1.87 | -236.58 |
| `optimal_s:10000` | 131 | 121 | 10 | 92 % | +15.6 | +15.6 | +31.7 | -239.08 | +2.04 | -247.93 |
| `optimal_s:100000` | 131 | 121 | 10 | 92 % | +15.6 | +15.6 | +31.7 | -1,388.45 | +11.87 | -1,439.92 |
| `safe:1000` | 362 | 103 | 259 | 28 % | +88.3 | +25.3 | +134.6 | +9.14 | +91.01 | +8.94 |
| `safe:10000` | 1570 | 238 | 1332 | 15 % | +212.8 | +58.9 | +234.0 | +60.18 | +808.54 | +58.76 |
| `safe:100000` | 1629 | 248 | 1381 | 15 % | +214.8 | +62.7 | +237.5 | +387.41 | +4,906.18 | +379.64 |
| `safe_s:1000` | 119 | 109 | 10 | 92 % | +21.0 | +18.7 | +59.6 | -157.99 | +13.73 | -163.16 |
| `safe_s:10000` | 131 | 121 | 10 | 92 % | +15.7 | +15.6 | +59.6 | -178.56 | +13.70 | -184.52 |
| `safe_s:100000` | 131 | 121 | 10 | 92 % | +15.7 | +15.6 | +59.6 | -1,037.03 | +79.44 | -1,071.71 |

Гейт помогает по медиане позиции у 0 книг, вредит у 8 (`aggr:10000`, `aggr:100000`, `optimal:1000`, `optimal:10000`, `optimal:100000`, `safe:1000`, `safe:10000`, `safe:100000`); книги с меньше чем 30 позиций в любой из рук не судятся.

## Чего замер НЕ говорит

Проскальзывания в числах нет. Funding посчитан по нотионалу рунгов, а не по марк-цене начисления (расхождение — ход цены от рунга до начисления, единицы процентов от самого funding). Комиссия — по сегодняшнему тарифу счёта, прошлых сеток площадка не отдаёт (A1). Гейт по ставке просмотрен ПОСЛЕ прогона книг — правилом он стать может только объявленным заранее и проверенным вперёд.
публикуется в ветку main:
 jobs/done/dca-costs-2.log                |    7 +
 jobs/done/dca-costs-3.done               |    1 +
 jobs/done/dca-costs-3.log                |   78 +
 jobs/poke.log                            |    5 +
 research/dca_paper/out/DCA-costs-1m.json | 3135 +++++++++++++++---------------
 research/dca_paper/out/DCA-costs-1m.md   |   90 +-
 research/s8_loop/out/day_brake.json      |    2 +-
 7 files changed, 1716 insertions(+), 1602 deletions(-)
To github.com:n0tgod/algoth_v2.git
   6ecf616..1bb9f9d  main -> main
branch 'main' set up to track 'origin/main'.
опубликовано

конец: 2026-09-06T17:26:19Z, код 0
