== задание dca-levcap ==
строка: run research/dca_paper/run_paper.py
начало: 2026-09-05T22:20:29Z
запускаю: .venv/bin/python research/dca_paper/run_paper.py 
кэш реплея не используется: правила реплея изменились
sheets.jsonl: ног 938712
решений под гейтом 9005, в кэше 0, считаю заново 9005
ног под гейтом 9005 (шортов 313), символов 650
окно решений 2026-08-08 18:07 … 2026-09-05 22:08 UTC (28.2 суток, дат 29)
  символ 19/650  взято 481
  символ 29/650  взято 757
  символ 47/650  взято 1237
  символ 54/650  взято 1393
  символ 60/650  взято 1519
  символ 69/650  взято 1674
  символ 133/650  взято 2073
  символ 165/650  взято 2361
  символ 202/650  взято 2805
  символ 228/650  взято 3056
  символ 275/650  взято 3589
  символ 320/650  взято 4263
  символ 342/650  взято 4907
  символ 378/650  взято 5768
  символ 391/650  взято 6057
  символ 428/650  взято 6751
  символ 441/650  взято 7037
  символ 469/650  взято 7607
  символ 479/650  взято 7808
  символ 521/650  взято 8181
  символ 545/650  взято 8461
  символ 548/650  взято 8508
  символ 571/650  взято 8726
  символ 587/650  взято 8821
  символ 591/650  взято 8847
  символ 603/650  взято 8905
  символ 611/650  взято 8935
  символ 621/650  взято 8959
запись доходит до 2026-09-05 22:42 UTC; позиций закрытых 16719, открытых 197, оборванных записью 1094
хвост: имён с дописанным 220, минут 3618, исходов по котировке 340, вход из котировки отклонён у 0 решений
линейка безопасная (safe): позиций 7332, после правила одной на имя 1761
  депозит $1,000: мест 40, взято 421, нет кассы 1340, мельче $5 0, открытых 22, оборванных записью 63
  депозит $10,000: мест 400, взято 1694, нет кассы 67, мельче $5 0, открытых 22, оборванных записью 131
  депозит $100,000: мест 689, взято 1761, нет кассы 0, мельче $5 0, открытых 22, оборванных записью 134
линейка оптимальная (optimal): позиций 7332, после правила одной на имя 1770
  депозит $1,000: мест 40, взято 437, нет кассы 1333, мельче $5 0, открытых 22, оборванных записью 63
  депозит $10,000: мест 400, взято 1703, нет кассы 67, мельче $5 0, открытых 22, оборванных записью 130
  депозит $100,000: мест 689, взято 1770, нет кассы 0, мельче $5 0, открытых 22, оборванных записью 133
линейка агрессивная (aggr): позиций 7332, гейт плеча ≥4× отсеял 5380, после правила одной на имя 635
  депозит $1,000: мест 160, взято 471, нет кассы 164, мельче $5 0, открытых 2, оборванных записью 9
  депозит $10,000: мест 357, взято 635, нет кассы 0, мельче $5 0, открытых 2, оборванных записью 11
  депозит $100,000: мест 355, взято 635, нет кассы 0, мельче $5 0, открытых 2, оборванных записью 11
линейка безопасная (шорт) (safe_s): позиций 308, после правила одной на имя 208
  депозит $1,000: мест 40, взято 196, нет кассы 12, мельче $5 0, открытых 30, оборванных записью 31
  депозит $10,000: мест 400, взято 208, нет кассы 0, мельче $5 0, открытых 30, оборванных записью 32
  депозит $100,000: мест 689, взято 208, нет кассы 0, мельче $5 0, открытых 30, оборванных записью 32
линейка оптимальная (шорт) (optimal_s): позиций 308, после правила одной на имя 208
  депозит $1,000: мест 40, взято 155, нет кассы 13, мельче $5 40, открытых 20, оборванных записью 28
  депозит $10,000: мест 400, взято 208, нет кассы 0, мельче $5 0, открытых 30, оборванных записью 32
  депозит $100,000: мест 689, взято 208, нет кассы 0, мельче $5 0, открытых 30, оборванных записью 32
линейка агрессивная (шорт) (aggr_s): позиций 308, гейт плеча ≥4× отсеял 217, после правила одной на имя 69
  депозит $1,000: мест 160, взято 69, нет кассы 0, мельче $5 0, открытых 6, оборванных записью 5
  депозит $10,000: мест 714, взято 69, нет кассы 0, мельче $5 0, открытых 6, оборванных записью 5
  депозит $100,000: мест 689, взято 69, нет кассы 0, мельче $5 0, открытых 6, оборванных записью 5
журнал: было 56979, дописано 9704 в 28 суточных файлов
# DCA — бумажные книги на трёх депозитах

Книг девять: три РЕЖИМА × три депозита. Внутри режима книги отличаются РОВНО депозитом: правила, гейты, ограда и выходы у них одни. Билет при этом НЕ один и тот же, и это не третья ось: он считается ОДНОЙ формулой — `максимум(пол режима, депозит / (пик режима × запас))`, — просто пол и пик у каждого режима свои.

| режим | пол | пик | билет | мест |
|---|--:|--:|--:|--:|
| безопасная | $25 | 457 | $25 / $25 / $145 | 40 / 400 / 689 |
| оптимальная | $25 | 457 | $25 / $25 / $145 | 40 / 400 / 689 |
| агрессивная | $6.25 | 237 | $6.25 / $28 / $281 | 160 / 357 / 355 |
| безопасная (шорт) | $25 | 457 | $25 / $25 / $145 | 40 / 400 / 689 |
| оптимальная (шорт) | $25 | 457 | $25 / $25 / $145 | 40 / 400 / 689 |
| агрессивная (шорт) | $6.25 | 457 | $6.25 / $14 / $145 | 160 / 714 / 689 |

**Пол задаёт биржа, и он у режимов разный.** Минимальный ордер площадки ровно $5, самый мелкий рунг лестницы — 0.25 нотионала, значит маржа не бывает меньше `$5 / 0.25 / плечо`. Худшее плечо режима без гейта есть 1× (забор выдаёт от единицы) — отсюда $20 и, с четвертью запаса на просадку, пол $25. У режима с гейтом худший случай есть сам гейт (4×), и пол выходит вчетверо ниже — $6.25.

**Потолок задаёт книга (решение владельца 2026-09-04): билет поднят так, чтобы хватало на ВСЕ места.** Пики ИЗМЕРЕНЫ по журналу: у двух режимов без гейта он один и тот же (457 — они берут одни решения и различаются лишь плечом), у режима с гейтом 237. Запас 1.5× нужен потому, что пик есть максимум выборки, а сечение растёт с записью. Правило само говорит главное: **мелкий депозит наполнить нельзя** — у него связывает пол биржи.

**Что здесь изменено 2026-09-04 и почему** (просьба владельца «оптимизировать книги под их названия»). Прежде на все три режима шёл пик ПУЛА, и «агрессивная» от этого стояла недогруженной: позиций у неё вдвое меньше, то есть её собственный пик ниже, и при полном по её меркам портфеле часть денег простаивала. Замер `name_check.py` назвал это числом — загрузка 4.0 % против 19.5 у «оптимальной», пик 59 % против 100, — то есть имя было честным по позиции и нечестным по книге. **Билет при этом не стал особым:** формула одна на все режимы, различаются лишь их собственные пол и пик, поэтому режимы по-прежнему отличаются РОВНО одним объявленным правилом (гейтом плеча), и контрольная рука со старым билетом не нужна. Числа безопасной и оптимальной не сдвинулись ни на цент — их пол и пик прежние.

**Чего правка НЕ чинит, и это надо знать до чтения таблицы.** Билет лечит простой денег при полном портфеле; он не лечит того, что режим с гейтом торгует вспышками — на нашей записи 13 календарных дней из 26. Средняя загрузка у него останется заметно ниже: полный по своим меркам портфель он держит редко. Это свойство ГЕЙТА, а не недогруз по нашему выбору, и лечить его билетом нельзя — билет, поднятый до средней загрузки соседей, в пик потребовал бы больше денег, чем есть, и состав книги начал бы решаться очередью за кассой, а не правилом.

**Биржевое правило соблюдается с первого дня:** у имени позиция одна, второй выбор по той же монете пропущен. Реплей D-серии этого не делал, и его «пик 3206» описывал ЛОТЫ, а не позиции.

**Кривая одна: бэктест и live в общем счёте** (решение владельца 2026-09-04). Пересчёт по прошлому есть ПРЕДЫСТОРИЯ живой записи, а не вторая книга, и рвать её надвое незачем — у сделки бэктеста стоит метка. Решение считается записанным вперёд, если попало в журнал не позже 120 ч после самого себя (предел жизни позиции 72 ч плюс двое суток на прогон). Числа обеих групп стоят рядом отдельной таблицей — и это не половинчатость: веса модели видели те часы, и без объёма бэктеста общая кривая читалась бы треком.

**Считаются ПОЗИЦИИ, а не сделки.** У имени позиция одна, а входов у неё несколько: база плюс доливы лестницы. Поэтому в таблице стоит число закрытых позиций, рядом число входов, а открытые позиции идут ОТДЕЛЬНОЙ строкой с отметкой — до выхода их результат станет любым, и складывать его с закрытым нельзя.

**Версия правил книг — 6, и запись начата с неё.** Смена версии отставляет прежние строки не из аккуратности: правило, по которому они писаны, было другим, и сшивать две кривые в одну значит показывать книгу, которой не было. Версия поднята трижды: билетом (пол режима и его же пик), исходом позиции, чей срок ещё шёл (ниже), и ТЕЙКОМ.

**Тейк (правка 2026-09-05, замер D8): цель от плавающей ТВХ, расстояние 2 обещания `mfe`.** Было — неподвижная цена `вход · (1 + mfe)`, тогда как ТВХ едет вниз с каждым доливом. Оба множителя выведены сеткой из 17 объявленных до прогона ячеек (`dca_ladder/out/D8-take-1m.md`): якорь берётся за согласованность (тейк по ТВХ платит тождественно «заполненный нотионал × доля»), расстояние — за деньги и форму (обещание стояло на 2.56 % при суточной σ имени 5.55 %). Вся прежняя история пересчитана этим правилом и лежит В ТОМ ЖЕ блоке с пометкой бэктеста — решение владельца: одна кривая, у сделки пересчёта метка.

**Решение, принятое до 2026-09-05 22:17 UTC, помечено бэктестом по построению** — правило выбрано ПОСЛЕ того, как эти часы стали видны, и задержка записи тут ничего не меняет. Без этой границы каждая смена правил молча перекрашивала бы последние 120 ч пересчёта в «вперёд».

**Позиция, чей срок ещё идёт, больше не закрывается «по сроку».** Это дефект, найденный при этой правке: реплей кончал позицию последним баром записи и выдавал это за исход правила — тот же класс, что D7 нашла у обрыва ряда. Теперь «срок» засчитывается, только если окно дошло до планового конца; иначе позиция либо ЖИВА (её символ пишется до сих пор), либо оборвана записью (ряд символа кончился раньше остальных), и вторая в счёт не идёт вовсе.

**Хвост ленты продолжается серединой стакана (решение владельца 2026-09-05), и это ПРАВИЛО книги, а не поправка.** Бары исходов читаются из ленты, а минута без единой сделки бара не даёт вовсе: у тонкого имени хвост окна пуст не потому, что цены не было, а потому, что по ней не торговали — стакан в те же минуты снимается раз в секунду. Позиция, чьё окно не дошло до конца только из-за отсутствия принтов, теперь получает исход по НАБЛЮДЁННЫМ ценам вместо вечного «оборвано записью». Правило держит три границы: дописывается только хвост (внутренние дыры не заполняются — по тем же барам считаются вход и цены рунгов); вход из котировки позицию не открывает (хвост продолжает начатое, а не заводит новых сделок); лимитка на минуте без принтов не заполняется вовсе — рунг и тейк исполняет чужой принт, а пол капитуляции, ликвидация и срок суть рыночные выходы против котировки и считаются. На этом прогоне хвост дописан 3618 минут 220 именам; исходов, посчитанных по котировке, 299 из 9704 закрытых позиций книг; вход из котировки отклонён у 0 решений; имён, у которых хвоста нет и в книге, 430 — такая позиция остаётся оборванной, потому что отсутствие свидетельства не есть свидетельство отсутствия. Оборванными остались записи по причинам: книга есть, но не в окне этой позиции — 879; книги в хвосте нет вовсе — 213; книга кончилась раньше планового конца — 2. **Архива записи это не потребовало:** в журнал попадают только закрытые позиции, а закрытой позиция становится, когда её окно дошло до конца ЛЕНТОЙ, то есть хвост лежит вне её окна; оборванные же не писались вовсе. Значит правило не меняет ни одной записанной строки, а только добавляет исходы, которых не было. **Деньги от него ХУДЕЮТ, и это ожидалось**: замер `DCA-cut-check.md` дал −8.9…−121.2 $ по книгам (−0.05…−1.26 п.п. к депозиту) — оборванные позиции были в среднем хуже средней, и прежние числа книг слегка льстили.

**Две колонки концентрации отвечают на РАЗНЫЕ вопросы.** «Без лучшего имени» ловит одну разогнанную монету; «без 3 лучших дней» ловит один рыночный эпизод, который раздаёт деньги десяткам имён разом, и первой колонке он невидим. Если вторая уводит итог в минус, книга описывает не правило, а тот эпизод. У книги моложе четырёх дней вычитать нечего, и там стоит прочерк — величина не измерена, а не равна нулю.

**Режимов три, и книг поэтому девять.** Плечо не настройка агрессивности: оно выводится из неравенства безопасности, и режим задаёт, ИЗ ЧЕГО. **Безопасная** — плечо от собственной σ имени: запас 6 суточных σ до ликвидации. Волатильному имени плеча достаётся меньше. Замер D5: ликвидаций 0.000 % против 0.058 %, худшая позиция −29.8 % против −100 %, укус 21.7 против 46.7 — ценой примерно четверти обычного дня (медиана дня +0.200 % против +0.270 %). **Оптимальная** — плечо от глубины лестницы: запас 2 · d_max до ликвидации. Медиана позиции выше (+1.91 % против +1.26 % в замере D5), но хвост тяжелее и щедрее всего линейка ровно к волатильным именам — D3 намерил у неё антиселективность: медианное плечо хвоста 7.34× против 3.02× по книге. **Агрессивная** — та же глубина лестницы, что у «оптимальной», плюс ГЕЙТ ВХОДА: берутся только решения, которым забор выдал плечо не меньше порога. Порог не назначен, а взят из ячейки, породившей вопрос: в замере D6 при билете $5 биржевой пол требовал нотионал ≥ $20, то есть плечо ≥ 4×, и именно та ячейка дала +20.51 % за окно. Здесь это объявленное правило, а не побочный эффект билета, который биржа не примет. Знать надо и обратное: D3 намерил, что плечо и есть источник хвоста (медианное плечо хвоста 7.34× против 3.02× по книге), то есть режим намеренно садится в хвостовую зону. **Безопасная (шорт)** — Зеркало длинной книги той же линейки: те же гейты, та же лестница и тот же забор, знак зеркальный — доливы вверх, цель вниз, ликвидация сверху. Заведена, чтобы проверить названную владельцем цель: сглаживают ли короткие книги длинные. Сглаживание есть утверждение о СВЯЗИ дневных денег сторон, и меряется оно отдельно; само по себе зеркало его не даёт. Хвост у сторон не зеркален: у шорта убыток сверху не ограничен ничем. Линейка плеча та же, что у книги «безопасная». **Оптимальная (шорт)** — Зеркало длинной книги той же линейки: те же гейты, та же лестница и тот же забор, знак зеркальный — доливы вверх, цель вниз, ликвидация сверху. Заведена, чтобы проверить названную владельцем цель: сглаживают ли короткие книги длинные. Сглаживание есть утверждение о СВЯЗИ дневных денег сторон, и меряется оно отдельно; само по себе зеркало его не даёт. Хвост у сторон не зеркален: у шорта убыток сверху не ограничен ничем. Линейка плеча та же, что у книги «оптимальная». **Агрессивная (шорт)** — Зеркало длинной книги той же линейки: те же гейты, та же лестница и тот же забор, знак зеркальный — доливы вверх, цель вниз, ликвидация сверху. Заведена, чтобы проверить названную владельцем цель: сглаживают ли короткие книги длинные. Сглаживание есть утверждение о СВЯЗИ дневных денег сторон, и меряется оно отдельно; само по себе зеркало его не даёт. Хвост у сторон не зеркален: у шорта убыток сверху не ограничен ничем. Линейка плеча та же, что у книги «агрессивная». Имена — ярлыки, а не вердикт: какой режим лучше, покажет форвард, и все три ведутся параллельно ровно затем, чтобы вопрос решали числа, а не выбор задним числом.

## Общий счёт: бэктест и live вместе

| режим | депозит | билет | мест | позиций | входов | имён | дней | $ | к депозиту | просадка | медиана дня | худший день | зелёных | укус | $ без лучшего имени | $ без 3 лучших дней |
|---|---|--:|--:|--:|--:|--:|--:|--:|--:|--:|--:|--:|--:|--:|--:|--:|
| безопасная | $1,000 | $25 | 40 | 336 | 458 | 254 | 27 | 107.39 | +10.74 % | -2.14 % | +0.107 % | -2.03 % | 0.59 | 3.7 | 103.24 | 10.45 |
| оптимальная | $1,000 | $25 | 40 | 352 | 485 | 260 | 27 | 131.96 | +13.20 % | -4.25 % | -0.012 % | -2.81 % | 0.48 | 3.5 | 116.55 | -42.34 |
| агрессивная | $1,000 | $6.25 | 160 | 460 | 722 | 264 | 16 | 329.36 | +32.94 % | -1.28 % | +0.056 % | -0.87 % | 0.62 | 2.1 | 319.43 | 3.00 |
| безопасная (шорт) | $1,000 | $25 | 40 | 135 | 184 | 121 | 25 | -112.81 | -11.28 % | -14.07 % | -0.007 % | -4.74 % | 0.48 | 6.7 | -126.73 | -147.02 |
| оптимальная (шорт) | $1,000 | $25 | 40 | 107 | 164 | 98 | 24 | -187.67 | -18.77 % | -21.25 % | -0.013 % | -8.90 % | 0.46 | 10.3 | -205.56 | -226.08 |
| агрессивная (шорт) | $1,000 | $6.25 | 160 | 58 | 126 | 56 | 19 | -45.56 | -4.56 % | -5.75 % | +0.031 % | -2.65 % | 0.53 | 10.0 | -50.26 | -57.03 |
| безопасная | $10,000 | $25 | 400 | 1541 | 2081 | 563 | 28 | 880.90 | +8.81 % | -0.23 % | +0.017 % | -0.22 % | 0.64 | 3.4 | 872.97 | 80.63 |
| оптимальная | $10,000 | $25 | 400 | 1551 | 2130 | 563 | 28 | 1,834.54 | +18.35 % | -0.53 % | +0.016 % | -0.40 % | 0.57 | 3.3 | 1,798.69 | 159.02 |
| агрессивная | $10,000 | $28 | 357 | 622 | 987 | 327 | 16 | 2,166.00 | +21.66 % | -0.57 % | +0.025 % | -0.39 % | 0.69 | 2.6 | 2,125.09 | 46.67 |
| безопасная (шорт) | $10,000 | $25 | 400 | 146 | 205 | 131 | 25 | -135.63 | -1.36 % | -1.67 % | -0.001 % | -0.66 % | 0.48 | 9.0 | -151.49 | -173.51 |
| оптимальная (шорт) | $10,000 | $25 | 400 | 146 | 214 | 131 | 24 | -200.23 | -2.00 % | -2.32 % | -0.002 % | -1.06 % | 0.46 | 10.2 | -219.13 | -242.02 |
| агрессивная (шорт) | $10,000 | $14 | 714 | 58 | 126 | 56 | 19 | -102.23 | -1.02 % | -1.30 % | +0.007 % | -0.60 % | 0.53 | 10.1 | -112.85 | -128.64 |
| безопасная | $100,000 | $145 | 689 | 1605 | 2172 | 584 | 28 | 5,382.09 | +5.38 % | -0.13 % | +0.010 % | -0.13 % | 0.64 | 3.4 | 5,336.54 | 430.25 |
| оптимальная | $100,000 | $145 | 689 | 1615 | 2221 | 584 | 28 | 11,090.60 | +11.09 % | -0.31 % | +0.009 % | -0.23 % | 0.57 | 3.5 | 10,893.70 | 818.76 |
| агрессивная | $100,000 | $281 | 355 | 622 | 987 | 327 | 16 | 21,741.09 | +21.74 % | -0.57 % | +0.025 % | -0.39 % | 0.69 | 2.6 | 21,330.31 | 469.06 |
| безопасная (шорт) | $100,000 | $145 | 689 | 146 | 205 | 131 | 25 | -787.71 | -0.79 % | -0.97 % | -0.000 % | -0.38 % | 0.48 | 9.0 | -880.29 | -1,008.90 |
| оптимальная (шорт) | $100,000 | $145 | 689 | 146 | 214 | 131 | 24 | -1,162.65 | -1.16 % | -1.35 % | -0.001 % | -0.62 % | 0.46 | 10.3 | -1,272.52 | -1,405.95 |
| агрессивная (шорт) | $100,000 | $145 | 689 | 58 | 126 | 56 | 19 | -1,058.82 | -1.06 % | -1.35 % | +0.007 % | -0.62 % | 0.53 | 10.1 | -1,168.77 | -1,332.24 |

## Из него записано вперёд (live)

| режим | депозит | билет | мест | позиций | входов | имён | дней | $ | к депозиту | просадка | медиана дня | худший день | зелёных | укус | $ без лучшего имени | $ без 3 лучших дней |
|---|---|--:|--:|--:|--:|--:|--:|--:|--:|--:|--:|--:|--:|--:|--:|--:|
| безопасная | $1,000 | $25 | 40 | 0 | — | — | — | — | — | — | — | — | — | — | — | — |
| оптимальная | $1,000 | $25 | 40 | 0 | — | — | — | — | — | — | — | — | — | — | — | — |
| агрессивная | $1,000 | $6.25 | 160 | 0 | — | — | — | — | — | — | — | — | — | — | — | — |
| безопасная (шорт) | $1,000 | $25 | 40 | 0 | — | — | — | — | — | — | — | — | — | — | — | — |
| оптимальная (шорт) | $1,000 | $25 | 40 | 0 | — | — | — | — | — | — | — | — | — | — | — | — |
| агрессивная (шорт) | $1,000 | $6.25 | 160 | 0 | — | — | — | — | — | — | — | — | — | — | — | — |
| безопасная | $10,000 | $25 | 400 | 0 | — | — | — | — | — | — | — | — | — | — | — | — |
| оптимальная | $10,000 | $25 | 400 | 0 | — | — | — | — | — | — | — | — | — | — | — | — |
| агрессивная | $10,000 | $28 | 357 | 0 | — | — | — | — | — | — | — | — | — | — | — | — |
| безопасная (шорт) | $10,000 | $25 | 400 | 0 | — | — | — | — | — | — | — | — | — | — | — | — |
| оптимальная (шорт) | $10,000 | $25 | 400 | 0 | — | — | — | — | — | — | — | — | — | — | — | — |
| агрессивная (шорт) | $10,000 | $14 | 714 | 0 | — | — | — | — | — | — | — | — | — | — | — | — |
| безопасная | $100,000 | $145 | 689 | 0 | — | — | — | — | — | — | — | — | — | — | — | — |
| оптимальная | $100,000 | $145 | 689 | 0 | — | — | — | — | — | — | — | — | — | — | — | — |
| агрессивная | $100,000 | $281 | 355 | 0 | — | — | — | — | — | — | — | — | — | — | — | — |
| безопасная (шорт) | $100,000 | $145 | 689 | 0 | — | — | — | — | — | — | — | — | — | — | — | — |
| оптимальная (шорт) | $100,000 | $145 | 689 | 0 | — | — | — | — | — | — | — | — | — | — | — | — |
| агрессивная (шорт) | $100,000 | $145 | 689 | 0 | — | — | — | — | — | — | — | — | — | — | — | — |

Наблюдения ещё нет ни у одной книги, и это не пустота показа: журнал начат сегодня, а решение попадает сюда только после того, как его позиция закрылась. Первые строки появятся следующим суточным прогоном.

## Из него пересчёт по прошлому (бэктест)

| режим | депозит | билет | мест | позиций | входов | имён | дней | $ | к депозиту | просадка | медиана дня | худший день | зелёных | укус | $ без лучшего имени | $ без 3 лучших дней |
|---|---|--:|--:|--:|--:|--:|--:|--:|--:|--:|--:|--:|--:|--:|--:|--:|
| безопасная | $1,000 | $25 | 40 | 336 | 458 | 254 | 27 | 107.39 | +10.74 % | -2.14 % | +0.107 % | -2.03 % | 0.59 | 3.7 | 103.24 | 10.45 |
| оптимальная | $1,000 | $25 | 40 | 352 | 485 | 260 | 27 | 131.96 | +13.20 % | -4.25 % | -0.012 % | -2.81 % | 0.48 | 3.5 | 116.55 | -42.34 |
| агрессивная | $1,000 | $6.25 | 160 | 460 | 722 | 264 | 16 | 329.36 | +32.94 % | -1.28 % | +0.056 % | -0.87 % | 0.62 | 2.1 | 319.43 | 3.00 |
| безопасная (шорт) | $1,000 | $25 | 40 | 135 | 184 | 121 | 25 | -112.81 | -11.28 % | -14.07 % | -0.007 % | -4.74 % | 0.48 | 6.7 | -126.73 | -147.02 |
| оптимальная (шорт) | $1,000 | $25 | 40 | 107 | 164 | 98 | 24 | -187.67 | -18.77 % | -21.25 % | -0.013 % | -8.90 % | 0.46 | 10.3 | -205.56 | -226.08 |
| агрессивная (шорт) | $1,000 | $6.25 | 160 | 58 | 126 | 56 | 19 | -45.56 | -4.56 % | -5.75 % | +0.031 % | -2.65 % | 0.53 | 10.0 | -50.26 | -57.03 |
| безопасная | $10,000 | $25 | 400 | 1541 | 2081 | 563 | 28 | 880.90 | +8.81 % | -0.23 % | +0.017 % | -0.22 % | 0.64 | 3.4 | 872.97 | 80.63 |
| оптимальная | $10,000 | $25 | 400 | 1551 | 2130 | 563 | 28 | 1,834.54 | +18.35 % | -0.53 % | +0.016 % | -0.40 % | 0.57 | 3.3 | 1,798.69 | 159.02 |
| агрессивная | $10,000 | $28 | 357 | 622 | 987 | 327 | 16 | 2,166.00 | +21.66 % | -0.57 % | +0.025 % | -0.39 % | 0.69 | 2.6 | 2,125.09 | 46.67 |
| безопасная (шорт) | $10,000 | $25 | 400 | 146 | 205 | 131 | 25 | -135.63 | -1.36 % | -1.67 % | -0.001 % | -0.66 % | 0.48 | 9.0 | -151.49 | -173.51 |
| оптимальная (шорт) | $10,000 | $25 | 400 | 146 | 214 | 131 | 24 | -200.23 | -2.00 % | -2.32 % | -0.002 % | -1.06 % | 0.46 | 10.2 | -219.13 | -242.02 |
| агрессивная (шорт) | $10,000 | $14 | 714 | 58 | 126 | 56 | 19 | -102.23 | -1.02 % | -1.30 % | +0.007 % | -0.60 % | 0.53 | 10.1 | -112.85 | -128.64 |
| безопасная | $100,000 | $145 | 689 | 1605 | 2172 | 584 | 28 | 5,382.09 | +5.38 % | -0.13 % | +0.010 % | -0.13 % | 0.64 | 3.4 | 5,336.54 | 430.25 |
| оптимальная | $100,000 | $145 | 689 | 1615 | 2221 | 584 | 28 | 11,090.60 | +11.09 % | -0.31 % | +0.009 % | -0.23 % | 0.57 | 3.5 | 10,893.70 | 818.76 |
| агрессивная | $100,000 | $281 | 355 | 622 | 987 | 327 | 16 | 21,741.09 | +21.74 % | -0.57 % | +0.025 % | -0.39 % | 0.69 | 2.6 | 21,330.31 | 469.06 |
| безопасная (шорт) | $100,000 | $145 | 689 | 146 | 205 | 131 | 25 | -787.71 | -0.79 % | -0.97 % | -0.000 % | -0.38 % | 0.48 | 9.0 | -880.29 | -1,008.90 |
| оптимальная (шорт) | $100,000 | $145 | 689 | 146 | 214 | 131 | 24 | -1,162.65 | -1.16 % | -1.35 % | -0.001 % | -0.62 % | 0.46 | 10.3 | -1,272.52 | -1,405.95 |
| агрессивная (шорт) | $100,000 | $145 | 689 | 58 | 126 | 56 | 19 | -1,058.82 | -1.06 % | -1.35 % | +0.007 % | -0.62 % | 0.53 | 10.1 | -1,168.77 | -1,332.24 |

## Открытые позиции

Отметка по последнему бару записи, а не исход: до выхода результат станет любым. С закрытым счётом она не складывается нигде. «Оборвана записью» — позиция, чей ряд кончился раньше остальных (снятие с торгов либо дыра записи): исхода у неё нет, и в счёт она не идёт.

| режим | депозит | открытых | отметка $ | к депозиту | оборвано записью |
|---|---|--:|--:|--:|--:|
| безопасная | $1,000 | 22 | 1.15 | +0.11 % | 63 |
| оптимальная | $1,000 | 22 | 1.89 | +0.19 % | 63 |
| агрессивная | $1,000 | 2 | 0.21 | +0.02 % | 9 |
| безопасная (шорт) | $1,000 | 30 | -9.01 | -0.90 % | 31 |
| оптимальная (шорт) | $1,000 | 20 | -5.96 | -0.60 % | 28 |
| агрессивная (шорт) | $1,000 | 6 | -1.74 | -0.17 % | 5 |
| безопасная | $10,000 | 22 | 1.15 | +0.01 % | 131 |
| оптимальная | $10,000 | 22 | 2.04 | +0.02 % | 130 |
| агрессивная | $10,000 | 2 | 0.86 | +0.01 % | 11 |
| безопасная (шорт) | $10,000 | 30 | -10.28 | -0.10 % | 32 |
| оптимальная (шорт) | $10,000 | 30 | -10.21 | -0.10 % | 32 |
| агрессивная (шорт) | $10,000 | 6 | -4.07 | -0.04 % | 5 |
| безопасная | $100,000 | 22 | 6.44 | +0.01 % | 134 |
| оптимальная | $100,000 | 22 | 11.15 | +0.01 % | 133 |
| агрессивная | $100,000 | 2 | 8.67 | +0.01 % | 11 |
| безопасная (шорт) | $100,000 | 30 | -60.03 | -0.06 % | 32 |
| оптимальная (шорт) | $100,000 | 30 | -59.81 | -0.06 % | 32 |
| агрессивная (шорт) | $100,000 | 6 | -42.09 | -0.04 % | 5 |

## По суткам, депозит $10,000

Итог книги отвечает «сколько всего» и молчит о том, КОГДА: сумма за месяц может стоять на одном дне. Здесь общий счёт (бэктест и live вместе).

| сутки | безопасная | оптимальная | агрессивная | безопасная (шорт) | оптимальная (шорт) | агрессивная (шорт) |
|---|--:|--:|--:|--:|--:|--:|
| 2026-08-09 | 8.38 (10) | -3.16 (11) | -13.20 (2) | 0.03 (1) | -12.63 (2) | — |
| 2026-08-10 | 1.94 (6) | -12.46 (7) | -38.98 (2) | 4.86 (1) | 10.39 (2) | 5.82 (2) |
| 2026-08-11 | -0.70 (9) | -0.86 (9) | -11.12 (1) | -0.30 (1) | — | — |
| 2026-08-12 | -21.90 (18) | -40.03 (17) | -7.00 (2) | -1.07 (7) | 7.94 (6) | 4.41 (5) |
| 2026-08-13 | 3.30 (27) | 2.72 (27) | — | -0.27 (3) | -0.27 (3) | — |
| 2026-08-14 | 0.05 (16) | 0.09 (16) | 2.50 (1) | 1.29 (2) | 1.29 (2) | 0.70 (1) |
| 2026-08-15 | 1.29 (8) | 1.47 (8) | — | — | — | — |
| 2026-08-16 | 0.83 (22) | 2.13 (22) | 1.73 (1) | -30.18 (4) | -30.18 (4) | -17.02 (2) |
| 2026-08-17 | 6.13 (23) | 8.43 (23) | — | 9.78 (10) | 9.78 (10) | 5.84 (5) |
| 2026-08-18 | -1.53 (20) | -1.94 (20) | — | 10.64 (10) | 11.84 (10) | 5.97 (3) |
| 2026-08-19 | 6.75 (46) | 11.04 (46) | 2.58 (3) | 2.86 (3) | 2.86 (3) | 1.49 (1) |
| 2026-08-20 | 190.84 (234) | 391.31 (234) | 441.60 (125) | -12.58 (6) | -12.58 (6) | -6.97 (2) |
| 2026-08-21 | 377.68 (429) | 811.41 (430) | 1,041.70 (250) | -38.41 (8) | -38.42 (8) | -21.80 (3) |
| 2026-08-22 | 231.75 (207) | 472.81 (211) | 636.03 (152) | 4.21 (5) | 14.14 (5) | 8.08 (1) |
| 2026-08-23 | 62.22 (54) | 109.87 (57) | 36.14 (21) | -65.88 (4) | -106.45 (6) | -59.78 (6) |
| 2026-08-24 | 8.42 (63) | 13.11 (64) | 0.81 (23) | -10.33 (7) | -40.43 (9) | -23.35 (4) |
| 2026-08-25 | 3.00 (216) | 51.70 (214) | 57.28 (34) | 9.88 (8) | -18.80 (10) | -10.60 (6) |
| 2026-08-26 | 12.72 (19) | 20.84 (20) | 14.80 (1) | -34.28 (25) | -11.29 (19) | -5.81 (7) |
| 2026-08-27 | -0.79 (43) | -3.21 (43) | — | -0.23 (2) | -0.23 (2) | — |
| 2026-08-28 | -15.60 (46) | -20.19 (47) | — | -0.08 (1) | -0.08 (1) | — |
| 2026-08-29 | -0.51 (2) | -0.56 (2) | — | — | — | — |
| 2026-08-30 | -0.69 (4) | -0.90 (4) | — | 11.10 (7) | 11.03 (7) | 7.44 (5) |
| 2026-08-31 | -0.51 (2) | -0.55 (2) | — | -23.61 (6) | -23.47 (6) | -13.84 (1) |
| 2026-09-01 | -3.06 (1) | -4.81 (1) | — | 0.77 (7) | 0.77 (7) | — |
| 2026-09-02 | -0.50 (3) | -0.67 (3) | — | 10.88 (13) | 10.81 (13) | 9.41 (2) |
| 2026-09-03 | 1.51 (6) | 1.75 (6) | — | -0.63 (3) | -2.07 (3) | -1.14 (1) |
| 2026-09-04 | 2.12 (4) | 8.44 (4) | -11.58 (3) | — | — | — |
| 2026-09-05 | 7.78 (3) | 16.76 (3) | 12.70 (1) | 15.91 (2) | 15.81 (2) | 8.92 (1) |

В скобках — число закрытых позиций этого дня.

## Гейт плеча и собственный пик режима

Гейт стоит ПЕРВЫМ, до правила одной на имя: у режима с гейтом низкоплечевой ранний вход не случается вовсе, и имя остаётся свободным для рычажного. Пик считается по тому, что режим ВЗЯЛ, и стоит рядом с объявленным — тем, из которого посчитан билет. **Объявленный обязан быть не ниже измеренного:** ниже означает, что билет велик и книга теряет решения по кассе, и такая строка кричит, а не молчит.

| режим | решений | отсеял гейт | после одной на имя | медиана плеча | свой пик позиций | объявлен |
|---|--:|--:|--:|--:|--:|--:|
| безопасная | 7332 | нет гейта | 1761 | 1.56× | 464 | 457 ⚠ ниже измеренного |
| оптимальная | 7332 | нет гейта | 1770 | 2.42× | 464 | 457 ⚠ ниже измеренного |
| агрессивная | 7332 | 5380 (плечо < 4×) | 635 | 8.63× | 245 | 237 ⚠ ниже измеренного |
| безопасная (шорт) | 308 | нет гейта | 208 | 1× | 54 | 457 |
| оптимальная (шорт) | 308 | нет гейта | 208 | 1× | 54 | 457 |
| агрессивная (шорт) | 308 | 217 (плечо < 4×) | 69 | 20× | 23 | 457 |

**Объявленный пик ниже измеренного у режимов: безопасная, оптимальная, агрессивная.** Значит билет посчитан от заниженного пика и велик: книга берёт не все свои решения, а первые по очереди за кассой, то есть отказ меняет и состав. Число в `rules.PEAKS` объявлено до прогона и здесь не правится — правка есть решение владельца.

## Что связывает депозит

Числа счётного прогона 2026-09-05 22:42. Касса раздаёт деньги по очереди решений, поэтому книга, которой не хватает мест, берёт не лучшие сигналы, а первые: отказ по кассе меняет не только объём, но и СОСТАВ.

| режим | депозит | мест | взято | нет кассы | мельче пола |
|---|---|--:|--:|--:|--:|
| безопасная | $1,000 | 40 | 421 | 1340 | 0 |
| оптимальная | $1,000 | 40 | 437 | 1333 | 0 |
| агрессивная | $1,000 | 160 | 471 | 164 | 0 |
| безопасная (шорт) | $1,000 | 40 | 196 | 12 | 0 |
| оптимальная (шорт) | $1,000 | 40 | 155 | 13 | 40 |
| агрессивная (шорт) | $1,000 | 160 | 69 | 0 | 0 |
| безопасная | $10,000 | 400 | 1694 | 67 | 0 |
| оптимальная | $10,000 | 400 | 1703 | 67 | 0 |
| агрессивная | $10,000 | 357 | 635 | 0 | 0 |
| безопасная (шорт) | $10,000 | 400 | 208 | 0 | 0 |
| оптимальная (шорт) | $10,000 | 400 | 208 | 0 | 0 |
| агрессивная (шорт) | $10,000 | 714 | 69 | 0 | 0 |
| безопасная | $100,000 | 689 | 1761 | 0 | 0 |
| оптимальная | $100,000 | 689 | 1770 | 0 | 0 |
| агрессивная | $100,000 | 355 | 635 | 0 | 0 |
| безопасная (шорт) | $100,000 | 689 | 208 | 0 | 0 |
| оптимальная (шорт) | $100,000 | 689 | 208 | 0 | 0 |
| агрессивная (шорт) | $100,000 | 689 | 69 | 0 | 0 |

## Чего эти числа НЕ описывают

Живого исполнения здесь нет: сделки считаются реплеем по барам записи, а не сканером на живой цене. Значит не моделируются проскальзывание, очередь в стакане и задержка входа; долив лотов в одно имя запрещён правилом, а не сведён в позицию, то есть маржа и цена ликвидации по-прежнему считаются по каждой позиции отдельно — на бирже они считаются по слитой. Веса модели видели эти часы, поэтому пересчёт читается как оценка СВЕРХУ. Период один и режим рынка один.
публикуется в ветку main:
 jobs/done/dca-levcap.done                       |     1 +
 jobs/done/dca-levcap.log                        |   281 +
 jobs/done/dca-smooth.log                        |    10 +
 jobs/poke.log                                   |     3 +
 research/dca_paper/out/DCA-paper.json           | 14886 +++++++++++++---------
 research/dca_paper/out/DCA-paper.md             |   182 +-
 research/dca_paper/out/journal-2026-08-08.jsonl |    66 +
 research/dca_paper/out/journal-2026-08-09.jsonl |   211 +
 research/dca_paper/out/journal-2026-08-10.jsonl |    45 +
 research/dca_paper/out/journal-2026-08-11.jsonl |    77 +
 research/dca_paper/out/journal-2026-08-12.jsonl |    15 +
 research/dca_paper/out/journal-2026-08-13.jsonl |   277 +
 research/dca_paper/out/journal-2026-08-14.jsonl |   145 +
 research/dca_paper/out/journal-2026-08-15.jsonl |   175 +
 research/dca_paper/out/journal-2026-08-16.jsonl |   106 +
 research/dca_paper/out/journal-2026-08-17.jsonl |   126 +
 research/dca_paper/out/journal-2026-08-18.jsonl |    72 +
 research/dca_paper/out/journal-2026-08-19.jsonl |   959 ++
 research/dca_paper/out/journal-2026-08-20.jsonl |  2301 ++++
 research/dca_paper/out/journal-2026-08-21.jsonl |  2424 ++++
 research/dca_paper/out/journal-2026-08-22.jsonl |  1410 ++
 research/dca_paper/out/journal-2026-08-23.jsonl |   250 +
 research/dca_paper/out/journal-2026-08-24.jsonl |   279 +
 research/dca_paper/out/journal-2026-08-25.jsonl |   347 +
 research/dca_paper/out/journal-2026-08-26.jsonl |    26 +
 research/dca_paper/out/journal-2026-08-27.jsonl |    49 +
 research/dca_paper/out/journal-2026-08-28.jsonl |    23 +
 research/dca_paper/out/journal-2026-08-29.jsonl |    26 +
 research/dca_paper/out/journal-2026-08-30.jsonl |   147 +
 research/dca_paper/out/journal-2026-08-31.jsonl |    39 +
 research/dca_paper/out/journal-2026-09-01.jsonl |    29 +
 research/dca_paper/out/journal-2026-09-02.jsonl |    27 +
 research/dca_paper/out/journal-2026-09-03.jsonl |    48 +
 research/dca_paper/out/journal-2026-09-05.jsonl |     5 +
 research/s8_loop/out/day_brake.json             |     2 +-
 35 files changed, 18823 insertions(+), 6246 deletions(-)
ОТКАЗ: файл больше 5 МБ: research/dca_paper/out/journal-2026-08-21.jsonl (5 МБ)
  Ряды и записи в git не идут — правила .gitignore этапа.

Проверка сохранности данных: docs/DATA-SAFETY.md

конец: 2026-09-05T22:42:40Z, код 0
публикуется в ветку main:
 jobs/done/dca-levcap.done                       |     1 +
 jobs/done/dca-levcap.log                        |   324 +
 jobs/done/dca-smooth.log                        |    10 +
 jobs/poke.log                                   |     3 +
 research/dca_paper/out/DCA-paper.json           | 14886 +++++++++++++---------
 research/dca_paper/out/DCA-paper.md             |   182 +-
 research/dca_paper/out/journal-2026-08-08.jsonl |    66 +
 research/dca_paper/out/journal-2026-08-09.jsonl |   211 +
 research/dca_paper/out/journal-2026-08-10.jsonl |    45 +
 research/dca_paper/out/journal-2026-08-11.jsonl |    77 +
 research/dca_paper/out/journal-2026-08-12.jsonl |    15 +
 research/dca_paper/out/journal-2026-08-13.jsonl |   277 +
 research/dca_paper/out/journal-2026-08-14.jsonl |   145 +
 research/dca_paper/out/journal-2026-08-15.jsonl |   175 +
 research/dca_paper/out/journal-2026-08-16.jsonl |   106 +
 research/dca_paper/out/journal-2026-08-17.jsonl |   126 +
 research/dca_paper/out/journal-2026-08-18.jsonl |    72 +
 research/dca_paper/out/journal-2026-08-19.jsonl |   959 ++
 research/dca_paper/out/journal-2026-08-20.jsonl |  2301 ++++
 research/dca_paper/out/journal-2026-08-21.jsonl |  2424 ++++
 research/dca_paper/out/journal-2026-08-22.jsonl |  1410 ++
 research/dca_paper/out/journal-2026-08-23.jsonl |   250 +
 research/dca_paper/out/journal-2026-08-24.jsonl |   279 +
 research/dca_paper/out/journal-2026-08-25.jsonl |   347 +
 research/dca_paper/out/journal-2026-08-26.jsonl |    26 +
 research/dca_paper/out/journal-2026-08-27.jsonl |    49 +
 research/dca_paper/out/journal-2026-08-28.jsonl |    23 +
 research/dca_paper/out/journal-2026-08-29.jsonl |    26 +
 research/dca_paper/out/journal-2026-08-30.jsonl |   147 +
 research/dca_paper/out/journal-2026-08-31.jsonl |    39 +
 research/dca_paper/out/journal-2026-09-01.jsonl |    29 +
 research/dca_paper/out/journal-2026-09-02.jsonl |    27 +
 research/dca_paper/out/journal-2026-09-03.jsonl |    48 +
 research/dca_paper/out/journal-2026-09-05.jsonl |     5 +
 research/s8_loop/out/day_brake.json             |     2 +-
 35 files changed, 18866 insertions(+), 6246 deletions(-)
ОТКАЗ: файл больше 5 МБ: research/dca_paper/out/journal-2026-08-21.jsonl (5 МБ)
  Ряды и записи в git не идут — правила .gitignore этапа.

Проверка сохранности данных: docs/DATA-SAFETY.md
