== задание dca-own-ticket ==
строка: run research/dca_paper/run_paper.py
начало: 2026-09-04T16:10:08Z
запускаю: .venv/bin/python research/dca_paper/run_paper.py 
sheets.jsonl: ног 874809
лонгов под гейтом 8680, символов 629
окно решений 2026-08-08 18:07 … 2026-09-04 12:10 UTC (26.8 суток, дат 28)
  символ 18/629  взято 443
  символ 43/629  взято 1148
  символ 51/629  взято 1296
  символ 56/629  взято 1365
  символ 139/629  взято 1827
  символ 192/629  взято 2242
  символ 209/629  взято 2368
  символ 210/629  взято 2404
  символ 263/629  взято 3035
  символ 307/629  взято 3898
  символ 346/629  взято 4962
  символ 366/629  взято 5349
  символ 411/629  взято 6234
  символ 428/629  взято 6638
  символ 457/629  взято 7190
  символ 463/629  взято 7322
  символ 483/629  взято 7588
  символ 535/629  взято 8094
  символ 539/629  взято 8144
  символ 560/629  взято 8398
  символ 572/629  взято 8463
  символ 588/629  взято 8561
  символ 601/629  взято 8622
  символ 606/629  взято 8647
  символ 613/629  взято 8663
линейка безопасная (safe): позиций 8680, после правила одной на имя 2270
  депозит $1,000: мест 40, взято 582, нет кассы 1688, мельче $5 0
  депозит $10,000: мест 400, взято 2208, нет кассы 62, мельче $5 0
  депозит $100,000: мест 689, взято 2270, нет кассы 0, мельче $5 0
линейка оптимальная (optimal): позиций 8680, после правила одной на имя 2285
  депозит $1,000: мест 40, взято 596, нет кассы 1689, мельче $5 0
  депозит $10,000: мест 400, взято 2223, нет кассы 62, мельче $5 0
  депозит $100,000: мест 689, взято 2285, нет кассы 0, мельче $5 0
линейка агрессивная (aggr): позиций 8680, гейт плеча ≥4× отсеял 6217, после правила одной на имя 776
  депозит $1,000: мест 160, взято 628, нет кассы 148, мельче $5 0
  депозит $10,000: мест 357, взято 776, нет кассы 0, мельче $5 0
  депозит $100,000: мест 355, взято 776, нет кассы 0, мельче $5 0
журнал: было 22155, дописано 12344
# DCA — бумажные книги на трёх депозитах

Книг девять: три РЕЖИМА × три депозита. Внутри режима книги отличаются РОВНО депозитом: правила, гейты, ограда и выходы у них одни. Билет при этом НЕ один и тот же, и это не третья ось: он считается ОДНОЙ формулой — `максимум(пол режима, депозит / (пик режима × запас))`, — просто пол и пик у каждого режима свои.

| режим | пол | пик | билет | мест |
|---|--:|--:|--:|--:|
| безопасная | $25 | 457 | $25 / $25 / $145 | 40 / 400 / 689 |
| оптимальная | $25 | 457 | $25 / $25 / $145 | 40 / 400 / 689 |
| агрессивная | $6.25 | 237 | $6.25 / $28 / $281 | 160 / 357 / 355 |

**Пол задаёт биржа, и он у режимов разный.** Минимальный ордер площадки ровно $5, самый мелкий рунг лестницы — 0.25 нотионала, значит маржа не бывает меньше `$5 / 0.25 / плечо`. Худшее плечо режима без гейта есть 1× (забор выдаёт от единицы) — отсюда $20 и, с четвертью запаса на просадку, пол $25. У режима с гейтом худший случай есть сам гейт (4×), и пол выходит вчетверо ниже — $6.25.

**Потолок задаёт книга (решение владельца 2026-09-04): билет поднят так, чтобы хватало на ВСЕ места.** Пики ИЗМЕРЕНЫ по журналу: у двух режимов без гейта он один и тот же (457 — они берут одни решения и различаются лишь плечом), у режима с гейтом 237. Запас 1.5× нужен потому, что пик есть максимум выборки, а сечение растёт с записью. Правило само говорит главное: **мелкий депозит наполнить нельзя** — у него связывает пол биржи.

**Что здесь изменено 2026-09-04 и почему** (просьба владельца «оптимизировать книги под их названия»). Прежде на все три режима шёл пик ПУЛА, и «агрессивная» от этого стояла недогруженной: позиций у неё вдвое меньше, то есть её собственный пик ниже, и при полном по её меркам портфеле часть денег простаивала. Замер `name_check.py` назвал это числом — загрузка 4.0 % против 19.5 у «оптимальной», пик 59 % против 100, — то есть имя было честным по позиции и нечестным по книге. **Билет при этом не стал особым:** формула одна на все режимы, различаются лишь их собственные пол и пик, поэтому режимы по-прежнему отличаются РОВНО одним объявленным правилом (гейтом плеча), и контрольная рука со старым билетом не нужна. Числа безопасной и оптимальной не сдвинулись ни на цент — их пол и пик прежние.

**Чего правка НЕ чинит, и это надо знать до чтения таблицы.** Билет лечит простой денег при полном портфеле; он не лечит того, что режим с гейтом торгует вспышками — на нашей записи 13 календарных дней из 26. Средняя загрузка у него останется заметно ниже: полный по своим меркам портфель он держит редко. Это свойство ГЕЙТА, а не недогруз по нашему выбору, и лечить его билетом нельзя — билет, поднятый до средней загрузки соседей, в пик потребовал бы больше денег, чем есть, и состав книги начал бы решаться очередью за кассой, а не правилом.

**Биржевое правило соблюдается с первого дня:** у имени позиция одна, второй выбор по той же монете пропущен. Реплей D-серии этого не делал, и его «пик 3206» описывал ЛОТЫ, а не позиции.

**Наблюдение и пересчёт не складываются никогда.** Решение считается записанным вперёд, если попало в журнал не позже 120 ч после самого себя (предел жизни позиции 72 ч плюс двое суток на прогон). Первый прогон восстанавливает накопленное — оно всё помечено пересчётом.

**Две колонки концентрации отвечают на РАЗНЫЕ вопросы.** «Без лучшего имени» ловит одну разогнанную монету; «без 3 лучших дней» ловит один рыночный эпизод, который раздаёт деньги десяткам имён разом, и первой колонке он невидим. Если вторая уводит итог в минус, книга описывает не правило, а тот эпизод. У книги моложе четырёх дней вычитать нечего, и там стоит прочерк — величина не измерена, а не равна нулю.

**Режимов три, и книг поэтому девять.** Плечо не настройка агрессивности: оно выводится из неравенства безопасности, и режим задаёт, ИЗ ЧЕГО. **Безопасная** — плечо от собственной σ имени: запас 6 суточных σ до ликвидации. Волатильному имени плеча достаётся меньше. Замер D5: ликвидаций 0.000 % против 0.058 %, худшая позиция −29.8 % против −100 %, укус 21.7 против 46.7 — ценой примерно четверти обычного дня (медиана дня +0.200 % против +0.270 %). **Оптимальная** — плечо от глубины лестницы: запас 2 · d_max до ликвидации. Медиана позиции выше (+1.91 % против +1.26 % в замере D5), но хвост тяжелее и щедрее всего линейка ровно к волатильным именам — D3 намерил у неё антиселективность: медианное плечо хвоста 7.34× против 3.02× по книге. **Агрессивная** — та же глубина лестницы, что у «оптимальной», плюс ГЕЙТ ВХОДА: берутся только решения, которым забор выдал плечо не меньше порога. Порог не назначен, а взят из ячейки, породившей вопрос: в замере D6 при билете $5 биржевой пол требовал нотионал ≥ $20, то есть плечо ≥ 4×, и именно та ячейка дала +20.51 % за окно. Здесь это объявленное правило, а не побочный эффект билета, который биржа не примет. Знать надо и обратное: D3 намерил, что плечо и есть источник хвоста (медианное плечо хвоста 7.34× против 3.02× по книге), то есть режим намеренно садится в хвостовую зону. Имена — ярлыки, а не вердикт: какой режим лучше, покажет форвард, и все три ведутся параллельно ровно затем, чтобы вопрос решали числа, а не выбор задним числом.

## Наблюдение (записано вперёд)

| режим | депозит | билет | мест | сделок | имён | дней | $ | к депозиту | просадка | медиана дня | худший день | зелёных | укус | $ без лучшего имени | $ без 3 лучших дней |
|---|---|--:|--:|--:|--:|--:|--:|--:|--:|--:|--:|--:|--:|--:|--:|
| безопасная | $1,000 | $25 | 40 | 33 | 32 | 4 | 0.53 | +0.05 % | -0.12 % | +0.032 % | -0.12 % | 0.75 | 3.2 | -0.20 | -1.20 |
| оптимальная | $1,000 | $25 | 40 | 33 | 32 | 4 | 3.31 | +0.33 % | +0.00 % | +0.042 % | +0.03 % | 1.00 | 0.6 | 1.59 | 0.27 |
| агрессивная | $1,000 | $6.25 | 160 | 4 | 4 | 2 | -3.45 | -0.34 % | -0.37 % | -0.172 % | -0.37 % | 0.50 | 12.7 | -3.92 | — |
| безопасная | $10,000 | $25 | 400 | 33 | 32 | 4 | 0.52 | +0.01 % | -0.01 % | +0.003 % | -0.01 % | 0.75 | 3.2 | -0.20 | -1.18 |
| оптимальная | $10,000 | $25 | 400 | 33 | 32 | 4 | 3.38 | +0.03 % | +0.00 % | +0.004 % | +0.00 % | 1.00 | 0.6 | 1.63 | 0.28 |
| агрессивная | $10,000 | $28 | 357 | 4 | 4 | 2 | -14.45 | -0.14 % | -0.16 % | -0.072 % | -0.16 % | 0.50 | 12.7 | -16.42 | — |
| безопасная | $100,000 | $145 | 689 | 33 | 32 | 4 | 2.95 | +0.00 % | -0.01 % | +0.002 % | -0.01 % | 0.75 | 3.2 | -1.12 | -6.69 |
| оптимальная | $100,000 | $145 | 689 | 33 | 32 | 4 | 18.73 | +0.02 % | +0.00 % | +0.002 % | +0.00 % | 1.00 | 0.6 | 9.02 | 1.54 |
| агрессивная | $100,000 | $281 | 355 | 4 | 4 | 2 | -145.07 | -0.15 % | -0.16 % | -0.073 % | -0.16 % | 0.50 | 12.7 | -164.89 | — |

## Пересчёт по прошлому

| режим | депозит | билет | мест | сделок | имён | дней | $ | к депозиту | просадка | медиана дня | худший день | зелёных | укус | $ без лучшего имени | $ без 3 лучших дней |
|---|---|--:|--:|--:|--:|--:|--:|--:|--:|--:|--:|--:|--:|--:|--:|
| безопасная | $1,000 | $25 | 40 | 549 | 348 | 26 | 83.72 | +8.37 % | -2.36 % | +0.009 % | -2.22 % | 0.54 | 5.2 | 74.36 | -11.17 |
| оптимальная | $1,000 | $25 | 40 | 563 | 356 | 26 | 101.32 | +10.13 % | -5.35 % | -0.009 % | -3.77 % | 0.50 | 14.3 | 78.74 | -71.96 |
| агрессивная | $1,000 | $6.25 | 160 | 624 | 287 | 13 | 210.18 | +21.02 % | -1.23 % | +0.012 % | -0.87 % | 0.54 | 5.3 | 201.94 | -26.71 |
| безопасная | $10,000 | $25 | 400 | 2175 | 611 | 26 | 659.55 | +6.60 % | -0.41 % | +0.002 % | -0.35 % | 0.58 | 4.6 | 648.24 | 15.80 |
| оптимальная | $10,000 | $25 | 400 | 2190 | 611 | 26 | 1,243.91 | +12.44 % | -0.54 % | -0.002 % | -0.51 % | 0.50 | 3.6 | 1,212.17 | -39.01 |
| агрессивная | $10,000 | $28 | 357 | 772 | 327 | 13 | 1,326.62 | +13.27 % | -0.52 % | +0.009 % | -0.37 % | 0.54 | 3.9 | 1,290.64 | -102.11 |
| безопасная | $100,000 | $145 | 689 | 2237 | 626 | 26 | 4,003.15 | +4.00 % | -0.24 % | +0.001 % | -0.20 % | 0.58 | 4.5 | 3,938.60 | 75.87 |
| оптимальная | $100,000 | $145 | 689 | 2252 | 626 | 26 | 7,482.65 | +7.48 % | -0.31 % | -0.001 % | -0.28 % | 0.50 | 3.6 | 7,305.47 | -245.81 |
| агрессивная | $100,000 | $281 | 355 | 772 | 327 | 13 | 13,315.08 | +13.32 % | -0.52 % | +0.009 % | -0.37 % | 0.54 | 3.9 | 12,953.94 | -1,024.91 |

## Гейт плеча и собственный пик режима

Гейт стоит ПЕРВЫМ, до правила одной на имя: у режима с гейтом низкоплечевой ранний вход не случается вовсе, и имя остаётся свободным для рычажного. Пик считается по тому, что режим ВЗЯЛ, и стоит рядом с объявленным — тем, из которого посчитан билет. **Объявленный обязан быть не ниже измеренного:** ниже означает, что билет велик и книга теряет решения по кассе, и такая строка кричит, а не молчит.

| режим | решений | отсеял гейт | после одной на имя | медиана плеча | свой пик позиций | объявлен |
|---|--:|--:|--:|--:|--:|--:|
| безопасная | 8680 | нет гейта | 2270 | 1.61× | 457 | 457 |
| оптимальная | 8680 | нет гейта | 2285 | 2.75× | 457 | 457 |
| агрессивная | 8680 | 6217 (плечо < 4×) | 776 | 8.52× | 237 | 237 |

## Что связывает депозит

Числа счётного прогона 2026-09-04 16:27. Касса раздаёт деньги по очереди решений, поэтому книга, которой не хватает мест, берёт не лучшие сигналы, а первые: отказ по кассе меняет не только объём, но и СОСТАВ.

| режим | депозит | мест | взято | нет кассы | мельче пола |
|---|---|--:|--:|--:|--:|
| безопасная | $1,000 | 40 | 582 | 1688 | 0 |
| оптимальная | $1,000 | 40 | 596 | 1689 | 0 |
| агрессивная | $1,000 | 160 | 628 | 148 | 0 |
| безопасная | $10,000 | 400 | 2208 | 62 | 0 |
| оптимальная | $10,000 | 400 | 2223 | 62 | 0 |
| агрессивная | $10,000 | 357 | 776 | 0 | 0 |
| безопасная | $100,000 | 689 | 2270 | 0 | 0 |
| оптимальная | $100,000 | 689 | 2285 | 0 | 0 |
| агрессивная | $100,000 | 355 | 776 | 0 | 0 |

## Чего эти числа НЕ описывают

Живого исполнения здесь нет: сделки считаются реплеем по барам записи, а не сканером на живой цене. Значит не моделируются проскальзывание, очередь в стакане и задержка входа; долив лотов в одно имя запрещён правилом, а не сведён в позицию, то есть маржа и цена ликвидации по-прежнему считаются по каждой позиции отдельно — на бирже они считаются по слитой. Веса модели видели эти часы, поэтому пересчёт читается как оценка СВЕРХУ. Период один и режим рынка один.
публикуется в ветку main:
 jobs/done/dca-own-ticket.done         |     1 +
 jobs/done/dca-own-ticket.log          |   128 +
 jobs/done/ps-modes.done               |     1 +
 jobs/done/ps-modes.log                |     9 +
 jobs/poke.log                         |     5 +
 research/dca_paper/out/DCA-paper.json |   326 +-
 research/dca_paper/out/DCA-paper.md   |    62 +-
 research/dca_paper/out/journal.jsonl  | 12344 ++++++++++++++++++++++++++++++++
 research/s8_loop/out/day_brake.json   |     2 +-
 9 files changed, 12710 insertions(+), 168 deletions(-)
ОТКАЗ: файл больше 5 МБ: research/dca_paper/out/journal.jsonl (7 МБ)
  Ряды и записи в git не идут — правила .gitignore этапа.

Проверка сохранности данных: docs/DATA-SAFETY.md

конец: 2026-09-04T16:27:04Z, код 0
публикуется в ветку main:
 jobs/done/dca-own-ticket.done         |     1 +
 jobs/done/dca-own-ticket.log          |   145 +
 jobs/done/ps-modes.done               |     1 +
 jobs/done/ps-modes.log                |     9 +
 jobs/poke.log                         |     5 +
 research/dca_paper/out/DCA-paper.json |   326 +-
 research/dca_paper/out/DCA-paper.md   |    62 +-
 research/dca_paper/out/journal.jsonl  | 12344 ++++++++++++++++++++++++++++++++
 research/s8_loop/out/day_brake.json   |     2 +-
 9 files changed, 12727 insertions(+), 168 deletions(-)
ОТКАЗ: файл больше 5 МБ: research/dca_paper/out/journal.jsonl (7 МБ)
  Ряды и записи в git не идут — правила .gitignore этапа.

Проверка сохранности данных: docs/DATA-SAFETY.md
