== задание dca-costs-2 ==
строка: run research/dca_paper/costs.py
начало: 2026-09-06T17:18:28Z
запускаю: .venv/bin/python research/dca_paper/costs.py 
журнал: 67446 строк, битых 0, кусков 32
funding: рядов 584 из 584 нужных активов
строк с исходом 67446; тейкер по умолчанию у 3161, без комиссии 34499, без ряда funding 3161, ряд не покрывает 33114, ставка на входе неизвестна 3161
# Издержки бумажных DCA-книг: комиссия, funding, гейт по ставке

Вопрос владельца 2026-09-06: «считаются ли в DCA-стратегиях издержки — комиссия биржи, проскальзывание?» **Нет:** журнал книг несёт брутто, в коде книг ни комиссии, ни проскальзывания, ни funding нет (круг издержек встречается только в гейте входа `3 × круг`). Здесь издержки посчитаны ПО ЗАПИСИ, журнал и правила не тронуты.

**Комиссия** — тейкер по символу из справочника универсума (ставки 2.75, 5.5, 11 б.п.; символу без ставки — 5.5, таких строк 3161), на каждом рунге и на выходе. **Funding** — ряды площадки исполнения, на каждом начислении ставка × нотионал, открытый к этому моменту (по ценам рунгов, марк-цены в записи нет); лонгу положительная ставка — расход, шорту — доход. Ряд, не покрывающий жизнь позиции, даёт «не измерено», а не ноль. **Проскальзывание не считается** — его нет ни в записи, ни в модели; живой замер D1 дал медиану ~4 б.п. на входе.

Строк с исходом 67446; рядов funding 584, покрытие позиций 46.2 % при пороге вердикта 50 % — **funding НЕ измерен, колонки нетто читать нельзя**. Версия правил книг 6.

## По книгам (суммы в $, медианы на позицию в б.п. МАРЖИ)

| книга | сторона | n | брутто $ | комиссия $ | funding $ | измерено | нетто $ (измеренные) | брутто измеренных $ | комиссия б.п. | funding б.п. | брутто б.п. | медиана дня брутто → нетто | зелёных | укус |
|---|---|---:|---:|---:|---:|---:|---:|---:|---:|---:|---:|---:|---:|---:|
| `aggr:1000` | long | 2473 | +1,306.15 | -42.08 | -9.41 | 1560 | +808.05 | +859.35 | +26.9 | -3.4 | +717.3 | +0.189 % → +0.136 % | +59 % → +65 % | 7.3 → 6.9 |
| `aggr:10000` | long | 3594 | +8,053.13 | -235.62 | -54.87 | 2033 | +5,288.14 | +5,577.25 | +27.2 | -3.6 | +732.7 | +0.060 % → +0.061 % | +59 % → +65 % | 6.5 → 4.7 |
| `aggr:100000` | long | 3594 | +75,794.99 | -2,365.19 | -550.80 | 2033 | +53,078.29 | +55,980.41 | +27.2 | -3.6 | +732.7 | +0.057 % → +0.062 % | +65 % → +65 % | 6.7 → 4.7 |
| `aggr_s:1000` | short | 126 | -121.89 | -9.83 | +1.08 | 114 | -149.16 | -141.15 | +113.8 | +25.2 | +308.3 | +0.094 % → -0.327 % | +52 % → +42 % | 18.3 → 35.1 |
| `aggr_s:10000` | short | 126 | -274.87 | -22.37 | +2.55 | 114 | -337.07 | -318.95 | +113.8 | +25.2 | +308.3 | +0.021 % → -0.078 % | +52 % → +42 % | 18.1 → 35.1 |
| `aggr_s:100000` | short | 126 | -2,846.69 | -231.65 | +26.44 | 114 | -3,490.72 | -3,303.13 | +113.8 | +25.2 | +308.3 | +0.022 % → -0.081 % | +52 % → +42 % | 18.1 → 35.1 |
| `optimal:1000` | long | 3173 | +650.89 | -47.39 | -10.47 | 1271 | +284.16 | +341.00 | +5.5 | -0.5 | +65.9 | +0.069 % → +0.028 % | +57 % → +57 % | 17.5 → 10.3 |
| `optimal:10000` | long | 12178 | +8,603.55 | -228.52 | -53.41 | 5257 | +4,599.60 | +4,878.41 | +9.0 | -1.4 | +181.2 | +0.005 % → +0.004 % | +53 % → +53 % | 6.3 → 4.5 |
| `optimal:100000` | long | 12560 | +45,612.42 | -1,347.33 | -306.47 | 5429 | +27,697.51 | +29,330.18 | +9.0 | -1.4 | +182.0 | +0.003 % → +0.002 % | +53 % → +53 % | 6.0 → 4.8 |
| `optimal_s:1000` | short | 235 | -434.20 | -32.90 | +1.41 | 179 | -537.18 | -508.79 | +2.8 | +2.2 | +13.6 | -0.015 % → -0.069 % | +46 % → +36 % | 15.7 → 37.3 |
| `optimal_s:10000` | short | 324 | -501.34 | -38.58 | +3.29 | 249 | -617.49 | -585.65 | +2.8 | +2.2 | +21.0 | -0.003 % → -0.005 % | +46 % → +38 % | 16.8 → 40.4 |
| `optimal_s:100000` | short | 324 | -2,913.64 | -224.52 | +19.29 | 249 | -3,590.29 | -3,405.14 | +2.8 | +2.2 | +21.0 | -0.002 % → -0.003 % | +46 % → +38 % | 16.7 → 40.2 |
| `safe:1000` | long | 3087 | +538.88 | -22.66 | -5.31 | 1230 | +262.25 | +289.29 | +4.6 | -0.4 | +57.5 | +0.164 % → +0.174 % | +63 % → +67 % | 9.0 → 10.8 |
| `safe:10000` | long | 12100 | +4,381.03 | -104.56 | -26.83 | 5224 | +2,269.66 | +2,398.85 | +5.9 | -0.8 | +122.7 | +0.025 % → +0.037 % | +60 % → +60 % | 5.9 → 4.5 |
| `safe:100000` | long | 12482 | +23,318.09 | -625.22 | -155.20 | 5396 | +13,826.81 | +14,593.11 | +5.9 | -0.8 | +124.2 | +0.011 % → +0.021 % | +60 % → +60 % | 5.5 → 4.6 |
| `safe_s:1000` | short | 300 | -278.30 | -23.31 | -1.89 | 225 | -360.17 | -337.55 | +2.8 | +1.5 | +25.6 | -0.018 % → -0.023 % | +48 % → +37 % | 11.7 → 15.3 |
| `safe_s:10000` | short | 322 | -368.38 | -26.69 | -0.88 | 247 | -457.88 | -433.07 | +2.8 | +2.2 | +21.1 | -0.005 % → -0.003 % | +44 % → +41 % | 20.0 → 50.2 |
| `safe_s:100000` | short | 322 | -2,140.60 | -155.27 | -4.92 | 247 | -2,661.85 | -2,517.71 | +2.8 | +2.2 | +21.1 | -0.003 % → -0.002 % | +44 % → +41 % | 20.0 → 50.3 |

Нетто = брутто − комиссия + funding по позициям, у которых измерены ОБЕ издержки; «брутто измеренных» — брутто того же подмножества, чтобы сравнивать одно с одним. Знак после издержек держат 9 книг из 9 с положительным брутто.

## По сторонам (депозит $10 000)

| сторона | n | брутто $ | комиссия $ | funding $ | нетто $ | funding б.п. на позицию |
|---|---:|---:|---:|---:|---:|---:|
| long | 27872 | +21,037.71 | -568.69 | -135.10 | +12,157.41 | -1.3 |
| short | 772 | -1,144.59 | -87.64 | +4.97 | -1,412.44 | +2.3 |

## Гейт по знаку ставки на входе (лонг при ставке ≤ 0, шорт при ≥ 0)

Обе руки — на позициях с ИЗВЕСТНОЙ ставкой на входе (последняя точка ряда не старше 24 ч до входа); «отсечённые» — те, кого гейт не пустил. Читать по медиане позиции в б.п. маржи: гейт меняет состав, и суммы рук несравнимы по построению.

| книга | известна | прошли гейт | доля | медиана всех, б.п. маржи | медиана прошедших | медиана отсечённых | $ прошедших | $ отсечённых | нетто прошедших $ |
|---|---:|---:|---:|---:|---:|---:|---:|---:|---:|
| `aggr:1000` | 2467 | 126 | 5 % | +717.5 | +760.6 | +717.5 | +115.12 | +1,201.73 | +56.75 |
| `aggr:10000` | 3579 | 180 | 5 % | +732.7 | +915.1 | +732.1 | +530.33 | +7,537.20 | +351.37 |
| `aggr:100000` | 3579 | 180 | 5 % | +732.7 | +915.1 | +732.1 | +4,967.14 | +70,953.92 | +3,526.78 |
| `aggr_s:1000` | 114 | 105 | 92 % | +223.7 | -825.7 | +1942.6 | -150.62 | +9.47 | -155.76 |
| `aggr_s:10000` | 114 | 105 | 92 % | +223.7 | -825.6 | +1942.5 | -340.15 | +21.20 | -351.85 |
| `aggr_s:100000` | 114 | 105 | 92 % | +223.7 | -825.6 | +1942.5 | -3,522.65 | +219.52 | -3,643.89 |
| `optimal:1000` | 2933 | 803 | 27 % | +82.3 | +33.7 | +152.0 | +173.90 | +491.26 | +65.25 |
| `optimal:10000` | 11656 | 1679 | 14 % | +190.5 | +46.1 | +214.8 | +616.60 | +8,035.39 | +322.52 |
| `optimal:100000` | 11990 | 1735 | 14 % | +191.6 | +47.7 | +216.9 | +3,315.27 | +42,340.02 | +2,011.80 |
| `optimal_s:1000` | 179 | 161 | 90 % | +5.8 | +3.0 | +31.7 | -520.94 | +12.16 | -537.49 |
| `optimal_s:10000` | 249 | 231 | 93 % | +12.0 | +11.5 | +31.7 | -598.13 | +12.48 | -618.09 |
| `optimal_s:100000` | 249 | 231 | 93 % | +12.0 | +11.5 | +31.7 | -3,477.63 | +72.49 | -3,593.86 |
| `safe:1000` | 2853 | 771 | 27 % | +66.7 | +32.3 | +103.0 | +83.53 | +467.13 | +32.95 |
| `safe:10000` | 11578 | 1675 | 14 % | +127.7 | +44.8 | +139.7 | +321.72 | +4,065.25 | +165.83 |
| `safe:100000` | 11912 | 1735 | 15 % | +129.4 | +46.4 | +142.0 | +1,773.72 | +21,523.29 | +1,063.07 |
| `safe_s:1000` | 225 | 207 | 92 % | +15.7 | +15.6 | +69.4 | -373.45 | +35.89 | -384.54 |
| `safe_s:10000` | 247 | 229 | 93 % | +13.5 | +11.6 | +69.4 | -468.88 | +35.80 | -482.20 |
| `safe_s:100000` | 247 | 229 | 93 % | +13.6 | +11.5 | +69.4 | -2,725.34 | +207.63 | -2,802.88 |

Гейт помогает по медиане позиции у 3 книг (`aggr:1000`, `aggr:10000`, `aggr:100000`), вредит у 15 (`aggr_s:1000`, `aggr_s:10000`, `aggr_s:100000`, `optimal:1000`, `optimal:10000`, `optimal:100000`, `optimal_s:1000`, `optimal_s:10000`, `optimal_s:100000`, `safe:1000`, `safe:10000`, `safe:100000`, `safe_s:1000`, `safe_s:10000`, `safe_s:100000`); книги с меньше чем 30 прошедшими не судятся.

## Чего замер НЕ говорит

Проскальзывания в числах нет. Funding посчитан по нотионалу рунгов, а не по марк-цене начисления (расхождение — ход цены от рунга до начисления, единицы процентов от самого funding). Комиссия — по сегодняшнему тарифу счёта, прошлых сеток площадка не отдаёт (A1). Гейт по ставке просмотрен ПОСЛЕ прогона книг — правилом он стать может только объявленным заранее и проверенным вперёд.
публикуется в ветку main:
 jobs/done/dca-costs-2.done               |    1 +
 jobs/done/dca-costs-2.log                |   77 +
 jobs/done/funding-refresh.log            |    7 +
 jobs/poke.log                            |    3 +
 research/dca_paper/out/DCA-costs-1m.json | 2780 +++++++++++++++---------------
 research/dca_paper/out/DCA-costs-1m.md   |   86 +-
 6 files changed, 1521 insertions(+), 1433 deletions(-)
To github.com:n0tgod/algoth_v2.git
   3d414c7..d5678de  main -> main
branch 'main' set up to track 'origin/main'.
опубликовано

конец: 2026-09-06T17:18:40Z, код 0
публикуется в ветку main:
 jobs/done/dca-costs-2.log | 14 ++++++++++++++
 1 file changed, 14 insertions(+)
To github.com:n0tgod/algoth_v2.git
   d5678de..e1ca7e8  main -> main
branch 'main' set up to track 'origin/main'.
опубликовано
