== задание dca-restat-dups ==
строка: run research/dca_paper/run_paper.py --restat
начало: 2026-09-07T08:24:11Z
запускаю: .venv/bin/python research/dca_paper/run_paper.py --restat
# DCA — бумажные книги на трёх депозитах

Книг девять: три РЕЖИМА × три депозита. Внутри режима книги отличаются РОВНО депозитом: правила, гейты, ограда и выходы у них одни. Билет при этом НЕ один и тот же, и это не третья ось: он считается ОДНОЙ формулой — `максимум(пол режима, депозит / (пик режима × запас))`, — просто пол и пик у каждого режима свои.

| режим | пол | пик | билет | мест |
|---|--:|--:|--:|--:|
| безопасная | $25 | 457 | $25 / $25 / $145 | 40 / 400 / 689 |
| оптимальная | $25 | 457 | $25 / $25 / $145 | 40 / 400 / 689 |
| агрессивная | $6.25 | 237 | $6.25 / $28 / $281 | 160 / 357 / 355 |
| безопасная (шорт) | $25 | 457 | $25 / $25 / $145 | 40 / 400 / 689 |
| оптимальная (шорт) | $25 | 457 | $25 / $25 / $145 | 40 / 400 / 689 |
| агрессивная (шорт) | $6.25 | 457 | $6.25 / $14 / $145 | 160 / 714 / 689 |

**Пол задаёт биржа, и он у режимов разный.** Минимальный ордер площадки ровно $5, самый мелкий рунг лестницы — 0.25 нотионала, значит маржа не бывает меньше `$5 / 0.25 / плечо`. Худшее плечо режима без гейта есть 1× (забор выдаёт от единицы) — отсюда $20 и, с четвертью запаса на просадку, пол $25. У режима с гейтом худший случай есть сам гейт (4×), и пол выходит вчетверо ниже — $6.25.

**Потолок задаёт книга (решение владельца 2026-09-04): билет поднят так, чтобы хватало на ВСЕ места.** Пики ИЗМЕРЕНЫ по журналу: у двух режимов без гейта он один и тот же (457 — они берут одни решения и различаются лишь плечом), у режима с гейтом 237. Запас 1.5× нужен потому, что пик есть максимум выборки, а сечение растёт с записью. Правило само говорит главное: **мелкий депозит наполнить нельзя** — у него связывает пол биржи.

**Что здесь изменено 2026-09-04 и почему** (просьба владельца «оптимизировать книги под их названия»). Прежде на все три режима шёл пик ПУЛА, и «агрессивная» от этого стояла недогруженной: позиций у неё вдвое меньше, то есть её собственный пик ниже, и при полном по её меркам портфеле часть денег простаивала. Замер `name_check.py` назвал это числом — загрузка 4.0 % против 19.5 у «оптимальной», пик 59 % против 100, — то есть имя было честным по позиции и нечестным по книге. **Билет при этом не стал особым:** формула одна на все режимы, различаются лишь их собственные пол и пик, поэтому режимы по-прежнему отличаются РОВНО одним объявленным правилом (гейтом плеча), и контрольная рука со старым билетом не нужна. Числа безопасной и оптимальной не сдвинулись ни на цент — их пол и пик прежние.

**Чего правка НЕ чинит, и это надо знать до чтения таблицы.** Билет лечит простой денег при полном портфеле; он не лечит того, что режим с гейтом торгует вспышками — на нашей записи 13 календарных дней из 26. Средняя загрузка у него останется заметно ниже: полный по своим меркам портфель он держит редко. Это свойство ГЕЙТА, а не недогруз по нашему выбору, и лечить его билетом нельзя — билет, поднятый до средней загрузки соседей, в пик потребовал бы больше денег, чем есть, и состав книги начал бы решаться очередью за кассой, а не правилом.

**Биржевое правило соблюдается с первого дня:** у имени позиция одна, второй выбор по той же монете пропущен. Реплей D-серии этого не делал, и его «пик 3206» описывал ЛОТЫ, а не позиции.

**Кривая одна: бэктест и live в общем счёте** (решение владельца 2026-09-04). Пересчёт по прошлому есть ПРЕДЫСТОРИЯ живой записи, а не вторая книга, и рвать её надвое незачем — у сделки бэктеста стоит метка. Решение считается записанным вперёд, если попало в журнал не позже 120 ч после самого себя (предел жизни позиции 72 ч плюс двое суток на прогон). Числа обеих групп стоят рядом отдельной таблицей — и это не половинчатость: веса модели видели те часы, и без объёма бэктеста общая кривая читалась бы треком.

**Считаются ПОЗИЦИИ, а не сделки.** У имени позиция одна, а входов у неё несколько: база плюс доливы лестницы. Поэтому в таблице стоит число закрытых позиций, рядом число входов, а открытые позиции идут ОТДЕЛЬНОЙ строкой с отметкой — до выхода их результат станет любым, и складывать его с закрытым нельзя.

**Версия правил книг — 6, и запись начата с неё.** Смена версии отставляет прежние строки не из аккуратности: правило, по которому они писаны, было другим, и сшивать две кривые в одну значит показывать книгу, которой не было. Версия поднята трижды: билетом (пол режима и его же пик), исходом позиции, чей срок ещё шёл (ниже), и ТЕЙКОМ.

**Тейк (правка 2026-09-05, замер D8): цель от плавающей ТВХ, расстояние 2 обещания `mfe`.** Было — неподвижная цена `вход · (1 + mfe)`, тогда как ТВХ едет вниз с каждым доливом. Оба множителя выведены сеткой из 17 объявленных до прогона ячеек (`dca_ladder/out/D8-take-1m.md`): якорь берётся за согласованность (тейк по ТВХ платит тождественно «заполненный нотионал × доля»), расстояние — за деньги и форму (обещание стояло на 2.56 % при суточной σ имени 5.55 %). Вся прежняя история пересчитана этим правилом и лежит В ТОМ ЖЕ блоке с пометкой бэктеста — решение владельца: одна кривая, у сделки пересчёта метка.

**Решение, принятое до 2026-09-05 22:17 UTC, помечено бэктестом по построению** — правило выбрано ПОСЛЕ того, как эти часы стали видны, и задержка записи тут ничего не меняет. Без этой границы каждая смена правил молча перекрашивала бы последние 120 ч пересчёта в «вперёд».

**Позиция, чей срок ещё идёт, больше не закрывается «по сроку».** Это дефект, найденный при этой правке: реплей кончал позицию последним баром записи и выдавал это за исход правила — тот же класс, что D7 нашла у обрыва ряда. Теперь «срок» засчитывается, только если окно дошло до планового конца; иначе позиция либо ЖИВА (её символ пишется до сих пор), либо оборвана записью (ряд символа кончился раньше остальных), и вторая в счёт не идёт вовсе.

**Хвост ленты продолжается серединой стакана (решение владельца 2026-09-05), и это ПРАВИЛО книги, а не поправка.** Бары исходов читаются из ленты, а минута без единой сделки бара не даёт вовсе: у тонкого имени хвост окна пуст не потому, что цены не было, а потому, что по ней не торговали — стакан в те же минуты снимается раз в секунду. Позиция, чьё окно не дошло до конца только из-за отсутствия принтов, теперь получает исход по НАБЛЮДЁННЫМ ценам вместо вечного «оборвано записью». Правило держит три границы: дописывается только хвост (внутренние дыры не заполняются — по тем же барам считаются вход и цены рунгов); вход из котировки позицию не открывает (хвост продолжает начатое, а не заводит новых сделок); лимитка на минуте без принтов не заполняется вовсе — рунг и тейк исполняет чужой принт, а пол капитуляции, ликвидация и срок суть рыночные выходы против котировки и считаются. На этом прогоне хвост дописан 507 минут 40 именам; исходов, посчитанных по котировке, 1110 из 10629 закрытых позиций книг; вход из котировки отклонён у 0 решений; имён, у которых хвоста нет и в книге, 15 — такая позиция остаётся оборванной, потому что отсутствие свидетельства не есть свидетельство отсутствия. Оборванными остались записи по причинам: книга есть, но не в окне этой позиции — 158; книги в хвосте нет вовсе — 16; книга кончилась раньше планового конца — 2. **Архива записи это не потребовало:** в журнал попадают только закрытые позиции, а закрытой позиция становится, когда её окно дошло до конца ЛЕНТОЙ, то есть хвост лежит вне её окна; оборванные же не писались вовсе. Значит правило не меняет ни одной записанной строки, а только добавляет исходы, которых не было. **Деньги от него ХУДЕЮТ, и это ожидалось**: замер `DCA-cut-check.md` дал −8.9…−121.2 $ по книгам (−0.05…−1.26 п.п. к депозиту) — оборванные позиции были в среднем хуже средней, и прежние числа книг слегка льстили.

**Две колонки концентрации отвечают на РАЗНЫЕ вопросы.** «Без лучшего имени» ловит одну разогнанную монету; «без 3 лучших дней» ловит один рыночный эпизод, который раздаёт деньги десяткам имён разом, и первой колонке он невидим. Если вторая уводит итог в минус, книга описывает не правило, а тот эпизод. У книги моложе четырёх дней вычитать нечего, и там стоит прочерк — величина не измерена, а не равна нулю.

**Режимов три, и книг поэтому девять.** Плечо не настройка агрессивности: оно выводится из неравенства безопасности, и режим задаёт, ИЗ ЧЕГО. **Безопасная** — плечо от собственной σ имени: запас 6 суточных σ до ликвидации. Волатильному имени плеча достаётся меньше. Замер D5: ликвидаций 0.000 % против 0.058 %, худшая позиция −29.8 % против −100 %, укус 21.7 против 46.7 — ценой примерно четверти обычного дня (медиана дня +0.200 % против +0.270 %). **Оптимальная** — плечо от глубины лестницы: запас 2 · d_max до ликвидации. Медиана позиции выше (+1.91 % против +1.26 % в замере D5), но хвост тяжелее и щедрее всего линейка ровно к волатильным именам — D3 намерил у неё антиселективность: медианное плечо хвоста 7.34× против 3.02× по книге. **Агрессивная** — та же глубина лестницы, что у «оптимальной», плюс ГЕЙТ ВХОДА: берутся только решения, которым забор выдал плечо не меньше порога. Порог не назначен, а взят из ячейки, породившей вопрос: в замере D6 при билете $5 биржевой пол требовал нотионал ≥ $20, то есть плечо ≥ 4×, и именно та ячейка дала +20.51 % за окно. Здесь это объявленное правило, а не побочный эффект билета, который биржа не примет. Знать надо и обратное: D3 намерил, что плечо и есть источник хвоста (медианное плечо хвоста 7.34× против 3.02× по книге), то есть режим намеренно садится в хвостовую зону. **Безопасная (шорт)** — Зеркало длинной книги той же линейки: те же гейты, та же лестница и тот же забор, знак зеркальный — доливы вверх, цель вниз, ликвидация сверху. Заведена, чтобы проверить названную владельцем цель: сглаживают ли короткие книги длинные. Сглаживание есть утверждение о СВЯЗИ дневных денег сторон, и меряется оно отдельно; само по себе зеркало его не даёт. Хвост у сторон не зеркален: у шорта убыток сверху не ограничен ничем. Линейка плеча та же, что у книги «безопасная». **Оптимальная (шорт)** — Зеркало длинной книги той же линейки: те же гейты, та же лестница и тот же забор, знак зеркальный — доливы вверх, цель вниз, ликвидация сверху. Заведена, чтобы проверить названную владельцем цель: сглаживают ли короткие книги длинные. Сглаживание есть утверждение о СВЯЗИ дневных денег сторон, и меряется оно отдельно; само по себе зеркало его не даёт. Хвост у сторон не зеркален: у шорта убыток сверху не ограничен ничем. Линейка плеча та же, что у книги «оптимальная». **Агрессивная (шорт)** — Зеркало длинной книги той же линейки: те же гейты, та же лестница и тот же забор, знак зеркальный — доливы вверх, цель вниз, ликвидация сверху. Заведена, чтобы проверить названную владельцем цель: сглаживают ли короткие книги длинные. Сглаживание есть утверждение о СВЯЗИ дневных денег сторон, и меряется оно отдельно; само по себе зеркало его не даёт. Хвост у сторон не зеркален: у шорта убыток сверху не ограничен ничем. Линейка плеча та же, что у книги «агрессивная». Имена — ярлыки, а не вердикт: какой режим лучше, покажет форвард, и все три ведутся параллельно ровно затем, чтобы вопрос решали числа, а не выбор задним числом.

## Общий счёт: бэктест и live вместе

| режим | депозит | билет | мест | позиций | входов | имён | дней | $ | к депозиту | просадка | медиана дня | худший день | зелёных | укус | $ без лучшего имени | $ без 3 лучших дней |
|---|---|--:|--:|--:|--:|--:|--:|--:|--:|--:|--:|--:|--:|--:|--:|--:|
| безопасная | $1,000 | $25 | 40 | 402 | 542 | 290 | 30 | 98.46 | +9.85 % | -2.38 % | +0.070 % | -2.12 % | 0.60 | 5.4 | 94.31 | 1.62 |
| оптимальная | $1,000 | $25 | 40 | 418 | 566 | 295 | 30 | 111.13 | +11.11 % | -4.50 % | -0.003 % | -2.89 % | 0.50 | 3.7 | 95.72 | -63.28 |
| агрессивная | $1,000 | $6.25 | 160 | 468 | 751 | 266 | 16 | 323.28 | +32.33 % | -1.27 % | +0.056 % | -0.87 % | 0.62 | 2.6 | 313.35 | -3.08 |
| безопасная (шорт) | $1,000 | $25 | 40 | 177 | 232 | 150 | 27 | -113.15 | -11.32 % | -14.95 % | -0.011 % | -4.75 % | 0.48 | 9.8 | -127.08 | -147.53 |
| оптимальная (шорт) | $1,000 | $25 | 40 | 139 | 202 | 120 | 26 | -187.82 | -18.78 % | -22.17 % | +0.006 % | -8.91 % | 0.50 | 10.6 | -205.71 | -225.58 |
| агрессивная (шорт) | $1,000 | $6.25 | 160 | 66 | 142 | 62 | 20 | -43.59 | -4.36 % | -5.81 % | +0.049 % | -2.65 % | 0.55 | 10.2 | -48.29 | -55.06 |
| безопасная | $10,000 | $25 | 400 | 1664 | 2239 | 607 | 30 | 870.07 | +8.70 % | -0.24 % | +0.011 % | -0.23 % | 0.53 | 3.1 | 862.14 | 69.76 |
| оптимальная | $10,000 | $25 | 400 | 1673 | 2284 | 607 | 30 | 1,807.31 | +18.07 % | -0.55 % | +0.004 % | -0.41 % | 0.50 | 3.6 | 1,771.46 | 131.80 |
| агрессивная | $10,000 | $28 | 357 | 632 | 1024 | 329 | 16 | 2,139.75 | +21.40 % | -0.57 % | +0.025 % | -0.39 % | 0.62 | 1.5 | 2,098.85 | 20.43 |
| безопасная (шорт) | $10,000 | $25 | 400 | 189 | 256 | 159 | 27 | -131.33 | -1.31 % | -1.73 % | -0.001 % | -0.66 % | 0.48 | 13.6 | -147.18 | -169.81 |
| оптимальная (шорт) | $10,000 | $25 | 400 | 189 | 265 | 159 | 26 | -193.69 | -1.94 % | -2.35 % | -0.002 % | -1.07 % | 0.46 | 10.6 | -212.59 | -234.83 |
| агрессивная (шорт) | $10,000 | $14 | 714 | 66 | 142 | 62 | 20 | -97.56 | -0.98 % | -1.31 % | +0.011 % | -0.60 % | 0.55 | 10.1 | -108.18 | -123.97 |
| безопасная | $100,000 | $145 | 689 | 1731 | 2335 | 624 | 30 | 5,312.34 | +5.31 % | -0.14 % | +0.006 % | -0.13 % | 0.53 | 3.1 | 5,266.80 | 360.27 |
| оптимальная | $100,000 | $145 | 689 | 1740 | 2380 | 624 | 30 | 10,927.78 | +10.93 % | -0.32 % | +0.002 % | -0.24 % | 0.50 | 3.6 | 10,730.89 | 656.01 |
| агрессивная | $100,000 | $281 | 355 | 632 | 1024 | 329 | 16 | 21,477.62 | +21.48 % | -0.57 % | +0.025 % | -0.39 % | 0.62 | 1.5 | 21,066.83 | 205.59 |
| безопасная (шорт) | $100,000 | $145 | 689 | 189 | 256 | 159 | 27 | -762.35 | -0.76 % | -1.00 % | -0.001 % | -0.38 % | 0.48 | 13.6 | -854.92 | -987.04 |
| оптимальная (шорт) | $100,000 | $145 | 689 | 189 | 265 | 159 | 26 | -1,124.11 | -1.12 % | -1.37 % | -0.001 % | -0.62 % | 0.46 | 10.6 | -1,233.98 | -1,363.64 |
| агрессивная (шорт) | $100,000 | $145 | 689 | 66 | 142 | 62 | 20 | -1,010.45 | -1.01 % | -1.36 % | +0.011 % | -0.62 % | 0.55 | 10.1 | -1,120.40 | -1,283.87 |

## Из него записано вперёд (live)

| режим | депозит | билет | мест | позиций | входов | имён | дней | $ | к депозиту | просадка | медиана дня | худший день | зелёных | укус | $ без лучшего имени | $ без 3 лучших дней |
|---|---|--:|--:|--:|--:|--:|--:|--:|--:|--:|--:|--:|--:|--:|--:|--:|
| безопасная | $1,000 | $25 | 40 | 1 | 1 | 1 | 1 | 0.12 | +0.01 % | +0.00 % | +0.012 % | +0.01 % | 1.00 | 1.0 | 0.00 | — |
| оптимальная | $1,000 | $25 | 40 | 1 | 1 | 1 | 1 | 0.12 | +0.01 % | +0.00 % | +0.012 % | +0.01 % | 1.00 | 1.0 | 0.00 | — |
| агрессивная | $1,000 | $6.25 | 160 | 0 | — | — | — | — | — | — | — | — | — | — | — | — |
| безопасная (шорт) | $1,000 | $25 | 40 | 2 | 2 | 2 | 1 | 0.24 | +0.02 % | +0.00 % | +0.024 % | +0.02 % | 1.00 | 1.0 | 0.12 | — |
| оптимальная (шорт) | $1,000 | $25 | 40 | 2 | 2 | 2 | 1 | 0.22 | +0.02 % | +0.00 % | +0.022 % | +0.02 % | 1.00 | 1.0 | 0.11 | — |
| агрессивная (шорт) | $1,000 | $6.25 | 160 | 0 | — | — | — | — | — | — | — | — | — | — | — | — |
| безопасная | $10,000 | $25 | 400 | 1 | 1 | 1 | 1 | 0.12 | +0.00 % | +0.00 % | +0.001 % | +0.00 % | 1.00 | 1.0 | 0.00 | — |
| оптимальная | $10,000 | $25 | 400 | 1 | 1 | 1 | 1 | 0.13 | +0.00 % | +0.00 % | +0.001 % | +0.00 % | 1.00 | 1.0 | 0.00 | — |
| агрессивная | $10,000 | $28 | 357 | 0 | — | — | — | — | — | — | — | — | — | — | — | — |
| безопасная (шорт) | $10,000 | $25 | 400 | 2 | 2 | 2 | 1 | 0.27 | +0.00 % | +0.00 % | +0.003 % | +0.00 % | 1.00 | 1.0 | 0.13 | — |
| оптимальная (шорт) | $10,000 | $25 | 400 | 2 | 2 | 2 | 1 | 0.27 | +0.00 % | +0.00 % | +0.003 % | +0.00 % | 1.00 | 1.0 | 0.13 | — |
| агрессивная (шорт) | $10,000 | $14 | 714 | 0 | — | — | — | — | — | — | — | — | — | — | — | — |
| безопасная | $100,000 | $145 | 689 | 1 | 1 | 1 | 1 | 0.65 | +0.00 % | +0.00 % | +0.001 % | +0.00 % | 1.00 | 1.0 | 0.00 | — |
| оптимальная | $100,000 | $145 | 689 | 1 | 1 | 1 | 1 | 0.69 | +0.00 % | +0.00 % | +0.001 % | +0.00 % | 1.00 | 1.0 | 0.00 | — |
| агрессивная | $100,000 | $281 | 355 | 0 | — | — | — | — | — | — | — | — | — | — | — | — |
| безопасная (шорт) | $100,000 | $145 | 689 | 2 | 2 | 2 | 1 | 1.56 | +0.00 % | +0.00 % | +0.002 % | +0.00 % | 1.00 | 1.0 | 0.76 | — |
| оптимальная (шорт) | $100,000 | $145 | 689 | 2 | 2 | 2 | 1 | 1.56 | +0.00 % | +0.00 % | +0.002 % | +0.00 % | 1.00 | 1.0 | 0.76 | — |
| агрессивная (шорт) | $100,000 | $145 | 689 | 0 | — | — | — | — | — | — | — | — | — | — | — | — |

## Из него пересчёт по прошлому (бэктест)

| режим | депозит | билет | мест | позиций | входов | имён | дней | $ | к депозиту | просадка | медиана дня | худший день | зелёных | укус | $ без лучшего имени | $ без 3 лучших дней |
|---|---|--:|--:|--:|--:|--:|--:|--:|--:|--:|--:|--:|--:|--:|--:|--:|
| безопасная | $1,000 | $25 | 40 | 401 | 541 | 289 | 30 | 98.34 | +9.83 % | -2.38 % | +0.065 % | -2.12 % | 0.60 | 5.4 | 94.19 | 1.51 |
| оптимальная | $1,000 | $25 | 40 | 417 | 565 | 294 | 30 | 111.01 | +11.10 % | -4.50 % | -0.003 % | -2.89 % | 0.50 | 3.7 | 95.60 | -63.39 |
| агрессивная | $1,000 | $6.25 | 160 | 468 | 751 | 266 | 16 | 323.28 | +32.33 % | -1.27 % | +0.056 % | -0.87 % | 0.62 | 2.6 | 313.35 | -3.08 |
| безопасная (шорт) | $1,000 | $25 | 40 | 175 | 230 | 150 | 27 | -113.39 | -11.34 % | -14.95 % | -0.011 % | -4.75 % | 0.48 | 9.8 | -127.32 | -147.77 |
| оптимальная (шорт) | $1,000 | $25 | 40 | 137 | 200 | 120 | 25 | -188.04 | -18.80 % | -22.17 % | -0.010 % | -8.91 % | 0.48 | 10.4 | -205.93 | -225.80 |
| агрессивная (шорт) | $1,000 | $6.25 | 160 | 66 | 142 | 62 | 20 | -43.59 | -4.36 % | -5.81 % | +0.049 % | -2.65 % | 0.55 | 10.2 | -48.29 | -55.06 |
| безопасная | $10,000 | $25 | 400 | 1663 | 2238 | 607 | 30 | 869.95 | +8.70 % | -0.24 % | +0.011 % | -0.23 % | 0.53 | 3.1 | 862.03 | 69.64 |
| оптимальная | $10,000 | $25 | 400 | 1672 | 2283 | 607 | 30 | 1,807.19 | +18.07 % | -0.55 % | +0.003 % | -0.41 % | 0.50 | 3.6 | 1,771.34 | 131.68 |
| агрессивная | $10,000 | $28 | 357 | 632 | 1024 | 329 | 16 | 2,139.75 | +21.40 % | -0.57 % | +0.025 % | -0.39 % | 0.62 | 1.5 | 2,098.85 | 20.43 |
| безопасная (шорт) | $10,000 | $25 | 400 | 187 | 254 | 159 | 27 | -131.60 | -1.32 % | -1.73 % | -0.001 % | -0.66 % | 0.48 | 13.6 | -147.45 | -170.08 |
| оптимальная (шорт) | $10,000 | $25 | 400 | 187 | 263 | 159 | 26 | -193.95 | -1.94 % | -2.35 % | -0.002 % | -1.07 % | 0.46 | 10.6 | -212.85 | -235.09 |
| агрессивная (шорт) | $10,000 | $14 | 714 | 66 | 142 | 62 | 20 | -97.56 | -0.98 % | -1.31 % | +0.011 % | -0.60 % | 0.55 | 10.1 | -108.18 | -123.97 |
| безопасная | $100,000 | $145 | 689 | 1730 | 2334 | 624 | 30 | 5,311.69 | +5.31 % | -0.14 % | +0.006 % | -0.13 % | 0.53 | 3.1 | 5,266.14 | 359.61 |
| оптимальная | $100,000 | $145 | 689 | 1739 | 2379 | 624 | 30 | 10,927.09 | +10.93 % | -0.32 % | +0.002 % | -0.24 % | 0.50 | 3.6 | 10,730.20 | 655.32 |
| агрессивная | $100,000 | $281 | 355 | 632 | 1024 | 329 | 16 | 21,477.62 | +21.48 % | -0.57 % | +0.025 % | -0.39 % | 0.62 | 1.5 | 21,066.83 | 205.59 |
| безопасная (шорт) | $100,000 | $145 | 689 | 187 | 254 | 159 | 27 | -763.91 | -0.76 % | -1.00 % | -0.001 % | -0.38 % | 0.48 | 13.6 | -856.49 | -988.60 |
| оптимальная (шорт) | $100,000 | $145 | 689 | 187 | 263 | 159 | 26 | -1,125.66 | -1.13 % | -1.37 % | -0.001 % | -0.62 % | 0.46 | 10.6 | -1,235.54 | -1,365.20 |
| агрессивная (шорт) | $100,000 | $145 | 689 | 66 | 142 | 62 | 20 | -1,010.45 | -1.01 % | -1.36 % | +0.011 % | -0.62 % | 0.55 | 10.1 | -1,120.40 | -1,283.87 |

## Открытые позиции

Отметка по последнему бару записи, а не исход: до выхода результат станет любым. С закрытым счётом она не складывается нигде. «Оборвана записью» — позиция, чей ряд кончился раньше остальных (снятие с торгов либо дыра записи): исхода у неё нет, и в счёт она не идёт.

| режим | депозит | открытых | отметка $ | к депозиту | оборвано записью |
|---|---|--:|--:|--:|--:|
| безопасная | $1,000 | 9 | 1.12 | +0.11 % | 11 |
| оптимальная | $1,000 | 9 | 3.57 | +0.36 % | 11 |
| агрессивная | $1,000 | 2 | 0.85 | +0.08 % | 1 |
| безопасная (шорт) | $1,000 | 36 | -1.02 | -0.10 % | 3 |
| оптимальная (шорт) | $1,000 | 33 | 1.04 | +0.10 % | 3 |
| агрессивная (шорт) | $1,000 | 4 | 0.42 | +0.04 % | 0 |
| безопасная | $10,000 | 9 | 1.12 | +0.01 % | 22 |
| оптимальная | $10,000 | 9 | 3.84 | +0.04 % | 22 |
| агрессивная | $10,000 | 2 | 3.51 | +0.04 % | 1 |
| безопасная (шорт) | $10,000 | 36 | -1.17 | -0.01 % | 3 |
| оптимальная (шорт) | $10,000 | 36 | -1.17 | -0.01 % | 3 |
| агрессивная (шорт) | $10,000 | 4 | 0.98 | +0.01 % | 0 |
| безопасная | $100,000 | 9 | 6.30 | +0.01 % | 22 |
| оптимальная | $100,000 | 9 | 20.95 | +0.02 % | 22 |
| агрессивная | $100,000 | 2 | 35.30 | +0.04 % | 1 |
| безопасная (шорт) | $100,000 | 36 | -6.86 | -0.01 % | 3 |
| оптимальная (шорт) | $100,000 | 36 | -6.84 | -0.01 % | 3 |
| агрессивная (шорт) | $100,000 | 4 | 10.19 | +0.01 % | 0 |

## По суткам, депозит $10,000

Итог книги отвечает «сколько всего» и молчит о том, КОГДА: сумма за месяц может стоять на одном дне. Здесь общий счёт (бэктест и live вместе).

| сутки | безопасная | оптимальная | агрессивная | безопасная (шорт) | оптимальная (шорт) | агрессивная (шорт) |
|---|--:|--:|--:|--:|--:|--:|
| 2026-08-09 | 8.38 (10) | -3.16 (11) | -13.20 (2) | 0.03 (1) | -12.63 (2) | — |
| 2026-08-10 | 1.94 (6) | -12.46 (7) | -38.98 (2) | 4.86 (1) | 10.39 (2) | 5.82 (2) |
| 2026-08-11 | -1.16 (10) | -1.32 (10) | -11.12 (1) | -0.30 (1) | — | — |
| 2026-08-12 | -22.77 (23) | -40.87 (22) | -6.84 (3) | -1.07 (7) | 7.94 (6) | 4.41 (5) |
| 2026-08-13 | 3.30 (28) | 2.72 (28) | — | -0.27 (5) | -0.27 (5) | — |
| 2026-08-14 | -0.20 (18) | -0.16 (18) | 2.50 (1) | 1.29 (3) | 1.29 (3) | 0.70 (1) |
| 2026-08-15 | 1.29 (8) | 1.47 (8) | — | — | — | — |
| 2026-08-16 | -1.96 (62) | -0.65 (62) | 1.73 (1) | -30.18 (4) | -30.18 (4) | -17.02 (2) |
| 2026-08-17 | 5.72 (26) | 8.02 (26) | — | 2.82 (16) | 2.82 (16) | 1.88 (8) |
| 2026-08-18 | -2.63 (30) | -3.18 (30) | — | 10.64 (11) | 11.84 (11) | 5.97 (3) |
| 2026-08-19 | 6.95 (48) | 11.25 (48) | 2.58 (3) | 2.74 (4) | 2.74 (4) | 1.49 (1) |
| 2026-08-20 | 190.95 (235) | 391.42 (235) | 441.60 (125) | -12.57 (7) | -12.57 (7) | -6.97 (2) |
| 2026-08-21 | 377.68 (429) | 811.41 (430) | 1,041.70 (250) | -39.51 (9) | -39.52 (9) | -22.42 (4) |
| 2026-08-22 | 231.68 (212) | 472.68 (216) | 636.03 (152) | 3.56 (7) | 13.49 (7) | 8.08 (1) |
| 2026-08-23 | 62.21 (60) | 109.86 (63) | 36.14 (21) | -65.97 (5) | -106.53 (7) | -59.78 (6) |
| 2026-08-24 | 8.99 (69) | 6.00 (70) | -11.12 (27) | -10.73 (9) | -40.84 (11) | -23.35 (4) |
| 2026-08-25 | -1.78 (230) | 38.98 (227) | 42.81 (39) | 9.93 (12) | -18.75 (14) | -10.60 (6) |
| 2026-08-26 | 12.72 (19) | 20.84 (20) | 14.80 (1) | -30.60 (28) | -5.30 (22) | -2.50 (8) |
| 2026-08-27 | -1.05 (46) | -3.49 (46) | — | -0.23 (2) | -0.23 (2) | — |
| 2026-08-28 | -16.97 (49) | -22.06 (50) | — | -0.13 (2) | -0.13 (2) | — |
| 2026-08-29 | -0.41 (5) | -0.45 (5) | — | — | — | — |
| 2026-08-30 | -0.65 (5) | -0.85 (5) | — | 11.22 (8) | 11.15 (8) | 7.44 (5) |
| 2026-08-31 | -0.87 (4) | -0.94 (4) | — | -23.37 (7) | -23.23 (7) | -13.84 (1) |
| 2026-09-01 | -3.06 (1) | -4.81 (1) | — | 0.77 (7) | 0.77 (7) | — |
| 2026-09-02 | -0.50 (3) | -0.67 (3) | — | 11.36 (14) | 11.29 (14) | 9.41 (2) |
| 2026-09-03 | 1.49 (7) | 1.73 (7) | — | -0.63 (3) | -2.07 (3) | -1.14 (1) |
| 2026-09-04 | 2.12 (5) | 8.44 (5) | -11.58 (3) | — | — | — |
| 2026-09-05 | 7.86 (4) | 16.85 (4) | 12.70 (1) | 15.91 (2) | 15.81 (2) | 8.92 (1) |
| 2026-09-06 | 0.94 (11) | 0.89 (11) | — | 9.69 (9) | 9.63 (9) | 5.94 (3) |
| 2026-09-07 | -0.15 (1) | -0.17 (1) | — | -0.58 (5) | -0.57 (5) | — |

В скобках — число закрытых позиций этого дня.

## Одно имя — одна позиция

Решение владельца 2026-09-07: обе руки модели остаются (лист пишут и деревья, и сеть), но сделки не должны дублироваться. Дубль — это ПЕРЕСЕЧЕНИЕ во времени двух позиций книги по одному имени; повторный вход после закрытия дублем не считается — биржа его допускает, — но печатается рядом со своей паузой, потому что «книга вошла в ту же монету через час» и «книга держит её дважды» суть разные вещи.

**Дублей нет ни в одной книге.**

| книга | позиций | имён | дублей | повторов после закрытия | медиана паузы, ч | больше всего входов в одно имя |
|---|--:|--:|--:|--:|--:|--:|
| aggr:1000 | 468 | 266 | 0 | 202 | 6.0 | 4 |
| aggr:10000 | 632 | 329 | 0 | 303 | 5.9 | 5 |
| aggr:100000 | 632 | 329 | 0 | 303 | 5.9 | 5 |
| aggr_s:1000 | 66 | 62 | 0 | 4 | 58.2 | 2 |
| aggr_s:10000 | 66 | 62 | 0 | 4 | 58.2 | 2 |
| aggr_s:100000 | 66 | 62 | 0 | 4 | 58.2 | 2 |
| optimal:1000 | 418 | 295 | 0 | 123 | 54.7 | 4 |
| optimal:10000 | 1673 | 607 | 0 | 1066 | 6.6 | 8 |
| optimal:100000 | 1740 | 624 | 0 | 1116 | 6.6 | 8 |
| optimal_s:1000 | 139 | 120 | 0 | 19 | 63.8 | 3 |
| optimal_s:10000 | 189 | 159 | 0 | 30 | 115.4 | 3 |
| optimal_s:100000 | 189 | 159 | 0 | 30 | 115.4 | 3 |
| safe:1000 | 402 | 290 | 0 | 112 | 72.0 | 4 |
| safe:10000 | 1664 | 607 | 0 | 1057 | 6.6 | 8 |
| safe:100000 | 1731 | 624 | 0 | 1107 | 6.6 | 8 |
| safe_s:1000 | 177 | 150 | 0 | 27 | 96.1 | 3 |
| safe_s:10000 | 189 | 159 | 0 | 30 | 96.1 | 3 |
| safe_s:100000 | 189 | 159 | 0 | 30 | 96.1 | 3 |

Проверка идёт по ЖУРНАЛУ, а не по намерению кода: правило живёт в `run_d6.one_per_name`, и убедиться в нём можно только по тому, что записано.

## Гейт плеча и собственный пик режима

Гейт стоит ПЕРВЫМ, до правила одной на имя: у режима с гейтом низкоплечевой ранний вход не случается вовсе, и имя остаётся свободным для рычажного. Пик считается по тому, что режим ВЗЯЛ, и стоит рядом с объявленным — тем, из которого посчитан билет. **Объявленный обязан быть не ниже измеренного:** ниже означает, что билет велик и книга теряет решения по кассе, и такая строка кричит, а не молчит.

| режим | решений | отсеял гейт | после одной на имя | медиана плеча | свой пик позиций | объявлен |
|---|--:|--:|--:|--:|--:|--:|
| безопасная | 7335 | нет гейта | 1762 | 1.56× | 464 | 457 ⚠ ниже измеренного |
| оптимальная | 7335 | нет гейта | 1771 | 2.39× | 464 | 457 ⚠ ниже измеренного |
| агрессивная | 7335 | 5383 (плечо < 4×) | 635 | 8.63× | 245 | 237 ⚠ ниже измеренного |
| безопасная (шорт) | 346 | нет гейта | 228 | 1× | 54 | 457 |
| оптимальная (шорт) | 346 | нет гейта | 228 | 1× | 54 | 457 |
| агрессивная (шорт) | 346 | 254 (плечо < 4×) | 70 | 20× | 23 | 457 |

**Объявленный пик ниже измеренного у режимов: безопасная, оптимальная, агрессивная.** Значит билет посчитан от заниженного пика и велик: книга берёт не все свои решения, а первые по очереди за кассой, то есть отказ меняет и состав. Число в `rules.PEAKS` объявлено до прогона и здесь не правится — правка есть решение владельца.

## Что связывает депозит

Числа счётного прогона 2026-09-07 08:05. Касса раздаёт деньги по очереди решений, поэтому книга, которой не хватает мест, берёт не лучшие сигналы, а первые: отказ по кассе меняет не только объём, но и СОСТАВ.

| режим | депозит | мест | взято | нет кассы | мельче пола |
|---|---|--:|--:|--:|--:|
| безопасная | $1,000 | 40 | 422 | 1340 | 0 |
| оптимальная | $1,000 | 40 | 437 | 1334 | 0 |
| агрессивная | $1,000 | 160 | 471 | 164 | 0 |
| безопасная (шорт) | $1,000 | 40 | 216 | 12 | 0 |
| оптимальная (шорт) | $1,000 | 40 | 175 | 13 | 40 |
| агрессивная (шорт) | $1,000 | 160 | 70 | 0 | 0 |
| безопасная | $10,000 | 400 | 1695 | 67 | 0 |
| оптимальная | $10,000 | 400 | 1704 | 67 | 0 |
| агрессивная | $10,000 | 357 | 635 | 0 | 0 |
| безопасная (шорт) | $10,000 | 400 | 228 | 0 | 0 |
| оптимальная (шорт) | $10,000 | 400 | 228 | 0 | 0 |
| агрессивная (шорт) | $10,000 | 714 | 70 | 0 | 0 |
| безопасная | $100,000 | 689 | 1762 | 0 | 0 |
| оптимальная | $100,000 | 689 | 1771 | 0 | 0 |
| агрессивная | $100,000 | 355 | 635 | 0 | 0 |
| безопасная (шорт) | $100,000 | 689 | 228 | 0 | 0 |
| оптимальная (шорт) | $100,000 | 689 | 228 | 0 | 0 |
| агрессивная (шорт) | $100,000 | 689 | 70 | 0 | 0 |

## Чего эти числа НЕ описывают

Живого исполнения здесь нет: сделки считаются реплеем по барам записи, а не сканером на живой цене. Значит не моделируются проскальзывание, очередь в стакане и задержка входа; долив лотов в одно имя запрещён правилом, а не сведён в позицию, то есть маржа и цена ликвидации по-прежнему считаются по каждой позиции отдельно — на бирже они считаются по слитой. Веса модели видели эти часы, поэтому пересчёт читается как оценка СВЕРХУ. Период один и режим рынка один.
