== задание dca-restat ==
строка: run research/dca_paper/run_paper.py --restat
начало: 2026-09-04T11:38:54Z
запускаю: .venv/bin/python research/dca_paper/run_paper.py --restat
публикуется в ветку main:
 jobs/done/dca-restat.done             |   1 +
 jobs/done/dca-restat.log              |   4 ++
 jobs/done/status-dca.done             |   1 +
 jobs/done/status-dca.log              |  10 ++++
 jobs/poke.log                         |   4 ++
 research/dca_paper/out/DCA-paper.json | 103 +++++-----------------------------
 research/dca_paper/out/DCA-paper.md   |  22 ++++----
 7 files changed, 45 insertions(+), 100 deletions(-)
To github.com:n0tgod/algoth_v2.git
   3422bf6..921acbf  main -> main
branch 'main' set up to track 'origin/main'.
опубликовано
# DCA — бумажные книги на трёх депозитах

Три книги отличаются РОВНО депозитом: правила, гейты, ограда и выходы у них одни. Билет тоже один — **$25**, — поэтому с деньгами растёт число мест, и это и есть предмет сравнения: что депозит покупает.

**Билет выведен из пола биржи, а не назначен.** Минимальный ордер площадки ровно $5, самый мелкий рунг лестницы — 0.25 нотионала, значит нотионал не бывает меньше $20, а маржа — меньше $20/плечо; забор выдаёт от 1×, то есть худший случай требует ровно $20. Четверть сверху — запас на просадку: маржа считается от текущего счёта и проседает вместе с ним.

**Биржевое правило соблюдается с первого дня:** у имени позиция одна, второй выбор по той же монете пропущен. Реплей D-серии этого не делал, и его «пик 3206» описывал ЛОТЫ, а не позиции.

**Наблюдение и пересчёт не складываются никогда.** Решение считается записанным вперёд, если попало в журнал не позже 120 ч после самого себя (предел жизни позиции 72 ч плюс двое суток на прогон). Первый прогон восстанавливает накопленное — оно всё помечено пересчётом.

**Две колонки концентрации отвечают на РАЗНЫЕ вопросы.** «Без лучшего имени» ловит одну разогнанную монету; «без 3 лучших дней» ловит один рыночный эпизод, который раздаёт деньги десяткам имён разом, и первой колонке он невидим. Если вторая уводит итог в минус, книга описывает не правило, а тот эпизод. У книги моложе четырёх дней вычитать нечего, и там стоит прочерк — величина не измерена, а не равна нулю.

## Наблюдение (записано вперёд)

| депозит | мест | сделок | имён | дней | $ | к депозиту | просадка | медиана дня | худший день | зелёных | укус | $ без лучшего имени | $ без 3 лучших дней |
|---|--:|--:|--:|--:|--:|--:|--:|--:|--:|--:|--:|--:|--:|
| $1,000 | 40 | 31 | 30 | 4 | 6.39 | +0.64 % | +0.00 % | +0.129 % | +0.03 % | 1.00 | 0.2 | 4.68 | 0.27 |
| $10,000 | 400 | 31 | 30 | 4 | 6.52 | +0.07 % | +0.00 % | +0.013 % | +0.00 % | 1.00 | 0.2 | 4.77 | 0.28 |
| $100,000 | 4000 | 31 | 30 | 4 | 5.87 | +0.01 % | +0.00 % | +0.001 % | +0.00 % | 1.00 | 0.2 | 4.29 | 0.25 |

## Пересчёт по прошлому

| депозит | мест | сделок | имён | дней | $ | к депозиту | просадка | медиана дня | худший день | зелёных | укус | $ без лучшего имени | $ без 3 лучших дней |
|---|--:|--:|--:|--:|--:|--:|--:|--:|--:|--:|--:|--:|--:|
| $1,000 | 40 | 563 | 356 | 26 | 101.32 | +10.13 % | -5.35 % | -0.009 % | -3.77 % | 0.50 | 14.3 | 78.74 | -71.96 |
| $10,000 | 400 | 2190 | 611 | 26 | 1,243.91 | +12.44 % | -0.54 % | -0.002 % | -0.51 % | 0.50 | 3.6 | 1,212.17 | -39.01 |
| $100,000 | 4000 | 2252 | 626 | 26 | 1,266.47 | +1.27 % | -0.05 % | -0.000 % | -0.05 % | 0.50 | 3.6 | 1,237.42 | -42.84 |

## Чего эти числа НЕ описывают

Живого исполнения здесь нет: сделки считаются реплеем по барам записи, а не сканером на живой цене. Значит не моделируются проскальзывание, очередь в стакане и задержка входа; долив лотов в одно имя запрещён правилом, а не сведён в позицию, то есть маржа и цена ликвидации по-прежнему считаются по каждой позиции отдельно — на бирже они считаются по слитой. Веса модели видели эти часы, поэтому пересчёт читается как оценка СВЕРХУ. Период один и режим рынка один.

конец: 2026-09-04T11:38:56Z, код 0
