== задание dca-costs-p90b ==
строка: run research/dca_paper/costs.py --slip-bp 17.4 --tag slip-p90
начало: 2026-09-06T22:46:38Z
запускаю: .venv/bin/python research/dca_paper/costs.py --slip-bp 17.4 --tag slip-p90
журнал: 67516 строк, битых 0, кусков 33
текущей версии правил (6): 10537 строк из 67516
funding: рядов 581 из 581 нужных активов
строк с исходом 10537; тейкер по умолчанию у 680, без записи рунгов 0, без комиссии 0, без ряда funding 680, ряд не покрывает 52, ставка на входе неизвестна 680
# Издержки бумажных DCA-книг: комиссия, funding, гейт по ставке

Вопрос владельца 2026-09-06: «считаются ли в DCA-стратегиях издержки — комиссия биржи, проскальзывание?» **Нет:** журнал книг несёт брутто, в коде книг ни комиссии, ни проскальзывания, ни funding нет (круг издержек встречается только в гейте входа `3 × круг`). Здесь издержки посчитаны ПО ЗАПИСИ, журнал и правила не тронуты.

**Комиссия** — тейкер по символу из справочника универсума (ставки 2.75, 5.5, 11 б.п.; символу без ставки — 5.5, таких строк 680), на каждом рунге и на выходе. **Funding** — ряды площадки исполнения, на каждом начислении ставка × нотионал, открытый к этому моменту (по ценам рунгов, марк-цены в записи нет); лонгу положительная ставка — расход, шорту — доход. Ряд, не покрывающий жизнь позиции, даёт «не измерено», а не ноль. **Проскальзывание** — по живому замеру X3 (X3: медиана входа 22 заполнений, 2026-08-22…25, потолок 30): 17.4 б.п. на базовый вход (первый рунг — рыночный, по первому принту после решения, той же «цене сигнала», что мерил X3) и на рыночный выход (пол, срок, трейл, стоп); лестница и тейк — лимитки по сквозному проходу, у них проскальзывания нет по построению (X3: тейк по уровню 22 из 22); ликвидация — цена биржи.

Строк с исходом 10537 — версия правил книг 6, как на странице книг (в журнале всего 67516; прежние версии писаны другим правилом и в счёт не входят). Рядов funding 581; покрытие позиций с рунгами 93.1 % (от всех строк 93.1 %) при пороге вердикта 50 %.

## По книгам (суммы в $, медианы на позицию в б.п. МАРЖИ)

| книга | сторона | n | брутто $ | комиссия $ | проскальз. $ | funding $ | измерено | нетто $ (измеренные) | брутто измеренных $ | комиссия б.п. | проскальз. б.п. | funding б.п. | брутто б.п. | медиана дня брутто → нетто | зелёных | укус |
|---|---|---:|---:|---:|---:|---:|---:|---:|---:|---:|---:|---:|---:|---:|---:|---:|
| `aggr:1000` | long | 468 | +323.28 | -13.26 | -18.47 | -2.92 | 467 | +291.75 | +326.24 | +27.5 | +39.9 | -4.2 | +1174.9 | +0.056 % → +0.048 % | +62 % → +62 % | 2.6 → 3.0 |
| `aggr:10000` | long | 632 | +2,139.75 | -77.24 | -100.95 | -18.84 | 629 | +1,944.32 | +2,140.20 | +27.9 | +39.3 | -4.4 | +1229.4 | +0.025 % → +0.022 % | +62 % → +62 % | 1.5 → 3.0 |
| `aggr:100000` | long | 632 | +21,477.62 | -775.41 | -1,013.42 | -189.14 | 629 | +19,515.77 | +21,482.13 | +27.9 | +39.3 | -4.4 | +1229.4 | +0.025 % → +0.022 % | +62 % → +62 % | 1.5 → 3.0 |
| `aggr_s:1000` | short | 65 | -44.18 | -4.56 | -7.39 | +0.53 | 59 | -64.26 | -53.89 | +101.6 | +126.2 | +22.2 | +500.9 | +0.049 % → -0.117 % | +55 % → +41 % | 10.2 → 15.2 |
| `aggr_s:10000` | short | 65 | -98.94 | -10.31 | -16.69 | +1.24 | 59 | -144.43 | -121.02 | +101.6 | +126.2 | +22.2 | +500.9 | +0.011 % → -0.026 % | +55 % → +41 % | 10.3 → 14.8 |
| `aggr_s:100000` | short | 65 | -1,024.73 | -106.82 | -172.89 | +12.81 | 59 | -1,495.83 | -1,253.38 | +101.6 | +126.2 | +22.2 | +500.9 | +0.011 % → -0.027 % | +55 % → +41 % | 10.3 → 14.8 |
| `optimal:1000` | long | 415 | +111.53 | -14.58 | -22.70 | -3.43 | 373 | +74.06 | +113.43 | +5.4 | +8.7 | -0.8 | +82.3 | +0.010 % → +0.001 % | +52 % → +52 % | 3.7 → 5.9 |
| `optimal:10000` | long | 1666 | +1,807.76 | -71.79 | -102.17 | -18.42 | 1579 | +1,623.47 | +1,812.44 | +9.1 | +13.4 | -1.8 | +283.8 | +0.009 % → -0.003 % | +52 % → +48 % | 3.6 → 5.4 |
| `optimal:100000` | long | 1733 | +10,930.20 | -423.95 | -594.06 | -106.31 | 1638 | +9,809.90 | +10,912.29 | +9.1 | +13.4 | -1.9 | +288.6 | +0.005 % → -0.002 % | +52 % → +48 % | 3.6 → 5.6 |
| `optimal_s:1000` | short | 133 | -189.64 | -15.54 | -25.16 | +0.61 | 98 | -262.78 | -227.39 | +2.8 | +8.8 | +1.7 | +11.5 | -0.010 % → -0.041 % | +48 % → +35 % | 11.2 → 22.7 |
| `optimal_s:10000` | short | 179 | -195.39 | -18.21 | -29.27 | +1.58 | 134 | -277.35 | -236.56 | +2.8 | +8.8 | +2.2 | +18.7 | -0.001 % → -0.003 % | +48 % → +33 % | 11.6 → 24.2 |
| `optimal_s:100000` | short | 179 | -1,134.07 | -105.89 | -170.09 | +9.25 | 134 | -1,610.72 | -1,373.79 | +2.8 | +8.8 | +2.2 | +18.7 | -0.001 % → -0.002 % | +48 % → +33 % | 11.6 → 24.0 |
| `safe:1000` | long | 399 | +98.85 | -6.98 | -11.86 | -1.79 | 358 | +80.66 | +100.07 | +4.6 | +8.7 | -0.6 | +77.0 | +0.094 % → +0.053 % | +62 % → +66 % | 5.4 → 9.4 |
| `safe:10000` | long | 1657 | +870.47 | -32.73 | -49.01 | -9.55 | 1570 | +780.47 | +869.26 | +5.9 | +8.7 | -1.1 | +199.4 | +0.013 % → +0.010 % | +55 % → +59 % | 3.1 → 5.0 |
| `safe:100000` | long | 1724 | +5,314.59 | -196.29 | -289.10 | -55.61 | 1629 | +4,771.33 | +5,296.62 | +6.0 | +8.7 | -1.1 | +201.8 | +0.008 % → +0.006 % | +55 % → +59 % | 3.1 → 5.0 |
| `safe_s:1000` | short | 167 | -114.65 | -11.48 | -20.79 | -0.87 | 122 | -173.13 | -143.84 | +2.8 | +8.7 | +1.3 | +21.6 | -0.004 % → -0.019 % | +50 % → +36 % | 9.8 → 13.1 |
| `safe_s:10000` | short | 179 | -133.04 | -12.84 | -23.05 | -0.36 | 134 | -196.58 | -164.38 | +2.8 | +8.8 | +2.2 | +21.0 | -0.000 % → -0.002 % | +50 % → +36 % | 13.6 → 18.4 |
| `safe_s:100000` | short | 179 | -772.36 | -74.63 | -133.89 | -2.04 | 134 | -1,141.80 | -954.79 | +2.8 | +8.8 | +2.2 | +21.0 | -0.000 % → -0.001 % | +50 % → +36 % | 13.6 → 18.4 |

Нетто = брутто − комиссия − проскальзывание + funding по позициям, у которых измерены ВСЕ три; «брутто измеренных» — брутто того же подмножества, чтобы сравнивать одно с одним. Знак после издержек держат 9 книг из 9 с положительным брутто.

## По сторонам (депозит $10 000)

| сторона | n | брутто $ | комиссия $ | проскальз. $ | funding $ | измерено | брутто измеренных $ | нетто $ (измеренные) | funding б.п. на позицию |
|---|---:|---:|---:|---:|---:|---:|---:|---:|---:|
| long | 3955 | +4,817.98 | -181.77 | -252.13 | -46.81 | 3778 | +4,821.89 | +4,348.25 | -1.8 |
| short | 423 | -427.37 | -41.37 | -69.02 | +2.46 | 327 | -521.96 | -618.35 | +2.3 |

## Гейт по знаку ставки на входе (лонг при ставке ≤ 0, шорт при ≥ 0)

Обе руки — на позициях с ИЗВЕСТНОЙ ставкой на входе (последняя точка ряда не старше 24 ч до входа); «отсечённые» — те, кого гейт не пустил. Читать по медиане позиции в б.п. маржи: гейт меняет состав, и суммы рук несравнимы по построению.

| книга | известна | прошли гейт | отсечено | доля | медиана всех, б.п. маржи | медиана прошедших | медиана отсечённых | $ прошедших | $ отсечённых | нетто прошедших $ |
|---|---:|---:|---:|---:|---:|---:|---:|---:|---:|---:|
| `aggr:1000` | 467 | 25 | 442 | 5 % | +1175.7 | +1097.7 | +1175.9 | +20.28 | +305.96 | +19.61 |
| `aggr:10000` | 629 | 33 | 596 | 5 % | +1229.2 | +1200.2 | +1229.8 | +131.55 | +2,008.65 | +126.69 |
| `aggr:100000` | 629 | 33 | 596 | 5 % | +1229.2 | +1200.2 | +1229.8 | +1,320.41 | +20,161.72 | +1,271.71 |
| `aggr_s:1000` | 59 | 54 | 5 | 92 % | +280.0 | +241.5 | +1942.6 | -57.56 | +3.66 | -66.06 |
| `aggr_s:10000` | 59 | 54 | 5 | 92 % | +280.0 | +241.5 | +1942.5 | -129.23 | +8.21 | -148.46 |
| `aggr_s:100000` | 59 | 54 | 5 | 92 % | +280.0 | +241.5 | +1942.5 | -1,338.38 | +85.00 | -1,537.56 |
| `optimal:1000` | 380 | 109 | 271 | 29 % | +93.1 | +25.3 | +186.7 | +16.00 | +97.34 | +12.82 |
| `optimal:10000` | 1586 | 243 | 1343 | 15 % | +312.8 | +59.6 | +357.8 | +114.88 | +1,697.46 | +106.88 |
| `optimal:100000` | 1645 | 253 | 1392 | 15 % | +316.5 | +64.7 | +360.0 | +722.12 | +10,189.63 | +674.21 |
| `optimal_s:1000` | 98 | 87 | 11 | 89 % | +5.4 | +4.9 | +13.6 | -229.25 | +1.87 | -256.66 |
| `optimal_s:10000` | 136 | 125 | 11 | 92 % | +12.8 | +12.0 | +13.5 | -239.41 | +2.04 | -271.38 |
| `optimal_s:100000` | 136 | 125 | 11 | 92 % | +12.8 | +12.0 | +13.6 | -1,390.40 | +11.86 | -1,576.18 |
| `safe:1000` | 365 | 105 | 260 | 29 % | +87.3 | +22.6 | +132.5 | +9.12 | +91.01 | +6.97 |
| `safe:10000` | 1577 | 243 | 1334 | 15 % | +211.3 | +55.7 | +234.0 | +60.09 | +809.23 | +53.76 |
| `safe:100000` | 1636 | 253 | 1383 | 16 % | +214.5 | +59.6 | +237.5 | +386.87 | +4,910.08 | +349.52 |
| `safe_s:1000` | 124 | 113 | 11 | 91 % | +17.2 | +15.7 | +49.8 | -158.29 | +13.73 | -179.26 |
| `safe_s:10000` | 136 | 125 | 11 | 92 % | +14.6 | +12.0 | +49.8 | -178.89 | +13.70 | -202.70 |
| `safe_s:100000` | 136 | 125 | 11 | 92 % | +14.6 | +12.0 | +49.8 | -1,038.99 | +79.43 | -1,177.33 |

Гейт помогает по медиане позиции у 0 книг, вредит у 8 (`aggr:10000`, `aggr:100000`, `optimal:1000`, `optimal:10000`, `optimal:100000`, `safe:1000`, `safe:10000`, `safe:100000`); книги с меньше чем 30 позиций в любой из рук не судятся.

## Чего замер НЕ говорит

Проскальзывание — одно число (17.4 б.п.) на все имена и размеры, снятое на 300 $ за имя: у билетов DCA-книг в $10k–$100k оно больше, так что нетто крупных депозитов — НИЖНЯЯ граница издержек; распределение по живому журналу — `DCA-slip-x3.md`. Funding посчитан по нотионалу рунгов, а не по марк-цене начисления (расхождение — ход цены от рунга до начисления, единицы процентов от самого funding). Комиссия — по сегодняшнему тарифу счёта, прошлых сеток площадка не отдаёт (A1). Гейт по ставке просмотрен ПОСЛЕ прогона книг — правилом он стать может только объявленным заранее и проверенным вперёд.
публикуется в ветку main:
 jobs/done/d10-short-3.log                      |   2 +
 jobs/done/dca-costs-p90.log                    |   7 +
 jobs/done/dca-costs-p90b.done                  |   1 +
 jobs/done/dca-costs-p90b.log                   |  78 +++
 jobs/poke.log                                  |   3 +
 research/dca_paper/out/DCA-costs-slip-p90.json | 866 ++++++++++++-------------
 research/dca_paper/out/DCA-costs-slip-p90.md   |  80 +--
 7 files changed, 564 insertions(+), 473 deletions(-)
To github.com:n0tgod/algoth_v2.git
   f27797d..d60c777  main -> main
branch 'main' set up to track 'origin/main'.
опубликовано

конец: 2026-09-06T22:46:47Z, код 0
