== задание dca-paper ==
строка: run research/dca_paper/run_paper.py
начало: 2026-09-04T11:14:32Z
запускаю: .venv/bin/python research/dca_paper/run_paper.py 
публикуется в ветку main:
 jobs/done/deploy-dca-page.log         |   11 +
 research/dca_paper/out/DCA-paper.json |  216 ++
 research/dca_paper/out/DCA-paper.md   |   29 +
 research/dca_paper/out/journal.jsonl  | 5098 +++++++++++++++++++++++++++++++++
 research/s8_loop/out/day_brake.json   |    2 +-
 5 files changed, 5355 insertions(+), 1 deletion(-)
To github.com:n0tgod/algoth_v2.git
   dd81653..c32728f  main -> main
branch 'main' set up to track 'origin/main'.
опубликовано
sheets.jsonl: ног 864348
лонгов под гейтом 8677, символов 629
окно решений 2026-08-08 18:07 … 2026-09-04 10:08 UTC (26.7 суток, дат 28)
  символ 18/629  взято 443
  символ 43/629  взято 1148
  символ 51/629  взято 1296
  символ 55/629  взято 1359
  символ 127/629  взято 1776
  символ 183/629  взято 2150
  символ 209/629  взято 2368
  символ 210/629  взято 2404
  символ 263/629  взято 3035
  символ 307/629  взято 3897
  символ 346/629  взято 4960
  символ 366/629  взято 5347
  символ 413/629  взято 6298
  символ 428/629  взято 6635
  символ 456/629  взято 7164
  символ 463/629  взято 7319
  символ 482/629  взято 7552
  символ 533/629  взято 8044
  символ 539/629  взято 8141
  символ 564/629  взято 8419
  символ 573/629  взято 8468
  символ 588/629  взято 8558
  символ 601/629  взято 8619
  символ 606/629  взято 8644
  символ 613/629  взято 8660
  депозит $1,000: мест 40, взято 594, нет кассы 1689, мельче $5 0
  депозит $10,000: мест 400, взято 2221, нет кассы 62, мельче $5 0
  депозит $100,000: мест 4000, взято 2283, нет кассы 0, мельче $5 0
журнал: было 0, дописано 5098
# DCA — бумажные книги на трёх депозитах

Три книги отличаются РОВНО депозитом: правила, гейты, ограда и выходы у них одни. Билет тоже один — **$25**, — поэтому с деньгами растёт число мест, и это и есть предмет сравнения: что депозит покупает.

**Билет выведен из пола биржи, а не назначен.** Минимальный ордер площадки ровно $5, самый мелкий рунг лестницы — 0.25 нотионала, значит нотионал не бывает меньше $20, а маржа — меньше $20/плечо; забор выдаёт от 1×, то есть худший случай требует ровно $20. Четверть сверху — запас на просадку: маржа считается от текущего счёта и проседает вместе с ним.

**Биржевое правило соблюдается с первого дня:** у имени позиция одна, второй выбор по той же монете пропущен. Реплей D-серии этого не делал, и его «пик 3206» описывал ЛОТЫ, а не позиции.

**Наблюдение и пересчёт не складываются никогда.** Решение считается записанным вперёд, если попало в журнал не позже 120 ч после самого себя (предел жизни позиции 72 ч плюс двое суток на прогон). Первый прогон восстанавливает накопленное — оно всё помечено пересчётом.

## Наблюдение (записано вперёд)

| депозит | мест | сделок | имён | дней | $ | к депозиту | просадка | медиана дня | худший день | зелёных | укус | $ без лучшего имени |
|---|--:|--:|--:|--:|--:|--:|--:|--:|--:|--:|--:|--:|
| $1,000 | 40 | 31 | 30 | 4 | 6.39 | +0.64 % | +0.00 % | +0.129 % | +0.03 % | 1.00 | 0.2 | 4.68 |
| $10,000 | 400 | 31 | 30 | 4 | 6.52 | +0.07 % | +0.00 % | +0.013 % | +0.00 % | 1.00 | 0.2 | 4.77 |
| $100,000 | 4000 | 31 | 30 | 4 | 5.87 | +0.01 % | +0.00 % | +0.001 % | +0.00 % | 1.00 | 0.2 | 4.29 |

## Пересчёт по прошлому

| депозит | мест | сделок | имён | дней | $ | к депозиту | просадка | медиана дня | худший день | зелёных | укус | $ без лучшего имени |
|---|--:|--:|--:|--:|--:|--:|--:|--:|--:|--:|--:|--:|
| $1,000 | 40 | 563 | 356 | 26 | 101.32 | +10.13 % | -5.35 % | -0.009 % | -3.77 % | 0.50 | 14.3 | 78.74 |
| $10,000 | 400 | 2190 | 611 | 26 | 1,243.91 | +12.44 % | -0.54 % | -0.002 % | -0.51 % | 0.50 | 3.6 | 1,212.17 |
| $100,000 | 4000 | 2252 | 626 | 26 | 1,266.47 | +1.27 % | -0.05 % | -0.000 % | -0.05 % | 0.50 | 3.6 | 1,237.42 |

## Чего эти числа НЕ описывают

Живого исполнения здесь нет: сделки считаются реплеем по барам записи, а не сканером на живой цене. Значит не моделируются проскальзывание, очередь в стакане и задержка входа; долив лотов в одно имя запрещён правилом, а не сведён в позицию, то есть маржа и цена ликвидации по-прежнему считаются по каждой позиции отдельно — на бирже они считаются по слитой. Веса модели видели эти часы, поэтому пересчёт читается как оценка СВЕРХУ. Период один и режим рынка один.

конец: 2026-09-04T11:31:55Z, код 0
публикуется в ветку main:
 jobs/done/dca-paper.log | 74 +++++++++++++++++++++++++++++++++++++++++++++++++
 1 file changed, 74 insertions(+)
To github.com:n0tgod/algoth_v2.git
   c32728f..6ca7855  main -> main
branch 'main' set up to track 'origin/main'.
опубликовано
