== задание dca-costs ==
строка: run research/dca_paper/costs.py
начало: 2026-09-06T17:04:43Z
запускаю: .venv/bin/python research/dca_paper/costs.py 
журнал: 67446 строк, битых 0, кусков 32
funding: рядов 513 из 584 нужных активов
строк с исходом 67446; тейкер по умолчанию у 3161, без комиссии 34499, без ряда funding 8053, ряд не покрывает 59393, ставка на входе неизвестна 8053
# Издержки бумажных DCA-книг: комиссия, funding, гейт по ставке

Вопрос владельца 2026-09-06: «считаются ли в DCA-стратегиях издержки — комиссия биржи, проскальзывание?» **Нет:** журнал книг несёт брутто, в коде книг ни комиссии, ни проскальзывания, ни funding нет (круг издержек встречается только в гейте входа `3 × круг`). Здесь издержки посчитаны ПО ЗАПИСИ, журнал и правила не тронуты.

**Комиссия** — тейкер по символу из справочника универсума (ставки 2.75, 5.5, 11 б.п.; символу без ставки — 5.5, таких строк 3161), на каждом рунге и на выходе. **Funding** — ряды площадки исполнения, на каждом начислении ставка × нотионал, открытый к этому моменту (по ценам рунгов, марк-цены в записи нет); лонгу положительная ставка — расход, шорту — доход. Ряд, не покрывающий жизнь позиции, даёт «не измерено», а не ноль. **Проскальзывание не считается** — его нет ни в записи, ни в модели; живой замер D1 дал медиану ~4 б.п. на входе.

Строк с исходом 67446; рядов funding 513, покрытие позиций 0.0 % при пороге вердикта 50 % — **funding НЕ измерен, колонки нетто читать нельзя**. Версия правил книг 6.

## По книгам (суммы в $, медианы на позицию в б.п. МАРЖИ)

| книга | сторона | n | брутто $ | комиссия $ | funding $ | измерено | нетто $ (измеренные) | брутто измеренных $ | комиссия б.п. | funding б.п. | брутто б.п. | медиана дня брутто → нетто | зелёных | укус |
|---|---|---:|---:|---:|---:|---:|---:|---:|---:|---:|---:|---:|---:|---:|
| `aggr:1000` | long | 2473 | +1,306.15 | -42.08 | — | 0 | — | — | +26.9 | — | +717.3 | +0.189 % → — | +59 % → — | 7.3 → — |
| `aggr:10000` | long | 3594 | +8,053.13 | -235.62 | — | 0 | — | — | +27.2 | — | +732.7 | +0.060 % → — | +59 % → — | 6.5 → — |
| `aggr:100000` | long | 3594 | +75,794.99 | -2,365.19 | — | 0 | — | — | +27.2 | — | +732.7 | +0.057 % → — | +65 % → — | 6.7 → — |
| `aggr_s:1000` | short | 126 | -121.89 | -9.83 | — | 0 | — | — | +113.8 | — | +308.3 | +0.094 % → — | +52 % → — | 18.3 → — |
| `aggr_s:10000` | short | 126 | -274.87 | -22.37 | — | 0 | — | — | +113.8 | — | +308.3 | +0.021 % → — | +52 % → — | 18.1 → — |
| `aggr_s:100000` | short | 126 | -2,846.69 | -231.65 | — | 0 | — | — | +113.8 | — | +308.3 | +0.022 % → — | +52 % → — | 18.1 → — |
| `optimal:1000` | long | 3173 | +650.89 | -47.39 | — | 0 | — | — | +5.5 | — | +65.9 | +0.069 % → — | +57 % → — | 17.5 → — |
| `optimal:10000` | long | 12178 | +8,603.55 | -228.52 | — | 0 | — | — | +9.0 | — | +181.2 | +0.005 % → — | +53 % → — | 6.3 → — |
| `optimal:100000` | long | 12560 | +45,612.42 | -1,347.33 | — | 0 | — | — | +9.0 | — | +182.0 | +0.003 % → — | +53 % → — | 6.0 → — |
| `optimal_s:1000` | short | 235 | -434.20 | -32.90 | — | 0 | — | — | +2.8 | — | +13.6 | -0.015 % → — | +46 % → — | 15.7 → — |
| `optimal_s:10000` | short | 324 | -501.34 | -38.58 | — | 0 | — | — | +2.8 | — | +21.0 | -0.003 % → — | +46 % → — | 16.8 → — |
| `optimal_s:100000` | short | 324 | -2,913.64 | -224.52 | — | 0 | — | — | +2.8 | — | +21.0 | -0.002 % → — | +46 % → — | 16.7 → — |
| `safe:1000` | long | 3087 | +538.88 | -22.66 | — | 0 | — | — | +4.6 | — | +57.5 | +0.164 % → — | +63 % → — | 9.0 → — |
| `safe:10000` | long | 12100 | +4,381.03 | -104.56 | — | 0 | — | — | +5.9 | — | +122.7 | +0.025 % → — | +60 % → — | 5.9 → — |
| `safe:100000` | long | 12482 | +23,318.09 | -625.22 | — | 0 | — | — | +5.9 | — | +124.2 | +0.011 % → — | +60 % → — | 5.5 → — |
| `safe_s:1000` | short | 300 | -278.30 | -23.31 | — | 0 | — | — | +2.8 | — | +25.6 | -0.018 % → — | +48 % → — | 11.7 → — |
| `safe_s:10000` | short | 322 | -368.38 | -26.69 | — | 0 | — | — | +2.8 | — | +21.1 | -0.005 % → — | +44 % → — | 20.0 → — |
| `safe_s:100000` | short | 322 | -2,140.60 | -155.27 | — | 0 | — | — | +2.8 | — | +21.1 | -0.003 % → — | +44 % → — | 20.0 → — |

Нетто = брутто − комиссия + funding по позициям, у которых измерены ОБЕ издержки; «брутто измеренных» — брутто того же подмножества, чтобы сравнивать одно с одним. Знак после издержек держат 0 книг из 0 с положительным брутто.

## По сторонам (депозит $10 000)

| сторона | n | брутто $ | комиссия $ | funding $ | нетто $ | funding б.п. на позицию |
|---|---:|---:|---:|---:|---:|---:|
| long | 27872 | +21,037.71 | -568.69 | — | — | — |
| short | 772 | -1,144.59 | -87.64 | — | — | — |

## Гейт по знаку ставки на входе (лонг при ставке ≤ 0, шорт при ≥ 0)

Обе руки — на позициях с ИЗВЕСТНОЙ ставкой на входе; «остальные» — те, кого гейт отсёк. Читать по медиане позиции: гейт меняет состав, и суммы рук несравнимы по построению.

| книга | известна | прошли гейт | доля | медиана всех | медиана прошедших | медиана отсечённых | $ прошедших | $ отсечённых | нетто прошедших $ |
|---|---:|---:|---:|---:|---:|---:|---:|---:|---:|
| `aggr:1000` | 2394 | 372 | 16 % | +56.53 % | +58.11 % | +56.36 % | +197.29 | +1,089.30 | — |
| `aggr:10000` | 3446 | 528 | 15 % | +210.71 % | +205.32 % | +211.72 % | +1,122.33 | +6,660.61 | — |
| `aggr:100000` | 3446 | 528 | 15 % | +2009.68 % | +1971.01 % | +2023.58 % | +10,620.84 | +62,605.91 | — |
| `aggr_s:1000` | 96 | 88 | 92 % | +14.05 % | +17.59 % | -48.34 % | -107.40 | -9.48 | — |
| `aggr_s:10000` | 96 | 88 | 92 % | +31.35 % | +39.26 % | -113.93 % | -242.64 | -21.36 | — |
| `aggr_s:100000` | 96 | 88 | 92 % | +324.77 % | +406.67 % | -1179.46 % | -2,512.80 | -221.20 | — |
| `optimal:1000` | 2577 | 675 | 26 % | +24.74 % | +10.91 % | +36.34 % | +54.26 | +521.83 | — |
| `optimal:10000` | 10788 | 2139 | 20 % | +51.31 % | +32.37 % | +54.61 % | +1,298.59 | +7,000.48 | — |
| `optimal:100000` | 11096 | 2177 | 20 % | +232.41 % | +132.21 % | +256.32 % | +6,786.46 | +37,400.42 | — |
| `optimal_s:1000` | 146 | 142 | 97 % | +2.85 % | +3.04 % | -160.52 % | -413.97 | -27.16 | — |
| `optimal_s:10000` | 201 | 185 | 92 % | +2.88 % | +3.77 % | -24.19 % | -462.45 | -39.17 | — |
| `optimal_s:100000` | 201 | 185 | 92 % | +16.73 % | +22.16 % | -141.98 % | -2,688.45 | -227.58 | — |
| `safe:1000` | 2497 | 656 | 26 % | +20.52 % | +10.89 % | +25.11 % | +124.51 | +378.41 | — |
| `safe:10000` | 10714 | 2135 | 20 % | +33.66 % | +26.49 % | +35.40 % | +731.97 | +3,457.11 | — |
| `safe:100000` | 11018 | 2167 | 20 % | +162.17 % | +96.70 % | +170.84 % | +3,787.80 | +18,353.22 | — |
| `safe_s:1000` | 181 | 172 | 95 % | +5.07 % | +5.18 % | -21.52 % | -283.65 | -27.59 | — |
| `safe_s:10000` | 200 | 184 | 92 % | +3.59 % | +3.93 % | -24.36 % | -352.40 | -31.35 | — |
| `safe_s:100000` | 200 | 184 | 92 % | +20.94 % | +22.81 % | -142.53 % | -2,048.48 | -181.99 | — |

Гейт помогает по медиане позиции у 10 книг (`aggr:1000`, `aggr_s:1000`, `aggr_s:10000`, `aggr_s:100000`, `optimal_s:1000`, `optimal_s:10000`, `optimal_s:100000`, `safe_s:1000`, `safe_s:10000`, `safe_s:100000`), вредит у 8 (`aggr:10000`, `aggr:100000`, `optimal:1000`, `optimal:10000`, `optimal:100000`, `safe:1000`, `safe:10000`, `safe:100000`); книги с меньше чем 30 прошедшими не судятся.

## Чего замер НЕ говорит

Проскальзывания в числах нет. Funding посчитан по нотионалу рунгов, а не по марк-цене начисления (расхождение — ход цены от рунга до начисления, единицы процентов от самого funding). Комиссия — по сегодняшнему тарифу счёта, прошлых сеток площадка не отдаёт (A1). Гейт по ставке просмотрен ПОСЛЕ прогона книг — правилом он стать может только объявленным заранее и проверенным вперёд.
публикуется в ветку main:
 jobs/done/d10-short.done                 |    1 +
 jobs/done/d10-short.log                  |    4 +
 jobs/done/dca-costs.done                 |    1 +
 jobs/done/dca-costs.log                  |   77 ++
 jobs/poke.log                            |    4 +
 research/dca_paper/out/DCA-costs-1m.json | 2060 ++++++++++++++++++++++++++++++
 research/dca_paper/out/DCA-costs-1m.md   |   70 +
 research/s8_loop/out/day_brake.json      |    2 +-
 8 files changed, 2218 insertions(+), 1 deletion(-)
To github.com:n0tgod/algoth_v2.git
   317ad73..473cd4f  main -> main
branch 'main' set up to track 'origin/main'.
опубликовано

конец: 2026-09-06T17:04:55Z, код 0
публикуется в ветку main:
 jobs/done/dca-costs.log | 16 ++++++++++++++++
 1 file changed, 16 insertions(+)
To github.com:n0tgod/algoth_v2.git
   473cd4f..1dcb09e  main -> main
branch 'main' set up to track 'origin/main'.
опубликовано
