== задание dca-arms-3 ==
строка: run research/dca_paper/arm_split.py --tag 1m
начало: 2026-09-07T07:55:56Z
запускаю: .venv/bin/python research/dca_paper/arm_split.py --tag 1m
sheets.jsonl: ног 981420
журнал: 67603 строк, битых 0, кусков 33
текущей версии правил (6): 10624 строк из 67603
ноги листов: 9047, решений (имя, сторона, час) 7681, обе руки на одном решении 1366 (17.8 %)
кэш реплея: записей 15362, с восстановленной рукой 15362
рука восстановлена у 10624 строк из 10624 (100.0 %): одна рука 9988, спор разрешён кэшем 636; спор без кэша 0, решения нет 0
# DCA-книги в разрезе руки модели (деревья / сеть)

Вопрос владельца 2026-09-07: «у DCA лонг используются сигналы ml или ai, или обе?». Вход книги DCA — выбор ситуационной книги `sit`, а её лист пишут ОБЕ руки турнира моделей: бустинг деревьев (`gbm`) и нейросеть (`nn`). Отбора по руке у DCA нет — в ноги идут решения обеих. Рука в запись позиции не попадает, поэтому здесь она восстановлена соединением журнала книги с журналом листов по (имя, сторона, момент); спор двух рук за одно имя решает то же правило, что у книги — больший модуль прогноза.

Журнал: 10624 строк текущей версии правил (6) из 67603; окно решений 2026-08-08 18:07 … 2026-09-06 23:09 UTC (29.21 суток). Ноги листов: 9047, решений 7681, из них обе руки на одном имени и часе — 1366 (17.8 %).

**Наблюдение против пересчёта.** Правила версии 6 действуют с 2026-09-05, поэтому вперёд записано всего 18 строк (3 ч), а 10606 — пересчёт истории по нынешним правилам. Весь разрез ниже есть БЭКТЕСТ по построению, и читать его как результат книги, проверенной вперёд, нельзя.

## Восстановление руки

| исход соединения | строк |
|---|---:|
| одна рука на решении | 9988 |
| обе руки, спор разрешён кэшем реплея | 636 |
| спор, а кэша нет — руки нет | 0 |
| ноги нет (лист старше журнала книги) | 0 |

## Состав ног листа по руке

| сторона | деревья | сеть |
|---|---:|---:|
| long | 3313 | 5382 |
| short | 116 | 236 |

## Деньги книг по руке (депозит $10000, брутто журнала)

| книга | рука | сделок | Σ $ | медиана % маржи | плюсов | половина A $ | половина B $ |
|---|---|---:|---:|---:|---:|---:|---:|
| `aggr` (агрессивная) | деревья | 171 | +518.82 | +12.130 | 87.1 % | +518.82 | — |
| `aggr` (агрессивная) | сеть | 461 | +1620.94 | +12.381 | 93.1 % | +1602.00 | +18.94 |
| `aggr` (агрессивная) | **вся книга** | 632 | +2139.75 | +12.294 | 91.5 % | +2120.82 | +18.94 |
| `aggr_s` (агрессивная (шорт)) | деревья | 30 | -71.06 | -7.678 | 46.7 % | -65.90 | -5.16 |
| `aggr_s` (агрессивная (шорт)) | сеть | 36 | -26.50 | +10.296 | 69.4 % | -43.22 | +16.72 |
| `aggr_s` (агрессивная (шорт)) | **вся книга** | 66 | -97.56 | +5.061 | 59.1 % | -109.11 | +11.55 |
| `optimal` (оптимальная) | деревья | 415 | +479.80 | +3.653 | 86.0 % | +481.43 | -1.63 |
| `optimal` (оптимальная) | сеть | 1258 | +1327.51 | +2.300 | 78.7 % | +1285.41 | +42.10 |
| `optimal` (оптимальная) | **вся книга** | 1673 | +1807.31 | +2.819 | 80.5 % | +1766.85 | +40.47 |
| `optimal_s` (оптимальная (шорт)) | деревья | 69 | -125.55 | -0.037 | 44.9 % | -115.66 | -9.89 |
| `optimal_s` (оптимальная (шорт)) | сеть | 119 | -67.73 | +0.368 | 64.7 % | -90.34 | +22.60 |
| `optimal_s` (оптимальная (шорт)) | **вся книга** | 188 | -193.28 | +0.172 | 57.4 % | -206.00 | +12.71 |
| `safe` (безопасная) | деревья | 415 | +265.42 | +2.417 | 86.0 % | +266.92 | -1.50 |
| `safe` (безопасная) | сеть | 1249 | +604.65 | +1.716 | 78.5 % | +586.03 | +18.62 |
| `safe` (безопасная) | **вся книга** | 1664 | +870.07 | +1.969 | 80.4 % | +852.95 | +17.12 |
| `safe_s` (безопасная (шорт)) | деревья | 69 | -94.91 | -0.001 | 46.4 % | -79.73 | -15.18 |
| `safe_s` (безопасная (шорт)) | сеть | 119 | -36.01 | +0.368 | 64.7 % | -60.22 | +24.20 |
| `safe_s` (безопасная (шорт)) | **вся книга** | 188 | -130.92 | +0.199 | 58.0 % | -139.94 | +9.02 |

## Активность по суткам (решения листа по руке; строки книги `optimal` на $10000)

| сутки | деревья | сеть | строк книги |
|---|---:|---:|---:|
| 2026-08-08 | 34 | 1 | 10 |
| 2026-08-09 | 61 | 28 | 35 |
| 2026-08-10 | 19 | 11 | 5 |
| 2026-08-11 | 16 | 18 | 7 |
| 2026-08-12 | 4 | 2 | 1 |
| 2026-08-13 | 7 | 158 | 91 |
| 2026-08-14 | 24 | 46 | 12 |
| 2026-08-15 | 30 | 105 | 49 |
| 2026-08-16 | 27 | 90 | 22 |
| 2026-08-17 | 9 | 25 | 11 |
| 2026-08-18 | 10 | 11 | 5 |
| 2026-08-19 | 126 | 100 | 184 |
| 2026-08-20 | 1658 | 2253 | 364 |
| 2026-08-21 | 1139 | 1143 | 392 |
| 2026-08-22 | 194 | 868 | 287 |
| 2026-08-23 | 41 | 31 | 5 |
| 2026-08-24 | 6 | 375 | 65 |
| 2026-08-25 | 3 | 115 | 76 |
| 2026-08-26 | 0 | 11 | 9 |
| 2026-08-27 | 5 | 11 | 6 |
| 2026-08-28 | 1 | 13 | 5 |
| 2026-08-29 | 1 | 5 | 1 |
| 2026-08-30 | 5 | 30 | 2 |
| 2026-08-31 | 0 | 9 | 2 |
| 2026-09-01 | 0 | 9 | 5 |
| 2026-09-02 | 0 | 7 | 4 |
| 2026-09-03 | 5 | 31 | 16 |
| 2026-09-04 | 0 | 21 | 1 |
| 2026-09-05 | 2 | 63 | 0 |
| 2026-09-06 | 2 | 25 | 1 |
| 2026-09-07 | 0 | 3 | 0 |

Ровность работы книги видна только здесь: итог за окно одинаков у месяца ежедневной торговли и у месяца с одним всплеском, а решения о размере и о доверии к книге — разные.


## Вердикт

Вердикт ставится книге на $10000 и только руке с 30+ сделками; «плюс на обеих половинах» — единственная форма, которую окно в месяц вообще может подтвердить.

| книга | рука | сделок | Σ $ | плюс | обе половины |
|---|---|---:|---:|---|---|
| `aggr` | деревья | 171 | +518.82 | да | нет |
| `aggr` | сеть | 461 | +1620.94 | да | да |
| `aggr_s` | деревья | 30 | -71.06 | нет | нет |
| `aggr_s` | сеть | 36 | -26.50 | нет | нет |
| `optimal` | деревья | 415 | +479.80 | да | нет |
| `optimal` | сеть | 1258 | +1327.51 | да | да |
| `optimal_s` | деревья | 69 | -125.55 | нет | нет |
| `optimal_s` | сеть | 119 | -67.73 | нет | нет |
| `safe` | деревья | 415 | +265.42 | да | нет |
| `safe` | сеть | 1249 | +604.65 | да | да |
| `safe_s` | деревья | 69 | -94.91 | нет | нет |
| `safe_s` | сеть | 119 | -36.01 | нет | нет |

## Чего замер НЕ говорит

- Он не сравнивает руки на ОДНОМ составе: составы разные по построению, и рука, чьих решений больше, имеет больше и денег.
- Он не судит правило «книга берёт только одну руку»: такой книги не было. Половины окна посчитаны именно затем, чтобы такую мысль было чем проверять, а не чтобы её объявить.
- Деньги — брутто журнала. Издержки меряет `costs.py`; они пропорциональны обороту, знак разреза не переставляют, но и не вычтены здесь.
- Строки без ноги («лист старше журнала книги») деньгами не приписаны никому и стоят отдельной строкой «нет руки» — их молчаливое зачисление в любую руку было бы подделкой разреза.

