== задание dca-costs-p90 ==
строка: run research/dca_paper/costs.py --slip-bp 17.4 --tag slip-p90
начало: 2026-09-06T22:45:32Z
запускаю: .venv/bin/python research/dca_paper/costs.py --slip-bp 17.4 --tag slip-p90
журнал: 67516 строк, битых 0, кусков 33
текущей версии правил (6): 10537 строк из 67516
funding: рядов 581 из 581 нужных активов
строк с исходом 10537; тейкер по умолчанию у 680, без записи рунгов 0, без комиссии 0, без ряда funding 680, ряд не покрывает 52, ставка на входе неизвестна 680
# Издержки бумажных DCA-книг: комиссия, funding, гейт по ставке

Вопрос владельца 2026-09-06: «считаются ли в DCA-стратегиях издержки — комиссия биржи, проскальзывание?» **Нет:** журнал книг несёт брутто, в коде книг ни комиссии, ни проскальзывания, ни funding нет (круг издержек встречается только в гейте входа `3 × круг`). Здесь издержки посчитаны ПО ЗАПИСИ, журнал и правила не тронуты.

**Комиссия** — тейкер по символу из справочника универсума (ставки 2.75, 5.5, 11 б.п.; символу без ставки — 5.5, таких строк 680), на каждом рунге и на выходе. **Funding** — ряды площадки исполнения, на каждом начислении ставка × нотионал, открытый к этому моменту (по ценам рунгов, марк-цены в записи нет); лонгу положительная ставка — расход, шорту — доход. Ряд, не покрывающий жизнь позиции, даёт «не измерено», а не ноль. **Проскальзывание** — по живому замеру X3 (X3: медиана входа 22 заполнений, 2026-08-22…25, потолок 30): 4.4 б.п. на базовый вход (первый рунг — рыночный, по первому принту после решения, той же «цене сигнала», что мерил X3) и на рыночный выход (пол, срок, трейл, стоп); лестница и тейк — лимитки по сквозному проходу, у них проскальзывания нет по построению (X3: тейк по уровню 22 из 22); ликвидация — цена биржи.

Строк с исходом 10537 — версия правил книг 6, как на странице книг (в журнале всего 67516; прежние версии писаны другим правилом и в счёт не входят). Рядов funding 581; покрытие позиций с рунгами 93.1 % (от всех строк 93.1 %) при пороге вердикта 50 %.

## По книгам (суммы в $, медианы на позицию в б.п. МАРЖИ)

| книга | сторона | n | брутто $ | комиссия $ | проскальз. $ | funding $ | измерено | нетто $ (измеренные) | брутто измеренных $ | комиссия б.п. | проскальз. б.п. | funding б.п. | брутто б.п. | медиана дня брутто → нетто | зелёных | укус |
|---|---|---:|---:|---:|---:|---:|---:|---:|---:|---:|---:|---:|---:|---:|---:|---:|
| `aggr:1000` | long | 468 | +323.28 | -13.26 | -4.67 | -2.92 | 467 | +305.47 | +326.24 | +27.5 | +10.1 | -4.2 | +1174.9 | +0.056 % → +0.052 % | +62 % → +62 % | 2.6 → 2.5 |
| `aggr:10000` | long | 632 | +2,139.75 | -77.24 | -25.53 | -18.84 | 629 | +2,019.23 | +2,140.20 | +27.9 | +9.9 | -4.4 | +1229.4 | +0.025 % → +0.023 % | +62 % → +62 % | 1.5 → 2.2 |
| `aggr:100000` | long | 632 | +21,477.62 | -775.41 | -256.27 | -189.14 | 629 | +20,267.72 | +21,482.13 | +27.9 | +9.9 | -4.4 | +1229.4 | +0.025 % → +0.023 % | +62 % → +62 % | 1.5 → 2.2 |
| `aggr_s:1000` | short | 65 | -44.18 | -4.56 | -1.87 | +0.53 | 59 | -59.24 | -53.89 | +101.6 | +31.9 | +22.2 | +500.9 | +0.049 % → -0.055 % | +55 % → +41 % | 10.2 → 14.4 |
| `aggr_s:10000` | short | 65 | -98.94 | -10.31 | -4.22 | +1.24 | 59 | -133.08 | -121.02 | +101.6 | +31.9 | +22.2 | +500.9 | +0.011 % → -0.013 % | +55 % → +41 % | 10.3 → 14.0 |
| `aggr_s:100000` | short | 65 | -1,024.73 | -106.82 | -43.72 | +12.81 | 59 | -1,378.34 | -1,253.38 | +101.6 | +31.9 | +22.2 | +500.9 | +0.011 % → -0.013 % | +55 % → +41 % | 10.3 → 14.0 |
| `optimal:1000` | long | 415 | +111.53 | -14.58 | -5.74 | -3.43 | 373 | +90.31 | +113.43 | +5.4 | +2.2 | -0.8 | +82.3 | +0.010 % → +0.003 % | +52 % → +52 % | 3.7 → 4.7 |
| `optimal:10000` | long | 1666 | +1,807.76 | -71.79 | -25.84 | -18.42 | 1579 | +1,698.06 | +1,812.44 | +9.1 | +3.4 | -1.8 | +283.8 | +0.009 % → +0.012 % | +52 % → +55 % | 3.6 → 4.9 |
| `optimal:100000` | long | 1733 | +10,930.20 | -423.95 | -150.22 | -106.31 | 1638 | +10,242.80 | +10,912.29 | +9.1 | +3.4 | -1.9 | +288.6 | +0.005 % → +0.007 % | +52 % → +55 % | 3.6 → 5.0 |
| `optimal_s:1000` | short | 133 | -189.64 | -15.54 | -6.36 | +0.61 | 98 | -246.28 | -227.39 | +2.8 | +2.2 | +1.7 | +11.5 | -0.010 % → -0.036 % | +48 % → +35 % | 11.2 → 21.4 |
| `optimal_s:10000` | short | 179 | -195.39 | -18.21 | -7.40 | +1.58 | 134 | -257.98 | -236.56 | +2.8 | +2.2 | +2.2 | +18.7 | -0.001 % → -0.003 % | +48 % → +33 % | 11.6 → 21.7 |
| `optimal_s:100000` | short | 179 | -1,134.07 | -105.89 | -43.01 | +9.25 | 134 | -1,498.19 | -1,373.79 | +2.8 | +2.2 | +2.2 | +18.7 | -0.001 % → -0.001 % | +48 % → +33 % | 11.6 → 21.5 |
| `safe:1000` | long | 399 | +98.85 | -6.98 | -3.00 | -1.79 | 358 | +88.87 | +100.07 | +4.6 | +2.2 | -0.6 | +77.0 | +0.094 % → +0.057 % | +62 % → +66 % | 5.4 → 8.7 |
| `safe:10000` | long | 1657 | +870.47 | -32.73 | -12.39 | -9.55 | 1570 | +815.79 | +869.26 | +5.9 | +2.2 | -1.1 | +199.4 | +0.013 % → +0.012 % | +55 % → +59 % | 3.1 → 4.5 |
| `safe:100000` | long | 1724 | +5,314.59 | -196.29 | -73.11 | -55.61 | 1629 | +4,979.25 | +5,296.62 | +6.0 | +2.2 | -1.1 | +201.8 | +0.008 % → +0.007 % | +55 % → +59 % | 3.1 → 4.5 |
| `safe_s:1000` | short | 167 | -114.65 | -11.48 | -5.26 | -0.87 | 122 | -159.47 | -143.84 | +2.8 | +2.2 | +1.3 | +21.6 | -0.004 % → -0.014 % | +50 % → +36 % | 9.8 → 12.2 |
| `safe_s:10000` | short | 179 | -133.04 | -12.84 | -5.83 | -0.36 | 134 | -181.32 | -164.38 | +2.8 | +2.2 | +2.2 | +21.0 | -0.000 % → -0.001 % | +50 % → +36 % | 13.6 → 17.0 |
| `safe_s:100000` | short | 179 | -772.36 | -74.63 | -33.86 | -2.04 | 134 | -1,053.15 | -954.79 | +2.8 | +2.2 | +2.2 | +21.0 | -0.000 % → -0.001 % | +50 % → +36 % | 13.6 → 17.1 |

Нетто = брутто − комиссия − проскальзывание + funding по позициям, у которых измерены ВСЕ три; «брутто измеренных» — брутто того же подмножества, чтобы сравнивать одно с одним. Знак после издержек держат 9 книг из 9 с положительным брутто.

## По сторонам (депозит $10 000)

| сторона | n | брутто $ | комиссия $ | проскальз. $ | funding $ | измерено | брутто измеренных $ | нетто $ (измеренные) | funding б.п. на позицию |
|---|---:|---:|---:|---:|---:|---:|---:|---:|---:|
| long | 3955 | +4,817.98 | -181.77 | -63.76 | -46.81 | 3778 | +4,821.89 | +4,533.07 | -1.8 |
| short | 423 | -427.37 | -41.37 | -17.45 | +2.46 | 327 | -521.96 | -572.37 | +2.3 |

## Гейт по знаку ставки на входе (лонг при ставке ≤ 0, шорт при ≥ 0)

Обе руки — на позициях с ИЗВЕСТНОЙ ставкой на входе (последняя точка ряда не старше 24 ч до входа); «отсечённые» — те, кого гейт не пустил. Читать по медиане позиции в б.п. маржи: гейт меняет состав, и суммы рук несравнимы по построению.

| книга | известна | прошли гейт | отсечено | доля | медиана всех, б.п. маржи | медиана прошедших | медиана отсечённых | $ прошедших | $ отсечённых | нетто прошедших $ |
|---|---:|---:|---:|---:|---:|---:|---:|---:|---:|---:|
| `aggr:1000` | 467 | 25 | 442 | 5 % | +1175.7 | +1097.7 | +1175.9 | +20.28 | +305.96 | +20.30 |
| `aggr:10000` | 629 | 33 | 596 | 5 % | +1229.2 | +1200.2 | +1229.8 | +131.55 | +2,008.65 | +130.30 |
| `aggr:100000` | 629 | 33 | 596 | 5 % | +1229.2 | +1200.2 | +1229.8 | +1,320.41 | +20,161.72 | +1,307.90 |
| `aggr_s:1000` | 59 | 54 | 5 | 92 % | +280.0 | +241.5 | +1942.6 | -57.56 | +3.66 | -61.35 |
| `aggr_s:10000` | 59 | 54 | 5 | 92 % | +280.0 | +241.5 | +1942.5 | -129.23 | +8.21 | -137.83 |
| `aggr_s:100000` | 59 | 54 | 5 | 92 % | +280.0 | +241.5 | +1942.5 | -1,338.38 | +85.00 | -1,427.43 |
| `optimal:1000` | 380 | 109 | 271 | 29 % | +93.1 | +25.3 | +186.7 | +16.00 | +97.34 | +14.73 |
| `optimal:10000` | 1586 | 243 | 1343 | 15 % | +312.8 | +59.6 | +357.8 | +114.88 | +1,697.46 | +112.73 |
| `optimal:100000` | 1645 | 253 | 1392 | 15 % | +316.5 | +64.7 | +360.0 | +722.12 | +10,189.63 | +708.97 |
| `optimal_s:1000` | 98 | 87 | 11 | 89 % | +5.4 | +4.9 | +13.6 | -229.25 | +1.87 | -241.66 |
| `optimal_s:10000` | 136 | 125 | 11 | 92 % | +12.8 | +12.0 | +13.5 | -239.41 | +2.04 | -253.51 |
| `optimal_s:100000` | 136 | 125 | 11 | 92 % | +12.8 | +12.0 | +13.6 | -1,390.40 | +11.86 | -1,472.33 |
| `safe:1000` | 365 | 105 | 260 | 29 % | +87.3 | +22.6 | +132.5 | +9.12 | +91.01 | +8.41 |
| `safe:10000` | 1577 | 243 | 1334 | 15 % | +211.3 | +55.7 | +234.0 | +60.09 | +809.23 | +57.41 |
| `safe:100000` | 1636 | 253 | 1383 | 16 % | +214.5 | +59.6 | +237.5 | +386.87 | +4,910.08 | +371.49 |
| `safe_s:1000` | 124 | 113 | 11 | 91 % | +17.2 | +15.7 | +49.8 | -158.29 | +13.73 | -166.92 |
| `safe_s:10000` | 136 | 125 | 11 | 92 % | +14.6 | +12.0 | +49.8 | -178.89 | +13.70 | -188.77 |
| `safe_s:100000` | 136 | 125 | 11 | 92 % | +14.6 | +12.0 | +49.8 | -1,038.99 | +79.43 | -1,096.37 |

Гейт помогает по медиане позиции у 0 книг, вредит у 8 (`aggr:10000`, `aggr:100000`, `optimal:1000`, `optimal:10000`, `optimal:100000`, `safe:1000`, `safe:10000`, `safe:100000`); книги с меньше чем 30 позиций в любой из рук не судятся.

## Чего замер НЕ говорит

Проскальзывание — одно число (4.4 б.п.) на все имена и размеры, снятое на 300 $ за имя: у билетов DCA-книг в $10k–$100k оно больше, так что нетто крупных депозитов — НИЖНЯЯ граница издержек; распределение по живому журналу — `DCA-slip-x3.md`. Funding посчитан по нотионалу рунгов, а не по марк-цене начисления (расхождение — ход цены от рунга до начисления, единицы процентов от самого funding). Комиссия — по сегодняшнему тарифу счёта, прошлых сеток площадка не отдаёт (A1). Гейт по ставке просмотрен ПОСЛЕ прогона книг — правилом он стать может только объявленным заранее и проверенным вперёд.
публикуется в ветку main:
 jobs/done/d10-short-3.log                      |    1 +
 jobs/done/dca-costs-4.log                      |    8 +
 jobs/done/dca-costs-p90.done                   |    1 +
 jobs/done/dca-costs-p90.log                    |   78 +
 jobs/poke.log                                  |    3 +
 research/dca_paper/out/DCA-costs-slip-p90.json | 2259 ++++++++++++++++++++++++
 research/dca_paper/out/DCA-costs-slip-p90.md   |   70 +
 7 files changed, 2420 insertions(+)
To github.com:n0tgod/algoth_v2.git
   4669196..aac393f  main -> main
branch 'main' set up to track 'origin/main'.
опубликовано

конец: 2026-09-06T22:45:42Z, код 0
публикуется в ветку main:
 jobs/done/dca-costs-p90.log | 15 +++++++++++++++
 1 file changed, 15 insertions(+)
To github.com:n0tgod/algoth_v2.git
   aac393f..13e9cc5  main -> main
branch 'main' set up to track 'origin/main'.
опубликовано
