== задание dca-two-rulers ==
строка: run research/dca_paper/run_paper.py
начало: 2026-09-04T11:52:24Z
запускаю: .venv/bin/python research/dca_paper/run_paper.py 
sheets.jsonl: ног 865835
лонгов под гейтом 8677, символов 629
окно решений 2026-08-08 18:07 … 2026-09-04 10:08 UTC (26.7 суток, дат 28)
  символ 18/629  взято 443
  символ 43/629  взято 1148
  символ 51/629  взято 1296
  символ 55/629  взято 1359
  символ 134/629  взято 1812
  символ 186/629  взято 2187
  символ 209/629  взято 2368
  символ 210/629  взято 2404
  символ 263/629  взято 3035
  символ 306/629  взято 3874
  символ 338/629  взято 4749
  символ 366/629  взято 5347
  символ 413/629  взято 6298
  символ 428/629  взято 6635
  символ 456/629  взято 7164
  символ 463/629  взято 7319
  символ 483/629  взято 7585
  символ 536/629  взято 8098
  символ 541/629  взято 8174
  символ 565/629  взято 8421
  символ 584/629  взято 8532
  символ 588/629  взято 8558
  символ 601/629  взято 8619
  символ 606/629  взято 8644
  символ 613/629  взято 8660
линейка безопасная (safe): позиций 8677, после правила одной на имя 2268
  депозит $1,000: мест 40, взято 580, нет кассы 1688, мельче $5 0
  депозит $10,000: мест 400, взято 2206, нет кассы 62, мельче $5 0
  депозит $100,000: мест 4000, взято 2268, нет кассы 0, мельче $5 0
линейка оптимальная (optimal): позиций 8677, после правила одной на имя 2283
  депозит $1,000: мест 40, взято 594, нет кассы 1689, мельче $5 0
  депозит $10,000: мест 400, взято 2221, нет кассы 62, мельче $5 0
  депозит $100,000: мест 4000, взято 2283, нет кассы 0, мельче $5 0
журнал: было 5098, дописано 5054
# DCA — бумажные книги на трёх депозитах

Три книги отличаются РОВНО депозитом: правила, гейты, ограда и выходы у них одни. Билет тоже один — **$25**, — поэтому с деньгами растёт число мест, и это и есть предмет сравнения: что депозит покупает.

**Билет выведен из пола биржи, а не назначен.** Минимальный ордер площадки ровно $5, самый мелкий рунг лестницы — 0.25 нотионала, значит нотионал не бывает меньше $20, а маржа — меньше $20/плечо; забор выдаёт от 1×, то есть худший случай требует ровно $20. Четверть сверху — запас на просадку: маржа считается от текущего счёта и проседает вместе с ним.

**Биржевое правило соблюдается с первого дня:** у имени позиция одна, второй выбор по той же монете пропущен. Реплей D-серии этого не делал, и его «пик 3206» описывал ЛОТЫ, а не позиции.

**Наблюдение и пересчёт не складываются никогда.** Решение считается записанным вперёд, если попало в журнал не позже 120 ч после самого себя (предел жизни позиции 72 ч плюс двое суток на прогон). Первый прогон восстанавливает накопленное — оно всё помечено пересчётом.

**Две колонки концентрации отвечают на РАЗНЫЕ вопросы.** «Без лучшего имени» ловит одну разогнанную монету; «без 3 лучших дней» ловит один рыночный эпизод, который раздаёт деньги десяткам имён разом, и первой колонке он невидим. Если вторая уводит итог в минус, книга описывает не правило, а тот эпизод. У книги моложе четырёх дней вычитать нечего, и там стоит прочерк — величина не измерена, а не равна нулю.

**Линеек плеча две, и книг поэтому шесть.** Плечо не настройка агрессивности: оно выводится из неравенства безопасности. **Безопасная** — плечо от собственной σ имени: запас 6 суточных σ до ликвидации. Волатильному имени плеча достаётся меньше, и в замере D3 такая книга не ликвидировала ни одной позиции ценой примерно половины дохода. **Оптимальная** — плечо от глубины лестницы: запас 2 · d_max до ликвидации. Доход выше, хвост тяжелее (в замере D3 ликвидировано 0.06 % позиций), и щедрее всего линейка ровно к волатильным именам. Имена — ярлыки, а не вердикт: какая линейка лучше, покажет форвард, и обе ведутся параллельно ровно затем, чтобы вопрос решали числа, а не выбор задним числом.

## Наблюдение (записано вперёд)

| линейка | депозит | мест | сделок | имён | дней | $ | к депозиту | просадка | медиана дня | худший день | зелёных | укус | $ без лучшего имени | $ без 3 лучших дней |
|---|---|--:|--:|--:|--:|--:|--:|--:|--:|--:|--:|--:|--:|--:|
| безопасная | $1,000 | 40 | 31 | 30 | 4 | 2.90 | +0.29 % | +0.00 % | +0.073 % | +0.03 % | 1.00 | 0.4 | 2.17 | 0.27 |
| оптимальная | $1,000 | 40 | 31 | 30 | 4 | 6.39 | +0.64 % | +0.00 % | +0.129 % | +0.03 % | 1.00 | 0.2 | 4.68 | 0.27 |
| безопасная | $10,000 | 400 | 31 | 30 | 4 | 2.85 | +0.03 % | +0.00 % | +0.007 % | +0.00 % | 1.00 | 0.4 | 2.13 | 0.26 |
| оптимальная | $10,000 | 400 | 31 | 30 | 4 | 6.52 | +0.07 % | +0.00 % | +0.013 % | +0.00 % | 1.00 | 0.2 | 4.77 | 0.28 |
| безопасная | $100,000 | 4000 | 31 | 30 | 4 | 2.69 | +0.00 % | +0.00 % | +0.001 % | +0.00 % | 1.00 | 0.4 | 2.01 | 0.25 |
| оптимальная | $100,000 | 4000 | 31 | 30 | 4 | 5.87 | +0.01 % | +0.00 % | +0.001 % | +0.00 % | 1.00 | 0.2 | 4.29 | 0.25 |

## Пересчёт по прошлому

| линейка | депозит | мест | сделок | имён | дней | $ | к депозиту | просадка | медиана дня | худший день | зелёных | укус | $ без лучшего имени | $ без 3 лучших дней |
|---|---|--:|--:|--:|--:|--:|--:|--:|--:|--:|--:|--:|--:|--:|
| безопасная | $1,000 | 40 | 549 | 348 | 26 | 83.72 | +8.37 % | -2.36 % | +0.009 % | -2.22 % | 0.54 | 5.2 | 74.36 | -11.17 |
| оптимальная | $1,000 | 40 | 563 | 356 | 26 | 101.32 | +10.13 % | -5.35 % | -0.009 % | -3.77 % | 0.50 | 14.3 | 78.74 | -71.96 |
| безопасная | $10,000 | 400 | 2175 | 611 | 26 | 659.55 | +6.60 % | -0.41 % | +0.002 % | -0.35 % | 0.58 | 4.6 | 648.24 | 15.80 |
| оптимальная | $10,000 | 400 | 2190 | 611 | 26 | 1,243.91 | +12.44 % | -0.54 % | -0.002 % | -0.51 % | 0.50 | 3.6 | 1,212.17 | -39.01 |
| безопасная | $100,000 | 4000 | 2237 | 626 | 26 | 682.38 | +0.68 % | -0.04 % | +0.000 % | -0.03 % | 0.58 | 4.3 | 671.49 | 12.33 |
| оптимальная | $100,000 | 4000 | 2252 | 626 | 26 | 1,266.47 | +1.27 % | -0.05 % | -0.000 % | -0.05 % | 0.50 | 3.6 | 1,237.42 | -42.84 |

## Чего эти числа НЕ описывают

Живого исполнения здесь нет: сделки считаются реплеем по барам записи, а не сканером на живой цене. Значит не моделируются проскальзывание, очередь в стакане и задержка входа; долив лотов в одно имя запрещён правилом, а не сведён в позицию, то есть маржа и цена ликвидации по-прежнему считаются по каждой позиции отдельно — на бирже они считаются по слитой. Веса модели видели эти часы, поэтому пересчёт читается как оценка СВЕРХУ. Период один и режим рынка один.
публикуется в ветку main:
 jobs/done/dca-two-rulers.log          |   76 +
 jobs/done/ps-dca2.done                |    1 +
 jobs/done/ps-dca2.log                 |   10 +
 jobs/poke.log                         |    2 +
 research/dca_paper/out/DCA-paper.json |  335 ++-
 research/dca_paper/out/DCA-paper.md   |   28 +-
 research/dca_paper/out/journal.jsonl  | 5054 +++++++++++++++++++++++++++++++++
 research/s8_loop/out/day_brake.json   |    2 +-
 8 files changed, 5492 insertions(+), 16 deletions(-)
To github.com:n0tgod/algoth_v2.git
 ! [rejected]        main -> main (fetch first)
error: failed to push some refs to 'github.com:n0tgod/algoth_v2.git'
hint: Updates were rejected because the remote contains work that you do not
hint: have locally. This is usually caused by another repository pushing to
hint: the same ref. If you want to integrate the remote changes, use
hint: 'git pull' before pushing again.
hint: See the 'Note about fast-forwards' in 'git push --help' for details.
push не прошёл, подтягиваю ветку и пробую снова 
(попытка 1 из 4)
From github.com:n0tgod/algoth_v2
 * branch            main       -> FETCH_HEAD
   28e7d62..b3e3f1d  main       -> origin/main
конец: 2026-09-04T12:09:35Z, код 0
