== задание dcaggr ==
строка: run research/dca_paper/run_paper.py
начало: 2026-09-04T14:20:00Z
запускаю: .venv/bin/python research/dca_paper/run_paper.py 
sheets.jsonl: ног 870323
лонгов под гейтом 8680, символов 629
окно решений 2026-08-08 18:07 … 2026-09-04 12:10 UTC (26.8 суток, дат 28)
  символ 18/629  взято 443
  символ 43/629  взято 1148
  символ 51/629  взято 1296
  символ 55/629  взято 1359
  символ 134/629  взято 1812
  символ 187/629  взято 2204
  символ 209/629  взято 2368
  символ 210/629  взято 2404
  символ 263/629  взято 3035
  символ 307/629  взято 3898
  символ 348/629  взято 4993
  символ 366/629  взято 5349
  символ 411/629  взято 6234
  символ 427/629  взято 6616
  символ 455/629  взято 7141
  символ 463/629  взято 7322
  символ 483/629  взято 7588
  символ 536/629  взято 8101
  символ 541/629  взято 8177
  символ 566/629  взято 8433
  символ 586/629  взято 8550
  символ 600/629  взято 8615
  символ 606/629  взято 8647
  символ 613/629  взято 8663
линейка безопасная (safe): позиций 8680, после правила одной на имя 2270
  депозит $1,000: мест 40, взято 582, нет кассы 1688, мельче $5 0
  депозит $10,000: мест 400, взято 2208, нет кассы 62, мельче $5 0
  депозит $100,000: мест 689, взято 2270, нет кассы 0, мельче $5 0
линейка оптимальная (optimal): позиций 8680, после правила одной на имя 2285
  депозит $1,000: мест 40, взято 596, нет кассы 1689, мельче $5 0
  депозит $10,000: мест 400, взято 2223, нет кассы 62, мельче $5 0
  депозит $100,000: мест 689, взято 2285, нет кассы 0, мельче $5 0
линейка агрессивная (aggr): позиций 8680, гейт плеча ≥4× отсеял 6217, после правила одной на имя 776
  депозит $1,000: мест 40, взято 281, нет кассы 495, мельче $5 0
  депозит $10,000: мест 400, взято 776, нет кассы 0, мельче $5 0
  депозит $100,000: мест 689, взято 776, нет кассы 0, мельче $5 0
журнал: было 20316, дописано 1839
# DCA — бумажные книги на трёх депозитах

Книг девять: три РЕЖИМА × три депозита. Внутри режима книги отличаются РОВНО депозитом: правила, гейты, ограда и выходы у них одни. Билет при этом НЕ один и тот же — **$25 / $25 / $145**, мест **40 / 400 / 689**, — и это не вторая ось, а следствие первой: билет зажат между полом биржи и пиком самой книги.

**Пол задаёт биржа.** Минимальный ордер площадки ровно $5, самый мелкий рунг лестницы — 0.25 нотионала, значит нотионал не бывает меньше $20, а маржа — меньше $20/плечо; забор выдаёт от 1×, то есть худший случай требует ровно $20. Четверть сверху — запас на просадку: маржа считается от текущего счёта и проседает вместе с ним.

**Потолок задаёт книга (решение владельца 2026-09-04): билет поднят так, чтобы хватало на ВСЕ места.** Больше 457 позиций разом книга не держала ни разу за запись — пик ИЗМЕРЕН по журналу, обе линейки дали одно число, — поэтому билет равен `депозит / (457 × 1.5)`, где запас нужен потому, что пик есть максимум выборки, а сечение растёт. Правило одно на все депозиты, и оно само говорит главное: **мелкий депозит наполнить нельзя** — у $1k и $10k связывает пол биржи, и только у $100k потолок оказался выше пола.

**Биржевое правило соблюдается с первого дня:** у имени позиция одна, второй выбор по той же монете пропущен. Реплей D-серии этого не делал, и его «пик 3206» описывал ЛОТЫ, а не позиции.

**Наблюдение и пересчёт не складываются никогда.** Решение считается записанным вперёд, если попало в журнал не позже 120 ч после самого себя (предел жизни позиции 72 ч плюс двое суток на прогон). Первый прогон восстанавливает накопленное — оно всё помечено пересчётом.

**Две колонки концентрации отвечают на РАЗНЫЕ вопросы.** «Без лучшего имени» ловит одну разогнанную монету; «без 3 лучших дней» ловит один рыночный эпизод, который раздаёт деньги десяткам имён разом, и первой колонке он невидим. Если вторая уводит итог в минус, книга описывает не правило, а тот эпизод. У книги моложе четырёх дней вычитать нечего, и там стоит прочерк — величина не измерена, а не равна нулю.

**Режимов три, и книг поэтому девять.** Плечо не настройка агрессивности: оно выводится из неравенства безопасности, и режим задаёт, ИЗ ЧЕГО. **Безопасная** — плечо от собственной σ имени: запас 6 суточных σ до ликвидации. Волатильному имени плеча достаётся меньше. Замер D5: ликвидаций 0.000 % против 0.058 %, худшая позиция −29.8 % против −100 %, укус 21.7 против 46.7 — ценой примерно четверти обычного дня (медиана дня +0.200 % против +0.270 %). **Оптимальная** — плечо от глубины лестницы: запас 2 · d_max до ликвидации. Медиана позиции выше (+1.91 % против +1.26 % в замере D5), но хвост тяжелее и щедрее всего линейка ровно к волатильным именам — D3 намерил у неё антиселективность: медианное плечо хвоста 7.34× против 3.02× по книге. **Агрессивная** — та же глубина лестницы, что у «оптимальной», плюс ГЕЙТ ВХОДА: берутся только решения, которым забор выдал плечо не меньше порога. Порог не назначен, а взят из ячейки, породившей вопрос: в замере D6 при билете $5 биржевой пол требовал нотионал ≥ $20, то есть плечо ≥ 4×, и именно та ячейка дала +20.51 % за окно. Здесь это объявленное правило, а не побочный эффект билета, который биржа не примет. Знать надо и обратное: D3 намерил, что плечо и есть источник хвоста (медианное плечо хвоста 7.34× против 3.02× по книге), то есть режим намеренно садится в хвостовую зону. Имена — ярлыки, а не вердикт: какой режим лучше, покажет форвард, и все три ведутся параллельно ровно затем, чтобы вопрос решали числа, а не выбор задним числом.

**Билет у режима с гейтом НЕ понижен, и это решение, а не недосмотр.** По собственной арифметике агрессивного режима пол был бы вчетверо ниже: он не берёт плеча слабее 4×, значит худший его случай требует $5 маржи, а не $20. Понизив билет, мы дали бы книге БОЛЬШЕ мест — то есть она отличалась бы от «оптимальной» двумя правилами разом, и разницу результатов нельзя было бы приписать гейту. Плата названа: позиций у режима меньше, а билет тот же, поэтому часть денег простаивает, и его процент к депозиту занижен не правилом рынка, а нашим выбором. Насколько — видно по числу отказов кассы и по собственному пику режима ниже.

## Наблюдение (записано вперёд)

| режим | депозит | билет | мест | сделок | имён | дней | $ | к депозиту | просадка | медиана дня | худший день | зелёных | укус | $ без лучшего имени | $ без 3 лучших дней |
|---|---|--:|--:|--:|--:|--:|--:|--:|--:|--:|--:|--:|--:|--:|--:|
| безопасная | $1,000 | $25 | 40 | 33 | 32 | 4 | 0.27 | +0.03 % | -0.15 % | +0.032 % | -0.15 % | 0.75 | 3.9 | -0.46 | -1.46 |
| оптимальная | $1,000 | $25 | 40 | 33 | 32 | 4 | 3.05 | +0.31 % | +0.00 % | +0.033 % | +0.02 % | 1.00 | 0.6 | 1.33 | 0.20 |
| агрессивная | $1,000 | $25 | 40 | 4 | 4 | 2 | -12.34 | -1.23 % | -1.36 % | -0.617 % | -1.36 % | 0.50 | 11.0 | -14.31 | — |
| безопасная | $10,000 | $25 | 400 | 33 | 32 | 4 | 0.26 | +0.00 % | -0.01 % | +0.003 % | -0.01 % | 0.75 | 3.9 | -0.45 | -1.44 |
| оптимальная | $10,000 | $25 | 400 | 33 | 32 | 4 | 3.11 | +0.03 % | +0.00 % | +0.003 % | +0.00 % | 1.00 | 0.6 | 1.36 | 0.20 |
| агрессивная | $10,000 | $25 | 400 | 4 | 4 | 2 | -10.94 | -0.11 % | -0.12 % | -0.055 % | -0.12 % | 0.50 | 11.0 | -12.68 | — |
| безопасная | $100,000 | $145 | 689 | 33 | 32 | 4 | 1.50 | +0.00 % | -0.01 % | +0.002 % | -0.01 % | 0.75 | 3.9 | -2.57 | -8.14 |
| оптимальная | $100,000 | $145 | 689 | 33 | 32 | 4 | 17.26 | +0.02 % | +0.00 % | +0.002 % | +0.00 % | 1.00 | 0.6 | 7.56 | 1.12 |
| агрессивная | $100,000 | $145 | 689 | 4 | 4 | 2 | -60.57 | -0.06 % | -0.07 % | -0.030 % | -0.07 % | 0.50 | 11.0 | -70.20 | — |

## Пересчёт по прошлому

| режим | депозит | билет | мест | сделок | имён | дней | $ | к депозиту | просадка | медиана дня | худший день | зелёных | укус | $ без лучшего имени | $ без 3 лучших дней |
|---|---|--:|--:|--:|--:|--:|--:|--:|--:|--:|--:|--:|--:|--:|--:|
| безопасная | $1,000 | $25 | 40 | 549 | 348 | 26 | 83.72 | +8.37 % | -2.36 % | +0.009 % | -2.22 % | 0.54 | 5.2 | 74.36 | -11.17 |
| оптимальная | $1,000 | $25 | 40 | 563 | 356 | 26 | 101.32 | +10.13 % | -5.35 % | -0.009 % | -3.77 % | 0.50 | 14.3 | 78.74 | -71.96 |
| агрессивная | $1,000 | $25 | 40 | 277 | 181 | 13 | 260.75 | +26.08 % | -4.50 % | +0.074 % | -5.94 % | 0.54 | 9.4 | 226.87 | -121.34 |
| безопасная | $10,000 | $25 | 400 | 2175 | 611 | 26 | 659.55 | +6.60 % | -0.41 % | +0.002 % | -0.35 % | 0.58 | 4.6 | 648.24 | 15.80 |
| оптимальная | $10,000 | $25 | 400 | 2190 | 611 | 26 | 1,243.91 | +12.44 % | -0.54 % | -0.002 % | -0.51 % | 0.50 | 3.6 | 1,212.17 | -39.01 |
| агрессивная | $10,000 | $25 | 400 | 772 | 327 | 13 | 1,180.36 | +11.80 % | -0.46 % | +0.008 % | -0.33 % | 0.54 | 4.0 | 1,148.61 | -90.80 |
| безопасная | $100,000 | $145 | 689 | 2237 | 626 | 26 | 4,003.15 | +4.00 % | -0.24 % | +0.001 % | -0.20 % | 0.58 | 4.5 | 3,938.60 | 75.87 |
| оптимальная | $100,000 | $145 | 689 | 2252 | 626 | 26 | 7,482.65 | +7.48 % | -0.31 % | -0.001 % | -0.28 % | 0.50 | 3.6 | 7,305.47 | -245.81 |
| агрессивная | $100,000 | $145 | 689 | 772 | 327 | 13 | 6,762.45 | +6.76 % | -0.27 % | +0.004 % | -0.19 % | 0.54 | 4.4 | 6,585.79 | -519.27 |

## Гейт плеча и собственный пик режима

Гейт стоит ПЕРВЫМ, до правила одной на имя: у режима с гейтом низкоплечевой ранний вход не случается вовсе, и имя остаётся свободным для рычажного. Пик считается по тому, что режим взял, и сравнивается с пиком всего пула (457), из которого выведен билет. Билет общий на все режимы, а собственный пик режима с гейтом заведомо ниже — значит часть его денег простаивает, и это цена нашего выбора, а не свойство правила.

| режим | решений | отсеял гейт | после одной на имя | медиана плеча | свой пик позиций |
|---|--:|--:|--:|--:|--:|
| безопасная | 8680 | нет гейта | 2270 | 1.61× | 457 |
| оптимальная | 8680 | нет гейта | 2285 | 2.75× | 457 |
| агрессивная | 8680 | 6217 (плечо < 4×) | 776 | 8.52× | 237 |

## Что связывает депозит

Числа счётного прогона 2026-09-04 14:36. Касса раздаёт деньги по очереди решений, поэтому книга, которой не хватает мест, берёт не лучшие сигналы, а первые: отказ по кассе меняет не только объём, но и СОСТАВ.

| режим | депозит | мест | взято | нет кассы | мельче пола |
|---|---|--:|--:|--:|--:|
| безопасная | $1,000 | 40 | 582 | 1688 | 0 |
| оптимальная | $1,000 | 40 | 596 | 1689 | 0 |
| агрессивная | $1,000 | 40 | 281 | 495 | 0 |
| безопасная | $10,000 | 400 | 2208 | 62 | 0 |
| оптимальная | $10,000 | 400 | 2223 | 62 | 0 |
| агрессивная | $10,000 | 400 | 776 | 0 | 0 |
| безопасная | $100,000 | 689 | 2270 | 0 | 0 |
| оптимальная | $100,000 | 689 | 2285 | 0 | 0 |
| агрессивная | $100,000 | 689 | 776 | 0 | 0 |

## Чего эти числа НЕ описывают

Живого исполнения здесь нет: сделки считаются реплеем по барам записи, а не сканером на живой цене. Значит не моделируются проскальзывание, очередь в стакане и задержка входа; долив лотов в одно имя запрещён правилом, а не сведён в позицию, то есть маржа и цена ликвидации по-прежнему считаются по каждой позиции отдельно — на бирже они считаются по слитой. Веса модели видели эти часы, поэтому пересчёт читается как оценка СВЕРХУ. Период один и режим рынка один.
публикуется в ветку main:
 jobs/done/dcaggr.done                 |    1 +
 jobs/done/dcaggr.log                  |  119 +++
 jobs/done/ps-ticket2.done             |    1 +
 jobs/done/ps-ticket2.log              |   11 +
 jobs/poke.log                         |    3 +
 research/dca_paper/out/DCA-paper.json |  396 +++++--
 research/dca_paper/out/DCA-paper.md   |   57 +-
 research/dca_paper/out/journal.jsonl  | 1839 +++++++++++++++++++++++++++++++++
 research/s8_loop/out/day_brake.json   |    2 +-
 9 files changed, 2323 insertions(+), 106 deletions(-)
To github.com:n0tgod/algoth_v2.git
   022bb0a..ca6a785  main -> main
branch 'main' set up to track 'origin/main'.
опубликовано

конец: 2026-09-04T14:37:02Z, код 0
