== задание deploy-mem2 ==
строка: restart-book
начало: 2026-10-06T03:13:14Z
перезапуск сборщика и циклов
== останавливаю прежний ==
жду закрытия файлов..................
== обновляю код ==
Already up to date.
== запускаю ==
== поднялся, хвост журнала ==
[       4 с] очередь сжатия: 100 файлов
[       4 с] шард 0: подключён, подписываюсь на 120 тем
[       5 с] шард 1: подключён, подписываюсь на 120 тем
[       6 с] шард 2: подключён, подписываюсь на 120 тем
[       7 с] шард 3: подключён, подписываюсь на 120 тем
[       8 с] шард 4: подключён, подписываюсь на 120 тем
[       9 с] шард 5: подключён, подписываюсь на 120 тем
[      11 с] шард 6: подключён, подписываюсь на 120 тем
== перезапускаю циклы обучения ==
  не запущен: s8_loop/train.py --pretest
  остановлен, сторож поднимет: s8_loop/train.py$
публикуется в ветку main:
 jobs/done/deploy-mem2.done          |  1 +
 jobs/done/deploy-mem2.log           | 21 +++++++++++++++++++++
 jobs/poke.log                       |  3 +++
 research/s8_loop/out/day_brake.json |  2 +-
 4 files changed, 26 insertions(+), 1 deletion(-)
To github.com:n0tgod/algoth_v2.git
   edf04a9d..182f55ba  main -> main
branch 'main' set up to track 'origin/main'.
опубликовано
