== задание deploy-tiles ==
строка: restart-book
начало: 2026-09-05T20:16:40Z
перезапуск сборщика и циклов
== останавливаю прежний ==
жду закрытия файлов........
== обновляю код ==
Already up to date.
== запускаю ==
== поднялся, хвост журнала ==
[       3 с] шард 1: подключён, подписываюсь на 120 тем
[       4 с] шард 2: подключён, подписываюсь на 120 тем
[       5 с] шард 3: подключён, подписываюсь на 120 тем
[       6 с] шард 4: подключён, подписываюсь на 120 тем
[       8 с] шард 5: подключён, подписываюсь на 120 тем
[       8 с] ВНИМАНИЕ: полный проход снимков занял 1.68 с при шаге 1 с — снимков в часе будет около 2140, не 3600
[       8 с] шард 6: подключён, подписываюсь на 120 тем
[      12 с] шард 7: подключён, подписываюсь на 120 тем
== перезапускаю циклы обучения ==
  не запущен: s8_loop/train.py --pretest
  остановлен, сторож поднимет: s8_loop/train.py$
публикуется в ветку main:
 jobs/done/deploy-tiles.done         |  1 +
 jobs/done/deploy-tiles.log          | 21 +++++++++++++++++++++
 jobs/poke.log                       |  3 +++
 research/s8_loop/out/day_brake.json |  2 +-
 4 files changed, 26 insertions(+), 1 deletion(-)
To github.com:n0tgod/algoth_v2.git
   4e61da9..79ada8b  main -> main
branch 'main' set up to track 'origin/main'.
опубликовано
