== задание deploy-strat2 ==
строка: restart-book
начало: 2026-09-02T13:42:22Z
перезапуск сборщика и циклов
== останавливаю прежний ==
жду закрытия файлов............
== обновляю код ==
Already up to date.
== запускаю ==
== поднялся, хвост журнала ==
[       4 с] шард 2: подключён, подписываюсь на 120 тем
[       5 с] шард 3: подключён, подписываюсь на 120 тем
[       6 с] шард 4: подключён, подписываюсь на 120 тем
[      10 с] шард 5: подключён, подписываюсь на 120 тем
[      10 с] шард 6: подключён, подписываюсь на 120 тем
[      11 с] шард 7: подключён, подписываюсь на 120 тем
[      11 с] ВНИМАНИЕ: полный проход снимков занял 4.44 с при шаге 1 с — снимков в часе будет около 810, не 3600
[      11 с] шард 8: подключён, подписываюсь на 120 тем
== перезапускаю циклы обучения ==
  не запущен: s8_loop/train.py --pretest
  остановлен, сторож поднимет: s8_loop/train.py$
