== задание deploy-pct ==
строка: restart-book
начало: 2026-09-02T15:13:44Z
перезапуск сборщика и циклов
== останавливаю прежний ==
жду закрытия файлов.......
== обновляю код ==
Already up to date.
== запускаю ==
== поднялся, хвост журнала ==
[       2 с] бумажные сделки выключены: направление ленты закрыто замерами, поглощение входит в модель признаками; запись стакана и ленты идёт как шла
[       3 с] шард 0: подключён, подписываюсь на 120 тем
[       4 с] шард 1: подключён, подписываюсь на 120 тем
[       5 с] шард 2: подключён, подписываюсь на 120 тем
[       6 с] шард 3: подключён, подписываюсь на 120 тем
[       7 с] шард 4: подключён, подписываюсь на 120 тем
[       8 с] шард 5: подключён, подписываюсь на 120 тем
[      11 с] шард 6: подключён, подписываюсь на 120 тем
== перезапускаю циклы обучения ==
  не запущен: s8_loop/train.py --pretest
  остановлен, сторож поднимет: s8_loop/train.py$
