== задание deploy-h24c-2 ==
строка: restart-book
начало: 2026-08-30T09:35:23Z
перезапуск сборщика и циклов
== останавливаю прежний ==
жду закрытия файлов......
== обновляю код ==
Already up to date.
== запускаю ==
== поднялся, хвост журнала ==
[       5 с] шард 3: подключён, подписываюсь на 120 тем
[       6 с] шард 4: подключён, подписываюсь на 120 тем
[       7 с] шард 5: подключён, подписываюсь на 120 тем
[       8 с] ВНИМАНИЕ: полный проход снимков занял 1.64 с при шаге 1 с — снимков в часе будет около 2190, не 3600
[       8 с] шард 6: подключён, подписываюсь на 120 тем
[      10 с] шард 7: подключён, подписываюсь на 120 тем
[      10 с] шард 8: подключён, подписываюсь на 120 тем
[      11 с] шард 9: подключён, подписываюсь на 120 тем
== перезапускаю циклы обучения ==
  не запущен: s8_loop/train.py --pretest
  остановлен, сторож поднимет: s8_loop/train.py$
публикуется в ветку main:
 jobs/done/deploy-h24c-2.done        |  1 +
 jobs/done/deploy-h24c-2.log         | 21 +++++++++++++++++++++
 jobs/done/diag-books-1.log          | 12 ++++++++++++
 jobs/poke.log                       |  3 +++
 research/s8_loop/out/day_brake.json |  2 +-
 5 files changed, 38 insertions(+), 1 deletion(-)
To github.com:n0tgod/algoth_v2.git
   80c9b15..1c03f46  main -> main
branch 'main' set up to track 'origin/main'.
опубликовано
