== задание deploy-dep ==
строка: restart-book
начало: 2026-09-02T15:37:57Z
перезапуск сборщика и циклов
== останавливаю прежний ==
жду закрытия файлов.........
== обновляю код ==
Already up to date.
== запускаю ==
== поднялся, хвост журнала ==
[       5 с] шард 3: подключён, подписываюсь на 120 тем
[       6 с] шард 4: подключён, подписываюсь на 120 тем
[       7 с] шард 5: подключён, подписываюсь на 120 тем
[       9 с] шард 6: подключён, подписываюсь на 120 тем
[      11 с] шард 7: подключён, подписываюсь на 120 тем
[      11 с] шард 8: подключён, подписываюсь на 120 тем
[      11 с] шард 9: подключён, подписываюсь на 120 тем
[      11 с] ВНИМАНИЕ: полный проход снимков занял 5.19 с при шаге 1 с — снимков в часе будет около 693, не 3600
== перезапускаю циклы обучения ==
  не запущен: s8_loop/train.py --pretest
  остановлен, сторож поднимет: s8_loop/train.py$
публикуется в ветку main:
 jobs/done/cycle-after-pct.log       | 11 +++++++++++
 jobs/done/deploy-dep.done           |  1 +
 jobs/done/deploy-dep.log            | 21 +++++++++++++++++++++
 jobs/poke.log                       |  3 +++
 research/s8_loop/out/day_brake.json |  2 +-
 5 files changed, 37 insertions(+), 1 deletion(-)
To github.com:n0tgod/algoth_v2.git
   9ef3852..e6f9715  main -> main
branch 'main' set up to track 'origin/main'.
опубликовано
