== задание deploy-dca-palette ==
строка: restart-book
начало: 2026-09-05T23:30:03Z
перезапуск сборщика и циклов
== останавливаю прежний ==
жду закрытия файлов........
== обновляю код ==
Already up to date.
== запускаю ==
== поднялся, хвост журнала ==
[       4 с] шард 1: подключён, подписываюсь на 120 тем
[       5 с] шард 2: подключён, подписываюсь на 120 тем
[       6 с] шард 3: подключён, подписываюсь на 120 тем
[       7 с] шард 4: подключён, подписываюсь на 120 тем
[       8 с] шард 5: подключён, подписываюсь на 120 тем
[       9 с] шард 6: подключён, подписываюсь на 120 тем
[       9 с] ВНИМАНИЕ: полный проход снимков занял 2.09 с при шаге 1 с — снимков в часе будет около 1720, не 3600
[      10 с] шард 7: подключён, подписываюсь на 120 тем
== перезапускаю циклы обучения ==
  не запущен: s8_loop/train.py --pretest
  остановлен, сторож поднимет: s8_loop/train.py$
