== задание deploy-dca-page ==
строка: restart-book
начало: 2026-09-04T11:25:06Z
перезапуск сборщика и циклов
== останавливаю прежний ==
жду закрытия файлов........
== обновляю код ==
Already up to date.
== запускаю ==
== поднялся, хвост журнала ==
[       3 с] шард 1: подключён, подписываюсь на 120 тем
[       4 с] шард 2: подключён, подписываюсь на 120 тем
[       5 с] шард 3: подключён, подписываюсь на 120 тем
[       6 с] шард 4: подключён, подписываюсь на 120 тем
[       7 с] шард 5: подключён, подписываюсь на 120 тем
[       9 с] шард 6: подключён, подписываюсь на 120 тем
[      11 с] шард 7: подключён, подписываюсь на 120 тем
[      12 с] шард 8: подключён, подписываюсь на 120 тем
== перезапускаю циклы обучения ==
  не запущен: s8_loop/train.py --pretest
  остановлен, сторож поднимет: s8_loop/train.py$
публикуется в ветку main:
 jobs/done/d6-full.log               |  7 +++++++
 jobs/done/deploy-dca-page.done      |  1 +
 jobs/done/deploy-dca-page.log       | 21 +++++++++++++++++++++
 jobs/poke.log                       |  3 +++
 research/s8_loop/out/day_brake.json |  2 +-
 5 files changed, 33 insertions(+), 1 deletion(-)
To github.com:n0tgod/algoth_v2.git
   33db750..dd81653  main -> main
branch 'main' set up to track 'origin/main'.
опубликовано
