== задание deploy-open-chart ==
строка: restart-book
начало: 2026-09-05T16:24:45Z
перезапуск сборщика и циклов
== останавливаю прежний ==
жду закрытия файлов.........
== обновляю код ==
Already up to date.
== запускаю ==
== поднялся, хвост журнала ==
----------------------------------------
[       3 с] шард 0: подключён, подписываюсь на 120 тем
[       4 с] шард 1: подключён, подписываюсь на 120 тем
[       5 с] шард 2: подключён, подписываюсь на 120 тем
[       6 с] шард 3: подключён, подписываюсь на 120 тем
[       7 с] шард 4: подключён, подписываюсь на 120 тем
[       8 с] шард 5: подключён, подписываюсь на 120 тем
[       9 с] шард 6: подключён, подписываюсь на 120 тем
== перезапускаю циклы обучения ==
  не запущен: s8_loop/train.py --pretest
  остановлен, сторож поднимет: s8_loop/train.py$
публикуется в ветку main:
 jobs/done/dca-fav-write.log         | 38 +++++++++++++++++++++++++++++++++++++
 jobs/done/deploy-open-chart.done    |  1 +
 jobs/done/deploy-open-chart.log     | 21 ++++++++++++++++++++
 jobs/poke.log                       |  3 +++
 research/s8_loop/out/day_brake.json |  2 +-
 5 files changed, 64 insertions(+), 1 deletion(-)
To github.com:n0tgod/algoth_v2.git
   dedb2e5..0d019d7  main -> main
branch 'main' set up to track 'origin/main'.
опубликовано
