== задание deploy-ring ==
строка: restart-book
начало: 2026-10-06T02:57:33Z
перезапуск сборщика и циклов
== останавливаю прежний ==
жду закрытия файлов............
== обновляю код ==
Already up to date.
== запускаю ==
== поднялся, хвост журнала ==
[       4 с] бумажные сделки выключены: направление ленты закрыто замерами, поглощение входит в модель признаками; запись стакана и ленты идёт как шла
[       5 с] шард 0: подключён, подписываюсь на 120 тем
[       5 с] шард 1: подключён, подписываюсь на 120 тем
[       6 с] шард 2: подключён, подписываюсь на 120 тем
[       7 с] шард 3: подключён, подписываюсь на 120 тем
[       8 с] шард 4: подключён, подписываюсь на 120 тем
[       9 с] шард 5: подключён, подписываюсь на 120 тем
[      11 с] шард 6: подключён, подписываюсь на 120 тем
== перезапускаю циклы обучения ==
  не запущен: s8_loop/train.py --pretest
  остановлен, сторож поднимет: s8_loop/train.py$
публикуется в ветку main:
 jobs/done/deploy-ring.done             |  1 +
 jobs/done/deploy-ring.log              | 21 +++++++++++++++++++++
 jobs/poke.log                          |  3 +++
 research/factory/out/agents-runs.jsonl |  1 +
 research/s8_loop/out/day_brake.json    |  2 +-
 5 files changed, 27 insertions(+), 1 deletion(-)
To github.com:n0tgod/algoth_v2.git
   cc9239c6..e7b1c20c  main -> main
branch 'main' set up to track 'origin/main'.
опубликовано
