== задание deploy-short ==
строка: restart-book
начало: 2026-09-05T21:29:06Z
перезапуск сборщика и циклов
== останавливаю прежний ==
жду закрытия файлов.......
== обновляю код ==
Already up to date.
== запускаю ==
== поднялся, хвост журнала ==
[       2 с] шард 0: подключён, подписываюсь на 120 тем
[       3 с] шард 1: подключён, подписываюсь на 120 тем
[       4 с] шард 2: подключён, подписываюсь на 120 тем
[       5 с] шард 3: подключён, подписываюсь на 120 тем
[       6 с] шард 4: подключён, подписываюсь на 120 тем
[       7 с] шард 5: подключён, подписываюсь на 120 тем
[       8 с] шард 6: подключён, подписываюсь на 120 тем
[      10 с] шард 7: подключён, подписываюсь на 120 тем
== перезапускаю циклы обучения ==
  не запущен: s8_loop/train.py --pretest
  остановлен, сторож поднимет: s8_loop/train.py$
публикуется в ветку main:
 jobs/done/deploy-days.log           |  8 ++++++++
 jobs/done/deploy-short.done         |  1 +
 jobs/done/deploy-short.log          | 21 +++++++++++++++++++++
 jobs/poke.log                       |  3 +++
 research/s8_loop/out/day_brake.json |  2 +-
 5 files changed, 34 insertions(+), 1 deletion(-)
To github.com:n0tgod/algoth_v2.git
   23a909b..075654b  main -> main
branch 'main' set up to track 'origin/main'.
опубликовано
