== задание deploy-modes ==
строка: restart-book
начало: 2026-09-04T15:32:30Z
перезапуск сборщика и циклов
== останавливаю прежний ==
жду закрытия файлов.........
== обновляю код ==
Already up to date.
== запускаю ==
== поднялся, хвост журнала ==
[       3 с] шард 0: подключён, подписываюсь на 120 тем
[       4 с] шард 1: подключён, подписываюсь на 120 тем
[       5 с] шард 2: подключён, подписываюсь на 120 тем
[       6 с] шард 3: подключён, подписываюсь на 120 тем
[       7 с] шард 4: подключён, подписываюсь на 120 тем
[       8 с] шард 5: подключён, подписываюсь на 120 тем
[       9 с] шард 6: подключён, подписываюсь на 120 тем
[      10 с] шард 7: подключён, подписываюсь на 120 тем
== перезапускаю циклы обучения ==
  не запущен: s8_loop/train.py --pretest
  остановлен, сторож поднимет: s8_loop/train.py$
публикуется в ветку main:
 jobs/done/d7halves.log      |  7 +++++++
 jobs/done/deploy-modes.done |  1 +
 jobs/done/deploy-modes.log  | 21 +++++++++++++++++++++
 jobs/poke.log               |  3 +++
 4 files changed, 32 insertions(+)
To github.com:n0tgod/algoth_v2.git
   9ac83ad..3f144f4  main -> main
branch 'main' set up to track 'origin/main'.
опубликовано
