== задание deploy-short-books ==
строка: restart-book
начало: 2026-09-07T15:06:02Z
перезапуск сборщика и циклов
== останавливаю прежний ==
жду закрытия файлов.........
== обновляю код ==
Already up to date.
== запускаю ==
== поднялся, хвост журнала ==
[       6 с] бумажные сделки выключены: направление ленты закрыто замерами, поглощение входит в модель признаками; запись стакана и ленты идёт как шла
[       6 с] очередь сжатия: 100 файлов
[       6 с] шард 0: подключён, подписываюсь на 120 тем
[       7 с] шард 1: подключён, подписываюсь на 120 тем
[       8 с] шард 2: подключён, подписываюсь на 120 тем
[       9 с] шард 3: подключён, подписываюсь на 120 тем
[      10 с] шард 4: подключён, подписываюсь на 120 тем
[      12 с] шард 5: подключён, подписываюсь на 120 тем
== перезапускаю циклы обучения ==
  не запущен: s8_loop/train.py --pretest
  остановлен, сторож поднимет: s8_loop/train.py$
публикуется в ветку main:
 jobs/done/deploy-short-books.done   |  1 +
 jobs/done/deploy-short-books.log    | 21 +++++++++++++++++++++
 jobs/poke.log                       |  3 +++
 research/s8_loop/out/day_brake.json |  2 +-
 4 files changed, 26 insertions(+), 1 deletion(-)
To github.com:n0tgod/algoth_v2.git
   32f0b10..c17bd79  main -> main
branch 'main' set up to track 'origin/main'.
опубликовано
