== задание deploy-ticket ==
строка: restart-book
начало: 2026-09-04T13:03:53Z
перезапуск сборщика и циклов
== останавливаю прежний ==
жду закрытия файлов.......
== обновляю код ==
Already up to date.
== запускаю ==
== поднялся, хвост журнала ==
[       4 с] шард 2: подключён, подписываюсь на 120 тем
[       5 с] шард 3: подключён, подписываюсь на 120 тем
[       6 с] шард 4: подключён, подписываюсь на 120 тем
[       7 с] шард 5: подключён, подписываюсь на 120 тем
[       9 с] шард 6: подключён, подписываюсь на 120 тем
[      10 с] шард 7: подключён, подписываюсь на 120 тем
[      11 с] шард 8: подключён, подписываюсь на 120 тем
[      12 с] шард 9: подключён, подписываюсь на 120 тем
== перезапускаю циклы обучения ==
  не запущен: s8_loop/train.py --pretest
  остановлен, сторож поднимет: s8_loop/train.py$
публикуется в ветку main:
 jobs/done/dca-ticket.log     |  7 +++++++
 jobs/done/deploy-ticket.done |  1 +
 jobs/done/deploy-ticket.log  | 21 +++++++++++++++++++++
 jobs/poke.log                |  3 +++
 4 files changed, 32 insertions(+)
To github.com:n0tgod/algoth_v2.git
   462081c..415ee1d  main -> main
branch 'main' set up to track 'origin/main'.
опубликовано
