== задание deploy-bookdays ==
строка: restart-book
начало: 2026-08-29T14:25:03Z
перезапуск сборщика и циклов
== останавливаю прежний ==
жду закрытия файлов.......
== обновляю код ==
Already up to date.
== запускаю ==
== поднялся, хвост журнала ==
[       4 с] шард 2: подключён, подписываюсь на 120 тем
[       5 с] шард 3: подключён, подписываюсь на 120 тем
[       6 с] шард 4: подключён, подписываюсь на 120 тем
[       8 с] шард 5: подключён, подписываюсь на 120 тем
[       9 с] шард 6: подключён, подписываюсь на 120 тем
[      10 с] шард 7: подключён, подписываюсь на 120 тем
[      11 с] шард 8: подключён, подписываюсь на 120 тем
[      11 с] ВНИМАНИЕ: полный проход снимков занял 4.40 с при шаге 1 с — снимков в часе будет около 818, не 3600
== перезапускаю циклы обучения ==
  не запущен: s8_loop/train.py --pretest
  остановлен, сторож поднимет: s8_loop/train.py$
публикуется в ветку main:
 jobs/done/deploy-bookdays.done      |  1 +
 jobs/done/deploy-bookdays.log       | 21 +++++++++++++++++++++
 jobs/done/dow-1.log                 |  7 +++++++
 research/s8_loop/out/day_brake.json |  2 +-
 4 files changed, 30 insertions(+), 1 deletion(-)
To github.com:n0tgod/algoth_v2.git
   f1c0fb9..1b4fce7  main -> main
branch 'main' set up to track 'origin/main'.
опубликовано
