== задание diag-2 ==
строка: run research/ops/diag.py --lines 12
начало: 2026-08-25T20:51:19Z
запускаю: .venv/bin/python research/ops/diag.py --lines 12
=== процессы ===
b1_book/collect.py: 688405 .venv/bin/python research/b1_book/collect.py --http 8765
s8_loop/train.py: 688700 .venv/bin/python research/s8_loop/train.py
bot live: 669148 bot/target/release/bot live --s8 research/s8_loop/out/model_sit_lo --journal bot/out/live --keys /root/.bybit/live.env --base https://api.bybit.com --arm gbm --capital 300 --interval-sec 5 --clear-halt
s10_policy/tournament.py: НЕТ

=== расписание cron ===
*/5 * * * * /root/algoth_v2/tools/watchdog_book.sh >> /root/algoth_v2/research/b1_book/out/watchdog.log 2>&1
@reboot sleep 30 && /root/algoth_v2/tools/watchdog_book.sh >> /root/algoth_v2/research/b1_book/out/watchdog.log 2>&1

=== свежесть артефактов (секунд назад) ===
манифест модели: 1550.5
лист сечения: нет файла
статус сбора: 3.3
статус исполнителя: 3.0

=== живое ядро: собрано ли из свежего кода ===
бинарник собран 23.4 ч назад
в исходнике метка на постановку: да
6aeabd5 2026-08-24 [live] Выключатель денежных пределов §5 (LIMITS_OFF)

=== цикл обучения: research/s8_loop/out/train.log ===
[08-25 20:25:28] мысль: [сеть] проверил вчерашние прогнозы на 1 новых сечениях: направления шли мимо (IC -0.056).
[08-25 20:25:28] мысль: [сеть] сильнее всего сейчас смотрю на: чистота хода (без пилы), суета обновлений книги, глубина асков.
[08-25 20:25:28] мысль: [сеть] после переобучения стал больше доверять: глубина асков (+0.03 веса), меньше — перекос глубины стакана (-0.03).
[08-25 20:25:28] мысль: [сеть] если бы торговал сейчас: лонг — INJ (жду +0.40 % за 4 ч, путь против до -1.09 %), STORJ (жду +0.85 % за 4 ч, путь против до -3.66 %), STX (жду +0.38 % за 4 ч, путь против до -1.73 %); шорт — BMT (-2.85 %, путь против до +5.24 %), HANA (-0.80 %, путь против до +3.92 %), AGI (-2.41 %, путь против до +6.66 %). Это ожидание в среднем, не обещание пути.
[08-25 20:25:28] мысль: [сеть] новизна выбора: в среднем 6 % признаков у выбранных монет вне того, что я видел в обучении; самый незнакомый — BMT (12 %). На новизне мои прогнозы надёжны меньше — это замер, торговлю он пока не ограничивает.
[08-25 20:25:28] мысль: [сеть] проверка на шум чиста (-0.005, разброс по 5 зёрнам 0.036): на перемешанных данных я бы ничего не «увидел» — значит то, что вижу, не выдумка конвейера.
[08-25 20:25:28] мысль: [деревья] счёт: +3457.26 $ из 3000 после 1562 закрытых сделок (+15.24 % от старта, плечо 1×, издержки учтены).
[08-25 20:25:28] мысль: [сеть] счёт: +3056.52 $ из 3000 после 1463 закрытых сделок (+1.88 % от старта, плечо 1×, издержки учтены).
[08-25 20:25:28] цикл закончен за 5009 с, веса v2 до часа 2026-08-25-18
[08-25 20:25:28] следующая попытка через 36 мин (переобучение по расписанию)
[08-25 20:50:31]   сводка: 95/731 символов, новых часов 95
[08-25 20:51:01]   сводка: 187/731 символов, новых часов 187

=== сборщик: research/b1_book/out/collect.log ===
[     298 с] ситуационная [nn]: 1 живых входов часа 2026-08-25-18 записаны в книгу
[     298 с] ситуационная [gbm]: 1 живых входов часа 2026-08-25-18 записаны в книгу
[     298 с] ситуационная [nn]: 1 живых входов часа 2026-08-25-18 записаны в книгу
[     301 с] сообщений 1,559,527 (+309,603), сделок 235,039 (+40,807), книг готово 728/728, тем принято 2184/2184, сбросов 0
[     304 с] шард 3: ошибка соединения: ping/pong timed out
[     307 с] шард 3: соединение закрыто: None None
[     307 с] шард 3: переподключение через 16 с
[     319 с] ситуационная [nn]: живой вход ARCUSDT short (остаток -90 б.п. против -48 у листа, скидка +42, RR 0.5) — поймано в моменте
[     319 с] ситуационная [nn]: 1 живых входов часа 2026-08-25-18 записаны в книгу
[     324 с] шард 3: подключён, подписываюсь на 120 тем
[     361 с] сообщений 1,928,500 (+368,968), сделок 288,351 (+53,312), книг готово 728/728, тем принято 2184/2184, сбросов 0
[     374 с] шард 3: ошибка соединения: ping/pong timed out

=== живой исполнитель: bot/out/live.log ===
часы: сдвиг 7 мс
исполнитель: капитал 300 $, нога 30 $, ЖИВЫЕ заявки — https://api.bybit.com
сверка разошлась (сверка: AVAXUSDT long: у нас 3.9, у биржи 0) — второй взгляд: не исполнилась ли цель внутри такта
SUPERUSDT: цель исполнилась частично (153 по 0.11621), остаток 82 — лимитка переставляется
часы: сдвиг 9 мс
исполнитель: капитал 300 $, нога 30 $, ЖИВЫЕ заявки — https://api.bybit.com
ОСТАНОВКА: день 2026-08-24: -15.80 $ хуже предела −15 $ (§5)
исполнитель остановлен: день 2026-08-24: -15.80 $ хуже предела −15 $ (§5)
часы: сдвиг 9 мс
исполнитель: капитал 300 $, нога 30 $, ЖИВЫЕ заявки — https://api.bybit.com
ОСТАНОВКА: часовой цикл молчит 3.0 ч при пределе 3 ч (§5) — позиции без сканера не управляет никто
исполнитель остановлен: часовой цикл молчит 3.0 ч при пределе 3 ч (§5) — позиции без сканера не управляет никто

=== сторож: research/b1_book/out/watchdog.log ===
  остановлен, сторож поднимет: s8_loop/train.py$
[2026-08-22T18:10:15Z] цикл обучения не найден — поднимаю
[2026-08-22T22:25:01Z] цикл обучения не найден — поднимаю
[2026-08-23T01:30:02Z] цикл обучения не найден — поднимаю
[2026-08-23T02:00:01Z] турнир политик: артефакту 79442 с — запускаю прогон
[2026-08-23T17:10:01Z] цикл обучения не найден — поднимаю
[2026-08-24T02:00:01Z] турнир политик: артефакту 76094 с — запускаю прогон
[2026-08-24T17:20:01Z] цикл обучения не найден — поднимаю
[2026-08-24T17:40:01Z] цикл обучения не найден — поднимаю
[2026-08-25T02:00:01Z] турнир политик: артефакту 74506 с — запускаю прогон
[2026-08-25T20:40:02Z] задание z3-smoke отвергнуто (аргумент: ARBUSDT,SANDUSDT,STXUSDT)
[2026-08-25T20:50:01Z] цикл обучения не найден — поднимаю

=== очередь заданий: jobs/poke.log ===

== сигнал 1787690888 ==
[2026-08-25T20:48:11Z] задание probe-canal-1: состояние снято

== сигнал 1787690976 ==
[2026-08-25T20:49:38Z] задание diag-1 запущено: research/ops/diag.py

== сигнал 1787691077 ==
[2026-08-25T20:51:19Z] задание diag-2 запущено: research/ops/diag.py
конец: 2026-08-25T20:51:19Z, код 0
