== задание diag-books-1 ==
строка: run research/s8_loop/diag_books.py
начало: 2026-08-30T09:31:38Z
запускаю: .venv/bin/python research/s8_loop/diag_books.py 
model: выборов 702, манифест: no_timer=None age=None take=None seq=505 trained_at=2026-08-30T07:39:34+00:00
model_h24: выборов 906, манифест: no_timer=None age=None take=None seq=None trained_at=2026-08-30T07:39:34+00:00
model_h24b: выборов 578, манифест: no_timer=None age=None take=0.05 seq=None trained_at=2026-08-30T07:39:34+00:00
model_h24bf: выборов 578, манифест: no_timer=None age=None take=0.05 seq=None trained_at=2026-08-30T07:39:34+00:00
model_h24c: выборов 2, манифест: no_timer=True age=24 take=0.05 seq=None trained_at=2026-08-30T07:39:34+00:00
--- хвост train.log ---
[08-30 08:12:53] ситуационная [gbm]: закрыто 2 (XLUUSDT — предел возраста; TSEMUSDT — прогноз развернулся)
[08-30 08:12:53] ситуационная [gbm]: закрыто 1 (COTIUSDT — прогноз развернулся)
[08-30 08:12:53] ситуационная [gbm]: закрыто 1 (MAGMAUSDT — прогноз развернулся)
[08-30 08:12:53] ситуационная [gbm]: закрыто 2 (BICOUSDT — прогноз развернулся; 4USDT — прогноз развернулся)
[08-30 08:12:55] ситуационная [nn]: закрыто 1 (BEUSDT — прогноз развернулся)
[08-30 08:12:55] ситуационная [nn]: закрыто 1 (VETUSDT — прогноз развернулся)
[08-30 08:12:55] ситуационная [nn]: закрыто 2 (ZKPUSDT — прогноз развернулся; BTRUSDT — прогноз развернулся)
[08-30 08:12:55] ситуационная [nn]: закрыто 4 (WDCUSDT — прогноз развернулся; ALLOUSDT — прогноз развернулся; CAKEUSDT — прогноз развернулся; PHAUSDT — прогноз развернулся)
[08-30 08:12:55] ситуационная [nn]: закрыто 1 (CARVUSDT — прогноз развернулся)
[08-30 08:12:57] ситуационная [nn]: закрыто 1 (ZKPUSDT — прогноз развернулся)
[08-30 08:12:58] живой IC [gbm]: fwd_4h -0.0452 по 1 закрывшимся сечениям
[08-30 08:12:58] живой IC [nn]: fwd_4h +0.0058 по 1 закрывшимся сечениям
[08-30 08:18:30] канарейка (перемешанные цели, fwd_4h): медианный IC -0.0167
[08-30 08:21:39] канарейка (перемешанные цели, fwd_4h): медианный IC +0.0030
[08-30 08:24:39] канарейка (перемешанные цели, fwd_4h): медианный IC -0.0125
[08-30 08:27:41] канарейка (перемешанные цели, fwd_4h): медианный IC -0.0061
[08-30 08:31:12] канарейка (перемешанные цели, fwd_4h): медианный IC -0.0101
[08-30 08:31:12] канарейка по 5 зёрнам: среднее -0.0085, разброс 0.0197 (одиночный замер на такой выборке вердикта не несёт); зёрна -0.0167, +0.0030, -0.0125, -0.0061, -0.0101
[08-30 08:36:10] gbm/fwd_1h: обучена на 347,277 строках за 298 с; топ: traded_share 0.0679, age_rec 0.0461, eat_ask 0.0434
[08-30 08:40:20] сводка: символов с записью 739, новых часов 0, 19 с
/root/algoth_v2/research/s8_loop/bookfeat.py:162: RuntimeWarning: All-NaN slice encountered
  v = fn(sl, axis=1)
/root/algoth_v2/research/s8_loop/bookfeat.py:162: RuntimeWarning: All-NaN slice encountered
  v = fn(sl, axis=1)
/root/algoth_v2/research/s8_loop/bookfeat.py:162: RuntimeWarning: All-NaN slice encountered
  v = fn(sl, axis=1)
[08-30 08:41:00] матрица: 739 символов × 736 часов, сечений с ≥30 именами: 647, признаков 50
[08-30 08:41:01] ДНЕВНОЙ ТОРМОЗ: день -361.28 $ при пороге −300 — выборы часа 2026-08-30-07 не пишутся; разбор и выходы идут
[08-30 08:48:48] канарейка (перемешанные цели, fwd_4h): медианный IC -0.0167
[08-30 08:52:47] канарейка (перемешанные цели, fwd_4h): медианный IC +0.0030
[08-30 08:55:50] канарейка (перемешанные цели, fwd_4h): медианный IC -0.0125
[08-30 08:58:55] канарейка (перемешанные цели, fwd_4h): медианный IC -0.0061
[08-30 09:02:43] канарейка (перемешанные цели, fwd_4h): медианный IC -0.0101
[08-30 09:02:43] канарейка по 5 зёрнам: среднее -0.0085, разброс 0.0197 (одиночный замер на такой выборке вердикта не несёт); зёрна -0.0167, +0.0030, -0.0125, -0.0061, -0.0101
[08-30 09:07:32] gbm/fwd_1h: обучена на 347,277 строках за 289 с; топ: traded_share 0.0679, age_rec 0.0461, eat_ask 0.0434
[08-30 09:10:42] gbm/fwd_4h: обучена на 344,997 строках за 190 с; топ: age_rec 0.12, depth_a0.0005 0.0681, dow 0.0647
[08-30 09:13:31] gbm/fwd_24h: обучена на 330,328 строках за 169 с; топ: age_rec 0.2109, beta 0.1067, spread_rel 0.0896
[08-30 09:17:51] gbm/mfe_1h: обучена на 420,297 строках за 260 с; топ: eat_ask 0.3517, traded_share 0.2822, eat_bid 0.1472
[08-30 09:24:23] gbm/mfe_4h: обучена на 417,916 строках за 391 с; топ: eat_ask 0.3328, traded_share 0.2692, eat_bid 0.13
[08-30 09:28:13] gbm/mfe_24h: обучена на 402,015 строках за 230 с; топ: age_rec 0.2236, eat_ask 0.1889, traded_share 0.1801
конец: 2026-08-30T09:31:38Z, код 0
публикуется в ветку main:
 jobs/done/diag-books-1.done         |  1 +
 jobs/done/diag-books-1.log          | 51 +++++++++++++++++++++++++++++++++++++
 jobs/done/h24c-status.done          |  1 +
 jobs/done/h24c-status.log           | 10 ++++++++
 jobs/poke.log                       |  4 +++
 research/s8_loop/out/day_brake.json |  2 +-
 6 files changed, 68 insertions(+), 1 deletion(-)
To github.com:n0tgod/algoth_v2.git
   f0c3992..d69f6f2  main -> main
branch 'main' set up to track 'origin/main'.
опубликовано
