== задание diag-1 ==
строка: run research/ops/diag.py --lines 60
начало: 2026-08-25T20:49:38Z
запускаю: .venv/bin/python research/ops/diag.py --lines 60
=== процессы ===
b1_book/collect.py: 688405 .venv/bin/python research/b1_book/collect.py --http 8765
s8_loop/train.py: НЕТ
bot live: 669148 bot/target/release/bot live --s8 research/s8_loop/out/model_sit_lo --journal bot/out/live --keys /root/.bybit/live.env --base https://api.bybit.com --arm gbm --capital 300 --interval-sec 5 --clear-halt
s10_policy/tournament.py: НЕТ

=== расписание cron ===
*/5 * * * * /root/algoth_v2/tools/watchdog_book.sh >> /root/algoth_v2/research/b1_book/out/watchdog.log 2>&1
@reboot sleep 30 && /root/algoth_v2/tools/watchdog_book.sh >> /root/algoth_v2/research/b1_book/out/watchdog.log 2>&1

=== свежесть артефактов (секунд назад) ===
манифест модели: 1449.6
лист сечения: нет файла
статус сбора: 7.0
статус исполнителя: 0.6

=== цикл обучения: research/s8_loop/out/train.log ===
[08-25 19:13:20] ситуационная [gbm]: закрыто 2 (PUNDIXUSDT — прогноз развернулся; INJUSDT — прогноз развернулся)
[08-25 19:13:20] ситуационная [gbm]: закрыто 3 (UAIUSDT — прогноз развернулся; AGIUSDT — прогноз развернулся; JTOUSDT — прогноз развернулся)
[08-25 19:13:21] ситуационная [nn]: закрыто 2 (SOXLUSDT — прогноз развернулся; JASMYUSDT — прогноз развернулся)
[08-25 19:13:22] ситуационная [gbm]: закрыто 1 (PUNDIXUSDT — прогноз развернулся)
[08-25 19:13:22] ситуационная [gbm]: закрыто 1 (UAIUSDT — прогноз развернулся)
[08-25 19:13:23] живой IC [gbm]: fwd_4h -0.0516 по 1 закрывшимся сечениям
[08-25 19:13:23] живой IC [nn]: fwd_4h -0.0564 по 1 закрывшимся сечениям
[08-25 19:18:55] канарейка (перемешанные цели, fwd_4h): медианный IC +0.0099
[08-25 19:21:45] канарейка (перемешанные цели, fwd_4h): медианный IC -0.0001
[08-25 19:24:13] канарейка (перемешанные цели, fwd_4h): медианный IC -0.0033
[08-25 19:26:51] канарейка (перемешанные цели, fwd_4h): медианный IC -0.0072
[08-25 19:29:32] канарейка (перемешанные цели, fwd_4h): медианный IC -0.0262
[08-25 19:29:32] канарейка по 5 зёрнам: среднее -0.0054, разброс 0.0361 (одиночный замер на такой выборке вердикта не несёт); зёрна +0.0099, -0.0001, -0.0033, -0.0072, -0.0262
[08-25 19:32:38] gbm/fwd_1h: обучена на 268,231 строках за 186 с; топ: traded_share 0.0632, basis_bp 0.0519, eat_ask 0.0512
[08-25 19:35:53] gbm/fwd_4h: обучена на 265,969 строках за 195 с; топ: age_rec 0.1069, traded_share 0.0758, beta 0.0605
[08-25 19:38:37] gbm/fwd_24h: обучена на 251,400 строках за 163 с; топ: age_rec 0.1819, spread_rel 0.0889, beta 0.0728
[08-25 19:42:34] gbm/mfe_1h: обучена на 340,610 строках за 238 с; топ: eat_ask 0.3455, traded_share 0.2806, eat_bid 0.143
[08-25 19:46:37] gbm/mfe_4h: обучена на 338,262 строках за 243 с; топ: eat_ask 0.3302, traded_share 0.2722, eat_bid 0.1146
[08-25 19:50:28] gbm/mfe_24h: обучена на 322,581 строках за 230 с; топ: age_rec 0.2467, traded_share 0.1722, eat_ask 0.1422
[08-25 19:53:52] gbm/mae_1h: обучена на 340,610 строках за 204 с; топ: traded_share 0.2076, eat_ask 0.2051, eat_bid 0.1587
[08-25 19:57:09] gbm/mae_4h: обучена на 338,262 строках за 197 с; топ: eat_ask 0.2971, traded_share 0.2101, eat_bid 0.0771
[08-25 20:00:33] gbm/mae_24h: обучена на 322,581 строках за 204 с; топ: eat_ask 0.2765, traded_share 0.2462, eat_bid 0.1207
[08-25 20:05:24] gbm/maeq_4h: обучена на 338,262 строках за 292 с; топ: eat_ask 0.2605, traded_share 0.1696, eat_bid 0.1411; заход за уровень 0.198 при объявленных 0.20
[08-25 20:08:50] gbm/mfeq_4h: обучена на 338,262 строках за 206 с; топ: eat_ask 0.2765, traded_share 0.1639, eat_bid 0.1356; заход за уровень 0.199 при объявленных 0.20
[08-25 20:11:37] gbm/fwd_1h_z: обучена на 268,231 строках за 167 с; топ: hod_cos 0.1262, age_rec 0.1196, ret_1h 0.102
[08-25 20:13:55] gbm/fwd_4h_z: обучена на 265,969 строках за 137 с; топ: age_rec 0.2188, hod_cos 0.0702, beta 0.0662
[08-25 20:15:58] gbm/fwd_24h_z: обучена на 251,400 строках за 123 с; топ: age_rec 0.3743, dow 0.1124, beta 0.079
[08-25 20:16:40] nn/fwd_1h: обучена на 268,231 строках за 42 с; топ: net_path_24h 0.0417, tilt_4h 0.0313, sec_ret_4h 0.0309
[08-25 20:17:15] nn/fwd_4h: обучена на 265,969 строках за 34 с; топ: net_path_24h 0.0339, upd_rel 0.0321, depth_a0.0025 0.0301
[08-25 20:17:48] nn/fwd_24h: обучена на 251,400 строках за 33 с; топ: net_path_24h 0.0371, upd_rel 0.0347, depth_a0.0005 0.0336
[08-25 20:18:36] nn/mfe_1h: обучена на 340,610 строках за 47 с; топ: imb_0.0025 0.0359, btc_ret_4h 0.0318, rel_sec_4h 0.0289
[08-25 20:19:10] nn/mfe_4h: обучена на 338,262 строках за 34 с; топ: imb_0.0025 0.0354, btc_ret_4h 0.0308, mins_fund 0.0297
[08-25 20:20:03] nn/mfe_24h: обучена на 322,581 строках за 53 с; топ: imb_0.0025 0.0439, squeeze_24h 0.0295, beta 0.0281
[08-25 20:20:43] nn/mae_1h: обучена на 340,610 строках за 40 с; топ: mins_fund 0.0355, sec_ret_4h 0.0349, imb_0.0025 0.0306
[08-25 20:21:34] nn/mae_4h: обучена на 338,262 строках за 51 с; топ: btc_ret_4h 0.0374, imb_0.0025 0.0336, rel_sec_4h 0.0298
[08-25 20:22:18] nn/mae_24h: обучена на 322,581 строках за 44 с; топ: beta 0.0347, sec_ret_4h 0.0339, imb_0.0025 0.0336
[08-25 20:22:52] nn/maeq_4h: обучена на 338,262 строках за 34 с; топ: rel_sec_4h 0.0369, sec_ret_4h 0.0329, eat_ask 0.0326; заход за уровень 0.206 при объявленных 0.20
[08-25 20:23:50] nn/mfeq_4h: обучена на 338,262 строках за 58 с; топ: btc_ret_4h 0.034, rel_sec_4h 0.0338, imb_0.0025 0.0301; заход за уровень 0.198 при объявленных 0.20
[08-25 20:24:19] nn/fwd_1h_z: обучена на 268,231 строках за 29 с; топ: liq_imb 0.0305, rel_sec_4h 0.03, depth_a0.001 0.0298
[08-25 20:24:59] nn/fwd_4h_z: обучена на 265,969 строках за 39 с; топ: sec_ret_4h 0.0327, net_path_24h 0.0309, rel_sec_4h 0.0298
[08-25 20:25:28] nn/fwd_24h_z: обучена на 251,400 строках за 29 с; топ: net_path_24h 0.0392, depth_b0.0025 0.0327, upd_rel 0.0319
[08-25 20:25:28] запаздывание входа: проснулся через 120 с после закрытия часа, цикл 5009 с (сведение часа 595 с, матрица 32 с, книги 56 с, оценка и канарейка 970 с, обучение 3356 с)
[08-25 20:25:28] мысль: [деревья] разбор прошлых выборов (6 имён, угадан знак у 3): FF лонг: ждал +0.42 %, вышло +3.20 %; SPK лонг: ждал +0.36 %, вышло -0.038 %; MUBARAK лонг: ждал +0.54 %, вышло +0.61 %; TLM шорт: ждал -4.27 %, вышло -6.00 %; ADI шорт: ждал -0.35 %, вышло +0.96 %; JASMY шорт: ждал -0.51 %, вышло +1.36 %
[08-25 20:25:28] мысль: [деревья] проверил вчерашние прогнозы на 1 новых сечениях: направления шли мимо (IC -0.052).
[08-25 20:25:28] мысль: [деревья] сильнее всего сейчас смотрю на: возраст записи, непрерывность торгов, связь с рынком.
[08-25 20:25:28] мысль: [деревья] после переобучения стал больше доверять: отставание от сектора (+0.04 веса), меньше — приток/уход позиций (интерес) (-0.04).
[08-25 20:25:28] мысль: [деревья] если бы торговал сейчас: лонг — BTW (жду -0.54 % за 4 ч, путь против до -7.17 %), MNST (жду -0.62 % за 4 ч, путь против до -1.81 %), AIOZ (жду -0.31 % за 4 ч, путь против до -1.77 %); шорт — BMT (-6.80 %, путь против до +7.55 %), TAC (-1.38 %, путь против до +4.65 %), DDOG (-0.37 %, путь против до +1.45 %). Это ожидание в среднем, не обещание пути.
[08-25 20:25:28] мысль: [деревья] новизна выбора: в среднем 6 % признаков у выбранных монет вне того, что я видел в обучении; самый незнакомый — BMT (12 %). На новизне мои прогнозы надёжны меньше — это замер, торговлю он пока не ограничивает.
[08-25 20:25:28] мысль: [деревья] проверка на шум чиста (-0.005, разброс по 5 зёрнам 0.036): на перемешанных данных я бы ничего не «увидел» — значит то, что вижу, не выдумка конвейера.
[08-25 20:25:28] мысль: [сеть] разбор прошлых выборов (6 имён, угадан знак у 1): AKE лонг: ждал -1.04 %, вышло -4.12 %; ACX лонг: ждал +0.55 %, вышло -0.45 %; CFX лонг: ждал +0.37 %, вышло -0.56 %; TLM шорт: ждал -2.98 %, вышло -6.00 %; AGI шорт: ждал -2.27 %, вышло +10.22 %; SNT шорт: ждал -0.58 %, вышло +1.85 %
[08-25 20:25:28] мысль: [сеть] проверил вчерашние прогнозы на 1 новых сечениях: направления шли мимо (IC -0.056).
[08-25 20:25:28] мысль: [сеть] сильнее всего сейчас смотрю на: чистота хода (без пилы), суета обновлений книги, глубина асков.
[08-25 20:25:28] мысль: [сеть] после переобучения стал больше доверять: глубина асков (+0.03 веса), меньше — перекос глубины стакана (-0.03).
[08-25 20:25:28] мысль: [сеть] если бы торговал сейчас: лонг — INJ (жду +0.40 % за 4 ч, путь против до -1.09 %), STORJ (жду +0.85 % за 4 ч, путь против до -3.66 %), STX (жду +0.38 % за 4 ч, путь против до -1.73 %); шорт — BMT (-2.85 %, путь против до +5.24 %), HANA (-0.80 %, путь против до +3.92 %), AGI (-2.41 %, путь против до +6.66 %). Это ожидание в среднем, не обещание пути.
[08-25 20:25:28] мысль: [сеть] новизна выбора: в среднем 6 % признаков у выбранных монет вне того, что я видел в обучении; самый незнакомый — BMT (12 %). На новизне мои прогнозы надёжны меньше — это замер, торговлю он пока не ограничивает.
[08-25 20:25:28] мысль: [сеть] проверка на шум чиста (-0.005, разброс по 5 зёрнам 0.036): на перемешанных данных я бы ничего не «увидел» — значит то, что вижу, не выдумка конвейера.
[08-25 20:25:28] мысль: [деревья] счёт: +3457.26 $ из 3000 после 1562 закрытых сделок (+15.24 % от старта, плечо 1×, издержки учтены).
[08-25 20:25:28] мысль: [сеть] счёт: +3056.52 $ из 3000 после 1463 закрытых сделок (+1.88 % от старта, плечо 1×, издержки учтены).
[08-25 20:25:28] цикл закончен за 5009 с, веса v2 до часа 2026-08-25-18
[08-25 20:25:28] следующая попытка через 36 мин (переобучение по расписанию)

=== сборщик: research/b1_book/out/collect.log ===
[     155 с] шард 5: соединение закрыто: None None
[     155 с] шард 5: переподключение через 2 с
[     158 с] шард 6: соединение закрыто: None None
[     158 с] шард 6: переподключение через 2 с
[     158 с] шард 5: подключён, подписываюсь на 120 тем
[     160 с] шард 6: подключён, подписываюсь на 120 тем
[     162 с] шард 10: ошибка соединения: ping/pong timed out
[     162 с] шард 15: ошибка соединения: ping/pong timed out
[     163 с] шард 16: ошибка соединения: ping/pong timed out
[     165 с] шард 10: соединение закрыто: None None
[     165 с] шард 10: переподключение через 1 с
[     165 с] шард 15: соединение закрыто: None None
[     165 с] шард 15: переподключение через 2 с
[     166 с] ситуационная [gbm]: закрыто 1 (FARTCOINUSDT — цена дошла до обещанной цели)
[     166 с] шард 16: соединение закрыто: None None
[     166 с] шард 16: переподключение через 2 с
[     167 с] ситуационная [gbm]: закрыто 1 (FARTCOINUSDT — цена дошла до обещанной цели)
[     167 с] шард 10: подключён, подписываюсь на 120 тем
[     168 с] шард 15: подключён, подписываюсь на 120 тем
[     169 с] шард 16: подключён, подписываюсь на 120 тем
[     174 с] шард 7: ошибка соединения: ping/pong timed out
[     177 с] шард 7: соединение закрыто: None None
[     177 с] шард 7: переподключение через 2 с
[     180 с] шард 7: подключён, подписываюсь на 120 тем
[     180 с] шард 17: ошибка соединения: ping/pong timed out
[     181 с] сообщений 909,539 (+322,243), сделок 143,635 (+52,983), книг готово 728/728, тем принято 2184/2184, сбросов 0
[     183 с] шард 1: ошибка соединения: ping/pong timed out
[     183 с] шард 17: соединение закрыто: None None
[     183 с] шард 17: переподключение через 4 с
[     185 с] шард 3: ошибка соединения: ping/pong timed out
[     186 с] шард 1: соединение закрыто: None None
[     186 с] шард 1: переподключение через 4 с
[     187 с] ситуационная [gbm]: закрыто 1 (CASHCATUSDT — цена дошла до обещанной цели)
[     188 с] шард 3: соединение закрыто: None None
[     188 с] шард 3: переподключение через 4 с
[     188 с] шард 17: подключён, подписываюсь на 120 тем
[     190 с] шард 1: подключён, подписываюсь на 120 тем
[     193 с] шард 3: подключён, подписываюсь на 120 тем
[     212 с] шард 6: ошибка соединения: ping/pong timed out
[     215 с] шард 6: соединение закрыто: None None
[     215 с] шард 6: переподключение через 4 с
[     220 с] шард 6: подключён, подписываюсь на 120 тем
[     225 с] ситуационная [nn]: закрыто 1 (SPXUSDT — цена дошла до обещанной цели)
[     230 с] ситуационная: ETHUSDT прошла обещанный ход против (-182 б.п.) — выход замечен живьём
[     230 с] ситуационная [nn]: закрыто 1 (ETHUSDT — цена прошла обещанный ход против)
[     230 с] ситуационная [nn]: закрыто 1 (SPXUSDT — цена дошла до обещанной цели)
[     241 с] сообщений 1,249,918 (+340,377), сделок 194,231 (+50,596), книг готово 728/728, тем принято 2184/2184, сбросов 0
[     243 с] шард 3: ошибка соединения: ping/pong timed out
[     246 с] шард 3: соединение закрыто: None None
[     246 с] шард 3: переподключение через 8 с
[     254 с] шард 3: подключён, подписываюсь на 120 тем
[     257 с] ситуационная [nn]: закрыто 1 (HANAUSDT — цена дошла до обещанной цели)
[     257 с] ситуационная [nn]: закрыто 1 (HANAUSDT — цена дошла до обещанной цели)
[     258 с] шард 17: ошибка соединения: ping/pong timed out
[     261 с] шард 17: соединение закрыто: None None
[     261 с] шард 17: переподключение через 8 с
[     270 с] шард 6: ошибка соединения: ping/pong timed out
[     270 с] шард 17: подключён, подписываюсь на 120 тем
[     273 с] шард 6: соединение закрыто: None None
[     273 с] шард 6: переподключение через 8 с

=== живой исполнитель: bot/out/live.log ===
цель AVAXUSDT @ 7.597 не встала (повтор следующим тактом): /v5/order/create: retCode 110072 OrderLinkedID is duplicate
цель SANDUSDT @ 0.04606 не встала (повтор следующим тактом): /v5/order/create: retCode 110072 OrderLinkedID is duplicate
цель BCHUSDT @ 282.6 не встала (повтор следующим тактом): /v5/order/create: retCode 110072 OrderLinkedID is duplicate
цель 1000PEPEUSDT @ 0.004275 не встала (повтор следующим тактом): /v5/order/create: retCode 110072 OrderLinkedID is duplicate
цель AVAXUSDT @ 7.597 не встала (повтор следующим тактом): /v5/order/create: retCode 110072 OrderLinkedID is duplicate
цель SANDUSDT @ 0.04606 не встала (повтор следующим тактом): /v5/order/create: retCode 110072 OrderLinkedID is duplicate
цель BCHUSDT @ 282.6 не встала (повтор следующим тактом): /v5/order/create: retCode 110072 OrderLinkedID is duplicate
цель 1000PEPEUSDT @ 0.004275 не встала (повтор следующим тактом): /v5/order/create: retCode 110072 OrderLinkedID is duplicate
цель AVAXUSDT @ 7.597 не встала (повтор следующим тактом): /v5/order/create: retCode 110072 OrderLinkedID is duplicate
цель SANDUSDT @ 0.04606 не встала (повтор следующим тактом): /v5/order/create: retCode 110072 OrderLinkedID is duplicate
цель BCHUSDT @ 282.6 не встала (повтор следующим тактом): /v5/order/create: retCode 110072 OrderLinkedID is duplicate
цель 1000PEPEUSDT @ 0.004275 не встала (повтор следующим тактом): /v5/order/create: retCode 110072 OrderLinkedID is duplicate
цель AVAXUSDT @ 7.597 не встала (повтор следующим тактом): /v5/order/create: retCode 110072 OrderLinkedID is duplicate
цель SANDUSDT @ 0.04606 не встала (повтор следующим тактом): /v5/order/create: retCode 110072 OrderLinkedID is duplicate
цель BCHUSDT @ 282.6 не встала (повтор следующим тактом): /v5/order/create: retCode 110072 OrderLinkedID is duplicate
цель 1000PEPEUSDT @ 0.004275 не встала (повтор следующим тактом): /v5/order/create: retCode 110072 OrderLinkedID is duplicate
цель AVAXUSDT @ 7.597 не встала (повтор следующим тактом): /v5/order/create: retCode 110072 OrderLinkedID is duplicate
цель SANDUSDT @ 0.04606 не встала (повтор следующим тактом): /v5/order/create: retCode 110072 OrderLinkedID is duplicate
цель BCHUSDT @ 282.6 не встала (повтор следующим тактом): /v5/order/create: retCode 110072 OrderLinkedID is duplicate
цель 1000PEPEUSDT @ 0.004275 не встала (повтор следующим тактом): /v5/order/create: retCode 110072 OrderLinkedID is duplicate
цель AVAXUSDT @ 7.597 не встала (повтор следующим тактом): /v5/order/create: retCode 110072 OrderLinkedID is duplicate
цель SANDUSDT @ 0.04606 не встала (повтор следующим тактом): /v5/order/create: retCode 110072 OrderLinkedID is duplicate
цель BCHUSDT @ 282.6 не встала (повтор следующим тактом): /v5/order/create: retCode 110072 OrderLinkedID is duplicate
цель 1000PEPEUSDT @ 0.004275 не встала (повтор следующим тактом): /v5/order/create: retCode 110072 OrderLinkedID is duplicate
цель AVAXUSDT @ 7.597 не встала (повтор следующим тактом): /v5/order/create: retCode 110072 OrderLinkedID is duplicate
цель SANDUSDT @ 0.04606 не встала (повтор следующим тактом): /v5/order/create: retCode 110072 OrderLinkedID is duplicate
цель BCHUSDT @ 282.6 не встала (повтор следующим тактом): /v5/order/create: retCode 110072 OrderLinkedID is duplicate
цель 1000PEPEUSDT @ 0.004275 не встала (повтор следующим тактом): /v5/order/create: retCode 110072 OrderLinkedID is duplicate
цель AVAXUSDT @ 7.597 не встала (повтор следующим тактом): /v5/order/create: retCode 110072 OrderLinkedID is duplicate
цель SANDUSDT @ 0.04606 не встала (повтор следующим тактом): /v5/order/create: retCode 110072 OrderLinkedID is duplicate
цель BCHUSDT @ 282.6 не встала (повтор следующим тактом): /v5/order/create: retCode 110072 OrderLinkedID is duplicate
цель 1000PEPEUSDT @ 0.004275 не встала (повтор следующим тактом): /v5/order/create: retCode 110072 OrderLinkedID is duplicate
цель AVAXUSDT @ 7.597 не встала (повтор следующим тактом): /v5/order/create: retCode 110072 OrderLinkedID is duplicate
цель SANDUSDT @ 0.04606 не встала (повтор следующим тактом): /v5/order/create: retCode 110072 OrderLinkedID is duplicate
цель BCHUSDT @ 282.6 не встала (повтор следующим тактом): /v5/order/create: retCode 110072 OrderLinkedID is duplicate
цель 1000PEPEUSDT @ 0.004275 не встала (повтор следующим тактом): /v5/order/create: retCode 110072 OrderLinkedID is duplicate
цель AVAXUSDT @ 7.597 не встала (повтор следующим тактом): /v5/order/create: retCode 110072 OrderLinkedID is duplicate
цель SANDUSDT @ 0.04606 не встала (повтор следующим тактом): /v5/order/create: retCode 110072 OrderLinkedID is duplicate
цель BCHUSDT @ 282.6 не встала (повтор следующим тактом): /v5/order/create: retCode 110072 OrderLinkedID is duplicate
цель 1000PEPEUSDT @ 0.004275 не встала (повтор следующим тактом): /v5/order/create: retCode 110072 OrderLinkedID is duplicate
цель AVAXUSDT @ 7.597 не встала (повтор следующим тактом): /v5/order/create: retCode 110072 OrderLinkedID is duplicate
цель SANDUSDT @ 0.04606 не встала (повтор следующим тактом): /v5/order/create: retCode 110072 OrderLinkedID is duplicate
цель BCHUSDT @ 282.6 не встала (повтор следующим тактом): /v5/order/create: retCode 110072 OrderLinkedID is duplicate
цель 1000PEPEUSDT @ 0.004275 не встала (повтор следующим тактом): /v5/order/create: retCode 110072 OrderLinkedID is duplicate
цель AVAXUSDT @ 7.597 не встала (повтор следующим тактом): /v5/order/create: retCode 110072 OrderLinkedID is duplicate
цель SANDUSDT @ 0.04606 не встала (повтор следующим тактом): /v5/order/create: retCode 110072 OrderLinkedID is duplicate
цель BCHUSDT @ 282.6 не встала (повтор следующим тактом): /v5/order/create: retCode 110072 OrderLinkedID is duplicate
цель 1000PEPEUSDT @ 0.004275 не встала (повтор следующим тактом): /v5/order/create: retCode 110072 OrderLinkedID is duplicate
часы: сдвиг 7 мс
исполнитель: капитал 300 $, нога 30 $, ЖИВЫЕ заявки — https://api.bybit.com
сверка разошлась (сверка: AVAXUSDT long: у нас 3.9, у биржи 0) — второй взгляд: не исполнилась ли цель внутри такта
SUPERUSDT: цель исполнилась частично (153 по 0.11621), остаток 82 — лимитка переставляется
часы: сдвиг 9 мс
исполнитель: капитал 300 $, нога 30 $, ЖИВЫЕ заявки — https://api.bybit.com
ОСТАНОВКА: день 2026-08-24: -15.80 $ хуже предела −15 $ (§5)
исполнитель остановлен: день 2026-08-24: -15.80 $ хуже предела −15 $ (§5)
часы: сдвиг 9 мс
исполнитель: капитал 300 $, нога 30 $, ЖИВЫЕ заявки — https://api.bybit.com
ОСТАНОВКА: часовой цикл молчит 3.0 ч при пределе 3 ч (§5) — позиции без сканера не управляет никто
исполнитель остановлен: часовой цикл молчит 3.0 ч при пределе 3 ч (§5) — позиции без сканера не управляет никто

=== сторож: research/b1_book/out/watchdog.log ===
[2026-08-13T16:50:01Z] цикл обучения не найден — поднимаю
[2026-08-13T19:30:01Z] цикл обучения не найден — поднимаю
[2026-08-13T20:20:01Z] цикл обучения не найден — поднимаю
[2026-08-13T21:10:01Z] цикл обучения не найден — поднимаю
[2026-08-13T22:20:01Z] цикл обучения не найден — поднимаю
[2026-08-14T02:00:01Z] турнир политик: артефакту 83583 с — запускаю прогон
[2026-08-14T07:30:01Z] цикл обучения не найден — поднимаю
[2026-08-14T21:35:01Z] цикл обучения не найден — поднимаю
[2026-08-14T22:15:01Z] цикл обучения не найден — поднимаю
[2026-08-15T02:00:01Z] турнир политик: артефакту 83552 с — запускаю прогон
[2026-08-15T07:20:01Z] цикл обучения не найден — поднимаю
[2026-08-16T02:00:01Z] турнир политик: артефакту 83458 с — запускаю прогон
[2026-08-16T18:30:01Z] цикл обучения не найден — поднимаю
[2026-08-17T02:00:01Z] турнир политик: артефакту 83320 с — запускаю прогон
[2026-08-18T02:00:01Z] турнир политик: артефакту 83263 с — запускаю прогон
[2026-08-18T09:00:01Z] цикл обучения не найден — поднимаю
[2026-08-18T09:35:01Z] цикл обучения не найден — поднимаю
[2026-08-18T23:05:01Z] цикл обучения не найден — поднимаю
[2026-08-19T02:00:02Z] турнир политик: артефакту 83104 с — запускаю прогон
[2026-08-20T02:00:01Z] турнир политик: артефакту 83040 с — запускаю прогон
[2026-08-20T21:50:01Z] цикл обучения не найден — поднимаю
[2026-08-21T02:00:01Z] турнир политик: артефакту 82841 с — запускаю прогон
[2026-08-21T22:05:01Z] цикл обучения не найден — поднимаю
[2026-08-21T22:25:01Z] цикл обучения не найден — поднимаю
[2026-08-21T22:35:01Z] цикл обучения не найден — поднимаю
[2026-08-21T22:45:01Z] цикл обучения не найден — поднимаю
[2026-08-22T02:00:01Z] турнир политик: артефакту 82246 с — запускаю прогон
[2026-08-22T08:45:01Z] цикл обучения не найден — поднимаю
[2026-08-22T11:10:01Z] цикл обучения не найден — поднимаю
[2026-08-22T12:45:01Z] цикл обучения не найден — поднимаю
[2026-08-22T12:55:01Z] цикл обучения не найден — поднимаю
[2026-08-22T17:45:01Z] цикл обучения не найден — поднимаю
[2026-08-22T18:10:01Z] ПЕРЕЗАПУСК СБОРЩИКА: процесс сборщика не найден
== останавливаю прежний ==

== обновляю код ==
Already up to date.
== запускаю ==
== поднялся, хвост журнала ==
[       6 с] шард 4: подключён, подписываюсь на 120 тем
[       7 с] шард 5: подключён, подписываюсь на 120 тем
[       7 с] ВНИМАНИЕ: полный проход снимков занял 1.23 с при шаге 1 с — снимков в часе будет около 2928, не 3600
[       8 с] шард 6: подключён, подписываюсь на 120 тем
[       9 с] шард 7: подключён, подписываюсь на 120 тем
[      10 с] шард 8: подключён, подписываюсь на 120 тем
[      11 с] шард 9: подключён, подписываюсь на 120 тем
[      12 с] шард 10: подключён, подписываюсь на 120 тем
== перезапускаю циклы обучения ==
  не запущен: s8_loop/train.py --pretest
  остановлен, сторож поднимет: s8_loop/train.py$
[2026-08-22T18:10:15Z] цикл обучения не найден — поднимаю
[2026-08-22T22:25:01Z] цикл обучения не найден — поднимаю
[2026-08-23T01:30:02Z] цикл обучения не найден — поднимаю
[2026-08-23T02:00:01Z] турнир политик: артефакту 79442 с — запускаю прогон
[2026-08-23T17:10:01Z] цикл обучения не найден — поднимаю
[2026-08-24T02:00:01Z] турнир политик: артефакту 76094 с — запускаю прогон
[2026-08-24T17:20:01Z] цикл обучения не найден — поднимаю
[2026-08-24T17:40:01Z] цикл обучения не найден — поднимаю
[2026-08-25T02:00:01Z] турнир политик: артефакту 74506 с — запускаю прогон
[2026-08-25T20:40:02Z] задание z3-smoke отвергнуто (аргумент: ARBUSDT,SANDUSDT,STXUSDT)

=== очередь заданий: jobs/poke.log ===

== сигнал 1787690888 ==
[2026-08-25T20:48:11Z] задание probe-canal-1: состояние снято

== сигнал 1787690976 ==
[2026-08-25T20:49:38Z] задание diag-1 запущено: research/ops/diag.py
конец: 2026-08-25T20:49:38Z, код 0
