== задание diag-cycle-2233 ==
строка: run tools/diag_cycle.py --tail=4
начало: 2026-09-06T22:33:40Z
запускаю: .venv/bin/python tools/diag_cycle.py --tail=4
=== процесс цикла ===
1627309 .venv/bin/python research/s8_loop/train.py

=== процесс сборщика ===
  1572752 .venv/bin/python research/b1_book/collect.py --http 8765
    поднят: Sun Sep  6 10:34:22 2026
  collect.py правлен 719.5 мин назад

=== память ===
total        used        free      shared  buff/cache   available
Mem:            7745        4170         273           4        3912        3575
Swap:              0           0           0
крупнейшие процессы (RSS МБ, время, команда):
   1572752   1580     11:59:17 .venv/bin/python research/b1_book/collect.py --http 8765
   1627309   1108     03:38:39 .venv/bin/python research/s8_loop/train.py
   1651290    239        21:36 .venv/bin/python research/dca_ladder/run_d10.py
   1654389     16        00:00 .venv/bin/python tools/diag_cycle.py --tail=4
       961      9  41-08:49:22 /usr/bin/python3 /usr/share/unattended-upgrades/unattended-upgrade-shutdown --wa
    669148      3  13-01:05:55 bot/target/release/bot live --s8 research/s8_loop/out/model_sit_lo --journal bot
   1654384      3        00:00 bash -c                      log="$1"; shift                     .venv/bin/pytho
   1651285      3        21:36 bash -c                      log="$1"; shift                     .venv/bin/pytho
строки ядра об OOM:
[Sun Sep  6 18:30:32 2026] Out of memory: Killed process 1623080 (python) total-vm:3128124kB, anon-rss:2909028kB, file-rss:2560kB, shmem-rss:0kB, UID:0 pgtables:5844kB oom_score_adj:0
[Sun Sep  6 18:35:26 2026] Out of memory: Killed process 1624678 (python) total-vm:2889824kB, anon-rss:2669932kB, file-rss:2304kB, shmem-rss:0kB, UID:0 pgtables:5384kB oom_score_adj:0
[Sun Sep  6 18:40:45 2026] Out of memory: Killed process 1625343 (python) total-vm:2862608kB, anon-rss:2642836kB, file-rss:2560kB, shmem-rss:0kB, UID:0 pgtables:5328kB oom_score_adj:0
[Sun Sep  6 18:46:20 2026] Out of memory: Killed process 1626021 (python) total-vm:2825436kB, anon-rss:2606400kB, file-rss:2560kB, shmem-rss:0kB, UID:0 pgtables:5256kB oom_score_adj:0
[Sun Sep  6 18:50:42 2026] Out of memory: Killed process 1626671 (python) total-vm:2705692kB, anon-rss:2485960kB, file-rss:2560kB, shmem-rss:0kB, UID:0 pgtables:5020kB oom_score_adj:0
[Sun Sep  6 18:55:27 2026] Out of memory: Killed process 1609538 (python) total-vm:2308980kB, anon-rss:2057408kB, file-rss:2816kB, shmem-rss:0kB, UID:0 pgtables:4344kB oom_score_adj:0

=== манифест модели ===
возраст 13.5 ч
  trained_at: 2026-09-06T09:02:40+00:00
  train_seq: 522
  cycle_sec: 7359.5
  woke_after_hour_sec: 1.3
  steps_sec: {'сведение часа': 516.6, 'матрица': 79.7, 'книги': 83.5, 'оценка': 0.3, 'канарейка': 1584.9, 'обучение': 5085.4}
  canary_ic: 0.0012

=== манифесты книг ===
  model: 13.52 ч
  model.rank-floor0: 605.42 ч
  model.rank-raw: 626.72 ч
  model_c_h4_r_f30_w5_gl_rrlo_se_b0_a0: 0.41 ч
  model_c_h4_z_f22_w10_gl_rr0_sv_b0_a1: 109.43 ч
  model_c_h4_z_f22_w10_gl_rr0_sv_b0_a1.dropped-20260902-095657: 108.61 ч
  model_c_h4_z_f30_w10_gl_rrhi_se_b0_a1: 109.43 ч
  model_c_h4_z_f30_w10_gl_rrhi_se_b0_a1.dropped-20260902-095657: 108.61 ч
  model_c_h4_z_f30_w5_gl_rrlo_se_b0_a0: 0.41 ч
  model_c_h4_z_f30_w5_gl_rrlo_sr_b0_a0: 0.41 ч
  model_c_h4_z_f30_w5_gs_rrhi_se_b0_a1: 109.43 ч
  model_c_h4_z_f30_w5_gs_rrhi_se_b0_a1.dropped-20260902-095657: 108.61 ч
  model_c_h4_z_f30_w5_gt_rrlo_se_b0_a0: 0.41 ч
  model_c_h4_z_f30_w5_gt_rrlo_se_b0_a0.overfilled-20260902T083940Z: 109.90 ч
  model_demo: 819.42 ч
  model_h1: 605.21 ч
  model_h1.rank-raw: 628.39 ч
  model_h24: 0.42 ч
  model_h24a: 0.42 ч
  model_h24b: 0.42 ч
  model_h24bf: 0.42 ч
  model_h24c: 0.42 ч
  model_h24z: 0.42 ч
  model_h24za: 0.42 ч
  model_pretest: 727.28 ч
  model_pretest.was-выключен__бета_не_оценима_: 807.46 ч
  model_probe: 821.05 ч
  model_sit: 0.42 ч
  model_sit.rules-v1: 724.79 ч
  model_sit.rules-v10: 586.19 ч
  model_sit.rules-v11: 585.37 ч
  model_sit.rules-v12: 566.92 ч
  model_sit.rules-v2: 724.50 ч
  model_sit.rules-v3: 722.37 ч
  model_sit.rules-v4: 721.29 ч
  model_sit.rules-v5: 720.45 ч
  model_sit.rules-v6: 708.20 ч
  model_sit.rules-v7: 707.46 ч
  model_sit.rules-v8: 604.41 ч
  model_sit.rules-v9: 589.40 ч
  model_sit_lo: 0.41 ч
  model_sit_obs: 0.42 ч
  model_sit_obs.rules-v10: 586.19 ч
  model_sit_obs.rules-v11: 585.37 ч
  model_sit_obs.rules-v12: 566.92 ч
  model_sit_obs.rules-v6: 708.20 ч
  model_sit_obs.rules-v7: 707.46 ч
  model_sit_obs.rules-v8: 604.41 ч
  model_sit_obs.rules-v9: 589.40 ч
  model_sit_r: 0.41 ч
  model_sit_r.rules-v12: 577.25 ч
  model_sit_r.rules-v12-1: 576.10 ч
  model_sit_r.rules-v12-2: 566.92 ч
  model_sit_r.rules-v13: 552.15 ч
  model_z: 628.38 ч

=== хвост train.log ===
возраст 24.8 мин, размер 8515863 Б
[09-06 22:08:53] живой IC [gbm]: fwd_4h +0.0939 по 1 закрывшимся сечениям
[09-06 22:08:53] живой IC [nn]: fwd_4h +0.0096 по 1 закрывшимся сечениям
[09-06 22:08:53] обучение пропущено по каденции: весам 13.1 ч при каденции 24; цикл 413 с (сведение часа 279 с, матрица 62 с, книги 62 с, оценка 0 с)
[09-06 22:08:53] следующая попытка через 53 мин (обучения не было)
конец: 2026-09-06T22:33:40Z, код 0
публикуется в ветку main:
 jobs/done/d10-short-3.log           |  13 +++++
 jobs/done/diag-cycle-2233.done      |   1 +
 jobs/done/diag-cycle-2233.log       | 106 ++++++++++++++++++++++++++++++++++++
 jobs/done/diag-spill.log            |  12 ++++
 jobs/poke.log                       |   5 ++
 research/s8_loop/out/day_brake.json |   2 +-
 6 files changed, 138 insertions(+), 1 deletion(-)
To github.com:n0tgod/algoth_v2.git
   5136e05..f5df84d  main -> main
branch 'main' set up to track 'origin/main'.
опубликовано
