== задание diag-spill ==
строка: run tools/diag_spill.py
начало: 2026-09-06T22:24:57Z
запускаю: .venv/bin/python tools/diag_spill.py 
=== df ===
/dev/sdb        147G   81G   59G  59% /root/algoth_v2/research/b1_book/out
/dev/sda1       150G  119G   25G  83% /

=== ссылок в book/ и trades/ (find -type l) ===
book: 231410
trades: 248868

=== чтение перелитых часов по прежнему пути ===
  ICXUSDT/2026-08-05-18.jsonl.gz: строк 3565; → /root/b1_spill/book/ICXUSDT/2026-08-05-18.jsonl.gz (есть)
  PURRUSDT/2026-08-10-01.jsonl.gz: строк 3473; → /root/b1_spill/book/PURRUSDT/2026-08-10-01.jsonl.gz (есть)
  OPGUSDT/2026-08-17-11.jsonl.gz: строк 3461; → /root/b1_spill/book/OPGUSDT/2026-08-17-11.jsonl.gz (есть)
  CUSDT/2026-08-14-18.jsonl.gz: строк 3307; → /root/b1_spill/book/CUSDT/2026-08-14-18.jsonl.gz (есть)
  BLASTUSDT/2026-08-06-23.jsonl.gz: строк 3571; → /root/b1_spill/book/BLASTUSDT/2026-08-06-23.jsonl.gz (есть)
прочитано с данными 5 из 5

=== spill.log (хвост) ===
2026-09-06T22:22:32+00:00 файлов 480278 байт 53687063501 до 2026-09-04 стоп предел 50 ГБ за прогон

снято 2026-09-06 22:24:59 UTC
конец: 2026-09-06T22:24:59Z, код 0
