== задание diag-cycle ==
строка: run tools/diag_cycle.py
начало: 2026-09-06T18:31:03Z
запускаю: .venv/bin/python tools/diag_cycle.py 
=== процесс цикла ===
НЕ НАЙДЕН — цикл не работает

=== процесс сборщика ===
  1572752 .venv/bin/python research/b1_book/collect.py --http 8765
    поднят: Sun Sep  6 10:34:22 2026
  collect.py правлен 476.8 мин назад

=== манифест модели ===
возраст 9.5 ч
  trained_at: 2026-09-06T09:02:40+00:00
  train_seq: 522
  cycle_sec: 7359.5
  woke_after_hour_sec: 1.3
  steps_sec: {'сведение часа': 516.6, 'матрица': 79.7, 'книги': 83.5, 'оценка': 0.3, 'канарейка': 1584.9, 'обучение': 5085.4}
  canary_ic: 0.0012

=== манифесты книг ===
  model: 9.47 ч
  model.rank-floor0: 601.37 ч
  model.rank-raw: 622.68 ч
  model_c_h4_r_f30_w5_gl_rrlo_se_b0_a0: 1.37 ч
  model_c_h4_z_f22_w10_gl_rr0_sv_b0_a1: 105.39 ч
  model_c_h4_z_f22_w10_gl_rr0_sv_b0_a1.dropped-20260902-095657: 104.57 ч
  model_c_h4_z_f30_w10_gl_rrhi_se_b0_a1: 105.39 ч
  model_c_h4_z_f30_w10_gl_rrhi_se_b0_a1.dropped-20260902-095657: 104.57 ч
  model_c_h4_z_f30_w5_gl_rrlo_se_b0_a0: 1.37 ч
  model_c_h4_z_f30_w5_gl_rrlo_sr_b0_a0: 1.37 ч
  model_c_h4_z_f30_w5_gs_rrhi_se_b0_a1: 105.39 ч
  model_c_h4_z_f30_w5_gs_rrhi_se_b0_a1.dropped-20260902-095657: 104.57 ч
  model_c_h4_z_f30_w5_gt_rrlo_se_b0_a0: 1.37 ч
  model_c_h4_z_f30_w5_gt_rrlo_se_b0_a0.overfilled-20260902T083940Z: 105.86 ч
  model_demo: 815.38 ч
  model_h1: 601.16 ч
  model_h1.rank-raw: 624.34 ч
  model_h24: 1.38 ч
  model_h24a: 1.37 ч
  model_h24b: 1.38 ч
  model_h24bf: 1.38 ч
  model_h24c: 1.37 ч
  model_h24z: 1.38 ч
  model_h24za: 1.37 ч
  model_pretest: 723.24 ч
  model_pretest.was-выключен__бета_не_оценима_: 803.41 ч
  model_probe: 817.01 ч
  model_sit: 1.37 ч
  model_sit.rules-v1: 720.74 ч
  model_sit.rules-v10: 582.14 ч
  model_sit.rules-v11: 581.33 ч
  model_sit.rules-v12: 562.88 ч
  model_sit.rules-v2: 720.45 ч
  model_sit.rules-v3: 718.33 ч
  model_sit.rules-v4: 717.24 ч
  model_sit.rules-v5: 716.41 ч
  model_sit.rules-v6: 704.16 ч
  model_sit.rules-v7: 703.42 ч
  model_sit.rules-v8: 600.37 ч
  model_sit.rules-v9: 585.36 ч
  model_sit_lo: 1.37 ч
  model_sit_obs: 1.37 ч
  model_sit_obs.rules-v10: 582.14 ч
  model_sit_obs.rules-v11: 581.33 ч
  model_sit_obs.rules-v12: 562.88 ч
  model_sit_obs.rules-v6: 704.16 ч
  model_sit_obs.rules-v7: 703.42 ч
  model_sit_obs.rules-v8: 600.36 ч
  model_sit_obs.rules-v9: 585.36 ч
  model_sit_r: 1.37 ч
  model_sit_r.rules-v12: 573.21 ч
  model_sit_r.rules-v12-1: 572.05 ч
  model_sit_r.rules-v12-2: 562.88 ч
  model_sit_r.rules-v13: 548.11 ч
  model_z: 624.34 ч

=== хвост train.log ===
возраст 0.6 мин, размер 8495425 Б
[09-06 16:08:21] ситуационная [nn]: закрыто 1 (METISUSDT — прогноз развернулся)
[09-06 16:08:23] ситуационная [nn]: закрыто 1 (UNIUSDT — прогноз развернулся)
[09-06 16:08:26] живой IC [gbm]: fwd_4h -0.0366 по 1 закрывшимся сечениям
[09-06 16:08:26] живой IC [nn]: fwd_4h -0.1101 по 1 закрывшимся сечениям
[09-06 16:08:26] обучение пропущено по каденции: весам 7.1 ч при каденции 24; цикл 387 с (сведение часа 262 с, матрица 60 с, книги 56 с, оценка 0 с)
[09-06 16:08:26] следующая попытка через 53 мин (обучения не было)
[09-06 17:02:30]   сводка: 86/753 символов, новых часов 84
[09-06 17:03:00]   сводка: 168/753 символов, новых часов 166
[09-06 17:03:30]   сводка: 249/753 символов, новых часов 247
[09-06 17:04:00]   сводка: 336/753 символов, новых часов 333
[09-06 17:04:30]   сводка: 421/753 символов, новых часов 418
[09-06 17:05:00]   сводка: 502/753 символов, новых часов 499
[09-06 17:05:30]   сводка: 584/753 символов, новых часов 580
[09-06 17:06:01]   сводка: 668/753 символов, новых часов 664
[09-06 17:06:31]   сводка: 751/753 символов, новых часов 745
[09-06 17:06:32] сводка: символов с записью 753, новых часов 747, 272 с
/root/algoth_v2/research/s8_loop/bookfeat.py:162: RuntimeWarning: All-NaN slice encountered
  v = fn(sl, axis=1)
/root/algoth_v2/research/s8_loop/bookfeat.py:162: RuntimeWarning: All-NaN slice encountered
  v = fn(sl, axis=1)
/root/algoth_v2/research/s8_loop/bookfeat.py:162: RuntimeWarning: All-NaN slice encountered
  v = fn(sl, axis=1)
[09-06 17:07:40] матрица: 753 символов × 913 часов, сечений с ≥30 именами: 824, признаков 50
[09-06 17:07:50] плоских имён (ход суток < 50 б.п.): 4 — RLUSDUSDT, USD1USDT, USDCUSDT, USDEUSDT
[09-06 17:08:39] каталогов вне состава без записи: 3 — не трогаем
[09-06 17:08:39] кандидаты фабрики: книг 4 (живых 4), без живой книги 3
[09-06 17:08:39]   h4_z_f22_w10_gl_rr0_sv_b0_a1: живой книги нет — полоса control: живая книга заводится только прошедшим проверки и отбор (решение владельца); случайная рука остаётся в суточном реплее, где и живёт сравнение полос
[09-06 17:08:39]   h4_z_f30_w10_gl_rrhi_se_b0_a1: живой книги нет — полоса control: живая книга заводится только прошедшим проверки и отбор (решение владельца); случайная рука остаётся в суточном реплее, где и живёт сравнение полос
[09-06 17:08:39]   h4_z_f30_w5_gs_rrhi_se_b0_a1: живой книги нет — полоса control: живая книга заводится только прошедшим проверки и отбор (решение владельца); случайная рука остаётся в суточном реплее, где и живёт сравнение полос
[09-06 17:08:39] ситуационная [gbm]: закрыто 1 (GRTUSDT — прогноз развернулся)
[09-06 17:08:39] ситуационная [gbm]: закрыто 1 (ZAMAUSDT — прогноз развернулся)
[09-06 17:08:40] ситуационная [nn]: закрыто 1 (METISUSDT — прогноз развернулся)
[09-06 17:08:42] ситуационная [gbm]: закрыто 1 (GRTUSDT — прогноз развернулся)
[09-06 17:08:42] ситуационная [gbm]: закрыто 1 (METUSDT — прогноз развернулся)
[09-06 17:08:42] ситуационная [gbm]: закрыто 2 (ORCAUSDT — прогноз развернулся; ZAMAUSDT — прогноз развернулся)
[09-06 17:08:42] ситуационная [gbm]: закрыто 3 (MARSCOINUSDT — прогноз развернулся; EPICUSDT — прогноз развернулся; METISUSDT — прогноз развернулся)
[09-06 17:08:48] ситуационная [gbm]: закрыто 1 (ORCAUSDT — прогноз развернулся)
[09-06 17:08:49] ситуационная [gbm]: закрыто 1 (XPLUSDT — предел возраста)
[09-06 17:08:49] ситуационная [gbm]: закрыто 1 (XPLUSDT — предел возраста)
[09-06 17:08:51] ситуационная [gbm]: закрыто 1 (XPLUSDT — предел возраста)
[09-06 17:08:53] живой IC [gbm]: fwd_4h +0.1067 по 1 закрывшимся сечениям
[09-06 17:08:53] живой IC [nn]: fwd_4h +0.0410 по 1 закрывшимся сечениям
[09-06 17:08:53] обучение пропущено по каденции: весам 8.1 ч при каденции 24; цикл 414 с (сведение часа 272 с, матрица 68 с, книги 63 с, оценка 0 с)
[09-06 17:08:53] следующая попытка через 53 мин (обучения не было)
[09-06 18:02:30]   сводка: 72/753 символов, новых часов 71
[09-06 18:03:00]   сводка: 146/753 символов, новых часов 144
[09-06 18:03:30]   сводка: 216/753 символов, новых часов 214
[09-06 18:04:00]   сводка: 288/753 символов, новых часов 286
[09-06 18:04:31]   сводка: 363/753 символов, новых часов 360
[09-06 18:05:01]   сводка: 436/753 символов, новых часов 433
[09-06 18:05:31]   сводка: 509/753 символов, новых часов 506
[09-06 18:06:02]   сводка: 584/753 символов, новых часов 580
[09-06 18:06:32]   сводка: 656/753 символов, новых часов 652
[09-06 18:07:02]   сводка: 730/753 символов, новых часов 724
[09-06 18:07:12] сводка: символов с записью 753, новых часов 747, 312 с
[09-06 18:10:26] сводка: символов с записью 753, новых часов 0, 25 с
[09-06 18:15:26] сводка: символов с записью 753, новых часов 0, 25 с
[09-06 18:20:28] сводка: символов с записью 753, новых часов 0, 27 с
[09-06 18:25:27] сводка: символов с записью 753, новых часов 0, 26 с
[09-06 18:30:27] сводка: символов с записью 753, новых часов 0, 26 с
конец: 2026-09-06T18:31:03Z, код 0
