== задание dow-1 ==
строка: run research/probe_dow/dow.py --tag 1m
начало: 2026-08-29T07:20:00Z
запускаю: .venv/bin/python research/probe_dow/dow.py --tag 1m
k=7 h=1: 1330 сечений, макс. отклонение дня 32.9 б.п. при планке 50.5, выходные − будни +2.8 (p=0.8725)
k=14 h=1: 1330 сечений, макс. отклонение дня 34.0 б.п. при планке 50.1, выходные − будни +1.5 (p=0.9215)
отчёт: /root/algoth_v2/research/probe_dow/out/DOW-report-1m.md · 4.3 с
публикуется в ветку main:
 jobs/done/brake-deploy-1.log            |   9 ++
 jobs/done/dow-1.done                    |   1 +
 jobs/done/dow-1.log                     |   7 +
 jobs/poke.log                           |   3 +
 research/probe_dow/out/DOW-report-1m.md |  51 ++++++++
 research/probe_dow/out/dow-1m.json      | 223 ++++++++++++++++++++++++++++++++
 research/s8_loop/out/day_brake.json     |   1 +
 7 files changed, 295 insertions(+)
To github.com:n0tgod/algoth_v2.git
   ddfaf38..5f5a4d1  main -> main
branch 'main' set up to track 'origin/main'.
опубликовано
конец: 2026-08-29T07:20:06Z, код 0
публикуется в ветку main:
 jobs/done/dow-1.log | 14 ++++++++++++++
 1 file changed, 14 insertions(+)
To github.com:n0tgod/algoth_v2.git
   5f5a4d1..9902240  main -> main
branch 'main' set up to track 'origin/main'.
опубликовано
