KORUUSDT: баров нет (ImportError: cannot import name 'BANDS' from 'book' (/root/algoth_v2/research/factory/book.py))
KOUSDT: баров нет (ImportError: cannot import name 'BANDS' from 'book' (/root/algoth_v2/research/factory/book.py))
KSMUSDT: баров нет (ImportError: cannot import name 'BANDS' from 'book' (/root/algoth_v2/research/factory/book.py))
KSTRUSDT: баров нет (ImportError: cannot import name 'BANDS' from 'book' (/root/algoth_v2/research/factory/book.py))
KUAISHOUUSDT: баров нет (ImportError: cannot import name 'BANDS' from 'book' (/root/algoth_v2/research/factory/book.py))
LABUSDT: баров нет (ImportError: cannot import name 'BANDS' from 'book' (/root/algoth_v2/research/factory/book.py))
LAUSDT: баров нет (ImportError: cannot import name 'BANDS' from 'book' (/root/algoth_v2/research/factory/book.py))
LDOUSDT: баров нет (ImportError: cannot import name 'BANDS' from 'book' (/root/algoth_v2/research/factory/book.py))
LGELECTRONICSUSDT: баров нет (ImportError: cannot import name 'BANDS' from 'book' (/root/algoth_v2/research/factory/book.py))
LIGHTUSDT: баров нет (ImportError: cannot import name 'BANDS' from 'book' (/root/algoth_v2/research/factory/book.py))
LINEAUSDT: баров нет (ImportError: cannot import name 'BANDS' from 'book' (/root/algoth_v2/research/factory/book.py))
LINKUSDT: баров нет (ImportError: cannot import name 'BANDS' from 'book' (/root/algoth_v2/research/factory/book.py))
LITEUSDT: баров нет (ImportError: cannot import name 'BANDS' from 'book' (/root/algoth_v2/research/factory/book.py))
LITUSDT: баров нет (ImportError: cannot import name 'BANDS' from 'book' (/root/algoth_v2/research/factory/book.py))
LLYUSDT: баров нет (ImportError: cannot import name 'BANDS' from 'book' (/root/algoth_v2/research/factory/book.py))
LPTUSDT: баров нет (ImportError: cannot import name 'BANDS' from 'book' (/root/algoth_v2/research/factory/book.py))
LQTYUSDT: баров нет (ImportError: cannot import name 'BANDS' from 'book' (/root/algoth_v2/research/factory/book.py))
LRCUSDT: баров нет (ImportError: cannot import name 'BANDS' from 'book' (/root/algoth_v2/research/factory/book.py))
LRCXUSDT: баров нет (ImportError: cannot import name 'BANDS' from 'book' (/root/algoth_v2/research/factory/book.py))
LSKUSDT: баров нет (ImportError: cannot import name 'BANDS' from 'book' (/root/algoth_v2/research/factory/book.py))
LTCUSDT: баров нет (ImportError: cannot import name 'BANDS' from 'book' (/root/algoth_v2/research/factory/book.py))
LUMIAUSDT: баров нет (ImportError: cannot import name 'BANDS' from 'book' (/root/algoth_v2/research/factory/book.py))
LUNA2USDT: баров нет (ImportError: cannot import name 'BANDS' from 'book' (/root/algoth_v2/research/factory/book.py))
LYNUSDT: баров нет (ImportError: cannot import name 'BANDS' from 'book' (/root/algoth_v2/research/factory/book.py))
LYTEUSDT: баров нет (ImportError: cannot import name 'BANDS' from 'book' (/root/algoth_v2/research/factory/book.py))
MAGICUSDT: баров нет (ImportError: cannot import name 'BANDS' from 'book' (/root/algoth_v2/research/factory/book.py))
MAGMAUSDT: баров нет (ImportError: cannot import name 'BANDS' from 'book' (/root/algoth_v2/research/factory/book.py))
MAGSUSDT: баров нет (ImportError: cannot import name 'BANDS' from 'book' (/root/algoth_v2/research/factory/book.py))
MANAUSDT: баров нет (ImportError: cannot import name 'BANDS' from 'book' (/root/algoth_v2/research/factory/book.py))
MANTAUSDT: баров нет (ImportError: cannot import name 'BANDS' from 'book' (/root/algoth_v2/research/factory/book.py))
MARAUSDT: баров нет (ImportError: cannot import name 'BANDS' from 'book' (/root/algoth_v2/research/factory/book.py))
MASKUSDT: баров нет (ImportError: cannot import name 'BANDS' from 'book' (/root/algoth_v2/research/factory/book.py))
MAUSDT: баров нет (ImportError: cannot import name 'BANDS' from 'book' (/root/algoth_v2/research/factory/book.py))
MAVIAUSDT: баров нет (ImportError: cannot import name 'BANDS' from 'book' (/root/algoth_v2/research/factory/book.py))
MAVUSDT: баров нет (ImportError: cannot import name 'BANDS' from 'book' (/root/algoth_v2/research/factory/book.py))
MCDUSDT: баров нет (ImportError: cannot import name 'BANDS' from 'book' (/root/algoth_v2/research/factory/book.py))
MEGAUSDT: баров нет (ImportError: cannot import name 'BANDS' from 'book' (/root/algoth_v2/research/factory/book.py))
MEITUANUSDT: баров нет (ImportError: cannot import name 'BANDS' from 'book' (/root/algoth_v2/research/factory/book.py))
MELANIAUSDT: баров нет (ImportError: cannot import name 'BANDS' from 'book' (/root/algoth_v2/research/factory/book.py))
MEMEUSDT: баров нет (ImportError: cannot import name 'BANDS' from 'book' (/root/algoth_v2/research/factory/book.py))
MERLUSDT: баров нет (ImportError: cannot import name 'BANDS' from 'book' (/root/algoth_v2/research/factory/book.py))
METAUSDT: баров нет (ImportError: cannot import name 'BANDS' from 'book' (/root/algoth_v2/research/factory/book.py))
METISUSDT: баров нет (ImportError: cannot import name 'BANDS' from 'book' (/root/algoth_v2/research/factory/book.py))
METUSDT: баров нет (ImportError: cannot import name 'BANDS' from 'book' (/root/algoth_v2/research/factory/book.py))
MEUSDT: баров нет (ImportError: cannot import name 'BANDS' from 'book' (/root/algoth_v2/research/factory/book.py))
MEWUSDT: баров нет (ImportError: cannot import name 'BANDS' from 'book' (/root/algoth_v2/research/factory/book.py))
MINAUSDT: баров нет (ImportError: cannot import name 'BANDS' from 'book' (/root/algoth_v2/research/factory/book.py))
MINIMAXUSDT: баров нет (ImportError: cannot import name 'BANDS' from 'book' (/root/algoth_v2/research/factory/book.py))
MIRAUSDT: баров нет (ImportError: cannot import name 'BANDS' from 'book' (/root/algoth_v2/research/factory/book.py))
MITOUSDT: баров нет (ImportError: cannot import name 'BANDS' from 'book' (/root/algoth_v2/research/factory/book.py))
MMTUSDT: баров нет (ImportError: cannot import name 'BANDS' from 'book' (/root/algoth_v2/research/factory/book.py))
MNSTUSDT: баров нет (ImportError: cannot import name 'BANDS' from 'book' (/root/algoth_v2/research/factory/book.py))
MNTUSDT: баров нет (ImportError: cannot import name 'BANDS' from 'book' (/root/algoth_v2/research/factory/book.py))
MOCAUSDT: баров нет (ImportError: cannot import name 'BANDS' from 'book' (/root/algoth_v2/research/factory/book.py))
MONUSDT: баров нет (ImportError: cannot import name 'BANDS' from 'book' (/root/algoth_v2/research/factory/book.py))
MOODENGUSDT: баров нет (ImportError: cannot import name 'BANDS' from 'book' (/root/algoth_v2/research/factory/book.py))
MORPHOUSDT: баров нет (ImportError: cannot import name 'BANDS' from 'book' (/root/algoth_v2/research/factory/book.py))
MOUSDT: баров нет (ImportError: cannot import name 'BANDS' from 'book' (/root/algoth_v2/research/factory/book.py))
MOVEUSDT: баров нет (ImportError: cannot import name 'BANDS' from 'book' (/root/algoth_v2/research/factory/book.py))
MOVRUSDT: баров нет (ImportError: cannot import name 'BANDS' from 'book' (/root/algoth_v2/research/factory/book.py))
MRKUSDT: баров нет (ImportError: cannot import name 'BANDS' from 'book' (/root/algoth_v2/research/factory/book.py))
MRNAUSDT: баров нет (ImportError: cannot import name 'BANDS' from 'book' (/root/algoth_v2/research/factory/book.py))
MRVLUSDT: баров нет (ImportError: cannot import name 'BANDS' from 'book' (/root/algoth_v2/research/factory/book.py))
MSFTUSDT: баров нет (ImportError: cannot import name 'BANDS' from 'book' (/root/algoth_v2/research/factory/book.py))
MSTRUSDT: баров нет (ImportError: cannot import name 'BANDS' from 'book' (/root/algoth_v2/research/factory/book.py))
MSTUUSDT: баров нет (ImportError: cannot import name 'BANDS' from 'book' (/root/algoth_v2/research/factory/book.py))
MTLUSDT: баров нет (ImportError: cannot import name 'BANDS' from 'book' (/root/algoth_v2/research/factory/book.py))
MUBARAKUSDT: баров нет (ImportError: cannot import name 'BANDS' from 'book' (/root/algoth_v2/research/factory/book.py))
MUSDT: баров нет (ImportError: cannot import name 'BANDS' from 'book' (/root/algoth_v2/research/factory/book.py))
MUUSDT: баров нет (ImportError: cannot import name 'BANDS' from 'book' (/root/algoth_v2/research/factory/book.py))
MUUUSDT: баров нет (ImportError: cannot import name 'BANDS' from 'book' (/root/algoth_v2/research/factory/book.py))
MVLLUSDT: баров нет (ImportError: cannot import name 'BANDS' from 'book' (/root/algoth_v2/research/factory/book.py))
MYXUSDT: баров нет (ImportError: cannot import name 'BANDS' from 'book' (/root/algoth_v2/research/factory/book.py))
NAORISUSDT: баров нет (ImportError: cannot import name 'BANDS' from 'book' (/root/algoth_v2/research/factory/book.py))
NAVERUSDT: баров нет (ImportError: cannot import name 'BANDS' from 'book' (/root/algoth_v2/research/factory/book.py))
NBISUSDT: баров нет (ImportError: cannot import name 'BANDS' from 'book' (/root/algoth_v2/research/factory/book.py))
NCLDUSDT: баров нет (ImportError: cannot import name 'BANDS' from 'book' (/root/algoth_v2/research/factory/book.py))
NEARUSDT: баров нет (ImportError: cannot import name 'BANDS' from 'book' (/root/algoth_v2/research/factory/book.py))
NEOUSDT: баров нет (ImportError: cannot import name 'BANDS' from 'book' (/root/algoth_v2/research/factory/book.py))
NESAUSDT: баров нет (ImportError: cannot import name 'BANDS' from 'book' (/root/algoth_v2/research/factory/book.py))
NETUSDT: баров нет (ImportError: cannot import name 'BANDS' from 'book' (/root/algoth_v2/research/factory/book.py))
NEWTUSDT: баров нет (ImportError: cannot import name 'BANDS' from 'book' (/root/algoth_v2/research/factory/book.py))
NFLXUSDT: баров нет (ImportError: cannot import name 'BANDS' from 'book' (/root/algoth_v2/research/factory/book.py))
NIGHTUSDT: баров нет (ImportError: cannot import name 'BANDS' from 'book' (/root/algoth_v2/research/factory/book.py))
NILUSDT: баров нет (ImportError: cannot import name 'BANDS' from 'book' (/root/algoth_v2/research/factory/book.py))
NIULAIUSDT: баров нет (ImportError: cannot import name 'BANDS' from 'book' (/root/algoth_v2/research/factory/book.py))
NMRUSDT: баров нет (ImportError: cannot import name 'BANDS' from 'book' (/root/algoth_v2/research/factory/book.py))
NOKIAUSDT: баров нет (ImportError: cannot import name 'BANDS' from 'book' (/root/algoth_v2/research/factory/book.py))
NOMUSDT: баров нет (ImportError: cannot import name 'BANDS' from 'book' (/root/algoth_v2/research/factory/book.py))
NOTUSDT: баров нет (ImportError: cannot import name 'BANDS' from 'book' (/root/algoth_v2/research/factory/book.py))
NOWUSDT: баров нет (ImportError: cannot import name 'BANDS' from 'book' (/root/algoth_v2/research/factory/book.py))
NVDAUSDT: баров нет (ImportError: cannot import name 'BANDS' from 'book' (/root/algoth_v2/research/factory/book.py))
NVDLUSDT: баров нет (ImportError: cannot import name 'BANDS' from 'book' (/root/algoth_v2/research/factory/book.py))
NVOUSDT: баров нет (ImportError: cannot import name 'BANDS' from 'book' (/root/algoth_v2/research/factory/book.py))
NXPCUSDT: баров нет (ImportError: cannot import name 'BANDS' from 'book' (/root/algoth_v2/research/factory/book.py))
OGNUSDT: баров нет (ImportError: cannot import name 'BANDS' from 'book' (/root/algoth_v2/research/factory/book.py))
OGUSDT: баров нет (ImportError: cannot import name 'BANDS' from 'book' (/root/algoth_v2/research/factory/book.py))
OKBUSDT: баров нет (ImportError: cannot import name 'BANDS' from 'book' (/root/algoth_v2/research/factory/book.py))
OKTAUSDT: баров нет (ImportError: cannot import name 'BANDS' from 'book' (/root/algoth_v2/research/factory/book.py))
ONDOUSDT: баров нет (ImportError: cannot import name 'BANDS' from 'book' (/root/algoth_v2/research/factory/book.py))
ONDSUSDT: баров нет (ImportError: cannot import name 'BANDS' from 'book' (/root/algoth_v2/research/factory/book.py))
ONGUSDT: баров нет (ImportError: cannot import name 'BANDS' from 'book' (/root/algoth_v2/research/factory/book.py))
ONTUSDT: баров нет (ImportError: cannot import name 'BANDS' from 'book' (/root/algoth_v2/research/factory/book.py))
ONUSDT: баров нет (ImportError: cannot import name 'BANDS' from 'book' (/root/algoth_v2/research/factory/book.py))
OPENUSDT: баров нет (ImportError: cannot import name 'BANDS' from 'book' (/root/algoth_v2/research/factory/book.py))
OPGUSDT: баров нет (ImportError: cannot import name 'BANDS' from 'book' (/root/algoth_v2/research/factory/book.py))
OPNUSDT: баров нет (ImportError: cannot import name 'BANDS' from 'book' (/root/algoth_v2/research/factory/book.py))
OPUSDT: баров нет (ImportError: cannot import name 'BANDS' from 'book' (/root/algoth_v2/research/factory/book.py))
ORCAUSDT: баров нет (ImportError: cannot import name 'BANDS' from 'book' (/root/algoth_v2/research/factory/book.py))
ORCLUSDT: баров нет (ImportError: cannot import name 'BANDS' from 'book' (/root/algoth_v2/research/factory/book.py))
ORDERUSDT: баров нет (ImportError: cannot import name 'BANDS' from 'book' (/root/algoth_v2/research/factory/book.py))
ORDIUSDT: баров нет (ImportError: cannot import name 'BANDS' from 'book' (/root/algoth_v2/research/factory/book.py))
OUSDT: баров нет (ImportError: cannot import name 'BANDS' from 'book' (/root/algoth_v2/research/factory/book.py))
OUSTUSDT: баров нет (ImportError: cannot import name 'BANDS' from 'book' (/root/algoth_v2/research/factory/book.py))
PANWUSDT: баров нет (ImportError: cannot import name 'BANDS' from 'book' (/root/algoth_v2/research/factory/book.py))
PARTIUSDT: баров нет (ImportError: cannot import name 'BANDS' from 'book' (/root/algoth_v2/research/factory/book.py))
PAXGUSDT: баров нет (ImportError: cannot import name 'BANDS' from 'book' (/root/algoth_v2/research/factory/book.py))
PDDUSDT: баров нет (ImportError: cannot import name 'BANDS' from 'book' (/root/algoth_v2/research/factory/book.py))
PEAQUSDT: баров нет (ImportError: cannot import name 'BANDS' from 'book' (/root/algoth_v2/research/factory/book.py))
PENDLEUSDT: баров нет (ImportError: cannot import name 'BANDS' from 'book' (/root/algoth_v2/research/factory/book.py))
PENGSTOCKUSDT: баров нет (ImportError: cannot import name 'BANDS' from 'book' (/root/algoth_v2/research/factory/book.py))
PENGUUSDT: баров нет (ImportError: cannot import name 'BANDS' from 'book' (/root/algoth_v2/research/factory/book.py))
PEOPLEUSDT: баров нет (ImportError: cannot import name 'BANDS' from 'book' (/root/algoth_v2/research/factory/book.py))
PEPUSDT: баров нет (ImportError: cannot import name 'BANDS' from 'book' (/root/algoth_v2/research/factory/book.py))
PHAROSUSDT: баров нет (ImportError: cannot import name 'BANDS' from 'book' (/root/algoth_v2/research/factory/book.py))
PHAUSDT: баров нет (ImportError: cannot import name 'BANDS' from 'book' (/root/algoth_v2/research/factory/book.py))
PIEVERSEUSDT: баров нет (ImportError: cannot import name 'BANDS' from 'book' (/root/algoth_v2/research/factory/book.py))
PIPPINUSDT: баров нет (ImportError: cannot import name 'BANDS' from 'book' (/root/algoth_v2/research/factory/book.py))
PIXELUSDT: баров нет (ImportError: cannot import name 'BANDS' from 'book' (/root/algoth_v2/research/factory/book.py))
PLAYSOUTUSDT: баров нет (ImportError: cannot import name 'BANDS' from 'book' (/root/algoth_v2/research/factory/book.py))
PLTRUSDT: баров нет (ImportError: cannot import name 'BANDS' from 'book' (/root/algoth_v2/research/factory/book.py))
PLUMEUSDT: баров нет (ImportError: cannot import name 'BANDS' from 'book' (/root/algoth_v2/research/factory/book.py))
PNUTUSDT: баров нет (ImportError: cannot import name 'BANDS' from 'book' (/root/algoth_v2/research/factory/book.py))
POETUSDT: баров нет (ImportError: cannot import name 'BANDS' from 'book' (/root/algoth_v2/research/factory/book.py))
POLUSDT: баров нет (ImportError: cannot import name 'BANDS' from 'book' (/root/algoth_v2/research/factory/book.py))
POLYXUSDT: баров нет (ImportError: cannot import name 'BANDS' from 'book' (/root/algoth_v2/research/factory/book.py))
PONSUSDT: баров нет (ImportError: cannot import name 'BANDS' from 'book' (/root/algoth_v2/research/factory/book.py))
POPCATUSDT: баров нет (ImportError: cannot import name 'BANDS' from 'book' (/root/algoth_v2/research/factory/book.py))
POPMARTUSDT: баров нет (ImportError: cannot import name 'BANDS' from 'book' (/root/algoth_v2/research/factory/book.py))
PORTALUSDT: баров нет (ImportError: cannot import name 'BANDS' from 'book' (/root/algoth_v2/research/factory/book.py))
POWERUSDT: баров нет (ImportError: cannot import name 'BANDS' from 'book' (/root/algoth_v2/research/factory/book.py))
POWRUSDT: баров нет (ImportError: cannot import name 'BANDS' from 'book' (/root/algoth_v2/research/factory/book.py))
PRLUSDT: баров нет (ImportError: cannot import name 'BANDS' from 'book' (/root/algoth_v2/research/factory/book.py))
PROMPTUSDT: баров нет (ImportError: cannot import name 'BANDS' from 'book' (/root/algoth_v2/research/factory/book.py))
PROVEUSDT: баров нет (ImportError: cannot import name 'BANDS' from 'book' (/root/algoth_v2/research/factory/book.py))
PTBUSDT: баров нет (ImportError: cannot import name 'BANDS' from 'book' (/root/algoth_v2/research/factory/book.py))
PUFFERUSDT: баров нет (ImportError: cannot import name 'BANDS' from 'book' (/root/algoth_v2/research/factory/book.py))
PUMPFUNUSDT: баров нет (ImportError: cannot import name 'BANDS' from 'book' (/root/algoth_v2/research/factory/book.py))
PUNDIXUSDT: баров нет (ImportError: cannot import name 'BANDS' from 'book' (/root/algoth_v2/research/factory/book.py))
PURRUSDT: баров нет (ImportError: cannot import name 'BANDS' from 'book' (/root/algoth_v2/research/factory/book.py))
PYPLUSDT: баров нет (ImportError: cannot import name 'BANDS' from 'book' (/root/algoth_v2/research/factory/book.py))
PYTHUSDT: баров нет (ImportError: cannot import name 'BANDS' from 'book' (/root/algoth_v2/research/factory/book.py))
QCOMUSDT: баров нет (ImportError: cannot import name 'BANDS' from 'book' (/root/algoth_v2/research/factory/book.py))
QNTUSDT: баров нет (ImportError: cannot import name 'BANDS' from 'book' (/root/algoth_v2/research/factory/book.py))
QNTXUSDT: баров нет (ImportError: cannot import name 'BANDS' from 'book' (/root/algoth_v2/research/factory/book.py))
QQQUSDT: баров нет (ImportError: cannot import name 'BANDS' from 'book' (/root/algoth_v2/research/factory/book.py))
QTUMUSDT: баров нет (ImportError: cannot import name 'BANDS' from 'book' (/root/algoth_v2/research/factory/book.py))
QUSDT: баров нет (ImportError: cannot import name 'BANDS' from 'book' (/root/algoth_v2/research/factory/book.py))
RAMUSDT: баров нет (ImportError: cannot import name 'BANDS' from 'book' (/root/algoth_v2/research/factory/book.py))
RAREUSDT: баров нет (ImportError: cannot import name 'BANDS' from 'book' (/root/algoth_v2/research/factory/book.py))
RAVEUSDT: баров нет (ImportError: cannot import name 'BANDS' from 'book' (/root/algoth_v2/research/factory/book.py))
RAYDIUMUSDT: баров нет (ImportError: cannot import name 'BANDS' from 'book' (/root/algoth_v2/research/factory/book.py))
RDDTUSDT: баров нет (ImportError: cannot import name 'BANDS' from 'book' (/root/algoth_v2/research/factory/book.py))
RDWUSDT: баров нет (ImportError: cannot import name 'BANDS' from 'book' (/root/algoth_v2/research/factory/book.py))
RECALLUSDT: баров нет (ImportError: cannot import name 'BANDS' from 'book' (/root/algoth_v2/research/factory/book.py))
REDUSDT: баров нет (ImportError: cannot import name 'BANDS' from 'book' (/root/algoth_v2/research/factory/book.py))
REGNUSDT: баров нет (ImportError: cannot import name 'BANDS' from 'book' (/root/algoth_v2/research/factory/book.py))
RENDERUSDT: баров нет (ImportError: cannot import name 'BANDS' from 'book' (/root/algoth_v2/research/factory/book.py))
RESOLVUSDT: баров нет (ImportError: cannot import name 'BANDS' from 'book' (/root/algoth_v2/research/factory/book.py))
REUSDT: баров нет (ImportError: cannot import name 'BANDS' from 'book' (/root/algoth_v2/research/factory/book.py))
REZUSDT: баров нет (ImportError: cannot import name 'BANDS' from 'book' (/root/algoth_v2/research/factory/book.py))
RIOTUSDT: баров нет (ImportError: cannot import name 'BANDS' from 'book' (/root/algoth_v2/research/factory/book.py))
RIVERUSDT: баров нет (ImportError: cannot import name 'BANDS' from 'book' (/root/algoth_v2/research/factory/book.py))
RIVNUSDT: баров нет (ImportError: cannot import name 'BANDS' from 'book' (/root/algoth_v2/research/factory/book.py))
RKLBUSDT: баров нет (ImportError: cannot import name 'BANDS' from 'book' (/root/algoth_v2/research/factory/book.py))
RLCUSDT: баров нет (ImportError: cannot import name 'BANDS' from 'book' (/root/algoth_v2/research/factory/book.py))
RLUSDUSDT: баров нет (ImportError: cannot import name 'BANDS' from 'book' (/root/algoth_v2/research/factory/book.py))
ROBOUSDT: баров нет (ImportError: cannot import name 'BANDS' from 'book' (/root/algoth_v2/research/factory/book.py))
RONINUSDT: баров нет (ImportError: cannot import name 'BANDS' from 'book' (/root/algoth_v2/research/factory/book.py))
ROSEUSDT: баров нет (ImportError: cannot import name 'BANDS' from 'book' (/root/algoth_v2/research/factory/book.py))
RPLUSDT: баров нет (ImportError: cannot import name 'BANDS' from 'book' (/root/algoth_v2/research/factory/book.py))
RSRUSDT: баров нет (ImportError: cannot import name 'BANDS' from 'book' (/root/algoth_v2/research/factory/book.py))
RUNEUSDT: баров нет (ImportError: cannot import name 'BANDS' from 'book' (/root/algoth_v2/research/factory/book.py))
RVNUSDT: баров нет (ImportError: cannot import name 'BANDS' from 'book' (/root/algoth_v2/research/factory/book.py))
SAFEUSDT: баров нет (ImportError: cannot import name 'BANDS' from 'book' (/root/algoth_v2/research/factory/book.py))
SAGAUSDT: баров нет (ImportError: cannot import name 'BANDS' from 'book' (/root/algoth_v2/research/factory/book.py))
SAHARAUSDT: баров нет (ImportError: cannot import name 'BANDS' from 'book' (/root/algoth_v2/research/factory/book.py))
SAMSUNGEMUSDT: баров нет (ImportError: cannot import name 'BANDS' from 'book' (/root/algoth_v2/research/factory/book.py))
SAMSUNGUSDT: баров нет (ImportError: cannot import name 'BANDS' from 'book' (/root/algoth_v2/research/factory/book.py))
SANDUSDT: баров нет (ImportError: cannot import name 'BANDS' from 'book' (/root/algoth_v2/research/factory/book.py))
SAPIENUSDT: баров нет (ImportError: cannot import name 'BANDS' from 'book' (/root/algoth_v2/research/factory/book.py))
SCRTUSDT: баров нет (ImportError: cannot import name 'BANDS' from 'book' (/root/algoth_v2/research/factory/book.py))
SEIUSDT: баров нет (ImportError: cannot import name 'BANDS' from 'book' (/root/algoth_v2/research/factory/book.py))
SENTUSDT: баров нет (ImportError: cannot import name 'BANDS' from 'book' (/root/algoth_v2/research/factory/book.py))
SHAZUSDT: баров нет (ImportError: cannot import name 'BANDS' from 'book' (/root/algoth_v2/research/factory/book.py))
SHELLUSDT: баров нет (ImportError: cannot import name 'BANDS' from 'book' (/root/algoth_v2/research/factory/book.py))
SHIB1000USDT: баров нет (ImportError: cannot import name 'BANDS' from 'book' (/root/algoth_v2/research/factory/book.py))
SHOPUSDT: баров нет (ImportError: cannot import name 'BANDS' from 'book' (/root/algoth_v2/research/factory/book.py))
SIGNUSDT: баров нет (ImportError: cannot import name 'BANDS' from 'book' (/root/algoth_v2/research/factory/book.py))
SIRENUSDT: баров нет (ImportError: cannot import name 'BANDS' from 'book' (/root/algoth_v2/research/factory/book.py))
SKDDUSDT: баров нет (ImportError: cannot import name 'BANDS' from 'book' (/root/algoth_v2/research/factory/book.py))
SKHYNIXUSDT: баров нет (ImportError: cannot import name 'BANDS' from 'book' (/root/algoth_v2/research/factory/book.py))
SKHYUSDT: баров нет (ImportError: cannot import name 'BANDS' from 'book' (/root/algoth_v2/research/factory/book.py))
SKLUSDT: баров нет (ImportError: cannot import name 'BANDS' from 'book' (/root/algoth_v2/research/factory/book.py))
SKRUSDT: баров нет (ImportError: cannot import name 'BANDS' from 'book' (/root/algoth_v2/research/factory/book.py))
SKUUUSDT: баров нет (ImportError: cannot import name 'BANDS' from 'book' (/root/algoth_v2/research/factory/book.py))
SKYAI1USDT: баров нет (ImportError: cannot import name 'BANDS' from 'book' (/root/algoth_v2/research/factory/book.py))
SKYUSDT: баров нет (ImportError: cannot import name 'BANDS' from 'book' (/root/algoth_v2/research/factory/book.py))
SLPUSDT: баров нет (ImportError: cannot import name 'BANDS' from 'book' (/root/algoth_v2/research/factory/book.py))
SLXUSDT: баров нет (ImportError: cannot import name 'BANDS' from 'book' (/root/algoth_v2/research/factory/book.py))
SMCIUSDT: баров нет (ImportError: cannot import name 'BANDS' from 'book' (/root/algoth_v2/research/factory/book.py))
SMHUSDT: баров нет (ImportError: cannot import name 'BANDS' from 'book' (/root/algoth_v2/research/factory/book.py))
SMICUSDT: баров нет (ImportError: cannot import name 'BANDS' from 'book' (/root/algoth_v2/research/factory/book.py))
SNDKUSDT: баров нет (ImportError: cannot import name 'BANDS' from 'book' (/root/algoth_v2/research/factory/book.py))
SNOWUSDT: баров нет (ImportError: cannot import name 'BANDS' from 'book' (/root/algoth_v2/research/factory/book.py))
SNTUSDT: баров нет (ImportError: cannot import name 'BANDS' from 'book' (/root/algoth_v2/research/factory/book.py))
SNXUSDT: баров нет (ImportError: cannot import name 'BANDS' from 'book' (/root/algoth_v2/research/factory/book.py))
SNXXUSDT: баров нет (ImportError: cannot import name 'BANDS' from 'book' (/root/algoth_v2/research/factory/book.py))
SOFIUSDT: баров нет (ImportError: cannot import name 'BANDS' from 'book' (/root/algoth_v2/research/factory/book.py))
SOLAYERUSDT: баров нет (ImportError: cannot import name 'BANDS' from 'book' (/root/algoth_v2/research/factory/book.py))
SOLUSDT: баров нет (ImportError: cannot import name 'BANDS' from 'book' (/root/algoth_v2/research/factory/book.py))
SOMIUSDT: баров нет (ImportError: cannot import name 'BANDS' from 'book' (/root/algoth_v2/research/factory/book.py))
SONICUSDT: баров нет (ImportError: cannot import name 'BANDS' from 'book' (/root/algoth_v2/research/factory/book.py))
SONYUSDT: баров нет (ImportError: cannot import name 'BANDS' from 'book' (/root/algoth_v2/research/factory/book.py))
SOONUSDT: баров нет (ImportError: cannot import name 'BANDS' from 'book' (/root/algoth_v2/research/factory/book.py))
SOPHUSDT: баров нет (ImportError: cannot import name 'BANDS' from 'book' (/root/algoth_v2/research/factory/book.py))
SOSOUSDT: баров нет (ImportError: cannot import name 'BANDS' from 'book' (/root/algoth_v2/research/factory/book.py))
SOXLUSDT: баров нет (ImportError: cannot import name 'BANDS' from 'book' (/root/algoth_v2/research/factory/book.py))
SOXSUSDT: баров нет (ImportError: cannot import name 'BANDS' from 'book' (/root/algoth_v2/research/factory/book.py))
SOXXUSDT: баров нет (ImportError: cannot import name 'BANDS' from 'book' (/root/algoth_v2/research/factory/book.py))
SPACEUSDT: баров нет (ImportError: cannot import name 'BANDS' from 'book' (/root/algoth_v2/research/factory/book.py))
SPCHUSDT: баров нет (ImportError: cannot import name 'BANDS' from 'book' (/root/algoth_v2/research/factory/book.py))
SPCXUSDT: баров нет (ImportError: cannot import name 'BANDS' from 'book' (/root/algoth_v2/research/factory/book.py))
SPKUSDT: баров нет (ImportError: cannot import name 'BANDS' from 'book' (/root/algoth_v2/research/factory/book.py))
SPORTFUNUSDT: баров нет (ImportError: cannot import name 'BANDS' from 'book' (/root/algoth_v2/research/factory/book.py))
SPOTUSDT: баров нет (ImportError: cannot import name 'BANDS' from 'book' (/root/algoth_v2/research/factory/book.py))
SPXLUSDT: баров нет (ImportError: cannot import name 'BANDS' from 'book' (/root/algoth_v2/research/factory/book.py))
SPXUSDT: баров нет (ImportError: cannot import name 'BANDS' from 'book' (/root/algoth_v2/research/factory/book.py))
SPYUSDT: баров нет (ImportError: cannot import name 'BANDS' from 'book' (/root/algoth_v2/research/factory/book.py))
SQDUSDT: баров нет (ImportError: cannot import name 'BANDS' from 'book' (/root/algoth_v2/research/factory/book.py))
SQQQUSDT: баров нет (ImportError: cannot import name 'BANDS' from 'book' (/root/algoth_v2/research/factory/book.py))
SSPCUSDT: баров нет (ImportError: cannot import name 'BANDS' from 'book' (/root/algoth_v2/research/factory/book.py))
SSVUSDT: баров нет (ImportError: cannot import name 'BANDS' from 'book' (/root/algoth_v2/research/factory/book.py))
STABLEUSDT: баров нет (ImportError: cannot import name 'BANDS' from 'book' (/root/algoth_v2/research/factory/book.py))
STBLUSDT: баров нет (ImportError: cannot import name 'BANDS' from 'book' (/root/algoth_v2/research/factory/book.py))
STEEMUSDT: баров нет (ImportError: cannot import name 'BANDS' from 'book' (/root/algoth_v2/research/factory/book.py))
STGUSDT: баров нет (ImportError: cannot import name 'BANDS' from 'book' (/root/algoth_v2/research/factory/book.py))
STORJUSDT: баров нет (ImportError: cannot import name 'BANDS' from 'book' (/root/algoth_v2/research/factory/book.py))
STOUSDT: баров нет (ImportError: cannot import name 'BANDS' from 'book' (/root/algoth_v2/research/factory/book.py))
STRKUSDT: баров нет (ImportError: cannot import name 'BANDS' from 'book' (/root/algoth_v2/research/factory/book.py))
STXUSDT: баров нет (ImportError: cannot import name 'BANDS' from 'book' (/root/algoth_v2/research/factory/book.py))
STXXUSDT: баров нет (ImportError: cannot import name 'BANDS' from 'book' (/root/algoth_v2/research/factory/book.py))
SUIUSDT: баров нет (ImportError: cannot import name 'BANDS' from 'book' (/root/algoth_v2/research/factory/book.py))
SUNUSDT: баров нет (ImportError: cannot import name 'BANDS' from 'book' (/root/algoth_v2/research/factory/book.py))
SUPERUSDT: баров нет (ImportError: cannot import name 'BANDS' from 'book' (/root/algoth_v2/research/factory/book.py))
SUSDT: баров нет (ImportError: cannot import name 'BANDS' from 'book' (/root/algoth_v2/research/factory/book.py))
SUSHIUSDT: баров нет (ImportError: cannot import name 'BANDS' from 'book' (/root/algoth_v2/research/factory/book.py))
SXTUSDT: баров нет (ImportError: cannot import name 'BANDS' from 'book' (/root/algoth_v2/research/factory/book.py))
SYRUPUSDT: баров нет (ImportError: cannot import name 'BANDS' from 'book' (/root/algoth_v2/research/factory/book.py))
TACUSDT: баров нет (ImportError: cannot import name 'BANDS' from 'book' (/root/algoth_v2/research/factory/book.py))
TAIKOUSDT: баров нет (ImportError: cannot import name 'BANDS' from 'book' (/root/algoth_v2/research/factory/book.py))
TAOUSDT: баров нет (ImportError: cannot import name 'BANDS' from 'book' (/root/algoth_v2/research/factory/book.py))
TAUSDT: баров нет (ImportError: cannot import name 'BANDS' from 'book' (/root/algoth_v2/research/factory/book.py))
TBTUSDT: баров нет (ImportError: cannot import name 'BANDS' from 'book' (/root/algoth_v2/research/factory/book.py))
TEMUSDT: баров нет (ImportError: cannot import name 'BANDS' from 'book' (/root/algoth_v2/research/factory/book.py))
TENCENTUSDT: баров нет (ImportError: cannot import name 'BANDS' from 'book' (/root/algoth_v2/research/factory/book.py))
TERUSDT: баров нет (ImportError: cannot import name 'BANDS' from 'book' (/root/algoth_v2/research/factory/book.py))
THETAUSDT: баров нет (ImportError: cannot import name 'BANDS' from 'book' (/root/algoth_v2/research/factory/book.py))
THEUSDT: баров нет (ImportError: cannot import name 'BANDS' from 'book' (/root/algoth_v2/research/factory/book.py))
TIAUSDT: баров нет (ImportError: cannot import name 'BANDS' from 'book' (/root/algoth_v2/research/factory/book.py))
TLMUSDT: баров нет (ImportError: cannot import name 'BANDS' from 'book' (/root/algoth_v2/research/factory/book.py))
TMFUSDT: баров нет (ImportError: cannot import name 'BANDS' from 'book' (/root/algoth_v2/research/factory/book.py))
TMXUSDT: баров нет (ImportError: cannot import name 'BANDS' from 'book' (/root/algoth_v2/research/factory/book.py))
TNSRUSDT: баров нет (ImportError: cannot import name 'BANDS' from 'book' (/root/algoth_v2/research/factory/book.py))
TOWNSUSDT: баров нет (ImportError: cannot import name 'BANDS' from 'book' (/root/algoth_v2/research/factory/book.py))
TQQQUSDT: баров нет (ImportError: cannot import name 'BANDS' from 'book' (/root/algoth_v2/research/factory/book.py))
TRBUSDT: баров нет (ImportError: cannot import name 'BANDS' from 'book' (/root/algoth_v2/research/factory/book.py))
TREEUSDT: баров нет (ImportError: cannot import name 'BANDS' from 'book' (/root/algoth_v2/research/factory/book.py))
TRIAUSDT: баров нет (ImportError: cannot import name 'BANDS' from 'book' (/root/algoth_v2/research/factory/book.py))
TRUMPUSDT: баров нет (ImportError: cannot import name 'BANDS' from 'book' (/root/algoth_v2/research/factory/book.py))
TRUSTUSDT: баров нет (ImportError: cannot import name 'BANDS' from 'book' (/root/algoth_v2/research/factory/book.py))
TRUTHUSDT: баров нет (ImportError: cannot import name 'BANDS' from 'book' (/root/algoth_v2/research/factory/book.py))
TRXUSDT: баров нет (ImportError: cannot import name 'BANDS' from 'book' (/root/algoth_v2/research/factory/book.py))
TSEMUSDT: баров нет (ImportError: cannot import name 'BANDS' from 'book' (/root/algoth_v2/research/factory/book.py))
TSLAUSDT: баров нет (ImportError: cannot import name 'BANDS' from 'book' (/root/algoth_v2/research/factory/book.py))
TSLLUSDT: баров нет (ImportError: cannot import name 'BANDS' from 'book' (/root/algoth_v2/research/factory/book.py))
TSMUSDT: баров нет (ImportError: cannot import name 'BANDS' from 'book' (/root/algoth_v2/research/factory/book.py))
TTWOUSDT: баров нет (ImportError: cannot import name 'BANDS' from 'book' (/root/algoth_v2/research/factory/book.py))
TURTLEUSDT: баров нет (ImportError: cannot import name 'BANDS' from 'book' (/root/algoth_v2/research/factory/book.py))
TUSDT: баров нет (ImportError: cannot import name 'BANDS' from 'book' (/root/algoth_v2/research/factory/book.py))
TUTUSDT: баров нет (ImportError: cannot import name 'BANDS' from 'book' (/root/algoth_v2/research/factory/book.py))
TWTUSDT: баров нет (ImportError: cannot import name 'BANDS' from 'book' (/root/algoth_v2/research/factory/book.py))
TXNUSDT: баров нет (ImportError: cannot import name 'BANDS' from 'book' (/root/algoth_v2/research/factory/book.py))
TZAUSDT: баров нет (ImportError: cannot import name 'BANDS' from 'book' (/root/algoth_v2/research/factory/book.py))
UAIUSDT: баров нет (ImportError: cannot import name 'BANDS' from 'book' (/root/algoth_v2/research/factory/book.py))
UBERUSDT: баров нет (ImportError: cannot import name 'BANDS' from 'book' (/root/algoth_v2/research/factory/book.py))
UBUSDT: баров нет (ImportError: cannot import name 'BANDS' from 'book' (/root/algoth_v2/research/factory/book.py))
UMAUSDT: баров нет (ImportError: cannot import name 'BANDS' from 'book' (/root/algoth_v2/research/factory/book.py))
UNHUSDT: баров нет (ImportError: cannot import name 'BANDS' from 'book' (/root/algoth_v2/research/factory/book.py))
UNITREEUSDT: баров нет (ImportError: cannot import name 'BANDS' from 'book' (/root/algoth_v2/research/factory/book.py))
UNIUSDT: баров нет (ImportError: cannot import name 'BANDS' from 'book' (/root/algoth_v2/research/factory/book.py))
USARUSDT: баров нет (ImportError: cannot import name 'BANDS' from 'book' (/root/algoth_v2/research/factory/book.py))
USD1USDT: баров нет (ImportError: cannot import name 'BANDS' from 'book' (/root/algoth_v2/research/factory/book.py))
USDCUSDT: баров нет (ImportError: cannot import name 'BANDS' from 'book' (/root/algoth_v2/research/factory/book.py))
USDEUSDT: баров нет (ImportError: cannot import name 'BANDS' from 'book' (/root/algoth_v2/research/factory/book.py))
USELESSUSDT: баров нет (ImportError: cannot import name 'BANDS' from 'book' (/root/algoth_v2/research/factory/book.py))
USTCUSDT: баров нет (ImportError: cannot import name 'BANDS' from 'book' (/root/algoth_v2/research/factory/book.py))
USUALUSDT: баров нет (ImportError: cannot import name 'BANDS' from 'book' (/root/algoth_v2/research/factory/book.py))
USUSDT: баров нет (ImportError: cannot import name 'BANDS' from 'book' (/root/algoth_v2/research/factory/book.py))
UVXYUSDT: баров нет (ImportError: cannot import name 'BANDS' from 'book' (/root/algoth_v2/research/factory/book.py))
VANAUSDT: баров нет (ImportError: cannot import name 'BANDS' from 'book' (/root/algoth_v2/research/factory/book.py))
VANRYUSDT: баров нет (ImportError: cannot import name 'BANDS' from 'book' (/root/algoth_v2/research/factory/book.py))
VELODROMEUSDT: баров нет (ImportError: cannot import name 'BANDS' from 'book' (/root/algoth_v2/research/factory/book.py))
VELOUSDT: баров нет (ImportError: cannot import name 'BANDS' from 'book' (/root/algoth_v2/research/factory/book.py))
VELVETUSDT: баров нет (ImportError: cannot import name 'BANDS' from 'book' (/root/algoth_v2/research/factory/book.py))
VETUSDT: баров нет (ImportError: cannot import name 'BANDS' from 'book' (/root/algoth_v2/research/factory/book.py))
VINEUSDT: баров нет (ImportError: cannot import name 'BANDS' from 'book' (/root/algoth_v2/research/factory/book.py))
VIRTUALUSDT: баров нет (ImportError: cannot import name 'BANDS' from 'book' (/root/algoth_v2/research/factory/book.py))
VRTUSDT: баров нет (ImportError: cannot import name 'BANDS' from 'book' (/root/algoth_v2/research/factory/book.py))
VRTXSTOCKUSDT: баров нет (ImportError: cannot import name 'BANDS' from 'book' (/root/algoth_v2/research/factory/book.py))
VSTUSDT: баров нет (ImportError: cannot import name 'BANDS' from 'book' (/root/algoth_v2/research/factory/book.py))
VUSDT: баров нет (ImportError: cannot import name 'BANDS' from 'book' (/root/algoth_v2/research/factory/book.py))
VVVUSDT: баров нет (ImportError: cannot import name 'BANDS' from 'book' (/root/algoth_v2/research/factory/book.py))
WALUSDT: баров нет (ImportError: cannot import name 'BANDS' from 'book' (/root/algoth_v2/research/factory/book.py))
WAVESUSDT: баров нет (ImportError: cannot import name 'BANDS' from 'book' (/root/algoth_v2/research/factory/book.py))
WAXPUSDT: баров нет (ImportError: cannot import name 'BANDS' from 'book' (/root/algoth_v2/research/factory/book.py))
WCTUSDT: баров нет (ImportError: cannot import name 'BANDS' from 'book' (/root/algoth_v2/research/factory/book.py))
WDCUSDT: баров нет (ImportError: cannot import name 'BANDS' from 'book' (/root/algoth_v2/research/factory/book.py))
WENSTOCKUSDT: баров нет (ImportError: cannot import name 'BANDS' from 'book' (/root/algoth_v2/research/factory/book.py))
WETUSDT: баров нет (ImportError: cannot import name 'BANDS' from 'book' (/root/algoth_v2/research/factory/book.py))
WIFUSDT: баров нет (ImportError: cannot import name 'BANDS' from 'book' (/root/algoth_v2/research/factory/book.py))
WLDUSDT: баров нет (ImportError: cannot import name 'BANDS' from 'book' (/root/algoth_v2/research/factory/book.py))
WLFIUSDT: баров нет (ImportError: cannot import name 'BANDS' from 'book' (/root/algoth_v2/research/factory/book.py))
WMTUSDT: баров нет (ImportError: cannot import name 'BANDS' from 'book' (/root/algoth_v2/research/factory/book.py))
WOOUSDT: баров нет (ImportError: cannot import name 'BANDS' from 'book' (/root/algoth_v2/research/factory/book.py))
WUSDT: баров нет (ImportError: cannot import name 'BANDS' from 'book' (/root/algoth_v2/research/factory/book.py))
XAGUSDT: баров нет (ImportError: cannot import name 'BANDS' from 'book' (/root/algoth_v2/research/factory/book.py))
XAIUSDT: баров нет (ImportError: cannot import name 'BANDS' from 'book' (/root/algoth_v2/research/factory/book.py))
XANUSDT: баров нет (ImportError: cannot import name 'BANDS' from 'book' (/root/algoth_v2/research/factory/book.py))
XAUTUSDT: баров нет (ImportError: cannot import name 'BANDS' from 'book' (/root/algoth_v2/research/factory/book.py))
XAUUSDT: баров нет (ImportError: cannot import name 'BANDS' from 'book' (/root/algoth_v2/research/factory/book.py))
XBIUSDT: баров нет (ImportError: cannot import name 'BANDS' from 'book' (/root/algoth_v2/research/factory/book.py))
XCNUSDT: баров нет (ImportError: cannot import name 'BANDS' from 'book' (/root/algoth_v2/research/factory/book.py))
XDCUSDT: баров нет (ImportError: cannot import name 'BANDS' from 'book' (/root/algoth_v2/research/factory/book.py))
XIAOMIUSDT: баров нет (ImportError: cannot import name 'BANDS' from 'book' (/root/algoth_v2/research/factory/book.py))
XLEUSDT: баров нет (ImportError: cannot import name 'BANDS' from 'book' (/root/algoth_v2/research/factory/book.py))
XLFUSDT: баров нет (ImportError: cannot import name 'BANDS' from 'book' (/root/algoth_v2/research/factory/book.py))
XLKUSDT: баров нет (ImportError: cannot import name 'BANDS' from 'book' (/root/algoth_v2/research/factory/book.py))
XLMUSDT: баров нет (ImportError: cannot import name 'BANDS' from 'book' (/root/algoth_v2/research/factory/book.py))
XLPUSDT: баров нет (ImportError: cannot import name 'BANDS' from 'book' (/root/algoth_v2/research/factory/book.py))
XLUUSDT: баров нет (ImportError: cannot import name 'BANDS' from 'book' (/root/algoth_v2/research/factory/book.py))
XLVUSDT: баров нет (ImportError: cannot import name 'BANDS' from 'book' (/root/algoth_v2/research/factory/book.py))
XMRUSDT: баров нет (ImportError: cannot import name 'BANDS' from 'book' (/root/algoth_v2/research/factory/book.py))
XNYUSDT: баров нет (ImportError: cannot import name 'BANDS' from 'book' (/root/algoth_v2/research/factory/book.py))
XOMUSDT: баров нет (ImportError: cannot import name 'BANDS' from 'book' (/root/algoth_v2/research/factory/book.py))
XPINUSDT: баров нет (ImportError: cannot import name 'BANDS' from 'book' (/root/algoth_v2/research/factory/book.py))
XPLUSDT: баров нет (ImportError: cannot import name 'BANDS' from 'book' (/root/algoth_v2/research/factory/book.py))
XRPUSDT: баров нет (ImportError: cannot import name 'BANDS' from 'book' (/root/algoth_v2/research/factory/book.py))
XTZUSDT: баров нет (ImportError: cannot import name 'BANDS' from 'book' (/root/algoth_v2/research/factory/book.py))
XVGUSDT: баров нет (ImportError: cannot import name 'BANDS' from 'book' (/root/algoth_v2/research/factory/book.py))
XVSUSDT: баров нет (ImportError: cannot import name 'BANDS' from 'book' (/root/algoth_v2/research/factory/book.py))
YBUSDT: баров нет (ImportError: cannot import name 'BANDS' from 'book' (/root/algoth_v2/research/factory/book.py))
YFIUSDT: баров нет (ImportError: cannot import name 'BANDS' from 'book' (/root/algoth_v2/research/factory/book.py))публикуется в ветку main:
 jobs/done/factory-first-run.done         |   1 +
 jobs/done/factory-first-run.log          | 731 +++++++++++++++++++++++++++++++
 jobs/done/final-0831c.done               |   1 +
 jobs/done/final-0831c.log                |  10 +
 jobs/poke.log                            |   4 +
 research/factory/out/FACTORY-day-1m.md   |  33 ++
 research/factory/out/factory-day-1m.json |  27 ++
 research/factory/out/ledger.jsonl        |   4 +
 research/s8_loop/out/day_brake.json      |   2 +-
 9 files changed, 812 insertions(+), 1 deletion(-)
To github.com:n0tgod/algoth_v2.git
   52d19ea..d1c47d7  main -> main
branch 'main' set up to track 'origin/main'.
опубликовано

YGGUSDT: баров нет (ImportError: cannot import name 'BANDS' from 'book' (/root/algoth_v2/research/factory/book.py))
ZAMAUSDT: баров нет (ImportError: cannot import name 'BANDS' from 'book' (/root/algoth_v2/research/factory/book.py))
ZBCNUSDT: баров нет (ImportError: cannot import name 'BANDS' from 'book' (/root/algoth_v2/research/factory/book.py))
ZBTUSDT: баров нет (ImportError: cannot import name 'BANDS' from 'book' (/root/algoth_v2/research/factory/book.py))
ZECUSDT: баров нет (ImportError: cannot import name 'BANDS' from 'book' (/root/algoth_v2/research/factory/book.py))
ZENUSDT: баров нет (ImportError: cannot import name 'BANDS' from 'book' (/root/algoth_v2/research/factory/book.py))
ZEREBROUSDT: баров нет (ImportError: cannot import name 'BANDS' from 'book' (/root/algoth_v2/research/factory/book.py))
ZESTUSDT: баров нет (ImportError: cannot import name 'BANDS' from 'book' (/root/algoth_v2/research/factory/book.py))
ZETAUSDT: баров нет (ImportError: cannot import name 'BANDS' from 'book' (/root/algoth_v2/research/factory/book.py))
ZHIPUUSDT: баров нет (ImportError: cannot import name 'BANDS' from 'book' (/root/algoth_v2/research/factory/book.py))
ZHONGJIUSDT: баров нет (ImportError: cannot import name 'BANDS' from 'book' (/root/algoth_v2/research/factory/book.py))
ZILUSDT: баров нет (ImportError: cannot import name 'BANDS' from 'book' (/root/algoth_v2/research/factory/book.py))
ZKCUSDT: баров нет (ImportError: cannot import name 'BANDS' from 'book' (/root/algoth_v2/research/factory/book.py))
ZKPUSDT: баров нет (ImportError: cannot import name 'BANDS' from 'book' (/root/algoth_v2/research/factory/book.py))
ZKUSDT: баров нет (ImportError: cannot import name 'BANDS' from 'book' (/root/algoth_v2/research/factory/book.py))
ZMUSDT: баров нет (ImportError: cannot import name 'BANDS' from 'book' (/root/algoth_v2/research/factory/book.py))
ZORAUSDT: баров нет (ImportError: cannot import name 'BANDS' from 'book' (/root/algoth_v2/research/factory/book.py))
ZROUSDT: баров нет (ImportError: cannot import name 'BANDS' from 'book' (/root/algoth_v2/research/factory/book.py))
ZRXUSDT: баров нет (ImportError: cannot import name 'BANDS' from 'book' (/root/algoth_v2/research/factory/book.py))
исходов посчитано: 0
отчёт: /root/algoth_v2/research/factory/out/FACTORY-day-1m.md
конец: 2026-08-31T16:05:23Z, код 0
публикуется в ветку main:
 jobs/done/factory-first-run.log | 407 ++++------------------------------------
 1 file changed, 38 insertions(+), 369 deletions(-)
To github.com:n0tgod/algoth_v2.git
   d1c47d7..e9d97ad  main -> main
branch 'main' set up to track 'origin/main'.
опубликовано
