== задание final-check-0831 ==
строка: status
начало: 2026-08-31T15:09:39Z
--- диск ---
Filesystem      Size  Used Avail Use% Mounted on
/dev/sda1       150G   67G   78G  47% /
/dev/sdb        147G  105G   35G  76% /mnt/HC_Volume_106683528
--- процессы ---
669148 bot/target/release/bot live --s8 research/s8_loop/out/model_sit_lo --journal bot/out/live --keys /root/.bybit/live.env --base https://api.bybit.com --arm gbm --capital 300 --interval-sec 5 --clear-halt
941432 .venv/bin/python research/b1_book/collect.py --http 8765
941631 .venv/bin/python research/s8_loop/train.py
--- статус сбора ---
{"t": 1788188977.7, "uptime_sec": 466.5, "messages": 2402514, "trades": 223755, "resets": 0, "last_msg_age_sec": 0.1, "snapshots": 195053, "snapshot_errors": 0, "last_snap_age_sec": 1.2, "snap_pass_sec": 0.23, "writes": {"book": 195053, "trades": 223739, "raw": 11784, "liq": 40, "metrics": 739}, "write_age_sec": {"book": 1.2, "trades": 0.6, "raw": 0.4, "liq": 15.5, "metrics": 165.3}, "symbols": {"0GUSDT": {"ready": true, "bid": 0.2043, "ask": 0.2044, "resets": 0}, "1000000BABYDOGEUSDT": {"ready": true, "bid": 0.0003543, "ask": 0.0003545, "resets": 0}, "1000000MOGUSDT": {"ready": true, "bid": 0.1072, "ask": 0.1074, "resets": 0}, "10000NEXUSDT": {"ready": true, "bid": 0.01439, "ask": 0.01445, 
--- живой исполнитель ---
{
  "at_ms": 1788188979080,
  "capital_usd": 300.0,
  "dry": false,
  "entries_paused": false,
  "halted": "часовой цикл молчит 3.0 ч при пределе 3 ч (§5) — позиции без сканера не управляет никто",
  "lev_errors": null,
  "limits_off": true,
  "note": null,
  "positions": [],
  "realized_today_usd": 0.0,
  "realized_total_usd": -21.265818699799986,
  "rejects_row": 0,
  "stale_entries_skipped": 79,
  "tp_errors": null,
  "wallet": {
    "balance": 284.21345292,
    "equity": 284.21345292
  }
}
конец: 2026-08-31T15:09:39Z
публикуется в ветку main:
 jobs/done/cycle-health-2b.log       |  7 +++++++
 jobs/done/final-check-0831.log      | 35 +++++++++++++++++++++++++++++++++++
 jobs/poke.log                       |  2 ++
 research/s8_loop/out/day_brake.json |  2 +-
 4 files changed, 45 insertions(+), 1 deletion(-)
To github.com:n0tgod/algoth_v2.git
   037d5ec..99407f0  main -> main
branch 'main' set up to track 'origin/main'.
опубликовано
