== задание final-0831b ==
строка: status
начало: 2026-08-31T15:33:29Z
--- диск ---
Filesystem      Size  Used Avail Use% Mounted on
/dev/sda1       150G   67G   78G  47% /
/dev/sdb        147G  106G   34G  76% /mnt/HC_Volume_106683528
--- процессы ---
669148 bot/target/release/bot live --s8 research/s8_loop/out/model_sit_lo --journal bot/out/live --keys /root/.bybit/live.env --base https://api.bybit.com --arm gbm --capital 300 --interval-sec 5 --clear-halt
943433 .venv/bin/python research/b1_book/collect.py --http 8765
--- статус сбора ---
{"t": 1788190408.4, "uptime_sec": 59.2, "messages": 269375, "trades": 21031, "resets": 0, "last_msg_age_sec": 0.0, "snapshots": 23566, "snapshot_errors": 0, "last_snap_age_sec": 0.5, "snap_pass_sec": 0.854, "writes": {"book": 23566, "trades": 21020, "raw": 1864}, "write_age_sec": {"book": 0.5, "trades": 17.7, "raw": 0.1}, "symbols": {"0GUSDT": {"ready": true, "bid": 0.2054, "ask": 0.2055, "resets": 0}, "1000000BABYDOGEUSDT": {"ready": true, "bid": 0.000354, "ask": 0.0003543, "resets": 0}, "1000000MOGUSDT": {"ready": true, "bid": 0.1073, "ask": 0.1075, "resets": 0}, "10000NEXUSDT": {"ready": true, "bid": 0.01439, "ask": 0.01445, "resets": 0}, "10000SATSUSDT": {"ready": true, "bid": 0.0001083,
--- живой исполнитель ---
{
  "at_ms": 1788190404275,
  "capital_usd": 300.0,
  "dry": false,
  "entries_paused": false,
  "halted": "часовой цикл молчит 3.0 ч при пределе 3 ч (§5) — позиции без сканера не управляет никто",
  "lev_errors": null,
  "limits_off": true,
  "note": null,
  "positions": [],
  "realized_today_usd": 0.0,
  "realized_total_usd": -21.265818699799986,
  "rejects_row": 0,
  "stale_entries_skipped": 79,
  "tp_errors": null,
  "wallet": {
    "balance": 284.21345292,
    "equity": 284.21345292
  }
}
конец: 2026-08-31T15:33:29Z
публикуется в ветку main:
 jobs/done/final-0831b.log        | 34 ++++++++++++++++++++++++++++++++++
 jobs/done/pages-unstick-0831.log | 12 ++++++++++++
 jobs/poke.log                    |  2 ++
 3 files changed, 48 insertions(+)
To github.com:n0tgod/algoth_v2.git
   8a4dfa1..1dd9f2f  main -> main
branch 'main' set up to track 'origin/main'.
опубликовано
