== задание fix-paper-catchup2 ==
строка: run research/paper_monthly/book.py --catchup
начало: 2026-09-10T22:34:14Z
запускаю: .venv/bin/python research/paper_monthly/book.py --catchup
универсум 949, рядов funding 949
  решение 2026-08-31: ног 70, универсум 360
  решение 2026-09-01: ног 72, универсум 361
  решение 2026-09-02: ног 72, универсум 361
  решение 2026-09-03: ног 72, универсум 362
  решение 2026-09-04: ног 72, универсум 361
  решение 2026-09-05: ног 72, универсум 361
  решение 2026-09-06: ног 72, универсум 361
  решение 2026-09-07: ног 72, универсум 361
  решение 2026-09-08: ног 72, универсум 362
  решение 2026-09-09: ног 72, универсум 363
  отказов при отборе дат: 1. Хранилище A2: 81 партиций, 2020-01 … 2026-09; просили 2026-08-01 … 2026-09-10
  причина — нет наблюдений в день решения: 1
новых решений 10, новых разборов 0
готово: /root/algoth_v2/research/paper_monthly/out/PAPER-30d.json (0.7 мин)
  настоящих наблюдений пока НЕТ: записано вперёд 0 траншей, восстановлено задним числом 11 — кривая восстановленной части есть бэктест, а не трек
публикую отчёт
публикуется в ветку main:
 jobs/done/fix-liq-refresh.log             | 13 +++++++++++++
 jobs/done/fix-paper-catchup2.done         |  1 +
 jobs/done/fix-paper-catchup2.log          | 21 +++++++++++++++++++++
 jobs/poke.log                             |  3 +++
 research/paper_monthly/out/PAPER-30d.json |  6 +++---
 research/paper_monthly/out/PAPER-30d.md   |  4 ++--
 6 files changed, 43 insertions(+), 5 deletions(-)
To github.com:n0tgod/algoth_v2.git
   c866d365..7056c7bc  main -> main
branch 'main' set up to track 'origin/main'.
опубликовано
конец: 2026-09-10T22:34:58Z, код 0
публикуется в ветку main:
 jobs/done/fix-paper-catchup2.log | 13 +++++++++++++
 1 file changed, 13 insertions(+)
To github.com:n0tgod/algoth_v2.git
   7056c7bc..3f165095  main -> main
branch 'main' set up to track 'origin/main'.
опубликовано
