== задание fix-paper-catchup ==
строка: run research/paper_monthly/book.py --catchup
начало: 2026-09-10T22:30:08Z
запускаю: .venv/bin/python research/paper_monthly/book.py --catchup
универсум 949, рядов funding 949
  решение 2026-08-27: ног 70, универсум 365
  решение 2026-08-28: ног 70, универсум 365
  решение 2026-08-29: ног 72, универсум 366
  решение 2026-08-30: ног 72, универсум 366
  отказов при отборе дат: 11. Хранилище A2: 81 партиций, 2020-01 … 2026-09; просили 2026-08-01 … 2026-09-10
  причина — живых и ликвидных имён меньше пола: 11
новых решений 4, новых разборов 0
готово: /root/algoth_v2/research/paper_monthly/out/PAPER-30d.json (0.4 мин)
  настоящих наблюдений пока НЕТ: записано вперёд 0 траншей, восстановлено задним числом 11 — кривая восстановленной части есть бэктест, а не трек
публикую отчёт
публикуется в ветку main:
 jobs/done/fix-a2-edge.log                 |  7 +++++++
 jobs/done/fix-paper-catchup.done          |  1 +
 jobs/done/fix-paper-catchup.log           | 15 +++++++++++++++
 jobs/done/floor-run-1.log                 |  6 ++++++
 jobs/poke.log                             |  3 +++
 research/paper_monthly/out/PAPER-30d.json |  6 +++---
 research/paper_monthly/out/PAPER-30d.md   |  4 ++--
 7 files changed, 37 insertions(+), 5 deletions(-)
To github.com:n0tgod/algoth_v2.git
   722a08c6..6814e6aa  main -> main
branch 'main' set up to track 'origin/main'.
опубликовано
конец: 2026-09-10T22:30:36Z, код 0
публикуется в ветку main:
 jobs/done/fix-paper-catchup.log | 14 ++++++++++++++
 1 file changed, 14 insertions(+)
To github.com:n0tgod/algoth_v2.git
   6814e6aa..9effe78d  main -> main
branch 'main' set up to track 'origin/main'.
опубликовано
