== задание floor-run-1 ==
строка: run research/dca_paper/run_short.py
начало: 2026-09-10T22:07:24Z
запускаю: .venv/bin/python research/dca_paper/run_short.py 
h24/gbm: часов 646, коротких выборов 1938, ног под краем 1928, отброшено (нет полей / знак) 10
h24/nn: часов 646, коротких выборов 1938, ног под краем 1796, отброшено (нет полей / знак) 130
ног обеих рук: 3724
кэш реплея семейства не используется: правила реплея изменились
решений 3724, в кэше 0, считаю заново 3724
пол капитуляции 0.1 — линейки safe_s
коротких ног (край ≥ 33) 3724: rr2 371, lo 3014, any 3724; символов 292
окно решений 2026-08-08 10:00 … 2026-09-10 21:00 UTC (33.5 суток, дат 34)
память: 48.1 МБ (ноги загружены; предел 1200)
  символ 6/292  решений 146
память: 284.2 МБ (символ 10/292; предел 1200)
память: 249.7 МБ (символ 20/292; предел 1200)
  символ 23/292  решений 275
  символ 27/292  решений 363
  символ 30/292  решений 482
память: 275.3 МБ (символ 30/292; предел 1200)
  символ 33/292  решений 545
  символ 39/292  решений 625
память: 259.1 МБ (символ 40/292; предел 1200)
  символ 47/292  решений 739
  символ 48/292  решений 753
память: 258.1 МБ (символ 50/292; предел 1200)
  символ 57/292  решений 809
