== задание floor-pair-1 ==
строка: run research/dca_paper/run_pair.py
начало: 2026-09-10T23:00:17Z
запускаю: .venv/bin/python research/dca_paper/run_pair.py 
длинные книги: aggr 7348, optimal 7348, safe 7348
короткие книги: aggr_h 3214, optimal_h 3214, safe_h 3214
pair_safe: фильтр возраста ≥7 сут оставил 2637 из 3214 (моложе порога 577, возраст неизвестен 0)
pair_optimal: фильтр возраста ≥7 сут оставил 2637 из 3214 (моложе порога 577, возраст неизвестен 0)
pair_aggr: фильтр возраста ≥7 сут оставил 2637 из 3214 (моложе порога 577, возраст неизвестен 0)
линейка общая (безопасная) (pair_safe): позиций 9985, после правила одной на имя 2392
  депозит $1,000: мест 40, взято 682, нет кассы 1710, мельче $5 0, открытых 20, оборванных записью 6
  депозит $10,000: мест 400, взято 1528, нет кассы 864, мельче $5 0, открытых 20, оборванных записью 9
  депозит $100,000: мест 735, взято 1732, нет кассы 660, мельче $5 0, открытых 20, оборванных записью 9
линейка общая (оптимальная) (pair_optimal): позиций 9985, после правила одной на имя 2463
  депозит $1,000: мест 40, взято 713, нет кассы 1750, мельче $5 0, открытых 21, оборванных записью 6
  депозит $10,000: мест 400, взято 2182, нет кассы 281, мельче $5 0, открытых 21, оборванных записью 11
  депозит $100,000: мест 735, взято 2463, нет кассы 0, мельче $5 0, открытых 21, оборванных записью 11
линейка общая (агрессивная) (pair_aggr): позиций 9985, гейт плеча отсеял 6473, после правила одной на имя 1184
  депозит $1,000: мест 40, взято 946, нет кассы 238, мельче $5 0, открытых 9, оборванных записью 4
  депозит $10,000: мест 400, взято 1184, нет кассы 0, мельче $5 0, открытых 9, оборванных записью 4
  депозит $100,000: мест 393, взято 1184, нет кассы 0, мельче $5 0, открытых 9, оборванных записью 4
