== задание fund-probe-1 ==
строка: run research/dca_paper/fund_probe.py
начало: 2026-09-07T22:59:18Z
запускаю: .venv/bin/python research/dca_paper/fund_probe.py 
COTIUSDT: наших 11 точек (сумма -0.111364), у площадки 11 (сумма -0.111364), интервал 480 мин
TUSDT: наших 23 точек (сумма -0.131323), у площадки 23 (сумма -0.131323), интервал 240 мин
KAITOUSDT: наших 6 точек (сумма -0.071456), у площадки 6 (сумма -0.071456), интервал 240 мин
SKRUSDT: наших 15 точек (сумма -0.120819), у площадки 15 (сумма -0.120819), интервал 240 мин
ONGUSDT: наших 24 точек (сумма -0.152257), у площадки 24 (сумма -0.152257), интервал 240 мин
COTIUSDT: наших 21 точек (сумма -0.09586), у площадки 21 (сумма -0.09586), интервал 480 мин
# Сверка нашего ряда funding с площадкой

Проверяется возражение владельца «funding снимается каждые 8 часов»: у площадки спрошены объявленный интервал начислений символа и история начислений в ОКНЕ самой позиции, и то и другое сравнено с нашим рядом.

Сверено окон: 6, сошлось полностью: **6**.

| книга | символ | интервал площадки | наших точек | у площадки | сумма ставок наша | у площадки | наибольшая |ставка| | сошлось |
|---|---|--:|--:|--:|--:|--:|--:|---|
| безопасная (шорт h24) | COTIUSDT | 480 мин | 11 | 11 | -0.111364 | -0.111364 | 0.0200 | да |
| безопасная (шорт h24) | TUSDT | 240 мин | 23 | 23 | -0.131323 | -0.131323 | 0.0200 | да |
| безопасная (шорт h24) | KAITOUSDT | 240 мин | 6 | 6 | -0.071456 | -0.071456 | 0.0166 | да |
| оптимальная (шорт h24) | SKRUSDT | 240 мин | 15 | 15 | -0.120819 | -0.120819 | 0.0250 | да |
| агрессивная (шорт h24) | ONGUSDT | 240 мин | 24 | 24 | -0.152257 | -0.152257 | 0.0250 | да |
| агрессивная (шорт h24) | COTIUSDT | 480 мин | 21 | 21 | -0.095860 | -0.095860 | 0.0080 | да |

## Как читать

- Интервал площадки в минутах отвечает на вопрос прямо: 60 означает начисление каждый час, 240 — каждые четыре, 480 — каждые восемь. У одного контракта он один, у другого другой; «всегда восемь часов» — не про Bybit.
- Совпадение числа точек и суммы ставок означает, что наш ряд равен ряду площадки в этом окне, и величина издержки настоящая.
- Расхождение означает дефект НАШИХ данных: тогда ряд перекачивается, а числа книг пересчитываются.

публикуется в ветку main:
 jobs/done/fund-check-1.log                 |  7 +++++++
 jobs/done/fund-probe-1.done                |  1 +
 jobs/done/fund-probe-1.log                 | 31 ++++++++++++++++++++++++++++++
 jobs/poke.log                              |  3 +++
 research/dca_paper/out/DCA-fund-probe.json |  1 +
 research/dca_paper/out/DCA-fund-probe.md   | 20 +++++++++++++++++++
 research/s8_loop/out/day_brake.json        |  2 +-
 7 files changed, 64 insertions(+), 1 deletion(-)
To github.com:n0tgod/algoth_v2.git
   73b65ec..3c9a5b9  main -> main
branch 'main' set up to track 'origin/main'.
опубликовано
конец: 2026-09-07T22:59:32Z, код 0
