== задание funding-refresh ==
строка: run research/a1_universe/funding_refresh.py
начало: 2026-09-06T17:14:12Z
запускаю: .venv/bin/python research/a1_universe/funding_refresh.py 
funding: догон 949 символов по 2026-09-06
  158/949
  159/949
  160/949
  161/949
  162/949
  163/949
  164/949
  165/949
  166/949
  167/949
  168/949
  169/949
  170/949
  171/949
  172/949
  173/949
  174/949
  175/949
  176/949
  177/949
  178/949
  179/949
  180/949
  181/949
  182/949
  183/949
  184/949
  185/949
  186/949
  187/949
  188/949
  189/949
  190/949
  191/949
  192/949
  193/949
  194/949
  195/949
  196/949
  197/949
  198/949
  199/949
  200/949
  201/949
  202/949
  203/949
  204/949
  205/949
  206/949
  207/949
  208/949
  209/949
  210/949
  211/949
  212/949
  213/949
  214/949
  215/949
  216/949
  217/949
  218/949
  219/949
  220/949
  221/949
  222/949
  223/949
  224/949
  225/949
  226/949
  227/949
  228/949
  229/949
  230/949
  231/949
  232/949
  233/949
  234/949
  235/949
  236/949
  237/949
  238/949
  239/949
  240/949
  241/949
  242/949
  243/949
  244/949
  245/949
  246/949
  247/949
  248/949
  249/949
  250/949
  251/949
  252/949
  253/949
  254/949
  255/949
  256/949
  257/949
  258/949
  259/949
  260/949
  261/949
  262/949
  263/949
  264/949
  265/949
  266/949
  267/949
  268/949
  269/949
  270/949
  271/949
  272/949
  273/949
  274/949
  275/949
  276/949
  277/949
  278/949
  279/949
  280/949
  281/949
  282/949
  283/949
  284/949
  285/949
  286/949
  287/949
  288/949
  289/949
  290/949
  291/949
  292/949
  293/949
  294/949
  295/949
  296/949
  297/949
  298/949
  299/949
  300/949
  301/949
  302/949
  303/949
  304/949
  305/949
  306/949
  307/949
  308/949
  309/949
  310/949
  311/949
  312/949
  313/949
  314/949
  315/949
  316/949
  317/949
  318/949
  319/949
  320/949
  321/949
  322/949
  323/949
  324/949
  325/949
  326/949
  327/949
  328/949
  329/949
  330/949
  331/949
  332/949
  333/949
  334/949
  335/949
  336/949
  337/949
  338/949
  339/949
  340/949
  341/949
  342/949
  343/949
  344/949
  345/949
  346/949
  347/949
  348/949
  349/949
  350/949
  351/949
  352/949
  353/949
  354/949
  355/949
  356/949
  357/949
  358/949
  359/949
  360/949
  361/949
  362/949
  363/949
  364/949
  365/949
  366/949
  367/949
  368/949
  369/949
  370/949
  371/949
  372/949
  373/949
  374/949
  375/949
  376/949
  377/949
  378/949
  379/949
  380/949
  381/949
  382/949
  383/949
  384/949
  385/949
  386/949
  387/949
  388/949
  389/949
  390/949
  391/949
  392/949
  393/949
  394/949
  395/949
  396/949
  397/949
  398/949
  399/949
  400/949
  401/949
  402/949
  403/949
  404/949
  405/949
  406/949
  407/949
  408/949
  409/949
  410/949
  411/949
  412/949
  413/949
  414/949
  415/949
  416/949
  417/949
  418/949
  419/949
  420/949
  421/949
  422/949
  423/949
  424/949
  425/949
  426/949
  427/949
  428/949
  429/949
  430/949
  431/949
  432/949
  433/949
  434/949
  435/949
  436/949
  437/949
  438/949
  439/949
  440/949
  441/949
  442/949
  443/949
  444/949
  445/949
  446/949
  447/949
  448/949
  449/949
  450/949
  451/949
  452/949
  453/949
  454/949
  455/949
  456/949
  457/949
  458/949
  459/949
  460/949
  461/949
  462/949
  463/949
  464/949
  465/949
  466/949
  467/949
  468/949
  469/949
  470/949
  471/949
  472/949
  473/949
  474/949
  475/949
  476/949
  477/949
  478/949
  479/949
  480/949
  481/949
  482/949
  483/949
  484/949
  485/949
  486/949
  487/949
  488/949
  489/949
  490/949
  491/949
  492/949
  493/949
  494/949
  495/949
  496/949
  497/949
  498/949
  499/949
  500/949
  501/949
  502/949
  503/949
  504/949
  505/949
  506/949
  507/949
  508/949
  509/949
  510/949
  511/949
  512/949
  513/949
  514/949
  515/949
  516/949
  517/949
  518/949
  519/949
  520/949
  521/949
  522/949
  523/949
  524/949
  525/949
  526/949
  527/949
  528/949
  529/949
  530/949
  531/949
  532/949
  533/949
  534/949
  535/949
  536/949
  537/949
  538/949
  539/949
  540/949
  541/949
  542/949
  543/949
  544/949
  545/949
  546/949
  547/949
  548/949
  549/949
  550/949
  551/949
  552/949
  553/949
  554/949
  555/949
  556/949
  557/949
  558/949
  559/949
  560/949
  561/949
  562/949
  563/949
  564/949
  565/949
  566/949
  567/949
  568/949
  569/949
  570/949
  571/949
  572/949
  573/949
  574/949
  575/949
  576/949
  577/949
  578/949
  579/949
  580/949
  581/949
  582/949
  583/949
  584/949
  585/949
  586/949
  587/949
  588/949
  589/949
  590/949
  591/949
  592/949
  593/949
  594/949
  595/949
  596/949
  597/949
  598/949
  599/949
  600/949
  601/949
  602/949
  603/949
  604/949
  605/949
  606/949
  607/949
  608/949
  609/949
  610/949
  611/949
  612/949
  613/949
  614/949
  615/949
  616/949
  617/949
  618/949
  619/949
  620/949
  621/949
  622/949
  623/949
  624/949
  625/949
  626/949
  627/949
  628/949
  629/949
  630/949
  631/949
  632/949
  633/949
  634/949
  635/949
  636/949
  637/949
  638/949
  639/949
  640/949
  641/949
  642/949
  643/949
  644/949
  645/949
  646/949
  647/949
  648/949
  649/949
  650/949
  651/949
  652/949
  653/949
  654/949
  655/949
  656/949
  657/949
  658/949
  659/949
  660/949
  661/949
  662/949
  663/949
  664/949
  665/949
  666/949
  667/949
  668/949
  669/949
  670/949
  671/949
  672/949
  673/949
  674/949
  675/949
  676/949
  677/949
  678/949
  679/949
  680/949
  681/949
  682/949
  683/949
  684/949
  685/949
  686/949
  687/949
  688/949
  689/949
  690/949
  691/949
  692/949
  693/949
  694/949
  695/949
  696/949
  697/949
  698/949
  699/949
  700/949
  701/949
  702/949
  703/949
  704/949
  705/949
  706/949
  707/949
  708/949
  709/949
  710/949
  711/949
  712/949
  713/949
  714/949
  715/949
  716/949
  717/949
  718/949
  719/949
  720/949
  721/949
  722/949
  723/949
  724/949
  725/949
  726/949
  727/949
  728/949
  729/949
  730/949
  731/949
  732/949
  733/949
  734/949
  735/949
  736/949
  737/949
  738/949
  739/949
  740/949
  741/949
  742/949
  743/949
  744/949
  745/949
  746/949
  747/949
  748/949
  749/949
  750/949
  751/949
  752/949
  753/949
  754/949
  755/949
  756/949
  757/949
  758/949
  759/949
  760/949
  761/949
  762/949
  763/949
  764/949
  765/949
  766/949
  767/949
  768/949
  769/949
  770/949
  771/949
  772/949
  773/949
  774/949
  775/949
  776/949
  777/949
  778/949
  779/949
  780/949
  781/949
  782/949
  783/949
  784/949
  785/949
  786/949
  787/949
  788/949
  789/949
  790/949
  791/949
  792/949
  793/949
  794/949
  795/949
  796/949
  797/949
  798/949
  799/949
  800/949
  801/949
  802/949
  803/949
  804/949
  805/949
  806/949
  807/949
  808/949
  809/949
  810/949
  811/949
  812/949
  813/949
  814/949
  815/949
  816/949
  817/949
  818/949
  819/949
  820/949
  821/949
  822/949
  823/949
  824/949
  825/949
  826/949
  827/949
  828/949
  829/949
  830/949
  831/949
  832/949
  833/949
  834/949
  835/949
  836/949
  837/949
  838/949
  839/949
  840/949
  841/949
  842/949
  843/949
  844/949
  845/949
  846/949
  847/949
  848/949
  849/949
  850/949
  851/949
  852/949
  853/949
  854/949
  855/949
  856/949
  857/949
  858/949
  859/949
  860/949
  861/949
  862/949
  863/949
  864/949
  865/949
  866/949
  867/949
  868/949
  869/949
  870/949
  871/949
  872/949
  873/949
  874/949
  875/949
  876/949
  877/949
  878/949
  879/949
  880/949
  881/949
  882/949
  883/949
  884/949
  885/949
  886/949
  887/949
  888/949
  889/949
  890/949
  891/949
  892/949
  893/949
  894/949
  895/949
  896/949
  897/949
  898/949
  899/949
  900/949
  901/949
  902/949
  903/949
  904/949
  905/949
  906/949
  907/949
  908/949
  909/949
  910/949
  911/949
  912/949
  913/949
  914/949
  915/949
  916/949
  917/949
  918/949
  919/949
  920/949
  921/949
  922/949
  923/949
  924/949
  925/949
  926/949
  927/949
  928/949
  929/949
  930/949
  931/949
  932/949
  933/949
  934/949
  935/949
  936/949
  937/949
  938/949
  939/949
  940/949
  941/949
  942/949
  943/949
  944/949
  945/949
  946/949
  947/949
  948/949
  949/949
