== задание gate-0610 ==
строка: run tools/loggrep.py --file train --preset cycle --days 1 --last 6
начало: 2026-10-06T04:24:25Z
запускаю: .venv/bin/python tools/loggrep.py --file train --preset cycle --days 1 --last 6
== research/s8_loop/out/train.log по образцу /матрица:|обучение пропущено по каденции|обучение отложено по памяти|переобучаю:|цикл закончен/ за 1 сут ==
  совпадений 14
  2026-10-06: 14
  [10-06 03:17:28] матрица: 790 символов × 1619 часов, сечений с ≥30 именами: 1430, признаков 50
  [10-06 03:19:33] обучение отложено по памяти: память: доступно 2945 МБ при пороге 3072 — рядом другие прогоны, обучение отложено на час; цикл 272 с (сведение часа 15 с, матрица 131 с, книги 122 с, оценка 0 с)
  [10-06 03:37:19] матрица: 790 символов × 1619 часов, сечений с ≥30 именами: 1430, признаков 50
  [10-06 03:40:42] обучение отложено по памяти: память: доступно 2689 МБ при пороге 3072 — рядом другие прогоны, обучение отложено на час; цикл 341 с (сведение часа 6 с, матрица 132 с, книги 198 с, оценка 0 с)
  [10-06 03:52:28] матрица: 790 символов × 1619 часов, сечений с ≥30 именами: 1430, признаков 50
  [10-06 03:56:49] переобучаю: весам 139.3 ч при каденции 24
конец: 2026-10-06T04:24:26Z, код 0
публикуется в ветку main:
 jobs/done/gate-0610.done            |  1 +
 jobs/done/gate-0610.log             | 14 ++++++++++++++
 jobs/done/memtop-0610.done          |  1 +
 jobs/done/memtop-0610.log           |  4 ++++
 jobs/poke.log                       |  4 ++++
 research/s8_loop/out/day_brake.json |  2 +-
 6 files changed, 25 insertions(+), 1 deletion(-)
