== задание gate-full ==
строка: run research/dca_paper/entry_gate.py
начало: 2026-09-12T23:08:32Z
запускаю: .venv/bin/python research/dca_paper/entry_gate.py 
короткие книги h24: записей aggr_h 3331, optimal_h 3331, safe_h 3331
запас до пола g03 (0.03): взято safe_h 3002 из 3331, optimal_h 2223 из 3331, aggr_h 2223 из 3331, величина неизвестна у 0
контроль: 50 зёрен из 200, 7 с
контроль: 100 зёрен из 200, 14 с
контроль: 150 зёрен из 200, 21 с
запас до пола g05 (0.05): взято safe_h 2955 из 3331, optimal_h 2001 из 3331, aggr_h 2001 из 3331, величина неизвестна у 0
контроль: 50 зёрен из 200, 7 с
контроль: 100 зёрен из 200, 14 с
контроль: 150 зёрен из 200, 21 с
запас до пола g08 (0.08): взято safe_h 2926 из 3331, optimal_h 1659 из 3331, aggr_h 1659 из 3331, величина неизвестна у 0
контроль: 50 зёрен из 200, 7 с
контроль: 100 зёрен из 200, 14 с
контроль: 150 зёрен из 200, 20 с
запас до пола g12 (0.12): взято safe_h 2838 из 3331, optimal_h 1359 из 3331, aggr_h 1359 из 3331, величина неизвестна у 0
контроль: 50 зёрен из 200, 6 с
контроль: 100 зёрен из 200, 12 с
контроль: 150 зёрен из 200, 18 с
теснота входа t5 (5): взято safe_h 1544 из 3331, optimal_h 1641 из 3331, aggr_h 1526 из 3331, величина неизвестна у 0
контроль: 50 зёрен из 200, 6 с
контроль: 100 зёрен из 200, 11 с
контроль: 150 зёрен из 200, 17 с
теснота входа t2 (2): взято safe_h 474 из 3331, optimal_h 1109 из 3331, aggr_h 1032 из 3331, величина неизвестна у 0
контроль: 50 зёрен из 200, 4 с
контроль: 100 зёрен из 200, 7 с
контроль: 150 зёрен из 200, 12 с
теснота входа t1 (1): взято safe_h 207 из 3331, optimal_h 688 из 3331, aggr_h 587 из 3331, величина неизвестна у 0
контроль: 50 зёрен из 200, 3 с
контроль: 100 зёрен из 200, 5 с
контроль: 150 зёрен из 200, 8 с
теснота входа t05 (0.5): взято safe_h 111 из 3331, optimal_h 346 из 3331, aggr_h 303 из 3331, величина неизвестна у 0
контроль: 50 зёрен из 200, 2 с
контроль: 100 зёрен из 200, 3 с
контроль: 150 зёрен из 200, 5 с
длинные книги: записей aggr 7356, optimal 7356, safe 7356
запас до пола g03 (0.03): взято safe 7356 из 7356, optimal 7356 из 7356, aggr 7356 из 7356, величина неизвестна у 0
контроль: 50 зёрен из 200, 24 с
контроль: 100 зёрен из 200, 49 с
контроль: 150 зёрен из 200, 73 с
запас до пола g05 (0.05): взято safe 7356 из 7356, optimal 7356 из 7356, aggr 7356 из 7356, величина неизвестна у 0
контроль: 50 зёрен из 200, 25 с
контроль: 100 зёрен из 200, 49 с
контроль: 150 зёрен из 200, 73 с
запас до пола g08 (0.08): взято safe 7356 из 7356, optimal 6769 из 7356, aggr 6769 из 7356, величина неизвестна у 0
контроль: 50 зёрен из 200, 26 с
контроль: 100 зёрен из 200, 54 с
контроль: 150 зёрен из 200, 92 с
запас до пола g12 (0.12): взято safe 7355 из 7356, optimal 5585 из 7356, aggr 5585 из 7356, величина неизвестна у 0
