== задание gate-render ==
строка: run research/dca_paper/entry_gate.py --render
начало: 2026-09-12T23:26:24Z
запускаю: .venv/bin/python research/dca_paper/entry_gate.py --render
# Гейты входа книг DCA: запас до пола и теснота стакана

Просьба владельца 2026-09-12 отбирать плохие сделки. Разбор 11–12.09: у безопасной короткой книги ПЯТЬ позиций из тридцати дали 83 % убытка, у всех плечо 19–25× — то есть пол капитуляции стоял в 3–4 % цены от входа. Отбор по имени закрыт четырежды, поэтому здесь меряется ГЕОМЕТРИЯ входа, а не имя.

Оси объявлены до прогона: **запас до пола** 3 / 5 / 8 / 12 % цены и **теснота** — наш нотионал к долларам у лучшей цены своей стороны, потолок 5 / 2 / 1 / 0.5×. Гейт решает, входить ли; исход входа он не меняет, и обе ветки считаются на одних и тех же записях.

**Геометрия считается от БИЛЕТА книги** на среднем депозите: у записи реплея маржи нет вовсе — её назначает касса при сборке книги, и у одной записи она разная у трёх книг и трёх депозитов. Значит теснота есть величина книги и депозита, а не свойство решения; на депозите крупнее тот же вход плотнее.

**Запись стакана под теснотой:** измерено 128244, нет файла записи 0, нет часа в записи 0. Решение без записи часа гейт тесноты ПРОПУСКАЕТ и считает отдельно: «не измерено» фильтром быть не должно (гейт по ставке funding «работал» именно этим).

## Короткие книги h24

Сверка ветки «как сейчас» с живой книгой (депозит $10000):

| книга | сделок: живая / замер | Σ $: живая / замер |
|---|--:|--:|
| безопасная (шорт h24) | 634 / 634 | +1065.26 / +1065.26 |
| оптимальная (шорт h24) | 701 / 701 | +678.53 / +678.52 |
| агрессивная (шорт h24) | 575 / 575 | +1174.01 / +1174.01 |

### запас до пола

| книга | порог | сделок | Σ $ | итог | просадка | доход/просадка | доля зёрен не хуже |
|---|---|--:|--:|--:|--:|--:|--:|
| безопасная (шорт h24) | как сейчас | 634 | +1065.26 | +10.7 % | -15.5 % | 0.69 | — |
| безопасная (шорт h24) | 0.03 | 550 | +1.94 | +0.0 % | -8.9 % | 0.00 | итог 94 % из 200, д/п 94 % |
| безопасная (шорт h24) | 0.05 | 539 | -259.78 | -2.6 % | -7.9 % | -0.33 | итог 97 % из 200, д/п 99 % |
| безопасная (шорт h24) | 0.08 | 533 | -42.06 | -0.4 % | -7.0 % | -0.06 | итог 92 % из 200, д/п 95 % |
| безопасная (шорт h24) | 0.12 | 525 | -261.84 | -2.6 % | -5.7 % | -0.46 | итог 93 % из 200, д/п 100 % |
| оптимальная (шорт h24) | как сейчас | 701 | +678.52 | +6.8 % | -4.3 % | 1.58 | — |
| оптимальная (шорт h24) | 0.03 | 506 | +8.76 | +0.1 % | -2.6 % | 0.03 | итог 99 % из 200, д/п 99 % |
| оптимальная (шорт h24) | 0.05 | 469 | +85.66 | +0.9 % | -2.0 % | 0.43 | итог 98 % из 200, д/п 93 % |
| оптимальная (шорт h24) | 0.08 | 424 | +68.24 | +0.7 % | -1.4 % | 0.50 | итог 96 % из 200, д/п 91 % |
| оптимальная (шорт h24) | 0.12 | 384 | +54.83 | +0.5 % | -0.9 % | 0.59 | итог 96 % из 200, д/п 84 % |
| агрессивная (шорт h24) | как сейчас | 575 | +1174.01 | +11.7 % | -6.4 % | 1.83 | — |
| агрессивная (шорт h24) | 0.03 | 233 | +73.64 | +0.7 % | -4.1 % | 0.18 | итог 99 % из 200, д/п 98 % |
| агрессивная (шорт h24) | 0.05 | 167 | +123.78 | +1.2 % | -2.8 % | 0.44 | итог 100 % из 200, д/п 96 % |
| агрессивная (шорт h24) | 0.08 | 81 | +74.16 | +0.7 % | -1.9 % | 0.40 | итог 99 % из 200, д/п 96 % |
| агрессивная (шорт h24) | 0.12 | — | — | — | — | — | — |

### теснота входа

| книга | порог | сделок | Σ $ | итог | просадка | доход/просадка | доля зёрен не хуже |
|---|---|--:|--:|--:|--:|--:|--:|
| безопасная (шорт h24) | как сейчас | 634 | +1065.26 | +10.7 % | -15.5 % | 0.69 | — |
| безопасная (шорт h24) | 5 | 365 | -49.87 | -0.5 % | -4.7 % | -0.11 | итог 76 % из 200, д/п 78 % |
| безопасная (шорт h24) | 2 | 110 | -36.99 | -0.4 % | -1.9 % | -0.19 | итог 72 % из 200, д/п 78 % |
| безопасная (шорт h24) | 1 | 50 | -18.54 | -0.2 % | -1.0 % | -0.18 | итог 69 % из 200, д/п 74 % |
| безопасная (шорт h24) | 0.5 | 24 | -81.24 | -0.8 % | -1.4 % | -0.58 | итог 70 % из 200, д/п 84 % |
| оптимальная (шорт h24) | как сейчас | 701 | +678.52 | +6.8 % | -4.3 % | 1.58 | — |
| оптимальная (шорт h24) | 5 | 435 | +58.45 | +0.6 % | -3.0 % | 0.19 | итог 95 % из 200, д/п 94 % |
| оптимальная (шорт h24) | 2 | 327 | +159.74 | +1.6 % | -1.3 % | 1.25 | итог 90 % из 200, д/п 66 % |
| оптимальная (шорт h24) | 1 | 197 | +132.09 | +1.3 % | -1.0 % | 1.29 | итог 88 % из 200, д/п 59 % |
| оптимальная (шорт h24) | 0.5 | 86 | +154.24 | +1.5 % | -0.3 % | 4.67 | итог 61 % из 200, д/п 12 % |
| агрессивная (шорт h24) | как сейчас | 575 | +1174.01 | +11.7 % | -6.4 % | 1.83 | — |
| агрессивная (шорт h24) | 5 | 100 | +74.85 | +0.8 % | -3.4 % | 0.22 | итог 97 % из 200, д/п 95 % |
| агрессивная (шорт h24) | 2 | 21 | +122.61 | +1.2 % | -0.7 % | 1.71 | итог 94 % из 200, д/п 56 % |
| агрессивная (шорт h24) | 1 | 11 | +124.32 | +1.2 % | -0.7 % | 1.72 | итог 84 % из 200, д/п 45 % |
| агрессивная (шорт h24) | 0.5 | 9 | +127.79 | +1.3 % | -0.7 % | 1.91 | итог 76 % из 200, д/п 40 % |

## Длинные книги

Сверка ветки «как сейчас» с живой книгой (депозит $10000):

| книга | сделок: живая / замер | Σ $: живая / замер |
|---|--:|--:|
| безопасная | 1703 / 1703 | +812.68 / +812.68 |
| оптимальная | 1712 / 1712 | +1690.88 / +1690.89 |
| агрессивная | 635 / 635 | +2022.67 / +2022.70 |

### запас до пола

| книга | порог | сделок | Σ $ | итог | просадка | доход/просадка | доля зёрен не хуже |
|---|---|--:|--:|--:|--:|--:|--:|
| безопасная | как сейчас | 1703 | +812.68 | +8.1 % | -0.3 % | 31.27 | — |
| безопасная | 0.03 | 1703 | +812.68 | +8.1 % | -0.3 % | 31.27 | итог 100 % из 200, д/п 100 % |
| безопасная | 0.05 | 1703 | +812.68 | +8.1 % | -0.3 % | 31.27 | итог 100 % из 200, д/п 100 % |
| безопасная | 0.08 | 1703 | +812.68 | +8.1 % | -0.3 % | 31.27 | итог 100 % из 200, д/п 100 % |
| безопасная | 0.12 | 1702 | +810.31 | +8.1 % | -0.3 % | 31.15 | итог 100 % из 200, д/п 100 % |
| оптимальная | как сейчас | 1712 | +1690.89 | +16.9 % | -0.6 % | 28.66 | — |
| оптимальная | 0.03 | 1712 | +1690.89 | +16.9 % | -0.6 % | 28.66 | итог 100 % из 200, д/п 100 % |
| оптимальная | 0.05 | 1712 | +1690.89 | +16.9 % | -0.6 % | 28.66 | итог 100 % из 200, д/п 100 % |
| оптимальная | 0.08 | 1685 | +1496.15 | +15.0 % | -0.6 % | 25.36 | итог 100 % из 200, д/п 88 % |
| оптимальная | 0.12 | 1585 | +935.60 | +9.4 % | -0.6 % | 16.42 | итог 100 % из 200, д/п 100 % |
| агрессивная | как сейчас | 635 | +2022.70 | +20.2 % | -0.6 % | 34.29 | — |
| агрессивная | 0.03 | 635 | +2022.70 | +20.2 % | -0.6 % | 34.29 | итог 100 % из 200, д/п 100 % |
| агрессивная | 0.05 | 635 | +2022.70 | +20.2 % | -0.6 % | 34.29 | итог 100 % из 200, д/п 100 % |
| агрессивная | 0.08 | 532 | +1588.76 | +15.9 % | -0.6 % | 26.93 | итог 100 % из 200, д/п 100 % |
| агрессивная | 0.12 | 118 | +255.34 | +2.5 % | -0.5 % | 4.72 | итог 100 % из 200, д/п 100 % |

### теснота входа

| книга | порог | сделок | Σ $ | итог | просадка | доход/просадка | доля зёрен не хуже |
|---|---|--:|--:|--:|--:|--:|--:|
| безопасная | как сейчас | 1703 | +812.68 | +8.1 % | -0.3 % | 31.27 | — |
| безопасная | 5 | 1690 | +805.78 | +8.1 % | -0.3 % | 31.00 | итог 33 % из 200, д/п 28 % |
| безопасная | 2 | 1579 | +749.14 | +7.5 % | -0.2 % | 29.96 | итог 98 % из 200, д/п 41 % |
| безопасная | 1 | 1320 | +575.86 | +5.8 % | -0.2 % | 26.18 | итог 100 % из 200, д/п 70 % |
| безопасная | 0.5 | 954 | +387.16 | +3.9 % | -0.2 % | 22.76 | итог 100 % из 200, д/п 88 % |
| оптимальная | как сейчас | 1712 | +1690.89 | +16.9 % | -0.6 % | 28.66 | — |
| оптимальная | 5 | 1650 | +1393.77 | +13.9 % | -0.6 % | 22.13 | итог 100 % из 200, д/п 100 % |
| оптимальная | 2 | 1434 | +1027.77 | +10.3 % | -0.3 % | 33.16 | итог 100 % из 200, д/п 18 % |
| оптимальная | 1 | 1127 | +783.59 | +7.8 % | -0.3 % | 26.13 | итог 100 % из 200, д/п 56 % |
| оптимальная | 0.5 | 791 | +404.15 | +4.0 % | -0.2 % | 22.44 | итог 100 % из 200, д/п 68 % |
| агрессивная | как сейчас | 635 | +2022.70 | +20.2 % | -0.6 % | 34.29 | — |
| агрессивная | 5 | 413 | +1387.02 | +13.9 % | -0.1 % | 99.07 | итог 100 % из 200, д/п 1 % |
| агрессивная | 2 | 213 | +731.74 | +7.3 % | -0.4 % | 17.85 | итог 100 % из 200, д/п 88 % |
| агрессивная | 1 | 120 | +514.98 | +5.1 % | -0.2 % | 30.29 | итог 100 % из 200, д/п 36 % |
| агрессивная | 0.5 | 60 | +262.42 | +2.6 % | -0.1 % | 21.83 | итог 100 % из 200, д/п 61 % |

## Как читать

- Гейт режет число сделок, поэтому рядом стоит доля зёрен, у которых СЛУЧАЙНАЯ выборка того же размера не хуже. Велика доля — работает размер, а не гейт.
- Порог правилом здесь не назначается: окно одно, веса модели эти часы видели, а лучшая ячейка после просмотра — ошибка R5. Если ось работает, правило объявляется отдельным решением владельца и наименьшим из работающих порогов.
- Запас до пола и теснота — РАЗНЫЕ вопросы: первый про геометрию нашей позиции, второй про то, во что мы входим. Оси считаются независимо и складывать их нельзя.
