== задание gate-smoke2 ==
строка: run research/dca_paper/entry_gate.py --seeds 0 --no-publish
начало: 2026-09-12T22:56:33Z
запускаю: .venv/bin/python research/dca_paper/entry_gate.py --seeds 0 --no-publish
короткие книги h24: записей aggr_h 3331, optimal_h 3331, safe_h 3331
запас до пола g03 (0.03): взято safe_h 3002 из 3331, optimal_h 2223 из 3331, aggr_h 2223 из 3331, величина неизвестна у 0
запас до пола g05 (0.05): взято safe_h 2955 из 3331, optimal_h 2001 из 3331, aggr_h 2001 из 3331, величина неизвестна у 0
запас до пола g08 (0.08): взято safe_h 2926 из 3331, optimal_h 1659 из 3331, aggr_h 1659 из 3331, величина неизвестна у 0
запас до пола g12 (0.12): взято safe_h 2838 из 3331, optimal_h 1359 из 3331, aggr_h 1359 из 3331, величина неизвестна у 0
теснота входа t5 (5): взято safe_h 1544 из 3331, optimal_h 1641 из 3331, aggr_h 1526 из 3331, величина неизвестна у 0
теснота входа t2 (2): взято safe_h 474 из 3331, optimal_h 1109 из 3331, aggr_h 1032 из 3331, величина неизвестна у 0
теснота входа t1 (1): взято safe_h 207 из 3331, optimal_h 688 из 3331, aggr_h 587 из 3331, величина неизвестна у 0
теснота входа t05 (0.5): взято safe_h 111 из 3331, optimal_h 346 из 3331, aggr_h 303 из 3331, величина неизвестна у 0
длинные книги: записей aggr 7356, optimal 7356, safe 7356
запас до пола g03 (0.03): взято safe 7356 из 7356, optimal 7356 из 7356, aggr 7356 из 7356, величина неизвестна у 0
запас до пола g05 (0.05): взято safe 7356 из 7356, optimal 7356 из 7356, aggr 7356 из 7356, величина неизвестна у 0
запас до пола g08 (0.08): взято safe 7356 из 7356, optimal 6769 из 7356, aggr 6769 из 7356, величина неизвестна у 0
запас до пола g12 (0.12): взято safe 7355 из 7356, optimal 5585 из 7356, aggr 5585 из 7356, величина неизвестна у 0
теснота входа t5 (5): взято safe 7080 из 7356, optimal 6420 из 7356, aggr 6271 из 7356, величина неизвестна у 0
теснота входа t2 (2): взято safe 6063 из 7356, optimal 4886 из 7356, aggr 4685 из 7356, величина неизвестна у 0
теснота входа t1 (1): взято safe 4686 из 7356, optimal 3645 из 7356, aggr 3453 из 7356, величина неизвестна у 0
теснота входа t05 (0.5): взято safe 3145 из 7356, optimal 2468 из 7356, aggr 2267 из 7356, величина неизвестна у 0
# Гейты входа книг DCA: запас до пола и теснота стакана

Просьба владельца 2026-09-12 отбирать плохие сделки. Разбор 11–12.09: у безопасной короткой книги ПЯТЬ позиций из тридцати дали 83 % убытка, у всех плечо 19–25× — то есть пол капитуляции стоял в 3–4 % цены от входа. Отбор по имени закрыт четырежды, поэтому здесь меряется ГЕОМЕТРИЯ входа, а не имя.

Оси объявлены до прогона: **запас до пола** 3 / 5 / 8 / 12 % цены и **теснота** — наш нотионал к долларам у лучшей цены своей стороны, потолок 5 / 2 / 1 / 0.5×. Гейт решает, входить ли; исход входа он не меняет, и обе ветки считаются на одних и тех же записях.

**Геометрия считается от БИЛЕТА книги** на среднем депозите: у записи реплея маржи нет вовсе — её назначает касса при сборке книги, и у одной записи она разная у трёх книг и трёх депозитов. Значит теснота есть величина книги и депозита, а не свойство решения; на депозите крупнее тот же вход плотнее.

**Запись стакана под теснотой:** измерено 128244, нет файла записи 0, нет часа в записи 0. Решение без записи часа гейт тесноты ПРОПУСКАЕТ и считает отдельно: «не измерено» фильтром быть не должно (гейт по ставке funding «работал» именно этим).

## Короткие книги h24

Сверка ветки «как сейчас» с живой книгой (депозит $10000):

| книга | сделок: живая / замер | Σ $: живая / замер |
|---|--:|--:|
| безопасная (шорт h24) | 634 / 634 | +1065.26 / +1065.26 |
| оптимальная (шорт h24) | 701 / 701 | +678.53 / +678.52 |
| агрессивная (шорт h24) | 575 / 575 | +1174.01 / +1174.01 |

### запас до пола

| книга | порог | сделок | Σ $ | итог | просадка | доход/просадка | доля зёрен не хуже |
|---|---|--:|--:|--:|--:|--:|--:|
| безопасная (шорт h24) | как сейчас | 634 | +1065.26 | +10.7 % | -15.5 % | 0.69 | — |
| безопасная (шорт h24) | 0.03 | 550 | +1.94 | +0.0 % | -8.9 % | 0.00 | — |
| безопасная (шорт h24) | 0.05 | 539 | -259.78 | -2.6 % | -7.9 % | -0.33 | — |
| безопасная (шорт h24) | 0.08 | 533 | -42.06 | -0.4 % | -7.0 % | -0.06 | — |
| безопасная (шорт h24) | 0.12 | 525 | -261.84 | -2.6 % | -5.7 % | -0.46 | — |
| оптимальная (шорт h24) | как сейчас | 701 | +678.52 | +6.8 % | -4.3 % | 1.58 | — |
| оптимальная (шорт h24) | 0.03 | 506 | +8.76 | +0.1 % | -2.6 % | 0.03 | — |
| оптимальная (шорт h24) | 0.05 | 469 | +85.66 | +0.9 % | -2.0 % | 0.43 | — |
| оптимальная (шорт h24) | 0.08 | 424 | +68.24 | +0.7 % | -1.4 % | 0.50 | — |
| оптимальная (шорт h24) | 0.12 | 384 | +54.83 | +0.5 % | -0.9 % | 0.59 | — |
| агрессивная (шорт h24) | как сейчас | 575 | +1174.01 | +11.7 % | -6.4 % | 1.83 | — |
| агрессивная (шорт h24) | 0.03 | 233 | +73.64 | +0.7 % | -4.1 % | 0.18 | — |
| агрессивная (шорт h24) | 0.05 | 167 | +123.78 | +1.2 % | -2.8 % | 0.44 | — |
| агрессивная (шорт h24) | 0.08 | 81 | +74.16 | +0.7 % | -1.9 % | 0.40 | — |
| агрессивная (шорт h24) | 0.12 | None | — | — | — | — | — |

### теснота входа

| книга | порог | сделок | Σ $ | итог | просадка | доход/просадка | доля зёрен не хуже |
|---|---|--:|--:|--:|--:|--:|--:|
| безопасная (шорт h24) | как сейчас | 634 | +1065.26 | +10.7 % | -15.5 % | 0.69 | — |
| безопасная (шорт h24) | 5 | 365 | -49.87 | -0.5 % | -4.7 % | -0.11 | — |
| безопасная (шорт h24) | 2 | 110 | -36.99 | -0.4 % | -1.9 % | -0.19 | — |
| безопасная (шорт h24) | 1 | 50 | -18.54 | -0.2 % | -1.0 % | -0.18 | — |
| безопасная (шорт h24) | 0.5 | 24 | -81.24 | -0.8 % | -1.4 % | -0.58 | — |
| оптимальная (шорт h24) | как сейчас | 701 | +678.52 | +6.8 % | -4.3 % | 1.58 | — |
| оптимальная (шорт h24) | 5 | 435 | +58.45 | +0.6 % | -3.0 % | 0.19 | — |
| оптимальная (шорт h24) | 2 | 327 | +159.74 | +1.6 % | -1.3 % | 1.25 | — |
| оптимальная (шорт h24) | 1 | 197 | +132.09 | +1.3 % | -1.0 % | 1.29 | — |
| оптимальная (шорт h24) | 0.5 | 86 | +154.24 | +1.5 % | -0.3 % | 4.67 | — |
| агрессивная (шорт h24) | как сейчас | 575 | +1174.01 | +11.7 % | -6.4 % | 1.83 | — |
| агрессивная (шорт h24) | 5 | 100 | +74.85 | +0.8 % | -3.4 % | 0.22 | — |
| агрессивная (шорт h24) | 2 | 21 | +122.61 | +1.2 % | -0.7 % | 1.71 | — |
| агрессивная (шорт h24) | 1 | 11 | +124.32 | +1.2 % | -0.7 % | 1.72 | — |
| агрессивная (шорт h24) | 0.5 | 9 | +127.79 | +1.3 % | -0.7 % | 1.91 | — |

## Длинные книги

Сверка ветки «как сейчас» с живой книгой (депозит $10000):

| книга | сделок: живая / замер | Σ $: живая / замер |
|---|--:|--:|
| безопасная | 1703 / 1703 | +812.68 / +812.68 |
| оптимальная | 1712 / 1712 | +1690.88 / +1690.89 |
| агрессивная | 635 / 635 | +2022.67 / +2022.70 |

### запас до пола

| книга | порог | сделок | Σ $ | итог | просадка | доход/просадка | доля зёрен не хуже |
|---|---|--:|--:|--:|--:|--:|--:|
| безопасная | как сейчас | 1703 | +812.68 | +8.1 % | -0.3 % | 31.27 | — |
| безопасная | 0.03 | 1703 | +812.68 | +8.1 % | -0.3 % | 31.27 | — |
| безопасная | 0.05 | 1703 | +812.68 | +8.1 % | -0.3 % | 31.27 | — |
| безопасная | 0.08 | 1703 | +812.68 | +8.1 % | -0.3 % | 31.27 | — |
| безопасная | 0.12 | 1702 | +810.31 | +8.1 % | -0.3 % | 31.15 | — |
| оптимальная | как сейчас | 1712 | +1690.89 | +16.9 % | -0.6 % | 28.66 | — |
| оптимальная | 0.03 | 1712 | +1690.89 | +16.9 % | -0.6 % | 28.66 | — |
| оптимальная | 0.05 | 1712 | +1690.89 | +16.9 % | -0.6 % | 28.66 | — |
| оптимальная | 0.08 | 1685 | +1496.15 | +15.0 % | -0.6 % | 25.36 | — |
| оптимальная | 0.12 | 1585 | +935.60 | +9.4 % | -0.6 % | 16.42 | — |
| агрессивная | как сейчас | 635 | +2022.70 | +20.2 % | -0.6 % | 34.29 | — |
| агрессивная | 0.03 | 635 | +2022.70 | +20.2 % | -0.6 % | 34.29 | — |
| агрессивная | 0.05 | 635 | +2022.70 | +20.2 % | -0.6 % | 34.29 | — |
| агрессивная | 0.08 | 532 | +1588.76 | +15.9 % | -0.6 % | 26.93 | — |
| агрессивная | 0.12 | 118 | +255.34 | +2.5 % | -0.5 % | 4.72 | — |

### теснота входа

| книга | порог | сделок | Σ $ | итог | просадка | доход/просадка | доля зёрен не хуже |
|---|---|--:|--:|--:|--:|--:|--:|
| безопасная | как сейчас | 1703 | +812.68 | +8.1 % | -0.3 % | 31.27 | — |
| безопасная | 5 | 1690 | +805.78 | +8.1 % | -0.3 % | 31.00 | — |
| безопасная | 2 | 1579 | +749.14 | +7.5 % | -0.2 % | 29.96 | — |
| безопасная | 1 | 1320 | +575.86 | +5.8 % | -0.2 % | 26.18 | — |
| безопасная | 0.5 | 954 | +387.16 | +3.9 % | -0.2 % | 22.76 | — |
| оптимальная | как сейчас | 1712 | +1690.89 | +16.9 % | -0.6 % | 28.66 | — |
| оптимальная | 5 | 1650 | +1393.77 | +13.9 % | -0.6 % | 22.13 | — |
| оптимальная | 2 | 1434 | +1027.77 | +10.3 % | -0.3 % | 33.16 | — |
| оптимальная | 1 | 1127 | +783.59 | +7.8 % | -0.3 % | 26.13 | — |
| оптимальная | 0.5 | 791 | +404.15 | +4.0 % | -0.2 % | 22.44 | — |
| агрессивная | как сейчас | 635 | +2022.70 | +20.2 % | -0.6 % | 34.29 | — |
| агрессивная | 5 | 413 | +1387.02 | +13.9 % | -0.1 % | 99.07 | — |
| агрессивная | 2 | 213 | +731.74 | +7.3 % | -0.4 % | 17.85 | — |
| агрессивная | 1 | 120 | +514.98 | +5.1 % | -0.2 % | 30.29 | — |
| агрессивная | 0.5 | 60 | +262.42 | +2.6 % | -0.1 % | 21.83 | — |

## Как читать

- Гейт режет число сделок, поэтому рядом стоит доля зёрен, у которых СЛУЧАЙНАЯ выборка того же размера не хуже. Велика доля — работает размер, а не гейт.
- Порог правилом здесь не назначается: окно одно, веса модели эти часы видели, а лучшая ячейка после просмотра — ошибка R5. Если ось работает, правило объявляется отдельным решением владельца и наименьшим из работающих порогов.
- Запас до пола и теснота — РАЗНЫЕ вопросы: первый про геометрию нашей позиции, второй про то, во что мы входим. Оси считаются независимо и складывать их нельзя.

конец: 2026-09-12T22:56:57Z, код 0
