== задание gate-smoke ==
строка: run research/dca_paper/entry_gate.py --seeds 0 --no-publish
начало: 2026-09-12T22:53:40Z
запускаю: .venv/bin/python research/dca_paper/entry_gate.py --seeds 0 --no-publish
короткие книги h24: записей aggr_h 3331, optimal_h 3331, safe_h 3331
запас до пола g03 (0.03): взято safe_h 3331 из 3331, optimal_h 3331 из 3331, aggr_h 3331 из 3331, величина неизвестна у 9993
запас до пола g05 (0.05): взято safe_h 3331 из 3331, optimal_h 3331 из 3331, aggr_h 3331 из 3331, величина неизвестна у 9993
запас до пола g08 (0.08): взято safe_h 3331 из 3331, optimal_h 3331 из 3331, aggr_h 3331 из 3331, величина неизвестна у 9993
запас до пола g12 (0.12): взято safe_h 3331 из 3331, optimal_h 3331 из 3331, aggr_h 3331 из 3331, величина неизвестна у 9993
теснота входа t5 (5): взято safe_h 3331 из 3331, optimal_h 3331 из 3331, aggr_h 3331 из 3331, величина неизвестна у 9993
теснота входа t2 (2): взято safe_h 3331 из 3331, optimal_h 3331 из 3331, aggr_h 3331 из 3331, величина неизвестна у 9993
теснота входа t1 (1): взято safe_h 3331 из 3331, optimal_h 3331 из 3331, aggr_h 3331 из 3331, величина неизвестна у 9993
теснота входа t05 (0.5): взято safe_h 3331 из 3331, optimal_h 3331 из 3331, aggr_h 3331 из 3331, величина неизвестна у 9993
длинные книги: записей aggr 7356, optimal 7356, safe 7356
запас до пола g03 (0.03): взято safe 7356 из 7356, optimal 7356 из 7356, aggr 7356 из 7356, величина неизвестна у 22068
запас до пола g05 (0.05): взято safe 7356 из 7356, optimal 7356 из 7356, aggr 7356 из 7356, величина неизвестна у 22068
запас до пола g08 (0.08): взято safe 7356 из 7356, optimal 7356 из 7356, aggr 7356 из 7356, величина неизвестна у 22068
запас до пола g12 (0.12): взято safe 7356 из 7356, optimal 7356 из 7356, aggr 7356 из 7356, величина неизвестна у 22068
теснота входа t5 (5): взято safe 7356 из 7356, optimal 7356 из 7356, aggr 7356 из 7356, величина неизвестна у 22068
теснота входа t2 (2): взято safe 7356 из 7356, optimal 7356 из 7356, aggr 7356 из 7356, величина неизвестна у 22068
теснота входа t1 (1): взято safe 7356 из 7356, optimal 7356 из 7356, aggr 7356 из 7356, величина неизвестна у 22068
теснота входа t05 (0.5): взято safe 7356 из 7356, optimal 7356 из 7356, aggr 7356 из 7356, величина неизвестна у 22068
# Гейты входа книг DCA: запас до пола и теснота стакана

Просьба владельца 2026-09-12 отбирать плохие сделки. Разбор 11–12.09: у безопасной короткой книги ПЯТЬ позиций из тридцати дали 83 % убытка, у всех плечо 19–25× — то есть пол капитуляции стоял в 3–4 % цены от входа. Отбор по имени закрыт четырежды, поэтому здесь меряется ГЕОМЕТРИЯ входа, а не имя.

Оси объявлены до прогона: **запас до пола** 3 / 5 / 8 / 12 % цены и **теснота** — наш нотионал к долларам у лучшей цены своей стороны, потолок 5 / 2 / 1 / 0.5×. Гейт решает, входить ли; исход входа он не меняет, и обе ветки считаются на одних и тех же записях.

**Запись стакана под теснотой:** измерено 128244, нет файла записи 0, нет часа в записи 0. Решение без записи часа гейт тесноты ПРОПУСКАЕТ и считает отдельно: «не измерено» фильтром быть не должно (гейт по ставке funding «работал» именно этим).

## Короткие книги h24

Сверка ветки «как сейчас» с живой книгой (депозит $10000):

| книга | сделок: живая / замер | Σ $: живая / замер |
|---|--:|--:|
| безопасная (шорт h24) | 634 / 634 | +1065.26 / +1065.26 |
| оптимальная (шорт h24) | 701 / 701 | +678.53 / +678.52 |
| агрессивная (шорт h24) | 575 / 575 | +1174.01 / +1174.01 |

### запас до пола

| книга | порог | сделок | Σ $ | итог | просадка | доход/просадка | доля зёрен не хуже |
|---|---|--:|--:|--:|--:|--:|--:|
| безопасная (шорт h24) | как сейчас | 634 | +1065.26 | +10.7 % | -15.5 % | 0.69 | — |
| безопасная (шорт h24) | 0.03 | 634 | +1065.26 | +10.7 % | -15.5 % | 0.69 | — |
| безопасная (шорт h24) | 0.05 | 634 | +1065.26 | +10.7 % | -15.5 % | 0.69 | — |
| безопасная (шорт h24) | 0.08 | 634 | +1065.26 | +10.7 % | -15.5 % | 0.69 | — |
| безопасная (шорт h24) | 0.12 | 634 | +1065.26 | +10.7 % | -15.5 % | 0.69 | — |
| оптимальная (шорт h24) | как сейчас | 701 | +678.52 | +6.8 % | -4.3 % | 1.58 | — |
| оптимальная (шорт h24) | 0.03 | 701 | +678.52 | +6.8 % | -4.3 % | 1.58 | — |
| оптимальная (шорт h24) | 0.05 | 701 | +678.52 | +6.8 % | -4.3 % | 1.58 | — |
| оптимальная (шорт h24) | 0.08 | 701 | +678.52 | +6.8 % | -4.3 % | 1.58 | — |
| оптимальная (шорт h24) | 0.12 | 701 | +678.52 | +6.8 % | -4.3 % | 1.58 | — |
| агрессивная (шорт h24) | как сейчас | 575 | +1174.01 | +11.7 % | -6.4 % | 1.83 | — |
| агрессивная (шорт h24) | 0.03 | 575 | +1174.01 | +11.7 % | -6.4 % | 1.83 | — |
| агрессивная (шорт h24) | 0.05 | 575 | +1174.01 | +11.7 % | -6.4 % | 1.83 | — |
| агрессивная (шорт h24) | 0.08 | 575 | +1174.01 | +11.7 % | -6.4 % | 1.83 | — |
| агрессивная (шорт h24) | 0.12 | 575 | +1174.01 | +11.7 % | -6.4 % | 1.83 | — |

### теснота входа

| книга | порог | сделок | Σ $ | итог | просадка | доход/просадка | доля зёрен не хуже |
|---|---|--:|--:|--:|--:|--:|--:|
| безопасная (шорт h24) | как сейчас | 634 | +1065.26 | +10.7 % | -15.5 % | 0.69 | — |
| безопасная (шорт h24) | 5 | 634 | +1065.26 | +10.7 % | -15.5 % | 0.69 | — |
| безопасная (шорт h24) | 2 | 634 | +1065.26 | +10.7 % | -15.5 % | 0.69 | — |
| безопасная (шорт h24) | 1 | 634 | +1065.26 | +10.7 % | -15.5 % | 0.69 | — |
| безопасная (шорт h24) | 0.5 | 634 | +1065.26 | +10.7 % | -15.5 % | 0.69 | — |
| оптимальная (шорт h24) | как сейчас | 701 | +678.52 | +6.8 % | -4.3 % | 1.58 | — |
| оптимальная (шорт h24) | 5 | 701 | +678.52 | +6.8 % | -4.3 % | 1.58 | — |
| оптимальная (шорт h24) | 2 | 701 | +678.52 | +6.8 % | -4.3 % | 1.58 | — |
| оптимальная (шорт h24) | 1 | 701 | +678.52 | +6.8 % | -4.3 % | 1.58 | — |
| оптимальная (шорт h24) | 0.5 | 701 | +678.52 | +6.8 % | -4.3 % | 1.58 | — |
| агрессивная (шорт h24) | как сейчас | 575 | +1174.01 | +11.7 % | -6.4 % | 1.83 | — |
| агрессивная (шорт h24) | 5 | 575 | +1174.01 | +11.7 % | -6.4 % | 1.83 | — |
| агрессивная (шорт h24) | 2 | 575 | +1174.01 | +11.7 % | -6.4 % | 1.83 | — |
| агрессивная (шорт h24) | 1 | 575 | +1174.01 | +11.7 % | -6.4 % | 1.83 | — |
| агрессивная (шорт h24) | 0.5 | 575 | +1174.01 | +11.7 % | -6.4 % | 1.83 | — |

## Длинные книги

Сверка ветки «как сейчас» с живой книгой (депозит $10000):

| книга | сделок: живая / замер | Σ $: живая / замер |
|---|--:|--:|
| безопасная | 1703 / 1703 | +812.68 / +812.68 |
| оптимальная | 1712 / 1712 | +1690.88 / +1690.89 |
| агрессивная | 635 / 635 | +2022.67 / +2022.70 |

### запас до пола

| книга | порог | сделок | Σ $ | итог | просадка | доход/просадка | доля зёрен не хуже |
|---|---|--:|--:|--:|--:|--:|--:|
| безопасная | как сейчас | 1703 | +812.68 | +8.1 % | -0.3 % | 31.27 | — |
| безопасная | 0.03 | 1703 | +812.68 | +8.1 % | -0.3 % | 31.27 | — |
| безопасная | 0.05 | 1703 | +812.68 | +8.1 % | -0.3 % | 31.27 | — |
| безопасная | 0.08 | 1703 | +812.68 | +8.1 % | -0.3 % | 31.27 | — |
| безопасная | 0.12 | 1703 | +812.68 | +8.1 % | -0.3 % | 31.27 | — |
| оптимальная | как сейчас | 1712 | +1690.89 | +16.9 % | -0.6 % | 28.66 | — |
| оптимальная | 0.03 | 1712 | +1690.89 | +16.9 % | -0.6 % | 28.66 | — |
| оптимальная | 0.05 | 1712 | +1690.89 | +16.9 % | -0.6 % | 28.66 | — |
| оптимальная | 0.08 | 1712 | +1690.89 | +16.9 % | -0.6 % | 28.66 | — |
| оптимальная | 0.12 | 1712 | +1690.89 | +16.9 % | -0.6 % | 28.66 | — |
| агрессивная | как сейчас | 635 | +2022.70 | +20.2 % | -0.6 % | 34.29 | — |
| агрессивная | 0.03 | 635 | +2022.70 | +20.2 % | -0.6 % | 34.29 | — |
| агрессивная | 0.05 | 635 | +2022.70 | +20.2 % | -0.6 % | 34.29 | — |
| агрессивная | 0.08 | 635 | +2022.70 | +20.2 % | -0.6 % | 34.29 | — |
| агрессивная | 0.12 | 635 | +2022.70 | +20.2 % | -0.6 % | 34.29 | — |

### теснота входа

| книга | порог | сделок | Σ $ | итог | просадка | доход/просадка | доля зёрен не хуже |
|---|---|--:|--:|--:|--:|--:|--:|
| безопасная | как сейчас | 1703 | +812.68 | +8.1 % | -0.3 % | 31.27 | — |
| безопасная | 5 | 1703 | +812.68 | +8.1 % | -0.3 % | 31.27 | — |
| безопасная | 2 | 1703 | +812.68 | +8.1 % | -0.3 % | 31.27 | — |
| безопасная | 1 | 1703 | +812.68 | +8.1 % | -0.3 % | 31.27 | — |
| безопасная | 0.5 | 1703 | +812.68 | +8.1 % | -0.3 % | 31.27 | — |
| оптимальная | как сейчас | 1712 | +1690.89 | +16.9 % | -0.6 % | 28.66 | — |
| оптимальная | 5 | 1712 | +1690.89 | +16.9 % | -0.6 % | 28.66 | — |
| оптимальная | 2 | 1712 | +1690.89 | +16.9 % | -0.6 % | 28.66 | — |
| оптимальная | 1 | 1712 | +1690.89 | +16.9 % | -0.6 % | 28.66 | — |
| оптимальная | 0.5 | 1712 | +1690.89 | +16.9 % | -0.6 % | 28.66 | — |
| агрессивная | как сейчас | 635 | +2022.70 | +20.2 % | -0.6 % | 34.29 | — |
| агрессивная | 5 | 635 | +2022.70 | +20.2 % | -0.6 % | 34.29 | — |
| агрессивная | 2 | 635 | +2022.70 | +20.2 % | -0.6 % | 34.29 | — |
| агрессивная | 1 | 635 | +2022.70 | +20.2 % | -0.6 % | 34.29 | — |
| агрессивная | 0.5 | 635 | +2022.70 | +20.2 % | -0.6 % | 34.29 | — |

## Как читать

- Гейт режет число сделок, поэтому рядом стоит доля зёрен, у которых СЛУЧАЙНАЯ выборка того же размера не хуже. Велика доля — работает размер, а не гейт.
- Порог правилом здесь не назначается: окно одно, веса модели эти часы видели, а лучшая ячейка после просмотра — ошибка R5. Если ось работает, правило объявляется отдельным решением владельца и наименьшим из работающих порогов.
- Запас до пола и теснота — РАЗНЫЕ вопросы: первый про геометрию нашей позиции, второй про то, во что мы входим. Оси считаются независимо и складывать их нельзя.

конец: 2026-09-12T22:54:04Z, код 0
публикуется в ветку main:
 jobs/done/agree-days2.log                  |   7 ++
 jobs/done/gate-smoke.done                  |   1 +
 jobs/done/gate-smoke.log                   | 137 +++++++++++++++++++++++++++++
 jobs/poke.log                              |   3 +
 research/dca_paper/out/DCA-entry-gate.json |   1 +
 research/dca_paper/out/DCA-entry-gate.md   | 113 ++++++++++++++++++++++++
 research/s8_loop/out/day_brake.json        |   2 +-
 7 files changed, 263 insertions(+), 1 deletion(-)
To github.com:n0tgod/algoth_v2.git
   fec6361b..6c649d0e  main -> main
branch 'main' set up to track 'origin/main'.
опубликовано
