== задание guard-fill-1 ==
строка: run research/dca_paper/guard_fill.py
начало: 2026-09-26T20:36:24Z
запускаю: .venv/bin/python research/dca_paper/guard_fill.py 
[20:36:24] журнал /root/algoth_v2/research/dca_paper/out/short.jsonl: строк 23974, битых 0
[20:36:24] выходов «рынок» 2810 строк, уникальных 450
[20:38:15]   77/450 выходов, 110 с
[20:38:45]   210/450 выходов, 140 с
[20:39:15]   367/450 выходов, 170 с
# Цена выхода охраны рынком: закрытие часа против первой цены после границы

Выходов «рынок» в журнале `h24` 2810 строк, уникальных 450; счёт 186 с; посчитано 2026-09-26 20:39 UTC.

**Контроль правила:** записанная цена выхода против закрытия последнего бара до границы — медиана |разницы| 271.0 б.п., p90 1090.1 б.п. на 447 выходах (около нуля — цена выхода и есть закрытие часа; больше — источники расходятся).

Разница — б.п. цены со знаком пользы шорта: **плюс = живьём вышли бы лучше**, чем по записи.

| книга | депозит | выходов | с ценой после | без принта 15 мин | медиана | среднее | p10 | p90 | доля |Δ|>50 б.п. | Σ $ разницы | Σ $ этих сделок |
|---|---|---|---|---|---|---|---|---|---|---|---|
| aggr_h | $1,000 | 215 | 215 | 0 | +89.4 | +217.8 | -300.7 | +886.2 | 87 % | +759.18 | +239.92 |
| aggr_h | $10,000 | 215 | 215 | 0 | +89.4 | +217.8 | -300.7 | +886.2 | 87 % | +7798.76 | +2464.56 |
| aggr_h | $100,000 | 215 | 215 | 0 | +89.4 | +217.8 | -300.7 | +886.2 | 87 % | +78195.47 | +24711.28 |
| optimal_h | $1,000 | 345 | 344 | 1 | +2.0 | +51.5 | -593.8 | +832.5 | 84 % | +3140.84 | +993.37 |
| optimal_h | $10,000 | 356 | 355 | 1 | -0.0 | +42.1 | -637.1 | +819.3 | 85 % | +4531.04 | +1432.88 |
| optimal_h | $100,000 | 356 | 355 | 1 | -0.0 | +42.1 | -637.1 | +819.3 | 85 % | +45356.74 | +14343.48 |
| safe_h | $1,000 | 368 | 367 | 1 | -8.6 | +4.8 | -627.1 | +788.3 | 85 % | +774.37 | +236.65 |
| safe_h | $10,000 | 370 | 369 | 1 | -8.6 | +5.3 | -627.1 | +788.3 | 85 % | +6722.48 | +2054.76 |
| safe_h | $100,000 | 370 | 369 | 1 | -8.6 | +5.3 | -627.1 | +788.3 | 85 % | +67305.58 | +20572.24 |

Бары из хранилища: {"fetched": 218, "hits": 362, "misses": 1, "bad_md5": 0, "errors": 0, "cache_gb": 0.348}.

## Чего замер НЕ говорит

Первая цена после границы — открытие первой минуты с принтом; живой выход мог быть и хуже (очередь, объём), и лучше (лимитка). Разница считается только там, где принт после границы есть в 15 минут; выходы без принта — числом в колонке. Правило этим замером не меняется — решение владельца; смена цены выхода есть смена исхода и версии правил.

конец: 2026-09-26T20:39:30Z, код 0
публикуется в ветку main:
 jobs/done/guard-fill-1.log                 |  30 ++++++
 jobs/done/probe-rare-2.log                 |  14 +++
 jobs/done/ship-rest-1.log                  |   6 ++
 research/dca_paper/out/DCA-guard-fill.json | 147 +++++++++++++++++++++++++++++
 research/dca_paper/out/DCA-guard-fill.md   |  25 +++++
 5 files changed, 222 insertions(+)
To github.com:n0tgod/algoth_v2.git
   60e80f0c..54e78f35  main -> main
branch 'main' set up to track 'origin/main'.
опубликовано
