== задание guard-fill-2 ==
строка: run research/dca_paper/guard_fill.py
начало: 2026-09-26T20:45:04Z
запускаю: .venv/bin/python research/dca_paper/guard_fill.py 
[20:45:06] журнал /root/algoth_v2/research/dca_paper/out/short.jsonl: строк 23974, битых 0
[20:45:06] выходов «рынок» 2810 строк, уникальных 450
[20:45:36]   241/450 выходов, 30 с
# Цена выхода охраны рынком: закрытие часа против первой цены после границы

Выходов «рынок» в журнале `h24` 2810 строк, уникальных 450; счёт 53 с; посчитано 2026-09-26 20:45 UTC.

**Контроль правила:** записанная цена выхода против закрытия последнего бара до границы — медиана |разницы| 271.0 б.п., p90 1090.1 б.п. на 447 выходах (около нуля — цена выхода и есть закрытие часа; больше — источники расходятся).

Разница — б.п. цены со знаком пользы шорта: **плюс = живьём вышли бы лучше**, чем по записи.

| книга | депозит | выходов | с ценой после | без принта 15 мин | медиана | среднее | p10 | p90 | доля |Δ|>50 б.п. | Σ $ разницы | Σ $ этих сделок |
|---|---|---|---|---|---|---|---|---|---|---|---|
| aggr_h | $1,000 | 215 | 214 | 1 | -0.0 | +0.7 | -10.6 | +9.5 | 1 % | +0.94 | +239.92 |
| aggr_h | $10,000 | 215 | 214 | 1 | -0.0 | +0.7 | -10.6 | +9.5 | 1 % | +9.69 | +2464.56 |
| aggr_h | $100,000 | 215 | 214 | 1 | -0.0 | +0.7 | -10.6 | +9.5 | 1 % | +97.12 | +24711.28 |
| optimal_h | $1,000 | 345 | 342 | 3 | -0.0 | -0.7 | -10.2 | +9.8 | 1 % | +0.86 | +993.37 |
| optimal_h | $10,000 | 356 | 353 | 3 | -0.0 | -0.5 | -10.0 | +10.3 | 1 % | +1.13 | +1432.88 |
| optimal_h | $100,000 | 356 | 353 | 3 | -0.0 | -0.5 | -10.0 | +10.3 | 1 % | +11.31 | +14343.48 |
| safe_h | $1,000 | 368 | 365 | 3 | -0.0 | -0.1 | -10.0 | +10.2 | 2 % | -1.11 | +236.65 |
| safe_h | $10,000 | 370 | 367 | 3 | -0.0 | -0.0 | -10.0 | +10.2 | 2 % | -9.49 | +2054.76 |
| safe_h | $100,000 | 370 | 367 | 3 | -0.0 | -0.0 | -10.0 | +10.2 | 2 % | -95.01 | +20572.24 |

Бары из хранилища: {"fetched": 0, "hits": 580, "misses": 1, "bad_md5": 0, "errors": 0, "cache_gb": 0.348}.

## Чего замер НЕ говорит

Первая цена после границы — открытие первой минуты с принтом; живой выход мог быть и хуже (очередь, объём), и лучше (лимитка). Разница считается только там, где принт после границы есть в 15 минут; выходы без принта — числом в колонке. Правило этим замером не меняется — решение владельца; смена цены выхода есть смена исхода и версии правил.

конец: 2026-09-26T20:45:58Z, код 0
публикуется в ветку main:
 jobs/done/exitpx-dry.log                   |  13 +++
 jobs/done/guard-fill-2.log                 |  28 ++++++
 research/dca_paper/out/DCA-guard-fill.json | 148 ++++++++++++++---------------
 research/dca_paper/out/DCA-guard-fill.md   |  22 ++---
 4 files changed, 126 insertions(+), 85 deletions(-)
To github.com:n0tgod/algoth_v2.git
   596ba5ba..669e6f1b  main -> main
branch 'main' set up to track 'origin/main'.
опубликовано
