== задание guard-fwd ==
строка: run research/dca_paper/guard_forward.py
начало: 2026-09-25T19:37:48Z
запускаю: .venv/bin/python research/dca_paper/guard_forward.py 
публикуется в ветку main:
 jobs/done/guard-fwd.done                      |  1 +
 jobs/done/guard-fwd.log                       |  4 +++
 jobs/poke.log                                 |  3 ++
 research/dca_paper/out/DCA-guard-forward.json |  1 +
 research/dca_paper/out/DCA-guard-forward.md   | 49 +++++++++++++++++++++++++++
 research/s8_loop/out/day_brake.json           |  2 +-
 6 files changed, 59 insertions(+), 1 deletion(-)
To github.com:n0tgod/algoth_v2.git
   1733ac83..0a0cbcab  main -> main
branch 'main' set up to track 'origin/main'.
опубликовано
записей всего 7638, с 2026-09-13: 976
safe_h: без охраны -0.0305 / с охраной -0.0406; просадка -0.0129 / -0.0122
optimal_h: без охраны -0.0196 / с охраной 0.0033; просадка -0.014 / -0.0046
aggr_h: без охраны -0.0097 / с охраной 0.0136; просадка -0.0099 / -0.0078
# Охрана рынком вперёд: те же решения без охраны и с ней

Решения с 2026-09-13 (00:00 UTC) — записи, которых замер оси не видел: правило выбрано на окне до этого дня. Обе колонки — одна касса на одних записях, депозит $10,000, нетто; «без охраны» — исход кэша реплея (пол, ликвидация, тейк, срок), «с охраной» — как книги живут. Это не замер оси и не подбор порога: порог один, объявленный; вопрос — помогло ли правило на новом окне.

Записей решений с 2026-09-13: 976.

| книга | сделок | итог: без → с | просадка: без → с | $ всего: без → с | $ без 3 лучших дней: без → с | хвостовых выходов (пол + ликвидация): без → с |
|---|--:|--:|--:|--:|--:|--:|
| безопасная (шорт h24) | 131 → 164 | -3.0 % → **-4.1 %** | -1.3 % → -1.2 % | -305 $ → -406 $ | -734 $ → **-739 $** | 4 → 4 |
| оптимальная (шорт h24) | 142 → 172 | -2.0 % → **+0.3 %** | -1.4 % → -0.5 % | -196 $ → +33 $ | -311 $ → **-143 $** | 30 → 24 |
| агрессивная (шорт h24) | 90 → 108 | -1.0 % → **+1.4 %** | -1.0 % → -0.8 % | -97 $ → +136 $ | -343 $ → **-213 $** | 36 → 30 |

## По дням

**безопасная (шорт h24)**: дней 13, с охраной лучше в 4, хуже в 8, разница всего -100 $.

| день | без охраны | с охраной | разница |
|---|--:|--:|--:|
| 2026-09-14 | -56 $ | +50 $ | +105 $ |
| 2026-09-15 | +87 $ | -18 $ | -104 $ |
| 2026-09-16 | -6 $ | -79 $ | -73 $ |
| 2026-09-17 | -116 $ | -18 $ | +98 $ |
| 2026-09-19 | +20 $ | +123 $ | +102 $ |
| 2026-09-23 | +207 $ | +96 $ | -111 $ |

**оптимальная (шорт h24)**: дней 13, с охраной лучше в 6, хуже в 6, разница всего +228 $.

| день | без охраны | с охраной | разница |
|---|--:|--:|--:|
| 2026-09-18 | -73 $ | +39 $ | +112 $ |
| 2026-09-20 | -26 $ | +34 $ | +59 $ |
| 2026-09-25 | +2 $ | +103 $ | +100 $ |

**агрессивная (шорт h24)**: дней 13, с охраной лучше в 6, хуже в 6, разница всего +233 $.

| день | без охраны | с охраной | разница |
|---|--:|--:|--:|
| 2026-09-14 | -98 $ | -16 $ | +82 $ |
| 2026-09-15 | +9 $ | -61 $ | -70 $ |
| 2026-09-18 | -64 $ | +72 $ | +136 $ |
| 2026-09-19 | +35 $ | -56 $ | -91 $ |
| 2026-09-20 | -29 $ | +40 $ | +69 $ |
| 2026-09-25 | -1 $ | +129 $ | +130 $ |

## Как читать

- Разница по итогу и по «без 3 лучших дней» — вклад правила на окне, которого оно не видело; знак и размах — вот и весь ответ.
- Дней мало: колонка «по дням» важнее итога — правило, что помогло одним днём и вредило остальными, и вперёд остаётся эпизодом.
- Расчёт: 2026-09-25 19:37, 8.3 с.

конец: 2026-09-25T19:38:01Z, код 0
