== задание guard-pair ==
строка: run research/dca_paper/run_pair.py
начало: 2026-09-13T08:03:55Z
запускаю: .venv/bin/python research/dca_paper/run_pair.py 
длинные книги: aggr 7357, optimal 7357, safe 7357
короткие книги: aggr_h 3339, optimal_h 3339, safe_h 3339
pair_safe: фильтр возраста ≥7 сут оставил 2741 из 3339 (моложе порога 598, возраст неизвестен 0)
pair_safe: охрана рынком ≥ 2 % закрыла 826 из 2741 позиций (из них открытых 0); часов без волны 3, записей без отметок 0
pair_optimal: фильтр возраста ≥7 сут оставил 2741 из 3339 (моложе порога 598, возраст неизвестен 0)
pair_optimal: охрана рынком ≥ 2 % закрыла 738 из 2741 позиций (из них открытых 0); часов без волны 2, записей без отметок 0
pair_aggr: фильтр возраста ≥7 сут оставил 2741 из 3339 (моложе порога 598, возраст неизвестен 0)
pair_aggr: охрана рынком ≥ 2 % закрыла 738 из 2741 позиций (из них открытых 0); часов без волны 2, записей без отметок 0
линейка общая (безопасная) (pair_safe): позиций 10098, после правила одной на имя 2506
  депозит $1,000: мест 40, взято 811, нет кассы 1695, мельче $5 0, открытых 8, оборванных записью 1
  депозит $10,000: мест 400, взято 1908, нет кассы 598, мельче $5 0, открытых 8, оборванных записью 1
  депозит $100,000: мест 735, взято 2128, нет кассы 378, мельче $5 0, открытых 8, оборванных записью 1
линейка общая (оптимальная) (pair_optimal): позиций 10098, после правила одной на имя 2580
  депозит $1,000: мест 40, взято 817, нет кассы 1763, мельче $5 0, открытых 6, оборванных записью 1
  депозит $10,000: мест 400, взято 2325, нет кассы 255, мельче $5 0, открытых 6, оборванных записью 3
  депозит $100,000: мест 735, взято 2580, нет кассы 0, мельче $5 0, открытых 6, оборванных записью 4
линейка общая (агрессивная) (pair_aggr): позиций 10098, гейт плеча отсеял 6522, после правила одной на имя 1261
  депозит $1,000: мест 40, взято 1033, нет кассы 228, мельче $5 0, открытых 0, оборванных записью 2
  депозит $10,000: мест 400, взято 1261, нет кассы 0, мельче $5 0, открытых 0, оборванных записью 2
  депозит $100,000: мест 393, взято 1261, нет кассы 0, мельче $5 0, открытых 0, оборванных записью 2
журнал: было 71198, дописано 14065 в 37 файлов записи
раздельные счета: издержки вычтены у 10881 строк из 10881
# Общий счёт: длинная книга и короткая на одном депозите

Требование владельца 2026-09-07: «для общей должен быть один общий счёт, а не по отдельности». Решения обеих книг стоят в ОДНОЙ очереди за деньгами: занятая одной стороной маржа недоступна другой, и часть сделок поэтому не случается вовсе. Числа общей книги не равны сумме двух отдельных — это и есть разница режимов, а не расхождение счёта.

Билет у каждой стороны СВОЙ (он выведен из пика её одновременных позиций), гейт плеча и правило «одна позиция на имя» — тоже правила стороны. Издержки учтены в каждой сделке, как и в отдельных книгах.

**Возраст имени на входе шорта** (решение владельца 2026-09-08, объявлено ДО прогона): короткая сторона не входит в имя, торгующееся на площадке меньше 7 сут; возраст неизвестен — входа тоже нет, и это своё число. Основание: на объявленной сетке (0, 3, 7, 14, 30, 60 суток) отношение доход/просадка растёт с 1.24 / 1.19 / 0.95 до 3.26 / 3.00 / 2.36 уже на семи сутках, а случайная выборка ровно того же размера бьёт фильтр лишь в 2–9 % случаев из 200 зёрен. Механизм назван: плюс книги делают имена старше 60 суток, моложе недели — минус с худшей медианой сделки и большей долей хвостовых исходов; funding тут ни при чём — у молодых имён он шорту благоприятен. Порог взят наименьший из работающих, а не лучшая ячейка: различить 7, 30 и 60 суток данные одного окна не позволяют. Отдельные короткие книги получили тот же фильтр 2026-09-08 по решению владельца, и живого контроля у правила с этого дня нет: контроль расчётный, обе ветки на одном кэше. Гейт по ставке funding снят 2026-09-08 (держался на «ставка неизвестна»); его машинерия проверена и оставлена.

| книга | порог | решений предложено | взято | моложе порога | возраст неизвестен | справочнику часов |
|---|---|--:|--:|--:|--:|--:|
| общая (безопасная) | ≥7 сут | 3339 | 2741 | 598 | 0 | 3.1 |
| общая (оптимальная) | ≥7 сут | 3339 | 2741 | 598 | 0 | 3.1 |
| общая (агрессивная) | ≥7 сут | 3339 | 2741 | 598 | 0 | 3.1 |

**Охрана рынком у короткой стороны** (правило 2026-09-13, спека 14 §13): короткая позиция закрывается по закрытию часа, когда средний ход крупных имён рынка с момента входа ≥ порога; исход «рынок».

| книга | порог | коротких позиций | закрыто рынком | из них открытых | часов без волны |
|---|--:|--:|--:|--:|--:|
| общая (безопасная) | ≥ 2 % | 2741 | 826 | 0 | 3 |
| общая (оптимальная) | ≥ 2 % | 2741 | 738 | 0 | 2 |
| общая (агрессивная) | ≥ 2 % | 2741 | 738 | 0 | 2 |

**Доля билета короткой стороны** (решение владельца 2026-09-07 по замеру `short_why`, объявлено ДО прогона): общая (безопасная) 1×, общая (оптимальная) 0.25×, общая (агрессивная) 0.25×. Просадку общего счёта делает хвост короткой стороны (пол капитуляции и ликвидация, funding на большом плече), а не связь сторон — она отрицательна у всех трёх пар. Доля не опускает билет ниже биржевого пола: на депозите $1 000 билеты и так стоят на полу, и там правило не кусается.

| книга | депозит | билет длинной | билет короткой | её собственный | доля |
|---|--:|--:|--:|--:|--:|
| общая (безопасная) | $1000 | $25 | $25 | $25 | 1.00× |
| общая (безопасная) | $10000 | $25 | $222 | $222 | 1.00× |
| общая (безопасная) | $100000 | $145 | $2222 | $2222 | 1.00× |
| общая (оптимальная) | $1000 | $25 | $25 | $25 | 1.00× |
| общая (оптимальная) | $10000 | $25 | $55.5 | $222 | 0.25× |
| общая (оптимальная) | $100000 | $145 | $555.5 | $2222 | 0.25× |
| общая (агрессивная) | $1000 | $6.25 | $6.5 | $26 | 0.25× |
| общая (агрессивная) | $10000 | $28 | $66.5 | $266 | 0.25× |
| общая (агрессивная) | $100000 | $281 | $666.5 | $2666 | 0.25× |

## Книги

| книга | депозит | сделок | длинных | коротких | Σ $ | итог | просадка | медиана дня | плюсов | $ без лучшего имени | $ без 3 лучших дней | просадка без худшего дня | связь сторон | совпадений имён |
|---|--:|--:|--:|--:|--:|--:|--:|--:|--:|--:|--:|--:|--:|--:|
| общая (безопасная) | $1000 | 802 | 263 | 539 | +257.22 | +25.72 % | -12.26 % | +0.01 | 0.621 % | +205.15 | +95.92 | -7.1 % | -0.158 | 5 (0.9 %) |
| общая (безопасная) | $10000 | 1899 | 1262 | 637 | +2867.13 | +28.67 % | -10.96 % | +0.02 | 0.703 % | +2454.17 | +1371.93 | -5.0 % | -0.189 | 24 (3.8 %) |
| общая (безопасная) | $100000 | 2119 | 1441 | 678 | +28801.11 | +28.80 % | -10.98 % | +0.02 | 0.708 % | +24055.90 | +13868.20 | -6.3 % | -0.101 | 26 (3.8 %) |
| общая (оптимальная) | $1000 | 810 | 241 | 569 | +374.16 | +37.42 % | -16.61 % | +0.02 | 0.574 % | +279.56 | +29.47 | -16.6 % | -0.139 | 5 (0.9 %) |
| общая (оптимальная) | $10000 | 2316 | 1539 | 777 | +2706.94 | +27.07 % | -3.16 % | +0.01 | 0.696 % | +2547.56 | +1150.82 | -2.5 % | 0.009 | 29 (3.7 %) |
| общая (оптимальная) | $100000 | 2570 | 1781 | 789 | +21561.26 | +21.56 % | -3.18 % | +0.01 | 0.707 % | +20030.14 | +9305.93 | -2.5 % | 0.022 | 40 (5.1 %) |
| общая (агрессивная) | $1000 | 1031 | 412 | 619 | +427.17 | +42.72 % | -4.97 % | +0.00 | 0.643 % | +407.56 | +117.84 | -5.0 % | -0.061 | 2 (0.3 %) |
| общая (агрессивная) | $10000 | 1259 | 635 | 624 | +3560.53 | +35.61 % | -6.21 % | +0.00 | 0.693 % | +3362.95 | +1213.30 | -6.2 % | -0.036 | 2 (0.3 %) |
| общая (агрессивная) | $100000 | 1259 | 635 | 624 | +35728.23 | +35.73 % | -6.22 % | +0.00 | 0.693 % | +33745.84 | +12162.33 | -6.2 % | -0.036 | 2 (0.3 %) |

**Колонки концентрации.** «Без лучшего имени» вычитает одну разогнанную монету, «без 3 лучших дней» — рыночный эпизод, раздавший деньги десяткам имён разом (первой колонке он невидим), «просадка без худшего дня» говорит, сделана ли просадка одним днём. У общего счёта это вопрос ОБЕИХ сторон сразу: эпизод, кормящий короткую сторону, обычно тот же, что бьёт длинную, и наоборот — потому лучший день счёта может оказаться худшим днём одной из его книг.


## Один счёт против двух раздельных

Слева общий счёт: депозит один на обе стороны. Справа те же книги, как их показывают собственные вкладки: у каждой свой депозит, то есть капитала вдвое больше. Поэтому сравниваются ДЕНЬГИ и просадка, а проценты у них от разных капиталов. Обе стороны таблицы — НЕТТО: издержки вычтены и там, и там (у раздельных счетов 10881 строк из 10881).

| книга | депозит | Σ $ общий счёт | просадка общего | Σ $ длинная отдельно | Σ $ короткая отдельно | Σ $ двух счетов | сделок общий / врозь |
|---|--:|--:|--:|--:|--:|--:|--:|
| общая (безопасная) | $1000 | +257.22 | -12.26 % | +86.25 | — | +86.25 | 802 / 432 |
| общая (безопасная) | $10000 | +2867.13 | -10.96 % | +813.49 | — | +813.49 | 1899 / 1705 |
| общая (безопасная) | $100000 | +28801.11 | -10.98 % | +4976.51 | — | +4976.51 | 2119 / 1772 |
| общая (оптимальная) | $1000 | +374.16 | -16.61 % | +89.37 | — | +89.37 | 810 / 448 |
| общая (оптимальная) | $10000 | +2706.94 | -3.16 % | +1691.77 | — | +1691.77 | 2316 / 1714 |
| общая (оптимальная) | $100000 | +21561.26 | -3.18 % | +10249.47 | — | +10249.47 | 2570 / 1781 |
| общая (агрессивная) | $1000 | +427.17 | -4.97 % | +303.51 | — | +303.51 | 1031 / 471 |
| общая (агрессивная) | $10000 | +3560.53 | -6.21 % | +2022.67 | — | +2022.67 | 1259 / 635 |
| общая (агрессивная) | $100000 | +35728.23 | -6.22 % | +20302.28 | — | +20302.28 | 1259 / 635 |

## Издержки: учтены в каждой сделке

Комиссия тейкером на каждом рунге и выходе, проскальзывание 4.4 б.п. (X3: медиана входа 22 заполнений, 2026-08-22…25, потолок 30) на базовый вход и рыночный выход (пол, срок, трейл, стоп), funding по рядам площадки исполнения. Лимитные рунги и тейк проскальзывания не платят по построению.

| книга | депозит | сделок | из них с издержками | комиссия $ | проскальзывание $ | funding $ | издержки всего $ | брутто $ | нетто $ | медиана на сделку, б.п. маржи (комиссия / проскальз. / funding) | среднее, б.п. (там же) | худшая сделка по funding, б.п. |
|---|--:|--:|--:|--:|--:|--:|--:|--:|--:|--:|--:|--:|
| общая (безопасная) | $1,000 | 802 | 802 | -42.50 | -20.79 | -120.05 | -183.34 | +440.56 | +257.22 | +5.4 / +2.2 / +0.0 | +16.1 / +7.9 / -47.8 | -6960 |
| общая (оптимальная) | $1,000 | 810 | 810 | -91.51 | -46.43 | -241.97 | -379.91 | +754.06 | +374.16 | +10.6 / +4.5 / +0.0 | +30.5 / +15.4 / -83.8 | -6960 |
| общая (агрессивная) | $1,000 | 1031 | 1031 | -47.92 | -23.04 | -93.08 | -164.04 | +591.20 | +427.17 | +49.9 / +16.0 / -1.8 | +54.7 / +26.1 / -104.7 | -6960 |
| общая (безопасная) | $10,000 | 1899 | 1899 | -402.39 | -200.98 | -1168.58 | -1771.95 | +4639.07 | +2867.13 | +5.6 / +2.2 / -0.6 | +11.4 / +5.4 / -23.1 | -6960 |
| общая (оптимальная) | $10,000 | 2316 | 2316 | -254.31 | -121.43 | -497.58 | -873.32 | +3580.25 | +2706.94 | +9.2 / +3.5 / -0.9 | +22.2 / +10.0 / -33.9 | -6960 |
| общая (агрессивная) | $10,000 | 1259 | 1259 | -434.93 | -211.61 | -916.38 | -1562.92 | +5123.46 | +3560.53 | +41.8 / +11.8 / -2.9 | +52.2 / +23.5 / -87.8 | -6960 |
| общая (безопасная) | $100,000 | 2119 | 2119 | -4110.49 | -2046.35 | -11757.59 | -17914.43 | +46715.54 | +28801.11 | +5.6 / +2.2 / -0.7 | +11.2 / +5.2 / -21.0 | -6960 |
| общая (оптимальная) | $100,000 | 2570 | 2570 | -2301.25 | -1110.96 | -5213.40 | -8625.61 | +30186.88 | +21561.26 | +9.3 / +3.5 / -1.1 | +21.9 / +9.5 / -33.2 | -6960 |
| общая (агрессивная) | $100,000 | 1259 | 1259 | -4363.37 | -2122.79 | -9191.51 | -15677.67 | +51405.90 | +35728.23 | +41.8 / +11.8 / -2.9 | +52.2 / +23.5 / -87.8 | -6960 |

**Funding — издержка ХВОСТА, а не средняя**: у 9 книг среднее на сделку в разы дальше от нуля, чем медиана, то есть платят немногие позиции и платят много (долгое удержание на дорогой ставке). общая (безопасная) $1000: медиана +0.0, среднее -47.8, худшая -6960 б.п.; общая (оптимальная) $1000: медиана +0.0, среднее -83.8, худшая -6960 б.п.; общая (агрессивная) $1000: медиана -1.8, среднее -104.7, худшая -6960 б.п..


Чего не удалось измерить: у 98 сделок ряд funding не покрывает жизнь позиции — funding им НЕ начислен (это прочерк, а не ноль: он мал и разного знака, но не измерен); у 8369 сделок ставки тейкера в справочнике нет — взята модальная.

Проскальзывание снято на 300 $ за имя (живой замер X3): у крупных билетов оно больше, поэтому нетто крупных депозитов — НИЖНЯЯ граница издержек. Отметка открытой позиции остаётся брутто: выхода ещё не было, и комиссию выхода вычитать не из чего.

## Чего эти числа НЕ говорят

- Живого исполнения здесь нет: исходы позиций взяты из кэшей реплея обеих книг, посчитанных по барам записи. Очередь в стакане и задержка входа не моделируются.
- Внутри одной секунды деньги достаются лучшему по |прогнозу| решению — правило очереди объявлено до прогона и одно на обе стороны. Другое правило дало бы другой состав, и это ось для отдельного замера, а не свойство рынка.
- Общий счёт — ХЕДЖ-режим: шорт по имени, которое держит длинная сторона, разрешён. В одностороннем режиме биржи он срезал бы длинную позицию, и число совпадений выше есть цена режима.
- Веса модели видели эти часы: пересчёт истории читается как оценка СВЕРХУ. Судит форвард.

публикуется в ветку main:
 jobs/done/guard-pair.done                       |    1 +
 jobs/done/guard-pair.log                        |  125 ++
 jobs/done/guard-short.done                      |    1 +
 jobs/done/guard-short.log                       |   13 +
 jobs/poke.log                                   |    4 +
 research/dca_paper/out/DCA-pair.json            |    2 +-
 research/dca_paper/out/DCA-pair.md              |   74 +-
 research/dca_paper/out/pair-2026-08-08.jsonl    |  270 +++
 research/dca_paper/out/pair-2026-08-09.jsonl    |  440 ++++
 research/dca_paper/out/pair-2026-08-10.jsonl    |  173 ++
 research/dca_paper/out/pair-2026-08-11.jsonl    |  260 +++
 research/dca_paper/out/pair-2026-08-12.jsonl    |  222 +++
 research/dca_paper/out/pair-2026-08-13.jsonl    |  597 ++++++
 research/dca_paper/out/pair-2026-08-14.jsonl    |  265 +++
 research/dca_paper/out/pair-2026-08-15.jsonl    |  380 ++++
 research/dca_paper/out/pair-2026-08-16.jsonl    |  302 +++
 research/dca_paper/out/pair-2026-08-17.jsonl    |  246 +++
 research/dca_paper/out/pair-2026-08-18.jsonl    |  146 ++
 research/dca_paper/out/pair-2026-08-19.jsonl    | 1239 ++++++++++++
 research/dca_paper/out/pair-2026-08-20.01.jsonl | 2007 +++++++++++++++++++
 research/dca_paper/out/pair-2026-08-21.01.jsonl | 2432 +++++++++++++++++++++++
 research/dca_paper/out/pair-2026-08-22.jsonl    | 1428 +++++++++++++
 research/dca_paper/out/pair-2026-08-23.jsonl    |  214 ++
 research/dca_paper/out/pair-2026-08-24.jsonl    |  339 ++++
 research/dca_paper/out/pair-2026-08-25.jsonl    |  479 +++++
 research/dca_paper/out/pair-2026-08-26.jsonl    |  208 ++
 research/dca_paper/out/pair-2026-08-27.jsonl    |  224 +++
 research/dca_paper/out/pair-2026-08-28.jsonl    |  118 ++
 research/dca_paper/out/pair-2026-08-29.jsonl    |  132 ++
 research/dca_paper/out/pair-2026-08-30.jsonl    |   84 +
 research/dca_paper/out/pair-2026-08-31.jsonl    |   87 +
 research/dca_paper/out/pair-2026-09-01.jsonl    |   72 +
 research/dca_paper/out/pair-2026-09-02.jsonl    |  159 ++
 research/dca_paper/out/pair-2026-09-03.jsonl    |  304 +++
 research/dca_paper/out/pair-2026-09-04.jsonl    |  123 ++
 research/dca_paper/out/pair-2026-09-05.jsonl    |  152 ++
 research/dca_paper/out/pair-2026-09-06.jsonl    |  170 ++
 research/dca_paper/out/pair-2026-09-07.jsonl    |  120 ++
 research/dca_paper/out/pair-2026-09-08.jsonl    |  147 ++
 research/dca_paper/out/pair-2026-09-09.jsonl    |  138 ++
 research/dca_paper/out/pair-2026-09-10.jsonl    |  101 +
 research/dca_paper/out/pair-2026-09-11.jsonl    |  191 ++
 research/dca_paper/out/pair-2026-09-12.jsonl    |   57 +
 research/dca_paper/out/pair-2026-09-13.jsonl    |   39 +
 44 files changed, 14251 insertions(+), 34 deletions(-)
To github.com:n0tgod/algoth_v2.git
   bc296d79..2b17422a  main -> main
branch 'main' set up to track 'origin/main'.
опубликовано
конец: 2026-09-13T08:04:20Z, код 0
