  {"seq": 493, "hour": "2026-08-29-05", "at": "08-29 06:30", "sections": 621, "symbols": 739, "canary_ic": 0.0009, "canary_target": "fwd_4h", "hedge": "включён", "cycle_sec": 4903.2}
  {"seq": 494, "hour": "2026-08-29-07", "at": "08-29 08:11", "sections": 623, "symbols": 739, "canary_ic": 0.001, "canary_target": "fwd_4h", "hedge": "включён", "cycle_sec": 5747.8}
  {"seq": 495, "hour": "2026-08-29-09", "at": "08-29 10:12", "sections": 625, "symbols": 739, "canary_ic": -0.002, "canary_target": "fwd_4h", "hedge": "включён", "cycle_sec": 5772.2}
  {"seq": 496, "hour": "2026-08-29-11", "at": "08-29 12:12", "sections": 627, "symbols": 739, "canary_ic": 0.0036, "canary_target": "fwd_4h", "hedge": "включён", "cycle_sec": 5708.9}
  {"seq": 497, "hour": "2026-08-29-13", "at": "08-29 14:30", "sections": 629, "symbols": 739, "canary_ic": 0.001, "canary_target": "fwd_4h", "hedge": "включён", "cycle_sec": 5113.7}
  {"seq": 498, "hour": "2026-08-29-15", "at": "08-29 16:11", "sections": 631, "symbols": 739, "canary_ic": 0.0047, "canary_target": "fwd_4h", "hedge": "включён", "cycle_sec": 5898.0}
  {"seq": 499, "hour": "2026-08-29-17", "at": "08-29 18:12", "sections": 633, "symbols": 739, "canary_ic": 0.0028, "canary_target": "fwd_4h", "hedge": "включён", "cycle_sec": 5749.5}
  {"seq": 500, "hour": "2026-08-29-19", "at": "08-29 20:12", "sections": 635, "symbols": 739, "canary_ic": -0.0029, "canary_target": "fwd_4h", "hedge": "включён", "cycle_sec": 5639.5}
  {"seq": 501, "hour": "2026-08-29-21", "at": "08-29 22:12", "sections": 637, "symbols": 739, "canary_ic": -0.0059, "canary_target": "fwd_4h", "hedge": "включён", "cycle_sec": 5667.5}
  {"seq": 502, "hour": "2026-08-29-23", "at": "08-30 00:12", "sections": 639, "symbols": 739, "canary_ic": -0.0044, "canary_target": "fwd_4h", "hedge": "включён", "cycle_sec": 5626.9}
  {"seq": 503, "hour": "2026-08-30-01", "at": "08-30 02:12", "sections": 641, "symbols": 739, "canary_ic": 0.0001, "canary_target": "fwd_4h", "hedge": "включён", "cycle_sec": 5885.7}
  {"seq": 504, "hour": "2026-08-30-03", "at": "08-30 04:12", "sections": 643, "symbols": 739, "canary_ic": -0.006, "canary_target": "fwd_4h", "hedge": "включён", "cycle_sec": 5969.1}
  {"seq": 505, "hour": "2026-08-30-05", "at": "08-30 06:12", "sections": 645, "symbols": 739, "canary_ic": 0.004, "canary_target": "fwd_4h", "hedge": "включён", "cycle_sec": 5854.1}
  {"seq": 506, "hour": "2026-08-30-08", "at": "08-30 09:44", "sections": 648, "symbols": 739, "canary_ic": 0.0083, "canary_target": "fwd_4h", "hedge": "включён", "cycle_sec": 5626.9}
  {"seq": 507, "hour": "2026-08-30-11", "at": "08-30 12:16", "sections": 651, "symbols": 739, "canary_ic": -0.008, "canary_target": "fwd_4h", "hedge": "включён", "cycle_sec": 6334.2}
  {"seq": 508, "hour": "2026-08-30-13", "at": "08-30 14:45", "sections": 653, "symbols": 739, "canary_ic": -0.0037, "canary_target": "fwd_4h", "hedge": "включён", "cycle_sec": 5710.5}
  {"seq": 509, "hour": "2026-08-30-16", "at": "08-30 17:15", "sections": 656, "symbols": 739, "canary_ic": -0.0118, "canary_target": "fwd_4h", "hedge": "включён", "cycle_sec": 6252.0}
  {"seq": 510, "hour": "2026-08-30-18", "at": "08-30 19:11", "sections": 658, "symbols": 739, "canary_ic": -0.0003, "canary_target": "fwd_4h", "hedge": "включён", "cycle_sec": 5911.7}
  {"seq": 511, "hour": "2026-08-30-20", "at": "08-30 21:11", "sections": 660, "symbols": 739, "canary_ic": 0.0034, "canary_target": "fwd_4h", "hedge": "включён", "cycle_sec": 6181.8}
  {"seq": 512, "hour": "2026-08-30-22", "at": "08-30 23:11", "sections": 662, "symbols": 739, "canary_ic": -0.0001, "canary_target": "fwd_4h", "hedge": "включён", "cycle_sec": 6625.3}
  {"seq": 513, "hour": "2026-08-31-00", "at": "08-31 01:10", "sections": 664, "symbols": 739, "canary_ic": -0.0044, "canary_target": "fwd_4h", "hedge": "включён", "cycle_sec": 7211.5}
  {"seq": 514, "hour": "2026-08-31-03", "at": "08-31 04:18", "sections": 667, "symbols": 739, "canary_ic": -0.0023, "canary_target": "fwd_4h", "hedge": "включён", "cycle_sec": 7321.1}
  {"seq": 515, "hour": "2026-08-31-06", "at": "08-31 07:15", "sections": 670, "symbols": 739, "canary_ic": -0.0042, "canary_target": "fwd_4h", "hedge": "включён", "cycle_sec": 6025.4}
  {"seq": 516, "hour": "2026-08-31-08", "at": "08-31 09:55", "sections": 672, "symbols": 739, "canary_ic": -0.0004, "canary_target": "fwd_4h", "hedge": "включён", "cycle_sec": 5304.5}
  {"seq": 517, "hour": "2026-08-31-11", "at": "08-31 12:20", "sections": 675, "symbols": 743, "canary_ic": -0.004, "canary_target": "fwd_4h", "hedge": "включён", "cycle_sec": 5207.1}
  {"kind": "books", "seq": 517, "hour": "2026-08-31-13", "at": "08-31 14:21", "sections": 677, "symbols": 743, "train_why": "весам 0.6 ч при каденции 24", "steps_sec": {"сведение часа": 12.5, "матрица": 40.5, "книги": 22.6
  {"kind": "books", "seq": 517, "hour": "2026-08-31-13", "at": "08-31 14:56", "sections": 677, "symbols": 743, "train_why": "весам 1.2 ч при каденции 24", "steps_sec": {"сведение часа": 4.4, "матрица": 42.3, "книги": 30.3,
  {"kind": "books", "seq": 517, "hour": "2026-08-31-14", "at": "08-31 15:08", "sections": 678, "symbols": 743, "train_why": "весам 1.4 ч при каденции 24", "steps_sec": {"сведение часа": 139.2, "матрица": 41.2, "книги": 19.
  {"kind": "books", "seq": 517, "hour": "2026-08-31-14", "at": "08-31 15:36", "sections": 678, "symbols": 743, "train_why": "весам 1.8 ч при каденции 24", "steps_sec": {"сведение часа": 4.5, "матрица": 42.5, "книги": 25.1,
  {"kind": "books", "seq": 517, "hour": "2026-08-31-15", "at": "08-31 16:06", "sections": 679, "symbols": 743, "train_why": "весам 2.3 ч при каденции 24", "steps_sec": {"сведение часа": 190.5, "матрица": 42.7, "книги": 20.
  {"kind": "books", "seq": 517, "hour": "2026-08-31-16", "at": "08-31 17:08", "sections": 680, "symbols": 743, "train_why": "весам 3.4 ч при каденции 24", "steps_sec": {"сведение часа": 287.9, "матрица": 46.8, "книги": 28.
  {"kind": "books", "seq": 517, "hour": "2026-08-31-17", "at": "08-31 18:08", "sections": 681, "symbols": 743, "train_why": "весам 4.4 ч при каденции 24", "steps_sec": {"сведение часа": 305.1, "матрица": 48.3, "книги": 21.
  {"kind": "books", "seq": 517, "hour": "2026-08-31-18", "at": "08-31 19:07", "sections": 682, "symbols": 743, "train_why": "весам 5.3 ч при каденции 24", "steps_sec": {"сведение часа": 260.5, "матрица": 42.7, "книги": 25.
  {"kind": "books", "seq": 517, "hour": "2026-08-31-19", "at": "08-31 20:07", "sections": 683, "symbols": 743, "train_why": "весам 6.3 ч при каденции 24", "steps_sec": {"сведение часа": 271.2, "матрица": 43.5, "книги": 20.
  {"kind": "books", "seq": 517, "hour": "2026-08-31-20", "at": "08-31 21:07", "sections": 684, "symbols": 743, "train_why": "весам 7.3 ч при каденции 24", "steps_sec": {"сведение часа": 268.6, "матрица": 42.3, "книги": 25.
  {"kind": "books", "seq": 517, "hour": "2026-08-31-21", "at": "08-31 22:07", "sections": 685, "symbols": 743, "train_why": "весам 8.3 ч при каденции 24", "steps_sec": {"сведение часа": 281.9, "матрица": 40.8, "книги": 21.
  {"kind": "books", "seq": 517, "hour": "2026-08-31-21", "at": "08-31 22:21", "sections": 685, "symbols": 743, "train_why": "весам 8.6 ч при каденции 24", "steps_sec": {"сведение часа": 4.9, "матрица": 42.2, "книги": 25.4,
  {"kind": "books", "seq": 517, "hour": "2026-08-31-21", "at": "08-31 22:51", "sections": 685, "symbols": 743, "train_why": "весам 9.1 ч при каденции 24", "steps_sec": {"сведение часа": 4.4, "матрица": 42.8, "книги": 34.6,
  {"kind": "books", "seq": 517, "hour": "2026-08-31-22", "at": "08-31 23:07", "sections": 686, "symbols": 743, "train_why": "весам 9.3 ч при каденции 24", "steps_sec": {"сведение часа": 261.0, "матрица": 40.6, "книги": 25.
  {"kind": "books", "seq": 517, "hour": "2026-08-31-23", "at": "09-01 00:07", "sections": 687, "symbols": 743, "train_why": "весам 10.3 ч при каденции 24", "steps_sec": {"сведение часа": 271.1, "матрица": 41.6, "книги": 24
  {"kind": "books", "seq": 517, "hour": "2026-09-01-00", "at": "09-01 01:07", "sections": 688, "symbols": 743, "train_why": "весам 11.3 ч при каденции 24", "steps_sec": {"сведение часа": 240.1, "матрица": 42.0, "книги": 33
  {"kind": "books", "seq": 517, "hour": "2026-09-01-01", "at": "09-01 02:07", "sections": 689, "symbols": 743, "train_why": "весам 12.3 ч при каденции 24", "steps_sec": {"сведение часа": 261.9, "матрица": 46.2, "книги": 27
  {"kind": "books", "seq": 517, "hour": "2026-09-01-02", "at": "09-01 03:08", "sections": 690, "symbols": 743, "train_why": "весам 13.4 ч при каденции 24", "steps_sec": {"сведение часа": 325.0, "матрица": 48.1, "книги": 30
  {"kind": "books", "seq": 517, "hour": "2026-09-01-03", "at": "09-01 04:08", "sections": 691, "symbols": 743, "train_why": "весам 14.4 ч при каденции 24", "steps_sec": {"сведение часа": 313.7, "матрица": 51.2, "книги": 48
  {"kind": "books", "seq": 517, "hour": "2026-09-01-04", "at": "09-01 05:08", "sections": 692, "symbols": 743, "train_why": "весам 15.4 ч при каденции 24", "steps_sec": {"сведение часа": 299.2, "матрица": 51.9, "книги": 30
  {"kind": "books", "seq": 517, "hour": "2026-09-01-05", "at": "09-01 06:08", "sections": 693, "symbols": 743, "train_why": "весам 16.4 ч при каденции 24", "steps_sec": {"сведение часа": 295.0, "матрица": 52.3, "книги": 27
  {"kind": "books", "seq": 517, "hour": "2026-09-01-06", "at": "09-01 07:07", "sections": 694, "symbols": 743, "train_why": "весам 17.4 ч при каденции 24", "steps_sec": {"сведение часа": 279.8, "матрица": 43.6, "книги": 33
  {"kind": "books", "seq": 517, "hour": "2026-09-01-07", "at": "09-01 08:07", "sections": 695, "symbols": 743, "train_why": "весам 18.4 ч при каденции 24", "steps_sec": {"сведение часа": 280.8, "матрица": 42.1, "книги": 27
  {"kind": "books", "seq": 517, "hour": "2026-09-01-08", "at": "09-01 09:06", "sections": 696, "symbols": 743, "train_why": "весам 19.3 ч при каденции 24", "steps_sec": {"сведение часа": 200.2, "матрица": 42.3, "книги": 24
  {"kind": "books", "seq": 517, "hour": "2026-09-01-09", "at": "09-01 10:07", "sections": 697, "symbols": 743, "train_why": "весам 20.3 ч при каденции 24", "steps_sec": {"сведение часа": 247.1, "матрица": 42.7, "книги": 21
  {"kind": "books", "seq": 517, "hour": "2026-09-01-10", "at": "09-01 11:07", "sections": 698, "symbols": 743, "train_why": "весам 21.3 ч при каденции 24", "steps_sec": {"сведение часа": 273.6, "матрица": 42.6, "книги": 23
  {"kind": "books", "seq": 517, "hour": "2026-09-01-11", "at": "09-01 12:07", "sections": 699, "symbols": 743, "train_why": "весам 22.3 ч при каденции 24", "steps_sec": {"сведение часа": 265.6, "матрица": 42.6, "книги": 26
  {"kind": "books", "seq": 517, "hour": "2026-09-01-11", "at": "09-01 12:16", "sections": 699, "symbols": 743, "train_why": "весам 22.5 ч при каденции 24", "steps_sec": {"сведение часа": 13.9, "матрица": 44.4, "книги": 25.
  {"kind": "books", "seq": 517, "hour": "2026-09-01-12", "at": "09-01 13:07", "sections": 700, "symbols": 745, "train_why": "весам 23.3 ч при каденции 24", "steps_sec": {"сведение часа": 255.4, "матрица": 43.6, "книги": 20
  {"kind": "train", "seq": 518, "hour": "2026-09-01-13", "at": "09-01 14:05", "sections": 701, "symbols": 745, "canary_ic": 0.006, "canary_target": "fwd_4h", "hedge": "включён", "steps_sec": {"сведение часа": 184.5, "матри
  {"kind": "books", "seq": 518, "hour": "2026-09-01-15", "at": "09-01 16:12", "sections": 703, "symbols": 745, "train_why": "весам 0.6 ч при каденции 24", "steps_sec": {"сведение часа": 540.9, "матрица": 49.1, "книги": 36.
  {"kind": "books", "seq": 518, "hour": "2026-09-01-16", "at": "09-01 17:07", "sections": 704, "symbols": 745, "train_why": "весам 1.5 ч при каденции 24", "steps_sec": {"сведение часа": 231.7, "матрица": 45.2, "книги": 27.
  {"kind": "books", "seq": 518, "hour": "2026-09-01-17", "at": "09-01 18:07", "sections": 705, "symbols": 745, "train_why": "весам 2.5 ч при каденции 24", "steps_sec": {"сведение часа": 248.2, "матрица": 44.0, "книги": 26.
  {"kind": "books", "seq": 518, "hour": "2026-09-01-18", "at": "09-01 19:06", "sections": 706, "symbols": 745, "train_why": "весам 3.5 ч при каденции 24", "steps_sec": {"сведение часа": 225.3, "матрица": 48.0, "книги": 26.
  {"kind": "books", "seq": 518, "hour": "2026-09-01-19", "at": "09-01 20:08", "sections": 707, "symbols": 745, "train_why": "весам 4.5 ч при каденции 24", "steps_sec": {"сведение часа": 305.9, "матрица": 53.1, "книги": 30.
  {"kind": "books", "seq": 518, "hour": "2026-09-01-19", "at": "09-01 20:21", "sections": 707, "symbols": 745, "train_why": "весам 4.7 ч при каденции 24", "steps_sec": {"сведение часа": 15.9, "матрица": 49.2, "книги": 28.8
  {"kind": "books", "seq": 518, "hour": "2026-09-01-19", "at": "09-01 20:41", "sections": 707, "symbols": 745, "train_why": "весам 5.1 ч при каденции 24", "steps_sec": {"сведение часа": 15.0, "матрица": 44.8, "книги": 39.8
  {"kind": "books", "seq": 518, "hour": "2026-09-01-20", "at": "09-01 21:07", "sections": 708, "symbols": 745, "train_why": "весам 5.5 ч при каденции 24", "steps_sec": {"сведение часа": 276.8, "матрица": 44.8, "книги": 27.
  {"kind": "books", "seq": 518, "hour": "2026-09-01-21", "at": "09-01 22:07", "sections": 709, "symbols": 745, "train_why": "весам 6.5 ч при каденции 24", "steps_sec": {"сведение часа": 271.9, "матрица": 44.4, "книги": 26.
  {"kind": "books", "seq": 518, "hour": "2026-09-01-22", "at": "09-01 23:07", "sections": 710, "symbols": 745, "train_why": "весам 7.5 ч при каденции 24", "steps_sec": {"сведение часа": 278.4, "матрица": 44.2, "книги": 27.
  {"kind": "books", "seq": 518, "hour": "2026-09-01-23", "at": "09-02 00:08", "sections": 711, "symbols": 745, "train_why": "весам 8.5 ч при каденции 24", "steps_sec": {"сведение часа": 282.7, "матрица": 45.0, "книги": 35.
  {"kind": "books", "seq": 518, "hour": "2026-09-02-00", "at": "09-02 01:08", "sections": 712, "symbols": 745, "train_why": "весам 9.5 ч при каденции 24", "steps_sec": {"сведение часа": 298.1, "матрица": 44.6, "книги": 39.
  {"kind": "books", "seq": 518, "hour": "2026-09-02-01", "at": "09-02 02:08", "sections": 713, "symbols": 745, "train_why": "весам 10.5 ч при каденции 24", "steps_sec": {"сведение часа": 285.4, "матрица": 51.6, "книги": 41
  {"kind": "books", "seq": 518, "hour": "2026-09-02-02", "at": "09-02 03:09", "sections": 714, "symbols": 745, "train_why": "весам 11.6 ч при каденции 24", "steps_sec": {"сведение часа": 357.4, "матрица": 67.6, "книги": 47
  {"kind": "books", "seq": 518, "hour": "2026-09-02-02", "at": "09-02 03:42", "sections": 714, "symbols": 745, "train_why": "весам 12.1 ч при каденции 24", "steps_sec": {"сведение часа": 17.9, "матрица": 61.7, "книги": 63.
  {"kind": "books", "seq": 518, "hour": "2026-09-02-03", "at": "09-02 04:10", "sections": 715, "symbols": 745, "train_why": "весам 12.6 ч при каденции 24", "steps_sec": {"сведение часа": 366.5, "матрица": 66.0, "книги": 52
  {"kind": "books", "seq": 518, "hour": "2026-09-02-04", "at": "09-02 05:08", "sections": 716, "symbols": 745, "train_why": "весам 13.5 ч при каденции 24", "steps_sec": {"сведение часа": 321.5, "матрица": 51.6, "книги": 41
  {"kind": "books", "seq": 518, "hour": "2026-09-02-05", "at": "09-02 06:09", "sections": 717, "symbols": 745, "train_why": "весам 14.5 ч при каденции 24", "steps_sec": {"сведение часа": 335.0, "матрица": 53.9, "книги": 39
  {"kind": "books", "seq": 518, "hour": "2026-09-02-06", "at": "09-02 07:13", "sections": 718, "symbols": 745, "train_why": "весам 15.6 ч при каденции 24", "steps_sec": {"сведение часа": 94.6, "матрица": 48.1, "книги": 47.
  {"kind": "books", "seq": 518, "hour": "2026-09-02-06", "at": "09-02 07:47", "sections": 718, "symbols": 745, "train_why": "весам 16.2 ч при каденции 24", "steps_sec": {"сведение часа": 13.2, "матрица": 45.7, "книги": 64.
  {"kind": "books", "seq": 518, "hour": "2026-09-02-07", "at": "09-02 08:08", "sections": 719, "symbols": 745, "train_why": "весам 16.5 ч при каденции 24", "steps_sec": {"сведение часа": 297.1, "матрица": 45.6, "книги": 43
  {"kind": "books", "seq": 518, "hour": "2026-09-02-07", "at": "09-02 08:11", "sections": 719, "symbols": 745, "train_why": "весам 16.6 ч при каденции 24", "steps_sec": {"сведение часа": 8.5, "матрица": 46.0, "книги": 33.2
  {"kind": "books", "seq": 518, "hour": "2026-09-02-07", "at": "09-02 08:26", "sections": 719, "symbols": 745, "train_why": "весам 16.8 ч при каденции 24", "steps_sec": {"сведение часа": 10.4, "матрица": 45.9, "книги": 46.
  {"kind": "books", "seq": 518, "hour": "2026-09-02-07", "at": "09-02 08:36", "sections": 719, "symbols": 745, "train_why": "весам 17.0 ч при каденции 24", "steps_sec": {"сведение часа": 5.0, "матрица": 47.0, "книги": 58.1
  {"kind": "books", "seq": 518, "hour": "2026-09-02-08", "at": "09-02 09:07", "sections": 720, "symbols": 748, "train_why": "весам 17.5 ч при каденции 24", "steps_sec": {"сведение часа": 266.0, "матрица": 45.6, "книги": 42
  {"kind": "books", "seq": 518, "hour": "2026-09-02-08", "at": "09-02 09:57", "sections": 720, "symbols": 748, "train_why": "весам 18.3 ч при каденции 24", "steps_sec": {"сведение часа": 5.2, "матрица": 45.9, "книги": 73.1
  {"kind": "books", "seq": 518, "hour": "2026-09-02-09", "at": "09-02 10:07", "sections": 721, "symbols": 748, "train_why": "весам 18.5 ч при каденции 24", "steps_sec": {"сведение часа": 252.9, "матрица": 46.3, "книги": 42
  {"kind": "books", "seq": 518, "hour": "2026-09-02-09", "at": "09-02 10:11", "sections": 721, "symbols": 748, "train_why": "весам 18.6 ч при каденции 24", "steps_sec": {"сведение часа": 4.9, "матрица": 44.9, "книги": 34.0
  {"kind": "books", "seq": 518, "hour": "2026-09-02-10", "at": "09-02 11:07", "sections": 722, "symbols": 748, "train_why": "весам 19.5 ч при каденции 24", "steps_sec": {"сведение часа": 266.9, "матрица": 46.2, "книги": 42
  {"kind": "books", "seq": 518, "hour": "2026-09-02-11", "at": "09-02 12:08", "sections": 723, "symbols": 748, "train_why": "весам 20.5 ч при каденции 24", "steps_sec": {"сведение часа": 273.6, "матрица": 45.8, "книги": 43
  {"kind": "books", "seq": 518, "hour": "2026-09-02-12", "at": "09-02 13:08", "sections": 724, "symbols": 748, "train_why": "весам 21.5 ч при каденции 24", "steps_sec": {"сведение часа": 280.6, "матрица": 45.7, "книги": 43
  {"kind": "books", "seq": 518, "hour": "2026-09-02-12", "at": "09-02 13:42", "sections": 724, "symbols": 748, "train_why": "весам 22.1 ч при каденции 24", "steps_sec": {"сведение часа": 14.8, "матрица": 46.9, "книги": 68.
  {"kind": "books", "seq": 518, "hour": "2026-09-02-12", "at": "09-02 13:47", "sections": 724, "symbols": 748, "train_why": "весам 22.2 ч при каденции 24", "steps_sec": {"сведение часа": 8.4, "матрица": 46.2, "книги": 71.3
  {"kind": "books", "seq": 518, "hour": "2026-09-02-13", "at": "09-02 14:07", "sections": 725, "symbols": 748, "train_why": "весам 22.5 ч при каденции 24", "steps_sec": {"сведение часа": 218.8, "матрица": 45.9, "книги": 39
  {"kind": "books", "seq": 518, "hour": "2026-09-02-13", "at": "09-02 14:21", "sections": 725, "symbols": 748, "train_why": "весам 22.7 ч при каденции 24", "steps_sec": {"сведение часа": 5.9, "матрица": 46.9, "книги": 44.1
  {"kind": "books", "seq": 518, "hour": "2026-09-02-14", "at": "09-02 15:07", "sections": 726, "symbols": 748, "train_why": "весам 23.5 ч при каденции 24", "steps_sec": {"сведение часа": 239.0, "матрица": 44.9, "книги": 35
  {"kind": "books", "seq": 518, "hour": "2026-09-02-14", "at": "09-02 15:16", "sections": 726, "symbols": 748, "train_why": "весам 23.7 ч при каденции 24", "steps_sec": {"сведение часа": 6.6, "матрица": 45.2, "книги": 40.7
  {"kind": "train", "seq": 519, "hour": "2026-09-02-17", "at": "09-02 18:05", "sections": 729, "symbols": 748, "canary_ic": 0.0056, "canary_target": "fwd_4h", "hedge": "включён", "steps_sec": {"сведение часа": 253.6, "матр
  {"kind": "books", "seq": 519, "hour": "2026-09-02-19", "at": "09-02 20:14", "sections": 731, "symbols": 748, "train_why": "весам 0.4 ч при каденции 24", "steps_sec": {"сведение часа": 630.1, "матрица": 50.0, "книги": 76.
  {"kind": "books", "seq": 519, "hour": "2026-09-02-19", "at": "09-02 20:21", "sections": 731, "symbols": 748, "train_why": "весам 0.6 ч при каденции 24", "steps_sec": {"сведение часа": 11.3, "матрица": 46.9, "книги": 53.4
  {"kind": "books", "seq": 519, "hour": "2026-09-02-20", "at": "09-02 21:08", "sections": 732, "symbols": 748, "train_why": "весам 1.3 ч при каденции 24", "steps_sec": {"сведение часа": 293.1, "матрица": 47.3, "книги": 46.
  {"kind": "books", "seq": 519, "hour": "2026-09-02-21", "at": "09-02 22:08", "sections": 733, "symbols": 748, "train_why": "весам 2.3 ч при каденции 24", "steps_sec": {"сведение часа": 300.2, "матрица": 46.8, "книги": 47.
  {"kind": "books", "seq": 519, "hour": "2026-09-02-22", "at": "09-02 23:08", "sections": 734, "symbols": 748, "train_why": "весам 3.3 ч при каденции 24", "steps_sec": {"сведение часа": 309.1, "матрица": 46.3, "книги": 43.
  {"kind": "books", "seq": 519, "hour": "2026-09-02-23", "at": "09-03 00:08", "sections": 735, "symbols": 748, "train_why": "весам 4.4 ч при каденции 24", "steps_sec": {"сведение часа": 312.2, "матрица": 46.6, "книги": 58.
  {"kind": "books", "seq": 519, "hour": "2026-09-03-00", "at": "09-03 01:08", "sections": 736, "symbols": 748, "train_why": "весам 5.3 ч при каденции 24", "steps_sec": {"сведение часа": 299.0, "матрица": 46.0, "книги": 49.
  {"kind": "books", "seq": 519, "hour": "2026-09-03-01", "at": "09-03 02:09", "sections": 737, "symbols": 748, "train_why": "весам 6.4 ч при каденции 24", "steps_sec": {"сведение часа": 314.6, "матрица": 58.7, "книги": 57.
  {"kind": "books", "seq": 519, "hour": "2026-09-03-02", "at": "09-03 03:10", "sections": 738, "symbols": 748, "train_why": "весам 7.4 ч при каденции 24", "steps_sec": {"сведение часа": 372.4, "матрица": 70.4, "книги": 64.
  {"kind": "books", "seq": 519, "hour": "2026-09-03-03", "at": "09-03 04:10", "sections": 739, "symbols": 748, "train_why": "весам 8.4 ч при каденции 24", "steps_sec": {"сведение часа": 362.6, "матрица": 69.7, "книги": 65.
  {"kind": "books", "seq": 519, "hour": "2026-09-03-04", "at": "09-03 05:09", "sections": 740, "symbols": 748, "train_why": "весам 9.4 ч при каденции 24", "steps_sec": {"сведение часа": 340.3, "матрица": 69.7, "книги": 67.
  {"kind": "books", "seq": 519, "hour": "2026-09-03-05", "at": "09-03 06:09", "sections": 741, "symbols": 748, "train_why": "весам 10.4 ч при каденции 24", "steps_sec": {"сведение часа": 327.5, "матрица": 61.5, "книги": 53
  {"kind": "books", "seq": 519, "hour": "2026-09-03-06", "at": "09-03 07:09", "sections": 742, "symbols": 748, "train_why": "весам 11.4 ч при каденции 24", "steps_sec": {"сведение часа": 321.0, "матрица": 47.7, "книги": 53
  {"kind": "books", "seq": 519, "hour": "2026-09-03-07", "at": "09-03 08:08", "sections": 743, "symbols": 748, "train_why": "весам 12.3 ч при каденции 24", "steps_sec": {"сведение часа": 297.3, "матрица": 48.9, "книги": 50
  {"kind": "books", "seq": 519, "hour": "2026-09-03-08", "at": "09-03 09:08", "sections": 744, "symbols": 748, "train_why": "весам 13.3 ч при каденции 24", "steps_sec": {"сведение часа": 297.8, "матрица": 48.9, "книги": 51
  {"kind": "books", "seq": 519, "hour": "2026-09-03-09", "at": "09-03 10:08", "sections": 745, "symbols": 748, "train_why": "весам 14.4 ч при каденции 24", "steps_sec": {"сведение часа": 304.7, "матрица": 47.6, "книги": 51
  {"kind": "books", "seq": 519, "hour": "2026-09-03-10", "at": "09-03 11:08", "sections": 746, "symbols": 748, "train_why": "весам 15.4 ч при каденции 24", "steps_sec": {"сведение часа": 315.5, "матрица": 47.7, "книги": 52
  {"kind": "books", "seq": 519, "hour": "2026-09-03-11", "at": "09-03 12:08", "sections": 747, "symbols": 748, "train_why": "весам 16.4 ч при каденции 24", "steps_sec": {"сведение часа": 305.3, "матрица": 48.2, "книги": 53
  {"kind": "books", "seq": 519, "hour": "2026-09-03-12", "at": "09-03 13:08", "sections": 748, "symbols": 748, "train_why": "весам 17.3 ч при каденции 24", "steps_sec": {"сведение часа": 287.2, "матрица": 48.3, "книги": 55
  {"kind": "books", "seq": 519, "hour": "2026-09-03-13", "at": "09-03 14:07", "sections": 749, "symbols": 748, "train_why": "весам 18.3 ч при каденции 24", "steps_sec": {"сведение часа": 235.6, "матрица": 48.3, "книги": 46
  {"kind": "books", "seq": 519, "hour": "2026-09-03-14", "at": "09-03 15:06", "sections": 750, "symbols": 748, "train_why": "весам 19.3 ч при каденции 24", "steps_sec": {"сведение часа": 183.4, "матрица": 48.0, "книги": 40
  {"kind": "books", "seq": 519, "hour": "2026-09-03-15", "at": "09-03 16:06", "sections": 751, "symbols": 748, "train_why": "весам 20.3 ч при каденции 24", "steps_sec": {"сведение часа": 178.6, "матрица": 55.6, "книги": 40
  {"kind": "books", "seq": 519, "hour": "2026-09-03-16", "at": "09-03 17:07", "sections": 752, "symbols": 748, "train_why": "весам 21.3 ч при каденции 24", "steps_sec": {"сведение часа": 222.7, "матрица": 50.2, "книги": 50
  {"kind": "books", "seq": 519, "hour": "2026-09-03-17", "at": "09-03 18:08", "sections": 753, "symbols": 748, "train_why": "весам 22.3 ч при каденции 24", "steps_sec": {"сведение часа": 282.9, "матрица": 48.6, "книги": 54
  {"kind": "books", "seq": 519, "hour": "2026-09-03-18", "at": "09-03 19:08", "sections": 754, "symbols": 748, "train_why": "весам 23.4 ч при каденции 24", "steps_sec": {"сведение часа": 308.5, "матрица": 49.9, "книги": 49
  {"kind": "train", "seq": 520, "hour": "2026-09-03-19", "at": "09-03 20:08", "sections": 755, "symbols": 748, "canary_ic": -0.0019, "canary_target": "fwd_4h", "hedge": "включён", "steps_sec": {"сведение часа": 307.0, "мат
  {"kind": "books", "seq": 520, "hour": "2026-09-03-21", "at": "09-03 22:15", "sections": 757, "symbols": 748, "train_why": "весам 0.4 ч при каденции 24", "steps_sec": {"сведение часа": 640.1, "матрица": 61.4, "книги": 99.
  {"kind": "books", "seq": 520, "hour": "2026-09-03-22", "at": "09-03 23:09", "sections": 758, "symbols": 748, "train_why": "весам 1.3 ч при каденции 24", "steps_sec": {"сведение часа": 310.7, "матрица": 62.8, "книги": 62.
  {"kind": "books", "seq": 520, "hour": "2026-09-03-23", "at": "09-04 00:09", "sections": 759, "symbols": 748, "train_why": "весам 2.3 ч при каденции 24", "steps_sec": {"сведение часа": 323.9, "матрица": 48.6, "книги": 59.
  {"kind": "books", "seq": 520, "hour": "2026-09-04-00", "at": "09-04 01:08", "sections": 760, "symbols": 748, "train_why": "весам 3.3 ч при каденции 24", "steps_sec": {"сведение часа": 293.8, "матрица": 48.8, "книги": 54.
  {"kind": "books", "seq": 520, "hour": "2026-09-04-01", "at": "09-04 02:09", "sections": 761, "symbols": 748, "train_why": "весам 4.3 ч при каденции 24", "steps_sec": {"сведение часа": 331.6, "матрица": 64.6, "книги": 63.
  {"kind": "books", "seq": 520, "hour": "2026-09-04-02", "at": "09-04 03:34", "sections": 762, "symbols": 748, "train_why": "весам 5.7 ч при каденции 24", "steps_sec": {"сведение часа": 25.5, "матрица": 120.3, "книги": 93.
  {"kind": "books", "seq": 520, "hour": "2026-09-04-03", "at": "09-04 04:53", "sections": 763, "symbols": 748, "train_why": "весам 7.1 ч при каденции 24", "steps_sec": {"сведение часа": 23.6, "матрица": 59.7, "книги": 125.
  {"kind": "books", "seq": 520, "hour": "2026-09-04-04", "at": "09-04 05:08", "sections": 764, "symbols": 748, "train_why": "весам 7.3 ч при каденции 24", "steps_sec": {"сведение часа": 294.1, "матрица": 63.9, "книги": 61.
  {"kind": "books", "seq": 520, "hour": "2026-09-04-05", "at": "09-04 06:09", "sections": 765, "symbols": 748, "train_why": "весам 8.3 ч при каденции 24", "steps_sec": {"сведение часа": 333.1, "матрица": 62.0, "книги": 61.
  {"kind": "books", "seq": 520, "hour": "2026-09-04-06", "at": "09-04 07:09", "sections": 766, "symbols": 748, "train_why": "весам 9.3 ч при каденции 24", "steps_sec": {"сведение часа": 311.1, "матрица": 53.9, "книги": 56.
  {"kind": "books", "seq": 520, "hour": "2026-09-04-07", "at": "09-04 08:09", "sections": 767, "symbols": 748, "train_why": "весам 10.3 ч при каденции 24", "steps_sec": {"сведение часа": 299.1, "матрица": 64.1, "книги": 58
  {"kind": "books", "seq": 520, "hour": "2026-09-04-08", "at": "09-04 09:09", "sections": 768, "symbols": 748, "train_why": "весам 11.3 ч при каденции 24", "steps_sec": {"сведение часа": 308.6, "матрица": 55.6, "книги": 62
  {"kind": "books", "seq": 520, "hour": "2026-09-04-09", "at": "09-04 10:09", "sections": 769, "symbols": 748, "train_why": "весам 12.3 ч при каденции 24", "steps_sec": {"сведение часа": 305.3, "матрица": 62.1, "книги": 55
  {"kind": "books", "seq": 520, "hour": "2026-09-04-10", "at": "09-04 11:09", "sections": 770, "symbols": 748, "train_why": "весам 13.3 ч при каденции 24", "steps_sec": {"сведение часа": 317.0, "матрица": 60.6, "книги": 54
  {"kind": "books", "seq": 520, "hour": "2026-09-04-10", "at": "09-04 11:32", "sections": 770, "symbols": 748, "train_why": "весам 13.7 ч при каденции 24", "steps_sec": {"сведение часа": 18.5, "матрица": 56.9, "книги": 63.
  {"kind": "books", "seq": 520, "hour": "2026-09-04-11", "at": "09-04 12:10", "sections": 771, "symbols": 753, "train_why": "весам 14.3 ч при каденции 24", "steps_sec": {"сведение часа": 242.5, "матрица": 52.5, "книги": 58
  {"kind": "books", "seq": 520, "hour": "2026-09-04-12", "at": "09-04 13:07", "sections": 772, "symbols": 753, "train_why": "весам 15.3 ч при каденции 24", "steps_sec": {"сведение часа": 63.1, "матрица": 49.2, "книги": 39.
  {"kind": "books", "seq": 520, "hour": "2026-09-04-13", "at": "09-04 14:06", "sections": 773, "symbols": 753, "train_why": "весам 16.3 ч при каденции 24", "steps_sec": {"сведение часа": 157.5, "матрица": 52.0, "книги": 39
  {"kind": "books", "seq": 520, "hour": "2026-09-04-14", "at": "09-04 15:07", "sections": 774, "symbols": 753, "train_why": "весам 17.3 ч при каденции 24", "steps_sec": {"сведение часа": 231.7, "матрица": 55.2, "книги": 44
  {"kind": "books", "seq": 520, "hour": "2026-09-04-14", "at": "09-04 15:37", "sections": 774, "symbols": 753, "train_why": "весам 17.8 ч при каденции 24", "steps_sec": {"сведение часа": 15.4, "матрица": 49.1, "книги": 58.
  {"kind": "books", "seq": 520, "hour": "2026-09-04-15", "at": "09-04 16:08", "sections": 775, "symbols": 753, "train_why": "весам 18.3 ч при каденции 24", "steps_sec": {"сведение часа": 261.9, "матрица": 51.8, "книги": 47
  {"kind": "books", "seq": 520, "hour": "2026-09-04-16", "at": "09-04 17:07", "sections": 776, "symbols": 753, "train_why": "весам 19.3 ч при каденции 24", "steps_sec": {"сведение часа": 249.3, "матрица": 51.4, "книги": 48
  {"kind": "books", "seq": 520, "hour": "2026-09-04-17", "at": "09-04 18:08", "sections": 777, "symbols": 753, "train_why": "весам 20.3 ч при каденции 24", "steps_sec": {"сведение часа": 265.6, "матрица": 58.1, "книги": 49
  {"kind": "books", "seq": 520, "hour": "2026-09-04-18", "at": "09-04 19:08", "sections": 778, "symbols": 753, "train_why": "весам 21.3 ч при каденции 24", "steps_sec": {"сведение часа": 287.2, "матрица": 50.3, "книги": 51
  {"kind": "books", "seq": 520, "hour": "2026-09-04-18", "at": "09-04 19:37", "sections": 778, "symbols": 753, "train_why": "весам 21.8 ч при каденции 24", "steps_sec": {"сведение часа": 18.3, "матрица": 50.2, "книги": 67.
  {"kind": "books", "seq": 520, "hour": "2026-09-04-19", "at": "09-04 20:12", "sections": 779, "symbols": 753, "train_why": "весам 22.4 ч при каденции 24", "steps_sec": {"сведение часа": 24.2, "матрица": 53.2, "книги": 51.
  {"kind": "books", "seq": 520, "hour": "2026-09-04-19", "at": "09-04 20:57", "sections": 779, "symbols": 753, "train_why": "весам 23.1 ч при каденции 24", "steps_sec": {"сведение часа": 16.3, "матрица": 49.8, "книги": 94.
  {"kind": "books", "seq": 520, "hour": "2026-09-04-20", "at": "09-04 21:05", "sections": 780, "symbols": 753, "train_why": "весам 23.3 ч при каденции 24", "steps_sec": {"сведение часа": 223.5, "матрица": 51.4, "книги": 34
  {"kind": "train", "seq": 521, "hour": "2026-09-04-21", "at": "09-04 22:56", "sections": 781, "symbols": 753, "canary_ic": -0.0008, "canary_target": "fwd_4h", "hedge": "включён", "steps_sec": {"сведение часа": 17.6, "матр
  {"kind": "books", "seq": 521, "hour": "2026-09-05-00", "at": "09-05 01:19", "sections": 784, "symbols": 753, "train_why": "весам 0.6 ч при каденции 24", "steps_sec": {"сведение часа": 875.6, "матрица": 58.0, "книги": 123
  {"kind": "books", "seq": 521, "hour": "2026-09-05-01", "at": "09-05 02:09", "sections": 785, "symbols": 753, "train_why": "весам 1.4 ч при каденции 24", "steps_sec": {"сведение часа": 317.7, "матрица": 65.6, "книги": 63.
  {"kind": "books", "seq": 521, "hour": "2026-09-05-03", "at": "09-05 04:38", "sections": 787, "symbols": 753, "train_why": "весам 3.9 ч при каденции 24", "steps_sec": {"сведение часа": 24.3, "матрица": 58.3, "книги": 119.
  {"kind": "books", "seq": 521, "hour": "2026-09-05-04", "at": "09-05 05:09", "sections": 788, "symbols": 753, "train_why": "весам 4.5 ч при каденции 24", "steps_sec": {"сведение часа": 324.5, "матрица": 64.2, "книги": 74.
  {"kind": "books", "seq": 521, "hour": "2026-09-05-05", "at": "09-05 06:09", "sections": 789, "symbols": 753, "train_why": "весам 5.4 ч при каденции 24", "steps_sec": {"сведение часа": 326.3, "матрица": 66.4, "книги": 55.
  {"kind": "books", "seq": 521, "hour": "2026-09-05-06", "at": "09-05 07:08", "sections": 790, "symbols": 753, "train_why": "весам 6.4 ч при каденции 24", "steps_sec": {"сведение часа": 301.5, "матрица": 54.0, "книги": 50.
  {"kind": "books", "seq": 521, "hour": "2026-09-05-07", "at": "09-05 08:08", "sections": 791, "symbols": 753, "train_why": "весам 7.4 ч при каденции 24", "steps_sec": {"сведение часа": 281.2, "матрица": 49.7, "книги": 52.
  {"kind": "books", "seq": 521, "hour": "2026-09-05-07", "at": "09-05 08:27", "sections": 791, "symbols": 753, "train_why": "весам 7.7 ч при каденции 24", "steps_sec": {"сведение часа": 17.1, "матрица": 51.2, "книги": 58.7
  {"kind": "books", "seq": 521, "hour": "2026-09-05-08", "at": "09-05 09:08", "sections": 792, "symbols": 753, "train_why": "весам 8.4 ч при каденции 24", "steps_sec": {"сведение часа": 274.5, "матрица": 53.3, "книги": 54.
  {"kind": "books", "seq": 521, "hour": "2026-09-05-08", "at": "09-05 09:27", "sections": 792, "symbols": 753, "train_why": "весам 8.7 ч при каденции 24", "steps_sec": {"сведение часа": 12.8, "матрица": 50.7, "книги": 60.7
  {"kind": "books", "seq": 521, "hour": "2026-09-05-09", "at": "09-05 10:08", "sections": 793, "symbols": 753, "train_why": "весам 9.4 ч при каденции 24", "steps_sec": {"сведение часа": 280.6, "матрица": 51.2, "книги": 56.
  {"kind": "books", "seq": 521, "hour": "2026-09-05-09", "at": "09-05 10:11", "sections": 793, "symbols": 753, "train_why": "весам 9.5 ч при каденции 24", "steps_sec": {"сведение часа": 18.3, "матрица": 50.6, "книги": 42.7
  {"kind": "books", "seq": 521, "hour": "2026-09-05-09", "at": "09-05 10:57", "sections": 793, "symbols": 753, "train_why": "весам 10.3 ч при каденции 24", "steps_sec": {"сведение часа": 13.4, "матрица": 50.0, "книги": 98.
  {"kind": "books", "seq": 521, "hour": "2026-09-05-10", "at": "09-05 11:08", "sections": 794, "symbols": 753, "train_why": "весам 10.4 ч при каденции 24", "steps_sec": {"сведение часа": 275.5, "матрица": 52.3, "книги": 55
  {"kind": "books", "seq": 521, "hour": "2026-09-05-10", "at": "09-05 11:57", "sections": 794, "symbols": 753, "train_why": "весам 11.3 ч при каденции 24", "steps_sec": {"сведение часа": 15.0, "матрица": 52.0, "книги": 101
  {"kind": "books", "seq": 521, "hour": "2026-09-05-11", "at": "09-05 12:08", "sections": 795, "symbols": 753, "train_why": "весам 11.4 ч при каденции 24", "steps_sec": {"сведение часа": 282.1, "матрица": 52.2, "книги": 54
  {"kind": "books", "seq": 521, "hour": "2026-09-05-12", "at": "09-05 13:08", "sections": 796, "symbols": 753, "train_why": "весам 12.4 ч при каденции 24", "steps_sec": {"сведение часа": 283.8, "матрица": 63.1, "книги": 57
  {"kind": "books", "seq": 521, "hour": "2026-09-05-13", "at": "09-05 14:08", "sections": 797, "symbols": 753, "train_why": "весам 13.4 ч при каденции 24", "steps_sec": {"сведение часа": 284.9, "матрица": 61.8, "книги": 56
  {"kind": "books", "seq": 521, "hour": "2026-09-05-13", "at": "09-05 14:22", "sections": 797, "symbols": 753, "train_why": "весам 13.7 ч при каденции 24", "steps_sec": {"сведение часа": 17.0, "матрица": 50.9, "книги": 54.
  {"kind": "books", "seq": 521, "hour": "2026-09-05-13", "at": "09-05 14:42", "sections": 797, "symbols": 753, "train_why": "весам 14.0 ч при каденции 24", "steps_sec": {"сведение часа": 16.1, "матрица": 51.7, "книги": 80.
  {"kind": "books", "seq": 521, "hour": "2026-09-05-14", "at": "09-05 15:08", "sections": 798, "symbols": 753, "train_why": "весам 14.4 ч при каденции 24", "steps_sec": {"сведение часа": 283.3, "матрица": 50.6, "книги": 49
  {"kind": "books", "seq": 521, "hour": "2026-09-05-15", "at": "09-05 16:08", "sections": 799, "symbols": 753, "train_why": "весам 15.4 ч при каденции 24", "steps_sec": {"сведение часа": 284.1, "матрица": 52.0, "книги": 55
  {"kind": "books", "seq": 521, "hour": "2026-09-05-15", "at": "09-05 16:11", "sections": 799, "symbols": 753, "train_why": "весам 15.5 ч при каденции 24", "steps_sec": {"сведение часа": 16.0, "матрица": 50.5, "книги": 41.
  {"kind": "books", "seq": 521, "hour": "2026-09-05-15", "at": "09-05 16:32", "sections": 799, "symbols": 753, "train_why": "весам 15.8 ч при каденции 24", "steps_sec": {"сведение часа": 13.6, "матрица": 50.7, "книги": 65.
  {"kind": "books", "seq": 521, "hour": "2026-09-05-16", "at": "09-05 17:08", "sections": 800, "symbols": 753, "train_why": "весам 16.4 ч при каденции 24", "steps_sec": {"сведение часа": 268.0, "матрица": 52.4, "книги": 52
  {"kind": "books", "seq": 521, "hour": "2026-09-05-17", "at": "09-05 18:08", "sections": 801, "symbols": 753, "train_why": "весам 17.4 ч при каденции 24", "steps_sec": {"сведение часа": 261.1, "матрица": 55.3, "книги": 52
  {"kind": "books", "seq": 521, "hour": "2026-09-05-18", "at": "09-05 19:08", "sections": 802, "symbols": 753, "train_why": "весам 18.4 ч при каденции 24", "steps_sec": {"сведение часа": 279.1, "матрица": 52.8, "книги": 53
  {"kind": "books", "seq": 521, "hour": "2026-09-05-19", "at": "09-05 20:08", "sections": 803, "symbols": 753, "train_why": "весам 19.4 ч при каденции 24", "steps_sec": {"сведение часа": 285.6, "матрица": 54.7, "книги": 52
  {"kind": "books", "seq": 521, "hour": "2026-09-05-19", "at": "09-05 20:22", "sections": 803, "symbols": 753, "train_why": "весам 19.7 ч при каденции 24", "steps_sec": {"сведение часа": 15.5, "матрица": 52.4, "книги": 53.
  {"kind": "books", "seq": 521, "hour": "2026-09-05-20", "at": "09-05 21:08", "sections": 804, "symbols": 753, "train_why": "весам 20.4 ч при каденции 24", "steps_sec": {"сведение часа": 282.8, "матрица": 54.1, "книги": 55
  {"kind": "books", "seq": 521, "hour": "2026-09-05-20", "at": "09-05 21:17", "sections": 804, "symbols": 753, "train_why": "весам 20.6 ч при каденции 24", "steps_sec": {"сведение часа": 13.9, "матрица": 50.4, "книги": 49.
  {"kind": "books", "seq": 521, "hour": "2026-09-05-20", "at": "09-05 21:32", "sections": 804, "symbols": 753, "train_why": "весам 20.8 ч при каденции 24", "steps_sec": {"сведение часа": 12.9, "матрица": 50.5, "книги": 65.
  {"kind": "books", "seq": 521, "hour": "2026-09-05-21", "at": "09-05 22:08", "sections": 805, "symbols": 753, "train_why": "весам 21.4 ч при каденции 24", "steps_sec": {"сведение часа": 278.0, "матрица": 53.3, "книги": 52
  {"kind": "books", "seq": 521, "hour": "2026-09-05-22", "at": "09-05 23:10", "sections": 806, "symbols": 753, "train_why": "весам 22.5 ч при каденции 24", "steps_sec": {"сведение часа": 234.2, "матрица": 52.4, "книги": 45
  {"kind": "books", "seq": 521, "hour": "2026-09-05-22", "at": "09-05 23:37", "sections": 806, "symbols": 753, "train_why": "весам 22.9 ч при каденции 24", "steps_sec": {"сведение часа": 14.5, "матрица": 54.3, "книги": 73.
  {"kind": "books", "seq": 521, "hour": "2026-09-05-23", "at": "09-06 00:08", "sections": 807, "symbols": 753, "train_why": "весам 23.4 ч при каденции 24", "steps_sec": {"сведение часа": 276.1, "матрица": 53.8, "книги": 44
  {"kind": "train", "seq": 522, "hour": "2026-09-06-06", "at": "09-06 07:09", "sections": 814, "symbols": 753, "canary_ic": 0.0012, "canary_target": "fwd_4h", "hedge": "включён", "steps_sec": {"сведение часа": 516.6, "матр
  {"kind": "books", "seq": 522, "hour": "2026-09-06-09", "at": "09-06 10:20", "sections": 817, "symbols": 753, "train_why": "весам 1.3 ч при каденции 24", "steps_sec": {"сведение часа": 878.1, "матрица": 65.7, "книги": 127
  {"kind": "books", "seq": 522, "hour": "2026-09-06-09", "at": "09-06 10:37", "sections": 817, "symbols": 753, "train_why": "весам 1.6 ч при каденции 24", "steps_sec": {"сведение часа": 15.5, "матрица": 52.5, "книги": 61.5
  {"kind": "books", "seq": 522, "hour": "2026-09-06-10", "at": "09-06 11:08", "sections": 818, "symbols": 753, "train_why": "весам 2.1 ч при каденции 24", "steps_sec": {"сведение часа": 267.3, "матрица": 54.5, "книги": 55.
  {"kind": "books", "seq": 522, "hour": "2026-09-06-11", "at": "09-06 12:08", "sections": 819, "symbols": 753, "train_why": "весам 3.1 ч при каденции 24", "steps_sec": {"сведение часа": 278.5, "матрица": 59.5, "книги": 50.
  {"kind": "books", "seq": 522, "hour": "2026-09-06-12", "at": "09-06 13:08", "sections": 820, "symbols": 753, "train_why": "весам 4.1 ч при каденции 24", "steps_sec": {"сведение часа": 263.0, "матрица": 60.5, "книги": 50.
  {"kind": "books", "seq": 522, "hour": "2026-09-06-13", "at": "09-06 14:08", "sections": 821, "symbols": 753, "train_why": "весам 5.1 ч при каденции 24", "steps_sec": {"сведение часа": 268.5, "матрица": 57.7, "книги": 57.
  {"kind": "books", "seq": 522, "hour": "2026-09-06-14", "at": "09-06 15:07", "sections": 822, "symbols": 753, "train_why": "весам 6.1 ч при каденции 24", "steps_sec": {"сведение часа": 231.6, "матрица": 58.9, "книги": 50.
  {"kind": "books", "seq": 522, "hour": "2026-09-06-15", "at": "09-06 16:08", "sections": 823, "symbols": 753, "train_why": "весам 7.1 ч при каденции 24", "steps_sec": {"сведение часа": 261.8, "матрица": 59.5, "книги": 56.
  {"kind": "books", "seq": 522, "hour": "2026-09-06-16", "at": "09-06 17:08", "sections": 824, "symbols": 753, "train_why": "весам 8.1 ч при каденции 24", "steps_sec": {"сведение часа": 272.4, "матрица": 68.4, "книги": 62.
  {"kind": "books", "seq": 522, "hour": "2026-09-06-17", "at": "09-06 18:59", "sections": 825, "symbols": 753, "train_why": "весам 9.9 ч при каденции 24", "steps_sec": {"сведение часа": 26.7, "матрица": 87.1, "книги": 131.
  {"kind": "books", "seq": 522, "hour": "2026-09-06-18", "at": "09-06 19:08", "sections": 826, "symbols": 753, "train_why": "весам 10.1 ч при каденции 24", "steps_sec": {"сведение часа": 275.5, "матрица": 67.1, "книги": 57
  {"kind": "books", "seq": 522, "hour": "2026-09-06-19", "at": "09-06 20:09", "sections": 827, "symbols": 753, "train_why": "весам 11.1 ч при каденции 24", "steps_sec": {"сведение часа": 302.7, "матрица": 61.7, "книги": 60
  {"kind": "books", "seq": 522, "hour": "2026-09-06-20", "at": "09-06 21:08", "sections": 828, "symbols": 753, "train_why": "весам 12.1 ч при каденции 24", "steps_sec": {"сведение часа": 288.7, "матрица": 61.9, "книги": 61
  {"kind": "books", "seq": 522, "hour": "2026-09-06-21", "at": "09-06 22:08", "sections": 829, "symbols": 753, "train_why": "весам 13.1 ч при каденции 24", "steps_sec": {"сведение часа": 278.9, "матрица": 62.5, "книги": 61
  {"kind": "books", "seq": 522, "hour": "2026-09-06-22", "at": "09-06 23:09", "sections": 830, "symbols": 753, "train_why": "весам 14.1 ч при каденции 24", "steps_sec": {"сведение часа": 303.0, "матрица": 67.5, "книги": 64
  {"kind": "books", "seq": 522, "hour": "2026-09-06-22", "at": "09-06 23:22", "sections": 830, "symbols": 753, "train_why": "весам 14.3 ч при каденции 24", "steps_sec": {"сведение часа": 20.8, "матрица": 54.0, "книги": 67.
  {"kind": "books", "seq": 522, "hour": "2026-09-06-23", "at": "09-07 00:09", "sections": 831, "symbols": 753, "train_why": "весам 15.1 ч при каденции 24", "steps_sec": {"сведение часа": 311.2, "матрица": 67.1, "книги": 64
  {"kind": "books", "seq": 522, "hour": "2026-09-07-00", "at": "09-07 01:09", "sections": 832, "symbols": 753, "train_why": "весам 16.1 ч при каденции 24", "steps_sec": {"сведение часа": 327.0, "матрица": 67.9, "книги": 66
  {"kind": "books", "seq": 522, "hour": "2026-09-07-01", "at": "09-07 02:08", "sections": 833, "symbols": 753, "train_why": "весам 17.1 ч при каденции 24", "steps_sec": {"сведение часа": 280.9, "матрица": 70.5, "книги": 57
  {"kind": "books", "seq": 522, "hour": "2026-09-07-04", "at": "09-07 05:28", "sections": 836, "symbols": 753, "train_why": "весам 20.4 ч при каденции 24", "steps_sec": {"сведение часа": 22.6, "матрица": 78.0, "книги": 82.
  {"kind": "books", "seq": 522, "hour": "2026-09-07-05", "at": "09-07 06:08", "sections": 837, "symbols": 753, "train_why": "весам 21.1 ч при каденции 24", "steps_sec": {"сведение часа": 262.9, "матрица": 76.4, "книги": 64
  {"kind": "books", "seq": 522, "hour": "2026-09-07-06", "at": "09-07 07:09", "sections": 838, "symbols": 753, "train_why": "весам 22.1 ч при каденции 24", "steps_sec": {"сведение часа": 309.0, "матрица": 64.2, "книги": 59
  {"kind": "books", "seq": 522, "hour": "2026-09-07-07", "at": "09-07 08:08", "sections": 839, "symbols": 753, "train_why": "весам 23.1 ч при каденции 24", "steps_sec": {"сведение часа": 250.4, "матрица": 64.7, "книги": 40
  {"kind": "books", "seq": 522, "hour": "2026-09-07-07", "at": "09-07 08:17", "sections": 839, "symbols": 753, "train_why": "весам 23.2 ч при каденции 24", "steps_sec": {"сведение часа": 13.6, "матрица": 56.3, "книги": 52.
  {"kind": "train", "seq": 523, "hour": "2026-09-07-08", "at": "09-07 09:08", "sections": 840, "symbols": 756, "canary_ic": 0.0009, "canary_target": "fwd_4h", "hedge": "включён", "steps_sec": {"сведение часа": 310.6, "матр
  {"kind": "books", "seq": 523, "hour": "2026-09-07-11", "at": "09-07 12:21", "sections": 843, "symbols": 756, "train_why": "весам 1.3 ч при каденции 24", "steps_sec": {"сведение часа": 941.9, "матрица": 72.9, "книги": 163
  {"kind": "books", "seq": 523, "hour": "2026-09-07-12", "at": "09-07 13:09", "sections": 844, "symbols": 756, "train_why": "весам 2.1 ч при каденции 24", "steps_sec": {"сведение часа": 325.0, "матрица": 65.4, "книги": 65.
  {"kind": "books", "seq": 523, "hour": "2026-09-07-13", "at": "09-07 14:09", "sections": 845, "symbols": 756, "train_why": "весам 3.1 ч при каденции 24", "steps_sec": {"сведение часа": 323.5, "матрица": 70.3, "книги": 59.
  {"kind": "books", "seq": 523, "hour": "2026-09-07-14", "at": "09-07 15:12", "sections": 846, "symbols": 756, "train_why": "весам 4.2 ч при каденции 24", "steps_sec": {"сведение часа": 26.2, "матрица": 59.0, "книги": 61.9
  {"kind": "books", "seq": 523, "hour": "2026-09-07-14", "at": "09-07 15:52", "sections": 846, "symbols": 756, "train_why": "весам 4.8 ч при каденции 24", "steps_sec": {"сведение часа": 18.3, "матрица": 55.3, "книги": 92.8
  {"kind": "books", "seq": 523, "hour": "2026-09-07-15", "at": "09-07 16:12", "sections": 847, "symbols": 757, "train_why": "весам 5.2 ч при каденции 24", "steps_sec": {"сведение часа": 12.0, "матрица": 60.3, "книги": 52.7
  {"kind": "books", "seq": 523, "hour": "2026-09-07-15", "at": "09-07 16:32", "sections": 847, "symbols": 757, "train_why": "весам 5.5 ч при каденции 24", "steps_sec": {"сведение часа": 18.9, "матрица": 59.4, "книги": 82.0
  {"kind": "books", "seq": 523, "hour": "2026-09-07-16", "at": "09-07 17:11", "sections": 848, "symbols": 757, "train_why": "весам 6.1 ч при каденции 24", "steps_sec": {"сведение часа": 233.4, "матрица": 61.7, "книги": 64.
  {"kind": "books", "seq": 523, "hour": "2026-09-07-17", "at": "09-07 18:06", "sections": 849, "symbols": 757, "train_why": "весам 7.1 ч при каденции 24", "steps_sec": {"сведение часа": 252.9, "матрица": 65.8, "книги": 57.
  {"kind": "books", "seq": 523, "hour": "2026-09-07-18", "at": "09-07 19:06", "sections": 850, "symbols": 757, "train_why": "весам 8.1 ч при каденции 24", "steps_sec": {"сведение часа": 236.9, "матрица": 64.8, "книги": 55.
  {"kind": "books", "seq": 523, "hour": "2026-09-07-19", "at": "09-07 20:09", "sections": 851, "symbols": 757, "train_why": "весам 9.1 ч при каденции 24", "steps_sec": {"сведение часа": 303.3, "матрица": 68.8, "книги": 63.
  {"kind": "books", "seq": 523, "hour": "2026-09-07-20", "at": "09-07 21:09", "sections": 852, "symbols": 757, "train_why": "весам 10.1 ч при каденции 24", "steps_sec": {"сведение часа": 302.7, "матрица": 69.2, "книги": 63
  {"kind": "books", "seq": 523, "hour": "2026-09-07-21", "at": "09-07 22:06", "sections": 853, "symbols": 757, "train_why": "весам 11.1 ч при каденции 24", "steps_sec": {"сведение часа": 245.9, "матрица": 68.4, "книги": 56
  {"kind": "books", "seq": 523, "hour": "2026-09-07-21", "at": "09-07 22:27", "sections": 853, "symbols": 757, "train_why": "весам 11.4 ч при каденции 24", "steps_sec": {"сведение часа": 19.5, "матрица": 55.7, "книги": 70.
  {"kind": "books", "seq": 523, "hour": "2026-09-07-22", "at": "09-07 23:08", "sections": 854, "symbols": 757, "train_why": "весам 12.1 ч при каденции 24", "steps_sec": {"сведение часа": 275.4, "матрица": 67.6, "книги": 59
  {"kind": "books", "seq": 523, "hour": "2026-09-07-23", "at": "09-08 00:08", "sections": 855, "symbols": 757, "train_why": "весам 13.1 ч при каденции 24", "steps_sec": {"сведение часа": 289.3, "матрица": 63.9, "книги": 58
  {"kind": "books", "seq": 523, "hour": "2026-09-08-00", "at": "09-08 01:08", "sections": 856, "symbols": 757, "train_why": "весам 14.1 ч при каденции 24", "steps_sec": {"сведение часа": 257.6, "матрица": 64.4, "книги": 58
  {"kind": "books", "seq": 523, "hour": "2026-09-08-04", "at": "09-08 05:43", "sections": 860, "symbols": 757, "train_why": "весам 18.7 ч при каденции 24", "steps_sec": {"сведение часа": 31.6, "матрица": 65.6, "книги": 119
  {"kind": "books", "seq": 523, "hour": "2026-09-08-05", "at": "09-08 06:33", "sections": 861, "symbols": 757, "train_why": "весам 19.5 ч при каденции 24", "steps_sec": {"сведение часа": 28.0, "матрица": 70.0, "книги": 99.
  {"kind": "books", "seq": 523, "hour": "2026-09-08-06", "at": "09-08 07:09", "sections": 862, "symbols": 757, "train_why": "весам 20.1 ч при каденции 24", "steps_sec": {"сведение часа": 291.5, "матрица": 72.7, "книги": 59
  {"kind": "books", "seq": 523, "hour": "2026-09-08-07", "at": "09-08 08:09", "sections": 863, "symbols": 757, "train_why": "весам 21.1 ч при каденции 24", "steps_sec": {"сведение часа": 312.9, "матрица": 64.0, "книги": 57
  {"kind": "books", "seq": 523, "hour": "2026-09-08-08", "at": "09-08 09:09", "sections": 864, "symbols": 757, "train_why": "весам 22.1 ч при каденции 24", "steps_sec": {"сведение часа": 301.4, "матрица": 70.4, "книги": 61
  {"kind": "books", "seq": 523, "hour": "2026-09-08-09", "at": "09-08 10:09", "sections": 865, "symbols": 757, "train_why": "весам 23.1 ч при каденции 24", "steps_sec": {"сведение часа": 302.3, "матрица": 67.9, "книги": 54
  {"kind": "train", "seq": 524, "hour": "2026-09-08-11", "at": "09-08 12:45", "sections": 867, "symbols": 757, "canary_ic": -0.005, "canary_target": "fwd_4h", "hedge": "включён", "steps_sec": {"сведение часа": 264.5, "матр
  {"kind": "books", "seq": 524, "hour": "2026-09-08-14", "at": "09-08 15:18", "sections": 870, "symbols": 760, "train_why": "весам 0.5 ч при каденции 24", "steps_sec": {"сведение часа": 778.8, "матрица": 71.6, "книги": 124
  {"kind": "books", "seq": 524, "hour": "2026-09-08-15", "at": "09-08 16:08", "sections": 871, "symbols": 760, "train_why": "весам 1.3 ч при каденции 24", "steps_sec": {"сведение часа": 237.1, "матрица": 71.2, "книги": 57.
  {"kind": "books", "seq": 524, "hour": "2026-09-08-16", "at": "09-08 17:08", "sections": 872, "symbols": 760, "train_why": "весам 2.3 ч при каденции 24", "steps_sec": {"сведение часа": 255.7, "матрица": 69.1, "книги": 55.
  {"kind": "books", "seq": 524, "hour": "2026-09-08-17", "at": "09-08 18:09", "sections": 873, "symbols": 760, "train_why": "весам 3.4 ч при каденции 24", "steps_sec": {"сведение часа": 300.4, "матрица": 71.7, "книги": 60.
  {"kind": "books", "seq": 524, "hour": "2026-09-08-18", "at": "09-08 19:09", "sections": 874, "symbols": 760, "train_why": "весам 4.3 ч при каденции 24", "steps_sec": {"сведение часа": 286.3, "матрица": 70.5, "книги": 63.
  {"kind": "books", "seq": 524, "hour": "2026-09-08-19", "at": "09-08 20:09", "sections": 875, "symbols": 760, "train_why": "весам 5.4 ч при каденции 24", "steps_sec": {"сведение часа": 290.7, "матрица": 70.2, "книги": 66.
  {"kind": "books", "seq": 524, "hour": "2026-09-08-20", "at": "09-08 21:09", "sections": 876, "symbols": 760, "train_why": "весам 6.4 ч при каденции 24", "steps_sec": {"сведение часа": 313.1, "матрица": 75.8, "книги": 68.
  {"kind": "books", "seq": 524, "hour": "2026-09-08-21", "at": "09-08 22:09", "sections": 877, "symbols": 760, "train_why": "весам 7.4 ч при каденции 24", "steps_sec": {"сведение часа": 329.8, "матрица": 71.0, "книги": 67.
  {"kind": "books", "seq": 524, "hour": "2026-09-08-22", "at": "09-08 23:09", "sections": 878, "symbols": 760, "train_why": "весам 8.4 ч при каденции 24", "steps_sec": {"сведение часа": 309.1, "матрица": 73.6, "книги": 64.
  {"kind": "books", "seq": 524, "hour": "2026-09-08-23", "at": "09-09 00:09", "sections": 879, "symbols": 760, "train_why": "весам 9.4 ч при каденции 24", "steps_sec": {"сведение часа": 297.6, "матрица": 71.1, "книги": 63.
  {"kind": "books", "seq": 524, "hour": "2026-09-09-00", "at": "09-09 01:08", "sections": 880, "symbols": 760, "train_why": "весам 10.3 ч при каденции 24", "steps_sec": {"сведение часа": 273.2, "матрица": 73.6, "книги": 60
  {"kind": "books", "seq": 524, "hour": "2026-09-09-06", "at": "09-09 07:44", "sections": 885, "symbols": 760, "train_why": "весам 16.9 ч при каденции 24", "steps_sec": {"сведение часа": 29.9, "матрица": 62.9, "книги": 161
  {"kind": "books", "seq": 524, "hour": "2026-09-09-07", "at": "09-09 08:07", "sections": 886, "symbols": 760, "train_why": "весам 17.3 ч при каденции 24", "steps_sec": {"сведение часа": 228.9, "матрица": 68.4, "книги": 49
  {"kind": "books", "seq": 524, "hour": "2026-09-09-08", "at": "09-09 09:09", "sections": 887, "symbols": 760, "train_why": "весам 18.3 ч при каденции 24", "steps_sec": {"сведение часа": 286.2, "матрица": 70.0, "книги": 57
  {"kind": "books", "seq": 524, "hour": "2026-09-09-09", "at": "09-09 10:08", "sections": 888, "symbols": 760, "train_why": "весам 19.3 ч при каденции 24", "steps_sec": {"сведение часа": 260.0, "матрица": 71.8, "книги": 55
  {"kind": "books", "seq": 524, "hour": "2026-09-09-10", "at": "09-09 11:09", "sections": 889, "symbols": 760, "train_why": "весам 20.4 ч при каденции 24", "steps_sec": {"сведение часа": 285.3, "матрица": 72.5, "книги": 63
  {"kind": "books", "seq": 524, "hour": "2026-09-09-11", "at": "09-09 12:08", "sections": 890, "symbols": 760, "train_why": "весам 21.3 ч при каденции 24", "steps_sec": {"сведение часа": 277.7, "матрица": 69.8, "книги": 62
  {"kind": "books", "seq": 524, "hour": "2026-09-09-12", "at": "09-09 13:09", "sections": 891, "symbols": 760, "train_why": "весам 22.3 ч при каденции 24", "steps_sec": {"сведение часа": 294.8, "матрица": 71.8, "книги": 53
  {"kind": "books", "seq": 524, "hour": "2026-09-09-13", "at": "09-09 14:07", "sections": 892, "symbols": 760, "train_why": "весам 23.3 ч при каденции 24", "steps_sec": {"сведение часа": 224.8, "матрица": 69.7, "книги": 45
  {"kind": "train", "seq": 525, "hour": "2026-09-10-06", "at": "09-10 07:22", "sections": 909, "symbols": 761, "canary_ic": -0.0037, "canary_target": "fwd_4h", "hedge": "включён", "steps_sec": {"сведение часа": 28.1, "матр
  {"kind": "books", "seq": 525, "hour": "2026-09-10-09", "at": "09-10 10:21", "sections": 912, "symbols": 761, "train_why": "весам 0.7 ч при каденции 24", "steps_sec": {"сведение часа": 961.9, "матрица": 79.9, "книги": 145
  {"kind": "books", "seq": 525, "hour": "2026-09-10-10", "at": "09-10 11:09", "sections": 913, "symbols": 761, "train_why": "весам 1.5 ч при каденции 24", "steps_sec": {"сведение часа": 326.9, "матрица": 76.0, "книги": 69.
  {"kind": "books", "seq": 525, "hour": "2026-09-10-10", "at": "09-10 11:27", "sections": 913, "symbols": 761, "train_why": "весам 1.8 ч при каденции 24", "steps_sec": {"сведение часа": 18.4, "матрица": 69.0, "книги": 75.4
  {"kind": "books", "seq": 525, "hour": "2026-09-10-10", "at": "09-10 11:43", "sections": 913, "symbols": 761, "train_why": "весам 2.1 ч при каденции 24", "steps_sec": {"сведение часа": 20.0, "матрица": 70.1, "книги": 89.9
  {"kind": "books", "seq": 525, "hour": "2026-09-10-10", "at": "09-10 11:53", "sections": 913, "symbols": 761, "train_why": "весам 2.3 ч при каденции 24", "steps_sec": {"сведение часа": 16.2, "матрица": 65.0, "книги": 101.
  {"kind": "books", "seq": 525, "hour": "2026-09-10-11", "at": "09-10 12:09", "sections": 914, "symbols": 764, "train_why": "весам 2.5 ч при каденции 24", "steps_sec": {"сведение часа": 295.1, "матрица": 71.5, "книги": 64.
  {"kind": "books", "seq": 525, "hour": "2026-09-10-12", "at": "09-10 13:07", "sections": 915, "symbols": 764, "train_why": "весам 3.5 ч при каденции 24", "steps_sec": {"сведение часа": 213.7, "матрица": 63.2, "книги": 52.
  {"kind": "books", "seq": 525, "hour": "2026-09-10-12", "at": "09-10 13:42", "sections": 915, "symbols": 764, "train_why": "весам 4.1 ч при каденции 24", "steps_sec": {"сведение часа": 24.3, "матрица": 66.8, "книги": 76.5
  {"kind": "books", "seq": 525, "hour": "2026-09-10-13", "at": "09-10 14:07", "sections": 916, "symbols": 764, "train_why": "весам 4.5 ч при каденции 24", "steps_sec": {"сведение часа": 207.0, "матрица": 66.8, "книги": 61.
  {"kind": "books", "seq": 525, "hour": "2026-09-10-14", "at": "09-10 15:08", "sections": 917, "symbols": 764, "train_why": "весам 5.5 ч при каденции 24", "steps_sec": {"сведение часа": 277.4, "матрица": 69.2, "книги": 63.
  {"kind": "books", "seq": 525, "hour": "2026-09-10-15", "at": "09-10 16:09", "sections": 918, "symbols": 764, "train_why": "весам 6.5 ч при каденции 24", "steps_sec": {"сведение часа": 276.0, "матрица": 73.6, "книги": 63.
  {"kind": "books", "seq": 525, "hour": "2026-09-10-16", "at": "09-10 17:08", "sections": 919, "symbols": 764, "train_why": "весам 7.5 ч при каденции 24", "steps_sec": {"сведение часа": 238.7, "матрица": 71.9, "книги": 63.
  {"kind": "books", "seq": 525, "hour": "2026-09-10-17", "at": "09-10 18:09", "sections": 920, "symbols": 764, "train_why": "весам 8.5 ч при каденции 24", "steps_sec": {"сведение часа": 275.0, "матрица": 73.1, "книги": 67.
  {"kind": "books", "seq": 525, "hour": "2026-09-10-18", "at": "09-10 19:09", "sections": 921, "symbols": 764, "train_why": "весам 9.5 ч при каденции 24", "steps_sec": {"сведение часа": 286.7, "матрица": 76.0, "книги": 69.
  {"kind": "books", "seq": 525, "hour": "2026-09-10-19", "at": "09-10 20:09", "sections": 922, "symbols": 764, "train_why": "весам 10.5 ч при каденции 24", "steps_sec": {"сведение часа": 287.7, "матрица": 74.7, "книги": 67
  {"kind": "books", "seq": 525, "hour": "2026-09-10-20", "at": "09-10 21:33", "sections": 923, "symbols": 764, "train_why": "весам 11.9 ч при каденции 24", "steps_sec": {"сведение часа": 28.0, "матрица": 72.6, "книги": 121
  {"kind": "books", "seq": 525, "hour": "2026-09-10-21", "at": "09-10 22:09", "sections": 924, "symbols": 764, "train_why": "весам 12.5 ч при каденции 24", "steps_sec": {"сведение часа": 322.4, "матрица": 75.7, "книги": 72
  {"kind": "books", "seq": 525, "hour": "2026-09-10-22", "at": "09-10 23:09", "sections": 925, "symbols": 764, "train_why": "весам 13.5 ч при каденции 24", "steps_sec": {"сведение часа": 316.5, "матрица": 74.6, "книги": 69
  {"kind": "books", "seq": 525, "hour": "2026-09-10-22", "at": "09-10 23:22", "sections": 925, "symbols": 764, "train_why": "весам 13.7 ч при каденции 24", "steps_sec": {"сведение часа": 14.7, "матрица": 62.0, "книги": 65.
  {"kind": "books", "seq": 525, "hour": "2026-09-10-23", "at": "09-11 00:08", "sections": 926, "symbols": 764, "train_why": "весам 14.5 ч при каденции 24", "steps_sec": {"сведение часа": 272.8, "матрица": 70.9, "книги": 64
  {"kind": "books", "seq": 525, "hour": "2026-09-11-00", "at": "09-11 01:09", "sections": 927, "symbols": 764, "train_why": "весам 15.5 ч при каденции 24", "steps_sec": {"сведение часа": 273.5, "матрица": 76.4, "книги": 68
  {"kind": "books", "seq": 525, "hour": "2026-09-11-05", "at": "09-11 06:39", "sections": 932, "symbols": 764, "train_why": "весам 21.0 ч при каденции 24", "steps_sec": {"сведение часа": 36.6, "матрица": 72.7, "книги": 151
  {"kind": "books", "seq": 525, "hour": "2026-09-11-06", "at": "09-11 07:15", "sections": 933, "symbols": 764, "train_why": "весам 21.6 ч при каденции 24", "steps_sec": {"сведение часа": 31.7, "матрица": 194.5, "книги": 77
  {"kind": "books", "seq": 525, "hour": "2026-09-11-07", "at": "09-11 08:09", "sections": 934, "symbols": 764, "train_why": "весам 22.5 ч при каденции 24", "steps_sec": {"сведение часа": 322.9, "матрица": 78.5, "книги": 59
  {"kind": "books", "seq": 525, "hour": "2026-09-11-08", "at": "09-11 09:09", "sections": 935, "symbols": 764, "train_why": "весам 23.5 ч при каденции 24", "steps_sec": {"сведение часа": 319.7, "матрица": 79.7, "книги": 58
  {"kind": "train", "seq": 526, "hour": "2026-09-14-07", "at": "09-14 08:32", "sections": 999, "symbols": 767, "canary_ic": 0.0011, "canary_target": "fwd_4h", "hedge": "включён", "steps_sec": {"сведение часа": 40.9, "матри
  {"kind": "books", "seq": 526, "hour": "2026-09-14-10", "at": "09-14 11:29", "sections": 1002, "symbols": 767, "train_why": "весам 0.5 ч при каденции 24", "steps_sec": {"сведение часа": 38.0, "матрица": 78.3, "книги": 132
  {"kind": "books", "seq": 526, "hour": "2026-09-14-11", "at": "09-14 12:11", "sections": 1003, "symbols": 767, "train_why": "весам 1.2 ч при каденции 24", "steps_sec": {"сведение часа": 381.4, "матрица": 89.0, "книги": 82
  {"kind": "books", "seq": 526, "hour": "2026-09-14-12", "at": "09-14 13:10", "sections": 1004, "symbols": 767, "train_why": "весам 2.2 ч при каденции 24", "steps_sec": {"сведение часа": 364.3, "матрица": 84.2, "книги": 67
  {"kind": "books", "seq": 526, "hour": "2026-09-14-13", "at": "09-14 14:08", "sections": 1005, "symbols": 767, "train_why": "весам 3.2 ч при каденции 24", "steps_sec": {"сведение часа": 255.8, "матрица": 81.7, "книги": 61
  {"kind": "books", "seq": 526, "hour": "2026-09-14-14", "at": "09-14 15:09", "sections": 1006, "symbols": 767, "train_why": "весам 4.2 ч при каденции 24", "steps_sec": {"сведение часа": 283.2, "матрица": 82.3, "книги": 68
  {"kind": "books", "seq": 526, "hour": "2026-09-14-15", "at": "09-14 16:09", "sections": 1007, "symbols": 767, "train_why": "весам 5.2 ч при каденции 24", "steps_sec": {"сведение часа": 299.7, "матрица": 83.8, "книги": 71
  {"kind": "books", "seq": 526, "hour": "2026-09-14-16", "at": "09-14 17:33", "sections": 1008, "symbols": 767, "train_why": "весам 6.6 ч при каденции 24", "steps_sec": {"сведение часа": 34.3, "матрица": 70.1, "книги": 81.
  {"kind": "books", "seq": 526, "hour": "2026-09-14-17", "at": "09-14 18:09", "sections": 1008, "symbols": 768, "train_why": "весам 7.2 ч при каденции 24", "steps_sec": {"сведение часа": 274.3, "матрица": 84.9, "книги": 65
  {"kind": "books", "seq": 526, "hour": "2026-09-14-18", "at": "09-14 19:10", "sections": 1009, "symbols": 768, "train_why": "весам 8.2 ч при каденции 24", "steps_sec": {"сведение часа": 339.8, "матрица": 84.9, "книги": 70
  {"kind": "books", "seq": 526, "hour": "2026-09-14-19", "at": "09-14 20:10", "sections": 1010, "symbols": 768, "train_why": "весам 9.2 ч при каденции 24", "steps_sec": {"сведение часа": 364.3, "матрица": 86.5, "книги": 72
  {"kind": "books", "seq": 526, "hour": "2026-09-14-21", "at": "09-14 22:39", "sections": 1011, "symbols": 768, "train_why": "весам 11.7 ч при каденции 24", "steps_sec": {"сведение часа": 33.8, "матрица": 71.3, "книги": 83
  {"kind": "books", "seq": 526, "hour": "2026-09-14-22", "at": "09-14 23:08", "sections": 1011, "symbols": 768, "train_why": "весам 12.2 ч при каденции 24", "steps_sec": {"сведение часа": 239.3, "матрица": 84.6, "книги": 6
  {"kind": "books", "seq": 526, "hour": "2026-09-14-23", "at": "09-15 00:10", "sections": 1012, "symbols": 768, "train_why": "весам 13.2 ч при каденции 24", "steps_sec": {"сведение часа": 364.6, "матрица": 82.0, "книги": 6
  {"kind": "books", "seq": 526, "hour": "2026-09-15-00", "at": "09-15 01:09", "sections": 1013, "symbols": 768, "train_why": "весам 14.2 ч при каденции 24", "steps_sec": {"сведение часа": 304.8, "матрица": 86.9, "книги": 7
  {"kind": "books", "seq": 526, "hour": "2026-09-15-04", "at": "09-15 05:24", "sections": 1016, "symbols": 768, "train_why": "весам 18.4 ч при каденции 24", "steps_sec": {"сведение часа": 39.0, "матрица": 96.2, "книги": 86
  {"kind": "books", "seq": 526, "hour": "2026-09-15-05", "at": "09-15 06:23", "sections": 1017, "symbols": 768, "train_why": "весам 19.4 ч при каденции 24", "steps_sec": {"сведение часа": 39.4, "матрица": 72.4, "книги": 71
  {"kind": "books", "seq": 526, "hour": "2026-09-15-06", "at": "09-15 07:09", "sections": 1018, "symbols": 768, "train_why": "весам 20.2 ч при каденции 24", "steps_sec": {"сведение часа": 115.8, "матрица": 80.5, "книги": 6
  {"kind": "books", "seq": 526, "hour": "2026-09-15-07", "at": "09-15 08:11", "sections": 1018, "symbols": 768, "train_why": "весам 21.2 ч при каденции 24", "steps_sec": {"сведение часа": 378.2, "матрица": 87.1, "книги": 7
  {"kind": "books", "seq": 526, "hour": "2026-09-15-08", "at": "09-15 09:18", "sections": 1019, "symbols": 768, "train_why": "весам 22.3 ч при каденции 24", "steps_sec": {"сведение часа": 33.8, "матрица": 84.6, "книги": 73
  {"kind": "books", "seq": 526, "hour": "2026-09-15-09", "at": "09-15 10:11", "sections": 1020, "symbols": 768, "train_why": "весам 23.2 ч при каденции 24", "steps_sec": {"сведение часа": 379.1, "матрица": 89.4, "книги": 7
  {"kind": "train", "seq": 527, "hour": "2026-09-23-23", "at": "09-24 08:12", "sections": 1194, "symbols": 784, "canary_ic": -0.0039, "canary_target": "fwd_4h", "hedge": "включён", "steps_sec": {"сведение часа": 65.3, "мат
  {"kind": "books", "seq": 527, "hour": "2026-09-23-23", "at": "09-24 12:05", "sections": 1194, "symbols": 784, "train_why": "весам 0.3 ч при каденции 24", "steps_sec": {"сведение часа": 54.0, "матрица": 82.5, "книги": 52.
  {"kind": "books", "seq": 527, "hour": "2026-09-23-23", "at": "09-24 12:53", "sections": 1194, "symbols": 784, "train_why": "весам 1.1 ч при каденции 24", "steps_sec": {"сведение часа": 38.2, "матрица": 97.4, "книги": 58.
  {"kind": "books", "seq": 527, "hour": "2026-09-24-15", "at": "09-24 16:06", "sections": 1197, "symbols": 784, "train_why": "весам 4.4 ч при каденции 24", "steps_sec": {"сведение часа": 169.9, "матрица": 96.3, "книги": 61
  {"kind": "books", "seq": 527, "hour": "2026-09-24-18", "at": "09-24 19:54", "sections": 1199, "symbols": 784, "train_why": "весам 8.2 ч при каденции 24", "steps_sec": {"сведение часа": 45.6, "матрица": 89.8, "книги": 96.
  {"kind": "books", "seq": 527, "hour": "2026-09-24-19", "at": "09-24 20:13", "sections": 1200, "symbols": 784, "train_why": "весам 8.5 ч при каденции 24", "steps_sec": {"сведение часа": 44.0, "матрица": 98.3, "книги": 76.
  {"kind": "train", "seq": 528, "hour": "2026-09-28-11", "at": "09-28 17:42", "sections": 1257, "symbols": 784, "canary_ic": -0.0055, "canary_target": "fwd_4h", "hedge": "включён", "steps_sec": {"сведение часа": 22.2, "мат
  {"kind": "books", "seq": 528, "hour": "2026-09-28-21", "at": "09-28 22:32", "sections": 1261, "symbols": 785, "train_why": "весам 1.3 ч при каденции 24", "steps_sec": {"сведение часа": 1553.8, "матрица": 121.7, "книги": 
  {"kind": "books", "seq": 528, "hour": "2026-09-28-22", "at": "09-28 23:11", "sections": 1262, "symbols": 785, "train_why": "весам 1.9 ч при каденции 24", "steps_sec": {"сведение часа": 354.6, "матрица": 119.1, "книги": 8
  {"kind": "books", "seq": 528, "hour": "2026-09-28-23", "at": "09-29 00:11", "sections": 1263, "symbols": 785, "train_why": "весам 2.9 ч при каденции 24", "steps_sec": {"сведение часа": 347.2, "матрица": 116.4, "книги": 8
  {"kind": "books", "seq": 528, "hour": "2026-09-29-00", "at": "09-29 01:10", "sections": 1264, "symbols": 785, "train_why": "весам 3.9 ч при каденции 24", "steps_sec": {"сведение часа": 307.8, "матрица": 109.2, "книги": 9
  {"kind": "books", "seq": 528, "hour": "2026-09-29-01", "at": "09-29 02:09", "sections": 1265, "symbols": 785, "train_why": "весам 4.9 ч при каденции 24", "steps_sec": {"сведение часа": 225.9, "матрица": 142.5, "книги": 8
  {"kind": "books", "seq": 528, "hour": "2026-09-29-02", "at": "09-29 03:11", "sections": 1266, "symbols": 785, "train_why": "весам 5.9 ч при каденции 24", "steps_sec": {"сведение часа": 333.7, "матрица": 139.7, "книги": 9
  {"kind": "books", "seq": 528, "hour": "2026-09-29-03", "at": "09-29 04:11", "sections": 1267, "symbols": 785, "train_why": "весам 6.9 ч при каденции 24", "steps_sec": {"сведение часа": 331.3, "матрица": 122.2, "книги": 9
  {"kind": "books", "seq": 528, "hour": "2026-09-29-04", "at": "09-29 05:10", "sections": 1268, "symbols": 785, "train_why": "весам 7.9 ч при каденции 24", "steps_sec": {"сведение часа": 322.0, "матрица": 106.3, "книги": 1
  {"kind": "books", "seq": 528, "hour": "2026-09-29-05", "at": "09-29 06:11", "sections": 1269, "symbols": 785, "train_why": "весам 8.9 ч при каденции 24", "steps_sec": {"сведение часа": 335.6, "матрица": 120.0, "книги": 8
  {"kind": "books", "seq": 528, "hour": "2026-09-29-06", "at": "09-29 07:10", "sections": 1270, "symbols": 785, "train_why": "весам 9.9 ч при каденции 24", "steps_sec": {"сведение часа": 309.8, "матрица": 115.9, "книги": 8
  {"kind": "books", "seq": 528, "hour": "2026-09-29-07", "at": "09-29 08:11", "sections": 1271, "symbols": 785, "train_why": "весам 10.9 ч при каденции 24", "steps_sec": {"сведение часа": 317.9, "матрица": 133.4, "книги": 
  {"kind": "books", "seq": 528, "hour": "2026-09-29-08", "at": "09-29 09:10", "sections": 1272, "symbols": 785, "train_why": "весам 11.9 ч при каденции 24", "steps_sec": {"сведение часа": 280.7, "матрица": 109.2, "книги": 
  {"kind": "books", "seq": 528, "hour": "2026-09-29-09", "at": "09-29 10:11", "sections": 1273, "symbols": 785, "train_why": "весам 12.9 ч при каденции 24", "steps_sec": {"сведение часа": 327.0, "матрица": 112.7, "книги": 
  {"kind": "books", "seq": 528, "hour": "2026-09-29-10", "at": "09-29 11:11", "sections": 1274, "symbols": 785, "train_why": "весам 13.9 ч при каденции 24", "steps_sec": {"сведение часа": 349.6, "матрица": 111.1, "книги": 
  {"kind": "books", "seq": 528, "hour": "2026-09-29-11", "at": "09-29 12:11", "sections": 1275, "symbols": 785, "train_why": "весам 14.9 ч при каденции 24", "steps_sec": {"сведение часа": 325.4, "матрица": 118.3, "книги": 
  {"kind": "books", "seq": 528, "hour": "2026-09-29-12", "at": "09-29 13:10", "sections": 1276, "symbols": 785, "train_why": "весам 15.9 ч при каденции 24", "steps_sec": {"сведение часа": 299.4, "матрица": 121.6, "книги": 
  {"kind": "books", "seq": 528, "hour": "2026-09-29-13", "at": "09-29 14:09", "sections": 1277, "symbols": 785, "train_why": "весам 16.9 ч при каденции 24", "steps_sec": {"сведение часа": 230.3, "матрица": 113.9, "книги": 
  {"kind": "books", "seq": 528, "hour": "2026-09-29-14", "at": "09-29 15:08", "sections": 1278, "symbols": 785, "train_why": "весам 17.9 ч при каденции 24", "steps_sec": {"сведение часа": 212.0, "матрица": 111.2, "книги": 
  {"kind": "books", "seq": 528, "hour": "2026-09-29-15", "at": "09-29 16:08", "sections": 1279, "symbols": 785, "train_why": "весам 18.9 ч при каденции 24", "steps_sec": {"сведение часа": 172.4, "матрица": 112.7, "книги": 
  {"kind": "books", "seq": 528, "hour": "2026-09-29-16", "at": "09-29 17:09", "sections": 1280, "symbols": 785, "train_why": "весам 19.9 ч при каденции 24", "steps_sec": {"сведение часа": 246.9, "матрица": 115.4, "книги": 
  {"kind": "books", "seq": 528, "hour": "2026-09-29-17", "at": "09-29 18:10", "sections": 1281, "symbols": 785, "train_why": "весам 20.9 ч при каденции 24", "steps_sec": {"сведение часа": 310.4, "матрица": 114.8, "книги": 
  {"kind": "books", "seq": 528, "hour": "2026-09-29-18", "at": "09-29 19:10", "sections": 1282, "symbols": 785, "train_why": "весам 21.9 ч при каденции 24", "steps_sec": {"сведение часа": 303.7, "матрица": 116.6, "книги": 
  {"kind": "books", "seq": 528, "hour": "2026-09-29-19", "at": "09-29 20:11", "sections": 1283, "symbols": 785, "train_why": "весам 22.9 ч при каденции 24", "steps_sec": {"сведение часа": 336.4, "матрица": 119.9, "книги": 
  {"kind": "books", "seq": 528, "hour": "2026-09-29-20", "at": "09-29 21:12", "sections": 1284, "symbols": 785, "train_why": "весам 24.0 ч при каденции 24", "steps_sec": {"сведение часа": 370.3, "матрица": 125.8, "книги": 
  {"kind": "train", "seq": 529, "hour": "2026-09-30-04", "at": "09-30 05:27", "sections": 1291, "symbols": 789, "canary_ic": -0.0015, "canary_target": "fwd_4h", "hedge": "включён", "steps_sec": {"сведение часа": 655.3, "ма
  {"kind": "books", "seq": 529, "hour": "2026-09-30-08", "at": "09-30 09:32", "sections": 1295, "symbols": 789, "train_why": "весам 0.9 ч при каденции 24", "steps_sec": {"сведение часа": 1402.9, "матрица": 123.8, "книги": 
  {"kind": "books", "seq": 529, "hour": "2026-09-30-09", "at": "09-30 10:11", "sections": 1296, "symbols": 789, "train_why": "весам 1.6 ч при каденции 24", "steps_sec": {"сведение часа": 351.9, "матрица": 112.6, "книги": 1
  {"kind": "books", "seq": 529, "hour": "2026-09-30-10", "at": "09-30 11:11", "sections": 1297, "symbols": 789, "train_why": "весам 2.6 ч при каденции 24", "steps_sec": {"сведение часа": 363.3, "матрица": 110.4, "книги": 1
  {"kind": "books", "seq": 529, "hour": "2026-09-30-11", "at": "09-30 12:11", "sections": 1298, "symbols": 789, "train_why": "весам 3.6 ч при каденции 24", "steps_sec": {"сведение часа": 339.0, "матрица": 115.9, "книги": 1
  {"kind": "books", "seq": 529, "hour": "2026-09-30-12", "at": "09-30 13:09", "sections": 1299, "symbols": 789, "train_why": "весам 4.5 ч при каденции 24", "steps_sec": {"сведение часа": 240.3, "матрица": 115.2, "книги": 9
  {"kind": "books", "seq": 529, "hour": "2026-09-30-13", "at": "09-30 14:08", "sections": 1300, "symbols": 789, "train_why": "весам 5.5 ч при каденции 24", "steps_sec": {"сведение часа": 183.7, "матрица": 113.9, "книги": 8
  {"kind": "books", "seq": 529, "hour": "2026-09-30-14", "at": "09-30 15:08", "sections": 1301, "symbols": 789, "train_why": "весам 6.5 ч при каденции 24", "steps_sec": {"сведение часа": 161.1, "матрица": 111.8, "книги": 8
  {"kind": "books", "seq": 529, "hour": "2026-09-30-15", "at": "09-30 16:09", "sections": 1302, "symbols": 789, "train_why": "весам 7.5 ч при каденции 24", "steps_sec": {"сведение часа": 251.5, "матрица": 112.5, "книги": 1
  {"kind": "books", "seq": 529, "hour": "2026-09-30-16", "at": "09-30 17:11", "sections": 1303, "symbols": 789, "train_why": "весам 8.6 ч при каденции 24", "steps_sec": {"сведение часа": 308.2, "матрица": 130.3, "книги": 1
  {"kind": "books", "seq": 529, "hour": "2026-09-30-17", "at": "09-30 18:11", "sections": 1304, "symbols": 789, "train_why": "весам 9.6 ч при каденции 24", "steps_sec": {"сведение часа": 316.0, "матрица": 123.2, "книги": 1
  {"kind": "books", "seq": 529, "hour": "2026-09-30-18", "at": "09-30 19:11", "sections": 1305, "symbols": 789, "train_why": "весам 10.6 ч при каденции 24", "steps_sec": {"сведение часа": 337.1, "матрица": 113.4, "книги": 
  {"kind": "books", "seq": 529, "hour": "2026-09-30-19", "at": "09-30 20:11", "sections": 1306, "symbols": 789, "train_why": "весам 11.6 ч при каденции 24", "steps_sec": {"сведение часа": 322.3, "матрица": 115.5, "книги": 
  {"kind": "books", "seq": 529, "hour": "2026-09-30-20", "at": "09-30 21:12", "sections": 1307, "symbols": 789, "train_why": "весам 12.6 ч при каденции 24", "steps_sec": {"сведение часа": 357.4, "матрица": 121.1, "книги": 
  {"kind": "books", "seq": 529, "hour": "2026-09-30-21", "at": "09-30 22:12", "sections": 1308, "symbols": 789, "train_why": "весам 13.6 ч при каденции 24", "steps_sec": {"сведение часа": 355.5, "матрица": 114.0, "книги": 
  {"kind": "books", "seq": 529, "hour": "2026-09-30-22", "at": "09-30 23:12", "sections": 1309, "symbols": 789, "train_why": "весам 14.6 ч при каденции 24", "steps_sec": {"сведение часа": 369.6, "матрица": 113.6, "книги": 
  {"kind": "books", "seq": 529, "hour": "2026-09-30-23", "at": "10-01 00:12", "sections": 1310, "symbols": 789, "train_why": "весам 15.6 ч при каденции 24", "steps_sec": {"сведение часа": 376.0, "матрица": 116.0, "книги": 
  {"kind": "books", "seq": 529, "hour": "2026-10-01-00", "at": "10-01 01:11", "sections": 1311, "symbols": 789, "train_why": "весам 16.6 ч при каденции 24", "steps_sec": {"сведение часа": 348.2, "матрица": 115.7, "книги": 
  {"kind": "books", "seq": 529, "hour": "2026-10-01-01", "at": "10-01 02:13", "sections": 1312, "symbols": 789, "train_why": "весам 17.6 ч при каденции 24", "steps_sec": {"сведение часа": 394.2, "матрица": 147.5, "книги": 
  {"kind": "books", "seq": 529, "hour": "2026-10-01-02", "at": "10-01 03:13", "sections": 1313, "symbols": 789, "train_why": "весам 18.6 ч при каденции 24", "steps_sec": {"сведение часа": 428.9, "матрица": 140.4, "книги": 
  {"kind": "books", "seq": 529, "hour": "2026-10-01-03", "at": "10-01 04:12", "sections": 1314, "symbols": 789, "train_why": "весам 19.6 ч при каденции 24", "steps_sec": {"сведение часа": 387.3, "матрица": 123.3, "книги": 
  {"kind": "books", "seq": 529, "hour": "2026-10-01-04", "at": "10-01 05:12", "sections": 1315, "symbols": 789, "train_why": "весам 20.6 ч при каденции 24", "steps_sec": {"сведение часа": 352.6, "матрица": 117.0, "книги": 
  {"kind": "books", "seq": 529, "hour": "2026-10-01-05", "at": "10-01 06:13", "sections": 1316, "symbols": 789, "train_why": "весам 21.6 ч при каденции 24", "steps_sec": {"сведение часа": 398.2, "матрица": 155.7, "книги": 
  {"kind": "books", "seq": 529, "hour": "2026-10-01-06", "at": "10-01 07:11", "sections": 1317, "symbols": 789, "train_why": "весам 22.6 ч при каденции 24", "steps_sec": {"сведение часа": 337.7, "матрица": 138.5, "книги": 
  {"kind": "books", "seq": 529, "hour": "2026-10-01-07", "at": "10-01 08:10", "sections": 1318, "symbols": 789, "train_why": "весам 23.5 ч при каденции 24", "steps_sec": {"сведение часа": 247.7, "матрица": 149.9, "книги": 
  {"kind": "books", "seq": 529, "hour": "2026-10-02-11", "at": "10-02 12:40", "sections": 1345, "symbols": 790, "train_why": "память: доступно 3037 МБ при пороге 3072 — рядом другие прогоны, обучение отложено на час", "ste
  {"kind": "books", "seq": 529, "hour": "2026-10-02-12", "at": "10-02 13:09", "sections": 1346, "symbols": 790, "train_why": "память: доступно 3014 МБ при пороге 3072 — рядом другие прогоны, обучение отложено на час", "ste
  {"kind": "books", "seq": 529, "hour": "2026-10-02-13", "at": "10-02 14:09", "sections": 1347, "symbols": 790, "train_why": "память: доступно 2975 МБ при пороге 3072 — рядом другие прогоны, обучение отложено на час", "ste
  {"kind": "books", "seq": 529, "hour": "2026-10-02-14", "at": "10-02 15:09", "sections": 1348, "symbols": 790, "train_why": "память: доступно 2876 МБ при пороге 3072 — рядом другие прогоны, обучение отложено на час", "ste
  {"kind": "books", "seq": 529, "hour": "2026-10-02-15", "at": "10-02 16:09", "sections": 1349, "symbols": 790, "train_why": "память: доступно 2968 МБ при пороге 3072 — рядом другие прогоны, обучение отложено на час", "ste
  {"kind": "books", "seq": 529, "hour": "2026-10-02-16", "at": "10-02 17:10", "sections": 1350, "symbols": 790, "train_why": "память: доступно 2957 МБ при пороге 3072 — рядом другие прогоны, обучение отложено на час", "ste
  {"kind": "books", "seq": 529, "hour": "2026-10-02-17", "at": "10-02 18:10", "sections": 1351, "symbols": 790, "train_why": "память: доступно 2846 МБ при пороге 3072 — рядом другие прогоны, обучение отложено на час", "ste
  {"kind": "books", "seq": 529, "hour": "2026-10-02-18", "at": "10-02 19:09", "sections": 1352, "symbols": 790, "train_why": "память: доступно 2836 МБ при пороге 3072 — рядом другие прогоны, обучение отложено на час", "ste
  {"kind": "books", "seq": 529, "hour": "2026-10-02-19", "at": "10-02 20:10", "sections": 1353, "symbols": 790, "train_why": "память: доступно 2801 МБ при пороге 3072 — рядом другие прогоны, обучение отложено на час", "ste
  {"kind": "books", "seq": 529, "hour": "2026-10-02-20", "at": "10-02 21:12", "sections": 1354, "symbols": 790, "train_why": "память: доступно 2841 МБ при пороге 3072 — рядом другие прогоны, обучение отложено на час", "ste
  {"kind": "books", "seq": 529, "hour": "2026-10-02-21", "at": "10-02 22:12", "sections": 1355, "symbols": 790, "train_why": "память: доступно 2499 МБ при пороге 3072 — рядом другие прогоны, обучение отложено на час", "ste
  {"kind": "books", "seq": 529, "hour": "2026-10-02-22", "at": "10-02 23:12", "sections": 1356, "symbols": 790, "train_why": "память: доступно 2738 МБ при пороге 3072 — рядом другие прогоны, обучение отложено на час", "ste
  {"kind": "books", "seq": 529, "hour": "2026-10-02-23", "at": "10-03 00:12", "sections": 1357, "symbols": 790, "train_why": "память: доступно 2723 МБ при пороге 3072 — рядом другие прогоны, обучение отложено на час", "ste
  {"kind": "books", "seq": 529, "hour": "2026-10-03-00", "at": "10-03 01:12", "sections": 1358, "symbols": 790, "train_why": "память: доступно 2709 МБ при пороге 3072 — рядом другие прогоны, обучение отложено на час", "ste
  {"kind": "books", "seq": 529, "hour": "2026-10-03-01", "at": "10-03 02:13", "sections": 1359, "symbols": 790, "train_why": "память: доступно 1280 МБ при пороге 3072 — рядом другие прогоны, обучение отложено на час", "ste
  {"kind": "books", "seq": 529, "hour": "2026-10-03-01", "at": "10-03 02:56", "sections": 1359, "symbols": 790, "train_why": "память: доступно 2337 МБ при пороге 3072 — рядом другие прогоны, обучение отложено на час", "ste
  {"kind": "books", "seq": 529, "hour": "2026-10-03-07", "at": "10-03 08:20", "sections": 1364, "symbols": 790, "train_why": "память: доступно 3001 МБ при пороге 3072 — рядом другие прогоны, обучение отложено на час", "ste
  {"kind": "books", "seq": 529, "hour": "2026-10-03-08", "at": "10-03 09:12", "sections": 1365, "symbols": 790, "train_why": "память: доступно 1579 МБ при пороге 3072 — рядом другие прогоны, обучение отложено на час", "ste
  {"kind": "books", "seq": 529, "hour": "2026-10-03-09", "at": "10-03 10:13", "sections": 1366, "symbols": 790, "train_why": "память: доступно 1937 МБ при пороге 3072 — рядом другие прогоны, обучение отложено на час", "ste
  {"kind": "books", "seq": 529, "hour": "2026-10-03-10", "at": "10-03 11:12", "sections": 1367, "symbols": 790, "train_why": "память: доступно 2942 МБ при пороге 3072 — рядом другие прогоны, обучение отложено на час", "ste
  {"kind": "books", "seq": 529, "hour": "2026-10-03-11", "at": "10-03 12:12", "sections": 1368, "symbols": 790, "train_why": "память: доступно 2896 МБ при пороге 3072 — рядом другие прогоны, обучение отложено на час", "ste
  {"kind": "books", "seq": 529, "hour": "2026-10-03-12", "at": "10-03 13:12", "sections": 1369, "symbols": 790, "train_why": "память: доступно 2736 МБ при пороге 3072 — рядом другие прогоны, обучение отложено на час", "ste
  {"kind": "books", "seq": 529, "hour": "2026-10-03-13", "at": "10-03 14:13", "sections": 1370, "symbols": 790, "train_why": "память: доступно 2835 МБ при пороге 3072 — рядом другие прогоны, обучение отложено на час", "ste
  {"kind": "books", "seq": 529, "hour": "2026-10-03-14", "at": "10-03 15:13", "sections": 1371, "symbols": 790, "train_why": "память: доступно 2085 МБ при пороге 3072 — рядом другие прогоны, обучение отложено на час", "ste
  {"kind": "books", "seq": 529, "hour": "2026-10-03-15", "at": "10-03 16:13", "sections": 1372, "symbols": 790, "train_why": "память: доступно 1848 МБ при пороге 3072 — рядом другие прогоны, обучение отложено на час", "ste
  {"kind": "books", "seq": 529, "hour": "2026-10-03-16", "at": "10-03 17:13", "sections": 1373, "symbols": 790, "train_why": "память: доступно 2789 МБ при пороге 3072 — рядом другие прогоны, обучение отложено на час", "ste
  {"kind": "books", "seq": 529, "hour": "2026-10-03-17", "at": "10-03 18:12", "sections": 1374, "symbols": 790, "train_why": "память: доступно 2786 МБ при пороге 3072 — рядом другие прогоны, обучение отложено на час", "ste
  {"kind": "books", "seq": 529, "hour": "2026-10-03-18", "at": "10-03 19:12", "sections": 1375, "symbols": 790, "train_why": "память: доступно 2758 МБ при пороге 3072 — рядом другие прогоны, обучение отложено на час", "ste
  {"kind": "books", "seq": 529, "hour": "2026-10-03-19", "at": "10-03 20:13", "sections": 1376, "symbols": 790, "train_why": "память: доступно 2790 МБ при пороге 3072 — рядом другие прогоны, обучение отложено на час", "ste
  {"kind": "books", "seq": 529, "hour": "2026-10-03-20", "at": "10-03 21:12", "sections": 1377, "symbols": 790, "train_why": "память: доступно 2792 МБ при пороге 3072 — рядом другие прогоны, обучение отложено на час", "ste
  {"kind": "books", "seq": 529, "hour": "2026-10-03-21", "at": "10-03 22:13", "sections": 1378, "symbols": 790, "train_why": "память: доступно 2816 МБ при пороге 3072 — рядом другие прогоны, обучение отложено на час", "ste
  {"kind": "books", "seq": 529, "hour": "2026-10-03-22", "at": "10-03 23:13", "sections": 1379, "symbols": 790, "train_why": "память: доступно 2737 МБ при пороге 3072 — рядом другие прогоны, обучение отложено на час", "ste
  {"kind": "books", "seq": 529, "hour": "2026-10-03-23", "at": "10-04 00:13", "sections": 1380, "symbols": 790, "train_why": "память: доступно 2728 МБ при пороге 3072 — рядом другие прогоны, обучение отложено на час", "ste
  {"kind": "books", "seq": 529, "hour": "2026-10-04-00", "at": "10-04 01:12", "sections": 1381, "symbols": 790, "train_why": "память: доступно 2736 МБ при пороге 3072 — рядом другие прогоны, обучение отложено на час", "ste
  {"kind": "books", "seq": 529, "hour": "2026-10-04-01", "at": "10-04 02:13", "sections": 1382, "symbols": 790, "train_why": "память: доступно 1291 МБ при пороге 3072 — рядом другие прогоны, обучение отложено на час", "ste
  {"kind": "books", "seq": 529, "hour": "2026-10-04-01", "at": "10-04 02:57", "sections": 1382, "symbols": 790, "train_why": "память: доступно 2288 МБ при пороге 3072 — рядом другие прогоны, обучение отложено на час", "ste
  {"kind": "books", "seq": 529, "hour": "2026-10-04-14", "at": "10-04 15:57", "sections": 1394, "symbols": 790, "train_why": "память: доступно 2995 МБ при пороге 3072 — рядом другие прогоны, обучение отложено на час", "ste
  {"kind": "books", "seq": 529, "hour": "2026-10-04-15", "at": "10-04 16:11", "sections": 1395, "symbols": 790, "train_why": "память: доступно 2969 МБ при пороге 3072 — рядом другие прогоны, обучение отложено на час", "ste
  {"kind": "books", "seq": 529, "hour": "2026-10-04-16", "at": "10-04 17:12", "sections": 1396, "symbols": 790, "train_why": "память: доступно 2909 МБ при пороге 3072 — рядом другие прогоны, обучение отложено на час", "ste
  {"kind": "books", "seq": 529, "hour": "2026-10-04-17", "at": "10-04 18:12", "sections": 1397, "symbols": 790, "train_why": "память: доступно 2890 МБ при пороге 3072 — рядом другие прогоны, обучение отложено на час", "ste
  {"kind": "books", "seq": 529, "hour": "2026-10-04-18", "at": "10-04 19:12", "sections": 1398, "symbols": 790, "train_why": "память: доступно 2883 МБ при пороге 3072 — рядом другие прогоны, обучение отложено на час", "ste
  {"kind": "books", "seq": 529, "hour": "2026-10-04-19", "at": "10-04 20:12", "sections": 1399, "symbols": 790, "train_why": "память: доступно 2838 МБ при пороге 3072 — рядом другие прогоны, обучение отложено на час", "ste
  {"kind": "books", "seq": 529, "hour": "2026-10-04-20", "at": "10-04 21:12", "sections": 1400, "symbols": 790, "train_why": "память: доступно 2762 МБ при пороге 3072 — рядом другие прогоны, обучение отложено на час", "ste
конец: 2026-10-04T21:45:18Z, код 0
