== задание heat-train2 ==
строка: run tools/loggrep.py --file train --preset cycle --last 6
начало: 2026-10-04T22:21:23Z
запускаю: .venv/bin/python tools/loggrep.py --file train --preset cycle --last 6
== research/s8_loop/out/train.log по образцу /матрица:|обучение пропущено по каденции|обучение отложено по памяти|переобучаю:|цикл закончен/ за 10 сут ==
  совпадений 360
  2026-09-25: 10
  2026-09-26: 20
  2026-09-27: 26
  2026-09-28: 17
  2026-09-29: 50
  2026-09-30: 49
  2026-10-01: 48
  2026-10-02: 50
  2026-10-03: 50
  2026-10-04: 40
  [10-04 20:10:09] матрица: 790 символов × 1588 часов, сечений с ≥30 именами: 1399, признаков 50
  [10-04 20:12:25] обучение отложено по памяти: память: доступно 2838 МБ при пороге 3072 — рядом другие прогоны, обучение отложено на час; цикл 626 с (сведение часа 350 с, матрица 140 с, книги 130 с, оценка 0 с)
  [10-04 21:10:00] матрица: 790 символов × 1589 часов, сечений с ≥30 именами: 1400, признаков 50
  [10-04 21:12:15] обучение отложено по памяти: память: доступно 2762 МБ при пороге 3072 — рядом другие прогоны, обучение отложено на час; цикл 616 с (сведение часа 347 с, матрица 133 с, книги 127 с, оценка 0 с)
  [10-04 21:42:18] матрица: 790 символов × 1589 часов, сечений с ≥30 именами: 1400, признаков 50
  [10-04 21:45:59] переобучаю: весам 109.1 ч при каденции 24
конец: 2026-10-04T22:21:23Z, код 0
