  [10-04 21:11:58]   h4_r_f0_w5_gs_rrhi_sr_b0_a1: живой книги нет — полоса control: живая книга заводится только прошедшим проверки и отбор (решение владельца); случайная рука остаётся в суточном реплее, где и живёт сравне
  [10-04 21:11:58]   h4_r_f30_w5_gs_rrhi_sr_b0_a1: живой книги нет — полоса control: живая книга заводится только прошедшим проверки и отбор (решение владельца); случайная рука остаётся в суточном реплее, где и живёт сравн
  [10-04 21:11:58]   h4_z_f22_w10_gl_rr0_sv_b0_a1: живой книги нет — полоса control: живая книга заводится только прошедшим проверки и отбор (решение владельца); случайная рука остаётся в суточном реплее, где и живёт сравн
  [10-04 21:11:58]   h4_z_f30_w10_gl_rrhi_se_b0_a1: живой книги нет — полоса control: живая книга заводится только прошедшим проверки и отбор (решение владельца); случайная рука остаётся в суточном реплее, где и живёт срав
  [10-04 21:11:58]   h4_z_f30_w5_gs_rrhi_se_b0_a1: живой книги нет — полоса control: живая книга заводится только прошедшим проверки и отбор (решение владельца); случайная рука остаётся в суточном реплее, где и живёт сравн
  [10-04 21:11:58]   h4_z_f30_w5_gt_rrlo_sr_b0_a0: живой книги нет — полоса control: живая книга заводится только прошедшим проверки и отбор (решение владельца); случайная рука остаётся в суточном реплее, где и живёт сравн
  [10-04 21:11:58]   h4_z_f44_w5_gt_rrhi_se_b0_a1: живой книги нет — полоса control: живая книга заводится только прошедшим проверки и отбор (решение владельца); случайная рука остаётся в суточном реплее, где и живёт сравн
  [10-04 21:12:15] живой IC [gbm]: fwd_4h +0.0374 по 1 закрывшимся сечениям
  [10-04 21:12:15] живой IC [nn]: fwd_4h -0.0381 по 1 закрывшимся сечениям
  [10-04 21:12:15] память: доступно 2762 МБ при пороге 3072 — рядом другие прогоны, обучение отложено на час
  [10-04 21:12:15] обучение отложено по памяти: память: доступно 2762 МБ при пороге 3072 — рядом другие прогоны, обучение отложено на час; цикл 616 с (сведение часа 347 с, матрица 133 с, книги 127 с, оценка 0 с)
  [10-04 21:12:15] следующая попытка через 49 мин (обучения не было)

== research/dca_paper/out/short.log (хвост 40) ==
  строк всего 56358
  |---|--:|--:|--:|--:|--:|--:|
  | безопасная (шорт h24) | ≥ 2 % | 3800 | 1291 | 17 | 476 | 0 |
  | оптимальная (шорт h24) | ≥ 2 % | 3800 | 1145 | 14 | 440 | 0 |
  | агрессивная (шорт h24) | ≥ 2 % | 3800 | 1145 | 14 | 440 | 0 |
  
  ## Книги
  
  | книга | депозит | билет | сделок | Σ $ | итог | просадка | медиана дня | плюсов | $ без лучшего имени | $ без 3 лучших дней | просадка без худшего дня | вперёд / пересчёт |
  |---|--:|--:|--:|--:|--:|--:|--:|--:|--:|--:|--:|--:|
  | `safe_h` (безопасная (шорт h24)) | $1000 | $25 | 1054 | +374.77 | +37.48 % | -12.87 % | +0.01 | 0.568 % | +320.28 | +203.89 | -7.2 % | 114 / 940 |
  | `safe_h` (безопасная (шорт h24)) | $10000 | $111 | 1067 | +1698.17 | +16.98 % | -5.44 % | +0.01 | 0.569 % | +1508.27 | +1020.74 | -3.0 % | 114 / 953 |
  | `safe_h` (безопасная (шорт h24)) | $100000 | $1111 | 1067 | +16998.04 | +17.00 % | -5.44 % | +0.01 | 0.569 % | +15096.91 | +10217.23 | -3.0 % | 114 / 953 |
  | `optimal_h` (оптимальная (шорт h24)) | $1000 | $25 | 1120 | +406.13 | +40.61 % | -20.33 % | +0.01 | 0.521 % | +332.48 | -9.08 | -18.5 % | 126 / 994 |
  | `optimal_h` (оптимальная (шорт h24)) | $10000 | $55.5 | 1162 | +940.70 | +9.41 % | -4.16 % | +0.00 | 0.521 % | +834.35 | +236.15 | -3.2 % | 133 / 1029 |
  | `optimal_h` (оптимальная (шорт h24)) | $100000 | $555.5 | 1162 | +9415.59 | +9.42 % | -4.17 % | +0.00 | 0.521 % | +8350.98 | +2363.21 | -3.2 % | 133 / 1029 |
  | `aggr_h` (агрессивная (шорт h24)) | $1000 | $6.5 | 883 | +156.27 | +15.63 % | -6.34 % | +0.00 | 0.468 % | +140.41 | +48.00 | -6.3 % | 114 / 769 |
  | `aggr_h` (агрессивная (шорт h24)) | $10000 | $66.5 | 883 | +1600.73 | +16.01 % | -6.49 % | +0.00 | 0.468 % | +1437.75 | +490.00 | -6.5 % | 114 / 769 |
  | `aggr_h` (агрессивная (шорт h24)) | $100000 | $666.5 | 883 | +16045.31 | +16.05 % | -6.51 % | +0.00 | 0.468 % | +14411.12 | +4909.98 | -6.5 % | 114 / 769 |
  
  **Колонки концентрации отвечают на разные вопросы.** «Без лучшего имени» ловит одну разогнанную монету; «без 3 лучших дней» ловит рыночный эпизод, который раздаёт деньги десяткам имён разом, и первой колонке он невидим; 
  
  
  Вперёд — решения, записанные в течение 120 ч после самого решения; остальное — пересчёт истории по нынешним правилам, и складывать их в один вердикт нельзя.
  
  ## Чего замер НЕ говорит
  
  - Живого исполнения здесь нет: исходы считаются реплеем по барам записи. Проскальзывание, очередь в стакане и задержка входа не моделируются; издержки круга учтены в `pnl_net`, отдельный замер издержек — `costs.py`.
  - Общий счёт с длинной книгой считает `run_pair.py`: там депозит один на обе стороны, и числа его книг не равны сумме этой книги и длинной.
  - Хедж-режим есть ПРАВИЛО СЧЁТА этой книги: она не смотрит на длинные позиции. На бирже так можно только в хедж-режиме; в одностороннем совпадающий шорт резал бы длинную позицию, и число таких совпадений стоит выше.
  - Веса модели видели эти часы: пересчёт истории читается как оценка СВЕРХУ. Судит форвард.
  
  публикуется в ветку main:
   research/dca_paper/out/DCA-short.json         |  2 +-
   research/dca_paper/out/DCA-short.md           | 32 +++++++++++++--------------
   research/dca_paper/out/short-2026-10-03.jsonl |  9 ++++++++
   3 files changed, 26 insertions(+), 17 deletions(-)
  To github.com:n0tgod/algoth_v2.git
     01d4bac1..1053a214  main -> main
  branch 'main' set up to track 'origin/main'.
  опубликовано

== research/dca_paper/out/daily.log (хвост 40) ==
  строк всего 155626
  
  Гейт стоит ПЕРВЫМ, до правила одной на имя: у режима с гейтом низкоплечевой ранний вход не случается вовсе, и имя остаётся свободным для рычажного. Пик считается по тому, что режим ВЗЯЛ, и стоит рядом с объявленным — тем
  
  | режим | решений | отсеял гейт | после одной на имя | медиана плеча | свой пик позиций | объявлен |
  |---|--:|--:|--:|--:|--:|--:|
  | безопасная | 7551 | нет гейта | 1874 | 1.54× | 464 | 457 ⚠ ниже измеренного |
  | оптимальная | 7551 | нет гейта | 1888 | 1.93× | 464 | 457 ⚠ ниже измеренного |
  | агрессивная | 7551 | 5565 (плечо < 4×) | 650 | 8.62× | 245 | 237 ⚠ ниже измеренного |
  
  **Объявленный пик ниже измеренного у режимов: безопасная, оптимальная, агрессивная.** Значит билет посчитан от заниженного пика и велик: книга берёт не все свои решения, а первые по очереди за кассой, то есть отказ меняе
  
  ## Что связывает депозит
  
  Числа счётного прогона 2026-10-04 21:07. Касса раздаёт деньги по очереди решений, поэтому книга, которой не хватает мест, берёт не лучшие сигналы, а первые: отказ по кассе меняет не только объём, но и СОСТАВ.
  
  | режим | депозит | мест | взято | нет кассы | мельче пола |
  |---|---|--:|--:|--:|--:|
  | безопасная | $1,000 | 40 | 534 | 1340 | 0 |
  | оптимальная | $1,000 | 40 | 554 | 1334 | 0 |
  | агрессивная | $1,000 | 160 | 486 | 164 | 0 |
  | безопасная | $10,000 | 400 | 1807 | 67 | 0 |
  | оптимальная | $10,000 | 400 | 1821 | 67 | 0 |
  | агрессивная | $10,000 | 357 | 650 | 0 | 0 |
  | безопасная | $100,000 | 689 | 1874 | 0 | 0 |
  | оптимальная | $100,000 | 689 | 1888 | 0 | 0 |
  | агрессивная | $100,000 | 355 | 650 | 0 | 0 |
  
  ## Чего эти числа НЕ описывают
  
  Живого исполнения здесь нет: сделки считаются реплеем по барам записи, а не сканером на живой цене. Значит не моделируются проскальзывание, очередь в стакане и задержка входа; долив лотов в одно имя запрещён правилом, а 
  публикуется в ветку main:
   research/dca_paper/out/DCA-paper.json | 900 +++++++++++++++++-----------------
   research/dca_paper/out/DCA-paper.md   |  16 +-
   research/s8_loop/out/day_brake.json   |   2 +-
   3 files changed, 459 insertions(+), 459 deletions(-)
  To github.com:n0tgod/algoth_v2.git
     0e6c4065..01d4bac1  main -> main
  branch 'main' set up to track 'origin/main'.
  опубликовано
  

== research/dca_paper/out/pair.log (хвост 40) ==
  строк всего 73823
  
  ## Издержки: учтены в каждой сделке
  
  Комиссия тейкером на каждом рунге и выходе, проскальзывание 4.4 б.п. (X3: медиана входа 22 заполнений, 2026-08-22…25, потолок 30) на базовый вход и рыночный выход (пол, срок, трейл, стоп), funding по рядам площадки испол
  
  | книга | депозит | сделок | из них с издержками | комиссия $ | проскальзывание $ | funding $ | издержки всего $ | брутто $ | нетто $ | медиана на сделку, б.п. маржи (комиссия / проскальз. / funding) | среднее, б.п. (там
  |---|--:|--:|--:|--:|--:|--:|--:|--:|--:|--:|--:|--:|
  | общая (безопасная) | $1,000 | 1160 | 1160 | -60.91 | -29.43 | -147.31 | -237.65 | +619.95 | +382.30 | +5.1 / +2.2 / +0.0 | +15.3 / +7.4 / -39.7 | -6960 |
  | общая (оптимальная) | $1,000 | 1155 | 1155 | -138.62 | -69.42 | -293.09 | -501.13 | +1066.84 | +565.71 | +10.5 / +4.3 / +0.0 | +29.8 / +14.9 / -68.8 | -6960 |
  | общая (агрессивная) | $1,000 | 1305 | 1305 | -65.14 | -31.84 | -110.07 | -207.05 | +662.63 | +455.58 | +53.7 / +22.0 / -0.7 | +55.7 / +27.0 / -96.2 | -6960 |
  | общая (безопасная) | $10,000 | 2541 | 2541 | -296.02 | -142.39 | -708.85 | -1147.26 | +3455.23 | +2307.98 | +5.5 / +2.2 / -0.5 | +11.9 / +5.5 / -21.9 | -6960 |
  | общая (оптимальная) | $10,000 | 2783 | 2783 | -350.79 | -169.44 | -620.27 | -1140.50 | +3927.02 | +2786.51 | +9.3 / +3.5 / -0.7 | +23.2 / +10.6 / -32.5 | -6960 |
  | общая (агрессивная) | $10,000 | 1533 | 1533 | -600.18 | -296.68 | -1113.83 | -2010.69 | +5963.22 | +3952.54 | +47.6 / +13.2 / -2.3 | +53.5 / +24.7 / -83.4 | -6960 |
  | общая (безопасная) | $100,000 | 2894 | 2894 | -2918.58 | -1406.05 | -7197.50 | -11522.13 | +34625.05 | +23102.92 | +5.5 / +2.2 / -0.6 | +11.5 / +5.2 / -19.7 | -6960 |
  | общая (оптимальная) | $100,000 | 3037 | 3037 | -3208.20 | -1564.83 | -6510.20 | -11283.23 | +33014.68 | +21731.45 | +9.3 / +3.5 / -0.8 | +22.9 / +10.2 / -32.0 | -6960 |
  | общая (агрессивная) | $100,000 | 1533 | 1533 | -6021.62 | -2976.46 | -11172.36 | -20170.44 | +59830.72 | +39660.28 | +47.6 / +13.2 / -2.3 | +53.5 / +24.7 / -83.4 | -6960 |
  
  **Funding — издержка ХВОСТА, а не средняя**: у 9 книг среднее на сделку в разы дальше от нуля, чем медиана, то есть платят немногие позиции и платят много (долгое удержание на дорогой ставке). общая (безопасная) $1000: м
  
  
  Чего не удалось измерить: у 216 сделок ряд funding не покрывает жизнь позиции — funding им НЕ начислен (это прочерк, а не ноль: он мал и разного знака, но не измерен); у 10666 сделок ставки тейкера в справочнике нет — вз
  
  Проскальзывание снято на 300 $ за имя (живой замер X3): у крупных билетов оно больше, поэтому нетто крупных депозитов — НИЖНЯЯ граница издержек. Отметка открытой позиции остаётся брутто: выхода ещё не было, и комиссию вы
  
  ## Чего эти числа НЕ говорят
  
  - Живого исполнения здесь нет: исходы позиций взяты из кэшей реплея обеих книг, посчитанных по барам записи. Очередь в стакане и задержка входа не моделируются.
  - Внутри одной секунды деньги достаются лучшему по |прогнозу| решению — правило очереди объявлено до прогона и одно на обе стороны. Другое правило дало бы другой состав, и это ось для отдельного замера, а не свойство рын
  - Общий счёт — ХЕДЖ-режим: шорт по имени, которое держит длинная сторона, разрешён. В одностороннем режиме биржи он срезал бы длинную позицию, и число совпадений выше есть цена режима.
  - Веса модели видели эти часы: пересчёт истории читается как оценка СВЕРХУ. Судит форвард.
  
  публикуется в ветку main:
   research/dca_paper/out/DCA-pair.json         |  2 +-
   research/dca_paper/out/DCA-pair.md           | 62 ++++++++++++++--------------
   research/dca_paper/out/pair-2026-10-03.jsonl |  7 ++++
   3 files changed, 39 insertions(+), 32 deletions(-)
  To github.com:n0tgod/algoth_v2.git
     1053a214..6ee14e8c  main -> main
  branch 'main' set up to track 'origin/main'.
  опубликовано

== research/b1_book/out/collect.log (хвост 40) ==
  строк всего 1080322
  [   66529 с] сообщений 228,275,665 (+193,605), сделок 18,126,576 (+11,232), книг готово 782/783, тем принято 2349/2349, сбросов 0
  [   66589 с] сообщений 228,473,327 (+197,657), сделок 18,141,667 (+15,091), книг готово 782/783, тем принято 2349/2349, сбросов 0
  [   66622 с] сторож ситуационной книги: NameError: name 'TR' is not defined
  [   66630 с] ситуационная [nn]: закрыто 1 (STRKUSDT — цена дошла до обещанной цели)
  [   66649 с] сообщений 228,703,580 (+230,253), сделок 18,162,589 (+20,922), книг готово 782/783, тем принято 2349/2349, сбросов 0
  [   66657 с] ситуационная [nn]: закрыто 1 (LYNUSDT — цена прошла обещанный ход против)
  [   66677 с] шард 16: ошибка соединения: ping/pong timed out
  [   66680 с] ситуационная [nn]: 1 живых входов часа 2026-10-04-20 записаны в книгу
  [   66680 с] шард 16: соединение закрыто: None None
  [   66680 с] шард 16: переподключение через 30 с
  [   66680 с] шард 3: ошибка соединения: ping/pong timed out
  [   66681 с] шард 6: ошибка соединения: ping/pong timed out
  [   66683 с] шард 3: соединение закрыто: None None
  [   66683 с] шард 3: переподключение через 30 с
  [   66684 с] шард 6: соединение закрыто: None None
  [   66684 с] шард 6: переподключение через 30 с
  [   66697 с] ситуационная [nn]: 1 живых входов часа 2026-10-04-20 записаны в книгу
  [   66709 с] сообщений 228,929,950 (+226,370), сделок 18,183,693 (+21,104), книг готово 663/783, тем принято 2349/2349, сбросов 0, худший шард 16 (32 с тишины)
  [   66711 с] шард 16: подключён, подписываюсь на 120 тем
  [   66714 с] шард 3: подключён, подписываюсь на 120 тем
  [   66715 с] шард 6: подключён, подписываюсь на 120 тем
  [   66769 с] сообщений 229,148,693 (+218,733), сделок 18,198,546 (+14,853), книг готово 782/783, тем принято 2349/2349, сбросов 0
  [   66829 с] сообщений 229,344,171 (+195,473), сделок 18,211,632 (+13,086), книг готово 782/783, тем принято 2349/2349, сбросов 0
  [   66864 с] ситуационная [nn]: 1 живых входов часа 2026-10-04-20 записаны в книгу
  [   66889 с] сообщений 229,534,744 (+190,560), сделок 18,226,234 (+14,575), книг готово 782/783, тем принято 2349/2349, сбросов 0
  [   66949 с] сообщений 229,751,993 (+217,249), сделок 18,241,665 (+15,431), книг готово 782/783, тем принято 2349/2349, сбросов 0
  [   67009 с] сообщений 229,946,377 (+194,384), сделок 18,253,557 (+11,892), книг готово 782/783, тем принято 2349/2349, сбросов 0
  [   67069 с] сообщений 230,134,556 (+188,175), сделок 18,268,439 (+14,882), книг готово 782/783, тем принято 2349/2349, сбросов 0
  [   67073 с] сторож ситуационной книги: NameError: name 'TR' is not defined
  [   67080 с] ситуационная [nn]: закрыто 1 (LYNUSDT — цена прошла обещанный ход против)
  [   67129 с] сообщений 230,319,629 (+185,063), сделок 18,278,898 (+10,458), книг готово 782/783, тем принято 2349/2349, сбросов 0
  [   67189 с] сообщений 230,505,215 (+185,586), сделок 18,290,066 (+11,168), книг готово 782/783, тем принято 2349/2349, сбросов 0, диска на ~102 дн.
  [   67249 с] сообщений 230,709,836 (+204,599), сделок 18,305,686 (+15,619), книг готово 782/783, тем принято 2349/2349, сбросов 0, диска на ~102 дн.
  [   67309 с] сообщений 230,911,830 (+201,983), сделок 18,320,536 (+14,849), книг готово 782/783, тем принято 2349/2349, сбросов 0, диска на ~102 дн.
  [   67369 с] сообщений 231,104,084 (+192,254), сделок 18,334,423 (+13,887), книг готово 782/783, тем принято 2349/2349, сбросов 0, диска на ~102 дн.
  [   67429 с] сообщений 231,293,690 (+189,604), сделок 18,345,930 (+11,507), книг готово 782/783, тем принято 2349/2349, сбросов 0, диска на ~102 дн.
  [   67489 с] сообщений 231,480,305 (+186,609), сделок 18,358,715 (+12,785), книг готово 782/783, тем принято 2349/2349, сбросов 0
  [   67549 с] сообщений 231,689,690 (+209,385), сделок 18,372,112 (+13,397), книг готово 782/783, тем принято 2349/2349, сбросов 0
  [   67575 с] ситуационная [nn]: закрыто 1 (LYNUSDT — цена прошла обещанный ход против)
  [   67584 с] сигнал 15: закрываю файлы

== research/b1_book/out/watchdog.log (хвост 40) ==
  строк всего 8431
  [2026-10-04T09:10:01Z] короткие книги h24: последний счёт 3721 с назад — прогон
  [2026-10-04T09:15:02Z] общий счёт: книги-источники свежее — прогон
  [2026-10-04T10:15:02Z] DCA-книги: последний счёт 3782 с назад — прогон
  [2026-10-04T10:15:02Z] короткие книги h24: последний счёт 3722 с назад — прогон
  [2026-10-04T10:20:01Z] цикл обучения не найден — поднимаю
  [2026-10-04T10:20:01Z] общий счёт: книги-источники свежее — прогон
  [2026-10-04T11:20:01Z] DCA-книги: последний счёт 3781 с назад — прогон
  [2026-10-04T11:20:01Z] короткие книги h24: последний счёт 3721 с назад — прогон
  [2026-10-04T11:25:01Z] цикл обучения не найден — поднимаю
  [2026-10-04T11:25:02Z] общий счёт: книги-источники свежее — прогон
  [2026-10-04T12:25:01Z] DCA-книги: последний счёт 3781 с назад — прогон
  [2026-10-04T12:25:01Z] короткие книги h24: последний счёт 3721 с назад — прогон
  [2026-10-04T12:30:02Z] общий счёт: книги-источники свежее — прогон
  [2026-10-04T13:30:01Z] DCA-книги: последний счёт 3781 с назад — прогон
  [2026-10-04T13:30:01Z] короткие книги h24: последний счёт 3721 с назад — прогон
  [2026-10-04T13:35:01Z] цикл обучения не найден — поднимаю
  [2026-10-04T13:35:02Z] общий счёт: книги-источники свежее — прогон
  [2026-10-04T14:35:01Z] DCA-книги: последний счёт 3781 с назад — прогон
  [2026-10-04T14:35:01Z] короткие книги h24: последний счёт 3721 с назад — прогон
  [2026-10-04T14:40:01Z] цикл обучения не найден — поднимаю
  [2026-10-04T14:40:01Z] общий счёт: книги-источники свежее — прогон
  [2026-10-04T15:40:01Z] DCA-книги: последний счёт 3781 с назад — прогон
  [2026-10-04T15:40:01Z] короткие книги h24: последний счёт 3721 с назад — прогон
  [2026-10-04T15:45:01Z] цикл обучения не найден — поднимаю
  [2026-10-04T15:45:01Z] общий счёт: книги-источники свежее — прогон
  [2026-10-04T16:45:01Z] DCA-книги: последний счёт 3781 с назад — прогон
  [2026-10-04T16:45:01Z] короткие книги h24: последний счёт 3721 с назад — прогон
  [2026-10-04T16:50:01Z] общий счёт: книги-источники свежее — прогон
  [2026-10-04T17:50:01Z] DCA-книги: последний счёт 3781 с назад — прогон
  [2026-10-04T17:50:01Z] короткие книги h24: последний счёт 3721 с назад — прогон
  [2026-10-04T17:55:01Z] общий счёт: книги-источники свежее — прогон
  [2026-10-04T18:55:01Z] DCA-книги: последний счёт 3721 с назад — прогон
  [2026-10-04T18:55:01Z] короткие книги h24: последний счёт 3661 с назад — прогон
  [2026-10-04T19:00:02Z] общий счёт: книги-источники свежее — прогон
  [2026-10-04T20:00:01Z] DCA-книги: последний счёт 3781 с назад — прогон
  [2026-10-04T20:00:01Z] короткие книги h24: последний счёт 3721 с назад — прогон
  [2026-10-04T20:05:02Z] общий счёт: книги-источники свежее — прогон
  [2026-10-04T21:05:01Z] DCA-книги: последний счёт 3781 с назад — прогон
  [2026-10-04T21:05:01Z] короткие книги h24: последний счёт 3721 с назад — прогон
  [2026-10-04T21:10:02Z] общий счёт: книги-источники свежее — прогон

== research/b1_book/out/ship.log (хвост 40) ==
  строк всего 149
  [03:15:43] итого отправлено 0.00 ГБ, дней закрыто 1 из 1
  [03:00:03] до: /root/algoth_v2/research/b1_book/out: свободно 60.3 ГБ; /root: свободно 71.3 ГБ
  [03:00:06] дней к выгрузке (не позже 2026-10-01, без отметки): 1 — 2026-10-01 … 2026-10-01; предел за прогон 20 ГБ
  [03:00:47]   2026-10-01: 61/2734 архивов, 0.30 ГБ, 40 с
  [03:02:02]   2026-10-01: 248/2734 архивов, 1.25 ГБ, 115 с
  [03:02:45]   2026-10-01: 577/2734 архивов, 2.88 ГБ, 158 с
  [03:03:16]   2026-10-01: 1296/2734 архивов, 3.94 ГБ, 188 с
  [03:03:49]   2026-10-01: 1733/2734 архивов, 3.95 ГБ, 222 с
  [03:04:21]   2026-10-01: 2097/2734 архивов, 4.06 ГБ, 253 с
  [03:05:05]   2026-10-01: 2334/2734 архивов, 4.11 ГБ, 297 с
  [03:06:20]   2026-10-01: 2617/2734 архивов, 4.18 ГБ, 373 с
  [03:06:21] 2026-10-01: архивов 2734 из 57831 файлов, 4.15 ГБ, отправлено 2734 (было 0), отказов 0, ETag не совпал у 0, ЗАКРЫТ
  [03:06:21] снятие местных копий старше 21 сут:
  [03:06:27]   2026-09-12: снято 55247 файлов, 3.24 ГБ, из них перелитых 0
  [03:06:27] после: /root/algoth_v2/research/b1_book/out: свободно 67.3 ГБ; /root: свободно 71.3 ГБ; 384 с
  [03:06:27] итого отправлено 4.21 ГБ, дней закрыто 1 из 1
  [03:00:03] до: /root/algoth_v2/research/b1_book/out: свободно 58.5 ГБ; /root: свободно 71.2 ГБ
  [03:00:05] дней к выгрузке (не позже 2026-10-02, без отметки): 1 — 2026-10-02 … 2026-10-02; предел за прогон 20 ГБ
  [03:01:43]   2026-10-02: 11/2832 архивов, 0.05 ГБ, 96 с
  [03:07:00]   ОТКАЗ b1/book/ANKRUSDT/2026-10-02.tar: An error occurred (GatewayTimeout) when calling the PutObject operation (reached max retries: 5): The server did not respond in time.
  [03:07:00]   2026-10-02: 60/2832 архивов, 0.30 ГБ, 414 с
  [03:08:55]   2026-10-02: 441/2832 архивов, 2.17 ГБ, 528 с
  [03:09:41]   2026-10-02: 762/2832 архивов, 3.73 ГБ, 574 с
  [03:12:06]   2026-10-02: 790/2832 архивов, 3.85 ГБ, 720 с
  [03:13:37]   2026-10-02: 873/2832 архивов, 3.85 ГБ, 810 с
  [03:14:09]   2026-10-02: 949/2832 архивов, 3.85 ГБ, 842 с
  [03:19:02]   2026-10-02: 1530/2832 архивов, 3.87 ГБ, 1135 с
  [03:22:46]   2026-10-02: 2231/2832 архивов, 4.01 ГБ, 1360 с
  [03:24:01]   2026-10-02: 2413/2832 архивов, 4.04 ГБ, 1435 с
  [03:24:02] 2026-10-02: архивов 2832 из 58180 файлов, 4.10 ГБ, отправлено 2831 (было 0), отказов 1, ETag не совпал у 0, не закрыт
  [03:24:02] снятие местных копий старше 21 сут:
  [03:25:05]   2026-09-13: снято 57111 файлов, 3.44 ГБ, из них перелитых 0
  [03:25:05] после: /root/algoth_v2/research/b1_book/out: свободно 64.3 ГБ; /root: свободно 71.2 ГБ; 1501 с
  [03:25:05] итого отправлено 4.16 ГБ, дней закрыто 0 из 1
  [03:30:03] до: /root/algoth_v2/research/b1_book/out: свободно 63.9 ГБ; /root: свободно 71.2 ГБ
  [03:30:32] дней к выгрузке (не позже 2026-10-02, без отметки): 1 — 2026-10-02 … 2026-10-02; предел за прогон 20 ГБ
  [03:30:44] 2026-10-02: архивов 2832 из 58180 файлов, 4.10 ГБ, отправлено 1 (было 2831), отказов 0, ETag не совпал у 0, ЗАКРЫТ
  [03:30:44] снятие местных копий старше 21 сут:
  [03:30:53] после: /root/algoth_v2/research/b1_book/out: свободно 63.8 ГБ; /root: свободно 71.2 ГБ; 50 с
  [03:30:53] итого отправлено 0.00 ГБ, дней закрыто 1 из 1

== research/a1_universe/out/refresh.log (хвост 40) ==
  строк всего 16083
    1071/1091
    1072/1091
    1073/1091
    1074/1091
    1075/1091
    1076/1091
    1077/1091
    1078/1091
    1079/1091
    1080/1091
    1081/1091
    1082/1091
    1083/1091
    1084/1091
    1085/1091
    1086/1091
    1087/1091
    1088/1091
    1089/1091
    1090/1091
    1091/1091
  публикуется в ветку main:
   research/a1_universe/out/funding-refresh.json | 3160 ++++++++++++-------------
   research/a1_universe/out/funding-refresh.md   |    4 +-
   research/factory/out/agents-runs.jsonl        |    3 +
   research/factory/out/mech_task.json           |    2 +-
   research/s8_loop/out/day_brake.json           |    2 +-
   5 files changed, 1587 insertions(+), 1584 deletions(-)
  To github.com:n0tgod/algoth_v2.git
     bd366fb4..c4abfcf9  main -> main
  branch 'main' set up to track 'origin/main'.
  опубликовано
  # Догон рядов funding площадки исполнения
  
  Прогон 2026-10-04: символов 1091, добавлено точек 3561, отказов сети 0, пустых рядов 0, 58.7 с.
  
  Край рядов после догона: минимум 2022-02-14, медиана 2026-10-04, максимум 2026-10-04. Ряд, край которого старше сегодняшнего дня, у площадки кончился (контракт снят) либо отказал сетью — отказы поимённо ниже.
  
  Отказов нет.
  

== research/a1_universe/out/instruments.log (хвост 40) ==
  строк всего 516
   research/s8_loop/out/day_brake.json               |  2 +-
   4 files changed, 10 insertions(+), 10 deletions(-)
  To github.com:n0tgod/algoth_v2.git
     37764ab1..23b3b859  main -> main
  branch 'main' set up to track 'origin/main'.
  опубликовано
  справочник: было 1898, пришло 1906, новых 8, обновлённых 10, всего 1906; с датой листинга 1906
  # Догон справочника инструментов
  
  Прогон 2026-10-03 05:00: было 1898 символов, пришло 1906, новых **8**, обновлённых 10, всего 1906; с моментом листинга 1906, из них моложе 30 суток 84. Прогон 3.8 с.
  
  Старые записи не удаляются: делистнутый символ остаётся с последним известным состоянием, иначе история потеряет имена, которыми книги торговали.
  
  публикуется в ветку main:
   research/a1_universe/out/instruments-refresh.json | 18 +++++++++---------
   research/a1_universe/out/instruments-refresh.md   |  2 +-
   research/a1_universe/out/instruments.json         |  2 +-
   research/s8_loop/out/day_brake.json               |  2 +-
   4 files changed, 12 insertions(+), 12 deletions(-)
  To github.com:n0tgod/algoth_v2.git
     789186c0..d1c14144  main -> main
  branch 'main' set up to track 'origin/main'.
  опубликовано
  справочник: было 1906, пришло 1906, новых 0, обновлённых 2, всего 1906; с датой листинга 1906
  # Догон справочника инструментов
  
  Прогон 2026-10-04 05:00: было 1906 символов, пришло 1906, новых **0**, обновлённых 2, всего 1906; с моментом листинга 1906, из них моложе 30 суток 81. Прогон 1.9 с.
  
  Старые записи не удаляются: делистнутый символ остаётся с последним известным состоянием, иначе история потеряет имена, которыми книги торговали.
  
  публикуется в ветку main:
   research/a1_universe/out/instruments-refresh.json | 12 ++++++------
   research/a1_universe/out/instruments-refresh.md   |  2 +-
   research/a1_universe/out/instruments.json         |  2 +-
   research/s8_loop/out/day_brake.json               |  2 +-
   4 files changed, 9 insertions(+), 9 deletions(-)
  To github.com:n0tgod/algoth_v2.git
     96d2a657..23c994d2  main -> main
  branch 'main' set up to track 'origin/main'.
  опубликовано

== research/s8_loop/out/model/train_log.jsonl (хвост 40) ==
  строк всего 590
  {"kind": "books", "seq": 529, "hour": "2026-10-02-14", "at": "10-02 15:09", "sections": 1348, "symbols": 790, "train_why": "память: доступно 2876 МБ при пороге 3072 — рядом другие прогоны, обучение отложено на час", "ste
  {"kind": "books", "seq": 529, "hour": "2026-10-02-15", "at": "10-02 16:09", "sections": 1349, "symbols": 790, "train_why": "память: доступно 2968 МБ при пороге 3072 — рядом другие прогоны, обучение отложено на час", "ste
  {"kind": "books", "seq": 529, "hour": "2026-10-02-16", "at": "10-02 17:10", "sections": 1350, "symbols": 790, "train_why": "память: доступно 2957 МБ при пороге 3072 — рядом другие прогоны, обучение отложено на час", "ste
  {"kind": "books", "seq": 529, "hour": "2026-10-02-17", "at": "10-02 18:10", "sections": 1351, "symbols": 790, "train_why": "память: доступно 2846 МБ при пороге 3072 — рядом другие прогоны, обучение отложено на час", "ste
  {"kind": "books", "seq": 529, "hour": "2026-10-02-18", "at": "10-02 19:09", "sections": 1352, "symbols": 790, "train_why": "память: доступно 2836 МБ при пороге 3072 — рядом другие прогоны, обучение отложено на час", "ste
  {"kind": "books", "seq": 529, "hour": "2026-10-02-19", "at": "10-02 20:10", "sections": 1353, "symbols": 790, "train_why": "память: доступно 2801 МБ при пороге 3072 — рядом другие прогоны, обучение отложено на час", "ste
  {"kind": "books", "seq": 529, "hour": "2026-10-02-20", "at": "10-02 21:12", "sections": 1354, "symbols": 790, "train_why": "память: доступно 2841 МБ при пороге 3072 — рядом другие прогоны, обучение отложено на час", "ste
  {"kind": "books", "seq": 529, "hour": "2026-10-02-21", "at": "10-02 22:12", "sections": 1355, "symbols": 790, "train_why": "память: доступно 2499 МБ при пороге 3072 — рядом другие прогоны, обучение отложено на час", "ste
  {"kind": "books", "seq": 529, "hour": "2026-10-02-22", "at": "10-02 23:12", "sections": 1356, "symbols": 790, "train_why": "память: доступно 2738 МБ при пороге 3072 — рядом другие прогоны, обучение отложено на час", "ste
  {"kind": "books", "seq": 529, "hour": "2026-10-02-23", "at": "10-03 00:12", "sections": 1357, "symbols": 790, "train_why": "память: доступно 2723 МБ при пороге 3072 — рядом другие прогоны, обучение отложено на час", "ste
  {"kind": "books", "seq": 529, "hour": "2026-10-03-00", "at": "10-03 01:12", "sections": 1358, "symbols": 790, "train_why": "память: доступно 2709 МБ при пороге 3072 — рядом другие прогоны, обучение отложено на час", "ste
  {"kind": "books", "seq": 529, "hour": "2026-10-03-01", "at": "10-03 02:13", "sections": 1359, "symbols": 790, "train_why": "память: доступно 1280 МБ при пороге 3072 — рядом другие прогоны, обучение отложено на час", "ste
  {"kind": "books", "seq": 529, "hour": "2026-10-03-01", "at": "10-03 02:56", "sections": 1359, "symbols": 790, "train_why": "память: доступно 2337 МБ при пороге 3072 — рядом другие прогоны, обучение отложено на час", "ste
  {"kind": "books", "seq": 529, "hour": "2026-10-03-07", "at": "10-03 08:20", "sections": 1364, "symbols": 790, "train_why": "память: доступно 3001 МБ при пороге 3072 — рядом другие прогоны, обучение отложено на час", "ste
  {"kind": "books", "seq": 529, "hour": "2026-10-03-08", "at": "10-03 09:12", "sections": 1365, "symbols": 790, "train_why": "память: доступно 1579 МБ при пороге 3072 — рядом другие прогоны, обучение отложено на час", "ste
  {"kind": "books", "seq": 529, "hour": "2026-10-03-09", "at": "10-03 10:13", "sections": 1366, "symbols": 790, "train_why": "память: доступно 1937 МБ при пороге 3072 — рядом другие прогоны, обучение отложено на час", "ste
  {"kind": "books", "seq": 529, "hour": "2026-10-03-10", "at": "10-03 11:12", "sections": 1367, "symbols": 790, "train_why": "память: доступно 2942 МБ при пороге 3072 — рядом другие прогоны, обучение отложено на час", "ste
  {"kind": "books", "seq": 529, "hour": "2026-10-03-11", "at": "10-03 12:12", "sections": 1368, "symbols": 790, "train_why": "память: доступно 2896 МБ при пороге 3072 — рядом другие прогоны, обучение отложено на час", "ste
  {"kind": "books", "seq": 529, "hour": "2026-10-03-12", "at": "10-03 13:12", "sections": 1369, "symbols": 790, "train_why": "память: доступно 2736 МБ при пороге 3072 — рядом другие прогоны, обучение отложено на час", "ste
  {"kind": "books", "seq": 529, "hour": "2026-10-03-13", "at": "10-03 14:13", "sections": 1370, "symbols": 790, "train_why": "память: доступно 2835 МБ при пороге 3072 — рядом другие прогоны, обучение отложено на час", "ste
  {"kind": "books", "seq": 529, "hour": "2026-10-03-14", "at": "10-03 15:13", "sections": 1371, "symbols": 790, "train_why": "память: доступно 2085 МБ при пороге 3072 — рядом другие прогоны, обучение отложено на час", "ste
  {"kind": "books", "seq": 529, "hour": "2026-10-03-15", "at": "10-03 16:13", "sections": 1372, "symbols": 790, "train_why": "память: доступно 1848 МБ при пороге 3072 — рядом другие прогоны, обучение отложено на час", "ste
  {"kind": "books", "seq": 529, "hour": "2026-10-03-16", "at": "10-03 17:13", "sections": 1373, "symbols": 790, "train_why": "память: доступно 2789 МБ при пороге 3072 — рядом другие прогоны, обучение отложено на час", "ste
  {"kind": "books", "seq": 529, "hour": "2026-10-03-17", "at": "10-03 18:12", "sections": 1374, "symbols": 790, "train_why": "память: доступно 2786 МБ при пороге 3072 — рядом другие прогоны, обучение отложено на час", "ste
  {"kind": "books", "seq": 529, "hour": "2026-10-03-18", "at": "10-03 19:12", "sections": 1375, "symbols": 790, "train_why": "память: доступно 2758 МБ при пороге 3072 — рядом другие прогоны, обучение отложено на час", "ste
  {"kind": "books", "seq": 529, "hour": "2026-10-03-19", "at": "10-03 20:13", "sections": 1376, "symbols": 790, "train_why": "память: доступно 2790 МБ при пороге 3072 — рядом другие прогоны, обучение отложено на час", "ste
  {"kind": "books", "seq": 529, "hour": "2026-10-03-20", "at": "10-03 21:12", "sections": 1377, "symbols": 790, "train_why": "память: доступно 2792 МБ при пороге 3072 — рядом другие прогоны, обучение отложено на час", "ste
  {"kind": "books", "seq": 529, "hour": "2026-10-03-21", "at": "10-03 22:13", "sections": 1378, "symbols": 790, "train_why": "память: доступно 2816 МБ при пороге 3072 — рядом другие прогоны, обучение отложено на час", "ste
  {"kind": "books", "seq": 529, "hour": "2026-10-03-22", "at": "10-03 23:13", "sections": 1379, "symbols": 790, "train_why": "память: доступно 2737 МБ при пороге 3072 — рядом другие прогоны, обучение отложено на час", "ste
  {"kind": "books", "seq": 529, "hour": "2026-10-03-23", "at": "10-04 00:13", "sections": 1380, "symbols": 790, "train_why": "память: доступно 2728 МБ при пороге 3072 — рядом другие прогоны, обучение отложено на час", "ste
  {"kind": "books", "seq": 529, "hour": "2026-10-04-00", "at": "10-04 01:12", "sections": 1381, "symbols": 790, "train_why": "память: доступно 2736 МБ при пороге 3072 — рядом другие прогоны, обучение отложено на час", "ste
  {"kind": "books", "seq": 529, "hour": "2026-10-04-01", "at": "10-04 02:13", "sections": 1382, "symbols": 790, "train_why": "память: доступно 1291 МБ при пороге 3072 — рядом другие прогоны, обучение отложено на час", "ste
  {"kind": "books", "seq": 529, "hour": "2026-10-04-01", "at": "10-04 02:57", "sections": 1382, "symbols": 790, "train_why": "память: доступно 2288 МБ при пороге 3072 — рядом другие прогоны, обучение отложено на час", "ste
  {"kind": "books", "seq": 529, "hour": "2026-10-04-14", "at": "10-04 15:57", "sections": 1394, "symbols": 790, "train_why": "память: доступно 2995 МБ при пороге 3072 — рядом другие прогоны, обучение отложено на час", "ste
  {"kind": "books", "seq": 529, "hour": "2026-10-04-15", "at": "10-04 16:11", "sections": 1395, "symbols": 790, "train_why": "память: доступно 2969 МБ при пороге 3072 — рядом другие прогоны, обучение отложено на час", "ste
  {"kind": "books", "seq": 529, "hour": "2026-10-04-16", "at": "10-04 17:12", "sections": 1396, "symbols": 790, "train_why": "память: доступно 2909 МБ при пороге 3072 — рядом другие прогоны, обучение отложено на час", "ste
  {"kind": "books", "seq": 529, "hour": "2026-10-04-17", "at": "10-04 18:12", "sections": 1397, "symbols": 790, "train_why": "память: доступно 2890 МБ при пороге 3072 — рядом другие прогоны, обучение отложено на час", "ste
  {"kind": "books", "seq": 529, "hour": "2026-10-04-18", "at": "10-04 19:12", "sections": 1398, "symbols": 790, "train_why": "память: доступно 2883 МБ при пороге 3072 — рядом другие прогоны, обучение отложено на час", "ste
  {"kind": "books", "seq": 529, "hour": "2026-10-04-19", "at": "10-04 20:12", "sections": 1399, "symbols": 790, "train_why": "память: доступно 2838 МБ при пороге 3072 — рядом другие прогоны, обучение отложено на час", "ste
  {"kind": "books", "seq": 529, "hour": "2026-10-04-20", "at": "10-04 21:12", "sections": 1400, "symbols": 790, "train_why": "память: доступно 2762 МБ при пороге 3072 — рядом другие прогоны, обучение отложено на час", "ste
конец: 2026-10-04T21:36:29Z, код 0
публикуется в ветку main:
 jobs/done/heat-deploy.done          |   1 +
 jobs/done/heat-deploy.log           |   6 +
 jobs/done/heat-memtop.done          |   1 +
 jobs/done/heat-memtop.log           | 400 ++++++++++++++++++++++++++++++++++++
 jobs/done/heat-train.log            |  12 ++
 jobs/poke.log                       |   4 +
 research/s8_loop/out/day_brake.json |   2 +-
 7 files changed, 425 insertions(+), 1 deletion(-)
To github.com:n0tgod/algoth_v2.git
   11b8fb1c..6fda0707  main -> main
branch 'main' set up to track 'origin/main'.
опубликовано
