== задание heat-train ==
строка: run tools/loggrep.py --file train --preset cycle --last 12
начало: 2026-10-04T21:29:19Z
запускаю: .venv/bin/python tools/loggrep.py --file train --preset cycle --last 12
== research/s8_loop/out/train.log по образцу /матрица:|обучение пропущено по каденции|обучение отложено по памяти|переобучаю:|цикл закончен/ за 10 сут ==
  совпадений 358
  2026-09-25: 10
  2026-09-26: 20
  2026-09-27: 26
  2026-09-28: 17
  2026-09-29: 50
  2026-09-30: 49
  2026-10-01: 48
  2026-10-02: 50
  2026-10-03: 50
  2026-10-04: 38
  [10-04 16:09:34] матрица: 790 символов × 1584 часов, сечений с ≥30 именами: 1395, признаков 50
  [10-04 16:11:36] обучение отложено по памяти: память: доступно 2969 МБ при пороге 3072 — рядом другие прогоны, обучение отложено на час; цикл 576 с (сведение часа 332 с, матрица 122 с, книги 117 с, оценка 0 с)
  [10-04 17:09:59] матрица: 790 символов × 1585 часов, сечений с ≥30 именами: 1396, признаков 50
  [10-04 17:12:11] обучение отложено по памяти: память: доступно 2909 МБ при пороге 3072 — рядом другие прогоны, обучение отложено на час; цикл 611 с (сведение часа 331 с, матрица 148 с, книги 127 с, оценка 0 с)
  [10-04 18:09:50] матрица: 790 символов × 1586 часов, сечений с ≥30 именами: 1397, признаков 50
  [10-04 18:12:04] обучение отложено по памяти: память: доступно 2890 МБ при пороге 3072 — рядом другие прогоны, обучение отложено на час; цикл 604 с (сведение часа 338 с, матрица 132 с, книги 130 с, оценка 0 с)
  [10-04 19:10:08] матрица: 790 символов × 1587 часов, сечений с ≥30 именами: 1398, признаков 50
  [10-04 19:12:22] обучение отложено по памяти: память: доступно 2883 МБ при пороге 3072 — рядом другие прогоны, обучение отложено на час; цикл 622 с (сведение часа 338 с, матрица 150 с, книги 129 с, оценка 0 с)
  [10-04 20:10:09] матрица: 790 символов × 1588 часов, сечений с ≥30 именами: 1399, признаков 50
  [10-04 20:12:25] обучение отложено по памяти: память: доступно 2838 МБ при пороге 3072 — рядом другие прогоны, обучение отложено на час; цикл 626 с (сведение часа 350 с, матрица 140 с, книги 130 с, оценка 0 с)
  [10-04 21:10:00] матрица: 790 символов × 1589 часов, сечений с ≥30 именами: 1400, признаков 50
  [10-04 21:12:15] обучение отложено по памяти: память: доступно 2762 МБ при пороге 3072 — рядом другие прогоны, обучение отложено на час; цикл 616 с (сведение часа 347 с, матрица 133 с, книги 127 с, оценка 0 с)
конец: 2026-10-04T21:29:19Z, код 0
публикуется в ветку main:
 jobs/done/heat-cycle.log   | 11 +++++++++++
 jobs/done/heat-status.done |  1 +
 jobs/done/heat-status.log  |  8 ++++++++
 jobs/done/heat-train.done  |  1 +
 jobs/done/heat-train.log   | 29 +++++++++++++++++++++++++++++
 jobs/poke.log              |  4 ++++
 6 files changed, 54 insertions(+)
To github.com:n0tgod/algoth_v2.git
   c6100be0..d63e1540  main -> main
branch 'main' set up to track 'origin/main'.
опубликовано
