== задание instr-refresh-1 ==
строка: run research/a1_universe/instruments_refresh.py
начало: 2026-09-08T07:22:30Z
запускаю: .venv/bin/python research/a1_universe/instruments_refresh.py 
справочник: было 1683, пришло 1683, новых 0, обновлённых 0, всего 1683; с датой листинга 1683
# Догон справочника инструментов

Прогон 2026-09-08 07:22: было 1683 символов, пришло 1683, новых **0**, обновлённых 0, всего 1683; с моментом листинга 1683, из них моложе 30 суток 0. Прогон 0.1 с.

Старые записи не удаляются: делистнутый символ остаётся с последним известным состоянием, иначе история потеряет имена, которыми книги торговали.

публикуется в ветку main:
 jobs/done/instr-refresh-1.done                    |     1 +
 jobs/done/instr-refresh-1.log                     |    11 +
 jobs/done/pair-rollback-1.done                    |     1 +
 jobs/done/pair-rollback-1.log                     |     4 +
 jobs/poke.log                                     |     4 +
 research/a1_universe/out/instruments-refresh.json |    11 +
 research/a1_universe/out/instruments-refresh.md   |     5 +
 research/a1_universe/out/instruments.json         | 25248 +-------------------
 research/s8_loop/out/day_brake.json               |     2 +-
 9 files changed, 39 insertions(+), 25248 deletions(-)
To github.com:n0tgod/algoth_v2.git
   5e5f66d0..21e9b089  main -> main
branch 'main' set up to track 'origin/main'.
опубликовано
конец: 2026-09-08T07:22:35Z, код 0
публикуется в ветку main:
 jobs/done/instr-refresh-1.log       | 16 ++++++++++++++++
 jobs/done/pair-rollback-1.log       |  2 ++
 research/s8_loop/out/day_brake.json |  2 +-
 3 files changed, 19 insertions(+), 1 deletion(-)
To github.com:n0tgod/algoth_v2.git
   21e9b089..9127794e  main -> main
branch 'main' set up to track 'origin/main'.
опубликовано
