== задание l1-cyclelog2 ==
строка: run tools/loggrep.py --preset cycle
начало: 2026-10-10T15:13:29Z
запускаю: .venv/bin/python tools/loggrep.py --preset cycle
usage: loggrep.py [-h] --file {collect,daily,pair,ship,short,train,watchdog}
                  [--pattern PATTERN]
                  [--preset {books,cycle,mem,oom,raise,train}] [--days DAYS]
                  [--last LAST]
loggrep.py: error: the following arguments are required: --file
конец: 2026-10-10T15:13:29Z, код 2
публикуется в ветку main:
 jobs/done/l1-cyclelog2.done         |  1 +
 jobs/done/l1-cyclelog2.log          | 10 ++++++++++
 jobs/done/l1-memtop.log             | 13 +++++++++++++
 jobs/poke.log                       |  3 +++
 research/s8_loop/out/day_brake.json |  2 +-
 5 files changed, 28 insertions(+), 1 deletion(-)
To github.com:n0tgod/algoth_v2.git
   0363a655..d739da49  main -> main
branch 'main' set up to track 'origin/main'.
опубликовано
