== задание l1-check2 ==
строка: run tools/app_api/intents.py --check --tail 30
начало: 2026-10-10T14:06:29Z
запускаю: .venv/bin/python tools/app_api/intents.py --check --tail 30
подписок активных 1; корень /root/algoth_v2/bot/out/dca
источник research/s8_loop/out/model_h24/picks.jsonl: смещение 17092776 из 17092776, прочитано строк 1082, последнее чтение 2026-10-10 14:06 UTC
источник research/s8_loop/out/model_sit/sheets.jsonl: смещение 492409775 из 492409775, прочитано строк 21, последнее чтение 2026-10-10 14:06 UTC

== pair_aggr 100 $ compound (sub_3f11698eb30279fa), касса 100.00 $
такт 2026-10-10 14:06:14 UTC; намерений 0, отказов 0, живых 0, ждут бар 0
  сверка с бумагой: намерений 0, совпало 0, без бумаги 0, бумага без намерения 2 (строк бумаги с подписки 2)
    entry_bp: —
    lev_d: —
    margin_d: —
    take_bp: —
    floor_bp: —
    бумага без намерения: USUSDT 10-10 03:00 — намерения не было (решение до подъёма или источник не прочитан)
    бумага без намерения: BATUSDT 10-10 03:00 — намерения не было (решение до подъёма или источник не прочитан)
конец: 2026-10-10T14:06:30Z, код 0
публикуется в ветку main:
 jobs/done/l1-check2.done            |  1 +
 jobs/done/l1-check2.log             | 19 +++++++++++++++++++
 jobs/done/l1-reset.log              | 12 ++++++++++++
 jobs/poke.log                       |  3 +++
 research/s8_loop/out/day_brake.json |  2 +-
 5 files changed, 36 insertions(+), 1 deletion(-)
To github.com:n0tgod/algoth_v2.git
   679fcbce..814505ec  main -> main
branch 'main' set up to track 'origin/main'.
опубликовано
