== задание l1-cyclelog3 ==
строка: run tools/loggrep.py --file train --preset cycle --last 40
начало: 2026-10-10T15:14:25Z
запускаю: .venv/bin/python tools/loggrep.py --file train --preset cycle --last 40
== research/s8_loop/out/train.log по образцу /матрица:|обучение пропущено по каденции|обучение отложено по памяти|переобучаю:|цикл закончен/ за 10 сут ==
  совпадений 452
  2026-10-01: 48
  2026-10-02: 50
  2026-10-03: 50
  2026-10-04: 44
  2026-10-05: 48
  2026-10-06: 47
  2026-10-07: 43
  2026-10-08: 50
  2026-10-09: 50
  2026-10-10: 22
  [10-09 15:26:17] матрица: 790 символов × 1703 часов, сечений с ≥30 именами: 1514, признаков 50
  [10-09 15:29:47] переобучаю: весам 51.7 ч при каденции 24
  [10-09 16:26:40] матрица: 790 символов × 1704 часов, сечений с ≥30 именами: 1515, признаков 50
  [10-09 16:29:17] переобучаю: весам 52.7 ч при каденции 24
  [10-09 17:25:22] матрица: 790 символов × 1705 часов, сечений с ≥30 именами: 1516, признаков 50
  [10-09 17:28:01] переобучаю: весам 53.7 ч при каденции 24
  [10-09 19:33:44] матрица: 799 символов × 1707 часов, сечений с ≥30 именами: 1518, признаков 50
  [10-09 19:38:18] переобучаю: весам 55.8 ч при каденции 24
  [10-09 20:32:23] матрица: 799 символов × 1708 часов, сечений с ≥30 именами: 1519, признаков 50
  [10-09 20:35:31] переобучаю: весам 56.8 ч при каденции 24
  [10-09 21:30:46] матрица: 799 символов × 1709 часов, сечений с ≥30 именами: 1520, признаков 50
  [10-09 21:33:39] обучение отложено по памяти: память: доступно 2707 МБ при пороге 3072 — рядом другие прогоны, обучение отложено на час; цикл 480 с (сведение часа 165 с, матрица 142 с, книги 170 с, оценка 0 с)
  [10-09 22:07:40] матрица: 799 символов × 1710 часов, сечений с ≥30 именами: 1521, признаков 50
  [10-09 22:09:39] обучение отложено по памяти: память: доступно 2851 МБ при пороге 3072 — рядом другие прогоны, обучение отложено на час; цикл 459 с (сведение часа 215 с, матрица 125 с, книги 115 с, оценка 0 с)
  [10-09 22:22:19] матрица: 799 символов × 1710 часов, сечений с ≥30 именами: 1521, признаков 50
  [10-09 22:24:52] переобучаю: весам 58.6 ч при каденции 24
  [10-09 23:37:10] матрица: 799 символов × 1711 часов, сечений с ≥30 именами: 1522, признаков 50
  [10-09 23:41:11] обучение отложено по памяти: память: доступно 2635 МБ при пороге 3072 — рядом другие прогоны, обучение отложено на час; цикл 670 с (сведение часа 271 с, матрица 158 с, книги 233 с, оценка 0 с)
  [10-10 00:08:17] матрица: 799 символов × 1712 часов, сечений с ≥30 именами: 1523, признаков 50
  [10-10 00:10:13] обучение отложено по памяти: память: доступно 2664 МБ при пороге 3072 — рядом другие прогоны, обучение отложено на час; цикл 494 с (сведение часа 246 с, матрица 130 с, книги 111 с, оценка 0 с)
  [10-10 01:08:08] матрица: 799 символов × 1713 часов, сечений с ≥30 именами: 1524, признаков 50
  [10-10 01:10:14] обучение отложено по памяти: память: доступно 2696 МБ при пороге 3072 — рядом другие прогоны, обучение отложено на час; цикл 494 с (сведение часа 225 с, матрица 144 с, книги 118 с, оценка 0 с)
  [10-10 02:08:57] матрица: 799 символов × 1714 часов, сечений с ≥30 именами: 1525, признаков 50
  [10-10 02:11:21] обучение отложено по памяти: память: доступно 967 МБ при пороге 3072 — рядом другие прогоны, обучение отложено на час; цикл 562 с (сведение часа 245 с, матрица 172 с, книги 135 с, оценка 0 с)
  [10-10 03:08:15] матрица: 799 символов × 1715 часов, сечений с ≥30 именами: 1526, признаков 50
  [10-10 03:10:08] обучение отложено по памяти: память: доступно 2236 МБ при пороге 3072 — рядом другие прогоны, обучение отложено на час; цикл 293 с (сведение часа 37 с, матрица 143 с, книги 109 с, оценка 0 с)
  [10-10 03:52:30] матрица: 799 символов × 1715 часов, сечений с ≥30 именами: 1526, признаков 50
  [10-10 03:56:16] переобучаю: весам 64.1 ч при каденции 24
  [10-10 04:10:50] матрица: 799 символов × 1716 часов, сечений с ≥30 именами: 1527, признаков 50
  [10-10 04:13:02] переобучаю: весам 64.4 ч при каденции 24
  [10-10 04:42:34] матрица: 799 символов × 1716 часов, сечений с ≥30 именами: 1527, признаков 50
  [10-10 04:46:05] переобучаю: весам 65.0 ч при каденции 24
  [10-10 05:16:37] матрица: 799 символов × 1717 часов, сечений с ≥30 именами: 1528, признаков 50
  [10-10 05:19:35] переобучаю: весам 65.5 ч при каденции 24
  [10-10 08:45:57] матрица: 799 символов × 1720 часов, сечений с ≥30 именами: 1531, признаков 50
  [10-10 08:52:11] переобучаю: весам 69.1 ч при каденции 24
  [10-10 09:52:30] матрица: 799 символов × 1721 часов, сечений с ≥30 именами: 1532, признаков 50
  [10-10 09:57:00] переобучаю: весам 70.2 ч при каденции 24
  [10-10 10:35:58] матрица: 799 символов × 1722 часов, сечений с ≥30 именами: 1533, признаков 50
  [10-10 10:39:31] переобучаю: весам 70.9 ч при каденции 24
конец: 2026-10-10T15:14:26Z, код 0
публикуется в ветку main:
 jobs/done/l1-cyclelog2.log  | 11 +++++++++
 jobs/done/l1-cyclelog3.done |  1 +
 jobs/done/l1-cyclelog3.log  | 57 +++++++++++++++++++++++++++++++++++++++++++++
 jobs/done/l1-wdlog.done     |  1 +
 jobs/done/l1-wdlog.log      | 15 ++++++++++++
 jobs/poke.log               |  4 ++++
 6 files changed, 89 insertions(+)
To github.com:n0tgod/algoth_v2.git
   53d0fac6..897f5ef3  main -> main
branch 'main' set up to track 'origin/main'.
опубликовано
