== задание l1-cyclelog4 ==
строка: run tools/loggrep.py --file train --preset cycle --last 6
начало: 2026-10-10T16:09:23Z
запускаю: .venv/bin/python tools/loggrep.py --file train --preset cycle --last 6
== research/s8_loop/out/train.log по образцу /матрица:|обучение пропущено по каденции|обучение отложено по памяти|переобучаю:|цикл закончен/ за 10 сут ==
  совпадений 454
  2026-10-01: 48
  2026-10-02: 50
  2026-10-03: 50
  2026-10-04: 44
  2026-10-05: 48
  2026-10-06: 47
  2026-10-07: 43
  2026-10-08: 50
  2026-10-09: 50
  2026-10-10: 24
  [10-10 09:52:30] матрица: 799 символов × 1721 часов, сечений с ≥30 именами: 1532, признаков 50
  [10-10 09:57:00] переобучаю: весам 70.2 ч при каденции 24
  [10-10 10:35:58] матрица: 799 символов × 1722 часов, сечений с ≥30 именами: 1533, признаков 50
  [10-10 10:39:31] переобучаю: весам 70.9 ч при каденции 24
  [10-10 15:28:53] матрица: 799 символов × 1727 часов, сечений с ≥30 именами: 1538, признаков 50
  [10-10 15:35:22] переобучаю: весам 75.8 ч при каденции 24
конец: 2026-10-10T16:09:23Z, код 0
публикуется в ветку main:
 jobs/done/l1-check4.done            |  1 +
 jobs/done/l1-check4.log             |  4 ++++
 jobs/done/l1-cyclelog4.done         |  1 +
 jobs/done/l1-cyclelog4.log          | 23 ++++++++++++++++++++++
 jobs/done/l1-wdlog2.log             | 11 +++++++++++
 jobs/done/l1-wdlog3.done            |  1 +
 jobs/done/l1-wdlog3.log             | 38 +++++++++++++++++++++++++++++++++++++
 jobs/poke.log                       |  7 +++++++
 research/s8_loop/out/day_brake.json |  2 +-
 9 files changed, 87 insertions(+), 1 deletion(-)
