== задание l1-check4 ==
строка: run tools/app_api/intents.py --check --tail 30
начало: 2026-10-10T16:09:23Z
запускаю: .venv/bin/python tools/app_api/intents.py --check --tail 30
подписок активных 1; корень /root/algoth_v2/bot/out/dca
источник research/s8_loop/out/model_h24/picks.jsonl: смещение 17107521 из 17107521, прочитано строк 1084, последнее чтение 2026-10-10 16:08 UTC
источник research/s8_loop/out/model_sit/sheets.jsonl: смещение 492815656 из 492815656, прочитано строк 22, последнее чтение 2026-10-10 16:08 UTC

== pair_aggr 100 $ compound (sub_3f11698eb30279fa), касса 100.00 $
такт 2026-10-10 16:08:29 UTC; возраст источников: sit 33 мин, h24 37 мин; намерений 0, отказов 6, живых 0, ждут бар 0
  отказ 10-10 15:00 CAPUSDT — решение пришло поздно: возраст 30 мин (подъём после решения или источник отстал)
  отказ 10-10 15:00 JCTUSDT — решение пришло поздно: возраст 30 мин (подъём после решения или источник отстал)
  отказ 10-10 15:00 APRUSDT — решение пришло поздно: возраст 30 мин (подъём после решения или источник отстал)
  отказ 10-10 15:00 VKTXUSDT — решение пришло поздно: возраст 31 мин (подъём после решения или источник отстал)
  отказ 10-10 15:00 ACNUSDT — решение пришло поздно: возраст 31 мин (подъём после решения или источник отстал)
  отказ 10-10 15:00 USUSDT — решение пришло поздно: возраст 31 мин (подъём после решения или источник отстал)
  сверка с бумагой: намерений 0, совпало 0, без бумаги 0, бумага без намерения 2 (строк бумаги с подписки 2)
    entry_bp: —
    lev_d: —
    margin_d: —
    take_bp: —
    floor_bp: —
    бумага без намерения: USUSDT 10-10 03:00 — намерения не было (решение до подъёма или источник не прочитан)
    бумага без намерения: BATUSDT 10-10 03:00 — намерения не было (решение до подъёма или источник не прочитан)
конец: 2026-10-10T16:09:24Z, код 0
публикуется в ветку main:
 jobs/done/l1-check4.done            |  1 +
 jobs/done/l1-check4.log             | 25 ++++++++++++++++++++++++
 jobs/done/l1-cyclelog4.done         |  1 +
 jobs/done/l1-cyclelog4.log          | 34 +++++++++++++++++++++++++++++++++
 jobs/done/l1-wdlog2.log             | 11 +++++++++++
 jobs/done/l1-wdlog3.done            |  1 +
 jobs/done/l1-wdlog3.log             | 38 +++++++++++++++++++++++++++++++++++++
 jobs/poke.log                       |  7 +++++++
 research/s8_loop/out/day_brake.json |  2 +-
 9 files changed, 119 insertions(+), 1 deletion(-)
fatal: cannot lock ref 'HEAD': is at db0f222db7ec0d4930d7a77246f2fb2908f9eb2c but expected c18c711f67fc72938c5807ad1418ba1d0971e5ac
