== задание l1-check ==
строка: run tools/app_api/intents.py --check
начало: 2026-10-10T13:30:10Z
запускаю: .venv/bin/python tools/app_api/intents.py --check
подписок активных 1; корень /root/algoth_v2/bot/out/dca
источник research/s8_loop/out/model_h24/picks.jsonl: смещение 17092776 из 17092776, прочитано строк 1082, последнее чтение 2026-10-10 13:29 UTC
источник research/s8_loop/out/model_sit/sheets.jsonl: смещение 492409775 из 492409775, прочитано строк 21, последнее чтение 2026-10-10 13:29 UTC

== pair_aggr 100 $ compound (sub_3f11698eb30279fa), касса 100.00 $
такт 2026-10-10 13:29:22 UTC; намерений 10, отказов 58, живых 10, ждут бар 0
  вход 10-09 22:09 PENGSTOCKUSDT long x10.75 маржа 6.25 $ вход 76.01 цель 80.50249504000001 пол 51.43977049165811 рунгов 4 срок 72 ч
  вход 10-09 22:00 XDPUSDT short x25.00 маржа 6.25 $ вход 0.02275 цель 0.020560714073221555 пол 0.024311274509803922 рунгов 1 срок 24 ч
  вход 10-09 23:00 RLCUSDT short x10.55 маржа 6.25 $ вход 1.0381 цель 0.8042963793207614 пол 1.2173744481616953 рунгов 1 срок 24 ч
  вход 10-10 00:00 BATUSDT short x25.00 маржа 6.25 $ вход 0.13523 цель 0.10726968158148979 пол 0.14451049019607842 рунгов 1 срок 24 ч
  вход 10-10 04:00 PIXELUSDT short x25.00 маржа 6.25 $ вход 0.007464 цель 0.005846763416087148 пол 0.007976235294117647 рунгов 1 срок 24 ч
  вход 10-10 05:00 CAPUSDT short x10.00 маржа 6.25 $ вход 0.09248 цель 0.07312180804426237 пол 0.10789333333160309 рунгов 1 срок 24 ч
  вход 10-10 08:00 LUMIAUSDT short x25.00 маржа 6.25 $ вход 0.1248 цель 0.06864521060403135 пол 0.13336470588235294 рунгов 1 срок 24 ч
  вход 10-10 08:00 KAIAUSDT short x25.00 маржа 6.25 $ вход 0.05651 цель 0.04090686709105981 пол 0.06054642857142857 рунгов 1 срок 24 ч
  вход 10-10 08:00 MAGICUSDT short x6.61 маржа 6.25 $ вход 0.1124 цель 0.07697822028087072 пол 0.14464940714591717 рунгов 1 срок 24 ч
  вход 10-10 09:00 OGNUSDT short x25.00 маржа 6.25 $ вход 0.035895 цель 0.024386678574389767 пол 0.03835838235294118 рунгов 1 срок 24 ч
  отказ 10-10 04:00 XDPUSDT — одна позиция на имя: намерение держит
  отказ 10-10 04:00 GWEIUSDT — гейт плеча: 1.00 < 4
  отказ 10-10 05:00 USUSDT — одна позиция на имя: бумага держит
  отказ 10-10 05:00 PIXELUSDT — одна позиция на имя: намерение держит
  отказ 10-10 05:00 XDPUSDT — одна позиция на имя: намерение держит
  отказ 10-10 05:00 USUSDT — одна позиция на имя: бумага держит
  отказ 10-10 08:00 BATUSDT — одна позиция на имя: намерение держит
  отказ 10-10 08:00 PIXELUSDT — одна позиция на имя: намерение держит
  отказ 10-10 08:00 XDPUSDT — одна позиция на имя: намерение держит
  отказ 10-10 09:00 LUMIAUSDT — одна позиция на имя: намерение держит
  отказ 10-10 09:00 MAGICUSDT — одна позиция на имя: намерение держит
  отказ 10-10 09:00 MAGICUSDT — одна позиция на имя: намерение держит
  отказ 10-10 09:00 XDPUSDT — одна позиция на имя: намерение держит
  отказ 10-10 09:00 JCTUSDT — гейт плеча: 1.00 < 4
  отказ 10-10 10:00 LUMIAUSDT — одна позиция на имя: намерение держит
  отказ 10-10 10:00 KAIAUSDT — одна позиция на имя: намерение держит
  отказ 10-10 10:00 BATUSDT — одна позиция на имя: намерение держит
  отказ 10-10 10:00 JCTUSDT — гейт плеча: 1.00 < 4
  отказ 10-10 10:00 XDPUSDT — одна позиция на имя: намерение держит
  отказ 10-10 10:00 BATUSDT — одна позиция на имя: намерение держит
  сверка с бумагой: намерений 10, совпало 0, без бумаги 10, бумага без намерения 2 (строк бумаги с подписки 2)
    entry_bp: —
    lev_d: —
    margin_d: —
    take_bp: —
    floor_bp: —
    бумага без намерения: USUSDT 10-10 03:00 — одна позиция на имя: бумага держит
    бумага без намерения: BATUSDT 10-10 03:00 — намерения не было (решение до подъёма или источник не прочитан)
конец: 2026-10-10T13:30:11Z, код 0
публикуется в ветку main:
 jobs/done/l1-api-restart.log   | 10 +++++++++
 jobs/done/l1-check.done        |  1 +
 jobs/done/l1-check.log         | 49 ++++++++++++++++++++++++++++++++++++++++++
 jobs/done/l1b-api-restart.done |  1 +
 jobs/done/l1b-api-restart.log  |  4 ++++
 jobs/poke.log                  |  6 ++++++
 6 files changed, 71 insertions(+)
To github.com:n0tgod/algoth_v2.git
   b514a7b8..eda45f13  main -> main
branch 'main' set up to track 'origin/main'.
опубликовано
