== задание l1-status3 ==
строка: status
начало: 2026-10-10T15:08:02Z
--- диск ---
Filesystem      Size  Used Avail Use% Mounted on
/dev/sda1       150G   74G   71G  52% /
/dev/sdb        147G   75G   65G  54% /mnt/HC_Volume_106683528
--- процессы (возраст с) ---
 553659    8295 .venv/bin/python research/b1_book/collect.py --http 8765
 582416     481 .venv/bin/python research/s8_loop/train.py
 669148 4038017 bot/target/release/bot live --s8 research/s8_loop/out/model_sit_lo --journal bot/out/live --keys /root/.bybit/live.env --base https://api.bybit.
--- убийства ядра по памяти за сутки ---
10 (подробно: run tools/memtop.py)
--- обучение S8 ---
ТРЕВОГА обучение S8: веса от 2026-10-07 11:47 UTC, 75.3 ч назад (каденция 24, тревога с 36 ч) — обучение стоит; последний цикл 03:10 UTC: память: доступно 2236 МБ при пороге 3072 — рядом другие прогоны, обучение отложено на час — просьба уже стоит
--- идущие прогоны ---
нет
--- статус сбора ---
{"t": 1791644881.3, "uptime_sec": 8292.6, "rss_mb": 1521, "mem_guard": {"drops": 0, "dies": 0, "max_rss_mb": 1521}, "messages": 29865122, "trades": 3019566, "resets": 0, "last_msg_age_sec": 0.0, "snapshots": 6266779, "snapshot_errors": 0, "last_snap_age_sec": 0.6, "snap_pass_sec": 0.61, "writes": {"book": 6266779, "trades": 3019564, "raw": 151819, "liq": 1039, "metrics": 21330}, "write_age_sec": {"book": 0.6, "trades": 0.1, "raw": 0.1, "liq": 9.6, "metrics": 103.7}, "symbols": {"0GUSDT": {"ready": true, "bid": 0.26, "ask": 0.2601, "resets": 0}, "1000000BABYDOGEUSDT": {"ready": true, "bid": 0.0003897, "ask": 0.0003901, "resets": 0}, "1000000MOGUSDT": {"ready": true, "bid": 0.1106, "ask": 0.11
--- живой исполнитель ---
{
  "at_ms": 1791644881156,
  "capital_usd": 300.0,
  "dry": false,
  "entries_paused": false,
  "halted": "часовой цикл молчит 3.0 ч при пределе 3 ч (§5) — позиции без сканера не управляет никто",
  "lev_errors": null,
  "limits_off": true,
  "note": null,
  "positions": [],
  "realized_today_usd": 0.0,
  "realized_total_usd": -21.265818699799986,
  "rejects_row": 0,
  "stale_entries_skipped": 79,
  "tp_errors": null,
  "wallet": {
    "balance": 284.21345292,
    "equity": 284.21345292
  }
}
конец: 2026-10-10T15:08:02Z
