== задание l1-status2 ==
строка: status
начало: 2026-10-10T14:07:55Z
--- диск ---
Filesystem      Size  Used Avail Use% Mounted on
/dev/sda1       150G   74G   71G  52% /
/dev/sdb        147G   75G   65G  54% /mnt/HC_Volume_106683528
--- процессы (возраст с) ---
 521519   13073 .venv/bin/python research/s8_loop/train.py
 553659    4688 .venv/bin/python research/b1_book/collect.py --http 8765
 669148 4034410 bot/target/release/bot live --s8 research/s8_loop/out/model_sit_lo --journal bot/out/live --keys /root/.bybit/live.env --base https://api.bybit.
--- убийства ядра по памяти за сутки ---
10 (подробно: run tools/memtop.py)
--- обучение S8 ---
ТРЕВОГА обучение S8: веса от 2026-10-07 11:47 UTC, 74.3 ч назад (каденция 24, тревога с 36 ч) — обучение стоит; последний цикл 03:10 UTC: память: доступно 2236 МБ при пороге 3072 — рядом другие прогоны, обучение отложено на час — просьба уже стоит
--- идущие прогоны ---
нет
--- статус сбора ---
{"t": 1791641275.4, "uptime_sec": 4686.7, "rss_mb": 1514, "mem_guard": {"drops": 0, "dies": 0, "max_rss_mb": 1514}, "messages": 15940380, "trades": 1392029, "resets": 0, "last_msg_age_sec": 0.0, "snapshots": 3614766, "snapshot_errors": 0, "last_snap_age_sec": 0.5, "snap_pass_sec": 0.476, "writes": {"book": 3614766, "trades": 1392029, "raw": 85806, "liq": 304, "metrics": 11850}, "write_age_sec": {"book": 0.5, "trades": 0.1, "raw": 0.0, "liq": 51.0, "metrics": 121.3}, "symbols": {"0GUSDT": {"ready": true, "bid": 0.257, "ask": 0.2572, "resets": 0}, "1000000BABYDOGEUSDT": {"ready": true, "bid": 0.0003864, "ask": 0.0003868, "resets": 0}, "1000000MOGUSDT": {"ready": true, "bid": 0.1106, "ask": 0.1
--- живой исполнитель ---
{
  "at_ms": 1791641270641,
  "capital_usd": 300.0,
  "dry": false,
  "entries_paused": false,
  "halted": "часовой цикл молчит 3.0 ч при пределе 3 ч (§5) — позиции без сканера не управляет никто",
  "lev_errors": null,
  "limits_off": true,
  "note": null,
  "positions": [],
  "realized_today_usd": 0.0,
  "realized_total_usd": -21.265818699799986,
  "rejects_row": 0,
  "stale_entries_skipped": 79,
  "tp_errors": null,
  "wallet": {
    "balance": 284.21345292,
    "equity": 284.21345292
  }
}
конец: 2026-10-10T14:07:55Z
публикуется в ветку main:
 jobs/done/l1-check2.log        | 11 +++++++++++
 jobs/done/l1-status2.log       | 41 +++++++++++++++++++++++++++++++++++++++++
 jobs/done/l1c-api-restart.done |  1 +
 jobs/done/l1c-api-restart.log  |  4 ++++
 jobs/poke.log                  |  3 +++
 5 files changed, 60 insertions(+)
To github.com:n0tgod/algoth_v2.git
   0c60f8a1..02b1cbb8  main -> main
branch 'main' set up to track 'origin/main'.
опубликовано
