== задание l1-wdlog3 ==
строка: run tools/loggrep.py --file watchdog --pattern S8 --last 12
начало: 2026-10-10T16:09:23Z
запускаю: .venv/bin/python tools/loggrep.py --file watchdog --pattern S8 --last 12
== research/b1_book/out/watchdog.log по образцу /S8/ за 10 сут ==
  совпадений 488
  2026-10-07: 485
  2026-10-10: 3
  ТРЕВОГА обучение S8: веса от 2026-10-07 11:47 UTC, 75.6 ч назад (каденция 24, тревога с 36 ч) — обучение стоит; последний цикл 03:10 UTC: память: доступно 2236 МБ при пороге 3072 — рядом другие прогоны, обучение отложено
  ТРЕВОГА обучение S8: веса от 2026-10-07 11:47 UTC, 75.7 ч назад (каденция 24, тревога с 36 ч) — обучение стоит; последний цикл 03:10 UTC: память: доступно 2236 МБ при пороге 3072 — рядом другие прогоны, обучение отложено
  ТРЕВОГА обучение S8: веса от 2026-10-07 11:47 UTC, 75.8 ч назад (каденция 24, тревога с 36 ч) — обучение стоит; последний цикл 03:10 UTC: память: доступно 2236 МБ при пороге 3072 — рядом другие прогоны, обучение отложено
  ТРЕВОГА обучение S8: веса от 2026-10-07 11:47 UTC, 75.9 ч назад (каденция 24, тревога с 36 ч) — обучение стоит; последний цикл 03:10 UTC: память: доступно 2236 МБ при пороге 3072 — рядом другие прогоны, обучение отложено
  ТРЕВОГА обучение S8: веса от 2026-10-07 11:47 UTC, 76.0 ч назад (каденция 24, тревога с 36 ч) — обучение стоит; последний цикл 03:10 UTC: память: доступно 2236 МБ при пороге 3072 — рядом другие прогоны, обучение отложено
  ТРЕВОГА обучение S8: веса от 2026-10-07 11:47 UTC, 76.0 ч назад (каденция 24, тревога с 36 ч) — обучение стоит; последний цикл 03:10 UTC: память: доступно 2236 МБ при пороге 3072 — рядом другие прогоны, обучение отложено
  ТРЕВОГА обучение S8: веса от 2026-10-07 11:47 UTC, 76.1 ч назад (каденция 24, тревога с 36 ч) — обучение стоит; последний цикл 03:10 UTC: память: доступно 2236 МБ при пороге 3072 — рядом другие прогоны, обучение отложено
  ТРЕВОГА обучение S8: веса от 2026-10-07 11:47 UTC, 76.2 ч назад (каденция 24, тревога с 36 ч) — обучение стоит; последний цикл 03:10 UTC: память: доступно 2236 МБ при пороге 3072 — рядом другие прогоны, обучение отложено
  [2026-10-10T16:00:01Z] прогон книг отложен: идёт обучение S8 (цикл 2824 МБ > 2000)
  ТРЕВОГА обучение S8: веса от 2026-10-07 11:47 UTC, 76.3 ч назад (каденция 24, тревога с 36 ч) — обучение стоит; последний цикл 03:10 UTC: память: доступно 2236 МБ при пороге 3072 — рядом другие прогоны, обучение отложено
  [2026-10-10T16:05:01Z] прогон книг отложен: идёт обучение S8 (цикл 2961 МБ > 2000)
  [2026-10-10T16:05:01Z] прогон книг отложен: идёт обучение S8 (цикл 3019 МБ > 2000)
конец: 2026-10-10T16:09:23Z, код 0
git add отказал: fatal: Unable to create '/root/algoth_v2/.git/index.lock': File exists.

Another git process seems to be running in this repository, e.g.
an editor opened by 'git commit'. Please make sure all processes
are terminated then try again. If it still fails, a git process
may have crashed in this repository earlier:
remove the file manually to continue.
git add сказал: fatal: Unable to create '/root/algoth_v2/.git/index.lock': File exists.

Another git process seems to be running in this repository, e.g.
an editor opened by 'git commit'. Please make sure all processes
are terminated then try again. If it still fails, a git process
may have crashed in this repository earlier:
remove the file manually to continue.
нечего публиковать: в индекс не попало ни одного файла.
что git видит в артефактах (?? не отслеживается, !! погашен
.gitignore, пусто — файла нет вовсе):
