== задание l1-wdlog2 ==
строка: run tools/loggrep.py --file watchdog --pattern DCA --last 40
начало: 2026-10-10T15:15:03Z
запускаю: .venv/bin/python tools/loggrep.py --file watchdog --pattern DCA --last 40
== research/b1_book/out/watchdog.log по образцу /DCA/ за 10 сут ==
  совпадений 202
  2026-10-01: 21
  2026-10-02: 21
  2026-10-03: 21
  2026-10-04: 21
  2026-10-05: 21
  2026-10-06: 22
  2026-10-07: 22
  2026-10-08: 22
  2026-10-09: 22
  2026-10-10: 9
  [2026-10-08T15:05:02Z] DCA-книги: последний счёт 3602 с назад — прогон
  [2026-10-08T16:05:01Z] DCA-книги: последний счёт 3601 с назад — прогон
  [2026-10-08T17:15:02Z] DCA-книги: последний счёт 3782 с назад — прогон
  [2026-10-08T18:15:02Z] DCA-книги: последний счёт 3602 с назад — прогон
  [2026-10-08T19:15:01Z] DCA-книги: последний счёт 3601 с назад — прогон
  [2026-10-08T20:15:02Z] DCA-книги: последний счёт 3602 с назад — прогон
  [2026-10-08T21:15:01Z] DCA-книги: последний счёт 3601 с назад — прогон
  [2026-10-08T22:15:01Z] DCA-книги: последний счёт 3601 с назад — прогон
  [2026-10-08T23:15:01Z] DCA-книги: последний счёт 3601 с назад — прогон
  [2026-10-09T00:15:01Z] DCA-книги: последний счёт 3601 с назад — прогон
  [2026-10-09T01:15:01Z] DCA-книги: последний счёт 3601 с назад — прогон
  [2026-10-09T03:00:02Z] DCA-книги: последний счёт 6242 с назад — прогон
  [2026-10-09T04:05:02Z] DCA-книги: последний счёт 3842 с назад — прогон
  [2026-10-09T05:05:01Z] DCA-книги: последний счёт 3601 с назад — прогон
  [2026-10-09T07:00:02Z] DCA-книги: последний счёт 6902 с назад — прогон
  [2026-10-09T08:00:01Z] DCA-книги: последний счёт 3601 с назад — прогон
  [2026-10-09T09:00:01Z] DCA-книги: последний счёт 3601 с назад — прогон
  [2026-10-09T10:05:01Z] DCA-книги: последний счёт 3841 с назад — прогон
  [2026-10-09T11:05:02Z] DCA-книги: последний счёт 3602 с назад — прогон
  [2026-10-09T12:10:01Z] DCA-книги: последний счёт 3841 с назад — прогон
  [2026-10-09T13:15:01Z] DCA-книги: последний счёт 3841 с назад — прогон
  [2026-10-09T14:15:01Z] DCA-книги: последний счёт 3601 с назад — прогон
  [2026-10-09T15:15:02Z] DCA-книги: последний счёт 3602 с назад — прогон
  [2026-10-09T16:15:02Z] DCA-книги: последний счёт 3602 с назад — прогон
  [2026-10-09T17:15:01Z] DCA-книги: последний счёт 3601 с назад — прогон
  [2026-10-09T18:15:40Z] DCA-книги: последний счёт 3640 с назад — прогон
  [2026-10-09T19:20:01Z] DCA-книги: последний счёт 3841 с назад — прогон
  [2026-10-09T20:20:01Z] DCA-книги: последний счёт 3601 с назад — прогон
  [2026-10-09T21:20:02Z] DCA-книги: последний счёт 3602 с назад — прогон
  [2026-10-09T22:25:01Z] DCA-книги: последний счёт 3841 с назад — прогон
  [2026-10-09T23:25:02Z] DCA-книги: последний счёт 3602 с назад — прогон
  [2026-10-10T00:30:01Z] DCA-книги: последний счёт 3781 с назад — прогон
  [2026-10-10T01:30:01Z] DCA-книги: последний счёт 3601 с назад — прогон
  [2026-10-10T03:00:01Z] DCA-книги: последний счёт 5401 с назад — прогон
  [2026-10-10T04:05:01Z] DCA-книги: последний счёт 3781 с назад — прогон
  [2026-10-10T05:05:02Z] DCA-книги: последний счёт 3602 с назад — прогон
  [2026-10-10T08:30:01Z] DCA-книги: последний счёт 12241 с назад — прогон
  [2026-10-10T09:45:01Z] DCA-книги: последний счёт 4441 с назад — прогон
  [2026-10-10T12:50:01Z] DCA-книги: последний счёт 11101 с назад — прогон
  [2026-10-10T14:55:01Z] DCA-книги: последний счёт 7441 с назад — прогон
конец: 2026-10-10T15:15:03Z, код 0
публикуется в ветку main:
 jobs/done/l1-cyclelog3.log | 12 ++++++++++
 jobs/done/l1-wdlog.log     |  7 ++++++
 jobs/done/l1-wdlog2.done   |  1 +
 jobs/done/l1-wdlog2.log    | 57 ++++++++++++++++++++++++++++++++++++++++++++++
 jobs/poke.log              |  3 +++
 5 files changed, 80 insertions(+)
To github.com:n0tgod/algoth_v2.git
   1fa6a873..acb0bd87  main -> main
branch 'main' set up to track 'origin/main'.
опубликовано
