== задание l3-status ==
строка: status
начало: 2026-10-10T17:25:18Z
--- диск ---
Filesystem      Size  Used Avail Use% Mounted on
/dev/sda1       150G   74G   71G  52% /
/dev/sdb        147G   77G   63G  55% /mnt/HC_Volume_106683528
--- процессы (возраст с) ---
 553659   16531 .venv/bin/python research/b1_book/collect.py --http 8765
 582416    8717 .venv/bin/python research/s8_loop/train.py
 669148 4046253 bot/target/release/bot live --s8 research/s8_loop/out/model_sit_lo --journal bot/out/live --keys /root/.bybit/live.env --base https://api.bybit.
--- убийства ядра по памяти за сутки ---
7 (подробно: run tools/memtop.py)
--- обучение S8 ---
ТРЕВОГА обучение S8: веса от 2026-10-07 11:47 UTC, 77.6 ч назад (каденция 24, тревога с 36 ч) — обучение стоит; последний цикл 03:10 UTC: память: доступно 2236 МБ при пороге 3072 — рядом другие прогоны, обучение отложено на час — просьба уже стоит
--- идущие прогоны ---
нет
--- статус сбора ---
{"t": 1791653111.0, "uptime_sec": 16522.3, "rss_mb": 1549, "mem_guard": {"drops": 0, "dies": 0, "max_rss_mb": 1557}, "messages": 60389561, "trades": 6490082, "resets": 0, "last_msg_age_sec": 0.0, "snapshots": 12507473, "snapshot_errors": 0, "last_snap_age_sec": 0.1, "snap_pass_sec": 2.217, "writes": {"book": 12507473, "trades": 6490073, "raw": 333067, "liq": 2014, "metrics": 42660}, "write_age_sec": {"book": 0.1, "trades": 0.4, "raw": 0.1, "liq": 39.7, "metrics": 182.0}, "symbols": {"0GUSDT": {"ready": true, "bid": 0.2622, "ask": 0.2624, "resets": 0}, "1000000BABYDOGEUSDT": {"ready": true, "bid": 0.00039, "ask": 0.0003903, "resets": 0}, "1000000MOGUSDT": {"ready": true, "bid": 0.1109, "ask":
--- живой исполнитель ---
{
  "at_ms": 1791653118555,
  "capital_usd": 300.0,
  "dry": false,
  "entries_paused": false,
  "halted": "часовой цикл молчит 3.0 ч при пределе 3 ч (§5) — позиции без сканера не управляет никто",
  "lev_errors": null,
  "limits_off": true,
  "note": null,
  "positions": [],
  "realized_today_usd": 0.0,
  "realized_total_usd": -21.265818699799986,
  "rejects_row": 0,
  "stale_entries_skipped": 79,
  "tp_errors": null,
  "wallet": {
    "balance": 284.21345292,
    "equity": 284.21345292
  }
}
конец: 2026-10-10T17:25:19Z
публикуется в ветку main:
 jobs/done/l3-selftest2.log          | 10 +++++++++
 jobs/done/l3-selftest3.done         |  1 +
 jobs/done/l3-selftest3.log          | 20 ++++++++++++++++++
 jobs/done/l3-status.log             | 41 +++++++++++++++++++++++++++++++++++++
 jobs/poke.log                       |  3 +++
 research/s8_loop/out/day_brake.json |  2 +-
 6 files changed, 76 insertions(+), 1 deletion(-)
To github.com:n0tgod/algoth_v2.git
   6d5c5ee2..9492afcc  main -> main
branch 'main' set up to track 'origin/main'.
опубликовано
