== задание limitwait-status ==
строка: status
начало: 2026-09-02T07:45:03Z
--- диск ---
Filesystem      Size  Used Avail Use% Mounted on
/dev/sda1       150G   67G   78G  47% /
/dev/sdb        147G  115G   25G  83% /mnt/HC_Volume_106683528
--- процессы ---
669148 bot/target/release/bot live --s8 research/s8_loop/out/model_sit_lo --journal bot/out/live --keys /root/.bybit/live.env --base https://api.bybit.com --arm gbm --capital 300 --interval-sec 5 --clear-halt
1078687 .venv/bin/python research/b1_book/collect.py --http 8765
1078853 .venv/bin/python research/s8_loop/train.py
--- статус сбора ---
{"t": 1788335101.4, "uptime_sec": 66.9, "messages": 231811, "trades": 28667, "resets": 0, "last_msg_age_sec": 0.0, "snapshots": 39802, "snapshot_errors": 0, "last_snap_age_sec": 0.9, "snap_pass_sec": 0.351, "writes": {"book": 39802, "trades": 28661, "raw": 1701, "liq": 2}, "write_age_sec": {"book": 0.9, "trades": 0.2, "raw": 0.1, "liq": 52.3}, "symbols": {"0GUSDT": {"ready": true, "bid": 0.188, "ask": 0.1881, "resets": 0}, "1000000BABYDOGEUSDT": {"ready": true, "bid": 0.0003705, "ask": 0.0003708, "resets": 0}, "1000000MOGUSDT": {"ready": true, "bid": 0.1047, "ask": 0.1048, "resets": 0}, "10000NEXUSDT": {"ready": true, "bid": 0.01442, "ask": 0.01449, "resets": 0}, "10000SATSUSDT": {"ready": t
--- живой исполнитель ---
{
  "at_ms": 1788335099109,
  "capital_usd": 300.0,
  "dry": false,
  "entries_paused": false,
  "halted": "часовой цикл молчит 3.0 ч при пределе 3 ч (§5) — позиции без сканера не управляет никто",
  "lev_errors": null,
  "limits_off": true,
  "note": null,
  "positions": [],
  "realized_today_usd": 0.0,
  "realized_total_usd": -21.265818699799986,
  "rejects_row": 0,
  "stale_entries_skipped": 79,
  "tp_errors": null,
  "wallet": {
    "balance": 284.21345292,
    "equity": 284.21345292
  }
}
конец: 2026-09-02T07:45:03Z
