== задание live-2 ==
строка: run research/ops/live_report.py --last 25
начало: 2026-08-25T20:53:45Z
запускаю: .venv/bin/python research/ops/live_report.py --last 25
=== возраст журналов (часов назад) ===
bot/out/live.log: 7.67
bot/out/live/live_status.json: 0.0

=== журнал: 52 записей ===
состав: {'close': 19, 'decision': 16, 'open': 16, 'kill': 1}

поля записи закрытия: ['at_ms', 'ev', 'exit_px', 'fee_usd', 'pnl_usd', 'pos', 'reason', 'seq']

=== последние 25 закрытий ===
08-25 00:12:02  ?              ?      pnl 0.1890656099999996  причина: прогноз развернулся
08-25 02:40:46  ?              ?      pnl -3.302499710000001  причина: цена прошла обещанный ход против
08-25 02:46:50  ?              ?      pnl 0.5084594600000035  причина: цена дошла до обещанной цели — лимитка исполнилась
08-25 03:51:18  ?              ?      pnl -2.2203051499999984  причина: цена прошла обещанный ход против
08-25 04:12:42  ?              ?      pnl -0.34669443999999994  причина: прогноз развернулся
08-25 04:42:12  ?              ?      pnl -0.8714007299999983  причина: цена прошла обещанный ход против
08-25 04:50:54  ?              ?      pnl -1.2286160100000016  причина: цена прошла обещанный ход против
08-25 06:03:06  ?              ?      pnl -3.513852420000001  причина: цена прошла обещанный ход против
08-25 06:07:36  ?              ?      pnl -1.3111756100000014  причина: цена прошла обещанный ход против
08-25 06:13:14  ?              ?      pnl 0.09148197000000287  причина: прогноз развернулся
08-25 06:44:49  ?              ?      pnl 4.69298725  причина: цена дошла до обещанной цели — лимитка исполнилась
08-25 08:58:05  ?              ?      pnl -0.4884111499999975  причина: цена прошла обещанный ход против
08-25 10:13:37  ?              ?      pnl -0.34648074999999917  причина: прогноз развернулся
08-25 12:03:21  ?              ?      pnl 1.476260570000004  причина: цена дошла до обещанной цели — лимитка исполнилась
08-25 13:13:33  ?              ?      pnl -0.0846311907000031  причина: остановка §5 — принудительное закрытие
08-25 13:13:33  ?              ?      pnl 0.7136353199999999  причина: остановка §5 — принудительное закрытие
08-25 13:13:33  ?              ?      pnl 1.5835731800000012  причина: остановка §5 — принудительное закрытие
08-25 13:13:33  ?              ?      pnl -0.8093828000000045  причина: остановка §5 — принудительное закрытие
08-25 13:13:33  ?              ?      pnl -0.24297848000000155  причина: остановка §5 — принудительное закрытие

сумма показанных закрытий: -5.51 $
всего закрытий в журнале: 19

=== по суткам ===
08-25: -5.51 $
конец: 2026-08-25T20:53:45Z, код 0
