== задание loggrep-train ==
строка: run tools/loggrep.py --file train --preset cycle --days 10 --last 8
начало: 2026-09-28T17:45:03Z
запускаю: .venv/bin/python tools/loggrep.py --file train --preset cycle --days 10 --last 8
== research/s8_loop/out/train.log по образцу /матрица:|обучение пропущено по каденции|переобучаю:|цикл закончен/ за 10 сут ==
  совпадений 140
  2026-09-19: 26
  2026-09-20: 12
  2026-09-21: 4
  2026-09-22: 7
  2026-09-23: 2
  2026-09-24: 21
  2026-09-25: 10
  2026-09-26: 20
  2026-09-27: 26
  2026-09-28: 12
  [09-28 09:23:36] матрица: 784 символов × 1433 часов, сечений с ≥30 именами: 1256, признаков 50
  [09-28 09:25:42] переобучаю: весам 93.7 ч при каденции 24
  [09-28 11:14:45] матрица: 784 символов × 1435 часов, сечений с ≥30 именами: 1257, признаков 50
  [09-28 11:17:10] переобучаю: весам 95.5 ч при каденции 24
  [09-28 17:32:39] матрица: 784 символов × 1436 часов, сечений с ≥30 именами: 1257, признаков 50
  [09-28 17:34:10] переобучаю: весам 101.8 ч при каденции 24
  [09-28 17:42:18] матрица: 784 символов × 1436 часов, сечений с ≥30 именами: 1257, признаков 50
  [09-28 17:44:03] переобучаю: весам 102.0 ч при каденции 24
конец: 2026-09-28T17:45:03Z, код 0
публикуется в ветку main:
 jobs/done/loggrep-train.done        |  1 +
 jobs/done/loggrep-train.log         | 25 +++++++++++++++++++++++++
 jobs/done/memtop-since-2009.log     | 10 ++++++++++
 research/s8_loop/out/day_brake.json |  2 +-
 4 files changed, 37 insertions(+), 1 deletion(-)
To github.com:n0tgod/algoth_v2.git
   7487bd9a..53564b18  main -> main
branch 'main' set up to track 'origin/main'.
опубликовано
