== задание loggrep-1950 ==
строка: run tools/loggrep.py --file train --preset cycle --days 1 --last 6
начало: 2026-09-28T19:55:03Z
запускаю: .venv/bin/python tools/loggrep.py --file train --preset cycle --days 1 --last 6
== research/s8_loop/out/train.log по образцу /матрица:|обучение пропущено по каденции|переобучаю:|цикл закончен/ за 1 сут ==
  совпадений 12
  2026-09-28: 12
  [09-28 11:14:45] матрица: 784 символов × 1435 часов, сечений с ≥30 именами: 1257, признаков 50
  [09-28 11:17:10] переобучаю: весам 95.5 ч при каденции 24
  [09-28 17:32:39] матрица: 784 символов × 1436 часов, сечений с ≥30 именами: 1257, признаков 50
  [09-28 17:34:10] переобучаю: весам 101.8 ч при каденции 24
  [09-28 17:42:18] матрица: 784 символов × 1436 часов, сечений с ≥30 именами: 1257, признаков 50
  [09-28 17:44:03] переобучаю: весам 102.0 ч при каденции 24
конец: 2026-09-28T19:55:03Z, код 0
публикуется в ветку main:
 jobs/done/loggrep-1950.done         |  1 +
 jobs/done/loggrep-1950.log          | 14 ++++++++++++++
 jobs/done/memtop-1950.done          |  1 +
 jobs/done/memtop-1950.log           |  4 ++++
 research/s8_loop/out/day_brake.json |  2 +-
 5 files changed, 21 insertions(+), 1 deletion(-)
fatal: cannot lock ref 'HEAD': is at 5ec12615d61abc1abb592da2a73376e110c12f31 but expected 364f2a264b7f4eaf1da0f2c19b3789bb25d56c9b
