== задание loggrep-2120 ==
строка: run tools/loggrep.py --file train --preset cycle --days 1 --last 6
начало: 2026-09-28T21:25:03Z
запускаю: .venv/bin/python tools/loggrep.py --file train --preset cycle --days 1 --last 6
== research/s8_loop/out/train.log по образцу /матрица:|обучение пропущено по каденции|переобучаю:|цикл закончен/ за 1 сут ==
  совпадений 13
  2026-09-28: 13
  [09-28 11:17:10] переобучаю: весам 95.5 ч при каденции 24
  [09-28 17:32:39] матрица: 784 символов × 1436 часов, сечений с ≥30 именами: 1257, признаков 50
  [09-28 17:34:10] переобучаю: весам 101.8 ч при каденции 24
  [09-28 17:42:18] матрица: 784 символов × 1436 часов, сечений с ≥30 именами: 1257, признаков 50
  [09-28 17:44:03] переобучаю: весам 102.0 ч при каденции 24
  [09-28 21:14:39] цикл закончен за 12878 с, веса v2 до часа 2026-09-28-11
конец: 2026-09-28T21:25:04Z, код 0
публикуется в ветку main:
 jobs/done/loggrep-2120.done         |  1 +
 jobs/done/loggrep-2120.log          | 14 ++++++++++++++
 jobs/done/memtop-2030.log           | 11 +++++++++++
 jobs/done/memtop-2120.done          |  1 +
 jobs/done/memtop-2120.log           |  4 ++++
 research/s8_loop/out/day_brake.json |  2 +-
 6 files changed, 32 insertions(+), 1 deletion(-)
