== задание loggrep-2909 ==
строка: run tools/loggrep.py --file train --preset cycle --days 1 --last 8
начало: 2026-09-29T06:10:03Z
запускаю: .venv/bin/python tools/loggrep.py --file train --preset cycle --days 1 --last 8
== research/s8_loop/out/train.log по образцу /матрица:|обучение пропущено по каденции|переобучаю:|цикл закончен/ за 1 сут ==
  совпадений 13
  2026-09-29: 13
  [09-29 02:09:46] обучение пропущено по каденции: весам 4.9 ч при каденции 24; цикл 467 с (сведение часа 226 с, матрица 142 с, книги 89 с, оценка 0 с)
  [09-29 03:09:53] матрица: 785 символов × 1451 часов, сечений с ≥30 именами: 1266, признаков 50
  [09-29 03:11:32] обучение пропущено по каденции: весам 5.9 ч при каденции 24; цикл 573 с (сведение часа 334 с, матрица 140 с, книги 94 с, оценка 0 с)
  [09-29 04:09:33] матрица: 785 символов × 1452 часов, сечений с ≥30 именами: 1267, признаков 50
  [09-29 04:11:12] обучение пропущено по каденции: весам 6.9 ч при каденции 24; цикл 552 с (сведение часа 331 с, матрица 122 с, книги 94 с, оценка 0 с)
  [09-29 05:09:08] матрица: 785 символов × 1453 часов, сечений с ≥30 именами: 1268, признаков 50
  [09-29 05:10:58] обучение пропущено по каденции: весам 7.9 ч при каденции 24; цикл 539 с (сведение часа 322 с, матрица 106 с, книги 106 с, оценка 0 с)
  [09-29 06:09:35] матрица: 785 символов × 1454 часов, сечений с ≥30 именами: 1269, признаков 50
конец: 2026-09-29T06:10:04Z, код 0
публикуется в ветку main:
 jobs/done/loggrep-2909.done         |  1 +
 jobs/done/loggrep-2909.log          | 16 ++++++++++++++++
 research/s8_loop/out/day_brake.json |  2 +-
 3 files changed, 18 insertions(+), 1 deletion(-)
