== задание mem-0730 ==
строка: run tools/loggrep.py --file train --preset mem --days 1 --last 10
начало: 2026-10-02T07:35:04Z
запускаю: .venv/bin/python tools/loggrep.py --file train --preset mem --days 1 --last 10
== research/s8_loop/out/train.log по образцу /память \d+ МБ, пик/ за 1 сут ==
  совпадений 35
  2026-10-02: 35
  [10-02 05:27:20] память 1605 МБ, пик 1614 (матрица собрана)
  [10-02 05:30:48] память 1718 МБ, пик 1959 (перед оценкой прежних весов)
  [10-02 05:34:11] память 1749 МБ, пик 3726 (прежние веса оценены)
  [10-02 06:24:55] память 1746 МБ, пик 3726 (канарейка)
  [10-02 06:34:27] память 2069 МБ, пик 3726 (gbm/fwd_1h обучена, строк 850001)
  [10-02 06:43:54] память 2065 МБ, пик 3726 (gbm/fwd_4h обучена, строк 845179)
  [10-02 06:53:25] память 2057 МБ, пик 3726 (gbm/fwd_24h обучена, строк 826050)
  [10-02 07:17:48] память 1609 МБ, пик 1618 (матрица собрана)
  [10-02 07:20:36] память 1714 МБ, пик 1964 (перед оценкой прежних весов)
  [10-02 07:24:00] память 1744 МБ, пик 3722 (прежние веса оценены)
конец: 2026-10-02T07:35:04Z, код 0
публикуется в ветку main:
 jobs/done/cycle-0730.done           |  1 +
 jobs/done/cycle-0730.log            | 21 +++++++++++++++++++++
 jobs/done/mem-0730.done             |  1 +
 jobs/done/mem-0730.log              | 18 ++++++++++++++++++
 jobs/done/memtop-0730.done          |  1 +
 jobs/done/memtop-0730.log           |  4 ++++
 research/s8_loop/out/day_brake.json |  2 +-
 7 files changed, 47 insertions(+), 1 deletion(-)
