== задание mem-0240 ==
строка: run tools/loggrep.py --file train --preset mem --days 1 --last 8
начало: 2026-10-02T02:45:04Z
запускаю: .venv/bin/python tools/loggrep.py --file train --preset mem --days 1 --last 8
== research/s8_loop/out/train.log по образцу /память \d+ МБ, пик/ за 1 сут ==
  совпадений 10
  2026-10-02: 10
  [10-02 01:44:11] память 1720 МБ, пик 3692 (прежние веса оценены)
  [10-02 02:12:57] память 1605 МБ, пик 1613 (матрица собрана)
  [10-02 02:15:11] память 1702 МБ, пик 1956 (перед оценкой прежних весов)
  [10-02 02:22:44] память 1548 МБ, пик 1557 (матрица собрана)
  [10-02 02:25:07] память 1658 МБ, пик 1902 (перед оценкой прежних весов)
  [10-02 02:32:39] память 1547 МБ, пик 1555 (матрица собрана)
  [10-02 02:35:31] память 1672 МБ, пик 1901 (перед оценкой прежних весов)
  [10-02 02:42:33] память 1547 МБ, пик 1555 (матрица собрана)
конец: 2026-10-02T02:45:04Z, код 0
публикуется в ветку main:
 jobs/done/cycle-0150.log               | 11 +++++++++++
 jobs/done/cycle-0240.done              |  1 +
 jobs/done/cycle-0240.log               | 25 +++++++++++++++++++++++++
 jobs/done/mem-0150.log                 |  8 ++++++++
 jobs/done/mem-0240.done                |  1 +
 jobs/done/mem-0240.log                 | 16 ++++++++++++++++
 jobs/done/memtop-0240.done             |  1 +
 jobs/done/memtop-0240.log              |  4 ++++
 research/factory/out/agents-runs.jsonl | 19 +++++++++++++++++++
 research/s8_loop/out/day_brake.json    |  2 +-
 10 files changed, 87 insertions(+), 1 deletion(-)
To github.com:n0tgod/algoth_v2.git
   50222074..706edbc0  main -> main
branch 'main' set up to track 'origin/main'.
опубликовано
