  [10-03 10:13:22]   h4_z_f22_w10_gl_rr0_sv_b0_a1: живой книги нет — полоса control: живая книга заводится только прошедшим проверки и отбор (решение владельца); случайная рука остаётся в суточном реплее, где и живёт сравн
  [10-03 10:13:22]   h4_z_f30_w10_gl_rrhi_se_b0_a1: живой книги нет — полоса control: живая книга заводится только прошедшим проверки и отбор (решение владельца); случайная рука остаётся в суточном реплее, где и живёт срав
  [10-03 10:13:22]   h4_z_f30_w5_gs_rrhi_se_b0_a1: живой книги нет — полоса control: живая книга заводится только прошедшим проверки и отбор (решение владельца); случайная рука остаётся в суточном реплее, где и живёт сравн
  [10-03 10:13:22]   h4_z_f44_w5_gt_rrhi_se_b0_a1: живой книги нет — полоса control: живая книга заводится только прошедшим проверки и отбор (решение владельца); случайная рука остаётся в суточном реплее, где и живёт сравн
  [10-03 10:13:34] ситуационная [nn]: закрыто 1 (TERUSDT — прогноз развернулся)
  [10-03 10:13:34] ситуационная [nn]: закрыто 2 (GALAUSDT — прогноз развернулся; MUBARAKUSDT — прогноз развернулся)
  [10-03 10:13:34] ситуационная [nn]: закрыто 1 (AKEUSDT — прогноз развернулся)
  [10-03 10:13:45] живой IC [gbm]: fwd_4h +0.1015 по 1 закрывшимся сечениям
  [10-03 10:13:45] живой IC [nn]: fwd_4h -0.0686 по 1 закрывшимся сечениям
  [10-03 10:13:45] память: доступно 1937 МБ при пороге 3072 — рядом другие прогоны, обучение отложено на час
  [10-03 10:13:45] обучение отложено по памяти: память: доступно 1937 МБ при пороге 3072 — рядом другие прогоны, обучение отложено на час; цикл 706 с (сведение часа 397 с, матрица 156 с, книги 141 с, оценка 0 с)
  [10-03 10:13:45] следующая попытка через 48 мин (обучения не было)

== research/dca_paper/out/short.log (хвост 40) ==
  строк всего 52941
  | оптимальная (шорт h24) | ≥ 2 % | 3672 | 1136 | 21 | 433 | 0 |
  | агрессивная (шорт h24) | ≥ 2 % | 3672 | 1136 | 21 | 433 | 0 |
  
  ## Книги
  
  | книга | депозит | билет | сделок | Σ $ | итог | просадка | медиана дня | плюсов | $ без лучшего имени | $ без 3 лучших дней | просадка без худшего дня | вперёд / пересчёт |
  |---|--:|--:|--:|--:|--:|--:|--:|--:|--:|--:|--:|--:|
  | `safe_h` (безопасная (шорт h24)) | $1000 | $25 | 1025 | +333.18 | +33.32 % | -12.87 % | +0.01 | 0.566 % | +278.68 | +162.90 | -7.2 % | 373 / 652 |
  | `safe_h` (безопасная (шорт h24)) | $10000 | $222 | 1034 | +3247.81 | +32.48 % | -11.31 % | +0.01 | 0.566 % | +2770.75 | +1761.18 | -6.3 % | 376 / 658 |
  | `safe_h` (безопасная (шорт h24)) | $100000 | $2222 | 1034 | +32509.96 | +32.51 % | -11.32 % | +0.01 | 0.566 % | +27733.17 | +17627.66 | -6.3 % | 376 / 658 |
  | `optimal_h` (оптимальная (шорт h24)) | $1000 | $25 | 1089 | +404.98 | +40.50 % | -20.56 % | +0.01 | 0.519 % | +291.72 | -10.23 | -18.5 % | 390 / 699 |
  | `optimal_h` (оптимальная (шорт h24)) | $10000 | $55.5 | 1127 | +942.32 | +9.42 % | -4.14 % | +0.00 | 0.518 % | +784.99 | +237.77 | -3.2 % | 408 / 719 |
  | `optimal_h` (оптимальная (шорт h24)) | $100000 | $555.5 | 1127 | +9431.80 | +9.43 % | -4.15 % | +0.00 | 0.518 % | +7856.79 | +2379.42 | -3.2 % | 408 / 719 |
  | `aggr_h` (агрессивная (шорт h24)) | $1000 | $6.5 | 850 | +171.45 | +17.14 % | -6.34 % | +0.00 | 0.471 % | +155.59 | +63.18 | -6.3 % | 295 / 555 |
  | `aggr_h` (агрессивная (шорт h24)) | $10000 | $66.5 | 850 | +1756.95 | +17.57 % | -6.49 % | +0.00 | 0.471 % | +1593.97 | +646.23 | -6.5 % | 295 / 555 |
  | `aggr_h` (агрессивная (шорт h24)) | $100000 | $666.5 | 850 | +17612.05 | +17.61 % | -6.51 % | +0.00 | 0.471 % | +15977.86 | +6476.72 | -6.5 % | 295 / 555 |
  
  **Колонки концентрации отвечают на разные вопросы.** «Без лучшего имени» ловит одну разогнанную монету; «без 3 лучших дней» ловит рыночный эпизод, который раздаёт деньги десяткам имён разом, и первой колонке он невидим; 
  
  
  Вперёд — решения, записанные в течение 120 ч после самого решения; остальное — пересчёт истории по нынешним правилам, и складывать их в один вердикт нельзя.
  
  ## Чего замер НЕ говорит
  
  - Живого исполнения здесь нет: исходы считаются реплеем по барам записи. Проскальзывание, очередь в стакане и задержка входа не моделируются; издержки круга учтены в `pnl_net`, отдельный замер издержек — `costs.py`.
  - Общий счёт с длинной книгой считает `run_pair.py`: там депозит один на обе стороны, и числа его книг не равны сумме этой книги и длинной.
  - Хедж-режим есть ПРАВИЛО СЧЁТА этой книги: она не смотрит на длинные позиции. На бирже так можно только в хедж-режиме; в одностороннем совпадающий шорт резал бы длинную позицию, и число таких совпадений стоит выше.
  - Веса модели видели эти часы: пересчёт истории читается как оценка СВЕРХУ. Судит форвард.
  
  публикуется в ветку main:
   jobs/done/stop2-f10.log                       |  2 ++
   jobs/done/stop2-f75.log                       |  4 ++++
   research/dca_paper/out/DCA-short.json         |  2 +-
   research/dca_paper/out/DCA-short.md           | 32 +++++++++++++--------------
   research/dca_paper/out/short-2026-10-02.jsonl | 15 +++++++++++++
   5 files changed, 38 insertions(+), 17 deletions(-)
  To github.com:n0tgod/algoth_v2.git
     f7eb9619..10d414d2  main -> main
  branch 'main' set up to track 'origin/main'.
  опубликовано

== research/dca_paper/out/daily.log (хвост 40) ==
  строк всего 147506
  | безопасная | 7551 | нет гейта | 1874 | 1.54× | 464 | 457 ⚠ ниже измеренного |
  | оптимальная | 7551 | нет гейта | 1888 | 1.93× | 464 | 457 ⚠ ниже измеренного |
  | агрессивная | 7551 | 5565 (плечо < 4×) | 650 | 8.62× | 245 | 237 ⚠ ниже измеренного |
  
  **Объявленный пик ниже измеренного у режимов: безопасная, оптимальная, агрессивная.** Значит билет посчитан от заниженного пика и велик: книга берёт не все свои решения, а первые по очереди за кассой, то есть отказ меняе
  
  ## Что связывает депозит
  
  Числа счётного прогона 2026-10-03 10:17. Касса раздаёт деньги по очереди решений, поэтому книга, которой не хватает мест, берёт не лучшие сигналы, а первые: отказ по кассе меняет не только объём, но и СОСТАВ.
  
  | режим | депозит | мест | взято | нет кассы | мельче пола |
  |---|---|--:|--:|--:|--:|
  | безопасная | $1,000 | 40 | 534 | 1340 | 0 |
  | оптимальная | $1,000 | 40 | 554 | 1334 | 0 |
  | агрессивная | $1,000 | 160 | 486 | 164 | 0 |
  | безопасная | $10,000 | 400 | 1807 | 67 | 0 |
  | оптимальная | $10,000 | 400 | 1821 | 67 | 0 |
  | агрессивная | $10,000 | 357 | 650 | 0 | 0 |
  | безопасная | $100,000 | 689 | 1874 | 0 | 0 |
  | оптимальная | $100,000 | 689 | 1888 | 0 | 0 |
  | агрессивная | $100,000 | 355 | 650 | 0 | 0 |
  
  ## Чего эти числа НЕ описывают
  
  Живого исполнения здесь нет: сделки считаются реплеем по барам записи, а не сканером на живой цене. Значит не моделируются проскальзывание, очередь в стакане и задержка входа; долив лотов в одно имя запрещён правилом, а 
  публикуется в ветку main:
   jobs/done/status-stop2.done           |   1 +
   jobs/done/status-stop2.log            |  12 +
   jobs/done/stop2-f10.log               | 102 ++++
   jobs/done/stop2-f75.log               | 106 ++++
   jobs/poke.log                         |   1 +
   research/dca_paper/out/DCA-paper.json | 986 +++++++++++++++++-----------------
   research/dca_paper/out/DCA-paper.md   |  16 +-
   research/s8_loop/out/day_brake.json   |   2 +-
   8 files changed, 730 insertions(+), 496 deletions(-)
  To github.com:n0tgod/algoth_v2.git
     c0eb7eed..f7eb9619  main -> main
  branch 'main' set up to track 'origin/main'.
  опубликовано
  

== research/dca_paper/out/pair.log (хвост 40) ==
  строк всего 69777
  ## Издержки: учтены в каждой сделке
  
  Комиссия тейкером на каждом рунге и выходе, проскальзывание 4.4 б.п. (X3: медиана входа 22 заполнений, 2026-08-22…25, потолок 30) на базовый вход и рыночный выход (пол, срок, трейл, стоп), funding по рядам площадки испол
  
  | книга | депозит | сделок | из них с издержками | комиссия $ | проскальзывание $ | funding $ | издержки всего $ | брутто $ | нетто $ | медиана на сделку, б.п. маржи (комиссия / проскальз. / funding) | среднее, б.п. (там
  |---|--:|--:|--:|--:|--:|--:|--:|--:|--:|--:|--:|--:|
  | общая (безопасная) | $1,000 | 1140 | 1140 | -58.58 | -28.03 | -146.59 | -233.20 | +554.53 | +321.33 | +5.1 / +2.2 / +0.0 | +15.1 / +7.3 / -40.1 | -6960 |
  | общая (оптимальная) | $1,000 | 1137 | 1137 | -133.44 | -66.32 | -293.91 | -493.67 | +1090.09 | +596.42 | +10.4 / +4.1 / +0.0 | +29.4 / +14.6 / -69.9 | -6960 |
  | общая (агрессивная) | $1,000 | 1272 | 1272 | -62.77 | -30.33 | -110.26 | -203.36 | +676.30 | +472.94 | +52.3 / +22.0 / -0.9 | +55.4 / +26.6 / -97.7 | -6960 |
  | общая (безопасная) | $10,000 | 2302 | 2302 | -572.38 | -274.71 | -1544.16 | -2391.25 | +5614.53 | +3223.28 | +5.4 / +2.2 / -0.4 | +11.8 / +5.4 / -23.6 | -6960 |
  | общая (оптимальная) | $10,000 | 2747 | 2747 | -337.80 | -161.39 | -621.25 | -1120.44 | +3909.03 | +2788.58 | +9.2 / +3.5 / -0.7 | +22.9 / +10.4 / -32.9 | -6960 |
  | общая (агрессивная) | $10,000 | 1500 | 1500 | -576.88 | -281.85 | -1115.75 | -1974.48 | +6097.49 | +4123.01 | +46.0 / +12.9 / -2.3 | +53.2 / +24.3 / -84.6 | -6960 |
  | общая (безопасная) | $100,000 | 2522 | 2522 | -5805.73 | -2781.90 | -15541.18 | -24128.81 | +56243.67 | +32114.86 | +5.5 / +2.2 / -0.5 | +11.6 / +5.3 / -21.8 | -6960 |
  | общая (оптимальная) | $100,000 | 3001 | 3001 | -3083.91 | -1487.80 | -6519.57 | -11091.28 | +32841.79 | +21750.51 | +9.3 / +3.5 / -0.8 | +22.6 / +10.0 / -32.4 | -6960 |
  | общая (агрессивная) | $100,000 | 1500 | 1500 | -5787.84 | -2827.66 | -11191.61 | -19807.11 | +61178.17 | +41371.06 | +46.0 / +12.9 / -2.3 | +53.2 / +24.3 / -84.6 | -6960 |
  
  **Funding — издержка ХВОСТА, а не средняя**: у 9 книг среднее на сделку в разы дальше от нуля, чем медиана, то есть платят немногие позиции и платят много (долгое удержание на дорогой ставке). общая (безопасная) $1000: м
  
  
  Чего не удалось измерить: у 127 сделок ряд funding не покрывает жизнь позиции — funding им НЕ начислен (это прочерк, а не ноль: он мал и разного знака, но не измерен); у 8940 сделок ставки тейкера в справочнике нет — взя
  
  Проскальзывание снято на 300 $ за имя (живой замер X3): у крупных билетов оно больше, поэтому нетто крупных депозитов — НИЖНЯЯ граница издержек. Отметка открытой позиции остаётся брутто: выхода ещё не было, и комиссию вы
  
  ## Чего эти числа НЕ говорят
  
  - Живого исполнения здесь нет: исходы позиций взяты из кэшей реплея обеих книг, посчитанных по барам записи. Очередь в стакане и задержка входа не моделируются.
  - Внутри одной секунды деньги достаются лучшему по |прогнозу| решению — правило очереди объявлено до прогона и одно на обе стороны. Другое правило дало бы другой состав, и это ось для отдельного замера, а не свойство рын
  - Общий счёт — ХЕДЖ-режим: шорт по имени, которое держит длинная сторона, разрешён. В одностороннем режиме биржи он срезал бы длинную позицию, и число совпадений выше есть цена режима.
  - Веса модели видели эти часы: пересчёт истории читается как оценка СВЕРХУ. Судит форвард.
  
  публикуется в ветку main:
   jobs/done/stop2-f75.log                      |  1 +
   research/dca_paper/out/DCA-pair.json         |  2 +-
   research/dca_paper/out/DCA-pair.md           | 70 ++++++++++++++--------------
   research/dca_paper/out/pair-2026-10-02.jsonl | 15 ++++++
   4 files changed, 52 insertions(+), 36 deletions(-)
  To github.com:n0tgod/algoth_v2.git
     10d414d2..166067e4  main -> main
  branch 'main' set up to track 'origin/main'.
  опубликовано

== research/b1_book/out/collect.log (хвост 40) ==
  строк всего 1075786
  [   26917 с] сообщений 95,129,731 (+205,609), сделок 8,780,991 (+22,381), книг готово 783/783, тем принято 2349/2349, сбросов 0, диска на ~2 дн.
  [   26977 с] сообщений 95,345,617 (+215,882), сделок 8,801,733 (+20,742), книг готово 783/783, тем принято 2349/2349, сбросов 0, диска на ~2 дн.
  [   27037 с] сообщений 95,551,015 (+205,398), сделок 8,825,062 (+23,329), книг готово 783/783, тем принято 2349/2349, сбросов 0, диска на ~2 дн.
  [   27097 с] сообщений 95,752,051 (+201,004), сделок 8,850,556 (+25,478), книг готово 783/783, тем принято 2349/2349, сбросов 0, диска на ~2 дн.
  [   27153 с] сторож ситуационной книги: NameError: name 'TR' is not defined
  [   27157 с] сообщений 95,948,673 (+196,580), сделок 8,868,346 (+17,776), книг готово 783/783, тем принято 2349/2349, сбросов 0, диска на ~2 дн.
  [   27158 с] сторож ситуационной книги: NameError: name 'TR' is not defined
  [   27164 с] ситуационная [gbm]: закрыто 1 (MAGMAUSDT — цена прошла обещанный ход против)
  [   27165 с] ситуационная [nn]: закрыто 1 (MAGMAUSDT — цена дошла до обещанной цели)
  [   27168 с] ситуационная [gbm]: закрыто 1 (MAGMAUSDT — цена прошла обещанный ход против)
  [   27169 с] ситуационная [nn]: 1 живых входов часа 2026-10-03-09 записаны в книгу
  [   27169 с] ситуационная [nn]: закрыто 1 (MAGMAUSDT — цена дошла до обещанной цели)
  [   27170 с] ситуационная [gbm]: закрыто 1 (MAGMAUSDT — цена прошла обещанный ход против)
  [   27170 с] ситуационная [nn]: закрыто 1 (MAGMAUSDT — цена дошла до обещанной цели)
  [   27173 с] ситуационная [gbm]: закрыто 1 (MAGMAUSDT — цена прошла обещанный ход против)
  [   27180 с] ситуационная [gbm]: 1 живых входов часа 2026-10-03-09 записаны в книгу
  [   27182 с] шард 1: ошибка соединения: ping/pong timed out
  [   27185 с] шард 1: соединение закрыто: None None
  [   27185 с] шард 1: переподключение через 30 с
  [   27191 с] ситуационная [nn]: 1 живых входов часа 2026-10-03-09 записаны в книгу
  [   27192 с] ситуационная [nn]: 1 живых входов часа 2026-10-03-09 записаны в книгу
  [   27216 с] шард 1: подключён, подписываюсь на 120 тем
  [   27217 с] сообщений 96,125,216 (+176,536), сделок 8,884,488 (+16,142), книг готово 783/783, тем принято 2349/2349, сбросов 0, диска на ~2 дн.
  [   27277 с] сообщений 96,319,031 (+193,815), сделок 8,908,857 (+24,369), книг готово 783/783, тем принято 2349/2349, сбросов 0, диска на ~2 дн.
  [   27320 с] ситуационная [nn]: 1 живых входов часа 2026-10-03-09 записаны в книгу
  [   27337 с] сообщений 96,545,361 (+226,323), сделок 8,938,680 (+29,823), книг готово 783/783, тем принято 2349/2349, сбросов 0, диска на ~2 дн.
  [   27397 с] сообщений 96,753,604 (+208,243), сделок 8,965,564 (+26,884), книг готово 783/783, тем принято 2349/2349, сбросов 0, диска на ~2 дн.
  [   27457 с] сообщений 96,954,909 (+201,289), сделок 8,984,031 (+18,466), книг готово 783/783, тем принято 2349/2349, сбросов 0, диска на ~2 дн.
  [   27495 с] ситуационная [nn]: закрыто 1 (NIGHTUSDT — цена дошла до обещанной цели)
  [   27495 с] ситуационная [nn]: закрыто 1 (NIGHTUSDT — цена дошла до обещанной цели)
  [   27495 с] шард 18: ошибка соединения: ping/pong timed out
  [   27498 с] шард 18: соединение закрыто: None None
  [   27498 с] шард 18: переподключение через 30 с
  [   27517 с] сообщений 97,173,041 (+218,123), сделок 9,008,279 (+24,248), книг готово 743/783, тем принято 2349/2349, сбросов 0, диска на ~2 дн.
  [   27529 с] шард 18: подключён, подписываюсь на 120 тем
  [   27552 с] ситуационная [nn]: 1 живых входов часа 2026-10-03-09 записаны в книгу
  [   27577 с] сообщений 97,385,684 (+212,638), сделок 9,029,413 (+21,134), книг готово 783/783, тем принято 2349/2349, сбросов 0, диска на ~2 дн.
  [   27637 с] сообщений 97,608,719 (+223,025), сделок 9,056,803 (+27,390), книг готово 783/783, тем принято 2349/2349, сбросов 0, диска на ~2 дн.
  [   27697 с] сообщений 97,814,654 (+205,929), сделок 9,078,141 (+21,338), книг готово 783/783, тем принято 2349/2349, сбросов 0, диска на ~2 дн.
  [   27757 с] сообщений 98,027,645 (+212,976), сделок 9,100,854 (+22,711), книг готово 783/783, тем принято 2349/2349, сбросов 0, диска на ~2 дн.

== research/b1_book/out/watchdog.log (хвост 40) ==
  строк всего 8303
  [       1 с] лимит открытых файлов: 1024 -> 5722
  [       1 с] символов 783: 0GUSDT, 1000000BABYDOGEUSDT, 1000000MOGUSDT, 10000NEXUSDT, 10000SATSUSDT, 1000BONKUSDT, 1000BTTUSDT, 1000CATUSDT, 1000FLOKIUSDT, 1000LUNCUSDT, 1000NEIROCTOUSDT, 1000PEPEUSDT, 1000RATSUSDT, 1000
  [       1 с] сырой поток пишется для: ARBUSDT
  [       1 с] каталог /root/algoth_v2/research/b1_book/out
  [       1 с] глубина стакана: 0GUSDT=50, 1000000BABYDOGEUSDT=50, 1000000MOGUSDT=50, 10000NEXUSDT=50, 10000SATSUSDT=50, 1000BONKUSDT=50, 1000BTTUSDT=50, 1000CATUSDT=50, 1000FLOKIUSDT=50, 1000LUNCUSDT=50, 1000NEIROCTOUSDT=
  [       1 с] страница наблюдения: http://<адрес сервера>:8765/?k=uesWb4RXEuze
  == перезапускаю циклы обучения ==
    не запущен: s8_loop/train.py --pretest
    остановлен, сторож поднимет: s8_loop/train.py$
  [2026-10-03T02:50:15Z] цикл обучения не найден — поднимаю
  [2026-10-03T03:00:01Z] DCA-книги: последний счёт 5581 с назад — прогон
  [2026-10-03T03:00:01Z] короткие книги h24: последний счёт 5401 с назад — прогон
  [2026-10-03T03:00:03Z] выгрузка записи: день 2026-10-01 не выгружен — прогон
  [2026-10-03T03:05:01Z] общий счёт: книги-источники свежее — прогон
  [2026-10-03T04:00:01Z] ряды funding: последний догон 86333 с назад — прогон
  [2026-10-03T04:05:02Z] DCA-книги: последний счёт 3722 с назад — прогон
  [2026-10-03T04:05:02Z] короткие книги h24: последний счёт 3662 с назад — прогон
  [2026-10-03T04:10:01Z] цикл обучения не найден — поднимаю
  [2026-10-03T04:10:01Z] общий счёт: книги-источники свежее — прогон
  [2026-10-03T05:00:02Z] справочник инструментов: последний догон 86397 с назад — прогон
  [2026-10-03T05:10:02Z] DCA-книги: последний счёт 3722 с назад — прогон
  [2026-10-03T05:10:02Z] короткие книги h24: последний счёт 3722 с назад — прогон
  [2026-10-03T05:15:01Z] цикл обучения не найден — поднимаю
  [2026-10-03T05:15:02Z] общий счёт: книги-источники свежее — прогон
  [2026-10-03T06:00:01Z] книга: артефакту 86113 с — докачка и прогон
  [2026-10-03T06:05:01Z] цикл обучения не найден — поднимаю
  [2026-10-03T07:00:01Z] DCA-книги: последний счёт 6481 с назад — прогон
  [2026-10-03T07:00:01Z] короткие книги h24: последний счёт 6421 с назад — прогон
  [2026-10-03T07:05:01Z] цикл обучения не найден — поднимаю
  [2026-10-03T07:05:02Z] общий счёт: книги-источники свежее — прогон
  [2026-10-03T08:05:01Z] DCA-книги: последний счёт 3781 с назад — прогон
  [2026-10-03T08:05:01Z] короткие книги h24: последний счёт 3721 с назад — прогон
  [2026-10-03T08:10:01Z] цикл обучения не найден — поднимаю
  [2026-10-03T08:10:01Z] общий счёт: книги-источники свежее — прогон
  [2026-10-03T09:10:01Z] DCA-книги: последний счёт 3781 с назад — прогон
  [2026-10-03T09:10:01Z] короткие книги h24: последний счёт 3721 с назад — прогон
  [2026-10-03T09:15:01Z] общий счёт: книги-источники свежее — прогон
  [2026-10-03T10:15:01Z] DCA-книги: последний счёт 3781 с назад — прогон
  [2026-10-03T10:15:01Z] короткие книги h24: последний счёт 3721 с назад — прогон
  [2026-10-03T10:20:02Z] общий счёт: книги-источники свежее — прогон

== research/b1_book/out/ship.log (хвост 40) ==
  строк всего 125
  [03:21:02] после: /root/algoth_v2/research/b1_book/out: свободно 67.4 ГБ; /root: свободно 71.3 ГБ; 59 с
  [03:21:02] итого отправлено 0.00 ГБ, дней закрыто 1 из 1
  [03:00:04] до: /root/algoth_v2/research/b1_book/out: свободно 60.7 ГБ; /root: свободно 71.1 ГБ
  [03:00:18] дней к выгрузке (не позже 2026-09-30, без отметки): 1 — 2026-09-30 … 2026-09-30; предел за прогон 20 ГБ
  [03:00:54]   2026-09-30: 90/2746 архивов, 0.47 ГБ, 33 с
  [03:01:31]   2026-09-30: 185/2746 архивов, 0.94 ГБ, 71 с
  [03:02:09]   2026-09-30: 333/2746 архивов, 1.68 ГБ, 109 с
  [03:02:53]   2026-09-30: 584/2746 архивов, 2.92 ГБ, 153 с
  [03:03:42]   2026-09-30: 663/2746 архивов, 3.31 ГБ, 201 с
  [03:04:24]   2026-09-30: 1122/2746 архивов, 3.92 ГБ, 244 с
  [03:10:25]   ОТКАЗ b1/metrics/INTWUSDT/2026-09-30.tar: An error occurred (GatewayTimeout) when calling the PutObject operation (reached max retries: 5): The server did not respond in time.
  [03:10:25]   2026-09-30: 1528/2746 архивов, 3.93 ГБ, 605 с
  [03:10:34]   ОТКАЗ b1/metrics/NEOUSDT/2026-09-30.tar: An error occurred (GatewayTimeout) when calling the PutObject operation (reached max retries: 5): The server did not respond in time.
  [03:10:42]   ОТКАЗ b1/metrics/SLPUSDT/2026-09-30.tar: An error occurred (GatewayTimeout) when calling the PutObject operation (reached max retries: 5): The server did not respond in time.
  [03:10:42] 2026-09-30: архивов 2746 из 57970 файлов, 4.14 ГБ, отправлено 2743 (было 0), отказов 3, ETag не совпал у 0, не закрыт
  [03:10:42] снятие местных копий старше 21 сут:
  [03:10:46]   2026-09-11: снято 56590 файлов, 3.77 ГБ, из них перелитых 0
  [03:10:46] после: /root/algoth_v2/research/b1_book/out: свободно 67.8 ГБ; /root: свободно 71.1 ГБ; 642 с
  [03:10:46] итого отправлено 4.19 ГБ, дней закрыто 0 из 1
  [03:15:04] до: /root/algoth_v2/research/b1_book/out: свободно 67.5 ГБ; /root: свободно 71.1 ГБ
  [03:15:19] дней к выгрузке (не позже 2026-09-30, без отметки): 1 — 2026-09-30 … 2026-09-30; предел за прогон 20 ГБ
  [03:15:33] 2026-09-30: архивов 2746 из 57970 файлов, 4.14 ГБ, отправлено 3 (было 2743), отказов 0, ETag не совпал у 0, ЗАКРЫТ
  [03:15:33] снятие местных копий старше 21 сут:
  [03:15:43] после: /root/algoth_v2/research/b1_book/out: свободно 67.4 ГБ; /root: свободно 71.1 ГБ; 40 с
  [03:15:43] итого отправлено 0.00 ГБ, дней закрыто 1 из 1
  [03:00:03] до: /root/algoth_v2/research/b1_book/out: свободно 60.3 ГБ; /root: свободно 71.3 ГБ
  [03:00:06] дней к выгрузке (не позже 2026-10-01, без отметки): 1 — 2026-10-01 … 2026-10-01; предел за прогон 20 ГБ
  [03:00:47]   2026-10-01: 61/2734 архивов, 0.30 ГБ, 40 с
  [03:02:02]   2026-10-01: 248/2734 архивов, 1.25 ГБ, 115 с
  [03:02:45]   2026-10-01: 577/2734 архивов, 2.88 ГБ, 158 с
  [03:03:16]   2026-10-01: 1296/2734 архивов, 3.94 ГБ, 188 с
  [03:03:49]   2026-10-01: 1733/2734 архивов, 3.95 ГБ, 222 с
  [03:04:21]   2026-10-01: 2097/2734 архивов, 4.06 ГБ, 253 с
  [03:05:05]   2026-10-01: 2334/2734 архивов, 4.11 ГБ, 297 с
  [03:06:20]   2026-10-01: 2617/2734 архивов, 4.18 ГБ, 373 с
  [03:06:21] 2026-10-01: архивов 2734 из 57831 файлов, 4.15 ГБ, отправлено 2734 (было 0), отказов 0, ETag не совпал у 0, ЗАКРЫТ
  [03:06:21] снятие местных копий старше 21 сут:
  [03:06:27]   2026-09-12: снято 55247 файлов, 3.24 ГБ, из них перелитых 0
  [03:06:27] после: /root/algoth_v2/research/b1_book/out: свободно 67.3 ГБ; /root: свободно 71.3 ГБ; 384 с
  [03:06:27] итого отправлено 4.21 ГБ, дней закрыто 1 из 1

== research/a1_universe/out/refresh.log (хвост 40) ==
  строк всего 15517
    1071/1091
    1072/1091
    1073/1091
    1074/1091
    1075/1091
    1076/1091
    1077/1091
    1078/1091
    1079/1091
    1080/1091
    1081/1091
    1082/1091
    1083/1091
    1084/1091
    1085/1091
    1086/1091
    1087/1091
    1088/1091
    1089/1091
    1090/1091
    1091/1091
  публикуется в ветку main:
   research/a1_universe/out/funding-refresh.json | 3158 ++++++++++++-------------
   research/a1_universe/out/funding-refresh.md   |    4 +-
   research/factory/out/agents-runs.jsonl        |    3 +
   research/factory/out/mech_task.json           |    2 +-
   research/s8_loop/out/day_brake.json           |    2 +-
   5 files changed, 1586 insertions(+), 1583 deletions(-)
  To github.com:n0tgod/algoth_v2.git
     8d8678ec..e21e02d3  main -> main
  branch 'main' set up to track 'origin/main'.
  опубликовано
  # Догон рядов funding площадки исполнения
  
  Прогон 2026-10-03: символов 1091, добавлено точек 3548, отказов сети 0, пустых рядов 0, 58.2 с.
  
  Край рядов после догона: минимум 2022-02-14, медиана 2026-10-03, максимум 2026-10-03. Ряд, край которого старше сегодняшнего дня, у площадки кончился (контракт снят) либо отказал сетью — отказы поимённо ниже.
  
  Отказов нет.
  

== research/a1_universe/out/instruments.log (хвост 40) ==
  строк всего 499
   research/s8_loop/out/day_brake.json               |  2 +-
   4 files changed, 9 insertions(+), 9 deletions(-)
  To github.com:n0tgod/algoth_v2.git
     f7ba3f0d..7769077f  main -> main
  branch 'main' set up to track 'origin/main'.
  опубликовано
  справочник: было 1897, пришло 1898, новых 1, обновлённых 0, всего 1898; с датой листинга 1898
  # Догон справочника инструментов
  
  Прогон 2026-10-02 05:00: было 1897 символов, пришло 1898, новых **1**, обновлённых 0, всего 1898; с моментом листинга 1898, из них моложе 30 суток 79. Прогон 2.6 с.
  
  Старые записи не удаляются: делистнутый символ остаётся с последним известным состоянием, иначе история потеряет имена, которыми книги торговали.
  
  публикуется в ветку main:
   research/a1_universe/out/instruments-refresh.json | 14 +++++++-------
   research/a1_universe/out/instruments-refresh.md   |  2 +-
   research/a1_universe/out/instruments.json         |  2 +-
   research/s8_loop/out/day_brake.json               |  2 +-
   4 files changed, 10 insertions(+), 10 deletions(-)
  To github.com:n0tgod/algoth_v2.git
     37764ab1..23b3b859  main -> main
  branch 'main' set up to track 'origin/main'.
  опубликовано
  справочник: было 1898, пришло 1906, новых 8, обновлённых 10, всего 1906; с датой листинга 1906
  # Догон справочника инструментов
  
  Прогон 2026-10-03 05:00: было 1898 символов, пришло 1906, новых **8**, обновлённых 10, всего 1906; с моментом листинга 1906, из них моложе 30 суток 84. Прогон 3.8 с.
  
  Старые записи не удаляются: делистнутый символ остаётся с последним известным состоянием, иначе история потеряет имена, которыми книги торговали.
  
  публикуется в ветку main:
   research/a1_universe/out/instruments-refresh.json | 18 +++++++++---------
   research/a1_universe/out/instruments-refresh.md   |  2 +-
   research/a1_universe/out/instruments.json         |  2 +-
   research/s8_loop/out/day_brake.json               |  2 +-
   4 files changed, 12 insertions(+), 12 deletions(-)
  To github.com:n0tgod/algoth_v2.git
     789186c0..d1c14144  main -> main
  branch 'main' set up to track 'origin/main'.
  опубликовано

== research/s8_loop/out/model/train_log.jsonl (хвост 40) ==
  строк всего 566
  {"kind": "books", "seq": 529, "hour": "2026-09-30-11", "at": "09-30 12:11", "sections": 1298, "symbols": 789, "train_why": "весам 3.6 ч при каденции 24", "steps_sec": {"сведение часа": 339.0, "матрица": 115.9, "книги": 1
  {"kind": "books", "seq": 529, "hour": "2026-09-30-12", "at": "09-30 13:09", "sections": 1299, "symbols": 789, "train_why": "весам 4.5 ч при каденции 24", "steps_sec": {"сведение часа": 240.3, "матрица": 115.2, "книги": 9
  {"kind": "books", "seq": 529, "hour": "2026-09-30-13", "at": "09-30 14:08", "sections": 1300, "symbols": 789, "train_why": "весам 5.5 ч при каденции 24", "steps_sec": {"сведение часа": 183.7, "матрица": 113.9, "книги": 8
  {"kind": "books", "seq": 529, "hour": "2026-09-30-14", "at": "09-30 15:08", "sections": 1301, "symbols": 789, "train_why": "весам 6.5 ч при каденции 24", "steps_sec": {"сведение часа": 161.1, "матрица": 111.8, "книги": 8
  {"kind": "books", "seq": 529, "hour": "2026-09-30-15", "at": "09-30 16:09", "sections": 1302, "symbols": 789, "train_why": "весам 7.5 ч при каденции 24", "steps_sec": {"сведение часа": 251.5, "матрица": 112.5, "книги": 1
  {"kind": "books", "seq": 529, "hour": "2026-09-30-16", "at": "09-30 17:11", "sections": 1303, "symbols": 789, "train_why": "весам 8.6 ч при каденции 24", "steps_sec": {"сведение часа": 308.2, "матрица": 130.3, "книги": 1
  {"kind": "books", "seq": 529, "hour": "2026-09-30-17", "at": "09-30 18:11", "sections": 1304, "symbols": 789, "train_why": "весам 9.6 ч при каденции 24", "steps_sec": {"сведение часа": 316.0, "матрица": 123.2, "книги": 1
  {"kind": "books", "seq": 529, "hour": "2026-09-30-18", "at": "09-30 19:11", "sections": 1305, "symbols": 789, "train_why": "весам 10.6 ч при каденции 24", "steps_sec": {"сведение часа": 337.1, "матрица": 113.4, "книги": 
  {"kind": "books", "seq": 529, "hour": "2026-09-30-19", "at": "09-30 20:11", "sections": 1306, "symbols": 789, "train_why": "весам 11.6 ч при каденции 24", "steps_sec": {"сведение часа": 322.3, "матрица": 115.5, "книги": 
  {"kind": "books", "seq": 529, "hour": "2026-09-30-20", "at": "09-30 21:12", "sections": 1307, "symbols": 789, "train_why": "весам 12.6 ч при каденции 24", "steps_sec": {"сведение часа": 357.4, "матрица": 121.1, "книги": 
  {"kind": "books", "seq": 529, "hour": "2026-09-30-21", "at": "09-30 22:12", "sections": 1308, "symbols": 789, "train_why": "весам 13.6 ч при каденции 24", "steps_sec": {"сведение часа": 355.5, "матрица": 114.0, "книги": 
  {"kind": "books", "seq": 529, "hour": "2026-09-30-22", "at": "09-30 23:12", "sections": 1309, "symbols": 789, "train_why": "весам 14.6 ч при каденции 24", "steps_sec": {"сведение часа": 369.6, "матрица": 113.6, "книги": 
  {"kind": "books", "seq": 529, "hour": "2026-09-30-23", "at": "10-01 00:12", "sections": 1310, "symbols": 789, "train_why": "весам 15.6 ч при каденции 24", "steps_sec": {"сведение часа": 376.0, "матрица": 116.0, "книги": 
  {"kind": "books", "seq": 529, "hour": "2026-10-01-00", "at": "10-01 01:11", "sections": 1311, "symbols": 789, "train_why": "весам 16.6 ч при каденции 24", "steps_sec": {"сведение часа": 348.2, "матрица": 115.7, "книги": 
  {"kind": "books", "seq": 529, "hour": "2026-10-01-01", "at": "10-01 02:13", "sections": 1312, "symbols": 789, "train_why": "весам 17.6 ч при каденции 24", "steps_sec": {"сведение часа": 394.2, "матрица": 147.5, "книги": 
  {"kind": "books", "seq": 529, "hour": "2026-10-01-02", "at": "10-01 03:13", "sections": 1313, "symbols": 789, "train_why": "весам 18.6 ч при каденции 24", "steps_sec": {"сведение часа": 428.9, "матрица": 140.4, "книги": 
  {"kind": "books", "seq": 529, "hour": "2026-10-01-03", "at": "10-01 04:12", "sections": 1314, "symbols": 789, "train_why": "весам 19.6 ч при каденции 24", "steps_sec": {"сведение часа": 387.3, "матрица": 123.3, "книги": 
  {"kind": "books", "seq": 529, "hour": "2026-10-01-04", "at": "10-01 05:12", "sections": 1315, "symbols": 789, "train_why": "весам 20.6 ч при каденции 24", "steps_sec": {"сведение часа": 352.6, "матрица": 117.0, "книги": 
  {"kind": "books", "seq": 529, "hour": "2026-10-01-05", "at": "10-01 06:13", "sections": 1316, "symbols": 789, "train_why": "весам 21.6 ч при каденции 24", "steps_sec": {"сведение часа": 398.2, "матрица": 155.7, "книги": 
  {"kind": "books", "seq": 529, "hour": "2026-10-01-06", "at": "10-01 07:11", "sections": 1317, "symbols": 789, "train_why": "весам 22.6 ч при каденции 24", "steps_sec": {"сведение часа": 337.7, "матрица": 138.5, "книги": 
  {"kind": "books", "seq": 529, "hour": "2026-10-01-07", "at": "10-01 08:10", "sections": 1318, "symbols": 789, "train_why": "весам 23.5 ч при каденции 24", "steps_sec": {"сведение часа": 247.7, "матрица": 149.9, "книги": 
  {"kind": "books", "seq": 529, "hour": "2026-10-02-11", "at": "10-02 12:40", "sections": 1345, "symbols": 790, "train_why": "память: доступно 3037 МБ при пороге 3072 — рядом другие прогоны, обучение отложено на час", "ste
  {"kind": "books", "seq": 529, "hour": "2026-10-02-12", "at": "10-02 13:09", "sections": 1346, "symbols": 790, "train_why": "память: доступно 3014 МБ при пороге 3072 — рядом другие прогоны, обучение отложено на час", "ste
  {"kind": "books", "seq": 529, "hour": "2026-10-02-13", "at": "10-02 14:09", "sections": 1347, "symbols": 790, "train_why": "память: доступно 2975 МБ при пороге 3072 — рядом другие прогоны, обучение отложено на час", "ste
  {"kind": "books", "seq": 529, "hour": "2026-10-02-14", "at": "10-02 15:09", "sections": 1348, "symbols": 790, "train_why": "память: доступно 2876 МБ при пороге 3072 — рядом другие прогоны, обучение отложено на час", "ste
  {"kind": "books", "seq": 529, "hour": "2026-10-02-15", "at": "10-02 16:09", "sections": 1349, "symbols": 790, "train_why": "память: доступно 2968 МБ при пороге 3072 — рядом другие прогоны, обучение отложено на час", "ste
  {"kind": "books", "seq": 529, "hour": "2026-10-02-16", "at": "10-02 17:10", "sections": 1350, "symbols": 790, "train_why": "память: доступно 2957 МБ при пороге 3072 — рядом другие прогоны, обучение отложено на час", "ste
  {"kind": "books", "seq": 529, "hour": "2026-10-02-17", "at": "10-02 18:10", "sections": 1351, "symbols": 790, "train_why": "память: доступно 2846 МБ при пороге 3072 — рядом другие прогоны, обучение отложено на час", "ste
  {"kind": "books", "seq": 529, "hour": "2026-10-02-18", "at": "10-02 19:09", "sections": 1352, "symbols": 790, "train_why": "память: доступно 2836 МБ при пороге 3072 — рядом другие прогоны, обучение отложено на час", "ste
  {"kind": "books", "seq": 529, "hour": "2026-10-02-19", "at": "10-02 20:10", "sections": 1353, "symbols": 790, "train_why": "память: доступно 2801 МБ при пороге 3072 — рядом другие прогоны, обучение отложено на час", "ste
  {"kind": "books", "seq": 529, "hour": "2026-10-02-20", "at": "10-02 21:12", "sections": 1354, "symbols": 790, "train_why": "память: доступно 2841 МБ при пороге 3072 — рядом другие прогоны, обучение отложено на час", "ste
  {"kind": "books", "seq": 529, "hour": "2026-10-02-21", "at": "10-02 22:12", "sections": 1355, "symbols": 790, "train_why": "память: доступно 2499 МБ при пороге 3072 — рядом другие прогоны, обучение отложено на час", "ste
  {"kind": "books", "seq": 529, "hour": "2026-10-02-22", "at": "10-02 23:12", "sections": 1356, "symbols": 790, "train_why": "память: доступно 2738 МБ при пороге 3072 — рядом другие прогоны, обучение отложено на час", "ste
  {"kind": "books", "seq": 529, "hour": "2026-10-02-23", "at": "10-03 00:12", "sections": 1357, "symbols": 790, "train_why": "память: доступно 2723 МБ при пороге 3072 — рядом другие прогоны, обучение отложено на час", "ste
  {"kind": "books", "seq": 529, "hour": "2026-10-03-00", "at": "10-03 01:12", "sections": 1358, "symbols": 790, "train_why": "память: доступно 2709 МБ при пороге 3072 — рядом другие прогоны, обучение отложено на час", "ste
  {"kind": "books", "seq": 529, "hour": "2026-10-03-01", "at": "10-03 02:13", "sections": 1359, "symbols": 790, "train_why": "память: доступно 1280 МБ при пороге 3072 — рядом другие прогоны, обучение отложено на час", "ste
  {"kind": "books", "seq": 529, "hour": "2026-10-03-01", "at": "10-03 02:56", "sections": 1359, "symbols": 790, "train_why": "память: доступно 2337 МБ при пороге 3072 — рядом другие прогоны, обучение отложено на час", "ste
  {"kind": "books", "seq": 529, "hour": "2026-10-03-07", "at": "10-03 08:20", "sections": 1364, "symbols": 790, "train_why": "память: доступно 3001 МБ при пороге 3072 — рядом другие прогоны, обучение отложено на час", "ste
  {"kind": "books", "seq": 529, "hour": "2026-10-03-08", "at": "10-03 09:12", "sections": 1365, "symbols": 790, "train_why": "память: доступно 1579 МБ при пороге 3072 — рядом другие прогоны, обучение отложено на час", "ste
  {"kind": "books", "seq": 529, "hour": "2026-10-03-09", "at": "10-03 10:13", "sections": 1366, "symbols": 790, "train_why": "память: доступно 1937 МБ при пороге 3072 — рядом другие прогоны, обучение отложено на час", "ste
конец: 2026-10-03T10:33:07Z, код 0
