== задание n-after-dcamk ==
строка: status
начало: 2026-09-05T09:24:58Z
--- диск ---
Filesystem      Size  Used Avail Use% Mounted on
/dev/sda1       150G   68G   77G  47% /
/dev/sdb        147G  126G   14G  91% /mnt/HC_Volume_106683528
--- процессы ---
669148 bot/target/release/bot live --s8 research/s8_loop/out/model_sit_lo --journal bot/out/live --keys /root/.bybit/live.env --base https://api.bybit.com --arm gbm --capital 300 --interval-sec 5 --clear-halt
1419611 .venv/bin/python research/b1_book/collect.py --http 8765
--- статус сбора ---
{"t": 1788600295.2, "uptime_sec": 104.3, "messages": 340088, "trades": 39378, "resets": 0, "last_msg_age_sec": 0.0, "snapshots": 66500, "snapshot_errors": 0, "last_snap_age_sec": 0.5, "snap_pass_sec": 0.376, "writes": {"book": 66500, "trades": 39374, "liq": 15, "raw": 3167}, "write_age_sec": {"book": 0.5, "trades": 0.2, "liq": 4.2, "raw": 2.1}, "symbols": {"0GUSDT": {"ready": true, "bid": 0.1949, "ask": 0.195, "resets": 0}, "1000000BABYDOGEUSDT": {"ready": true, "bid": 0.0004027, "ask": 0.0004032, "resets": 0}, "1000000MOGUSDT": {"ready": true, "bid": 0.1091, "ask": 0.1093, "resets": 0}, "10000NEXUSDT": {"ready": true, "bid": 0.01467, "ask": 0.0147, "resets": 0}, "10000SATSUSDT": {"ready": t
--- живой исполнитель ---
{
  "at_ms": 1788600296838,
  "capital_usd": 300.0,
  "dry": false,
  "entries_paused": false,
  "halted": "часовой цикл молчит 3.0 ч при пределе 3 ч (§5) — позиции без сканера не управляет никто",
  "lev_errors": null,
  "limits_off": true,
  "note": null,
  "positions": [],
  "realized_today_usd": 0.0,
  "realized_total_usd": -21.265818699799986,
  "rejects_row": 0,
  "stale_entries_skipped": 79,
  "tp_errors": null,
  "wallet": {
    "balance": 284.21345292,
    "equity": 284.21345292
  }
}
конец: 2026-09-05T09:24:58Z
публикуется в ветку main:
 jobs/done/n-after-dcamk.log | 34 ++++++++++++++++++++++++++++++++++
 jobs/done/n-dcamk.log       | 11 +++++++++++
 jobs/poke.log               |  2 ++
 3 files changed, 47 insertions(+)
To github.com:n0tgod/algoth_v2.git
   b1a413d..3a9e37e  main -> main
branch 'main' set up to track 'origin/main'.
опубликовано
