== задание n-cycle-diag ==
строка: run tools/diag_cycle.py
начало: 2026-09-05T11:30:36Z
запускаю: .venv/bin/python tools/diag_cycle.py 
=== процесс цикла ===
1431608 .venv/bin/python research/s8_loop/train.py

=== процесс сборщика ===
  1430948 .venv/bin/python research/b1_book/collect.py --http 8765
    поднят: Sat Sep  5 10:51:07 2026
  collect.py правлен 0.6 мин назад

=== манифест модели ===
возраст 10.8 ч
  trained_at: 2026-09-05T00:42:36+00:00
  train_seq: 521
  cycle_sec: 6454.9
  woke_after_hour_sec: 3301.4
  steps_sec: {'сведение часа': 17.6, 'матрица': 51.0, 'книги': 102.0, 'оценка': 0.2, 'канарейка': 1465.5, 'обучение': 4818.5}
  canary_ic: -0.0008

=== манифесты книг ===
  model: 10.80 ч
  model.rank-floor0: 570.37 ч
  model.rank-raw: 591.67 ч
  model_c_h4_r_f30_w5_gl_rrlo_se_b0_a0: 0.37 ч
  model_c_h4_z_f22_w10_gl_rr0_sv_b0_a1: 74.38 ч
  model_c_h4_z_f22_w10_gl_rr0_sv_b0_a1.dropped-20260902-095657: 73.56 ч
  model_c_h4_z_f30_w10_gl_rrhi_se_b0_a1: 74.38 ч
  model_c_h4_z_f30_w10_gl_rrhi_se_b0_a1.dropped-20260902-095657: 73.56 ч
  model_c_h4_z_f30_w5_gl_rrlo_se_b0_a0: 0.37 ч
  model_c_h4_z_f30_w5_gl_rrlo_sr_b0_a0: 0.37 ч
  model_c_h4_z_f30_w5_gs_rrhi_se_b0_a1: 74.38 ч
  model_c_h4_z_f30_w5_gs_rrhi_se_b0_a1.dropped-20260902-095657: 73.56 ч
  model_c_h4_z_f30_w5_gt_rrlo_se_b0_a0: 0.37 ч
  model_c_h4_z_f30_w5_gt_rrlo_se_b0_a0.overfilled-20260902T083940Z: 74.85 ч
  model_demo: 784.37 ч
  model_h1: 570.16 ч
  model_h1.rank-raw: 593.33 ч
  model_h24: 0.38 ч
  model_h24a: 0.37 ч
  model_h24b: 0.38 ч
  model_h24bf: 0.38 ч
  model_h24c: 0.37 ч
  model_h24z: 0.38 ч
  model_h24za: 0.37 ч
  model_pretest: 692.23 ч
  model_pretest.was-выключен__бета_не_оценима_: 772.40 ч
  model_probe: 786.00 ч
  model_sit: 0.37 ч
  model_sit.rules-v1: 689.74 ч
  model_sit.rules-v10: 551.14 ч
  model_sit.rules-v11: 550.32 ч
  model_sit.rules-v12: 531.87 ч
  model_sit.rules-v2: 689.44 ч
  model_sit.rules-v3: 687.32 ч
  model_sit.rules-v4: 686.24 ч
  model_sit.rules-v5: 685.40 ч
  model_sit.rules-v6: 673.15 ч
  model_sit.rules-v7: 672.41 ч
  model_sit.rules-v8: 569.36 ч
  model_sit.rules-v9: 554.35 ч
  model_sit_lo: 0.37 ч
  model_sit_obs: 0.37 ч
  model_sit_obs.rules-v10: 551.14 ч
  model_sit_obs.rules-v11: 550.32 ч
  model_sit_obs.rules-v12: 531.87 ч
  model_sit_obs.rules-v6: 673.15 ч
  model_sit_obs.rules-v7: 672.41 ч
  model_sit_obs.rules-v8: 569.36 ч
  model_sit_obs.rules-v9: 554.35 ч
  model_sit_r: 0.37 ч
  model_sit_r.rules-v12: 542.20 ч
  model_sit_r.rules-v12-1: 541.05 ч
  model_sit_r.rules-v12-2: 531.87 ч
  model_sit_r.rules-v13: 517.10 ч
  model_z: 593.33 ч

=== хвост train.log ===
возраст 22.2 мин, размер 8342796 Б
[09-05 10:08:28] следующая попытка через 53 мин (обучения не было)
[09-05 10:10:20] сводка: символов с записью 753, новых часов 0, 18 с
/root/algoth_v2/research/s8_loop/bookfeat.py:162: RuntimeWarning: All-NaN slice encountered
  v = fn(sl, axis=1)
/root/algoth_v2/research/s8_loop/bookfeat.py:162: RuntimeWarning: All-NaN slice encountered
  v = fn(sl, axis=1)
/root/algoth_v2/research/s8_loop/bookfeat.py:162: RuntimeWarning: All-NaN slice encountered
  v = fn(sl, axis=1)
[09-05 10:11:10] матрица: 753 символов × 882 часов, сечений с ≥30 именами: 793, признаков 50
[09-05 10:11:44] каталогов вне состава без записи: 3 — не трогаем
[09-05 10:11:44] кандидаты фабрики: книг 4 (живых 4), без живой книги 3
[09-05 10:11:44]   h4_z_f22_w10_gl_rr0_sv_b0_a1: живой книги нет — полоса control: живая книга заводится только прошедшим проверки и отбор (решение владельца); случайная рука остаётся в суточном реплее, где и живёт сравнение полос
[09-05 10:11:44]   h4_z_f30_w10_gl_rrhi_se_b0_a1: живой книги нет — полоса control: живая книга заводится только прошедшим проверки и отбор (решение владельца); случайная рука остаётся в суточном реплее, где и живёт сравнение полос
[09-05 10:11:44]   h4_z_f30_w5_gs_rrhi_se_b0_a1: живой книги нет — полоса control: живая книга заводится только прошедшим проверки и отбор (решение владельца); случайная рука остаётся в суточном реплее, где и живёт сравнение полос
[09-05 10:11:53] обучение пропущено по каденции: весам 9.5 ч при каденции 24; цикл 112 с (сведение часа 18 с, матрица 51 с, книги 43 с, оценка 0 с)
[09-05 10:11:53] следующая попытка через 50 мин (обучения не было)
[09-05 10:55:14] сводка: символов с записью 753, новых часов 0, 13 с
/root/algoth_v2/research/s8_loop/bookfeat.py:162: RuntimeWarning: All-NaN slice encountered
  v = fn(sl, axis=1)
/root/algoth_v2/research/s8_loop/bookfeat.py:162: RuntimeWarning: All-NaN slice encountered
  v = fn(sl, axis=1)
/root/algoth_v2/research/s8_loop/bookfeat.py:162: RuntimeWarning: All-NaN slice encountered
  v = fn(sl, axis=1)
[09-05 10:56:04] матрица: 753 символов × 882 часов, сечений с ≥30 именами: 793, признаков 50
[09-05 10:57:34] каталогов вне состава без записи: 3 — не трогаем
[09-05 10:57:34] кандидаты фабрики: книг 4 (живых 4), без живой книги 3
[09-05 10:57:34]   h4_z_f22_w10_gl_rr0_sv_b0_a1: живой книги нет — полоса control: живая книга заводится только прошедшим проверки и отбор (решение владельца); случайная рука остаётся в суточном реплее, где и живёт сравнение полос
[09-05 10:57:34]   h4_z_f30_w10_gl_rrhi_se_b0_a1: живой книги нет — полоса control: живая книга заводится только прошедшим проверки и отбор (решение владельца); случайная рука остаётся в суточном реплее, где и живёт сравнение полос
[09-05 10:57:34]   h4_z_f30_w5_gs_rrhi_se_b0_a1: живой книги нет — полоса control: живая книга заводится только прошедшим проверки и отбор (решение владельца); случайная рука остаётся в суточном реплее, где и живёт сравнение полос
[09-05 10:57:43] обучение пропущено по каденции: весам 10.3 ч при каденции 24; цикл 162 с (сведение часа 13 с, матрица 50 с, книги 98 с, оценка 0 с)
[09-05 10:57:43] следующая попытка через 4 мин (обучения не было)
[09-05 11:02:30]   сводка: 81/753 символов, новых часов 79
[09-05 11:03:00]   сводка: 158/753 символов, новых часов 156
[09-05 11:03:30]   сводка: 241/753 символов, новых часов 239
[09-05 11:04:00]   сводка: 322/753 символов, новых часов 319
[09-05 11:04:30]   сводка: 405/753 символов, новых часов 402
[09-05 11:05:01]   сводка: 488/753 символов, новых часов 485
[09-05 11:05:31]   сводка: 571/753 символов, новых часов 567
[09-05 11:06:01]   сводка: 657/753 символов, новых часов 653
[09-05 11:06:32]   сводка: 744/753 символов, новых часов 738
[09-05 11:06:35] сводка: символов с записью 753, новых часов 747, 275 с
/root/algoth_v2/research/s8_loop/bookfeat.py:162: RuntimeWarning: All-NaN slice encountered
  v = fn(sl, axis=1)
/root/algoth_v2/research/s8_loop/bookfeat.py:162: RuntimeWarning: All-NaN slice encountered
  v = fn(sl, axis=1)
/root/algoth_v2/research/s8_loop/bookfeat.py:162: RuntimeWarning: All-NaN slice encountered
  v = fn(sl, axis=1)
[09-05 11:07:27] матрица: 753 символов × 883 часов, сечений с ≥30 именами: 794, признаков 50
[09-05 11:08:13] каталогов вне состава без записи: 3 — не трогаем
[09-05 11:08:13] кандидаты фабрики: книг 4 (живых 4), без живой книги 3
[09-05 11:08:13]   h4_z_f22_w10_gl_rr0_sv_b0_a1: живой книги нет — полоса control: живая книга заводится только прошедшим проверки и отбор (решение владельца); случайная рука остаётся в суточном реплее, где и живёт сравнение полос
[09-05 11:08:13]   h4_z_f30_w10_gl_rrhi_se_b0_a1: живой книги нет — полоса control: живая книга заводится только прошедшим проверки и отбор (решение владельца); случайная рука остаётся в суточном реплее, где и живёт сравнение полос
[09-05 11:08:13]   h4_z_f30_w5_gs_rrhi_se_b0_a1: живой книги нет — полоса control: живая книга заводится только прошедшим проверки и отбор (решение владельца); случайная рука остаётся в суточном реплее, где и живёт сравнение полос
[09-05 11:08:16] ситуационная [gbm]: закрыто 1 (EPICUSDT — прогноз развернулся)
[09-05 11:08:18] ситуационная [nn]: закрыто 1 (ARPAUSDT — прогноз развернулся)
[09-05 11:08:22] ситуационная [gbm]: закрыто 2 (VRTUSDT — предел возраста; AMCUSDT — предел возраста)
[09-05 11:08:23] живой IC [gbm]: fwd_4h +0.0968 по 1 закрывшимся сечениям
[09-05 11:08:23] живой IC [nn]: fwd_4h -0.0067 по 1 закрывшимся сечениям
[09-05 11:08:23] обучение пропущено по каденции: весам 10.4 ч при каденции 24; цикл 383 с (сведение часа 276 с, матрица 52 с, книги 55 с, оценка 0 с)
[09-05 11:08:23] следующая попытка через 53 мин (обучения не было)
конец: 2026-09-05T11:30:37Z, код 0
публикуется в ветку main:
 jobs/done/n-cycle-diag.done         |   1 +
 jobs/done/n-cycle-diag.log          | 141 ++++++++++++++++++++++++++++++++++++
 jobs/done/n-stables.done            |   1 +
 jobs/done/n-stables.log             |   4 +
 jobs/done/n-status-after-zone.done  |   1 +
 jobs/done/n-status-after-zone.log   |   9 +++
 jobs/poke.log                       |   5 ++
 research/s8_loop/out/day_brake.json |   2 +-
 8 files changed, 163 insertions(+), 1 deletion(-)
To github.com:n0tgod/algoth_v2.git
   e925447..ddcdd72  main -> main
branch 'main' set up to track 'origin/main'.
опубликовано
