== задание n-dcamk ==
строка: restart-book
начало: 2026-09-05T09:23:01Z
перезапуск сборщика и циклов
== останавливаю прежний ==
жду закрытия файлов.......
== обновляю код ==
Already up to date.
== запускаю ==
== поднялся, хвост журнала ==
[       2 с] бумажные сделки выключены: направление ленты закрыто замерами, поглощение входит в модель признаками; запись стакана и ленты идёт как шла
[       3 с] шард 0: подключён, подписываюсь на 120 тем
[       4 с] шард 1: подключён, подписываюсь на 120 тем
[       5 с] шард 2: подключён, подписываюсь на 120 тем
[       6 с] шард 3: подключён, подписываюсь на 120 тем
[       7 с] шард 4: подключён, подписываюсь на 120 тем
[       8 с] шард 5: подключён, подписываюсь на 120 тем
[       9 с] шард 6: подключён, подписываюсь на 120 тем
== перезапускаю циклы обучения ==
  не запущен: s8_loop/train.py --pretest
  остановлен, сторож поднимет: s8_loop/train.py$
публикуется в ветку main:
 jobs/done/n-dca-lv2.log             | 11 +++++++++++
 jobs/done/n-dcamk.done              |  1 +
 jobs/done/n-dcamk.log               | 21 +++++++++++++++++++++
 jobs/poke.log                       |  3 +++
 research/s8_loop/out/day_brake.json |  2 +-
 5 files changed, 37 insertions(+), 1 deletion(-)
To github.com:n0tgod/algoth_v2.git
   9c7ca39..3bfff01  main -> main
branch 'main' set up to track 'origin/main'.
опубликовано
