== задание n-dca-why2 ==
строка: run research/dca_paper/run_paper.py
начало: 2026-09-05T10:54:13Z
запускаю: .venv/bin/python research/dca_paper/run_paper.py 
sheets.jsonl: ног 907587
решений под гейтом 8691, в кэше 7331, считаю заново 210
лонгов под гейтом 210, символов 40
окно решений 2026-08-08 19:12 … 2026-09-05 10:11 UTC (27.6 суток, дат 18)
запись доходит до 2026-09-05 10:54 UTC; позиций закрытых 52, открытых 73, оборванных записью 295
хвост: имён с дописанным 36, минут 781, исходов по котировке 108, вход из котировки отклонён у 0 решений
линейка безопасная (safe): позиций 7331, после правила одной на имя 2278
  депозит $1,000: мест 40, взято 590, нет кассы 1688, мельче $5 0, открытых 19, оборванных записью 17
  депозит $10,000: мест 400, взято 2216, нет кассы 62, мельче $5 0, открытых 19, оборванных записью 25
  депозит $100,000: мест 689, взято 2278, нет кассы 0, мельче $5 0, открытых 19, оборванных записью 25
линейка оптимальная (optimal): позиций 7331, после правила одной на имя 2293
  депозит $1,000: мест 40, взято 603, нет кассы 1690, мельче $5 0, открытых 19, оборванных записью 18
  депозит $10,000: мест 400, взято 2231, нет кассы 62, мельче $5 0, открытых 19, оборванных записью 25
  депозит $100,000: мест 689, взято 2293, нет кассы 0, мельче $5 0, открытых 19, оборванных записью 25
линейка агрессивная (aggr): позиций 7331, гейт плеча ≥4× отсеял 5379, после правила одной на имя 780
  депозит $1,000: мест 160, взято 630, нет кассы 150, мельче $5 0, открытых 2, оборванных записью 0
  депозит $10,000: мест 357, взято 780, нет кассы 0, мельче $5 0, открытых 2, оборванных записью 0
  депозит $100,000: мест 355, взято 780, нет кассы 0, мельче $5 0, открытых 2, оборванных записью 0
журнал: было 46617, дописано 28 в 5 суточных файлов
# DCA — бумажные книги на трёх депозитах

Книг девять: три РЕЖИМА × три депозита. Внутри режима книги отличаются РОВНО депозитом: правила, гейты, ограда и выходы у них одни. Билет при этом НЕ один и тот же, и это не третья ось: он считается ОДНОЙ формулой — `максимум(пол режима, депозит / (пик режима × запас))`, — просто пол и пик у каждого режима свои.

| режим | пол | пик | билет | мест |
|---|--:|--:|--:|--:|
| безопасная | $25 | 457 | $25 / $25 / $145 | 40 / 400 / 689 |
| оптимальная | $25 | 457 | $25 / $25 / $145 | 40 / 400 / 689 |
| агрессивная | $6.25 | 237 | $6.25 / $28 / $281 | 160 / 357 / 355 |

**Пол задаёт биржа, и он у режимов разный.** Минимальный ордер площадки ровно $5, самый мелкий рунг лестницы — 0.25 нотионала, значит маржа не бывает меньше `$5 / 0.25 / плечо`. Худшее плечо режима без гейта есть 1× (забор выдаёт от единицы) — отсюда $20 и, с четвертью запаса на просадку, пол $25. У режима с гейтом худший случай есть сам гейт (4×), и пол выходит вчетверо ниже — $6.25.

**Потолок задаёт книга (решение владельца 2026-09-04): билет поднят так, чтобы хватало на ВСЕ места.** Пики ИЗМЕРЕНЫ по журналу: у двух режимов без гейта он один и тот же (457 — они берут одни решения и различаются лишь плечом), у режима с гейтом 237. Запас 1.5× нужен потому, что пик есть максимум выборки, а сечение растёт с записью. Правило само говорит главное: **мелкий депозит наполнить нельзя** — у него связывает пол биржи.

**Что здесь изменено 2026-09-04 и почему** (просьба владельца «оптимизировать книги под их названия»). Прежде на все три режима шёл пик ПУЛА, и «агрессивная» от этого стояла недогруженной: позиций у неё вдвое меньше, то есть её собственный пик ниже, и при полном по её меркам портфеле часть денег простаивала. Замер `name_check.py` назвал это числом — загрузка 4.0 % против 19.5 у «оптимальной», пик 59 % против 100, — то есть имя было честным по позиции и нечестным по книге. **Билет при этом не стал особым:** формула одна на все режимы, различаются лишь их собственные пол и пик, поэтому режимы по-прежнему отличаются РОВНО одним объявленным правилом (гейтом плеча), и контрольная рука со старым билетом не нужна. Числа безопасной и оптимальной не сдвинулись ни на цент — их пол и пик прежние.

**Чего правка НЕ чинит, и это надо знать до чтения таблицы.** Билет лечит простой денег при полном портфеле; он не лечит того, что режим с гейтом торгует вспышками — на нашей записи 13 календарных дней из 26. Средняя загрузка у него останется заметно ниже: полный по своим меркам портфель он держит редко. Это свойство ГЕЙТА, а не недогруз по нашему выбору, и лечить его билетом нельзя — билет, поднятый до средней загрузки соседей, в пик потребовал бы больше денег, чем есть, и состав книги начал бы решаться очередью за кассой, а не правилом.

**Биржевое правило соблюдается с первого дня:** у имени позиция одна, второй выбор по той же монете пропущен. Реплей D-серии этого не делал, и его «пик 3206» описывал ЛОТЫ, а не позиции.

**Кривая одна: бэктест и live в общем счёте** (решение владельца 2026-09-04). Пересчёт по прошлому есть ПРЕДЫСТОРИЯ живой записи, а не вторая книга, и рвать её надвое незачем — у сделки бэктеста стоит метка. Решение считается записанным вперёд, если попало в журнал не позже 120 ч после самого себя (предел жизни позиции 72 ч плюс двое суток на прогон). Числа обеих групп стоят рядом отдельной таблицей — и это не половинчатость: веса модели видели те часы, и без объёма бэктеста общая кривая читалась бы треком.

**Считаются ПОЗИЦИИ, а не сделки.** У имени позиция одна, а входов у неё несколько: база плюс доливы лестницы. Поэтому в таблице стоит число закрытых позиций, рядом число входов, а открытые позиции идут ОТДЕЛЬНОЙ строкой с отметкой — до выхода их результат станет любым, и складывать его с закрытым нельзя.

**Версия правил книг — 4, и запись начата с неё.** Смена версии отставляет прежние строки не из аккуратности: правило, по которому они писаны, было другим, и сшивать две кривые в одну значит показывать книгу, которой не было. Версия поднята дважды: билетом (пол режима и его же пик) и исходом позиции, чей срок ещё шёл (ниже).

**Позиция, чей срок ещё идёт, больше не закрывается «по сроку».** Это дефект, найденный при этой правке: реплей кончал позицию последним баром записи и выдавал это за исход правила — тот же класс, что D7 нашла у обрыва ряда. Теперь «срок» засчитывается, только если окно дошло до планового конца; иначе позиция либо ЖИВА (её символ пишется до сих пор), либо оборвана записью (ряд символа кончился раньше остальных), и вторая в счёт не идёт вовсе.

**Хвост ленты продолжается серединой стакана (решение владельца 2026-09-05), и это ПРАВИЛО книги, а не поправка.** Бары исходов читаются из ленты, а минута без единой сделки бара не даёт вовсе: у тонкого имени хвост окна пуст не потому, что цены не было, а потому, что по ней не торговали — стакан в те же минуты снимается раз в секунду. Позиция, чьё окно не дошло до конца только из-за отсутствия принтов, теперь получает исход по НАБЛЮДЁННЫМ ценам вместо вечного «оборвано записью». Правило держит три границы: дописывается только хвост (внутренние дыры не заполняются — по тем же барам считаются вход и цены рунгов); вход из котировки позицию не открывает (хвост продолжает начатое, а не заводит новых сделок); лимитка на минуте без принтов не заполняется вовсе — рунг и тейк исполняет чужой принт, а пол капитуляции, ликвидация и срок суть рыночные выходы против котировки и считаются. На этом прогоне хвост дописан 781 минут 36 именам; исходов, посчитанных по котировке, 427 из 12146 закрытых позиций книг; вход из котировки отклонён у 0 решений; имён, у которых хвоста нет и в книге, 4 — такая позиция остаётся оборванной, потому что отсутствие свидетельства не есть свидетельство отсутствия. Оборванными остались записи по причинам: книга есть, но не в окне этой позиции — 293; книга кончилась раньше планового конца — 2. **Архива записи это не потребовало:** в журнал попадают только закрытые позиции, а закрытой позиция становится, когда её окно дошло до конца ЛЕНТОЙ, то есть хвост лежит вне её окна; оборванные же не писались вовсе. Значит правило не меняет ни одной записанной строки, а только добавляет исходы, которых не было. **Деньги от него ХУДЕЮТ, и это ожидалось**: замер `DCA-cut-check.md` дал −8.9…−121.2 $ по книгам (−0.05…−1.26 п.п. к депозиту) — оборванные позиции были в среднем хуже средней, и прежние числа книг слегка льстили.

**Две колонки концентрации отвечают на РАЗНЫЕ вопросы.** «Без лучшего имени» ловит одну разогнанную монету; «без 3 лучших дней» ловит один рыночный эпизод, который раздаёт деньги десяткам имён разом, и первой колонке он невидим. Если вторая уводит итог в минус, книга описывает не правило, а тот эпизод. У книги моложе четырёх дней вычитать нечего, и там стоит прочерк — величина не измерена, а не равна нулю.

**Режимов три, и книг поэтому девять.** Плечо не настройка агрессивности: оно выводится из неравенства безопасности, и режим задаёт, ИЗ ЧЕГО. **Безопасная** — плечо от собственной σ имени: запас 6 суточных σ до ликвидации. Волатильному имени плеча достаётся меньше. Замер D5: ликвидаций 0.000 % против 0.058 %, худшая позиция −29.8 % против −100 %, укус 21.7 против 46.7 — ценой примерно четверти обычного дня (медиана дня +0.200 % против +0.270 %). **Оптимальная** — плечо от глубины лестницы: запас 2 · d_max до ликвидации. Медиана позиции выше (+1.91 % против +1.26 % в замере D5), но хвост тяжелее и щедрее всего линейка ровно к волатильным именам — D3 намерил у неё антиселективность: медианное плечо хвоста 7.34× против 3.02× по книге. **Агрессивная** — та же глубина лестницы, что у «оптимальной», плюс ГЕЙТ ВХОДА: берутся только решения, которым забор выдал плечо не меньше порога. Порог не назначен, а взят из ячейки, породившей вопрос: в замере D6 при билете $5 биржевой пол требовал нотионал ≥ $20, то есть плечо ≥ 4×, и именно та ячейка дала +20.51 % за окно. Здесь это объявленное правило, а не побочный эффект билета, который биржа не примет. Знать надо и обратное: D3 намерил, что плечо и есть источник хвоста (медианное плечо хвоста 7.34× против 3.02× по книге), то есть режим намеренно садится в хвостовую зону. Имена — ярлыки, а не вердикт: какой режим лучше, покажет форвард, и все три ведутся параллельно ровно затем, чтобы вопрос решали числа, а не выбор задним числом.

## Общий счёт: бэктест и live вместе

| режим | депозит | билет | мест | позиций | входов | имён | дней | $ | к депозиту | просадка | медиана дня | худший день | зелёных | укус | $ без лучшего имени | $ без 3 лучших дней |
|---|---|--:|--:|--:|--:|--:|--:|--:|--:|--:|--:|--:|--:|--:|--:|--:|
| безопасная | $1,000 | $25 | 40 | 554 | 683 | 355 | 29 | 89.98 | +9.00 % | -2.32 % | +0.039 % | -2.18 % | 0.59 | 9.4 | 80.62 | -5.32 |
| оптимальная | $1,000 | $25 | 40 | 566 | 710 | 361 | 29 | 115.09 | +11.51 % | -5.29 % | +0.004 % | -3.72 % | 0.52 | 12.7 | 92.40 | -65.27 |
| агрессивная | $1,000 | $6.25 | 160 | 628 | 914 | 290 | 15 | 206.63 | +20.66 % | -1.51 % | +0.012 % | -0.87 % | 0.53 | 8.9 | 198.40 | -30.14 |
| безопасная | $10,000 | $25 | 400 | 2172 | 2706 | 612 | 29 | 663.72 | +6.64 % | -0.40 % | +0.011 % | -0.34 % | 0.62 | 8.9 | 652.41 | 21.91 |
| оптимальная | $10,000 | $25 | 400 | 2187 | 2760 | 612 | 29 | 1,248.70 | +12.49 % | -0.53 % | +0.001 % | -0.51 % | 0.55 | 11.3 | 1,216.98 | -28.06 |
| агрессивная | $10,000 | $28 | 357 | 778 | 1108 | 329 | 15 | 1,305.40 | +13.05 % | -0.64 % | +0.009 % | -0.37 % | 0.53 | 4.4 | 1,269.45 | -116.45 |
| безопасная | $100,000 | $145 | 689 | 2234 | 2794 | 625 | 29 | 4,026.68 | +4.03 % | -0.24 % | +0.006 % | -0.20 % | 0.62 | 8.7 | 3,962.14 | 110.51 |
| оптимальная | $100,000 | $145 | 689 | 2249 | 2847 | 625 | 29 | 7,508.56 | +7.51 % | -0.31 % | +0.001 % | -0.28 % | 0.55 | 10.9 | 7,331.43 | -184.92 |
| агрессивная | $100,000 | $281 | 355 | 778 | 1108 | 329 | 15 | 13,102.12 | +13.10 % | -0.65 % | +0.009 % | -0.37 % | 0.53 | 4.3 | 12,741.16 | -1,168.87 |

## Из него записано вперёд (live)

| режим | депозит | билет | мест | позиций | входов | имён | дней | $ | к депозиту | просадка | медиана дня | худший день | зелёных | укус | $ без лучшего имени | $ без 3 лучших дней |
|---|---|--:|--:|--:|--:|--:|--:|--:|--:|--:|--:|--:|--:|--:|--:|--:|
| безопасная | $1,000 | $25 | 40 | 20 | 22 | 20 | 5 | 5.20 | +0.52 % | +0.00 % | +0.109 % | +0.03 % | 1.00 | 0.2 | 3.37 | 0.64 |
| оптимальная | $1,000 | $25 | 40 | 20 | 22 | 20 | 5 | 9.77 | +0.98 % | +0.00 % | +0.220 % | +0.03 % | 1.00 | 0.1 | 6.88 | 0.66 |
| агрессивная | $1,000 | $6.25 | 160 | 4 | 7 | 4 | 2 | -3.45 | -0.34 % | -0.37 % | -0.172 % | -0.37 % | 0.50 | 12.7 | -3.92 | — |
| безопасная | $10,000 | $25 | 400 | 20 | 22 | 20 | 5 | 5.10 | +0.05 % | +0.00 % | +0.011 % | +0.00 % | 1.00 | 0.2 | 3.31 | 0.63 |
| оптимальная | $10,000 | $25 | 400 | 20 | 22 | 20 | 5 | 9.92 | +0.10 % | +0.00 % | +0.022 % | +0.00 % | 1.00 | 0.1 | 6.98 | 0.67 |
| агрессивная | $10,000 | $28 | 357 | 4 | 7 | 4 | 2 | -14.44 | -0.14 % | -0.16 % | -0.072 % | -0.16 % | 0.50 | 12.7 | -16.41 | — |
| безопасная | $100,000 | $145 | 689 | 20 | 22 | 20 | 5 | 28.87 | +0.03 % | +0.00 % | +0.006 % | +0.00 % | 1.00 | 0.2 | 18.75 | 3.57 |
| оптимальная | $100,000 | $145 | 689 | 20 | 22 | 20 | 5 | 55.02 | +0.06 % | +0.00 % | +0.012 % | +0.00 % | 1.00 | 0.1 | 38.72 | 3.69 |
| агрессивная | $100,000 | $281 | 355 | 4 | 7 | 4 | 2 | -144.98 | -0.14 % | -0.16 % | -0.072 % | -0.16 % | 0.50 | 12.7 | -164.79 | — |

## Из него пересчёт по прошлому (бэктест)

| режим | депозит | билет | мест | позиций | входов | имён | дней | $ | к депозиту | просадка | медиана дня | худший день | зелёных | укус | $ без лучшего имени | $ без 3 лучших дней |
|---|---|--:|--:|--:|--:|--:|--:|--:|--:|--:|--:|--:|--:|--:|--:|--:|
| безопасная | $1,000 | $25 | 40 | 534 | 661 | 346 | 26 | 84.79 | +8.48 % | -2.32 % | +0.009 % | -2.18 % | 0.54 | 5.1 | 75.43 | -10.52 |
| оптимальная | $1,000 | $25 | 40 | 546 | 688 | 352 | 26 | 105.32 | +10.53 % | -5.29 % | -0.022 % | -3.72 % | 0.46 | 13.4 | 82.62 | -75.05 |
| агрессивная | $1,000 | $6.25 | 160 | 624 | 907 | 288 | 13 | 210.07 | +21.01 % | -1.23 % | +0.012 % | -0.87 % | 0.54 | 5.3 | 201.84 | -26.69 |
| безопасная | $10,000 | $25 | 400 | 2152 | 2684 | 606 | 26 | 658.62 | +6.59 % | -0.41 % | +0.002 % | -0.34 % | 0.58 | 4.5 | 647.31 | 16.81 |
| оптимальная | $10,000 | $25 | 400 | 2167 | 2738 | 606 | 26 | 1,238.78 | +12.39 % | -0.54 % | -0.002 % | -0.51 % | 0.50 | 3.6 | 1,207.06 | -37.98 |
| агрессивная | $10,000 | $28 | 357 | 774 | 1101 | 327 | 13 | 1,319.84 | +13.20 % | -0.52 % | +0.009 % | -0.37 % | 0.54 | 3.9 | 1,283.89 | -102.01 |
| безопасная | $100,000 | $145 | 689 | 2214 | 2772 | 621 | 26 | 3,997.80 | +4.00 % | -0.24 % | +0.001 % | -0.20 % | 0.58 | 4.4 | 3,933.26 | 81.64 |
| оптимальная | $100,000 | $145 | 689 | 2229 | 2825 | 621 | 26 | 7,453.55 | +7.45 % | -0.31 % | -0.001 % | -0.28 % | 0.50 | 3.6 | 7,276.41 | -239.94 |
| агрессивная | $100,000 | $281 | 355 | 774 | 1101 | 327 | 13 | 13,247.10 | +13.25 % | -0.52 % | +0.009 % | -0.37 % | 0.54 | 3.9 | 12,886.14 | -1,023.89 |

## Открытые позиции

Отметка по последнему бару записи, а не исход: до выхода результат станет любым. С закрытым счётом она не складывается нигде. «Оборвана записью» — позиция, чей ряд кончился раньше остальных (снятие с торгов либо дыра записи): исхода у неё нет, и в счёт она не идёт.

| режим | депозит | открытых | отметка $ | к депозиту | оборвано записью |
|---|---|--:|--:|--:|--:|
| безопасная | $1,000 | 19 | -0.18 | -0.02 % | 17 |
| оптимальная | $1,000 | 19 | -0.01 | -0.00 % | 18 |
| агрессивная | $1,000 | 2 | 0.06 | +0.01 % | 0 |
| безопасная | $10,000 | 19 | -0.18 | -0.00 % | 25 |
| оптимальная | $10,000 | 19 | -0.01 | -0.00 % | 25 |
| агрессивная | $10,000 | 2 | 0.25 | +0.00 % | 0 |
| безопасная | $100,000 | 19 | -1.02 | -0.00 % | 25 |
| оптимальная | $100,000 | 19 | -0.08 | -0.00 % | 25 |
| агрессивная | $100,000 | 2 | 2.54 | +0.00 % | 0 |

## По суткам, депозит $10,000

Итог книги отвечает «сколько всего» и молчит о том, КОГДА: сумма за месяц может стоять на одном дне. Здесь общий счёт (бэктест и live вместе).

| сутки | безопасная | оптимальная | агрессивная |
|---|--:|--:|--:|
| 2026-08-08 | 0.06 (1) | 0.06 (1) | — |
| 2026-08-09 | 7.60 (17) | -2.55 (18) | -12.28 (3) |
| 2026-08-10 | 1.86 (10) | -11.07 (11) | -36.51 (3) |
| 2026-08-11 | -1.67 (8) | -2.05 (8) | -11.12 (1) |
| 2026-08-12 | -21.69 (21) | -36.99 (20) | -2.21 (2) |
| 2026-08-13 | 3.48 (53) | 2.86 (53) | — |
| 2026-08-14 | 0.32 (28) | 3.48 (28) | 1.25 (1) |
| 2026-08-15 | 2.14 (16) | 2.55 (16) | — |
| 2026-08-16 | -2.07 (43) | -1.63 (43) | 0.87 (1) |
| 2026-08-17 | 4.23 (41) | 5.25 (41) | — |
| 2026-08-18 | -2.02 (24) | -2.60 (24) | — |
| 2026-08-19 | 13.08 (75) | 19.65 (75) | 7.43 (7) |
| 2026-08-20 | 201.60 (465) | 424.78 (465) | 473.26 (245) |
| 2026-08-21 | 295.76 (599) | 658.48 (598) | 767.14 (322) |
| 2026-08-22 | 144.45 (245) | 193.49 (251) | 181.46 (126) |
| 2026-08-23 | 43.07 (72) | 26.68 (80) | 9.35 (21) |
| 2026-08-24 | 12.25 (106) | 19.46 (113) | -23.53 (7) |
| 2026-08-25 | -34.44 (218) | -50.69 (212) | -35.27 (35) |
| 2026-08-26 | 9.76 (30) | 13.94 (30) | — |
| 2026-08-27 | -0.97 (32) | -0.96 (32) | — |
| 2026-08-28 | -13.52 (36) | -16.78 (36) | — |
| 2026-08-29 | 0.13 (1) | 0.13 (1) | — |
| 2026-08-30 | -0.64 (5) | -0.81 (5) | — |
| 2026-08-31 | -0.48 (3) | -0.51 (3) | — |
| 2026-09-01 | -2.74 (3) | -4.32 (3) | — |
| 2026-09-02 | -0.30 (5) | -0.44 (5) | — |
| 2026-09-03 | 1.07 (7) | 2.24 (7) | 1.24 (1) |
| 2026-09-04 | 1.31 (5) | 3.75 (5) | -15.68 (3) |
| 2026-09-05 | 2.10 (3) | 3.27 (3) | — |

В скобках — число закрытых позиций этого дня.

## Гейт плеча и собственный пик режима

Гейт стоит ПЕРВЫМ, до правила одной на имя: у режима с гейтом низкоплечевой ранний вход не случается вовсе, и имя остаётся свободным для рычажного. Пик считается по тому, что режим ВЗЯЛ, и стоит рядом с объявленным — тем, из которого посчитан билет. **Объявленный обязан быть не ниже измеренного:** ниже означает, что билет велик и книга теряет решения по кассе, и такая строка кричит, а не молчит.

| режим | решений | отсеял гейт | после одной на имя | медиана плеча | свой пик позиций | объявлен |
|---|--:|--:|--:|--:|--:|--:|
| безопасная | 7331 | нет гейта | 2278 | 1.61× | 457 | 457 |
| оптимальная | 7331 | нет гейта | 2293 | 2.76× | 457 | 457 |
| агрессивная | 7331 | 5379 (плечо < 4×) | 780 | 8.52× | 237 | 237 |

## Что связывает депозит

Числа счётного прогона 2026-09-05 10:54. Касса раздаёт деньги по очереди решений, поэтому книга, которой не хватает мест, берёт не лучшие сигналы, а первые: отказ по кассе меняет не только объём, но и СОСТАВ.

| режим | депозит | мест | взято | нет кассы | мельче пола |
|---|---|--:|--:|--:|--:|
| безопасная | $1,000 | 40 | 590 | 1688 | 0 |
| оптимальная | $1,000 | 40 | 603 | 1690 | 0 |
| агрессивная | $1,000 | 160 | 630 | 150 | 0 |
| безопасная | $10,000 | 400 | 2216 | 62 | 0 |
| оптимальная | $10,000 | 400 | 2231 | 62 | 0 |
| агрессивная | $10,000 | 357 | 780 | 0 | 0 |
| безопасная | $100,000 | 689 | 2278 | 0 | 0 |
| оптимальная | $100,000 | 689 | 2293 | 0 | 0 |
| агрессивная | $100,000 | 355 | 780 | 0 | 0 |

## Чего эти числа НЕ описывают

Живого исполнения здесь нет: сделки считаются реплеем по барам записи, а не сканером на живой цене. Значит не моделируются проскальзывание, очередь в стакане и задержка входа; долив лотов в одно имя запрещён правилом, а не сведён в позицию, то есть маржа и цена ликвидации по-прежнему считаются по каждой позиции отдельно — на бирже они считаются по слитой. Веса модели видели эти часы, поэтому пересчёт читается как оценка СВЕРХУ. Период один и режим рынка один.
публикуется в ветку main:
 jobs/done/n-dca-why2.done                       |    1 +
 jobs/done/n-dca-why2.log                        |  182 +
 jobs/done/n-zone-deploy.log                     |   10 +
 jobs/poke.log                                   |    3 +
 research/dca_paper/out/DCA-paper.json           | 4692 ++++++++---------------
 research/dca_paper/out/DCA-paper.md             |   54 +-
 research/dca_paper/out/journal-2026-08-11.jsonl |    6 +
 research/dca_paper/out/journal-2026-08-13.jsonl |    6 +
 research/dca_paper/out/journal-2026-08-14.jsonl |    6 +
 research/dca_paper/out/journal-2026-08-17.jsonl |    6 +
 research/dca_paper/out/journal-2026-08-20.jsonl |    4 +
 11 files changed, 1953 insertions(+), 3017 deletions(-)
To github.com:n0tgod/algoth_v2.git
   a5a31a3..aa7da84  main -> main
branch 'main' set up to track 'origin/main'.
опубликовано

конец: 2026-09-05T10:54:46Z, код 0
