== задание n-deploy-wd ==
строка: status
начало: 2026-09-05T08:47:17Z
--- диск ---
Filesystem      Size  Used Avail Use% Mounted on
/dev/sda1       150G   68G   77G  47% /
/dev/sdb        147G  128G   12G  92% /mnt/HC_Volume_106683528
--- процессы ---
669148 bot/target/release/bot live --s8 research/s8_loop/out/model_sit_lo --journal bot/out/live --keys /root/.bybit/live.env --base https://api.bybit.com --arm gbm --capital 300 --interval-sec 5 --clear-halt
1413079 .venv/bin/python research/b1_book/collect.py --http 8765
1413241 .venv/bin/python research/s8_loop/train.py
--- статус сбора ---
{"t": 1788598034.5, "uptime_sec": 1492.0, "messages": 5577101, "trades": 581037, "resets": 0, "last_msg_age_sec": 0.0, "snapshots": 1008314, "snapshot_errors": 0, "last_snap_age_sec": 1.0, "snap_pass_sec": 0.793, "writes": {"book": 1008314, "trades": 581025, "raw": 49550, "liq": 199, "metrics": 2996}, "write_age_sec": {"book": 1.0, "trades": 0.5, "raw": 0.2, "liq": 69.8, "metrics": 267.6}, "symbols": {"0GUSDT": {"ready": true, "bid": 0.1956, "ask": 0.1958, "resets": 0}, "1000000BABYDOGEUSDT": {"ready": true, "bid": 0.000405, "ask": 0.0004055, "resets": 0}, "1000000MOGUSDT": {"ready": true, "bid": 0.1089, "ask": 0.109, "resets": 0}, "10000NEXUSDT": {"ready": true, "bid": 0.01466, "ask": 0.014
--- живой исполнитель ---
{
  "at_ms": 1788598037236,
  "capital_usd": 300.0,
  "dry": false,
  "entries_paused": false,
  "halted": "часовой цикл молчит 3.0 ч при пределе 3 ч (§5) — позиции без сканера не управляет никто",
  "lev_errors": null,
  "limits_off": true,
  "note": null,
  "positions": [],
  "realized_today_usd": 0.0,
  "realized_total_usd": -21.265818699799986,
  "rejects_row": 0,
  "stale_entries_skipped": 79,
  "tp_errors": null,
  "wallet": {
    "balance": 284.21345292,
    "equity": 284.21345292
  }
}
конец: 2026-09-05T08:47:17Z
