== задание n-deploy-qty-flat ==
строка: restart-book
начало: 2026-09-05T11:52:13Z
перезапуск сборщика и циклов
== останавливаю прежний ==
жду закрытия файлов........
== обновляю код ==
Already up to date.
== запускаю ==
== поднялся, хвост журнала ==
[       3 с] шард 1: подключён, подписываюсь на 120 тем
[       4 с] шард 2: подключён, подписываюсь на 120 тем
[       5 с] шард 3: подключён, подписываюсь на 120 тем
[       6 с] шард 4: подключён, подписываюсь на 120 тем
[       8 с] шард 5: подключён, подписываюсь на 120 тем
[       9 с] шард 6: подключён, подписываюсь на 120 тем
[       9 с] ВНИМАНИЕ: полный проход снимков занял 2.13 с при шаге 1 с — снимков в часе будет около 1686, не 3600
[      10 с] шард 7: подключён, подписываюсь на 120 тем
== перезапускаю циклы обучения ==
  не запущен: s8_loop/train.py --pretest
  остановлен, сторож поднимет: s8_loop/train.py$
публикуется в ветку main:
 jobs/done/n-deploy-qty-flat.done    |  1 +
 jobs/done/n-deploy-qty-flat.log     | 21 +++++++++++++++++++++
 jobs/done/n-stables.log             |  7 +++++++
 jobs/poke.log                       |  3 +++
 research/s8_loop/out/day_brake.json |  2 +-
 5 files changed, 33 insertions(+), 1 deletion(-)
To github.com:n0tgod/algoth_v2.git
   0821b80..8f0bf29  main -> main
branch 'main' set up to track 'origin/main'.
опубликовано
