== задание n-status-qty ==
строка: status
начало: 2026-09-05T11:53:39Z
--- диск ---
Filesystem      Size  Used Avail Use% Mounted on
/dev/sda1       150G   68G   77G  47% /
/dev/sdb        147G  129G   11G  93% /mnt/HC_Volume_106683528
--- процессы ---
669148 bot/target/release/bot live --s8 research/s8_loop/out/model_sit_lo --journal bot/out/live --keys /root/.bybit/live.env --base https://api.bybit.com --arm gbm --capital 300 --interval-sec 5 --clear-halt
1437631 .venv/bin/python research/b1_book/collect.py --http 8765
--- статус сбора ---
{"t": 1788609218.0, "uptime_sec": 73.3, "messages": 218813, "trades": 18363, "resets": 0, "last_msg_age_sec": 0.0, "snapshots": 43939, "snapshot_errors": 0, "last_snap_age_sec": 1.0, "snap_pass_sec": 0.929, "writes": {"book": 43939, "trades": 18361, "raw": 1847, "liq": 2}, "write_age_sec": {"book": 1.0, "trades": 0.2, "raw": 0.0, "liq": 25.5}, "symbols": {"0GUSDT": {"ready": true, "bid": 0.1949, "ask": 0.1951, "resets": 0}, "1000000BABYDOGEUSDT": {"ready": true, "bid": 0.0004026, "ask": 0.0004031, "resets": 0}, "1000000MOGUSDT": {"ready": true, "bid": 0.1091, "ask": 0.1092, "resets": 0}, "10000NEXUSDT": {"ready": true, "bid": 0.01475, "ask": 0.01477, "resets": 0}, "10000SATSUSDT": {"ready": 
--- живой исполнитель ---
{
  "at_ms": 1788609218323,
  "capital_usd": 300.0,
  "dry": false,
  "entries_paused": false,
  "halted": "часовой цикл молчит 3.0 ч при пределе 3 ч (§5) — позиции без сканера не управляет никто",
  "lev_errors": null,
  "limits_off": true,
  "note": null,
  "positions": [],
  "realized_today_usd": 0.0,
  "realized_total_usd": -21.265818699799986,
  "rejects_row": 0,
  "stale_entries_skipped": 79,
  "tp_errors": null,
  "wallet": {
    "balance": 284.21345292,
    "equity": 284.21345292
  }
}
конец: 2026-09-05T11:53:39Z
публикуется в ветку main:
 jobs/done/n-deploy-qty-flat.log | 11 +++++++++++
 jobs/done/n-status-qty.log      | 34 ++++++++++++++++++++++++++++++++++
 jobs/poke.log                   |  2 ++
 3 files changed, 47 insertions(+)
To github.com:n0tgod/algoth_v2.git
   2f9f470..1820c30  main -> main
branch 'main' set up to track 'origin/main'.
опубликовано
