== задание n10-status ==
строка: status
начало: 2026-10-10T21:10:04Z
--- диск ---
Filesystem      Size  Used Avail Use% Mounted on
/dev/sda1       150G   74G   71G  52% /
/dev/sdb        147G   76G   64G  55% /mnt/HC_Volume_106683528
--- процессы (возраст с) ---
 553659   30017 .venv/bin/python research/b1_book/collect.py --http 8765
 582416   22203 .venv/bin/python research/s8_loop/train.py
 669148 4059739 bot/target/release/bot live --s8 research/s8_loop/out/model_sit_lo --journal bot/out/live --keys /root/.bybit/live.env --base https://api.bybit.
--- убийства ядра по памяти за сутки ---
5 (подробно: run tools/memtop.py)
--- обучение S8 ---
обучение S8: веса от 2026-10-10 19:48 UTC, 1.4 ч назад (каденция 24, тревога с 36 ч); последний цикл 20:41 UTC: весам 0.9 ч при каденции 24
--- идущие прогоны ---
нет
--- статус сбора ---
{"t": 1791666602.5, "uptime_sec": 30013.8, "rss_mb": 1586, "mem_guard": {"drops": 0, "dies": 0, "max_rss_mb": 1586}, "messages": 103784580, "trades": 10205778, "resets": 0, "last_msg_age_sec": 0.0, "snapshots": 23027322, "snapshot_errors": 0, "last_snap_age_sec": 1.0, "snap_pass_sec": 0.286, "writes": {"book": 23027322, "trades": 10205772, "raw": 583010, "liq": 3081, "metrics": 78210}, "write_age_sec": {"book": 1.0, "trades": 0.2, "raw": 0.4, "liq": 170.8, "metrics": 130.5}, "symbols": {"0GUSDT": {"ready": true, "bid": 0.2644, "ask": 0.2645, "resets": 0}, "1000000BABYDOGEUSDT": {"ready": true, "bid": 0.000389, "ask": 0.0003892, "resets": 0}, "1000000MOGUSDT": {"ready": true, "bid": 0.1113, "
--- живой исполнитель ---
{
  "at_ms": 1791666602113,
  "capital_usd": 300.0,
  "dry": false,
  "entries_paused": false,
  "halted": "часовой цикл молчит 3.0 ч при пределе 3 ч (§5) — позиции без сканера не управляет никто",
  "lev_errors": null,
  "limits_off": true,
  "note": null,
  "positions": [],
  "realized_today_usd": 0.0,
  "realized_total_usd": -21.265818699799986,
  "rejects_row": 0,
  "stale_entries_skipped": 79,
  "tp_errors": null,
  "wallet": {
    "balance": 284.17116407,
    "equity": 283.95140807
  }
}
конец: 2026-10-10T21:10:05Z
