== задание n11-status ==
строка: status
начало: 2026-10-10T21:11:46Z
--- диск ---
Filesystem      Size  Used Avail Use% Mounted on
/dev/sda1       150G   74G   71G  52% /
/dev/sdb        147G   76G   64G  55% /mnt/HC_Volume_106683528
--- процессы (возраст с) ---
 553659   30118 .venv/bin/python research/b1_book/collect.py --http 8765
 582416   22305 .venv/bin/python research/s8_loop/train.py
 669148 4059841 bot/target/release/bot live --s8 research/s8_loop/out/model_sit_lo --journal bot/out/live --keys /root/.bybit/live.env --base https://api.bybit.
--- убийства ядра по памяти за сутки ---
5 (подробно: run tools/memtop.py)
--- обучение S8 ---
обучение S8: веса от 2026-10-10 19:48 UTC, 1.4 ч назад (каденция 24, тревога с 36 ч); последний цикл 20:41 UTC: весам 0.9 ч при каденции 24
--- идущие прогоны ---
нет
--- статус сбора ---
{"t": 1791666702.3, "uptime_sec": 30113.6, "rss_mb": 1516, "mem_guard": {"drops": 0, "dies": 0, "max_rss_mb": 1586}, "messages": 104057944, "trades": 10221674, "resets": 0, "last_msg_age_sec": 0.0, "snapshots": 23095899, "snapshot_errors": 0, "last_snap_age_sec": 12.6, "snap_pass_sec": 0.311, "writes": {"book": 23095899, "trades": 10221657, "raw": 584890, "liq": 3082, "metrics": 78210}, "write_age_sec": {"book": 12.6, "trades": 9.7, "raw": 3.4, "liq": 19.4, "metrics": 230.4}, "symbols": {"0GUSDT": {"ready": true, "bid": 0.2644, "ask": 0.2646, "resets": 0}, "1000000BABYDOGEUSDT": {"ready": true, "bid": 0.000389, "ask": 0.0003891, "resets": 0}, "1000000MOGUSDT": {"ready": true, "bid": 0.1113, 
--- живой исполнитель ---
{
  "at_ms": 1791666705553,
  "capital_usd": 300.0,
  "dry": false,
  "entries_paused": false,
  "halted": "часовой цикл молчит 3.0 ч при пределе 3 ч (§5) — позиции без сканера не управляет никто",
  "lev_errors": null,
  "limits_off": true,
  "note": null,
  "positions": [],
  "realized_today_usd": 0.0,
  "realized_total_usd": -21.265818699799986,
  "rejects_row": 0,
  "stale_entries_skipped": 79,
  "tp_errors": null,
  "wallet": {
    "balance": 284.17116407,
    "equity": 283.99481407
  }
}
конец: 2026-10-10T21:11:46Z
публикуется в ветку main:
 jobs/done/n10-status.done |  1 +
 jobs/done/n10-status.log  |  9 +++++++++
 jobs/done/n11-status.log  | 41 +++++++++++++++++++++++++++++++++++++++++
 jobs/poke.log             |  3 +++
 4 files changed, 54 insertions(+)
To github.com:n0tgod/algoth_v2.git
   8650d944..2d2bd0f0  main -> main
branch 'main' set up to track 'origin/main'.
опубликовано
