== задание n12-status ==
строка: status
начало: 2026-10-10T21:12:09Z
--- диск ---
Filesystem      Size  Used Avail Use% Mounted on
/dev/sda1       150G   74G   71G  52% /
/dev/sdb        147G   76G   64G  55% /mnt/HC_Volume_106683528
--- процессы (возраст с) ---
 553659   30142 .venv/bin/python research/b1_book/collect.py --http 8765
 582416   22328 .venv/bin/python research/s8_loop/train.py
 669148 4059864 bot/target/release/bot live --s8 research/s8_loop/out/model_sit_lo --journal bot/out/live --keys /root/.bybit/live.env --base https://api.bybit.
 672326     121 /root/algoth_v2/bot/target/release/bot ladder --dir /root/algoth_v2/bot/out/dca/sub_3f11698eb30279fa --base https://api.bybit.com --keys-stdin -
--- убийства ядра по памяти за сутки ---
5 (подробно: run tools/memtop.py)
--- обучение S8 ---
обучение S8: веса от 2026-10-10 19:48 UTC, 1.4 ч назад (каденция 24, тревога с 36 ч); последний цикл 20:41 UTC: весам 0.9 ч при каденции 24
--- идущие прогоны ---
нет
--- статус сбора ---
{"t": 1791666728.2, "uptime_sec": 30139.5, "rss_mb": 1566, "mem_guard": {"drops": 0, "dies": 0, "max_rss_mb": 1586}, "messages": 104147811, "trades": 10227158, "resets": 0, "last_msg_age_sec": 0.0, "snapshots": 23110923, "snapshot_errors": 0, "last_snap_age_sec": 1.0, "snap_pass_sec": 0.298, "writes": {"book": 23110923, "trades": 10227158, "raw": 585744, "liq": 3086, "metrics": 78210}, "write_age_sec": {"book": 1.0, "trades": 0.2, "raw": 0.0, "liq": 2.4, "metrics": 256.2}, "symbols": {"0GUSDT": {"ready": true, "bid": 0.2643, "ask": 0.2645, "resets": 0}, "1000000BABYDOGEUSDT": {"ready": true, "bid": 0.0003889, "ask": 0.0003892, "resets": 0}, "1000000MOGUSDT": {"ready": true, "bid": 0.1112, "a
--- живой исполнитель ---
{
  "at_ms": 1791666726237,
  "capital_usd": 300.0,
  "dry": false,
  "entries_paused": false,
  "halted": "часовой цикл молчит 3.0 ч при пределе 3 ч (§5) — позиции без сканера не управляет никто",
  "lev_errors": null,
  "limits_off": true,
  "note": null,
  "positions": [],
  "realized_today_usd": 0.0,
  "realized_total_usd": -21.265818699799986,
  "rejects_row": 0,
  "stale_entries_skipped": 79,
  "tp_errors": null,
  "wallet": {
    "balance": 284.17116407,
    "equity": 283.98775807
  }
}
--- исполнитель Ladder ---

sub_3f11698eb30279fa: статусу 2 с, режим live, позиций 3 (отметка у 3), пауза None, без входов False, ошибка None
конец: 2026-10-10T21:12:09Z
