== задание n15-status ==
строка: status
начало: 2026-10-10T21:26:22Z
--- диск ---
Filesystem      Size  Used Avail Use% Mounted on
/dev/sda1       150G   74G   71G  52% /
/dev/sdb        147G   77G   63G  56% /mnt/HC_Volume_106683528
--- процессы (возраст с) ---
 553659   30994 .venv/bin/python research/b1_book/collect.py --http 8765
 582416   23180 .venv/bin/python research/s8_loop/train.py
 669148 4060717 bot/target/release/bot live --s8 research/s8_loop/out/model_sit_lo --journal bot/out/live --keys /root/.bybit/live.env --base https://api.bybit.
 677347     371 /root/algoth_v2/bot/target/release/bot ladder --dir /root/algoth_v2/bot/out/dca/sub_3f11698eb30279fa --base https://api.bybit.com --keys-stdin -
--- убийства ядра по памяти за сутки ---
4 (подробно: run tools/memtop.py)
--- обучение S8 ---
обучение S8: веса от 2026-10-10 19:48 UTC, 1.6 ч назад (каденция 24, тревога с 36 ч); последний цикл 21:13 UTC: весам 1.4 ч при каденции 24
--- идущие прогоны ---
нет
--- статус сбора ---
{"t": 1791667577.3, "uptime_sec": 30988.6, "rss_mb": 1582, "mem_guard": {"drops": 0, "dies": 0, "max_rss_mb": 1586}, "messages": 106721849, "trades": 10400004, "resets": 0, "last_msg_age_sec": 0.0, "snapshots": 23730547, "snapshot_errors": 0, "last_snap_age_sec": 1.1, "snap_pass_sec": 0.517, "writes": {"book": 23730547, "trades": 10399999, "raw": 602385, "liq": 3160, "metrics": 80580}, "write_age_sec": {"book": 1.1, "trades": 9.6, "raw": 0.1, "liq": 10.8, "metrics": 203.5}, "symbols": {"0GUSDT": {"ready": true, "bid": 0.2649, "ask": 0.2652, "resets": 0}, "1000000BABYDOGEUSDT": {"ready": true, "bid": 0.0003891, "ask": 0.0003894, "resets": 0}, "1000000MOGUSDT": {"ready": true, "bid": 0.1114, "
--- живой исполнитель ---
{
  "at_ms": 1791667579955,
  "capital_usd": 300.0,
  "dry": false,
  "entries_paused": false,
  "halted": "часовой цикл молчит 3.0 ч при пределе 3 ч (§5) — позиции без сканера не управляет никто",
  "lev_errors": null,
  "limits_off": true,
  "note": null,
  "positions": [],
  "realized_today_usd": 0.0,
  "realized_total_usd": -21.265818699799986,
  "rejects_row": 0,
  "stale_entries_skipped": 79,
  "tp_errors": null,
  "wallet": {
    "balance": 284.17116407,
    "equity": 283.51964107
  }
}
--- исполнитель Ladder ---

sub_3f11698eb30279fa: статусу 1 с, режим live, позиций 3 (отметка у 3), пауза None, без входов False, ошибка None
конец: 2026-10-10T21:26:22Z
