== задание n16-probe ==
строка: run research/dca_paper/probe_live_hour.py
начало: 2026-10-10T21:34:43Z
запускаю: .venv/bin/python research/dca_paper/probe_live_hour.py 
h24/gbm: часов 1045, коротких выборов 3135, ног под краем 3119, отброшено (нет полей / знак) 10
h24/nn: часов 1045, коротких выборов 3135, ног под краем 2922, отброшено (нет полей / знак) 201
ног обеих рук: 6041
сейчас 10-10 21:34 UTC; ног всего 6041, за 8 ч 18; последняя нога 10-10 21:00
файл выборов /root/algoth_v2/research/s8_loop/out/model_h24/picks.jsonl: изменён 10-10 21:11
кэш реплея: записей 10430; изменён 10-10 20:59
  10-10 15:00 APRUSDT gbm fwd -173.02742232188393 | реплей optimal_s: open срок | возраст 352.1 сут
  10-10 15:00 CAPUSDT gbm fwd -247.19119191957967 | реплей optimal_s: open срок | возраст 103.5 сут
  10-10 15:00 JCTUSDT gbm fwd -239.62300124441833 | реплей optimal_s: closed тейк | возраст 327.2 сут
  10-10 15:00 ACNUSDT nn fwd -672.2396202787112 | реплей optimal_s: open срок | возраст 2.2 сут
  10-10 15:00 USUSDT nn fwd -661.672101905568 | реплей optimal_s: open срок | возраст 302.2 сут
  10-10 15:00 VKTXUSDT nn fwd -1528.3740556574242 | реплей optimal_s: open срок | возраст 1.2 сут
  10-10 20:00 APRUSDT gbm fwd -93.04059209974378 | реплей optimal_s: open срок | возраст 352.3 сут
  10-10 20:00 CHIPUSDT gbm fwd -215.3087254916285 | реплей optimal_s: open срок | возраст 177.4 сут
  10-10 20:00 JCTUSDT gbm fwd -185.59308253488638 | реплей optimal_s: closed тейк | возраст 327.4 сут
  10-10 20:00 CHIPUSDT nn fwd -521.7691503394085 | реплей optimal_s: open срок | возраст 177.4 сут
  10-10 20:00 RLCUSDT nn fwd -744.8708542161747 | реплей optimal_s: open срок | возраст 1298.5 сут
  10-10 20:00 STRKUSDT nn fwd -790.8479739446655 | реплей optimal_s: open срок | возраст 963.3 сут
  10-10 21:00 CHIPUSDT gbm fwd -168.27758591794733 | реплей optimal_s: нет записи | возраст 177.5 сут
  10-10 21:00 CTUSDT gbm fwd -84.5092272814657 | реплей optimal_s: нет записи | возраст 9.5 сут
  10-10 21:00 VKTXUSDT gbm fwd -82.32862440871183 | реплей optimal_s: нет записи | возраст 1.5 сут
  10-10 21:00 CHIPUSDT nn fwd -579.5058702849052 | реплей optimal_s: нет записи | возраст 177.5 сут
  10-10 21:00 RLCUSDT nn fwd -834.9509718586661 | реплей optimal_s: нет записи | возраст 1298.6 сут
  10-10 21:00 STRKUSDT nn fwd -550.3350489936673 | реплей optimal_s: нет записи | возраст 963.3 сут
конец: 2026-10-10T21:34:45Z, код 0
