== задание n17-probe ==
строка: run research/dca_paper/probe_live_hour2.py
начало: 2026-10-10T21:36:33Z
запускаю: .venv/bin/python research/dca_paper/probe_live_hour2.py 
pair_aggr: короткая сторона aggr_h (реплей optimal_s), записей 5215
pair_aggr: фильтр возраста ≥7 сут оставил 4365 из 5215 (моложе порога 850, возраст неизвестен 0)
возраст: {'age': True, 'applied': True, 'days': 7.0, 'offered': 5215, 'kept': 4365, 'моложе порога': 850, 'возраст неизвестен': 0, 'справочнику часов': 16.6}
pair_aggr: охрана рынком ≥ 2 % закрыла 1279 из 4365 позиций (из них открытых 25); часов без волны 370, записей без отметок 0
охрана рынком: {'offered': 4365, 'closed_by_market': 1279, 'open_closed': 25, 'no_marks': 0, 'hours_no_wave': 370, 'checked': 4198, 'guard': True, 'pct': 2.0}
гейт плеча 4.0: осталось 2514 из 4365; одна на имя: оставлено 1008, пропущено 1506

ACNUSDT:
  10-10 15:00 плечо 1.00 open срок выход 10-10 20:59 конец срока 10-11 15:00 → возраст

APRUSDT:
  10-10 15:00 плечо 20.00 open срок выход 10-10 20:59 конец срока 10-11 15:00 → к кассе
  10-10 20:00 плечо 8.99 open срок выход 10-10 20:59 конец срока 10-11 20:00 → одна на имя (повтор)

CAPUSDT:
  10-10 03:00 плечо 1.00 open срок выход 10-10 20:59 конец срока 10-11 03:00 → гейт плеча
  10-10 05:00 плечо 10.00 open срок выход 10-10 20:59 конец срока 10-11 05:00 → к кассе
  10-10 15:00 плечо 10.00 open срок выход 10-10 20:59 конец срока 10-11 15:00 → одна на имя (повтор)

CHIPUSDT:
  10-10 20:00 плечо 1.00 open срок выход 10-10 20:57 конец срока 10-11 20:00 → гейт плеча

JCTUSDT:
  10-08 22:00 плечо 1.00 closed срок выход 10-09 06:59 конец срока 10-09 22:00 → гейт плеча
  10-08 23:00 плечо 20.00 closed пол выход 10-09 06:59 конец срока 10-09 23:00 → к кассе
  10-09 00:00 плечо 1.00 closed срок выход 10-09 03:59 конец срока 10-10 00:00 → гейт плеча
  10-09 01:00 плечо 7.84 closed срок выход 10-09 05:59 конец срока 10-10 01:00 → одна на имя (повтор)
  10-09 02:00 плечо 5.51 closed срок выход 10-09 07:59 конец срока 10-10 02:00 → одна на имя (повтор)
  10-09 03:00 плечо 8.22 closed срок выход 10-09 23:59 конец срока 10-10 03:00 → одна на имя (повтор)
  10-09 04:00 плечо 8.51 closed пол выход 10-09 13:31 конец срока 10-10 04:00 → одна на имя (повтор)
  10-09 05:00 плечо 5.66 closed срок выход 10-10 00:59 конец срока 10-10 05:00 → одна на имя (повтор)
  10-09 06:00 плечо 6.73 closed срок выход 10-10 01:59 конец срока 10-10 06:00 → одна на имя (повтор)
  10-09 07:00 плечо 7.36 closed пол выход 10-10 01:59 конец срока 10-10 07:00 → к кассе
  10-09 08:00 плечо 7.09 closed пол выход 10-10 05:59 конец срока 10-10 08:00 → одна на имя (повтор)
  10-09 09:00 плечо 5.43 closed срок выход 10-10 05:59 конец срока 10-10 09:00 → одна на имя (повтор)
  10-09 10:00 плечо 20.00 closed пол выход 10-09 13:15 конец срока 10-10 10:00 → одна на имя (повтор)
  10-09 11:00 плечо 8.05 closed пол выход 10-10 01:59 конец срока 10-10 11:00 → одна на имя (повтор)
  10-09 12:00 плечо 20.00 closed пол выход 10-09 13:15 конец срока 10-10 12:00 → одна на имя (повтор)
  10-09 13:00 плечо 20.00 closed пол выход 10-09 13:29 конец срока 10-10 13:00 → одна на имя (повтор)
  10-09 14:00 плечо 1.00 closed срок выход 10-10 01:59 конец срока 10-10 14:00 → гейт плеча
  10-09 15:00 плечо 1.00 closed срок выход 10-10 01:59 конец срока 10-10 15:00 → гейт плеча
  10-09 16:00 плечо 1.00 closed срок выход 10-10 01:59 конец срока 10-10 16:00 → гейт плеча
  10-09 17:00 плечо 7.57 closed пол выход 10-10 01:59 конец срока 10-10 17:00 → одна на имя (повтор)
  10-09 19:00 плечо 7.38 closed пол выход 10-10 01:59 конец срока 10-10 19:00 → одна на имя (повтор)
  10-09 20:00 плечо 8.17 closed пол выход 10-10 00:59 конец срока 10-10 20:00 → одна на имя (повтор)
  10-09 21:00 плечо 7.91 closed пол выход 10-10 01:59 конец срока 10-10 21:00 → одна на имя (повтор)
  10-10 02:00 плечо 1.00 closed тейк выход 10-10 20:43 конец срока 10-11 02:00 → гейт плеча
  10-10 09:00 плечо 1.00 closed тейк выход 10-10 20:43 конец срока 10-11 09:00 → гейт плеча
  10-10 10:00 плечо 1.00 closed тейк выход 10-10 20:43 конец срока 10-11 10:00 → гейт плеча
  10-10 15:00 плечо 8.38 closed тейк выход 10-10 20:43 конец срока 10-11 15:00 → к кассе
  10-10 20:00 плечо 20.00 closed тейк выход 10-10 20:43 конец срока 10-11 20:00 → одна на имя (повтор)

RLCUSDT:
  10-09 06:00 плечо 1.00 closed срок выход 10-10 01:59 конец срока 10-10 06:00 → гейт плеча
  10-09 07:00 плечо 20.00 closed тейк выход 10-09 16:09 конец срока 10-10 07:00 → к кассе
  10-09 08:00 плечо 20.00 closed пол выход 10-09 08:24 конец срока 10-10 08:00 → одна на имя (повтор)
  10-09 09:00 плечо 2.69 closed тейк выход 10-09 15:51 конец срока 10-10 09:00 → гейт плеча
  10-09 10:00 плечо 20.00 closed пол выход 10-10 01:25 конец срока 10-10 10:00 → одна на имя (повтор)
  10-09 11:00 плечо 17.31 closed пол выход 10-10 01:25 конец срока 10-10 11:00 → одна на имя (повтор)
  10-09 14:00 плечо 2.33 closed срок выход 10-10 01:59 конец срока 10-10 14:00 → гейт плеча
  10-09 15:00 плечо 2.21 closed срок выход 10-10 01:59 конец срока 10-10 15:00 → гейт плеча
  10-09 16:00 плечо 3.02 closed срок выход 10-10 01:59 конец срока 10-10 16:00 → гейт плеча
  10-09 17:00 плечо 7.68 closed пол выход 10-09 19:48 конец срока 10-10 17:00 → к кассе
  10-09 20:00 плечо 20.00 closed пол выход 10-10 00:59 конец срока 10-10 20:00 → к кассе
  10-09 21:00 плечо 20.00 closed пол выход 10-09 21:55 конец срока 10-10 21:00 → одна на имя (повтор)
  10-09 22:00 плечо 1.00 open срок выход 10-10 01:59 конец срока 10-10 22:00 → гейт плеча
  10-09 23:00 плечо 10.55 open срок выход 10-10 05:59 конец срока 10-10 23:00 → одна на имя (повтор)
  10-10 00:00 плечо 2.02 open срок выход 10-10 05:59 конец срока 10-11 00:00 → гейт плеча
  10-10 20:00 плечо 6.30 open срок выход 10-10 20:58 конец срока 10-11 20:00 → к кассе

STRKUSDT:
  10-09 02:00 плечо 1.00 closed срок выход 10-09 07:59 конец срока 10-10 02:00 → гейт плеча
  10-09 03:00 плечо 1.00 closed срок выход 10-09 23:59 конец срока 10-10 03:00 → гейт плеча
  10-09 04:00 плечо 1.00 closed срок выход 10-10 01:59 конец срока 10-10 04:00 → гейт плеча
  10-09 05:00 плечо 1.00 closed срок выход 10-10 00:59 конец срока 10-10 05:00 → гейт плеча
  10-09 06:00 плечо 1.00 closed срок выход 10-10 01:59 конец срока 10-10 06:00 → гейт плеча
  10-10 20:00 плечо 25.00 open срок выход 10-10 20:58 конец срока 10-11 20:00 → к кассе

USUSDT:
  10-09 08:00 плечо 1.00 closed срок выход 10-10 05:59 конец срока 10-10 08:00 → гейт плеча
  10-09 09:00 плечо 1.00 closed срок выход 10-10 05:59 конец срока 10-10 09:00 → гейт плеча
  10-09 11:00 плечо 1.00 closed срок выход 10-10 01:59 конец срока 10-10 11:00 → гейт плеча
  10-09 12:00 плечо 1.00 closed срок выход 10-10 01:59 конец срока 10-10 12:00 → гейт плеча
  10-09 13:00 плечо 20.00 closed пол выход 10-09 22:34 конец срока 10-10 13:00 → к кассе
  10-09 14:00 плечо 20.00 closed пол выход 10-09 22:34 конец срока 10-10 14:00 → одна на имя (повтор)
  10-09 15:00 плечо 20.00 closed пол выход 10-09 22:34 конец срока 10-10 15:00 → одна на имя (повтор)
  10-09 16:00 плечо 1.00 closed срок выход 10-10 01:59 конец срока 10-10 16:00 → гейт плеча
  10-09 17:00 плечо 1.00 closed срок выход 10-10 01:59 конец срока 10-10 17:00 → гейт плеча
  10-09 19:00 плечо 1.00 closed срок выход 10-10 01:59 конец срока 10-10 19:00 → гейт плеча
  10-09 20:00 плечо 1.00 closed срок выход 10-10 00:59 конец срока 10-10 20:00 → гейт плеча
  10-09 21:00 плечо 1.00 closed срок выход 10-10 01:59 конец срока 10-10 21:00 → гейт плеча
  10-09 22:00 плечо 20.00 closed пол выход 10-09 22:34 конец срока 10-10 22:00 → одна на имя (повтор)
  10-09 23:00 плечо 20.00 closed пол выход 10-10 01:14 конец срока 10-10 23:00 → к кассе
  10-10 00:00 плечо 20.00 open срок выход 10-10 05:59 конец срока 10-11 00:00 → одна на имя (повтор)
  10-10 01:00 плечо 20.00 open срок выход 10-10 14:59 конец срока 10-11 01:00 → одна на имя (повтор)
  10-10 02:00 плечо 1.00 open срок выход 10-10 20:58 конец срока 10-11 02:00 → гейт плеча
  10-10 03:00 плечо 4.90 open срок выход 10-10 20:58 конец срока 10-11 03:00 → к кассе
  10-10 04:00 плечо 2.63 open срок выход 10-10 20:58 конец срока 10-11 04:00 → гейт плеча
  10-10 05:00 плечо 3.97 open срок выход 10-10 20:58 конец срока 10-11 05:00 → гейт плеча
  10-10 15:00 плечо 2.60 open срок выход 10-10 20:58 конец срока 10-11 15:00 → гейт плеча

VKTXUSDT:
  10-10 02:00 плечо 1.00 open срок выход 10-10 20:59 конец срока 10-11 02:00 → возраст
  10-10 15:00 плечо 1.00 open срок выход 10-10 20:59 конец срока 10-11 15:00 → возраст
конец: 2026-10-10T21:36:35Z, код 0
