== задание n18-probe ==
строка: run research/dca_paper/probe_live_hour3.py
начало: 2026-10-10T21:38:00Z
запускаю: .venv/bin/python research/dca_paper/probe_live_hour3.py 
длинные книги: aggr 7598, optimal 7598, safe 7598
короткие книги: aggr_h 5215, optimal_h 5215, safe_h 5215
pair_aggr: фильтр возраста ≥7 сут оставил 4365 из 5215 (моложе порога 850, возраст неизвестен 0)
pair_aggr: охрана рынком ≥ 2 % закрыла 1279 из 4365 позиций (из них открытых 25); часов без волны 370, записей без отметок 0

pair_aggr 100 $: решений к кассе 1661 (длинных 653, коротких 1008); доля шорта 0.0625, лонга 0.0625
  10-10 15:00 JCTUSDT aggr_h плечо 8.38: счёт 665.48 $, маржа 41.59 $ → взято
  10-10 15:00 APRUSDT aggr_h плечо 20.00: счёт 665.48 $, маржа 41.59 $ → нет кассы: маржа 41.59 $ > свободно 15.96 $
      держит USUSDT aggr_h с 10-10 03:00 до 10-11 03:00: 42.45 $
      держит JCTUSDT aggr_h с 10-10 15:00 до 10-10 20:43: 41.59 $
  10-10 20:00 STRKUSDT aggr_h плечо 25.00: счёт 665.48 $, маржа 41.59 $ → нет кассы: маржа 41.59 $ > свободно 15.96 $
      держит USUSDT aggr_h с 10-10 03:00 до 10-11 03:00: 42.45 $
      держит JCTUSDT aggr_h с 10-10 15:00 до 10-10 20:43: 41.59 $
  10-10 20:00 RLCUSDT aggr_h плечо 6.30: счёт 665.48 $, маржа 41.59 $ → нет кассы: маржа 41.59 $ > свободно 15.96 $
      держит USUSDT aggr_h с 10-10 03:00 до 10-11 03:00: 42.45 $
      держит JCTUSDT aggr_h с 10-10 15:00 до 10-10 20:43: 41.59 $

сверка повтора с ration: взято 461 / 461, расхождение 0
конец: 2026-10-10T21:38:03Z, код 0
