== задание n20-cash-fix ==
строка: run research/dca_paper/cash_fix.py
начало: 2026-10-10T21:47:16Z
запускаю: .venv/bin/python research/dca_paper/cash_fix.py 
Длинные книги: сборка решений
  old: строк 21214
  new: строк 21372
Длинные книги: готово, 13 с
Короткие книги h24: сборка решений
safe_h: фильтр возраста ≥7 сут оставил 4365 из 5215 (моложе порога 850, возраст неизвестен 0)
safe_h: охрана рынком ≥ 2 % закрыла 1456 из 4365 позиций (из них открытых 36); часов без волны 394, записей без отметок 0
optimal_h: фильтр возраста ≥7 сут оставил 4365 из 5215 (моложе порога 850, возраст неизвестен 0)
optimal_h: охрана рынком ≥ 2 % закрыла 1279 из 4365 позиций (из них открытых 25); часов без волны 370, записей без отметок 0
aggr_h: фильтр возраста ≥7 сут оставил 4365 из 5215 (моложе порога 850, возраст неизвестен 0)
aggr_h: охрана рынком ≥ 2 % закрыла 1279 из 4365 позиций (из них открытых 25); часов без волны 370, записей без отметок 0
  old: строк 23155
  new: строк 24592
Короткие книги h24: готово, 17 с
Общий счёт: сборка решений
длинные книги: aggr 7598, optimal 7598, safe 7598
короткие книги: aggr_h 5215, optimal_h 5215, safe_h 5215
pair_safe: фильтр возраста ≥7 сут оставил 4365 из 5215 (моложе порога 850, возраст неизвестен 0)
pair_safe: охрана рынком ≥ 2 % закрыла 1456 из 4365 позиций (из них открытых 36); часов без волны 394, записей без отметок 0
pair_optimal: фильтр возраста ≥7 сут оставил 4365 из 5215 (моложе порога 850, возраст неизвестен 0)
pair_optimal: охрана рынком ≥ 2 % закрыла 1279 из 4365 позиций (из них открытых 25); часов без волны 370, записей без отметок 0
pair_aggr: фильтр возраста ≥7 сут оставил 4365 из 5215 (моложе порога 850, возраст неизвестен 0)
pair_aggr: охрана рынком ≥ 2 % закрыла 1279 из 4365 позиций (из них открытых 25); часов без волны 370, записей без отметок 0
  old: строк 41404
  new: строк 44078
Общий счёт: готово, 25 с
# Правка кассы бумаги: до и после (2026-10-10 21:47 UTC)

Правка: закрытая позиция возвращает в свободные деньги маржу ВМЕСТЕ с результатом (прежде — только маржу). Обе колонки посчитаны сейчас на одном кэше, с издержками; разница — только правило кассы. «Окно вперёд» — с первого решения записи вперёд этой книги на странице (дата в строке); «на странице» — число, стоящее там сейчас (прежнее правило, запись вперёд).

## Длинные книги

| книга | депозит | формат | весь период: итог до → после | просадка до → после | сделок до → после | окно вперёд с | итог окна до → после | на странице | отказов кассы до → после |
|---|---:|---|---|---|---|---|---|---:|---|
| безопасная | 100 | слож. | +17.4 % → +34.8 % | -4.4 % → -3.8 % | 75 → 91 | 2026-10-01 | -1.4 % → -1.5 % | -1.4 % | 1807 → 1792 |
| безопасная | 100 | фикс. | +24.5 % → +24.7 % | -3.4 % → -4.6 % | 94 → 91 | 2026-10-05 | -1.3 % → -1.3 % | -1.3 % | 1787 → 1790 |
| безопасная | 1000 | слож. | +13.3 % → +13.2 % | -2.7 % → -2.9 % | 541 → 552 | 2026-09-06 | +4.7 % → +4.7 % | +4.4 % | 1340 → 1329 |
| безопасная | 1000 | фикс. | +12.5 % → +13.7 % | -2.8 % → -2.9 % | 554 → 562 | 2026-10-05 | -0.2 % → -0.2 % | -0.2 % | 1327 → 1319 |
| безопасная | 10000 | слож. | +8.6 % → +8.6 % | -0.3 % → -0.3 % | 1814 → 1816 | 2026-09-06 | +0.5 % → +0.5 % | +0.4 % | 67 → 65 |
| безопасная | 10000 | фикс. | +8.4 % → +8.4 % | -0.3 % → -0.3 % | 1815 → 1816 | 2026-10-05 | -0.0 % → -0.0 % | -0.0 % | 66 → 65 |
| безопасная | 100000 | слож. | +5.2 % → +5.2 % | -0.1 % → -0.1 % | 1881 → 1881 | 2026-09-06 | +0.3 % → +0.3 % | +0.2 % | 0 → 0 |
| безопасная | 100000 | фикс. | +5.1 % → +5.1 % | -0.1 % → -0.1 % | 1881 → 1881 | 2026-10-05 | -0.0 % → -0.0 % | -0.0 % | 0 → 0 |
| оптимальная | 100 | слож. | +161.9 % → +391.2 % | -6.1 % → -11.1 % | 60 → 91 | 2026-10-01 | +0.8 % → +144.2 % | +0.8 % | 1837 → 1803 |
| оптимальная | 100 | фикс. | +202.1 % → +199.6 % | -7.9 % → -16.6 % | 97 → 117 | 2026-10-05 | +41.0 % → +40.7 % | +41.0 % | 1797 → 1777 |
| оптимальная | 1000 | слож. | +29.3 % → +27.4 % | -5.0 % → -6.7 % | 559 → 560 | 2026-09-06 | +20.4 % → +20.1 % | +16.6 % | 1334 → 1333 |
| оптимальная | 1000 | фикс. | +23.9 % → +28.5 % | -6.2 % → -4.9 % | 565 → 574 | 2026-10-05 | +4.1 % → +4.1 % | +4.1 % | 1328 → 1319 |
| оптимальная | 10000 | слож. | +19.1 % → +19.1 % | -0.6 % → -0.6 % | 1826 → 1829 | 2026-09-06 | +2.1 % → +2.2 % | +1.8 % | 67 → 64 |
| оптимальная | 10000 | фикс. | +18.0 % → +18.0 % | -0.6 % → -0.6 % | 1827 → 1828 | 2026-10-05 | +0.4 % → +0.4 % | +0.4 % | 66 → 65 |
| оптимальная | 100000 | слож. | +11.4 % → +11.4 % | -0.3 % → -0.3 % | 1893 → 1893 | 2026-09-06 | +1.2 % → +1.2 % | +1.0 % | 0 → 0 |
| оптимальная | 100000 | фикс. | +11.0 % → +11.0 % | -0.3 % → -0.3 % | 1893 → 1893 | 2026-10-05 | +0.2 % → +0.2 % | +0.2 % | 0 → 0 |
| агрессивная | 100 | слож. | +31.1 % → +15.9 % | -20.9 % → -22.0 % | 118 → 123 | 2026-10-08 | +6.9 % → +6.1 % | +6.9 % | 533 → 528 |
| агрессивная | 100 | фикс. | +23.7 % → +13.3 % | -17.5 % → -25.0 % | 123 → 124 | 2026-10-08 | +5.4 % → +5.4 % | +5.4 % | 528 → 527 |
| агрессивная | 1000 | слож. | +29.9 % → +30.4 % | -2.2 % → -2.2 % | 487 → 512 | 2026-09-14 | -0.5 % → -0.5 % | -1.0 % | 164 → 139 |
| агрессивная | 1000 | фикс. | +28.1 % → +30.5 % | -1.7 % → -1.7 % | 507 → 534 | 2026-10-08 | +0.5 % → +0.5 % | +0.5 % | 144 → 117 |
| агрессивная | 10000 | слож. | +20.0 % → +20.0 % | -1.0 % → -1.0 % | 651 → 651 | 2026-09-14 | -0.2 % → -0.2 % | -0.4 % | 0 → 0 |
| агрессивная | 10000 | фикс. | +19.1 % → +19.1 % | -0.8 % → -0.8 % | 651 → 651 | 2026-10-08 | +0.2 % → +0.2 % | +0.2 % | 0 → 0 |
| агрессивная | 100000 | слож. | +20.1 % → +20.1 % | -1.0 % → -1.0 % | 651 → 651 | 2026-09-14 | -0.2 % → -0.2 % | -0.4 % | 0 → 0 |
| агрессивная | 100000 | фикс. | +19.2 % → +19.2 % | -0.8 % → -0.8 % | 651 → 651 | 2026-10-08 | +0.2 % → +0.2 % | +0.2 % | 0 → 0 |

## Короткие книги h24

| книга | депозит | формат | весь период: итог до → после | просадка до → после | сделок до → после | окно вперёд с | итог окна до → после | на странице | отказов кассы до → после |
|---|---:|---|---|---|---|---|---|---:|---|
| безопасная (шорт h24) | 100 | слож. | -19.6 % → -7.3 % | -84.9 % → -83.9 % | 236 → 301 | 2026-09-30 | +58.7 % → +52.5 % | +57.5 % | 895 → 842 |
| безопасная (шорт h24) | 100 | фикс. | +89.1 % → +34.5 % | -44.3 % → -53.1 % | 321 → 551 | 2026-10-05 | +23.8 % → -0.5 % | +23.3 % | 875 → 637 |
| безопасная (шорт h24) | 1000 | слож. | +39.9 % → +45.6 % | -12.9 % → -12.8 % | 1164 → 1179 | 2026-09-28 | +5.2 % → +7.0 % | +5.6 % | 15 → 0 |
| безопасная (шорт h24) | 1000 | фикс. | +38.4 % → +38.4 % | -8.2 % → -8.2 % | 1179 → 1179 | 2026-10-04 | +2.0 % → +2.0 % | +1.9 % | 0 → 0 |
| безопасная (шорт h24) | 10000 | слож. | +18.4 % → +18.4 % | -5.4 % → -5.4 % | 1179 → 1179 | 2026-09-28 | +2.4 % → +2.4 % | +2.6 % | 0 → 0 |
| безопасная (шорт h24) | 10000 | фикс. | +17.1 % → +17.1 % | -4.4 % → -4.4 % | 1179 → 1179 | 2026-10-04 | +0.9 % → +0.9 % | +0.8 % | 0 → 0 |
| безопасная (шорт h24) | 100000 | слож. | +18.4 % → +18.4 % | -5.4 % → -5.4 % | 1179 → 1179 | 2026-09-28 | +2.4 % → +2.4 % | +2.6 % | 0 → 0 |
| безопасная (шорт h24) | 100000 | фикс. | +17.1 % → +17.1 % | -4.4 % → -4.4 % | 1179 → 1179 | 2026-10-04 | +0.9 % → +0.9 % | +0.8 % | 0 → 0 |
| оптимальная (шорт h24) | 100 | слож. | +291.2 % → +486.6 % | -49.4 % → -64.7 % | 105 → 320 | — | — → — | — | 1194 → 979 |
| оптимальная (шорт h24) | 100 | фикс. | +122.0 % → +62.5 % | -36.4 % → -75.7 % | 361 → 726 | 2026-10-05 | -0.6 % → +0.9 % | -1.1 % | 940 → 561 |
| оптимальная (шорт h24) | 1000 | слож. | +51.9 % → +57.2 % | -20.3 % → -21.9 % | 1233 → 1285 | 2026-09-28 | -1.9 % → +1.0 % | -1.0 % | 52 → 0 |
| оптимальная (шорт h24) | 1000 | фикс. | +49.1 % → +49.1 % | -11.2 % → -11.2 % | 1285 → 1285 | 2026-10-04 | +3.2 % → +3.2 % | +3.1 % | 0 → 0 |
| оптимальная (шорт h24) | 10000 | слож. | +11.4 % → +11.4 % | -4.2 % → -4.2 % | 1285 → 1285 | 2026-09-28 | +0.3 % → +0.3 % | +0.4 % | 0 → 0 |
| оптимальная (шорт h24) | 10000 | фикс. | +10.9 % → +10.9 % | -3.5 % → -3.5 % | 1285 → 1285 | 2026-10-04 | +0.7 % → +0.7 % | +0.7 % | 0 → 0 |
| оптимальная (шорт h24) | 100000 | слож. | +11.4 % → +11.4 % | -4.2 % → -4.2 % | 1285 → 1285 | 2026-09-28 | +0.3 % → +0.3 % | +0.4 % | 0 → 0 |
| оптимальная (шорт h24) | 100000 | фикс. | +10.9 % → +10.9 % | -3.5 % → -3.5 % | 1285 → 1285 | 2026-10-04 | +0.7 % → +0.7 % | +0.7 % | 0 → 0 |
| агрессивная (шорт h24) | 100 | слож. | +362.6 % → +134.3 % | -33.4 % → -73.4 % | 478 → 965 | 2026-09-30 | +104.3 % → -55.7 % | +103.7 % | 528 → 29 |
| агрессивная (шорт h24) | 100 | фикс. | +142.7 % → +137.9 % | -25.5 % → -26.1 % | 973 → 981 | 2026-10-05 | -15.2 % → -15.2 % | -12.2 % | 21 → 13 |
| агрессивная (шорт h24) | 1000 | слож. | +16.0 % → +16.0 % | -6.3 % → -6.3 % | 994 → 994 | 2026-09-28 | +0.8 % → +0.8 % | +1.4 % | 0 → 0 |
| агрессивная (шорт h24) | 1000 | фикс. | +15.2 % → +15.2 % | -5.4 % → -5.4 % | 994 → 994 | 2026-10-05 | -1.6 % → -1.6 % | -1.3 % | 0 → 0 |
| агрессивная (шорт h24) | 10000 | слож. | +16.4 % → +16.4 % | -6.5 % → -6.5 % | 994 → 994 | 2026-09-28 | +0.9 % → +0.9 % | +1.4 % | 0 → 0 |
| агрессивная (шорт h24) | 10000 | фикс. | +15.5 % → +15.5 % | -5.5 % → -5.5 % | 994 → 994 | 2026-10-05 | -1.6 % → -1.6 % | -1.3 % | 0 → 0 |
| агрессивная (шорт h24) | 100000 | слож. | +16.5 % → +16.5 % | -6.5 % → -6.5 % | 994 → 994 | 2026-09-28 | +0.9 % → +0.9 % | +1.4 % | 0 → 0 |
| агрессивная (шорт h24) | 100000 | фикс. | +15.6 % → +15.6 % | -5.5 % → -5.5 % | 994 → 994 | 2026-10-05 | -1.6 % → -1.6 % | -1.3 % | 0 → 0 |

## Общий счёт

| книга | депозит | формат | весь период: итог до → после | просадка до → после | сделок до → после | окно вперёд с | итог окна до → после | на странице | отказов кассы до → после |
|---|---:|---|---|---|---|---|---|---:|---|
| общая (безопасная) | 100 | слож. | +10.4 % → -59.9 % | -49.9 % → -91.5 % | 160 → 220 | 2026-09-30 | +10.7 % → +26.4 % | +9.3 % | 2847 → 2085 |
| общая (безопасная) | 100 | фикс. | +61.4 % → -54.6 % | -44.7 % → -59.0 % | 280 → 173 | 2026-10-05 | +15.5 % → +1.8 % | +15.0 % | 2803 → 2911 |
| общая (безопасная) | 1000 | слож. | +40.7 % → +47.8 % | -11.9 % → -12.1 % | 1284 → 1495 | 2026-09-28 | +6.7 % → +7.2 % | +7.1 % | 1780 → 1568 |
| общая (безопасная) | 1000 | фикс. | +37.3 % → +45.9 % | -8.0 % → -7.5 % | 1492 → 1626 | 2026-10-04 | +1.8 % → +1.8 % | +1.8 % | 1571 → 1437 |
| общая (безопасная) | 10000 | слож. | +24.6 % → +27.9 % | -5.4 % → -5.4 % | 2674 → 2870 | 2026-09-28 | +2.6 % → +2.6 % | +2.8 % | 389 → 193 |
| общая (безопасная) | 10000 | фикс. | +24.5 % → +25.4 % | -4.1 % → -4.0 % | 2864 → 2985 | 2026-10-04 | +0.9 % → +0.9 % | +0.9 % | 199 → 75 |
| общая (безопасная) | 100000 | слож. | +24.6 % → +24.9 % | -5.4 % → -5.4 % | 3027 → 3060 | 2026-09-28 | +2.6 % → +2.6 % | +2.8 % | 33 → 0 |
| общая (безопасная) | 100000 | фикс. | +22.2 % → +22.2 % | -4.2 % → -4.2 % | 3060 → 3060 | 2026-10-04 | +0.9 % → +0.9 % | +0.9 % | 0 → 0 |
| общая (оптимальная) | 100 | слож. | +285.2 % → +503.2 % | -54.2 % → -56.4 % | 96 → 262 | — | — → — | — | 3078 → 2937 |
| общая (оптимальная) | 100 | фикс. | +72.5 % → +242.1 % | -33.7 % → -67.6 % | 300 → 541 | 2026-10-05 | -0.6 % → +50.0 % | -1.1 % | 2900 → 2643 |
| общая (оптимальная) | 1000 | слож. | +76.4 % → +80.6 % | -20.4 % → -21.9 % | 1268 → 1602 | 2026-09-28 | +17.3 % → +11.1 % | +17.6 % | 1915 → 1579 |
| общая (оптимальная) | 1000 | фикс. | +62.7 % → +83.6 % | -14.0 % → -10.2 % | 1605 → 1800 | 2026-10-04 | +7.2 % → +7.2 % | +7.2 % | 1576 → 1381 |
| общая (оптимальная) | 10000 | слож. | +31.2 % → +32.4 % | -3.8 % → -3.8 % | 2924 → 3081 | 2026-09-28 | +1.0 % → +1.0 % | +1.1 % | 255 → 97 |
| общая (оптимальная) | 10000 | фикс. | +28.2 % → +29.1 % | -2.8 % → -2.8 % | 3077 → 3125 | 2026-10-04 | +1.1 % → +1.1 % | +1.1 % | 101 → 53 |
| общая (оптимальная) | 100000 | слож. | +24.5 % → +24.5 % | -3.7 % → -3.7 % | 3178 → 3178 | 2026-09-28 | +0.7 % → +0.7 % | +0.8 % | 0 → 0 |
| общая (оптимальная) | 100000 | фикс. | +21.9 % → +21.9 % | -2.8 % → -2.8 % | 3178 → 3178 | 2026-10-04 | +0.9 % → +0.9 % | +0.9 % | 0 → 0 |
| общая (агрессивная) | 100 | слож. | +386.0 % → +194.5 % | -35.3 % → -78.5 % | 460 → 985 | 2026-09-30 | +137.8 % → -3.0 % | +137.3 % | 1200 → 662 |
| общая (агрессивная) | 100 | фикс. | +177.8 % → +290.0 % | -20.5 % → -14.7 % | 998 → 1199 | 2026-10-05 | -9.8 % → -9.8 % | -9.8 % | 649 → 448 |
| общая (агрессивная) | 1000 | слож. | +47.6 % → +52.2 % | -6.6 % → -6.6 % | 1417 → 1489 | 2026-09-28 | +2.0 % → +2.0 % | +2.1 % | 228 → 156 |
| общая (агрессивная) | 1000 | фикс. | +43.2 % → +50.7 % | -4.2 % → -4.0 % | 1482 → 1569 | 2026-10-05 | -1.0 % → -1.0 % | -1.0 % | 163 → 76 |
| общая (агрессивная) | 10000 | слож. | +40.7 % → +40.7 % | -6.2 % → -6.2 % | 1645 → 1645 | 2026-09-28 | +1.4 % → +1.4 % | +1.6 % | 0 → 0 |
| общая (агрессивная) | 10000 | фикс. | +34.7 % → +34.7 % | -4.5 % → -4.5 % | 1645 → 1645 | 2026-10-05 | -1.4 % → -1.4 % | -1.4 % | 0 → 0 |
| общая (агрессивная) | 100000 | слож. | +40.8 % → +40.8 % | -6.2 % → -6.2 % | 1645 → 1645 | 2026-09-28 | +1.4 % → +1.4 % | +1.6 % | 0 → 0 |
| общая (агрессивная) | 100000 | фикс. | +34.8 % → +34.8 % | -4.5 % → -4.5 % | 1645 → 1645 | 2026-10-05 | -1.4 % → -1.4 % | -1.4 % | 0 → 0 |


