== задание n3-check ==
строка: run tools/app_api/intents.py --check --tail 30
начало: 2026-10-10T20:49:32Z
запускаю: .venv/bin/python tools/app_api/intents.py --check --tail 30
подписок активных 1; корень /root/algoth_v2/bot/out/dca
источник research/s8_loop/out/model_h24/picks.jsonl: смещение 17123057 из 17123057, прочитано строк 1086, последнее чтение 2026-10-10 20:48 UTC
источник research/s8_loop/out/model_sit/sheets.jsonl: смещение 493218535 из 493218535, прочитано строк 23, последнее чтение 2026-10-10 20:48 UTC

== pair_aggr 100 $ compound (sub_3f11698eb30279fa), касса 100.00 $
такт 2026-10-10 20:48:50 UTC; возраст источников: sit 7 мин, h24 12 мин; намерений 3, отказов 9, живых 3, ждут бар 0
  вход 10-10 20:00 (+37 мин) STRKUSDT short x25.00 маржа 6.25 $ вход 0.09955 цель 0.07667555753475791 пол 0.10666071428571428 рунгов 1 срок 24 ч
  вход 10-10 20:00 (+37 мин) RLCUSDT short x6.30 маржа 6.25 $ вход 0.9696 цель 0.7953607398528199 пол 1.258130686790437 рунгов 1 срок 24 ч
  вход 10-10 20:00 (+37 мин) APRUSDT short x8.99 маржа 6.25 $ вход 0.0759 цель 0.06774071289285528 пол 0.09144875534566033 рунгов 1 срок 24 ч
  отказ 10-10 15:00 CAPUSDT — решение пришло поздно: возраст 30 мин (подъём после решения или источник отстал)
  отказ 10-10 15:00 JCTUSDT — решение пришло поздно: возраст 30 мин (подъём после решения или источник отстал)
  отказ 10-10 15:00 APRUSDT — решение пришло поздно: возраст 30 мин (подъём после решения или источник отстал)
  отказ 10-10 15:00 VKTXUSDT — решение пришло поздно: возраст 31 мин (подъём после решения или источник отстал)
  отказ 10-10 15:00 ACNUSDT — решение пришло поздно: возраст 31 мин (подъём после решения или источник отстал)
  отказ 10-10 15:00 USUSDT — решение пришло поздно: возраст 31 мин (подъём после решения или источник отстал)
  отказ 10-10 20:00 CHIPUSDT — гейт плеча: 1.00 < 4
  отказ 10-10 20:00 CHIPUSDT — гейт плеча: 1.00 < 4
  отказ 10-10 20:00 JCTUSDT — одна позиция на имя: бумага держит
  сверка с бумагой: намерений 3, совпало 0, без бумаги 3, бумага без намерения 3 (строк бумаги с подписки 3)
    entry_bp: —
    lev_d: —
    margin_d: —
    take_bp: —
    floor_bp: —
    бумага без намерения: USUSDT 10-10 03:00 — намерения не было (решение до подъёма или источник не прочитан)
    бумага без намерения: JCTUSDT 10-10 15:00 — решение пришло поздно: возраст 30 мин (подъём после решения или источник отстал)
    бумага без намерения: BATUSDT 10-10 03:00 — намерения не было (решение до подъёма или источник не прочитан)
конец: 2026-10-10T20:49:33Z, код 0
