== задание nolvl-fix ==
строка: restart-book
начало: 2026-09-02T08:31:18Z
перезапуск сборщика и циклов
== останавливаю прежний ==
жду закрытия файлов.......
== обновляю код ==
Already up to date.
== запускаю ==
== поднялся, хвост журнала ==
[       4 с] шард 1: подключён, подписываюсь на 120 тем
[       5 с] шард 2: подключён, подписываюсь на 120 тем
[       6 с] шард 3: подключён, подписываюсь на 120 тем
[       7 с] шард 4: подключён, подписываюсь на 120 тем
[       8 с] шард 5: подключён, подписываюсь на 120 тем
[      10 с] шард 6: подключён, подписываюсь на 120 тем
[      11 с] шард 8: подключён, подписываюсь на 120 тем
[      11 с] шард 7: подключён, подписываюсь на 120 тем
== перезапускаю циклы обучения ==
  не запущен: s8_loop/train.py --pretest
  остановлен, сторож поднимет: s8_loop/train.py$
публикуется в ветку main:
 jobs/done/ageonly-check.log         | 10 ++++++++++
 jobs/done/nolvl-fix.done            |  1 +
 jobs/done/nolvl-fix.log             | 21 +++++++++++++++++++++
 jobs/poke.log                       |  3 +++
 research/s8_loop/out/day_brake.json |  2 +-
 5 files changed, 36 insertions(+), 1 deletion(-)
To github.com:n0tgod/algoth_v2.git
 ! [rejected]        main -> main (fetch first)
error: failed to push some refs to 'github.com:n0tgod/algoth_v2.git'
hint: Updates were rejected because the remote contains work that you do not
hint: have locally. This is usually caused by another repository pushing to
hint: the same ref. If you want to integrate the remote changes, use
hint: 'git pull' before pushing again.
hint: See the 'Note about fast-forwards' in 'git push --help' for details.
push не прошёл, подтягиваю ветку и пробую снова 
(попытка 1 из 4)
From github.com:n0tgod/algoth_v2
 * branch            main       -> FETCH_HEAD
   899b55c..55f435b  main       -> origin/main
