== задание pages-unstick-0831 ==
строка: restart-book
начало: 2026-08-31T15:32:19Z
перезапуск сборщика и циклов
== останавливаю прежний ==
жду закрытия файлов.......
== обновляю код ==
Already up to date.
== запускаю ==
== поднялся, хвост журнала ==
[       5 с] шард 2: подключён, подписываюсь на 120 тем
[       5 с] шард 3: подключён, подписываюсь на 120 тем
[       7 с] шард 4: подключён, подписываюсь на 120 тем
[       8 с] шард 5: подключён, подписываюсь на 120 тем
[       9 с] шард 6: подключён, подписываюсь на 120 тем
[      11 с] шард 7: подключён, подписываюсь на 120 тем
[      11 с] шард 8: подключён, подписываюсь на 120 тем
[      12 с] шард 9: подключён, подписываюсь на 120 тем
== перезапускаю циклы обучения ==
  не запущен: s8_loop/train.py --pretest
  остановлен, сторож поднимет: s8_loop/train.py$
