== задание pair-share-run ==
строка: run research/dca_paper/run_pair.py
начало: 2026-09-07T21:57:52Z
запускаю: .venv/bin/python research/dca_paper/run_pair.py 
длинные книги: aggr 7337, optimal 7337, safe 7337
короткие книги: aggr_h 2940, optimal_h 2940, safe_h 2940
линейка общая (безопасная) (pair_safe): позиций 10277, после правила одной на имя 2449
  депозит $1,000: мест 40, взято 698, нет кассы 1751, мельче $5 0, открытых 18, оборванных записью 10
  депозит $10,000: мест 400, взято 1535, нет кассы 914, мельче $5 0, открытых 19, оборванных записью 16
  депозит $100,000: мест 735, взято 1663, нет кассы 786, мельче $5 0, открытых 19, оборванных записью 17
линейка общая (оптимальная) (pair_optimal): позиций 10277, после правила одной на имя 2485
  депозит $1,000: мест 40, взято 643, нет кассы 1842, мельче $5 0, открытых 16, оборванных записью 10
  депозит $10,000: мест 400, взято 2142, нет кассы 343, мельче $5 0, открытых 19, оборванных записью 22
  депозит $100,000: мест 735, взято 2485, нет кассы 0, мельче $5 0, открытых 19, оборванных записью 23
линейка общая (агрессивная) (pair_aggr): позиций 10277, гейт плеча отсеял 6668, после правила одной на имя 1148
  депозит $1,000: мест 40, взято 907, нет кассы 241, мельче $5 0, открытых 14, оборванных записью 4
  депозит $10,000: мест 400, взято 1148, нет кассы 0, мельче $5 0, открытых 14, оборванных записью 4
  депозит $100,000: мест 393, взято 1148, нет кассы 0, мельче $5 0, открытых 14, оборванных записью 4
журнал: было 9743, дописано 12107 в 31 файлов записи
раздельные счета: издержки вычтены у 16035 строк из 16035
# Общий счёт: длинная книга и короткая на одном депозите

Требование владельца 2026-09-07: «для общей должен быть один общий счёт, а не по отдельности». Решения обеих книг стоят в ОДНОЙ очереди за деньгами: занятая одной стороной маржа недоступна другой, и часть сделок поэтому не случается вовсе. Числа общей книги не равны сумме двух отдельных — это и есть разница режимов, а не расхождение счёта.

Билет у каждой стороны СВОЙ (он выведен из пика её одновременных позиций), гейт плеча и правило «одна позиция на имя» — тоже правила стороны. Издержки учтены в каждой сделке, как и в отдельных книгах.

**Доля билета короткой стороны** (решение владельца 2026-09-07 по замеру `short_why`, объявлено ДО прогона): общая (безопасная) 1×, общая (оптимальная) 0.25×, общая (агрессивная) 0.25×. Просадку общего счёта делает хвост короткой стороны (пол капитуляции и ликвидация, funding на большом плече), а не связь сторон — она отрицательна у всех трёх пар. Доля не опускает билет ниже биржевого пола: на депозите $1 000 билеты и так стоят на полу, и там правило не кусается.

| книга | депозит | билет длинной | билет короткой | её собственный | доля |
|---|--:|--:|--:|--:|--:|
| общая (безопасная) | $1000 | $25 | $25 | $25 | 1.00× |
| общая (безопасная) | $10000 | $25 | $222 | $222 | 1.00× |
| общая (безопасная) | $100000 | $145 | $2222 | $2222 | 1.00× |
| общая (оптимальная) | $1000 | $25 | $25 | $25 | 1.00× |
| общая (оптимальная) | $10000 | $25 | $55.5 | $222 | 0.25× |
| общая (оптимальная) | $100000 | $145 | $555.5 | $2222 | 0.25× |
| общая (агрессивная) | $1000 | $6.25 | $6.5 | $26 | 0.25× |
| общая (агрессивная) | $10000 | $28 | $66.5 | $266 | 0.25× |
| общая (агрессивная) | $100000 | $281 | $666.5 | $2666 | 0.25× |

## Книги

| книга | депозит | сделок | длинных | коротких | Σ $ | итог | просадка | медиана дня | плюсов | связь сторон | совпадений имён |
|---|--:|--:|--:|--:|--:|--:|--:|--:|--:|--:|--:|
| общая (безопасная) | $1000 | 670 | 188 | 482 | +212.19 | +21.22 % | -11.76 % | +0.01 | 0.627 % | -0.455 | 2 (0.4 %) |
| общая (безопасная) | $10000 | 1500 | 911 | 589 | +1520.66 | +15.21 % | -12.65 % | +0.01 | 0.679 % | -0.465 | 21 (3.6 %) |
| общая (безопасная) | $100000 | 1627 | 1016 | 611 | +14628.88 | +14.63 % | -13.02 % | +0.01 | 0.686 % | -0.458 | 26 (4.3 %) |
| общая (оптимальная) | $1000 | 617 | 154 | 463 | -17.04 | -1.70 % | -39.68 % | +0.01 | 0.601 % | -0.287 | 4 (0.9 %) |
| общая (оптимальная) | $10000 | 2101 | 1408 | 693 | +1349.41 | +13.49 % | -10.92 % | +0.00 | 0.714 % | -0.167 | 36 (5.2 %) |
| общая (оптимальная) | $100000 | 2443 | 1749 | 694 | +11241.06 | +11.24 % | -11.03 % | +0.00 | 0.73 % | -0.157 | 46 (6.6 %) |
| общая (агрессивная) | $1000 | 889 | 392 | 497 | +219.87 | +21.99 % | -15.61 % | +0.00 | 0.701 % | -0.216 | 3 (0.6 %) |
| общая (агрессивная) | $10000 | 1130 | 633 | 497 | +1802.96 | +18.03 % | -16.91 % | +0.00 | 0.751 % | -0.193 | 3 (0.6 %) |
| общая (агрессивная) | $100000 | 1130 | 633 | 497 | +18096.93 | +18.10 % | -16.95 % | +0.00 | 0.751 % | -0.193 | 3 (0.6 %) |

## Один счёт против двух раздельных

Слева общий счёт: депозит один на обе стороны. Справа те же книги, как их показывают собственные вкладки: у каждой свой депозит, то есть капитала вдвое больше. Поэтому сравниваются ДЕНЬГИ и просадка, а проценты у них от разных капиталов. Обе стороны таблицы — НЕТТО: издержки вычтены и там, и там (у раздельных счетов 16035 строк из 16035).

| книга | депозит | Σ $ общий счёт | просадка общего | Σ $ длинная отдельно | Σ $ короткая отдельно | Σ $ двух счетов | сделок общий / врозь |
|---|--:|--:|--:|--:|--:|--:|--:|
| общая (безопасная) | $1000 | +212.19 | -11.76 % | +84.98 | +100.67 | +185.65 | 670 / 1045 |
| общая (безопасная) | $10000 | +1520.66 | -12.65 % | +811.86 | +1007.98 | +1819.84 | 1500 / 2334 |
| общая (безопасная) | $100000 | +14628.88 | -13.02 % | +4967.01 | +10086.71 | +15053.72 | 1627 / 2401 |
| общая (оптимальная) | $1000 | -17.04 | -39.68 % | +85.63 | -63.74 | +21.89 | 617 / 1039 |
| общая (оптимальная) | $10000 | +1349.41 | -10.92 % | +1687.14 | -403.22 | +1283.92 | 2101 / 2326 |
| общая (оптимальная) | $100000 | +11241.06 | -11.03 % | +10223.82 | -2046.44 | +8177.38 | 2443 / 2392 |
| общая (агрессивная) | $1000 | +219.87 | -15.61 % | +302.50 | -242.41 | +60.09 | 889 / 962 |
| общая (агрессивная) | $10000 | +1802.96 | -16.91 % | +2018.51 | -2705.40 | -686.89 | 1130 / 1124 |
| общая (агрессивная) | $100000 | +18096.93 | -16.95 % | +20260.52 | -27185.83 | -6925.31 | 1130 / 1124 |

## Издержки: учтены в каждой сделке

Комиссия тейкером на каждом рунге и выходе, проскальзывание 4.4 б.п. (X3: медиана входа 22 заполнений, 2026-08-22…25, потолок 30) на базовый вход и рыночный выход (пол, срок, трейл, стоп), funding по рядам площадки исполнения. Лимитные рунги и тейк проскальзывания не платят по построению.

| книга | депозит | сделок | из них с издержками | комиссия $ | проскальзывание $ | funding $ | издержки всего $ | брутто $ | нетто $ | медиана на сделку, б.п. маржи (комиссия / проскальз. / funding) | среднее, б.п. (там же) | худшая сделка по funding, б.п. |
|---|--:|--:|--:|--:|--:|--:|--:|--:|--:|--:|--:|--:|
| общая (безопасная) | $1,000 | 670 | 670 | -34.06 | -20.22 | -115.09 | -169.37 | +381.56 | +212.19 | +5.2 / +2.2 / +0.0 | +16.1 / +9.5 / -72.7 | -6960 |
| общая (оптимальная) | $1,000 | 617 | 617 | -63.65 | -34.95 | -197.14 | -295.74 | +278.70 | -17.04 | +10.2 / +5.3 / +0.0 | +29.2 / +16.0 / -124.6 | -8225 |
| общая (агрессивная) | $1,000 | 889 | 889 | -38.61 | -19.14 | -84.71 | -142.46 | +362.34 | +219.87 | +44.8 / +14.9 / -2.6 | +53.3 / +26.3 / -131.8 | -8225 |
| общая (безопасная) | $10,000 | 1500 | 1500 | -341.03 | -202.68 | -1074.38 | -1618.09 | +3138.75 | +1520.66 | +5.3 / +2.2 / -0.6 | +11.9 / +6.4 / -32.3 | -6960 |
| общая (оптимальная) | $10,000 | 2101 | 2101 | -211.29 | -107.57 | -454.40 | -773.26 | +2122.67 | +1349.41 | +9.0 / +3.4 / -1.2 | +20.8 / +9.8 / -39.6 | -8225 |
| общая (агрессивная) | $10,000 | 1130 | 1130 | -350.11 | -175.92 | -845.95 | -1371.98 | +3174.94 | +1802.96 | +37.9 / +11.6 / -3.8 | +50.4 / +23.0 / -103.6 | -8225 |
| общая (безопасная) | $100,000 | 1627 | 1627 | -3401.57 | -2040.80 | -10810.80 | -16253.17 | +30882.04 | +14628.88 | +5.4 / +2.2 / -0.6 | +11.6 / +6.2 / -30.1 | -6960 |
| общая (оптимальная) | $100,000 | 2443 | 2443 | -1952.66 | -1004.55 | -4441.61 | -7398.82 | +18639.88 | +11241.06 | +9.2 / +3.4 / -1.5 | +20.8 / +9.3 / -34.1 | -8225 |
| общая (агрессивная) | $100,000 | 1130 | 1130 | -3512.39 | -1764.66 | -8484.12 | -13761.17 | +31858.09 | +18096.93 | +37.9 / +11.6 / -3.8 | +50.4 / +23.0 / -103.6 | -8225 |

**Funding — издержка ХВОСТА, а не средняя**: у 9 книг среднее на сделку в разы дальше от нуля, чем медиана, то есть платят немногие позиции и платят много (долгое удержание на дорогой ставке). общая (безопасная) $1000: медиана +0.0, среднее -72.7, худшая -6960 б.п.; общая (оптимальная) $1000: медиана +0.0, среднее -124.6, худшая -8225 б.п.; общая (агрессивная) $1000: медиана -2.6, среднее -131.8, худшая -8225 б.п..


Чего не удалось измерить: у 3064 сделок ряд funding не покрывает жизнь позиции — funding им НЕ начислен (это прочерк, а не ноль: он мал и разного знака, но не измерен); у 2697 сделок ставки тейкера в справочнике нет — взята модальная.

Проскальзывание снято на 300 $ за имя (живой замер X3): у крупных билетов оно больше, поэтому нетто крупных депозитов — НИЖНЯЯ граница издержек. Отметка открытой позиции остаётся брутто: выхода ещё не было, и комиссию выхода вычитать не из чего.

## Чего эти числа НЕ говорят

- Живого исполнения здесь нет: исходы позиций взяты из кэшей реплея обеих книг, посчитанных по барам записи. Очередь в стакане и задержка входа не моделируются.
- Внутри одной секунды деньги достаются лучшему по |прогнозу| решению — правило очереди объявлено до прогона и одно на обе стороны. Другое правило дало бы другой состав, и это ось для отдельного замера, а не свойство рынка.
- Общий счёт — ХЕДЖ-режим: шорт по имени, которое держит длинная сторона, разрешён. В одностороннем режиме биржи он срезал бы длинную позицию, и число совпадений выше есть цена режима.
- Веса модели видели эти часы: пересчёт истории читается как оценка СВЕРХУ. Судит форвард.

публикуется в ветку main:
 jobs/done/pair-share-deploy.done             |    1 +
 jobs/done/pair-share-deploy.log              |    9 +
 jobs/done/pair-share-run.done                |    1 +
 jobs/done/pair-share-run.log                 |  100 ++
 jobs/poke.log                                |    4 +
 research/dca_paper/out/DCA-pair.json         |    2 +-
 research/dca_paper/out/DCA-pair.md           |   74 +-
 research/dca_paper/out/pair-2026-08-08.jsonl |  246 ++++
 research/dca_paper/out/pair-2026-08-09.jsonl |  428 ++++++
 research/dca_paper/out/pair-2026-08-10.jsonl |  159 ++
 research/dca_paper/out/pair-2026-08-11.jsonl |  233 +++
 research/dca_paper/out/pair-2026-08-12.jsonl |  213 +++
 research/dca_paper/out/pair-2026-08-13.jsonl |  565 ++++++++
 research/dca_paper/out/pair-2026-08-14.jsonl |  246 ++++
 research/dca_paper/out/pair-2026-08-15.jsonl |  362 +++++
 research/dca_paper/out/pair-2026-08-16.jsonl |  281 ++++
 research/dca_paper/out/pair-2026-08-17.jsonl |  221 +++
 research/dca_paper/out/pair-2026-08-18.jsonl |  129 ++
 research/dca_paper/out/pair-2026-08-19.jsonl |  823 +++++++++++
 research/dca_paper/out/pair-2026-08-20.jsonl | 1868 ++++++++++++++++++++++++
 research/dca_paper/out/pair-2026-08-21.jsonl | 1991 ++++++++++++++++++++++++++
 research/dca_paper/out/pair-2026-08-22.jsonl | 1196 ++++++++++++++++
 research/dca_paper/out/pair-2026-08-23.jsonl |  210 +++
 research/dca_paper/out/pair-2026-08-24.jsonl |  403 ++++++
 research/dca_paper/out/pair-2026-08-25.jsonl |  479 +++++++
 research/dca_paper/out/pair-2026-08-26.jsonl |  210 +++
 research/dca_paper/out/pair-2026-08-27.jsonl |  176 +++
 research/dca_paper/out/pair-2026-08-28.jsonl |  179 +++
 research/dca_paper/out/pair-2026-08-29.jsonl |  172 +++
 research/dca_paper/out/pair-2026-08-30.jsonl |   86 ++
 research/dca_paper/out/pair-2026-08-31.jsonl |   81 ++
 research/dca_paper/out/pair-2026-09-01.jsonl |   99 ++
 research/dca_paper/out/pair-2026-09-02.jsonl |  251 ++++
 research/dca_paper/out/pair-2026-09-03.jsonl |  336 +++++
 research/dca_paper/out/pair-2026-09-04.jsonl |  149 ++
 research/dca_paper/out/pair-2026-09-05.jsonl |  125 ++
 research/dca_paper/out/pair-2026-09-06.jsonl |  175 +++
 research/dca_paper/out/pair-2026-09-07.jsonl |   15 +
 research/s8_loop/out/day_brake.json          |    2 +-
 39 files changed, 12268 insertions(+), 32 deletions(-)
To github.com:n0tgod/algoth_v2.git
   3cf9d3b..bedccb9  main -> main
branch 'main' set up to track 'origin/main'.
опубликовано
конец: 2026-09-07T21:58:09Z, код 0
