== задание pair-gate-6 ==
строка: run research/dca_paper/pair_gate.py
начало: 2026-09-08T03:13:38Z
запускаю: .venv/bin/python research/dca_paper/pair_gate.py 
длинные книги: aggr 7337, optimal 7337, safe 7337
короткие книги: aggr_h 2959, optimal_h 2959, safe_h 2959
pair_safe all/off: коротких решений 2959 из 2959, счёт 1672.4 $, просадка -0.1269
pair_safe all/on: коротких решений 1461 из 2959, счёт 2175.18 $, просадка -0.0803
pair_safe all/контроль (20 зёрен): медиана 1311.97 $, бьют гейт по деньгам 0.15, по отношению 0.2
pair_safe only_long/off: коротких решений 103 из 2959, счёт 803.0 $, просадка -0.0208
pair_safe only_long/on: коротких решений 72 из 2959, счёт 745.31 $, просадка -0.0208
pair_safe only_long/random: коротких решений 72 из 2959, счёт 807.19 $, просадка -0.0209
pair_safe not_long/off: коротких решений 2856 из 2959, счёт 1948.97 $, просадка -0.1118
pair_safe not_long/on: коротких решений 1389 из 2959, счёт 2368.35 $, просадка -0.0533
pair_safe not_long/контроль (20 зёрен): медиана 1780.32 $, бьют гейт по деньгам 0.3, по отношению 0.15
pair_safe random/off: коротких решений 103 из 2959, счёт 1395.62 $, просадка -0.0054
pair_safe random/on: коротких решений 72 из 2959, счёт 961.75 $, просадка -0.0081
pair_safe random/random: коротких решений 72 из 2959, счёт 998.38 $, просадка -0.0265
pair_optimal all/off: коротких решений 2959 из 2959, счёт 1385.06 $, просадка -0.1093
pair_optimal all/on: коротких решений 1461 из 2959, счёт 2131.18 $, просадка -0.0542
pair_optimal all/контроль (20 зёрен): медиана 1428.3 $, бьют гейт по деньгам 0.0, по отношению 0.2
pair_optimal only_long/off: коротких решений 56 из 2959, счёт 1728.82 $, просадка -0.0077
pair_optimal only_long/on: коротких решений 51 из 2959, счёт 1729.98 $, просадка -0.0077
pair_optimal only_long/random: коротких решений 51 из 2959, счёт 1682.07 $, просадка -0.0077
pair_optimal not_long/off: коротких решений 2903 из 2959, счёт 1458.13 $, просадка -0.1056
pair_optimal not_long/on: коротких решений 1410 из 2959, счёт 2180.13 $, просадка -0.046
pair_optimal not_long/контроль (20 зёрен): медиана 1418.26 $, бьют гейт по деньгам 0.0, по отношению 0.05
pair_optimal random/off: коротких решений 56 из 2959, счёт 1608.3 $, просадка -0.0189
pair_optimal random/on: коротких решений 51 из 2959, счёт 1501.5 $, просадка -0.0175
pair_optimal random/random: коротких решений 51 из 2959, счёт 1480.76 $, просадка -0.0182
pair_aggr all/off: коротких решений 2959 из 2959, счёт 1724.9 $, просадка -0.1691
pair_aggr all/on: коротких решений 1461 из 2959, счёт 2287.84 $, просадка -0.0792
pair_aggr all/контроль (20 зёрен): медиана 1874.7 $, бьют гейт по деньгам 0.2, по отношению 0.05
pair_aggr only_long/off: коротких решений 12 из 2959, счёт 2126.43 $, просадка -0.0022
pair_aggr only_long/on: коротких решений 9 из 2959, счёт 2104.92 $, просадка -0.004
pair_aggr only_long/random: коротких решений 9 из 2959, счёт 2063.84 $, просадка -0.0022
pair_aggr not_long/off: коротких решений 2947 из 2959, счёт 1666.93 $, просадка -0.1691
pair_aggr not_long/on: коротких решений 1452 из 2959, счёт 2227.2 $, просадка -0.0792
pair_aggr not_long/контроль (20 зёрен): медиана 1955.22 $, бьют гейт по деньгам 0.35, по отношению 0.25
pair_aggr random/off: коротких решений 12 из 2959, счёт 1985.31 $, просадка -0.0059
pair_aggr random/on: коротких решений 9 из 2959, счёт 1980.55 $, просадка -0.0128
pair_aggr random/random: коротких решений 9 из 2959, счёт 2026.07 $, просадка -0.0059
# Входные фильтры короткой стороны: имена и ставка funding

Просьба владельца 2026-09-07: проверить гейт по ставке funding для шортов и три политики по именам — шортить только то, что держит длинная книга; не шортить то, что она держит; или как сейчас. Оси объявлены до прогона, печатается ВСЯ сетка.

Общий счёт, депозит $10,000, деньги НЕТТО (издержки в каждой сделке). Журнал книг замер не трогает.

| книга | имена | ставка | коротких взято | из них длинных | сделок | Σ $ (у контроля медиана и полоса p10…p90) | к депозиту | просадка | **доход на просадку** | Σ $ шорта | доля контроля (деньги / отношение) |
|---|---|---|--:|--:|--:|--:|--:|--:|--:|--:|--:|
| общая (безопасная) | все | любая | 2959 из 2959 | 591 | 1502 | +1672.40 | +16.72 % | -12.7 % | 1.32 | +1179.98 | +492.43 |
| общая (безопасная) | все | гейт | 1461 из 2959 | 397 | 1476 | +2175.18 | +21.75 % | -8.0 % | 2.71 | +1604.79 | +570.39 |
| общая (безопасная) | все | случайно столько же | 1461 из 2959 | 454 | 1556 | +1311.97 (+244.06…+2309.33) | +13.12 % | -10.1 % | 1.42 (0.18…3.10) | +775.47 | 15 % / 20 % |
| общая (безопасная) | только те, что в лонге | любая | 103 из 2959 | 24 | 1689 | +803.00 | +8.03 % | -2.1 % | 3.86 | +2.14 | +800.86 |
| общая (безопасная) | только те, что в лонге | гейт | 72 из 2959 | 22 | 1686 | +745.31 | +7.45 % | -2.1 % | 3.58 | -54.62 | +799.93 |
| общая (безопасная) | только те, что в лонге | случайно столько же | 72 из 2959 | 20 | 1685 | +807.19 | +8.07 % | -2.1 % | 3.86 | +6.42 | +800.77 |
| общая (безопасная) | кроме тех, что в лонге | любая | 2856 из 2959 | 587 | 1474 | +1948.97 | +19.49 % | -11.2 % | 1.74 | +1483.72 | +465.26 |
| общая (безопасная) | кроме тех, что в лонге | гейт | 1389 из 2959 | 383 | 1513 | +2368.35 | +23.68 % | -5.3 % | 4.44 | +1763.25 | +605.09 |
| общая (безопасная) | кроме тех, что в лонге | случайно столько же | 1389 из 2959 | 439 | 1526 | +1780.32 (+601.15…+3380.78) | +17.80 % | -7.6 % | 2.25 (0.66…4.73) | +1264.07 | 30 % / 15 % |
| общая (безопасная) | случайные (столько же, сколько «только») | любая | 103 из 2959 | 79 | 1717 | +1395.62 | +13.96 % | -0.5 % | 25.85 | +603.93 | +791.69 |
| общая (безопасная) | случайные (столько же, сколько «только») | гейт | 72 из 2959 | 59 | 1673 | +961.75 | +9.62 % | -0.8 % | 11.88 | +172.15 | +789.60 |
| общая (безопасная) | случайные (столько же, сколько «только») | случайно столько же | 72 из 2959 | 61 | 1673 | +998.38 | +9.98 % | -2.6 % | 3.77 | +200.44 | +797.94 |
| общая (оптимальная) | все | любая | 2959 из 2959 | 695 | 2105 | +1385.06 | +13.85 % | -10.9 % | 1.27 | -54.67 | +1439.73 |
| общая (оптимальная) | все | гейт | 1461 из 2959 | 442 | 1936 | +2131.18 | +21.31 % | -5.4 % | 3.93 | +585.14 | +1546.04 |
| общая (оптимальная) | все | случайно столько же | 1461 из 2959 | 505 | 2018 | +1428.30 (+905.57…+1860.85) | +14.28 % | -7.1 % | 2.15 (1.02…4.51) | -131.53 | 0 % / 20 % |
| общая (оптимальная) | только те, что в лонге | любая | 56 из 2959 | 24 | 1701 | +1728.82 | +17.29 % | -0.8 % | 22.45 | +41.56 | +1687.26 |
| общая (оптимальная) | только те, что в лонге | гейт | 51 из 2959 | 20 | 1697 | +1729.98 | +17.30 % | -0.8 % | 22.47 | +42.90 | +1687.07 |
| общая (оптимальная) | только те, что в лонге | случайно столько же | 51 из 2959 | 23 | 1702 | +1682.07 | +16.82 % | -0.8 % | 21.84 | +4.24 | +1677.83 |
| общая (оптимальная) | кроме тех, что в лонге | любая | 2903 из 2959 | 673 | 2101 | +1458.13 | +14.58 % | -10.6 % | 1.38 | -39.45 | +1497.58 |
| общая (оптимальная) | кроме тех, что в лонге | гейт | 1410 из 2959 | 422 | 1926 | +2180.13 | +21.80 % | -4.6 % | 4.74 | +607.62 | +1572.50 |
| общая (оптимальная) | кроме тех, что в лонге | случайно столько же | 1410 из 2959 | 485 | 2006 | +1418.26 (+1246.92…+1725.02) | +14.18 % | -6.7 % | 2.16 (1.65…3.87) | -137.44 | 0 % / 5 % |
| общая (оптимальная) | случайные (столько же, сколько «только») | любая | 56 из 2959 | 48 | 1727 | +1608.30 | +16.08 % | -1.9 % | 8.51 | -59.47 | +1667.77 |
| общая (оптимальная) | случайные (столько же, сколько «только») | гейт | 51 из 2959 | 45 | 1727 | +1501.50 | +15.01 % | -1.8 % | 8.58 | -156.81 | +1658.30 |
| общая (оптимальная) | случайные (столько же, сколько «только») | случайно столько же | 51 из 2959 | 48 | 1730 | +1480.76 | +14.81 % | -1.8 % | 8.14 | -205.95 | +1686.71 |
| общая (агрессивная) | все | любая | 2959 из 2959 | 501 | 1134 | +1724.90 | +17.25 % | -16.9 % | 1.02 | -670.23 | +2395.13 |
| общая (агрессивная) | все | гейт | 1461 из 2959 | 306 | 939 | +2287.84 | +22.88 % | -7.9 % | 2.89 | +42.22 | +2245.62 |
| общая (агрессивная) | все | случайно столько же | 1461 из 2959 | 349 | 982 | +1874.70 (+911.80…+2329.18) | +18.75 % | -10.9 % | 1.69 (0.60…2.61) | -372.54 | 20 % / 5 % |
| общая (агрессивная) | только те, что в лонге | любая | 12 из 2959 | 2 | 635 | +2126.43 | +21.26 % | -0.2 % | 96.64 | +88.98 | +2037.45 |
| общая (агрессивная) | только те, что в лонге | гейт | 9 из 2959 | 1 | 634 | +2104.92 | +21.05 % | -0.4 % | 52.62 | +71.24 | +2033.67 |
| общая (агрессивная) | только те, что в лонге | случайно столько же | 9 из 2959 | 2 | 635 | +2063.84 | +20.64 % | -0.2 % | 93.82 | +37.36 | +2026.49 |
| общая (агрессивная) | кроме тех, что в лонге | любая | 2947 из 2959 | 501 | 1134 | +1666.93 | +16.67 % | -16.9 % | 0.99 | -716.00 | +2382.93 |
| общая (агрессивная) | кроме тех, что в лонге | гейт | 1452 из 2959 | 306 | 939 | +2227.20 | +22.27 % | -7.9 % | 2.81 | -6.93 | +2234.13 |
| общая (агрессивная) | кроме тех, что в лонге | случайно столько же | 1452 из 2959 | 349 | 982 | +1955.22 (+1545.12…+2749.50) | +19.55 % | -10.9 % | 1.67 (1.20…3.80) | -349.61 | 35 % / 25 % |
| общая (агрессивная) | случайные (столько же, сколько «только») | любая | 12 из 2959 | 6 | 639 | +1985.31 | +19.85 % | -0.6 % | 33.64 | -63.42 | +2048.73 |
| общая (агрессивная) | случайные (столько же, сколько «только») | гейт | 9 из 2959 | 6 | 639 | +1980.55 | +19.81 % | -1.3 % | 15.48 | -24.43 | +2004.98 |
| общая (агрессивная) | случайные (столько же, сколько «только») | случайно столько же | 9 из 2959 | 3 | 636 | +2026.07 | +20.26 % | -0.6 % | 34.34 | +7.55 | +2018.52 |

Отказы по причинам (на ячейку «все имена, гейт»): 

- общая (безопасная): по ставке 706, ставка неизвестна 792; длинная книга держала 609 имён.
- общая (оптимальная): по ставке 706, ставка неизвестна 792; длинная книга держала 609 имён.
- общая (агрессивная): по ставке 706, ставка неизвестна 792; длинная книга держала 329 имён.

## Как читать

- Строка «случайные» — КОНТРОЛЬ размера: она берёт ровно столько же коротких решений, сколько «только те, что в лонге», на объявленном зерне. Без неё «лучше отбор» и «меньше сделок» неразличимы.
- Строка «случайно столько же» — КОНТРОЛЬ гейта на 20 зёрнах: столько же коротких решений, сколько оставляет гейт, но выбранных без всякой ставки. Печатается медиана, полоса p10…p90 и доля выборок, которые ГЕЙТ НЕ ПОБИЛ — отдельно по деньгам и отдельно по ОТНОШЕНИЮ доход/просадка. Гейт отбирает только там, где эта доля мала; по одной случайной выборке вывода нет.
- Отношение доход/просадка считается на КАЖДОЙ выборке, а не как частное медиан: медиана денег и медиана просадки бывают у разных выборок, и их частное не описывает ни одну книгу.
- Гейт по ставке отказывает и тогда, когда ставка неизвестна: это отказ по незнанию, он считается отдельной колонкой и НЕ смешивается с отказом по знаку.
- Ячейка становится правилом, только будучи объявленной заранее и проверенной вперёд: сетка отвечает на вопрос «есть ли там что-нибудь», а не выбирает победителя.
- Окно одно и режим рынка один; веса модели видели эти часы, и это оценка СВЕРХУ.

публикуется в ветку main:
 jobs/done/pair-gate-6.done                |   1 +
 jobs/done/pair-gate-6.log                 | 102 ++++++++++++++++++++++++++++++
 jobs/poke.log                             |   3 +
 research/dca_paper/out/DCA-pair-gate.json |   2 +-
 research/dca_paper/out/DCA-pair-gate.md   |  85 +++++++++++++------------
 research/s8_loop/out/day_brake.json       |   2 +-
 6 files changed, 151 insertions(+), 44 deletions(-)
To github.com:n0tgod/algoth_v2.git
   f2daf70..a8f3e15  main -> main
branch 'main' set up to track 'origin/main'.
опубликовано
конец: 2026-09-08T03:14:35Z, код 0
публикуется в ветку main:
 jobs/done/pair-gate-6.log | 13 +++++++++++++
 1 file changed, 13 insertions(+)
To github.com:n0tgod/algoth_v2.git
   a8f3e15..01b0b08  main -> main
branch 'main' set up to track 'origin/main'.
опубликовано
