== задание pair-gate-rule-2 ==
строка: run research/dca_paper/run_pair.py
начало: 2026-09-08T06:33:00Z
запускаю: .venv/bin/python research/dca_paper/run_pair.py 
длинные книги: aggr 7337, optimal 7337, safe 7337
короткие книги: aggr_h 2959, optimal_h 2959, safe_h 2959
pair_safe: гейт по ставке оставил 2199 из 2959 (по знаку отказано 760, ставка неизвестна 0)
pair_optimal: гейт по ставке оставил 2199 из 2959 (по знаку отказано 760, ставка неизвестна 0)
pair_aggr: гейт по ставке оставил 2199 из 2959 (по знаку отказано 760, ставка неизвестна 0)
линейка общая (безопасная) (pair_safe): позиций 9536, после правила одной на имя 2341
  депозит $1,000: мест 40, взято 672, нет кассы 1669, мельче $5 0, открытых 15, оборванных записью 11
  депозит $10,000: мест 400, взято 1509, нет кассы 832, мельче $5 0, открытых 16, оборванных записью 16
  депозит $100,000: мест 735, взято 1794, нет кассы 547, мельче $5 0, открытых 16, оборванных записью 18
линейка общая (оптимальная) (pair_optimal): позиций 9536, после правила одной на имя 2371
  депозит $1,000: мест 40, взято 616, нет кассы 1755, мельче $5 0, открытых 15, оборванных записью 11
  депозит $10,000: мест 400, взято 2080, нет кассы 291, мельче $5 0, открытых 15, оборванных записью 20
  депозит $100,000: мест 735, взято 2371, нет кассы 0, мельче $5 0, открытых 15, оборванных записью 20
линейка общая (агрессивная) (pair_aggr): позиций 9536, гейт плеча отсеял 6416, после правила одной на имя 1039
  депозит $1,000: мест 40, взято 815, нет кассы 224, мельче $5 0, открытых 9, оборванных записью 3
  депозит $10,000: мест 400, взято 1039, нет кассы 0, мельче $5 0, открытых 9, оборванных записью 3
  депозит $100,000: мест 393, взято 1039, нет кассы 0, мельче $5 0, открытых 9, оборванных записью 3
журнал: было 32985, дописано 1114 в 26 файлов записи
раздельные счета: издержки вычтены у 16096 строк из 16096
# Общий счёт: длинная книга и короткая на одном депозите

Требование владельца 2026-09-07: «для общей должен быть один общий счёт, а не по отдельности». Решения обеих книг стоят в ОДНОЙ очереди за деньгами: занятая одной стороной маржа недоступна другой, и часть сделок поэтому не случается вовсе. Числа общей книги не равны сумме двух отдельных — это и есть разница режимов, а не расхождение счёта.

Билет у каждой стороны СВОЙ (он выведен из пика её одновременных позиций), гейт плеча и правило «одна позиция на имя» — тоже правила стороны. Издержки учтены в каждой сделке, как и в отдельных книгах.

**Гейт по ставке funding на входе шорта** (решение владельца 2026-09-08, объявлено ДО прогона): короткая сторона входит, только если последняя известная ставка площадки благоприятна шорту и она свежая; ставка неизвестна — входа нет. Основание: отношение доход/просадка у общего счёта без гейта 1.0–1.7, с гейтом 2.7–4.7, но случайная половина того же размера даёт 1.5–2.3 и бьёт гейт в 8–27 % случаев — порога 5 % правило не проходит и потому судится ВПЕРЁД. Отдельные короткие книги гейта не получают: они контроль на том же листе.

| книга | гейт | решений предложено | взято | отказ по знаку | ставка неизвестна |
|---|---|--:|--:|--:|--:|
| общая (безопасная) | да | 2959 | 2199 | 760 | 0 |
| общая (оптимальная) | да | 2959 | 2199 | 760 | 0 |
| общая (агрессивная) | да | 2959 | 2199 | 760 | 0 |

**Доля билета короткой стороны** (решение владельца 2026-09-07 по замеру `short_why`, объявлено ДО прогона): общая (безопасная) 1×, общая (оптимальная) 0.25×, общая (агрессивная) 0.25×. Просадку общего счёта делает хвост короткой стороны (пол капитуляции и ликвидация, funding на большом плече), а не связь сторон — она отрицательна у всех трёх пар. Доля не опускает билет ниже биржевого пола: на депозите $1 000 билеты и так стоят на полу, и там правило не кусается.

| книга | депозит | билет длинной | билет короткой | её собственный | доля |
|---|--:|--:|--:|--:|--:|
| общая (безопасная) | $1000 | $25 | $25 | $25 | 1.00× |
| общая (безопасная) | $10000 | $25 | $222 | $222 | 1.00× |
| общая (безопасная) | $100000 | $145 | $2222 | $2222 | 1.00× |
| общая (оптимальная) | $1000 | $25 | $25 | $25 | 1.00× |
| общая (оптимальная) | $10000 | $25 | $55.5 | $222 | 0.25× |
| общая (оптимальная) | $100000 | $145 | $555.5 | $2222 | 0.25× |
| общая (агрессивная) | $1000 | $6.25 | $6.5 | $26 | 0.25× |
| общая (агрессивная) | $10000 | $28 | $66.5 | $266 | 0.25× |
| общая (агрессивная) | $100000 | $281 | $666.5 | $2666 | 0.25× |

## Книги

| книга | депозит | сделок | длинных | коротких | Σ $ | итог | просадка | медиана дня | плюсов | связь сторон | совпадений имён |
|---|--:|--:|--:|--:|--:|--:|--:|--:|--:|--:|--:|
| общая (безопасная) | $1000 | 698 | 260 | 438 | +217.16 | +21.72 % | -11.10 % | +0.01 | 0.638 % | -0.37 | 6 (1.4 %) |
| общая (безопасная) | $10000 | 1625 | 1107 | 518 | +1599.34 | +15.99 % | -11.31 % | +0.01 | 0.706 % | -0.383 | 23 (4.4 %) |
| общая (безопасная) | $100000 | 1960 | 1436 | 524 | +13973.76 | +13.97 % | -11.37 % | +0.01 | 0.729 % | -0.404 | 33 (6.3 %) |
| общая (оптимальная) | $1000 | 639 | 216 | 423 | +216.86 | +21.69 % | -36.27 % | +0.01 | 0.615 % | -0.246 | 4 (0.9 %) |
| общая (оптимальная) | $10000 | 2084 | 1501 | 583 | +1268.48 | +12.68 % | -11.83 % | +0.01 | 0.729 % | -0.148 | 32 (5.5 %) |
| общая (оптимальная) | $100000 | 2336 | 1753 | 583 | +8776.70 | +8.78 % | -11.96 % | +0.00 | 0.74 % | -0.156 | 40 (6.9 %) |
| общая (агрессивная) | $1000 | 813 | 420 | 393 | +171.10 | +17.11 % | -16.60 % | -0.00 | 0.726 % | -0.228 | 3 (0.8 %) |
| общая (агрессивная) | $10000 | 1027 | 634 | 393 | +1058.33 | +10.58 % | -17.96 % | -0.00 | 0.768 % | -0.217 | 3 (0.8 %) |
| общая (агрессивная) | $100000 | 1027 | 634 | 393 | +10628.62 | +10.63 % | -18.00 % | -0.00 | 0.768 % | -0.217 | 3 (0.8 %) |

## Один счёт против двух раздельных

Слева общий счёт: депозит один на обе стороны. Справа те же книги, как их показывают собственные вкладки: у каждой свой депозит, то есть капитала вдвое больше. Поэтому сравниваются ДЕНЬГИ и просадка, а проценты у них от разных капиталов. Обе стороны таблицы — НЕТТО: издержки вычтены и там, и там (у раздельных счетов 16096 строк из 16096).

| книга | депозит | Σ $ общий счёт | просадка общего | Σ $ длинная отдельно | Σ $ короткая отдельно | Σ $ двух счетов | сделок общий / врозь |
|---|--:|--:|--:|--:|--:|--:|--:|
| общая (безопасная) | $1000 | +217.16 | -11.10 % | +85.72 | +109.59 | +195.31 | 698 / 1050 |
| общая (безопасная) | $10000 | +1599.34 | -11.31 % | +813.16 | +1085.70 | +1898.86 | 1625 / 2340 |
| общая (безопасная) | $100000 | +13973.76 | -11.37 % | +4974.65 | +10864.70 | +15839.35 | 1960 / 2407 |
| общая (оптимальная) | $1000 | +216.86 | -36.27 % | +88.09 | -78.10 | +9.99 | 639 / 1045 |
| общая (оптимальная) | $10000 | +1268.48 | -11.83 % | +1690.59 | -531.32 | +1159.27 | 2084 / 2333 |
| общая (оптимальная) | $100000 | +8776.70 | -11.96 % | +10243.11 | -3349.08 | +6894.03 | 2336 / 2399 |
| общая (агрессивная) | $1000 | +171.10 | -16.60 % | +303.26 | -337.02 | -33.76 | 813 / 970 |
| общая (агрессивная) | $10000 | +1058.33 | -17.96 % | +2021.65 | -3663.86 | -1642.21 | 1027 / 1132 |
| общая (агрессивная) | $100000 | +10628.62 | -18.00 % | +20292.01 | -36798.06 | -16506.05 | 1027 / 1132 |

## Издержки: учтены в каждой сделке

Комиссия тейкером на каждом рунге и выходе, проскальзывание 4.4 б.п. (X3: медиана входа 22 заполнений, 2026-08-22…25, потолок 30) на базовый вход и рыночный выход (пол, срок, трейл, стоп), funding по рядам площадки исполнения. Лимитные рунги и тейк проскальзывания не платят по построению.

| книга | депозит | сделок | из них с издержками | комиссия $ | проскальзывание $ | funding $ | издержки всего $ | брутто $ | нетто $ | медиана на сделку, б.п. маржи (комиссия / проскальз. / funding) | среднее, б.п. (там же) | худшая сделка по funding, б.п. |
|---|--:|--:|--:|--:|--:|--:|--:|--:|--:|--:|--:|--:|
| общая (безопасная) | $1,000 | 698 | 698 | -29.41 | -16.87 | -53.21 | -99.49 | +316.64 | +217.15 | +4.8 / +2.2 / +0.0 | +14.0 / +8.0 / -25.8 | -6960 |
| общая (оптимальная) | $1,000 | 639 | 639 | -63.06 | -32.82 | -53.17 | -149.05 | +365.91 | +216.86 | +7.9 / +3.3 / +0.3 | +26.9 / +14.0 / -23.6 | -6960 |
| общая (агрессивная) | $1,000 | 813 | 813 | -32.75 | -15.53 | -17.24 | -65.52 | +236.62 | +171.10 | +38.4 / +12.3 / -1.2 | +51.7 / +24.3 / -28.2 | -6960 |
| общая (безопасная) | $10,000 | 1625 | 1625 | -275.90 | -160.57 | -484.81 | -921.28 | +2520.61 | +1599.34 | +5.4 / +2.2 / -0.3 | +10.6 / +5.4 / -12.6 | -6960 |
| общая (оптимальная) | $10,000 | 2084 | 2084 | -187.63 | -91.16 | -140.32 | -419.11 | +1687.60 | +1268.48 | +9.0 / +3.4 / -0.8 | +20.0 / +9.0 / -12.4 | -6960 |
| общая (агрессивная) | $10,000 | 1027 | 1027 | -283.65 | -136.63 | -165.73 | -586.01 | +1644.34 | +1058.33 | +35.1 / +11.2 / -2.5 | +49.5 / +21.6 / -24.8 | -6960 |
| общая (безопасная) | $100,000 | 1960 | 1960 | -2750.13 | -1619.22 | -4891.05 | -9260.40 | +23234.17 | +13973.76 | +5.6 / +2.2 / -0.6 | +10.3 / +5.1 / -11.0 | -6960 |
| общая (оптимальная) | $100,000 | 2336 | 2336 | -1656.96 | -820.38 | -1310.30 | -3787.64 | +12564.35 | +8776.70 | +9.1 / +3.4 / -1.0 | +20.1 / +8.7 / -11.2 | -6960 |
| общая (агрессивная) | $100,000 | 1027 | 1027 | -2845.42 | -1370.47 | -1661.97 | -5877.86 | +16506.48 | +10628.62 | +35.1 / +11.2 / -2.5 | +49.5 / +21.6 / -24.8 | -6960 |

**Funding — издержка ХВОСТА, а не средняя**: у 9 книг среднее на сделку в разы дальше от нуля, чем медиана, то есть платят немногие позиции и платят много (долгое удержание на дорогой ставке). общая (безопасная) $1000: медиана +0.0, среднее -25.8, худшая -6960 б.п.; общая (оптимальная) $1000: медиана +0.3, среднее -23.6, худшая -6960 б.п.; общая (агрессивная) $1000: медиана -1.2, среднее -28.2, худшая -6960 б.п..


Чего не удалось измерить: у 50 сделок ряд funding не покрывает жизнь позиции — funding им НЕ начислен (это прочерк, а не ноль: он мал и разного знака, но не измерен); у 4084 сделок ставки тейкера в справочнике нет — взята модальная.

Проскальзывание снято на 300 $ за имя (живой замер X3): у крупных билетов оно больше, поэтому нетто крупных депозитов — НИЖНЯЯ граница издержек. Отметка открытой позиции остаётся брутто: выхода ещё не было, и комиссию выхода вычитать не из чего.

## Чего эти числа НЕ говорят

- Живого исполнения здесь нет: исходы позиций взяты из кэшей реплея обеих книг, посчитанных по барам записи. Очередь в стакане и задержка входа не моделируются.
- Внутри одной секунды деньги достаются лучшему по |прогнозу| решению — правило очереди объявлено до прогона и одно на обе стороны. Другое правило дало бы другой состав, и это ось для отдельного замера, а не свойство рынка.
- Общий счёт — ХЕДЖ-режим: шорт по имени, которое держит длинная сторона, разрешён. В одностороннем режиме биржи он срезал бы длинную позицию, и число совпадений выше есть цена режима.
- Веса модели видели эти часы: пересчёт истории читается как оценка СВЕРХУ. Судит форвард.

публикуется в ветку main:
 jobs/done/fund-refresh-new.log               |   7 ++
 jobs/done/pair-gate-rule-2.done              |   1 +
 jobs/done/pair-gate-rule-2.log               | 111 +++++++++++++++++++++
 jobs/poke.log                                |   3 +
 research/dca_paper/out/DCA-pair.json         |   2 +-
 research/dca_paper/out/DCA-pair.md           |  64 ++++++-------
 research/dca_paper/out/pair-2026-08-12.jsonl |   6 ++
 research/dca_paper/out/pair-2026-08-13.jsonl |   7 ++
 research/dca_paper/out/pair-2026-08-14.jsonl |  19 ++++
 research/dca_paper/out/pair-2026-08-15.jsonl |   2 +
 research/dca_paper/out/pair-2026-08-16.jsonl |  10 ++
 research/dca_paper/out/pair-2026-08-17.jsonl |  11 +++
 research/dca_paper/out/pair-2026-08-18.jsonl |   1 +
 research/dca_paper/out/pair-2026-08-19.jsonl |  31 ++++++
 research/dca_paper/out/pair-2026-08-20.jsonl |  83 ++++++++++++++++
 research/dca_paper/out/pair-2026-08-21.jsonl |  55 +++++++++++
 research/dca_paper/out/pair-2026-08-22.jsonl |  41 ++++++++
 research/dca_paper/out/pair-2026-08-23.jsonl |  42 ++++++++
 research/dca_paper/out/pair-2026-08-24.jsonl |  84 ++++++++++++++++
 research/dca_paper/out/pair-2026-08-25.jsonl |  35 +++++++
 research/dca_paper/out/pair-2026-08-26.jsonl |  32 +++++++
 research/dca_paper/out/pair-2026-08-27.jsonl |  32 +++++++
 research/dca_paper/out/pair-2026-08-28.jsonl |  72 ++++++++++++++
 research/dca_paper/out/pair-2026-08-29.jsonl |  65 +++++++++++++
 research/dca_paper/out/pair-2026-08-30.jsonl |  21 ++++
 research/dca_paper/out/pair-2026-08-31.jsonl |   6 ++
 research/dca_paper/out/pair-2026-09-01.jsonl |  36 +++++++
 research/dca_paper/out/pair-2026-09-02.jsonl | 138 +++++++++++++++++++++++++++
 research/dca_paper/out/pair-2026-09-03.jsonl | 119 +++++++++++++++++++++++
 research/dca_paper/out/pair-2026-09-04.jsonl |  44 +++++++++
 research/dca_paper/out/pair-2026-09-05.jsonl |  65 +++++++++++++
 research/dca_paper/out/pair-2026-09-06.jsonl |  57 +++++++++++
 32 files changed, 1269 insertions(+), 33 deletions(-)
To github.com:n0tgod/algoth_v2.git
   58e3c73..062974a  main -> main
branch 'main' set up to track 'origin/main'.
опубликовано
конец: 2026-09-08T06:33:25Z, код 0
публикуется в ветку main:
 jobs/done/pair-gate-rule-2.log  | 39 +++++++++++++++++++++++++++++++++++++++
 research/factory/out/build.json | 11 +++++++++--
 2 files changed, 48 insertions(+), 2 deletions(-)
To github.com:n0tgod/algoth_v2.git
   062974a..54c2510  main -> main
branch 'main' set up to track 'origin/main'.
опубликовано
