== задание pair-deploy ==
строка: restart-book
начало: 2026-09-07T17:01:27Z
перезапуск сборщика и циклов
== останавливаю прежний ==
жду закрытия файлов........
== обновляю код ==
Already up to date.
== запускаю ==
== поднялся, хвост журнала ==
[       5 с] шард 0: подключён, подписываюсь на 120 тем
[       5 с] шард 1: подключён, подписываюсь на 120 тем
[       6 с] шард 2: подключён, подписываюсь на 120 тем
[       8 с] шард 3: подключён, подписываюсь на 120 тем
[       9 с] шард 4: подключён, подписываюсь на 120 тем
[      10 с] шард 5: подключён, подписываюсь на 120 тем
[      10 с] ВНИМАНИЕ: полный проход снимков занял 1.02 с при шаге 1 с — снимков в часе будет около 3523, не 3600
[      11 с] шард 6: подключён, подписываюсь на 120 тем
== перезапускаю циклы обучения ==
  не запущен: s8_loop/train.py --pretest
  остановлен, сторож поднимет: s8_loop/train.py$
публикуется в ветку main:
 jobs/done/pair-deploy.done          |  1 +
 jobs/done/pair-deploy.log           | 21 +++++++++++++++++++++
 jobs/poke.log                       |  3 +++
 research/s8_loop/out/day_brake.json |  2 +-
 4 files changed, 26 insertions(+), 1 deletion(-)
To github.com:n0tgod/algoth_v2.git
 ! [rejected]        main -> main (fetch first)
error: failed to push some refs to 'github.com:n0tgod/algoth_v2.git'
hint: Updates were rejected because the remote contains work that you do not
hint: have locally. This is usually caused by another repository pushing to
hint: the same ref. If you want to integrate the remote changes, use
hint: 'git pull' before pushing again.
hint: See the 'Note about fast-forwards' in 'git push --help' for details.
push не прошёл, подтягиваю ветку и пробую снова 
(попытка 1 из 4)
From github.com:n0tgod/algoth_v2
 * branch            main       -> FETCH_HEAD
fatal: Cannot rebase onto multiple branches.
fatal: No rebase in progress?
fatal: No rebase in progress?
fatal: No rebase in progress?
fatal: No rebase in progress?
fatal: No rebase in progress?
fatal: No rebase in progress?
fatal: No rebase in progress?
fatal: No rebase in progress?
fatal: No rebase in progress?
fatal: No rebase in progress?
ветка разошлась и свести автоматически не вышло.
коммит на месте; разобрать вручную: git pull --rebase origin main
