== задание pair-fix-deploy ==
строка: restart-book
начало: 2026-09-07T17:55:54Z
перезапуск сборщика и циклов
== останавливаю прежний ==
жду закрытия файлов........
== обновляю код ==
Already up to date.
== запускаю ==
== поднялся, хвост журнала ==
[       5 с] подъём истории не требуется — середина читается по запросу
[       5 с] бумажные сделки выключены: направление ленты закрыто замерами, поглощение входит в модель признаками; запись стакана и ленты идёт как шла
[       6 с] шард 0: подключён, подписываюсь на 120 тем
[       7 с] шард 1: подключён, подписываюсь на 120 тем
[       8 с] шард 2: подключён, подписываюсь на 120 тем
[       9 с] шард 3: подключён, подписываюсь на 120 тем
[      10 с] шард 4: подключён, подписываюсь на 120 тем
[      11 с] шард 5: подключён, подписываюсь на 120 тем
== перезапускаю циклы обучения ==
  не запущен: s8_loop/train.py --pretest
  остановлен, сторож поднимет: s8_loop/train.py$
публикуется в ветку main:
 jobs/done/pair-first-run.log  |  7 +++++++
 jobs/done/pair-fix-deploy.log | 12 ++++++++++++
 jobs/poke.log                 |  2 ++
 3 files changed, 21 insertions(+)
To github.com:n0tgod/algoth_v2.git
   8acbed7..d7eb245  main -> main
branch 'main' set up to track 'origin/main'.
опубликовано
