== задание pair-run-5 ==
строка: run research/dca_paper/run_pair.py
начало: 2026-09-07T18:16:09Z
запускаю: .venv/bin/python research/dca_paper/run_pair.py 
длинные книги: aggr 7337, optimal 7337, safe 7337
короткие книги: aggr_h 2922, optimal_h 2922, safe_h 2922
линейка общая (безопасная) (pair_safe): позиций 10259, после правила одной на имя 2447
  депозит $1,000: мест 40, взято 696, нет кассы 1751, мельче $5 0, открытых 18, оборванных записью 18
  депозит $10,000: мест 400, взято 1533, нет кассы 914, мельче $5 0, открытых 21, оборванных записью 35
  депозит $100,000: мест 735, взято 1661, нет кассы 786, мельче $5 0, открытых 21, оборванных записью 36
линейка общая (оптимальная) (pair_optimal): позиций 10259, после правила одной на имя 2482
  депозит $1,000: мест 40, взято 640, нет кассы 1842, мельче $5 0, открытых 18, оборванных записью 18
  депозит $10,000: мест 400, взято 1366, нет кассы 1116, мельче $5 0, открытых 21, оборванных записью 34
  депозит $100,000: мест 735, взято 1538, нет кассы 944, мельче $5 0, открытых 21, оборванных записью 33
линейка общая (агрессивная) (pair_aggr): позиций 10259, гейт плеча отсеял 6664, после правила одной на имя 1144
  депозит $1,000: мест 40, взято 669, нет кассы 475, мельче $5 0, открытых 14, оборванных записью 5
  депозит $10,000: мест 400, взято 801, нет кассы 343, мельче $5 0, открытых 14, оборванных записью 5
  депозит $100,000: мест 393, взято 803, нет кассы 341, мельче $5 0, открытых 14, оборванных записью 5
журнал: было 9630, дописано 0
раздельные счета: издержки вычтены у 15945 строк из 15945
# Общий счёт: длинная книга и короткая на одном депозите

Требование владельца 2026-09-07: «для общей должен быть один общий счёт, а не по отдельности». Решения обеих книг стоят в ОДНОЙ очереди за деньгами: занятая одной стороной маржа недоступна другой, и часть сделок поэтому не случается вовсе. Числа общей книги не равны сумме двух отдельных — это и есть разница режимов, а не расхождение счёта.

Билет у каждой стороны СВОЙ (он выведен из пика её одновременных позиций), гейт плеча и правило «одна позиция на имя» — тоже правила стороны. Издержки учтены в каждой сделке, как и в отдельных книгах.

## Книги

| книга | депозит | сделок | длинных | коротких | Σ $ | итог | просадка | медиана дня | плюсов | связь сторон | совпадений имён |
|---|--:|--:|--:|--:|--:|--:|--:|--:|--:|--:|--:|
| общая (безопасная) | $1000 | 660 | 186 | 474 | +248.61 | +24.86 % | -10.24 % | +0.02 | 0.632 % | -0.467 | 2 (0.4 %) |
| общая (безопасная) | $10000 | 1477 | 900 | 577 | +1822.78 | +18.23 % | -11.76 % | +0.01 | 0.684 % | -0.477 | 21 (3.6 %) |
| общая (безопасная) | $100000 | 1604 | 1005 | 599 | +17638.46 | +17.64 % | -12.09 % | +0.01 | 0.691 % | -0.47 | 26 (4.3 %) |
| общая (оптимальная) | $1000 | 762 | 152 | 610 | +65.26 | +6.53 % | -42.84 % | +0.02 | 0.6 % | -0.329 | 4 (0.7 %) |
| общая (оптимальная) | $10000 | 1372 | 744 | 628 | +812.04 | +8.12 % | -40.46 % | +0.01 | 0.657 % | -0.191 | 21 (3.3 %) |
| общая (оптимальная) | $100000 | 1539 | 911 | 628 | +6851.46 | +6.85 % | -40.59 % | +0.00 | 0.674 % | -0.182 | 25 (4.0 %) |
| общая (агрессивная) | $1000 | 650 | 205 | 445 | -13.39 | -1.34 % | -56.64 % | +0.00 | 0.663 % | -0.39 | 2 (0.4 %) |
| общая (агрессивная) | $10000 | 782 | 322 | 460 | -1695.75 | -16.96 % | -61.97 % | +0.00 | 0.702 % | -0.4 | 2 (0.4 %) |
| общая (агрессивная) | $100000 | 784 | 323 | 461 | -14289.95 | -14.29 % | -60.75 % | +0.00 | 0.702 % | -0.394 | 2 (0.4 %) |

## Один счёт против двух раздельных

Слева общий счёт: депозит один на обе стороны. Справа те же книги, как их показывают собственные вкладки: у каждой свой депозит, то есть капитала вдвое больше. Поэтому сравниваются ДЕНЬГИ и просадка, а проценты у них от разных капиталов. Обе стороны таблицы — НЕТТО: издержки вычтены и там, и там (у раздельных счетов 15945 строк из 15945).

| книга | депозит | Σ $ общий счёт | просадка общего | Σ $ длинная отдельно | Σ $ короткая отдельно | Σ $ двух счетов | сделок общий / врозь |
|---|--:|--:|--:|--:|--:|--:|--:|
| общая (безопасная) | $1000 | +248.61 | -10.24 % | +85.30 | +133.50 | +218.80 | 660 / 1035 |
| общая (безопасная) | $10000 | +1822.78 | -11.76 % | +812.11 | +1293.58 | +2105.69 | 1477 / 2321 |
| общая (безопасная) | $100000 | +17638.46 | -12.09 % | +4968.45 | +12945.82 | +17914.27 | 1604 / 2388 |
| общая (оптимальная) | $1000 | +65.26 | -42.84 % | +85.95 | +4.22 | +90.17 | 762 / 1028 |
| общая (оптимальная) | $10000 | +812.04 | -40.46 % | +1687.39 | +192.25 | +1879.64 | 1372 / 2312 |
| общая (оптимальная) | $100000 | +6851.46 | -40.59 % | +10225.26 | +4018.88 | +14244.14 | 1539 / 2378 |
| общая (агрессивная) | $1000 | -13.39 | -56.64 % | +302.50 | -171.17 | +131.33 | 650 / 957 |
| общая (агрессивная) | $10000 | -1695.75 | -61.97 % | +2018.51 | -1982.86 | +35.65 | 782 / 1119 |
| общая (агрессивная) | $100000 | -14289.95 | -60.75 % | +20260.52 | -19938.37 | +322.15 | 784 / 1119 |

## Издержки: учтены в каждой сделке

Комиссия тейкером на каждом рунге и выходе, проскальзывание 4.4 б.п. (X3: медиана входа 22 заполнений, 2026-08-22…25, потолок 30) на базовый вход и рыночный выход (пол, срок, трейл, стоп), funding по рядам площадки исполнения. Лимитные рунги и тейк проскальзывания не платят по построению.

| книга | депозит | сделок | из них с издержками | комиссия $ | проскальзывание $ | funding $ | издержки всего $ | брутто $ | нетто $ | медиана на сделку, б.п. маржи (комиссия / проскальз. / funding) | среднее, б.п. (там же) | худшая сделка по funding, б.п. |
|---|--:|--:|--:|--:|--:|--:|--:|--:|--:|--:|--:|--:|
| общая (безопасная) | $1,000 | 660 | 660 | -33.72 | -20.06 | -115.35 | -169.13 | +417.74 | +248.61 | +5.2 / +2.2 / +0.0 | +16.2 / +9.5 / -73.3 | -6960 |
| общая (оптимальная) | $1,000 | 762 | 762 | -84.72 | -47.46 | -233.18 | -365.36 | +430.63 | +65.27 | +10.4 / +5.6 / +0.4 | +29.3 / +16.4 / -107.6 | -8225 |
| общая (агрессивная) | $1,000 | 650 | 650 | -126.26 | -68.24 | -406.67 | -601.17 | +587.79 | -13.39 | +54.3 / +23.9 / -2.0 | +56.9 / +28.9 / -176.6 | -8225 |
| общая (безопасная) | $10,000 | 1477 | 1477 | -337.64 | -201.05 | -1076.58 | -1615.27 | +3438.05 | +1822.78 | +5.4 / +2.2 / -0.6 | +12.0 / +6.4 / -32.6 | -6960 |
| общая (оптимальная) | $10,000 | 1372 | 1372 | -741.83 | -412.51 | -2126.02 | -3280.36 | +4092.40 | +812.04 | +8.6 / +3.3 / -0.4 | +22.9 / +11.5 / -59.6 | -8225 |
| общая (агрессивная) | $10,000 | 782 | 782 | -1241.56 | -682.77 | -4010.57 | -5934.90 | +4239.14 | -1695.75 | +44.6 / +15.0 / -2.6 | +53.2 / +26.3 / -145.1 | -8225 |
| общая (безопасная) | $100,000 | 1604 | 1604 | -3368.30 | -2024.87 | -10832.85 | -16226.02 | +33864.47 | +17638.46 | +5.4 / +2.2 / -0.6 | +11.7 / +6.2 / -30.3 | -6960 |
| общая (оптимальная) | $100,000 | 1539 | 1539 | -7352.16 | -4111.36 | -21463.66 | -32927.18 | +39778.63 | +6851.46 | +8.8 / +3.3 / -0.7 | +22.1 / +10.9 / -53.1 | -8225 |
| общая (агрессивная) | $100,000 | 784 | 784 | -12541.75 | -6893.54 | -39882.45 | -59317.74 | +45027.79 | -14289.95 | +44.4 / +15.0 / -2.6 | +53.1 / +26.3 / -143.7 | -8225 |

**Funding — издержка ХВОСТА, а не средняя**: у 9 книг среднее на сделку в разы дальше от нуля, чем медиана, то есть платят немногие позиции и платят много (долгое удержание на дорогой ставке). общая (безопасная) $1000: медиана +0.0, среднее -73.3, худшая -6960 б.п.; общая (оптимальная) $1000: медиана +0.4, среднее -107.6, худшая -8225 б.п.; общая (агрессивная) $1000: медиана -2.0, среднее -176.6, худшая -8225 б.п..


Чего не удалось измерить: у 1431 сделок ряд funding не покрывает жизнь позиции — funding им НЕ начислен (это прочерк, а не ноль: он мал и разного знака, но не измерен); у 1270 сделок ставки тейкера в справочнике нет — взята модальная.

Проскальзывание снято на 300 $ за имя (живой замер X3): у крупных билетов оно больше, поэтому нетто крупных депозитов — НИЖНЯЯ граница издержек. Отметка открытой позиции остаётся брутто: выхода ещё не было, и комиссию выхода вычитать не из чего.

## Чего эти числа НЕ говорят

- Живого исполнения здесь нет: исходы позиций взяты из кэшей реплея обеих книг, посчитанных по барам записи. Очередь в стакане и задержка входа не моделируются.
- Внутри одной секунды деньги достаются лучшему по |прогнозу| решению — правило очереди объявлено до прогона и одно на обе стороны. Другое правило дало бы другой состав, и это ось для отдельного замера, а не свойство рынка.
- Общий счёт — ХЕДЖ-режим: шорт по имени, которое держит длинная сторона, разрешён. В одностороннем режиме биржи он срезал бы длинную позицию, и число совпадений выше есть цена режима.
- Веса модели видели эти часы: пересчёт истории читается как оценка СВЕРХУ. Судит форвард.

публикуется в ветку main:
 jobs/done/costs-recheck.log          |  4 ++
 jobs/done/pair-run-4.log             |  7 +++
 jobs/done/pair-run-5.done            |  1 +
 jobs/done/pair-run-5.log             | 86 ++++++++++++++++++++++++++++++++++++
 jobs/poke.log                        |  3 ++
 research/dca_paper/out/DCA-pair.json |  2 +-
 research/dca_paper/out/DCA-pair.md   | 25 ++++++-----
 7 files changed, 116 insertions(+), 12 deletions(-)
To github.com:n0tgod/algoth_v2.git
   bb41dda..ff5303f  main -> main
branch 'main' set up to track 'origin/main'.
опубликовано
конец: 2026-09-07T18:16:22Z, код 0
