== задание pair-run-3 ==
строка: run research/dca_paper/run_pair.py
начало: 2026-09-07T18:08:38Z
запускаю: .venv/bin/python research/dca_paper/run_pair.py 
длинные книги: aggr 7337, optimal 7337, safe 7337
короткие книги: aggr_h 2922, optimal_h 2922, safe_h 2922
линейка общая (безопасная) (pair_safe): позиций 10259, после правила одной на имя 2447
  депозит $1,000: мест 40, взято 696, нет кассы 1751, мельче $5 0, открытых 18, оборванных записью 18
  депозит $10,000: мест 400, взято 1533, нет кассы 914, мельче $5 0, открытых 21, оборванных записью 35
  депозит $100,000: мест 735, взято 1661, нет кассы 786, мельче $5 0, открытых 21, оборванных записью 36
линейка общая (оптимальная) (pair_optimal): позиций 10259, после правила одной на имя 2482
  депозит $1,000: мест 40, взято 640, нет кассы 1842, мельче $5 0, открытых 18, оборванных записью 18
  депозит $10,000: мест 400, взято 1366, нет кассы 1116, мельче $5 0, открытых 21, оборванных записью 34
  депозит $100,000: мест 735, взято 1538, нет кассы 944, мельче $5 0, открытых 21, оборванных записью 33
линейка общая (агрессивная) (pair_aggr): позиций 10259, гейт плеча отсеял 6664, после правила одной на имя 1144
  депозит $1,000: мест 40, взято 669, нет кассы 475, мельче $5 0, открытых 14, оборванных записью 5
  депозит $10,000: мест 400, взято 801, нет кассы 343, мельче $5 0, открытых 14, оборванных записью 5
  депозит $100,000: мест 393, взято 803, нет кассы 341, мельче $5 0, открытых 14, оборванных записью 5
журнал: было 7770, дописано 1860 в 29 файлов записи
# Общий счёт: длинная книга и короткая на одном депозите

Требование владельца 2026-09-07: «для общей должен быть один общий счёт, а не по отдельности». Решения обеих книг стоят в ОДНОЙ очереди за деньгами: занятая одной стороной маржа недоступна другой, и часть сделок поэтому не случается вовсе. Числа общей книги не равны сумме двух отдельных — это и есть разница режимов, а не расхождение счёта.

Билет у каждой стороны СВОЙ (он выведен из пика её одновременных позиций), гейт плеча и правило «одна позиция на имя» — тоже правила стороны. Издержки учтены в каждой сделке, как и в отдельных книгах.

## Книги

| книга | депозит | сделок | длинных | коротких | Σ $ | итог | просадка | медиана дня | плюсов | связь сторон | совпадений имён |
|---|--:|--:|--:|--:|--:|--:|--:|--:|--:|--:|--:|
| общая (безопасная) | $1000 | 660 | 186 | 474 | +248.61 | +24.86 % | -10.24 % | +0.02 | 0.632 % | -0.467 | 2 (0.4 %) |
| общая (безопасная) | $10000 | 1477 | 900 | 577 | +1822.78 | +18.23 % | -11.76 % | +0.01 | 0.684 % | -0.477 | 21 (3.6 %) |
| общая (безопасная) | $100000 | 1604 | 1005 | 599 | +17638.46 | +17.64 % | -12.09 % | +0.01 | 0.691 % | -0.47 | 26 (4.3 %) |
| общая (оптимальная) | $1000 | 762 | 152 | 610 | +65.26 | +6.53 % | -42.84 % | +0.02 | 0.6 % | -0.329 | 4 (0.7 %) |
| общая (оптимальная) | $10000 | 1372 | 744 | 628 | +812.04 | +8.12 % | -40.46 % | +0.01 | 0.657 % | -0.191 | 21 (3.3 %) |
| общая (оптимальная) | $100000 | 1539 | 911 | 628 | +6851.46 | +6.85 % | -40.59 % | +0.00 | 0.674 % | -0.182 | 25 (4.0 %) |
| общая (агрессивная) | $1000 | 650 | 205 | 445 | -13.39 | -1.34 % | -56.64 % | +0.00 | 0.663 % | -0.39 | 2 (0.4 %) |
| общая (агрессивная) | $10000 | 782 | 322 | 460 | -1695.75 | -16.96 % | -61.97 % | +0.00 | 0.702 % | -0.4 | 2 (0.4 %) |
| общая (агрессивная) | $100000 | 784 | 323 | 461 | -14289.95 | -14.29 % | -60.75 % | +0.00 | 0.702 % | -0.394 | 2 (0.4 %) |

## Один счёт против двух раздельных

Слева общий счёт: депозит один на обе стороны. Справа те же книги, как их показывают собственные вкладки: у каждой свой депозит, то есть капитала вдвое больше. Поэтому сравниваются ДЕНЬГИ и просадка, а проценты у них от разных капиталов.

| книга | депозит | Σ $ общий счёт | просадка общего | Σ $ длинная отдельно | Σ $ короткая отдельно | Σ $ двух счетов | сделок общий / врозь |
|---|--:|--:|--:|--:|--:|--:|--:|
| общая (безопасная) | $1000 | +248.61 | -10.24 % | +97.32 | +315.11 | +412.43 | 660 / 1035 |
| общая (безопасная) | $10000 | +1822.78 | -11.76 % | +867.37 | +2882.18 | +3749.55 | 1477 / 2321 |
| общая (безопасная) | $100000 | +17638.46 | -12.09 % | +5296.81 | +28848.67 | +34145.48 | 1604 / 2388 |
| общая (оптимальная) | $1000 | +65.26 | -42.84 % | +109.99 | +355.85 | +465.84 | 762 / 1028 |
| общая (оптимальная) | $10000 | +812.04 | -40.46 % | +1804.42 | +3378.48 | +5182.90 | 1372 / 2312 |
| общая (оптимальная) | $100000 | +6851.46 | -40.59 % | +10911.28 | +36166.58 | +47077.86 | 1539 / 2378 |
| общая (агрессивная) | $1000 | -13.39 | -56.64 % | +323.45 | +419.81 | +743.26 | 650 / 957 |
| общая (агрессивная) | $10000 | -1695.75 | -61.97 % | +2140.52 | +4021.83 | +6162.35 | 782 / 1119 |
| общая (агрессивная) | $100000 | -14289.95 | -60.75 % | +21485.26 | +40296.05 | +61781.31 | 784 / 1119 |

## Издержки: учтены в каждой сделке

Комиссия тейкером на каждом рунге и выходе, проскальзывание 4.4 б.п. (X3: медиана входа 22 заполнений, 2026-08-22…25, потолок 30) на базовый вход и рыночный выход (пол, срок, трейл, стоп), funding по рядам площадки исполнения. Лимитные рунги и тейк проскальзывания не платят по построению.

| книга | депозит | сделок | из них с издержками | комиссия $ | проскальзывание $ | funding $ | издержки всего $ | брутто $ | нетто $ |
|---|--:|--:|--:|--:|--:|--:|--:|--:|--:|
| общая (безопасная) | $1,000 | 660 | 660 | -33.72 | -20.06 | -115.35 | -169.13 | +417.74 | +248.61 |
| общая (оптимальная) | $1,000 | 762 | 762 | -84.72 | -47.46 | -233.18 | -365.36 | +430.63 | +65.27 |
| общая (агрессивная) | $1,000 | 650 | 650 | -126.26 | -68.24 | -406.67 | -601.17 | +587.79 | -13.39 |
| общая (безопасная) | $10,000 | 1477 | 1477 | -337.64 | -201.05 | -1076.58 | -1615.27 | +3438.05 | +1822.78 |
| общая (оптимальная) | $10,000 | 1372 | 1372 | -741.83 | -412.51 | -2126.02 | -3280.36 | +4092.40 | +812.04 |
| общая (агрессивная) | $10,000 | 782 | 782 | -1241.56 | -682.77 | -4010.57 | -5934.90 | +4239.14 | -1695.75 |
| общая (безопасная) | $100,000 | 1604 | 1604 | -3368.30 | -2024.87 | -10832.85 | -16226.02 | +33864.47 | +17638.46 |
| общая (оптимальная) | $100,000 | 1539 | 1539 | -7352.16 | -4111.36 | -21463.66 | -32927.18 | +39778.63 | +6851.46 |
| общая (агрессивная) | $100,000 | 784 | 784 | -12541.75 | -6893.54 | -39882.45 | -59317.74 | +45027.79 | -14289.95 |

Чего не удалось измерить: у 1431 сделок ряд funding не покрывает жизнь позиции — funding им НЕ начислен (это прочерк, а не ноль: он мал и разного знака, но не измерен); у 1270 сделок ставки тейкера в справочнике нет — взята модальная.

Проскальзывание снято на 300 $ за имя (живой замер X3): у крупных билетов оно больше, поэтому нетто крупных депозитов — НИЖНЯЯ граница издержек. Отметка открытой позиции остаётся брутто: выхода ещё не было, и комиссию выхода вычитать не из чего.

## Чего эти числа НЕ говорят

- Живого исполнения здесь нет: исходы позиций взяты из кэшей реплея обеих книг, посчитанных по барам записи. Очередь в стакане и задержка входа не моделируются.
- Внутри одной секунды деньги достаются лучшему по |прогнозу| решению — правило очереди объявлено до прогона и одно на обе стороны. Другое правило дало бы другой состав, и это ось для отдельного замера, а не свойство рынка.
- Общий счёт — ХЕДЖ-режим: шорт по имени, которое держит длинная сторона, разрешён. В одностороннем режиме биржи он срезал бы длинную позицию, и число совпадений выше есть цена режима.
- Веса модели видели эти часы: пересчёт истории читается как оценка СВЕРХУ. Судит форвард.

публикуется в ветку main:
 jobs/done/pair-run-3.done                    |   1 +
 jobs/done/pair-run-3.log                     |  82 +++++++
 jobs/poke.log                                |   3 +
 research/dca_paper/out/DCA-pair.json         |   2 +-
 research/dca_paper/out/DCA-pair.md           |  38 +--
 research/dca_paper/out/pair-2026-08-08.jsonl |  30 +++
 research/dca_paper/out/pair-2026-08-09.jsonl |  93 ++++++++
 research/dca_paper/out/pair-2026-08-10.jsonl |  11 +
 research/dca_paper/out/pair-2026-08-11.jsonl |  20 ++
 research/dca_paper/out/pair-2026-08-12.jsonl |   3 +
 research/dca_paper/out/pair-2026-08-13.jsonl | 191 ++++++++++++++++
 research/dca_paper/out/pair-2026-08-14.jsonl |  28 +++
 research/dca_paper/out/pair-2026-08-15.jsonl | 107 +++++++++
 research/dca_paper/out/pair-2026-08-16.jsonl |  56 +++++
 research/dca_paper/out/pair-2026-08-17.jsonl |  30 +++
 research/dca_paper/out/pair-2026-08-18.jsonl |  10 +
 research/dca_paper/out/pair-2026-08-19.jsonl |  72 ++++++
 research/dca_paper/out/pair-2026-08-20.jsonl | 330 +++++++++++++++++++++++++++
 research/dca_paper/out/pair-2026-08-21.jsonl | 283 +++++++++++++++++++++++
 research/dca_paper/out/pair-2026-08-22.jsonl | 197 ++++++++++++++++
 research/dca_paper/out/pair-2026-08-23.jsonl |  15 ++
 research/dca_paper/out/pair-2026-08-24.jsonl |  77 +++++++
 research/dca_paper/out/pair-2026-08-25.jsonl | 160 +++++++++++++
 research/dca_paper/out/pair-2026-08-26.jsonl |  18 ++
 research/dca_paper/out/pair-2026-08-27.jsonl |  14 ++
 research/dca_paper/out/pair-2026-08-28.jsonl |  15 ++
 research/dca_paper/out/pair-2026-08-29.jsonl |   3 +
 research/dca_paper/out/pair-2026-08-30.jsonl |   6 +
 research/dca_paper/out/pair-2026-08-31.jsonl |   9 +
 research/dca_paper/out/pair-2026-09-01.jsonl |  15 ++
 research/dca_paper/out/pair-2026-09-02.jsonl |  12 +
 research/dca_paper/out/pair-2026-09-03.jsonl |  37 +++
 research/dca_paper/out/pair-2026-09-04.jsonl |  15 ++
 research/dca_paper/out/pair-2026-09-06.jsonl |   3 +
 research/s8_loop/out/day_brake.json          |   2 +-
 35 files changed, 1967 insertions(+), 21 deletions(-)
To github.com:n0tgod/algoth_v2.git
   0323ff1..1523a93  main -> main
branch 'main' set up to track 'origin/main'.
опубликовано
конец: 2026-09-07T18:08:53Z, код 0
