== задание pair-first-run ==
строка: run research/dca_paper/run_pair.py
начало: 2026-09-07T17:55:54Z
запускаю: .venv/bin/python research/dca_paper/run_pair.py 
длинные книги: aggr 7336, safe 7336
короткие книги: aggr_h 2922, optimal_h 2922, safe_h 2922
линейка общая (безопасная) (pair_safe): позиций 10258, после правила одной на имя 2447
  депозит $1,000: мест 40, взято 696, нет кассы 1751, мельче $5 0, открытых 18, оборванных записью 22
  депозит $10,000: мест 400, взято 1533, нет кассы 914, мельче $5 0, открытых 21, оборванных записью 47
  депозит $100,000: мест 735, взято 1661, нет кассы 786, мельче $5 0, открытых 21, оборванных записью 48
линейка общая (оптимальная) (pair_optimal): позиций 2922, после правила одной на имя 710
  депозит $1,000: мест 40, взято 626, нет кассы 84, мельче $5 0, открытых 14, оборванных записью 14
  депозит $10,000: мест 400, взято 650, нет кассы 60, мельче $5 0, открытых 14, оборванных записью 14
  депозит $100,000: мест 735, взято 649, нет кассы 61, мельче $5 0, открытых 14, оборванных записью 14
линейка общая (агрессивная) (pair_aggr): позиций 10258, гейт плеча отсеял 6663, после правила одной на имя 1144
  депозит $1,000: мест 40, взято 669, нет кассы 475, мельче $5 0, открытых 14, оборванных записью 5
  депозит $10,000: мест 400, взято 801, нет кассы 343, мельче $5 0, открытых 14, оборванных записью 5
  депозит $100,000: мест 393, взято 803, нет кассы 341, мельче $5 0, открытых 14, оборванных записью 5
журнал: было 0, дописано 7770 в 30 файлов записи
# Общий счёт: длинная книга и короткая на одном депозите

Требование владельца 2026-09-07: «для общей должен быть один общий счёт, а не по отдельности». Решения обеих книг стоят в ОДНОЙ очереди за деньгами: занятая одной стороной маржа недоступна другой, и часть сделок поэтому не случается вовсе. Числа общей книги не равны сумме двух отдельных — это и есть разница режимов, а не расхождение счёта.

Билет у каждой стороны СВОЙ (он выведен из пика её одновременных позиций), гейт плеча и правило «одна позиция на имя» — тоже правила стороны. Издержки учтены в каждой сделке, как и в отдельных книгах.

## Книги

| книга | депозит | сделок | длинных | коротких | Σ $ | итог | просадка | медиана дня | плюсов | связь сторон | совпадений имён |
|---|--:|--:|--:|--:|--:|--:|--:|--:|--:|--:|--:|
| общая (безопасная) | $1000 | 656 | 182 | 474 | +248.75 | +24.88 % | -10.24 % | +0.02 | 0.634 % | -0.467 | 2 (0.4 %) |
| общая (безопасная) | $10000 | 1465 | 888 | 577 | +1824.61 | +18.25 % | -11.76 % | +0.01 | 0.689 % | -0.476 | 21 (3.6 %) |
| общая (безопасная) | $100000 | 1592 | 993 | 599 | +17649.04 | +17.65 % | -12.09 % | +0.01 | 0.695 % | -0.47 | 26 (4.3 %) |
| общая (оптимальная) | $1000 | 598 | 0 | 598 | +6.78 | +0.68 % | -46.66 % | +0.01 | 0.587 % | — | 0 |
| общая (оптимальная) | $10000 | 622 | 0 | 622 | +214.01 | +2.14 % | -41.76 % | +0.01 | 0.585 % | — | 0 |
| общая (оптимальная) | $100000 | 621 | 0 | 621 | +4239.70 | +4.24 % | -40.58 % | +0.01 | 0.588 % | — | 0 |
| общая (агрессивная) | $1000 | 650 | 205 | 445 | -13.39 | -1.34 % | -56.64 % | +0.00 | 0.663 % | -0.39 | 2 (0.4 %) |
| общая (агрессивная) | $10000 | 782 | 322 | 460 | -1695.75 | -16.96 % | -61.97 % | +0.00 | 0.702 % | -0.4 | 2 (0.4 %) |
| общая (агрессивная) | $100000 | 784 | 323 | 461 | -14289.95 | -14.29 % | -60.75 % | +0.00 | 0.702 % | -0.394 | 2 (0.4 %) |

## Один счёт против двух раздельных

Слева общий счёт: депозит один на обе стороны. Справа те же книги, как их показывают собственные вкладки: у каждой свой депозит, то есть капитала вдвое больше. Поэтому сравниваются ДЕНЬГИ и просадка, а проценты у них от разных капиталов.

| книга | депозит | Σ $ общий счёт | просадка общего | Σ $ длинная отдельно | Σ $ короткая отдельно | Σ $ двух счетов | сделок общий / врозь |
|---|--:|--:|--:|--:|--:|--:|--:|
| общая (безопасная) | $1000 | +248.75 | -10.24 % | +97.84 | +315.11 | +412.95 | 656 / 1034 |
| общая (безопасная) | $10000 | +1824.61 | -11.76 % | +869.09 | +2882.18 | +3751.27 | 1465 / 2319 |
| общая (безопасная) | $100000 | +17649.04 | -12.09 % | +5306.68 | +28848.67 | +34155.35 | 1592 / 2386 |
| общая (оптимальная) | $1000 | +6.78 | -46.66 % | +110.59 | +355.85 | +466.44 | 598 / 1027 |
| общая (оптимальная) | $10000 | +214.01 | -41.76 % | +1806.59 | +3378.48 | +5185.07 | 622 / 2310 |
| общая (оптимальная) | $100000 | +4239.70 | -40.58 % | +10923.65 | +36166.58 | +47090.23 | 621 / 2376 |
| общая (агрессивная) | $1000 | -13.39 | -56.64 % | +323.45 | +419.81 | +743.26 | 650 / 957 |
| общая (агрессивная) | $10000 | -1695.75 | -61.97 % | +2140.52 | +4021.83 | +6162.35 | 782 / 1119 |
| общая (агрессивная) | $100000 | -14289.95 | -60.75 % | +21485.26 | +40296.05 | +61781.31 | 784 / 1119 |

## Издержки: учтены в каждой сделке

Комиссия тейкером на каждом рунге и выходе, проскальзывание 4.4 б.п. (X3: медиана входа 22 заполнений, 2026-08-22…25, потолок 30) на базовый вход и рыночный выход (пол, срок, трейл, стоп), funding по рядам площадки исполнения. Лимитные рунги и тейк проскальзывания не платят по построению.

| книга | депозит | сделок | из них с издержками | комиссия $ | проскальзывание $ | funding $ | издержки всего $ | брутто $ | нетто $ |
|---|--:|--:|--:|--:|--:|--:|--:|--:|--:|
| общая (безопасная) | $1,000 | 656 | 656 | -33.69 | -20.03 | -115.35 | -169.07 | +417.83 | +248.75 |
| общая (оптимальная) | $1,000 | 598 | 598 | -77.14 | -44.11 | -232.24 | -353.49 | +360.27 | +6.78 |
| общая (агрессивная) | $1,000 | 650 | 650 | -126.26 | -68.24 | -406.67 | -601.17 | +587.79 | -13.39 |
| общая (безопасная) | $10,000 | 1465 | 1465 | -337.54 | -200.97 | -1076.51 | -1615.02 | +3439.62 | +1824.61 |
| общая (оптимальная) | $10,000 | 622 | 622 | -694.44 | -394.79 | -2112.99 | -3202.22 | +3416.23 | +214.01 |
| общая (агрессивная) | $10,000 | 782 | 782 | -1241.56 | -682.77 | -4010.57 | -5934.90 | +4239.14 | -1695.75 |
| общая (безопасная) | $100,000 | 1592 | 1592 | -3367.75 | -2024.38 | -10832.40 | -16224.53 | +33873.57 | +17649.04 |
| общая (оптимальная) | $100,000 | 621 | 621 | -6973.42 | -3957.65 | -21379.55 | -32310.62 | +36550.32 | +4239.70 |
| общая (агрессивная) | $100,000 | 784 | 784 | -12541.75 | -6893.54 | -39882.45 | -59317.74 | +45027.79 | -14289.95 |

Чего не удалось измерить: у 1238 сделок ряд funding не покрывает жизнь позиции — funding им НЕ начислен (это прочерк, а не ноль: он мал и разного знака, но не измерен); у 1103 сделок ставки тейкера в справочнике нет — взята модальная.

Проскальзывание снято на 300 $ за имя (живой замер X3): у крупных билетов оно больше, поэтому нетто крупных депозитов — НИЖНЯЯ граница издержек. Отметка открытой позиции остаётся брутто: выхода ещё не было, и комиссию выхода вычитать не из чего.

## Чего эти числа НЕ говорят

- Живого исполнения здесь нет: исходы позиций взяты из кэшей реплея обеих книг, посчитанных по барам записи. Очередь в стакане и задержка входа не моделируются.
- Внутри одной секунды деньги достаются лучшему по |прогнозу| решению — правило очереди объявлено до прогона и одно на обе стороны. Другое правило дало бы другой состав, и это ось для отдельного замера, а не свойство рынка.
- Общий счёт — ХЕДЖ-режим: шорт по имени, которое держит длинная сторона, разрешён. В одностороннем режиме биржи он срезал бы длинную позицию, и число совпадений выше есть цена режима.
- Веса модели видели эти часы: пересчёт истории читается как оценка СВЕРХУ. Судит форвард.

публикуется в ветку main:
 jobs/done/pair-first-run.log         | 63 ++++++++++++++++++++++++++++++++++++
 jobs/done/pair-fix-deploy.log        |  5 ++-
 jobs/done/stop-paper-replay.log      | 45 ++++++++++++++++++++++++++
 research/dca_paper/out/DCA-pair.json |  2 +-
 research/dca_paper/out/DCA-pair.md   | 57 +++++++++++++++++++++++++++++++-
 5 files changed, 169 insertions(+), 3 deletions(-)
To github.com:n0tgod/algoth_v2.git
   bc9b827..8a9d449  main -> main
branch 'main' set up to track 'origin/main'.
опубликовано
конец: 2026-09-07T17:56:07Z, код 0
публикуется в ветку main:
 jobs/done/pair-first-run.log | 12 ++++++++++++
 1 file changed, 12 insertions(+)
To github.com:n0tgod/algoth_v2.git
   8a9d449..8acbed7  main -> main
branch 'main' set up to track 'origin/main'.
опубликовано
