== задание pair-age-1 ==
строка: run research/dca_paper/pair_age.py
начало: 2026-09-08T07:25:14Z
запускаю: .venv/bin/python research/dca_paper/pair_age.py 
длинные книги: aggr 7337, optimal 7337, safe 7337
короткие книги: aggr_h 2969, optimal_h 2969, safe_h 2969
pair_safe ≥0 сут: коротких 2969 из 2969, счёт 1602.85 $, отношение 1.24
pair_safe ≥3 сут: коротких 2663 из 2969, счёт 1874.77 $, отношение 1.79
   контроль (200 зёрен): медиана отношения 1.5, бьют фильтр 0.35
pair_safe ≥7 сут: коротких 2429 из 2969, счёт 2700.53 $, отношение 3.26
   контроль (200 зёрен): медиана отношения 1.29, бьют фильтр 0.055
pair_safe ≥14 сут: коротких 2281 из 2969, счёт 2609.22 $, отношение 3.61
   контроль (200 зёрен): медиана отношения 1.35, бьют фильтр 0.07
pair_safe ≥30 сут: коротких 2194 из 2969, счёт 2370.75 $, отношение 3.08
   контроль (200 зёрен): медиана отношения 1.2, бьют фильтр 0.115
pair_safe ≥60 сут: коротких 2145 из 2969, счёт 2676.73 $, отношение 3.78
   контроль (200 зёрен): медиана отношения 1.35, бьют фильтр 0.075
pair_optimal ≥0 сут: коротких 2969 из 2969, счёт 1323.23 $, отношение 1.19
pair_optimal ≥3 сут: коротких 2663 из 2969, счёт 1607.86 $, отношение 1.79
   контроль (200 зёрен): медиана отношения 1.33, бьют фильтр 0.125
pair_optimal ≥7 сут: коротких 2429 из 2969, счёт 1943.03 $, отношение 3.0
   контроль (200 зёрен): медиана отношения 1.4, бьют фильтр 0.015
pair_optimal ≥14 сут: коротких 2281 из 2969, счёт 2011.87 $, отношение 3.28
   контроль (200 зёрен): медиана отношения 1.54, бьют фильтр 0.02
pair_optimal ≥30 сут: коротких 2194 из 2969, счёт 2111.57 $, отношение 3.5
   контроль (200 зёрен): медиана отношения 1.5, бьют фильтр 0.005
pair_optimal ≥60 сут: коротких 2145 из 2969, счёт 2160.04 $, отношение 3.56
   контроль (200 зёрен): медиана отношения 1.65, бьют фильтр 0.005
pair_aggr ≥0 сут: коротких 2969 из 2969, счёт 1642.76 $, отношение 0.95
pair_aggr ≥3 сут: коротких 2663 из 2969, счёт 2136.71 $, отношение 1.58
   контроль (200 зёрен): медиана отношения 1.06, бьют фильтр 0.03
pair_aggr ≥7 сут: коротких 2429 из 2969, счёт 2453.96 $, отношение 2.36
   контроль (200 зёрен): медиана отношения 1.11, бьют фильтр 0.015
pair_aggr ≥14 сут: коротких 2281 из 2969, счёт 2368.0 $, отношение 2.37
   контроль (200 зёрен): медиана отношения 1.27, бьют фильтр 0.03
pair_aggr ≥30 сут: коротких 2194 из 2969, счёт 2483.49 $, отношение 2.69
   контроль (200 зёрен): медиана отношения 1.19, бьют фильтр 0.02
pair_aggr ≥60 сут: коротких 2145 из 2969, счёт 2531.32 $, отношение 2.73
   контроль (200 зёрен): медиана отношения 1.23, бьют фильтр 0.015
# Возраст имени как фильтр входа короткой стороны

Гипотеза осталась от опровергнутого гейта по ставке funding: его результат держался на «ставке неизвестна» — решениях по листингам без рядов. Проверяется то, что за этим стояло: возраст имени на момент решения. Ось объявлена до прогона, контроль — случайная выборка ровно того же размера.

Общий счёт, депозит $10,000, деньги НЕТТО. Момент листинга известен у 1839 символов справочника; имя без даты в фильтр не проходит и считается отдельной колонкой.

| книга | порог | коротких взято | моложе порога | возраст неизвестен | Σ $ | просадка | доход/просадка | контроль: медиана отношения (p10…p90) | бьют фильтр (деньги / отношение) |
|---|--:|--:|--:|--:|--:|--:|--:|--:|--:|
| общая (безопасная) | нет | 2969 из 2969 | 0 | 0 | +1602.85 | -12.9 % | 1.24 | — | — |
| общая (безопасная) | ≥3 сут | 2663 из 2969 | 306 | 0 | +1874.77 | -10.5 % | 1.79 | 1.50 (0.59…2.77) | 48 % / 35 % |
| общая (безопасная) | ≥7 сут | 2429 из 2969 | 540 | 0 | +2700.53 | -8.3 % | 3.26 | 1.29 (0.39…2.61) | 9 % / 6 % |
| общая (безопасная) | ≥14 сут | 2281 из 2969 | 688 | 0 | +2609.22 | -7.2 % | 3.61 | 1.35 (0.30…3.09) | 10 % / 7 % |
| общая (безопасная) | ≥30 сут | 2194 из 2969 | 775 | 0 | +2370.75 | -7.7 % | 3.08 | 1.20 (0.20…3.52) | 20 % / 12 % |
| общая (безопасная) | ≥60 сут | 2145 из 2969 | 824 | 0 | +2676.73 | -7.1 % | 3.78 | 1.35 (0.21…3.19) | 14 % / 8 % |
| общая (оптимальная) | нет | 2969 из 2969 | 0 | 0 | +1323.23 | -11.1 % | 1.19 | — | — |
| общая (оптимальная) | ≥3 сут | 2663 из 2969 | 306 | 0 | +1607.86 | -9.0 % | 1.79 | 1.33 (0.94…1.86) | 16 % / 12 % |
| общая (оптимальная) | ≥7 сут | 2429 из 2969 | 540 | 0 | +1943.03 | -6.5 % | 3.00 | 1.40 (0.87…2.21) | 3 % / 2 % |
| общая (оптимальная) | ≥14 сут | 2281 из 2969 | 688 | 0 | +2011.87 | -6.1 % | 3.28 | 1.54 (0.92…2.53) | 2 % / 2 % |
| общая (оптимальная) | ≥30 сут | 2194 из 2969 | 775 | 0 | +2111.57 | -6.0 % | 3.50 | 1.50 (0.91…2.45) | 2 % / 0 % |
| общая (оптимальная) | ≥60 сут | 2145 из 2969 | 824 | 0 | +2160.04 | -6.1 % | 3.56 | 1.65 (0.94…2.65) | 1 % / 0 % |
| общая (агрессивная) | нет | 2969 из 2969 | 0 | 0 | +1642.76 | -17.2 % | 0.95 | — | — |
| общая (агрессивная) | ≥3 сут | 2663 из 2969 | 306 | 0 | +2136.71 | -13.5 % | 1.58 | 1.06 (0.76…1.39) | 8 % / 3 % |
| общая (агрессивная) | ≥7 сут | 2429 из 2969 | 540 | 0 | +2453.96 | -10.4 % | 2.36 | 1.11 (0.74…1.72) | 5 % / 2 % |
| общая (агрессивная) | ≥14 сут | 2281 из 2969 | 688 | 0 | +2368.00 | -10.0 % | 2.37 | 1.27 (0.80…1.84) | 12 % / 3 % |
| общая (агрессивная) | ≥30 сут | 2194 из 2969 | 775 | 0 | +2483.49 | -9.2 % | 2.69 | 1.19 (0.80…1.94) | 8 % / 2 % |
| общая (агрессивная) | ≥60 сут | 2145 из 2969 | 824 | 0 | +2531.32 | -9.3 % | 2.73 | 1.23 (0.69…1.85) | 4 % / 2 % |

## Как читать

- Строка «нет» — как сейчас, фильтра нет; с ней и сравнивается всё остальное.
- Контроль берёт столько же коротких решений, сколько оставляет порог, но выбирает их случайно. Возраст что-то отбирает только там, где доля «бьют фильтр» мала.
- «Возраст неизвестен» — своя колонка: именно её молчаливое превращение в отказ и создало ложный результат гейта по ставке.
- Ячейка становится правилом только объявленной заранее и проверенной вперёд; окно одно, веса модели эти часы видели.

