== задание pair-rule-2 ==
строка: run research/dca_paper/run_pair.py
начало: 2026-09-08T08:21:16Z
запускаю: .venv/bin/python research/dca_paper/run_pair.py 
длинные книги: aggr 7337, optimal 7337, safe 7337
короткие книги: aggr_h 2974, optimal_h 2974, safe_h 2974
pair_safe: фильтр возраста ≥7 сут оставил 2432 из 2974 (моложе порога 542, возраст неизвестен 0)
pair_optimal: фильтр возраста ≥7 сут оставил 2432 из 2974 (моложе порога 542, возраст неизвестен 0)
pair_aggr: фильтр возраста ≥7 сут оставил 2432 из 2974 (моложе порога 542, возраст неизвестен 0)
линейка общая (безопасная) (pair_safe): позиций 9769, после правила одной на имя 2352
  депозит $1,000: мест 40, взято 642, нет кассы 1710, мельче $5 0, открытых 15, оборванных записью 9
  депозит $10,000: мест 400, взято 1488, нет кассы 864, мельче $5 0, открытых 15, оборванных записью 14
  депозит $100,000: мест 735, взято 1692, нет кассы 660, мельче $5 0, открытых 15, оборванных записью 14
линейка общая (оптимальная) (pair_optimal): позиций 9769, после правила одной на имя 2381
  депозит $1,000: мест 40, взято 587, нет кассы 1794, мельче $5 0, открытых 14, оборванных записью 9
  депозит $10,000: мест 400, взято 2061, нет кассы 320, мельче $5 0, открытых 15, оборванных записью 17
  депозит $100,000: мест 735, взято 2381, нет кассы 0, мельче $5 0, открытых 15, оборванных записью 17
линейка общая (агрессивная) (pair_aggr): позиций 9769, гейт плеча отсеял 6378, после правила одной на имя 1094
  депозит $1,000: мест 40, взято 853, нет кассы 241, мельче $5 0, открытых 6, оборванных записью 2
  депозит $10,000: мест 400, взято 1094, нет кассы 0, мельче $5 0, открытых 6, оборванных записью 2
  депозит $100,000: мест 393, взято 1094, нет кассы 0, мельче $5 0, открытых 6, оборванных записью 2
журнал: было 57976, дописано 0
раздельные счета: издержки вычтены у 16112 строк из 16112
# Общий счёт: длинная книга и короткая на одном депозите

Требование владельца 2026-09-07: «для общей должен быть один общий счёт, а не по отдельности». Решения обеих книг стоят в ОДНОЙ очереди за деньгами: занятая одной стороной маржа недоступна другой, и часть сделок поэтому не случается вовсе. Числа общей книги не равны сумме двух отдельных — это и есть разница режимов, а не расхождение счёта.

Билет у каждой стороны СВОЙ (он выведен из пика её одновременных позиций), гейт плеча и правило «одна позиция на имя» — тоже правила стороны. Издержки учтены в каждой сделке, как и в отдельных книгах.

**Возраст имени на входе шорта** (решение владельца 2026-09-08, объявлено ДО прогона): короткая сторона не входит в имя, торгующееся на площадке меньше 7 сут; возраст неизвестен — входа тоже нет, и это своё число. Основание: на объявленной сетке (0, 3, 7, 14, 30, 60 суток) отношение доход/просадка растёт с 1.24 / 1.19 / 0.95 до 3.26 / 3.00 / 2.36 уже на семи сутках, а случайная выборка ровно того же размера бьёт фильтр лишь в 2–9 % случаев из 200 зёрен. Механизм назван: плюс книги делают имена старше 60 суток, моложе недели — минус с худшей медианой сделки и большей долей хвостовых исходов; funding тут ни при чём — у молодых имён он шорту благоприятен. Порог взят наименьший из работающих, а не лучшая ячейка: различить 7, 30 и 60 суток данные одного окна не позволяют. Отдельные короткие книги фильтра не получают: они контроль на том же листе. Гейт по ставке funding снят 2026-09-08 (держался на «ставка неизвестна»); его машинерия проверена и оставлена.

| книга | порог | решений предложено | взято | моложе порога | возраст неизвестен | справочнику часов |
|---|---|--:|--:|--:|--:|--:|
| общая (безопасная) | ≥7 сут | 2974 | 2432 | 542 | 0 | 0.9 |
| общая (оптимальная) | ≥7 сут | 2974 | 2432 | 542 | 0 | 0.9 |
| общая (агрессивная) | ≥7 сут | 2974 | 2432 | 542 | 0 | 0.9 |

**Доля билета короткой стороны** (решение владельца 2026-09-07 по замеру `short_why`, объявлено ДО прогона): общая (безопасная) 1×, общая (оптимальная) 0.25×, общая (агрессивная) 0.25×. Просадку общего счёта делает хвост короткой стороны (пол капитуляции и ликвидация, funding на большом плече), а не связь сторон — она отрицательна у всех трёх пар. Доля не опускает билет ниже биржевого пола: на депозите $1 000 билеты и так стоят на полу, и там правило не кусается.

| книга | депозит | билет длинной | билет короткой | её собственный | доля |
|---|--:|--:|--:|--:|--:|
| общая (безопасная) | $1000 | $25 | $25 | $25 | 1.00× |
| общая (безопасная) | $10000 | $25 | $222 | $222 | 1.00× |
| общая (безопасная) | $100000 | $145 | $2222 | $2222 | 1.00× |
| общая (оптимальная) | $1000 | $25 | $25 | $25 | 1.00× |
| общая (оптимальная) | $10000 | $25 | $55.5 | $222 | 0.25× |
| общая (оптимальная) | $100000 | $145 | $555.5 | $2222 | 0.25× |
| общая (агрессивная) | $1000 | $6.25 | $6.5 | $26 | 0.25× |
| общая (агрессивная) | $10000 | $28 | $66.5 | $266 | 0.25× |
| общая (агрессивная) | $100000 | $281 | $666.5 | $2666 | 0.25× |

## Книги

| книга | депозит | сделок | длинных | коротких | Σ $ | итог | просадка | медиана дня | плюсов | связь сторон | совпадений имён |
|---|--:|--:|--:|--:|--:|--:|--:|--:|--:|--:|--:|
| общая (безопасная) | $1000 | 618 | 193 | 425 | +294.65 | +29.46 % | -9.52 % | +0.02 | 0.636 % | -0.492 | 3 (0.7 %) |
| общая (безопасная) | $10000 | 1459 | 939 | 520 | +2700.74 | +27.01 % | -8.29 % | +0.01 | 0.69 % | -0.517 | 23 (4.4 %) |
| общая (безопасная) | $100000 | 1663 | 1129 | 534 | +24610.49 | +24.61 % | -9.02 % | +0.01 | 0.704 % | -0.47 | 24 (4.5 %) |
| общая (оптимальная) | $1000 | 564 | 165 | 399 | +306.48 | +30.65 % | -25.86 % | +0.02 | 0.628 % | -0.289 | 3 (0.8 %) |
| общая (оптимальная) | $10000 | 2029 | 1436 | 593 | +1943.99 | +19.44 % | -6.47 % | +0.00 | 0.726 % | -0.205 | 37 (6.2 %) |
| общая (оптимальная) | $100000 | 2349 | 1756 | 593 | +16786.51 | +16.79 % | -6.60 % | +0.00 | 0.742 % | -0.204 | 46 (7.8 %) |
| общая (агрессивная) | $1000 | 845 | 396 | 449 | +300.91 | +30.09 % | -9.37 % | +0.00 | 0.715 % | -0.192 | 3 (0.7 %) |
| общая (агрессивная) | $10000 | 1086 | 635 | 451 | +2455.12 | +24.55 % | -10.40 % | +0.00 | 0.762 % | -0.214 | 3 (0.7 %) |
| общая (агрессивная) | $100000 | 1086 | 635 | 451 | +24638.70 | +24.64 % | -10.42 % | +0.00 | 0.762 % | -0.214 | 3 (0.7 %) |

## Один счёт против двух раздельных

Слева общий счёт: депозит один на обе стороны. Справа те же книги, как их показывают собственные вкладки: у каждой свой депозит, то есть капитала вдвое больше. Поэтому сравниваются ДЕНЬГИ и просадка, а проценты у них от разных капиталов. Обе стороны таблицы — НЕТТО: издержки вычтены и там, и там (у раздельных счетов 16112 строк из 16112).

| книга | депозит | Σ $ общий счёт | просадка общего | Σ $ длинная отдельно | Σ $ короткая отдельно | Σ $ двух счетов | сделок общий / врозь |
|---|--:|--:|--:|--:|--:|--:|--:|
| общая (безопасная) | $1000 | +294.65 | -9.52 % | +85.88 | +109.59 | +195.47 | 618 / 1051 |
| общая (безопасная) | $10000 | +2700.74 | -8.29 % | +813.24 | +1085.70 | +1898.94 | 1459 / 2342 |
| общая (безопасная) | $100000 | +24610.49 | -9.02 % | +4975.11 | +10864.70 | +15839.81 | 1663 / 2409 |
| общая (оптимальная) | $1000 | +306.48 | -25.86 % | +88.91 | -78.10 | +10.81 | 564 / 1046 |
| общая (оптимальная) | $10000 | +1943.99 | -6.47 % | +1691.39 | -531.32 | +1160.07 | 2029 / 2335 |
| общая (оптимальная) | $100000 | +16786.51 | -6.60 % | +10247.45 | -3349.08 | +6898.37 | 2349 / 2401 |
| общая (агрессивная) | $1000 | +300.91 | -9.37 % | +303.51 | -313.93 | -10.42 | 845 / 972 |
| общая (агрессивная) | $10000 | +2455.12 | -10.40 % | +2022.66 | -3431.11 | -1408.45 | 1086 / 1134 |
| общая (агрессивная) | $100000 | +24638.70 | -10.42 % | +20302.16 | -34464.55 | -14162.39 | 1086 / 1134 |

## Издержки: учтены в каждой сделке

Комиссия тейкером на каждом рунге и выходе, проскальзывание 4.4 б.п. (X3: медиана входа 22 заполнений, 2026-08-22…25, потолок 30) на базовый вход и рыночный выход (пол, срок, трейл, стоп), funding по рядам площадки исполнения. Лимитные рунги и тейк проскальзывания не платят по построению.

| книга | депозит | сделок | из них с издержками | комиссия $ | проскальзывание $ | funding $ | издержки всего $ | брутто $ | нетто $ | медиана на сделку, б.п. маржи (комиссия / проскальз. / funding) | среднее, б.п. (там же) | худшая сделка по funding, б.п. |
|---|--:|--:|--:|--:|--:|--:|--:|--:|--:|--:|--:|--:|
| общая (безопасная) | $1,000 | 618 | 618 | -33.46 | -19.56 | -123.52 | -176.54 | +471.19 | +294.65 | +5.3 / +2.2 / +0.0 | +17.1 / +9.9 / -64.4 | -6960 |
| общая (оптимальная) | $1,000 | 564 | 564 | -61.98 | -33.51 | -219.25 | -314.74 | +621.23 | +306.48 | +10.6 / +6.1 / +0.0 | +30.1 / +16.2 / -111.0 | -8225 |
| общая (агрессивная) | $1,000 | 845 | 845 | -36.37 | -17.55 | -88.92 | -142.84 | +443.75 | +300.91 | +41.2 / +13.8 / -2.5 | +52.5 / +25.2 / -127.3 | -8225 |
| общая (безопасная) | $10,000 | 1459 | 1459 | -321.14 | -186.77 | -1167.42 | -1675.33 | +4376.07 | +2700.74 | +5.4 / +2.2 / -0.4 | +11.7 / +6.2 / -30.3 | -6960 |
| общая (оптимальная) | $10,000 | 2029 | 2029 | -198.70 | -98.71 | -473.27 | -770.68 | +2714.68 | +1943.99 | +9.1 / +3.5 / -1.0 | +20.8 / +9.6 / -37.4 | -8225 |
| общая (агрессивная) | $10,000 | 1086 | 1086 | -326.31 | -159.67 | -883.47 | -1369.45 | +3824.57 | +2455.12 | +35.9 / +11.4 / -3.6 | +49.8 / +22.2 / -101.4 | -8225 |
| общая (безопасная) | $100,000 | 1663 | 1663 | -3171.80 | -1850.16 | -11715.46 | -16737.42 | +41347.91 | +24610.49 | +5.5 / +2.2 / -0.6 | +11.3 / +5.8 / -27.1 | -6960 |
| общая (оптимальная) | $100,000 | 2349 | 2349 | -1808.93 | -909.77 | -4609.09 | -7327.79 | +24114.29 | +16786.51 | +9.2 / +3.5 / -1.2 | +20.7 / +9.1 / -32.6 | -8225 |
| общая (агрессивная) | $100,000 | 1086 | 1086 | -3273.65 | -1601.74 | -8860.59 | -13735.98 | +38374.69 | +24638.70 | +35.9 / +11.4 / -3.6 | +49.8 / +22.2 / -101.4 | -8225 |

**Funding — издержка ХВОСТА, а не средняя**: у 9 книг среднее на сделку в разы дальше от нуля, чем медиана, то есть платят немногие позиции и платят много (долгое удержание на дорогой ставке). общая (безопасная) $1000: медиана +0.0, среднее -64.4, худшая -6960 б.п.; общая (оптимальная) $1000: медиана +0.0, среднее -111.0, худшая -8225 б.п.; общая (агрессивная) $1000: медиана -2.5, среднее -127.3, худшая -8225 б.п..


Чего не удалось измерить: у 136 сделок ряд funding не покрывает жизнь позиции — funding им НЕ начислен (это прочерк, а не ноль: он мал и разного знака, но не измерен); у 6183 сделок ставки тейкера в справочнике нет — взята модальная.

Проскальзывание снято на 300 $ за имя (живой замер X3): у крупных билетов оно больше, поэтому нетто крупных депозитов — НИЖНЯЯ граница издержек. Отметка открытой позиции остаётся брутто: выхода ещё не было, и комиссию выхода вычитать не из чего.

## Чего эти числа НЕ говорят

- Живого исполнения здесь нет: исходы позиций взяты из кэшей реплея обеих книг, посчитанных по барам записи. Очередь в стакане и задержка входа не моделируются.
- Внутри одной секунды деньги достаются лучшему по |прогнозу| решению — правило очереди объявлено до прогона и одно на обе стороны. Другое правило дало бы другой состав, и это ось для отдельного замера, а не свойство рынка.
- Общий счёт — ХЕДЖ-режим: шорт по имени, которое держит длинная сторона, разрешён. В одностороннем режиме биржи он срезал бы длинную позицию, и число совпадений выше есть цена режима.
- Веса модели видели эти часы: пересчёт истории читается как оценка СВЕРХУ. Судит форвард.

