== задание pair-gate-rule-1 ==
строка: run research/dca_paper/run_pair.py
начало: 2026-09-08T06:27:47Z
запускаю: .venv/bin/python research/dca_paper/run_pair.py 
длинные книги: aggr 7337, optimal 7337, safe 7337
короткие книги: aggr_h 2959, optimal_h 2959, safe_h 2959
pair_safe: гейт по ставке оставил 1470 из 2959 (по знаку отказано 716, ставка неизвестна 773)
pair_optimal: гейт по ставке оставил 1470 из 2959 (по знаку отказано 716, ставка неизвестна 773)
pair_aggr: гейт по ставке оставил 1470 из 2959 (по знаку отказано 716, ставка неизвестна 773)
линейка общая (безопасная) (pair_safe): позиций 8807, после правила одной на имя 2204
  депозит $1,000: мест 40, взято 593, нет кассы 1611, мельче $5 0, открытых 9, оборванных записью 10
  депозит $10,000: мест 400, взято 1504, нет кассы 700, мельче $5 0, открытых 11, оборванных записью 15
  депозит $100,000: мест 735, взято 1828, нет кассы 376, мельче $5 0, открытых 11, оборванных записью 16
линейка общая (оптимальная) (pair_optimal): позиций 8807, после правила одной на имя 2223
  депозит $1,000: мест 40, взято 513, нет кассы 1710, мельче $5 0, открытых 8, оборванных записью 9
  депозит $10,000: мест 400, взято 1966, нет кассы 257, мельче $5 0, открытых 10, оборванных записью 17
  депозит $100,000: мест 735, взято 2223, нет кассы 0, мельче $5 0, открытых 10, оборванных записью 17
линейка общая (агрессивная) (pair_aggr): позиций 8807, гейт плеча отсеял 6057, после правила одной на имя 948
  депозит $1,000: мест 40, взято 733, нет кассы 215, мельче $5 0, открытых 4, оборванных записью 2
  депозит $10,000: мест 400, взято 948, нет кассы 0, мельче $5 0, открытых 4, оборванных записью 2
  депозит $100,000: мест 393, взято 948, нет кассы 0, мельче $5 0, открытых 4, оборванных записью 2
журнал: было 21890, дописано 11095 в 32 файлов записи
раздельные счета: издержки вычтены у 16096 строк из 16096
# Общий счёт: длинная книга и короткая на одном депозите

Требование владельца 2026-09-07: «для общей должен быть один общий счёт, а не по отдельности». Решения обеих книг стоят в ОДНОЙ очереди за деньгами: занятая одной стороной маржа недоступна другой, и часть сделок поэтому не случается вовсе. Числа общей книги не равны сумме двух отдельных — это и есть разница режимов, а не расхождение счёта.

Билет у каждой стороны СВОЙ (он выведен из пика её одновременных позиций), гейт плеча и правило «одна позиция на имя» — тоже правила стороны. Издержки учтены в каждой сделке, как и в отдельных книгах.

**Гейт по ставке funding на входе шорта** (решение владельца 2026-09-08, объявлено ДО прогона): короткая сторона входит, только если последняя известная ставка площадки благоприятна шорту и она свежая; ставка неизвестна — входа нет. Основание: отношение доход/просадка у общего счёта без гейта 1.0–1.7, с гейтом 2.7–4.7, но случайная половина того же размера даёт 1.5–2.3 и бьёт гейт в 8–27 % случаев — порога 5 % правило не проходит и потому судится ВПЕРЁД. Отдельные короткие книги гейта не получают: они контроль на том же листе.

| книга | гейт | решений предложено | взято | отказ по знаку | ставка неизвестна |
|---|---|--:|--:|--:|--:|
| общая (безопасная) | да | 2959 | 1470 | 716 | 773 |
| общая (оптимальная) | да | 2959 | 1470 | 716 | 773 |
| общая (агрессивная) | да | 2959 | 1470 | 716 | 773 |

**Доля билета короткой стороны** (решение владельца 2026-09-07 по замеру `short_why`, объявлено ДО прогона): общая (безопасная) 1×, общая (оптимальная) 0.25×, общая (агрессивная) 0.25×. Просадку общего счёта делает хвост короткой стороны (пол капитуляции и ликвидация, funding на большом плече), а не связь сторон — она отрицательна у всех трёх пар. Доля не опускает билет ниже биржевого пола: на депозите $1 000 билеты и так стоят на полу, и там правило не кусается.

| книга | депозит | билет длинной | билет короткой | её собственный | доля |
|---|--:|--:|--:|--:|--:|
| общая (безопасная) | $1000 | $25 | $25 | $25 | 1.00× |
| общая (безопасная) | $10000 | $25 | $222 | $222 | 1.00× |
| общая (безопасная) | $100000 | $145 | $2222 | $2222 | 1.00× |
| общая (оптимальная) | $1000 | $25 | $25 | $25 | 1.00× |
| общая (оптимальная) | $10000 | $25 | $55.5 | $222 | 0.25× |
| общая (оптимальная) | $100000 | $145 | $555.5 | $2222 | 0.25× |
| общая (агрессивная) | $1000 | $6.25 | $6.5 | $26 | 0.25× |
| общая (агрессивная) | $10000 | $28 | $66.5 | $266 | 0.25× |
| общая (агрессивная) | $100000 | $281 | $666.5 | $2666 | 0.25× |

## Книги

| книга | депозит | сделок | длинных | коротких | Σ $ | итог | просадка | медиана дня | плюсов | связь сторон | совпадений имён |
|---|--:|--:|--:|--:|--:|--:|--:|--:|--:|--:|--:|
| общая (безопасная) | $1000 | 574 | 250 | 324 | +271.11 | +27.11 % | -6.10 % | +0.01 | 0.657 % | -0.442 | 6 (1.9 %) |
| общая (безопасная) | $10000 | 1478 | 1081 | 397 | +2282.73 | +22.83 % | -8.03 % | +0.01 | 0.72 % | -0.418 | 21 (5.3 %) |
| общая (безопасная) | $100000 | 1801 | 1402 | 399 | +21961.21 | +21.96 % | -7.96 % | +0.01 | 0.742 % | -0.398 | 30 (7.5 %) |
| общая (оптимальная) | $1000 | 496 | 197 | 299 | +648.63 | +64.86 % | -15.33 % | +0.02 | 0.645 % | -0.303 | 4 (1.3 %) |
| общая (оптимальная) | $10000 | 1939 | 1496 | 443 | +2105.28 | +21.05 % | -5.42 % | +0.01 | 0.748 % | -0.2 | 31 (7.0 %) |
| общая (оптимальная) | $100000 | 2196 | 1753 | 443 | +17207.55 | +17.21 % | -5.45 % | +0.01 | 0.757 % | -0.213 | 39 (8.8 %) |
| общая (агрессивная) | $1000 | 727 | 419 | 308 | +280.93 | +28.09 % | -7.69 % | +0.00 | 0.758 % | -0.299 | 3 (1.0 %) |
| общая (агрессивная) | $10000 | 942 | 634 | 308 | +2137.76 | +21.38 % | -8.30 % | +0.00 | 0.797 % | -0.284 | 3 (1.0 %) |
| общая (агрессивная) | $100000 | 942 | 634 | 308 | +21456.43 | +21.46 % | -8.32 % | +0.00 | 0.797 % | -0.284 | 3 (1.0 %) |

## Один счёт против двух раздельных

Слева общий счёт: депозит один на обе стороны. Справа те же книги, как их показывают собственные вкладки: у каждой свой депозит, то есть капитала вдвое больше. Поэтому сравниваются ДЕНЬГИ и просадка, а проценты у них от разных капиталов. Обе стороны таблицы — НЕТТО: издержки вычтены и там, и там (у раздельных счетов 16096 строк из 16096).

| книга | депозит | Σ $ общий счёт | просадка общего | Σ $ длинная отдельно | Σ $ короткая отдельно | Σ $ двух счетов | сделок общий / врозь |
|---|--:|--:|--:|--:|--:|--:|--:|
| общая (безопасная) | $1000 | +271.11 | -6.10 % | +85.57 | +110.23 | +195.80 | 574 / 1050 |
| общая (безопасная) | $10000 | +2282.73 | -8.03 % | +812.57 | +1091.55 | +1904.12 | 1478 / 2340 |
| общая (безопасная) | $100000 | +21961.21 | -7.96 % | +4971.03 | +10923.33 | +15894.36 | 1801 / 2407 |
| общая (оптимальная) | $1000 | +648.63 | -15.33 % | +87.95 | -80.05 | +7.90 | 496 / 1045 |
| общая (оптимальная) | $10000 | +2105.28 | -5.42 % | +1689.81 | -546.97 | +1142.84 | 1939 / 2333 |
| общая (оптимальная) | $100000 | +17207.55 | -5.45 % | +10238.42 | -3510.79 | +6727.63 | 2196 / 2399 |
| общая (агрессивная) | $1000 | +280.93 | -7.69 % | +303.21 | -338.68 | -35.47 | 727 / 970 |
| общая (агрессивная) | $10000 | +2137.76 | -8.30 % | +2021.43 | -3679.50 | -1658.07 | 942 / 1132 |
| общая (агрессивная) | $100000 | +21456.43 | -8.32 % | +20289.79 | -36954.63 | -16664.84 | 942 / 1132 |

## Издержки: учтены в каждой сделке

Комиссия тейкером на каждом рунге и выходе, проскальзывание 4.4 б.п. (X3: медиана входа 22 заполнений, 2026-08-22…25, потолок 30) на базовый вход и рыночный выход (пол, срок, трейл, стоп), funding по рядам площадки исполнения. Лимитные рунги и тейк проскальзывания не платят по построению.

| книга | депозит | сделок | из них с издержками | комиссия $ | проскальзывание $ | funding $ | издержки всего $ | брутто $ | нетто $ | медиана на сделку, б.п. маржи (комиссия / проскальз. / funding) | среднее, б.п. (там же) | худшая сделка по funding, б.п. |
|---|--:|--:|--:|--:|--:|--:|--:|--:|--:|--:|--:|--:|
| общая (безопасная) | $1,000 | 574 | 574 | -24.63 | -13.32 | -47.55 | -85.50 | +356.61 | +271.11 | +5.2 / +2.2 / +0.2 | +14.4 / +7.8 / -30.0 | -6960 |
| общая (оптимальная) | $1,000 | 496 | 496 | -49.63 | -24.08 | -53.75 | -127.46 | +776.09 | +648.63 | +7.8 / +3.3 / +0.6 | +27.3 / +13.2 / -32.8 | -6960 |
| общая (агрессивная) | $1,000 | 727 | 727 | -28.54 | -12.60 | -18.79 | -59.93 | +340.85 | +280.93 | +34.2 / +11.5 / -2.3 | +50.9 / +22.4 / -34.1 | -6960 |
| общая (безопасная) | $10,000 | 1478 | 1478 | -232.32 | -128.20 | -497.81 | -858.33 | +3141.07 | +2282.73 | +5.5 / +2.2 / -0.6 | +10.5 / +5.1 / -15.0 | -6960 |
| общая (оптимальная) | $10,000 | 1939 | 1939 | -164.25 | -75.49 | -149.68 | -389.42 | +2494.69 | +2105.28 | +9.1 / +3.4 / -1.1 | +19.7 / +8.5 / -14.7 | -6960 |
| общая (агрессивная) | $10,000 | 942 | 942 | -242.38 | -107.87 | -180.47 | -530.72 | +2668.47 | +2137.76 | +31.8 / +10.9 / -3.2 | +48.7 / +19.8 / -29.0 | -6960 |
| общая (безопасная) | $100,000 | 1801 | 1801 | -2294.57 | -1278.84 | -5025.82 | -8599.23 | +30560.45 | +21961.21 | +5.7 / +2.2 / -0.8 | +10.2 / +4.8 / -12.9 | -6960 |
| общая (оптимальная) | $100,000 | 2196 | 2196 | -1433.82 | -668.29 | -1399.55 | -3501.66 | +20709.22 | +17207.55 | +9.2 / +3.4 / -1.4 | +19.8 / +8.2 / -13.2 | -6960 |
| общая (агрессивная) | $100,000 | 942 | 942 | -2431.55 | -1081.98 | -1809.75 | -5323.28 | +26779.71 | +21456.43 | +31.8 / +10.9 / -3.2 | +48.7 / +19.8 / -29.0 | -6960 |

**Funding — издержка ХВОСТА, а не средняя**: у 9 книг среднее на сделку в разы дальше от нуля, чем медиана, то есть платят немногие позиции и платят много (долгое удержание на дорогой ставке). общая (безопасная) $1000: медиана +0.2, среднее -30.0, худшая -6960 б.п.; общая (оптимальная) $1000: медиана +0.6, среднее -32.8, худшая -6960 б.п.; общая (агрессивная) $1000: медиана -2.3, среднее -34.1, худшая -6960 б.п..


Чего не удалось измерить: у 3124 сделок ряд funding не покрывает жизнь позиции — funding им НЕ начислен (это прочерк, а не ноль: он мал и разного знака, но не измерен); у 3092 сделок ставки тейкера в справочнике нет — взята модальная.

Проскальзывание снято на 300 $ за имя (живой замер X3): у крупных билетов оно больше, поэтому нетто крупных депозитов — НИЖНЯЯ граница издержек. Отметка открытой позиции остаётся брутто: выхода ещё не было, и комиссию выхода вычитать не из чего.

## Чего эти числа НЕ говорят

- Живого исполнения здесь нет: исходы позиций взяты из кэшей реплея обеих книг, посчитанных по барам записи. Очередь в стакане и задержка входа не моделируются.
- Внутри одной секунды деньги достаются лучшему по |прогнозу| решению — правило очереди объявлено до прогона и одно на обе стороны. Другое правило дало бы другой состав, и это ось для отдельного замера, а не свойство рынка.
- Общий счёт — ХЕДЖ-режим: шорт по имени, которое держит длинная сторона, разрешён. В одностороннем режиме биржи он срезал бы длинную позицию, и число совпадений выше есть цена режима.
- Веса модели видели эти часы: пересчёт истории читается как оценка СВЕРХУ. Судит форвард.

публикуется в ветку main:
 jobs/done/fund-refresh-now.log               |    7 +
 jobs/done/pair-gate-rule-1.done              |    1 +
 jobs/done/pair-gate-rule-1.log               |  111 ++
 jobs/poke.log                                |    3 +
 research/dca_paper/out/DCA-pair.json         |    2 +-
 research/dca_paper/out/DCA-pair.md           |   68 +-
 research/dca_paper/out/pair-2026-08-08.jsonl |  219 +++
 research/dca_paper/out/pair-2026-08-09.jsonl |  412 +++++
 research/dca_paper/out/pair-2026-08-10.jsonl |  147 ++
 research/dca_paper/out/pair-2026-08-11.jsonl |  200 +++
 research/dca_paper/out/pair-2026-08-12.jsonl |  141 ++
 research/dca_paper/out/pair-2026-08-13.jsonl |  544 +++++++
 research/dca_paper/out/pair-2026-08-14.jsonl |  155 ++
 research/dca_paper/out/pair-2026-08-15.jsonl |  347 ++++
 research/dca_paper/out/pair-2026-08-16.jsonl |  219 +++
 research/dca_paper/out/pair-2026-08-17.jsonl |  169 ++
 research/dca_paper/out/pair-2026-08-18.jsonl |  121 ++
 research/dca_paper/out/pair-2026-08-19.jsonl |  994 ++++++++++++
 research/dca_paper/out/pair-2026-08-20.jsonl | 1886 ++++++++++++++++++++++
 research/dca_paper/out/pair-2026-08-21.jsonl | 2171 ++++++++++++++++++++++++++
 research/dca_paper/out/pair-2026-08-22.jsonl | 1318 ++++++++++++++++
 research/dca_paper/out/pair-2026-08-23.jsonl |  181 +++
 research/dca_paper/out/pair-2026-08-24.jsonl |  334 ++++
 research/dca_paper/out/pair-2026-08-25.jsonl |  409 +++++
 research/dca_paper/out/pair-2026-08-26.jsonl |  151 ++
 research/dca_paper/out/pair-2026-08-27.jsonl |  141 ++
 research/dca_paper/out/pair-2026-08-28.jsonl |   93 ++
 research/dca_paper/out/pair-2026-08-29.jsonl |   96 ++
 research/dca_paper/out/pair-2026-08-30.jsonl |   36 +
 research/dca_paper/out/pair-2026-08-31.jsonl |   27 +
 research/dca_paper/out/pair-2026-09-01.jsonl |   54 +
 research/dca_paper/out/pair-2026-09-02.jsonl |   69 +
 research/dca_paper/out/pair-2026-09-03.jsonl |  185 +++
 research/dca_paper/out/pair-2026-09-04.jsonl |   83 +
 research/dca_paper/out/pair-2026-09-05.jsonl |   76 +
 research/dca_paper/out/pair-2026-09-06.jsonl |   90 ++
 research/dca_paper/out/pair-2026-09-07.jsonl |   24 +
 research/dca_paper/out/pair-2026-09-08.jsonl |    3 +
 38 files changed, 11256 insertions(+), 31 deletions(-)
To github.com:n0tgod/algoth_v2.git
   8a8d65a..f6d9036  main -> main
branch 'main' set up to track 'origin/main'.
опубликовано
конец: 2026-09-08T06:28:05Z, код 0
публикуется в ветку main:
 jobs/done/pair-gate-rule-1.log | 45 ++++++++++++++++++++++++++++++++++++++++++
 1 file changed, 45 insertions(+)
To github.com:n0tgod/algoth_v2.git
   f6d9036..ebfd6a6  main -> main
branch 'main' set up to track 'origin/main'.
опубликовано
