== задание pair-gate-3 ==
строка: run research/dca_paper/pair_gate.py
начало: 2026-09-07T23:17:15Z
запускаю: .venv/bin/python research/dca_paper/pair_gate.py 
длинные книги: aggr 7337, optimal 7337, safe 7337
короткие книги: aggr_h 2945, optimal_h 2945, safe_h 2945
pair_safe all/off: коротких решений 2945 из 2945, счёт 1520.66 $, просадка -0.1265
pair_safe all/on: коротких решений 1461 из 2945, счёт 2175.18 $, просадка -0.0803
pair_safe all/random: коротких решений 1461 из 2945, счёт 1836.17 $, просадка -0.0774
pair_safe only_long/off: коротких решений 103 из 2945, счёт 803.0 $, просадка -0.0208
pair_safe only_long/on: коротких решений 72 из 2945, счёт 745.31 $, просадка -0.0208
pair_safe only_long/random: коротких решений 72 из 2945, счёт 807.19 $, просадка -0.0209
pair_safe not_long/off: коротких решений 2842 из 2945, счёт 1794.06 $, просадка -0.1118
pair_safe not_long/on: коротких решений 1389 из 2945, счёт 2368.35 $, просадка -0.0533
pair_safe not_long/random: коротких решений 1389 из 2945, счёт 270.43 $, просадка -0.0838
pair_safe random/off: коротких решений 103 из 2945, счёт 859.64 $, просадка -0.0345
pair_safe random/on: коротких решений 72 из 2945, счёт 961.75 $, просадка -0.0081
pair_safe random/random: коротких решений 72 из 2945, счёт 151.75 $, просадка -0.0602
pair_optimal all/off: коротких решений 2945 из 2945, счёт 1349.75 $, просадка -0.1092
pair_optimal all/on: коротких решений 1461 из 2945, счёт 2131.18 $, просадка -0.0542
pair_optimal all/random: коротких решений 1461 из 2945, счёт 1931.67 $, просадка -0.0447
pair_optimal only_long/off: коротких решений 56 из 2945, счёт 1728.82 $, просадка -0.0077
pair_optimal only_long/on: коротких решений 51 из 2945, счёт 1729.98 $, просадка -0.0077
pair_optimal only_long/random: коротких решений 51 из 2945, счёт 1682.07 $, просадка -0.0077
pair_optimal not_long/off: коротких решений 2889 из 2945, счёт 1422.57 $, просадка -0.1055
pair_optimal not_long/on: коротких решений 1410 из 2945, счёт 2180.13 $, просадка -0.046
pair_optimal not_long/random: коротких решений 1410 из 2945, счёт 1412.93 $, просадка -0.0608
pair_optimal random/off: коротких решений 56 из 2945, счёт 1514.7 $, просадка -0.0214
pair_optimal random/on: коротких решений 51 из 2945, счёт 1496.55 $, просадка -0.0175
pair_optimal random/random: коротких решений 51 из 2945, счёт 1734.16 $, просадка -0.006
pair_aggr all/off: коротких решений 2945 из 2945, счёт 1802.96 $, просадка -0.1691
pair_aggr all/on: коротких решений 1461 из 2945, счёт 2324.3 $, просадка -0.0792
pair_aggr all/random: коротких решений 1461 из 2945, счёт 2233.33 $, просадка -0.0895
pair_aggr only_long/off: коротких решений 12 из 2945, счёт 2126.43 $, просадка -0.0022
pair_aggr only_long/on: коротких решений 9 из 2945, счёт 2104.92 $, просадка -0.004
pair_aggr only_long/random: коротких решений 9 из 2945, счёт 2063.84 $, просадка -0.0022
pair_aggr not_long/off: коротких решений 2933 из 2945, счёт 1744.6 $, просадка -0.1691
pair_aggr not_long/on: коротких решений 1452 из 2945, счёт 2263.47 $, просадка -0.0792
pair_aggr not_long/random: коротких решений 1452 из 2945, счёт 1956.29 $, просадка -0.1184
pair_aggr random/off: коротких решений 12 из 2945, счёт 1788.0 $, просадка -0.0185
pair_aggr random/on: коротких решений 9 из 2945, счёт 1980.55 $, просадка -0.0128
pair_aggr random/random: коротких решений 9 из 2945, счёт 1946.73 $, просадка -0.013
# Входные фильтры короткой стороны: имена и ставка funding

Просьба владельца 2026-09-07: проверить гейт по ставке funding для шортов и три политики по именам — шортить только то, что держит длинная книга; не шортить то, что она держит; или как сейчас. Оси объявлены до прогона, печатается ВСЯ сетка.

Общий счёт, депозит $10,000, деньги НЕТТО (издержки в каждой сделке). Журнал книг замер не трогает.

| книга | имена | ставка | коротких взято | из них длинных | сделок | Σ $ (у контроля медиана и полоса p10…p90) | к депозиту | просадка | Σ $ шорта | Σ $ лонга / доля контроля |
|---|---|---|--:|--:|--:|--:|--:|--:|--:|--:|
| общая (безопасная) | все | любая | 2945 из 2945 | 589 | 1500 | +1520.66 | +15.21 % | -12.7 % | +1028.24 | +492.43 |
| общая (безопасная) | все | гейт | 1461 из 2945 | 397 | 1476 | +2175.18 | +21.75 % | -8.0 % | +1604.79 | +570.39 |
| общая (безопасная) | все | случайно столько же | 1461 из 2945 | 454 | 1574 | +1836.17 | +18.36 % | -7.7 % | +1266.24 | +569.93 |
| общая (безопасная) | только те, что в лонге | любая | 103 из 2945 | 24 | 1689 | +803.00 | +8.03 % | -2.1 % | +2.14 | +800.86 |
| общая (безопасная) | только те, что в лонге | гейт | 72 из 2945 | 22 | 1686 | +745.31 | +7.45 % | -2.1 % | -54.62 | +799.93 |
| общая (безопасная) | только те, что в лонге | случайно столько же | 72 из 2945 | 20 | 1685 | +807.19 | +8.07 % | -2.1 % | +6.42 | +800.77 |
| общая (безопасная) | кроме тех, что в лонге | любая | 2842 из 2945 | 585 | 1472 | +1794.06 | +17.94 % | -11.2 % | +1328.81 | +465.26 |
| общая (безопасная) | кроме тех, что в лонге | гейт | 1389 из 2945 | 383 | 1513 | +2368.35 | +23.68 % | -5.3 % | +1763.25 | +605.09 |
| общая (безопасная) | кроме тех, что в лонге | случайно столько же | 1389 из 2945 | 455 | 1621 | +270.43 | +2.70 % | -8.4 % | -221.51 | +491.94 |
| общая (безопасная) | случайные (столько же, сколько «только») | любая | 103 из 2945 | 77 | 1672 | +859.64 | +8.60 % | -3.5 % | +72.53 | +787.10 |
| общая (безопасная) | случайные (столько же, сколько «только») | гейт | 72 из 2945 | 59 | 1673 | +961.75 | +9.62 % | -0.8 % | +172.15 | +789.60 |
| общая (безопасная) | случайные (столько же, сколько «только») | случайно столько же | 72 из 2945 | 58 | 1694 | +151.75 | +1.52 % | -6.0 % | -634.47 | +786.21 |
| общая (оптимальная) | все | любая | 2945 из 2945 | 693 | 2103 | +1349.75 | +13.50 % | -10.9 % | -89.98 | +1439.73 |
| общая (оптимальная) | все | гейт | 1461 из 2945 | 442 | 1936 | +2131.18 | +21.31 % | -5.4 % | +585.14 | +1546.04 |
| общая (оптимальная) | все | случайно столько же | 1461 из 2945 | 509 | 2025 | +1931.67 | +19.32 % | -4.5 % | +344.11 | +1587.57 |
| общая (оптимальная) | только те, что в лонге | любая | 56 из 2945 | 24 | 1701 | +1728.82 | +17.29 % | -0.8 % | +41.56 | +1687.26 |
| общая (оптимальная) | только те, что в лонге | гейт | 51 из 2945 | 20 | 1697 | +1729.98 | +17.30 % | -0.8 % | +42.90 | +1687.07 |
| общая (оптимальная) | только те, что в лонге | случайно столько же | 51 из 2945 | 23 | 1702 | +1682.07 | +16.82 % | -0.8 % | +4.24 | +1677.83 |
| общая (оптимальная) | кроме тех, что в лонге | любая | 2889 из 2945 | 671 | 2099 | +1422.57 | +14.23 % | -10.5 % | -75.01 | +1497.58 |
| общая (оптимальная) | кроме тех, что в лонге | гейт | 1410 из 2945 | 422 | 1926 | +2180.13 | +21.80 % | -4.6 % | +607.62 | +1572.50 |
| общая (оптимальная) | кроме тех, что в лонге | случайно столько же | 1410 из 2945 | 479 | 2025 | +1412.93 | +14.13 % | -6.1 % | -174.46 | +1587.40 |
| общая (оптимальная) | случайные (столько же, сколько «только») | любая | 56 из 2945 | 46 | 1719 | +1514.70 | +15.15 % | -2.1 % | -156.50 | +1671.19 |
| общая (оптимальная) | случайные (столько же, сколько «только») | гейт | 51 из 2945 | 44 | 1726 | +1496.55 | +14.97 % | -1.8 % | -161.75 | +1658.30 |
| общая (оптимальная) | случайные (столько же, сколько «только») | случайно столько же | 51 из 2945 | 50 | 1719 | +1734.16 | +17.34 % | -0.6 % | +63.58 | +1670.58 |
| общая (агрессивная) | все | любая | 2945 из 2945 | 497 | 1130 | +1802.96 | +18.03 % | -16.9 % | -592.17 | +2395.13 |
| общая (агрессивная) | все | гейт | 1461 из 2945 | 304 | 937 | +2324.30 | +23.24 % | -7.9 % | +78.67 | +2245.62 |
| общая (агрессивная) | все | случайно столько же | 1461 из 2945 | 346 | 979 | +2233.33 | +22.33 % | -8.9 % | -38.47 | +2271.80 |
| общая (агрессивная) | только те, что в лонге | любая | 12 из 2945 | 2 | 635 | +2126.43 | +21.26 % | -0.2 % | +88.98 | +2037.45 |
| общая (агрессивная) | только те, что в лонге | гейт | 9 из 2945 | 1 | 634 | +2104.92 | +21.05 % | -0.4 % | +71.24 | +2033.67 |
| общая (агрессивная) | только те, что в лонге | случайно столько же | 9 из 2945 | 2 | 635 | +2063.84 | +20.64 % | -0.2 % | +37.36 | +2026.49 |
| общая (агрессивная) | кроме тех, что в лонге | любая | 2933 из 2945 | 497 | 1130 | +1744.60 | +17.45 % | -16.9 % | -638.33 | +2382.93 |
| общая (агрессивная) | кроме тех, что в лонге | гейт | 1452 из 2945 | 304 | 937 | +2263.47 | +22.63 % | -7.9 % | +29.34 | +2234.13 |
| общая (агрессивная) | кроме тех, что в лонге | случайно столько же | 1452 из 2945 | 341 | 974 | +1956.29 | +19.56 % | -11.8 % | -304.95 | +2261.24 |
| общая (агрессивная) | случайные (столько же, сколько «только») | любая | 12 из 2945 | 8 | 641 | +1788.00 | +17.88 % | -1.8 % | -218.53 | +2006.53 |
| общая (агрессивная) | случайные (столько же, сколько «только») | гейт | 9 из 2945 | 6 | 639 | +1980.55 | +19.81 % | -1.3 % | -24.43 | +2004.98 |
| общая (агрессивная) | случайные (столько же, сколько «только») | случайно столько же | 9 из 2945 | 4 | 637 | +1946.73 | +19.47 % | -1.3 % | -56.67 | +2003.40 |

Отказы по причинам (на ячейку «все имена, гейт»): 

- общая (безопасная): по ставке 706, ставка неизвестна 778; длинная книга держала 609 имён.
- общая (оптимальная): по ставке 706, ставка неизвестна 778; длинная книга держала 609 имён.
- общая (агрессивная): по ставке 706, ставка неизвестна 778; длинная книга держала 329 имён.

## Как читать

- Строка «случайные» — КОНТРОЛЬ размера: она берёт ровно столько же коротких решений, сколько «только те, что в лонге», на объявленном зерне. Без неё «лучше отбор» и «меньше сделок» неразличимы.
- Строка «случайно столько же» — КОНТРОЛЬ гейта: она берёт ровно столько коротких решений, сколько оставляет гейт, но выбирает их без всякой ставки. Гейт что-то отбирает только тогда, когда он лучше этой строки; иначе он просто уменьшает число шортов.
- Гейт по ставке отказывает и тогда, когда ставка неизвестна: это отказ по незнанию, он считается отдельной колонкой и НЕ смешивается с отказом по знаку.
- Ячейка становится правилом, только будучи объявленной заранее и проверенной вперёд: сетка отвечает на вопрос «есть ли там что-нибудь», а не выбирает победителя.
- Окно одно и режим рынка один; веса модели видели эти часы, и это оценка СВЕРХУ.

