== задание pair-rule-3 ==
строка: run research/dca_paper/run_pair.py
начало: 2026-09-08T10:20:46Z
запускаю: .venv/bin/python research/dca_paper/run_pair.py 
длинные книги: aggr 7337, optimal 7337, safe 7337
короткие книги: aggr_h 2989, optimal_h 2989, safe_h 2989
pair_safe: фильтр возраста ≥7 сут оставил 2443 из 2989 (моложе порога 546, возраст неизвестен 0)
pair_optimal: фильтр возраста ≥7 сут оставил 2443 из 2989 (моложе порога 546, возраст неизвестен 0)
pair_aggr: фильтр возраста ≥7 сут оставил 2443 из 2989 (моложе порога 546, возраст неизвестен 0)
линейка общая (безопасная) (pair_safe): позиций 9780, после правила одной на имя 2356
  депозит $1,000: мест 40, взято 646, нет кассы 1710, мельче $5 0, открытых 16, оборванных записью 8
  депозит $10,000: мест 400, взято 1492, нет кассы 864, мельче $5 0, открытых 16, оборванных записью 12
  депозит $100,000: мест 735, взято 1696, нет кассы 660, мельче $5 0, открытых 16, оборванных записью 12
линейка общая (оптимальная) (pair_optimal): позиций 9780, после правила одной на имя 2385
  депозит $1,000: мест 40, взято 591, нет кассы 1794, мельче $5 0, открытых 16, оборванных записью 8
  депозит $10,000: мест 400, взято 2065, нет кассы 320, мельче $5 0, открытых 16, оборванных записью 15
  депозит $100,000: мест 735, взято 2385, нет кассы 0, мельче $5 0, открытых 16, оборванных записью 15
линейка общая (агрессивная) (pair_aggr): позиций 9780, гейт плеча отсеял 6383, после правила одной на имя 1098
  депозит $1,000: мест 40, взято 857, нет кассы 241, мельче $5 0, открытых 9, оборванных записью 2
  депозит $10,000: мест 400, взято 1098, нет кассы 0, мельче $5 0, открытых 9, оборванных записью 2
  депозит $100,000: мест 393, взято 1098, нет кассы 0, мельче $5 0, открытых 9, оборванных записью 2
журнал: было 57997, дописано 9 в 2 файлов записи
раздельные счета: издержки вычтены у 15572 строк из 15572
# Общий счёт: длинная книга и короткая на одном депозите

Требование владельца 2026-09-07: «для общей должен быть один общий счёт, а не по отдельности». Решения обеих книг стоят в ОДНОЙ очереди за деньгами: занятая одной стороной маржа недоступна другой, и часть сделок поэтому не случается вовсе. Числа общей книги не равны сумме двух отдельных — это и есть разница режимов, а не расхождение счёта.

Билет у каждой стороны СВОЙ (он выведен из пика её одновременных позиций), гейт плеча и правило «одна позиция на имя» — тоже правила стороны. Издержки учтены в каждой сделке, как и в отдельных книгах.

**Возраст имени на входе шорта** (решение владельца 2026-09-08, объявлено ДО прогона): короткая сторона не входит в имя, торгующееся на площадке меньше 7 сут; возраст неизвестен — входа тоже нет, и это своё число. Основание: на объявленной сетке (0, 3, 7, 14, 30, 60 суток) отношение доход/просадка растёт с 1.24 / 1.19 / 0.95 до 3.26 / 3.00 / 2.36 уже на семи сутках, а случайная выборка ровно того же размера бьёт фильтр лишь в 2–9 % случаев из 200 зёрен. Механизм назван: плюс книги делают имена старше 60 суток, моложе недели — минус с худшей медианой сделки и большей долей хвостовых исходов; funding тут ни при чём — у молодых имён он шорту благоприятен. Порог взят наименьший из работающих, а не лучшая ячейка: различить 7, 30 и 60 суток данные одного окна не позволяют. Отдельные короткие книги фильтра не получают: они контроль на том же листе. Гейт по ставке funding снят 2026-09-08 (держался на «ставка неизвестна»); его машинерия проверена и оставлена.

| книга | порог | решений предложено | взято | моложе порога | возраст неизвестен | справочнику часов |
|---|---|--:|--:|--:|--:|--:|
| общая (безопасная) | ≥7 сут | 2989 | 2443 | 546 | 0 | 2.9 |
| общая (оптимальная) | ≥7 сут | 2989 | 2443 | 546 | 0 | 2.9 |
| общая (агрессивная) | ≥7 сут | 2989 | 2443 | 546 | 0 | 2.9 |

**Доля билета короткой стороны** (решение владельца 2026-09-07 по замеру `short_why`, объявлено ДО прогона): общая (безопасная) 1×, общая (оптимальная) 0.25×, общая (агрессивная) 0.25×. Просадку общего счёта делает хвост короткой стороны (пол капитуляции и ликвидация, funding на большом плече), а не связь сторон — она отрицательна у всех трёх пар. Доля не опускает билет ниже биржевого пола: на депозите $1 000 билеты и так стоят на полу, и там правило не кусается.

| книга | депозит | билет длинной | билет короткой | её собственный | доля |
|---|--:|--:|--:|--:|--:|
| общая (безопасная) | $1000 | $25 | $25 | $25 | 1.00× |
| общая (безопасная) | $10000 | $25 | $222 | $222 | 1.00× |
| общая (безопасная) | $100000 | $145 | $2222 | $2222 | 1.00× |
| общая (оптимальная) | $1000 | $25 | $25 | $25 | 1.00× |
| общая (оптимальная) | $10000 | $25 | $55.5 | $222 | 0.25× |
| общая (оптимальная) | $100000 | $145 | $555.5 | $2222 | 0.25× |
| общая (агрессивная) | $1000 | $6.25 | $6.5 | $26 | 0.25× |
| общая (агрессивная) | $10000 | $28 | $66.5 | $266 | 0.25× |
| общая (агрессивная) | $100000 | $281 | $666.5 | $2666 | 0.25× |

## Книги

| книга | депозит | сделок | длинных | коротких | Σ $ | итог | просадка | медиана дня | плюсов | связь сторон | совпадений имён |
|---|--:|--:|--:|--:|--:|--:|--:|--:|--:|--:|--:|
| общая (безопасная) | $1000 | 622 | 196 | 426 | +284.91 | +28.49 % | -9.53 % | +0.01 | 0.633 % | -0.491 | 3 (0.7 %) |
| общая (безопасная) | $10000 | 1464 | 943 | 521 | +2616.11 | +26.16 % | -8.30 % | +0.01 | 0.689 % | -0.514 | 23 (4.4 %) |
| общая (безопасная) | $100000 | 1668 | 1133 | 535 | +23777.70 | +23.78 % | -9.02 % | +0.01 | 0.702 % | -0.467 | 24 (4.5 %) |
| общая (оптимальная) | $1000 | 567 | 167 | 400 | +295.27 | +29.53 % | -26.50 % | +0.02 | 0.624 % | -0.289 | 3 (0.7 %) |
| общая (оптимальная) | $10000 | 2034 | 1440 | 594 | +1924.91 | +19.25 % | -6.62 % | +0.00 | 0.725 % | -0.204 | 37 (6.2 %) |
| общая (оптимальная) | $100000 | 2354 | 1760 | 594 | +16599.87 | +16.60 % | -6.75 % | +0.00 | 0.741 % | -0.202 | 46 (7.7 %) |
| общая (агрессивная) | $1000 | 846 | 396 | 450 | +294.07 | +29.41 % | -9.85 % | +0.00 | 0.714 % | -0.188 | 3 (0.7 %) |
| общая (агрессивная) | $10000 | 1087 | 635 | 452 | +2388.05 | +23.88 % | -10.88 % | +0.00 | 0.762 % | -0.21 | 3 (0.7 %) |
| общая (агрессивная) | $100000 | 1087 | 635 | 452 | +23965.80 | +23.97 % | -10.91 % | +0.00 | 0.762 % | -0.21 | 3 (0.7 %) |

## Один счёт против двух раздельных

Слева общий счёт: депозит один на обе стороны. Справа те же книги, как их показывают собственные вкладки: у каждой свой депозит, то есть капитала вдвое больше. Поэтому сравниваются ДЕНЬГИ и просадка, а проценты у них от разных капиталов. Обе стороны таблицы — НЕТТО: издержки вычтены и там, и там (у раздельных счетов 15572 строк из 15572).

| книга | депозит | Σ $ общий счёт | просадка общего | Σ $ длинная отдельно | Σ $ короткая отдельно | Σ $ двух счетов | сделок общий / врозь |
|---|--:|--:|--:|--:|--:|--:|--:|
| общая (безопасная) | $1000 | +284.91 | -9.53 % | +85.86 | +217.62 | +303.48 | 622 / 977 |
| общая (безопасная) | $10000 | +2616.11 | -8.30 % | +813.23 | +2067.46 | +2880.69 | 1464 / 2260 |
| общая (безопасная) | $100000 | +23777.70 | -9.02 % | +4975.03 | +20693.15 | +25668.18 | 1668 / 2327 |
| общая (оптимальная) | $1000 | +295.27 | -26.50 % | +88.97 | +183.12 | +272.09 | 567 / 972 |
| общая (оптимальная) | $10000 | +1924.91 | -6.62 % | +1691.46 | +550.82 | +2242.28 | 2034 / 2292 |
| общая (оптимальная) | $100000 | +16599.87 | -6.75 % | +10247.83 | +5512.79 | +15760.62 | 2354 / 2359 |
| общая (агрессивная) | $1000 | +294.07 | -9.85 % | +303.51 | +23.41 | +326.92 | 846 / 923 |
| общая (агрессивная) | $10000 | +2388.05 | -10.88 % | +2022.66 | +236.70 | +2259.36 | 1087 / 1087 |
| общая (агрессивная) | $100000 | +23965.80 | -10.91 % | +20302.16 | +2369.48 | +22671.64 | 1087 / 1087 |

## Издержки: учтены в каждой сделке

Комиссия тейкером на каждом рунге и выходе, проскальзывание 4.4 б.п. (X3: медиана входа 22 заполнений, 2026-08-22…25, потолок 30) на базовый вход и рыночный выход (пол, срок, трейл, стоп), funding по рядам площадки исполнения. Лимитные рунги и тейк проскальзывания не платят по построению.

| книга | депозит | сделок | из них с издержками | комиссия $ | проскальзывание $ | funding $ | издержки всего $ | брутто $ | нетто $ | медиана на сделку, б.п. маржи (комиссия / проскальз. / funding) | среднее, б.п. (там же) | худшая сделка по funding, б.п. |
|---|--:|--:|--:|--:|--:|--:|--:|--:|--:|--:|--:|--:|
| общая (безопасная) | $1,000 | 622 | 622 | -33.50 | -19.61 | -123.52 | -176.63 | +461.54 | +284.91 | +5.3 / +2.3 / +0.0 | +17.0 / +9.9 / -64.3 | -6960 |
| общая (оптимальная) | $1,000 | 567 | 567 | -62.02 | -33.55 | -219.25 | -314.82 | +610.10 | +295.27 | +10.5 / +6.1 / +0.0 | +29.9 / +16.1 / -110.8 | -8225 |
| общая (агрессивная) | $1,000 | 846 | 846 | -36.44 | -17.60 | -88.92 | -142.96 | +437.03 | +294.07 | +41.4 / +13.8 / -2.5 | +52.6 / +25.3 / -127.3 | -8225 |
| общая (безопасная) | $10,000 | 1464 | 1464 | -321.31 | -186.92 | -1167.43 | -1675.66 | +4291.76 | +2616.11 | +5.4 / +2.2 / -0.4 | +11.7 / +6.2 / -30.2 | -6960 |
| общая (оптимальная) | $10,000 | 2034 | 2034 | -198.77 | -98.79 | -473.28 | -770.84 | +2695.75 | +1924.91 | +9.1 / +3.5 / -1.0 | +20.7 / +9.6 / -37.4 | -8225 |
| общая (агрессивная) | $10,000 | 1087 | 1087 | -326.98 | -160.21 | -883.47 | -1370.66 | +3758.70 | +2388.05 | +36.0 / +11.4 / -3.6 | +49.8 / +22.2 / -101.4 | -8225 |
| общая (безопасная) | $100,000 | 1668 | 1668 | -3173.29 | -1851.46 | -11715.49 | -16740.24 | +40517.94 | +23777.70 | +5.5 / +2.2 / -0.6 | +11.3 / +5.8 / -27.1 | -6960 |
| общая (оптимальная) | $100,000 | 2354 | 2354 | -1809.42 | -910.29 | -4609.12 | -7328.83 | +23928.69 | +16599.87 | +9.2 / +3.5 / -1.2 | +20.7 / +9.1 / -32.5 | -8225 |
| общая (агрессивная) | $100,000 | 1087 | 1087 | -3280.37 | -1607.11 | -8860.59 | -13748.07 | +37713.88 | +23965.80 | +36.0 / +11.4 / -3.6 | +49.8 / +22.2 / -101.4 | -8225 |

**Funding — издержка ХВОСТА, а не средняя**: у 9 книг среднее на сделку в разы дальше от нуля, чем медиана, то есть платят немногие позиции и платят много (долгое удержание на дорогой ставке). общая (безопасная) $1000: медиана +0.0, среднее -64.3, худшая -6960 б.п.; общая (оптимальная) $1000: медиана +0.0, среднее -110.8, худшая -8225 б.п.; общая (агрессивная) $1000: медиана -2.5, среднее -127.3, худшая -8225 б.п..


Чего не удалось измерить: у 156 сделок ряд funding не покрывает жизнь позиции — funding им НЕ начислен (это прочерк, а не ноль: он мал и разного знака, но не измерен); у 6183 сделок ставки тейкера в справочнике нет — взята модальная.

Проскальзывание снято на 300 $ за имя (живой замер X3): у крупных билетов оно больше, поэтому нетто крупных депозитов — НИЖНЯЯ граница издержек. Отметка открытой позиции остаётся брутто: выхода ещё не было, и комиссию выхода вычитать не из чего.

## Чего эти числа НЕ говорят

- Живого исполнения здесь нет: исходы позиций взяты из кэшей реплея обеих книг, посчитанных по барам записи. Очередь в стакане и задержка входа не моделируются.
- Внутри одной секунды деньги достаются лучшему по |прогнозу| решению — правило очереди объявлено до прогона и одно на обе стороны. Другое правило дало бы другой состав, и это ось для отдельного замера, а не свойство рынка.
- Общий счёт — ХЕДЖ-режим: шорт по имени, которое держит длинная сторона, разрешён. В одностороннем режиме биржи он срезал бы длинную позицию, и число совпадений выше есть цена режима.
- Веса модели видели эти часы: пересчёт истории читается как оценка СВЕРХУ. Судит форвард.

публикуется в ветку main:
 jobs/done/pair-rule-3.done                   |   1 +
 jobs/done/pair-rule-3.log                    | 111 +++++++++++++++++++++++++++
 jobs/done/short-rule-1.log                   |   7 ++
 jobs/poke.log                                |   3 +
 research/dca_paper/out/DCA-pair.json         |   2 +-
 research/dca_paper/out/DCA-pair.md           |  66 ++++++++--------
 research/dca_paper/out/pair-2026-08-28.jsonl |   6 ++
 research/dca_paper/out/pair-2026-09-08.jsonl |   3 +
 8 files changed, 165 insertions(+), 34 deletions(-)
To github.com:n0tgod/algoth_v2.git
   7c898058..0fd1036c  main -> main
branch 'main' set up to track 'origin/main'.
опубликовано
конец: 2026-09-08T10:21:04Z, код 0
