== задание pair-age-why-1 ==
строка: run research/dca_paper/pair_age.py --only-why
начало: 2026-09-08T07:43:33Z
запускаю: .venv/bin/python research/dca_paper/pair_age.py --only-why
длинные книги: aggr 7337, optimal 7337, safe 7337
короткие книги: aggr_h 2969, optimal_h 2969, safe_h 2969
pair_safe ≥0 сут: коротких 2969 из 2969, счёт 1602.85 $, отношение 1.24
   pair_safe ≥60 сут: сделок 468, +1665 $, хвостом кончились 5 %
   pair_safe 30–60 сут: сделок 5, -9 $, хвостом кончились 0 %
   pair_safe 7–14 сут: сделок 20, +32 $, хвостом кончились 5 %
   pair_safe <3 сут: сделок 60, -201 $, хвостом кончились 0 %
   pair_safe 3–7 сут: сделок 26, -371 $, хвостом кончились 4 %
   pair_safe 14–30 сут: сделок 13, -6 $, хвостом кончились 8 %
pair_optimal ≥0 сут: коротких 2969 из 2969, счёт 1323.23 $, отношение 1.19
   pair_optimal ≥60 сут: сделок 542, +668 $, хвостом кончились 11 %
   pair_optimal 30–60 сут: сделок 8, -39 $, хвостом кончились 0 %
   pair_optimal 7–14 сут: сделок 23, -129 $, хвостом кончились 17 %
   pair_optimal <3 сут: сделок 76, -279 $, хвостом кончились 10 %
   pair_optimal 3–7 сут: сделок 30, -254 $, хвостом кончились 20 %
   pair_optimal 14–30 сут: сделок 18, -86 $, хвостом кончились 17 %
pair_aggr ≥0 сут: коротких 2969 из 2969, счёт 1642.76 $, отношение 0.95
   pair_aggr ≥60 сут: сделок 412, +192 $, хвостом кончились 24 %
   pair_aggr 7–14 сут: сделок 19, +0 $, хвостом кончились 21 %
   pair_aggr <3 сут: сделок 34, -529 $, хвостом кончились 32 %
   pair_aggr 30–60 сут: сделок 4, -44 $, хвостом кончились 0 %
   pair_aggr 3–7 сут: сделок 21, -244 $, хвостом кончились 38 %
   pair_aggr 14–30 сут: сделок 15, -131 $, хвостом кончились 33 %
# Возраст имени как фильтр входа короткой стороны

Гипотеза осталась от опровергнутого гейта по ставке funding: его результат держался на «ставке неизвестна» — решениях по листингам без рядов. Проверяется то, что за этим стояло: возраст имени на момент решения. Ось объявлена до прогона, контроль — случайная выборка ровно того же размера.

Общий счёт, депозит $10,000, деньги НЕТТО. Момент листинга известен у 1839 символов справочника; имя без даты в фильтр не проходит и считается отдельной колонкой.

| книга | порог | коротких взято | моложе порога | возраст неизвестен | Σ $ | просадка | доход/просадка | контроль: медиана отношения (p10…p90) | бьют фильтр (деньги / отношение) |
|---|--:|--:|--:|--:|--:|--:|--:|--:|--:|
| общая (безопасная) | нет | 2969 из 2969 | 0 | 0 | +1602.85 | -12.9 % | 1.24 | — | — |
| общая (оптимальная) | нет | 2969 из 2969 | 0 | 0 | +1323.23 | -11.1 % | 1.19 | — | — |
| общая (агрессивная) | нет | 2969 из 2969 | 0 | 0 | +1642.76 | -17.2 % | 0.95 | — | — |

## Почему: где живёт минус короткой стороны

Разрез ИСПОЛНЕННЫХ коротких сделок без всякого фильтра по возрасту имени на момент входа. Сетка выше говорит только «стало лучше» — лучше становится и просто от меньшего числа сделок; полоса называет причину. Хвост — исходы «пол» и «ликвидация»; funding в б.п. вложенной маржи, прочерк — ряда площадки на эти часы нет.

### общая (безопасная)

| возраст имени | сделок | Σ $ | медиана | худшая | хвостом | медиана плеча | funding медиана / среднее б.п. |
|---|--:|--:|--:|--:|--:|--:|--:|
| <3 сут | 60 | -201.21 | -0.47 | -168.58 | 0 % | 1.0× | +0 / -0 |
| 3–7 сут | 26 | -371.39 | +1.84 | -243.47 | 4 % | 1.0× | +1 / +10 |
| 7–14 сут | 20 | +32.14 | +1.37 | -238.44 | 5 % | 1.1× | +1 / +6 |
| 14–30 сут | 13 | -6.24 | +3.11 | -240.85 | 8 % | 2.8× | +1 / -41 |
| 30–60 сут | 5 | -8.71 | +0.07 | -14.07 | 0 % | 1.0× | +0 / -19 |
| ≥60 сут | 468 | +1664.75 | +3.06 | -323.53 | 5 % | 1.0× | +1 / -90 |

### общая (оптимальная)

| возраст имени | сделок | Σ $ | медиана | худшая | хвостом | медиана плеча | funding медиана / среднее б.п. |
|---|--:|--:|--:|--:|--:|--:|--:|
| <3 сут | 76 | -279.00 | -0.14 | -71.12 | 10 % | 1.0× | +0 / +2 |
| 3–7 сут | 30 | -254.38 | +0.11 | -69.39 | 20 % | 1.0× | +2 / +22 |
| 7–14 сут | 23 | -128.88 | +0.38 | -73.51 | 17 % | 5.4× | +1 / +9 |
| 14–30 сут | 18 | -86.42 | -0.45 | -72.33 | 17 % | 5.9× | +4 / -21 |
| 30–60 сут | 8 | -39.13 | -0.00 | -32.76 | 0 % | 1.0× | -0 / -103 |
| ≥60 сут | 542 | +667.97 | +0.75 | -77.31 | 11 % | 4.5× | +1 / -127 |

### общая (агрессивная)

| возраст имени | сделок | Σ $ | медиана | худшая | хвостом | медиана плеча | funding медиана / среднее б.п. |
|---|--:|--:|--:|--:|--:|--:|--:|
| <3 сут | 34 | -528.78 | -4.88 | -92.12 | 32 % | 25.0× | +0 / +3 |
| 3–7 сут | 21 | -244.00 | -3.76 | -88.03 | 38 % | 25.0× | +32 / +49 |
| 7–14 сут | 19 | +0.24 | +7.12 | -96.85 | 21 % | 25.0× | +5 / +16 |
| 14–30 сут | 15 | -131.09 | -0.55 | -94.74 | 33 % | 25.0× | +5 / -53 |
| 30–60 сут | 4 | -43.91 | -4.71 | -38.98 | 0 % | 15.0× | -1 / -192 |
| ≥60 сут | 412 | +191.74 | +3.15 | -114.94 | 24 % | 20.0× | +4 / -250 |


## Как читать

- Строка «нет» — как сейчас, фильтра нет; с ней и сравнивается всё остальное.
- Контроль берёт столько же коротких решений, сколько оставляет порог, но выбирает их случайно. Возраст что-то отбирает только там, где доля «бьют фильтр» мала.
- «Возраст неизвестен» — своя колонка: именно её молчаливое превращение в отказ и создало ложный результат гейта по ставке.
- Ячейка становится правилом только объявленной заранее и проверенной вперёд; окно одно, веса модели эти часы видели.

