== задание pair-share-deploy ==
строка: restart-book
начало: 2026-09-07T21:57:52Z
перезапуск сборщика и циклов
== останавливаю прежний ==
жду закрытия файлов........
== обновляю код ==
Already up to date.
== запускаю ==
== поднялся, хвост журнала ==
[       6 с] очередь сжатия: 300 файлов
[       6 с] очередь сжатия: 200 файлов
[       6 с] очередь сжатия: 100 файлов
[       7 с] шард 0: подключён, подписываюсь на 120 тем
[       7 с] шард 1: подключён, подписываюсь на 120 тем
[       8 с] шард 2: подключён, подписываюсь на 120 тем
[      10 с] шард 3: подключён, подписываюсь на 120 тем
[      11 с] шард 4: подключён, подписываюсь на 120 тем
== перезапускаю циклы обучения ==
  не запущен: s8_loop/train.py --pretest
  остановлен, сторож поднимет: s8_loop/train.py$
