== задание paper-live ==
строка: run research/paper_monthly/book.py --catchup
начало: 2026-08-27T12:39:26Z
запускаю: .venv/bin/python research/paper_monthly/book.py --catchup
универсум 949, рядов funding 722
  решение 2026-08-01: ног 70, универсум 352
  решение 2026-08-02: ног 70, универсум 352
  решение 2026-08-03: ног 70, универсум 352
  решение 2026-08-04: ног 70, универсум 352
  решение 2026-08-05: ног 70, универсум 355
  решение 2026-08-06: ног 70, универсум 355
  решение 2026-08-07: ног 70, универсум 356
  решение 2026-08-08: ног 70, универсум 356
  решение 2026-08-09: ног 70, универсум 356
  решение 2026-08-10: ног 70, универсум 356
  решение 2026-08-11: ног 70, универсум 357
  решение 2026-08-12: ног 70, универсум 357
  решение 2026-08-13: ног 70, универсум 359
  решение 2026-08-14: ног 70, универсум 361
  решение 2026-08-15: ног 70, универсум 361
  решение 2026-08-16: ног 70, универсум 361
  решение 2026-08-17: ног 70, универсум 361
  решение 2026-08-18: ног 70, универсум 361
  решение 2026-08-19: ног 70, универсум 361
  решение 2026-08-20: ног 70, универсум 362
  решение 2026-08-21: ног 70, универсум 362
  решение 2026-08-22: ног 70, универсум 363
  решение 2026-08-23: ног 70, универсум 364
  решение 2026-08-24: ног 70, универсум 364
  решение 2026-08-25: ног 70, универсум 364
  решение 2026-08-26: ног 70, универсум 364
  решение 2026-08-27: ног 70, универсум 365
новых решений 27, новых разборов 0
готово: /root/algoth_v2/research/paper_monthly/out/PAPER-30d.json (2.6 мин)
  настоящих наблюдений пока НЕТ: записано вперёд 0 траншей, восстановлено задним числом 105 — кривая восстановленной части есть бэктест, а не трек
публикую отчёт
публикуется в ветку main:
 jobs/done/a2-refresh-full.log             |  7 ++++++
 jobs/done/paper-live.done                 |  1 +
 jobs/done/paper-live.log                  | 36 +++++++++++++++++++++++++++++++
 jobs/poke.log                             |  3 +++
 research/paper_monthly/out/PAPER-30d.json |  7 +++---
 research/paper_monthly/out/PAPER-30d.md   |  6 ++++--
 6 files changed, 55 insertions(+), 5 deletions(-)
To github.com:n0tgod/algoth_v2.git
   a6ba008..dcd87e7  main -> main
branch 'main' set up to track 'origin/main'.
опубликовано
конец: 2026-08-27T12:42:07Z, код 0
