== задание paper-diag ==
строка: run research/paper_monthly/book.py --catchup --start 2026-04-01
начало: 2026-08-27T09:42:52Z
запускаю: .venv/bin/python research/paper_monthly/book.py --catchup --start 2026-04-01
универсум 949, рядов funding 722
  решение 2026-04-01: ног 64, универсум 334
  решение 2026-04-02: ног 64, универсум 333
  решение 2026-04-03: ног 64, универсум 328
  решение 2026-04-04: ног 64, универсум 327
  решение 2026-04-05: ног 64, универсум 327
  решение 2026-04-06: ног 64, универсум 327
  решение 2026-04-07: ног 64, универсум 327
  решение 2026-04-08: ног 64, универсум 327
  решение 2026-04-09: ног 64, универсум 328
  решение 2026-04-10: ног 64, универсум 329
  решение 2026-04-11: ног 64, универсум 329
  решение 2026-04-12: ног 64, универсум 329
  решение 2026-04-13: ног 64, универсум 329
  решение 2026-04-14: ног 66, универсум 331
  решение 2026-04-15: ног 66, универсум 332
  решение 2026-04-16: ног 66, универсум 334
  решение 2026-04-17: ног 64, универсум 331
  решение 2026-04-18: ног 64, универсум 331
  решение 2026-04-19: ног 64, универсум 331
  решение 2026-04-20: ног 64, универсум 331
  решение 2026-04-21: ног 64, универсум 331
  решение 2026-04-22: ног 66, универсум 332
  решение 2026-04-23: ног 66, универсум 332
  решение 2026-04-24: ног 64, универсум 330
  решение 2026-04-25: ног 64, универсум 332
  решение 2026-04-26: ног 64, универсум 332
  решение 2026-04-27: ног 64, универсум 332
  решение 2026-04-28: ног 66, универсум 334
  решение 2026-04-29: ног 66, универсум 334
  решение 2026-04-30: ног 66, универсум 336
  решение 2026-05-01: ног 66, универсум 334
  решение 2026-05-02: ног 66, универсум 334
  решение 2026-05-03: ног 66, универсум 335
  решение 2026-05-04: ног 66, универсум 335
  решение 2026-05-05: ног 66, универсум 334
  решение 2026-05-06: ног 66, универсум 332
  решение 2026-05-07: ног 66, универсум 332
  решение 2026-05-08: ног 66, универсум 333
  решение 2026-05-09: ног 66, универсум 334
  решение 2026-05-10: ног 66, универсум 334
  решение 2026-05-11: ног 66, универсум 334
  решение 2026-05-12: ног 66, универсум 334
  решение 2026-05-13: ног 66, универсум 335
  решение 2026-05-14: ног 66, универсум 335
  решение 2026-05-15: ног 64, универсум 336
  решение 2026-05-16: ног 64, универсум 336
  решение 2026-05-17: ног 64, универсум 336
  решение 2026-05-18: ног 64, универсум 336
  решение 2026-05-19: ног 64, универсум 337
  решение 2026-05-20: ног 64, универсум 337
  решение 2026-05-21: ног 64, универсум 337
  решение 2026-05-22: ног 64, универсум 338
  решение 2026-05-23: ног 66, универсум 340
  решение 2026-05-24: ног 66, универсум 340
  решение 2026-05-25: ног 66, универсум 340
  решение 2026-05-26: ног 66, универсум 341
  решение 2026-05-27: ног 66, универсум 341
  решение 2026-05-28: ног 66, универсум 342
  решение 2026-05-29: ног 66, универсум 342
  решение 2026-05-30: ног 66, универсум 342
  решение 2026-05-31: ног 66, универсум 342
  решение 2026-06-01: ног 66, универсум 340
  решение 2026-06-02: ног 66, универсум 340
  решение 2026-06-03: ног 66, универсум 341
  решение 2026-06-04: ног 66, универсум 341
  решение 2026-06-05: ног 66, универсум 342
  решение 2026-06-06: ног 66, универсум 342
  решение 2026-06-07: ног 66, универсум 342
  решение 2026-06-08: ног 66, универсум 342
  решение 2026-06-09: ног 66, универсум 343
  решение 2026-06-10: ног 66, универсум 345
  решение 2026-06-11: ног 66, универсум 346
  решение 2026-06-12: ног 66, универсум 346
  решение 2026-06-13: ног 66, универсум 346
  решение 2026-06-14: ног 66, универсум 346
  решение 2026-06-15: ног 66, универсум 346
  решение 2026-06-16: ног 66, универсум 346
  решение 2026-06-17: ног 66, универсум 347
  решение 2026-06-18: ног 66, универсум 347
  решение 2026-06-19: ног 66, универсум 347
  решение 2026-06-20: ног 66, универсум 349
  решение 2026-06-21: ног 66, универсум 347
  решение 2026-06-22: ног 66, универсум 347
  решение 2026-06-23: ног 66, универсум 347
  решение 2026-06-24: ног 66, универсум 347
  решение 2026-06-25: ног 66, универсум 348
  решение 2026-06-26: ног 66, универсум 348
  решение 2026-06-27: ног 66, универсум 348
  решение 2026-06-28: ног 66, универсум 348
  решение 2026-06-29: ног 66, универсум 348
  решение 2026-06-30: ног 66, универсум 348
  решение 2026-07-01: ног 66, универсум 340
  решение 2026-07-02: ног 66, универсум 340
  решение 2026-07-03: ног 66, универсум 341
  решение 2026-07-04: ног 66, универсум 341
  решение 2026-07-05: ног 66, универсум 341
  решение 2026-07-06: ног 66, универсум 341
  решение 2026-07-07: ног 66, универсум 341
  решение 2026-07-08: ног 66, универсум 342
  решение 2026-07-09: ног 66, универсум 342
  решение 2026-07-10: ног 68, универсум 344
  решение 2026-07-11: ног 68, универсум 344
  решение 2026-07-12: ног 68, универсум 344
  решение 2026-07-13: ног 68, универсум 344
  решение 2026-07-14: ног 68, универсум 344
  разбор 2026-04-01: нетто -66.2 б.п.
  разбор 2026-04-02: нетто -125.7 б.п.
  разбор 2026-04-03: нетто +204.1 б.п.
  разбор 2026-04-04: нетто +224.3 б.п.
  разбор 2026-04-05: нетто +19.7 б.п.
  разбор 2026-04-06: нетто -340.7 б.п.
  разбор 2026-04-07: нетто -168.2 б.п.
  разбор 2026-04-08: нетто -315.9 б.п.
  разбор 2026-04-09: нетто -193.5 б.п.
  разбор 2026-04-10: нетто -259.1 б.п.
  разбор 2026-04-11: нетто +2.0 б.п.
  разбор 2026-04-12: нетто -209.3 б.п.
  разбор 2026-04-13: нетто +47.0 б.п.
  разбор 2026-04-14: нетто +167.4 б.п.
  разбор 2026-04-15: нетто +261.9 б.п.
  разбор 2026-04-16: нетто +102.0 б.п.
  разбор 2026-04-17: нетто +358.3 б.п.
  разбор 2026-04-18: нетто +157.6 б.п.
  разбор 2026-04-19: нетто +329.8 б.п.
  разбор 2026-04-20: нетто +584.3 б.п.
  разбор 2026-04-21: нетто +594.4 б.п.
  разбор 2026-04-22: нетто +239.3 б.п.
  разбор 2026-04-23: нетто +300.9 б.п.
  разбор 2026-04-24: нетто +227.6 б.п.
  разбор 2026-04-25: нетто +399.5 б.п.
  разбор 2026-04-26: нетто +488.7 б.п.
  разбор 2026-04-27: нетто +354.1 б.п.
  разбор 2026-04-28: нетто +561.4 б.п.
  разбор 2026-04-29: нетто +887.2 б.п.
  разбор 2026-04-30: нетто +596.5 б.п.
  разбор 2026-05-01: нетто +422.7 б.п.
  разбор 2026-05-02: нетто +453.2 б.п.
  разбор 2026-05-03: нетто +689.7 б.п.
  разбор 2026-05-04: нетто +660.3 б.п.
  разбор 2026-05-05: нетто +891.3 б.п.
  разбор 2026-05-06: нетто +795.4 б.п.
  разбор 2026-05-07: нетто +273.3 б.п.
  разбор 2026-05-08: нетто +334.1 б.п.
  разбор 2026-05-09: нетто +35.7 б.п.
  разбор 2026-05-10: нетто +167.7 б.п.
  разбор 2026-05-11: нетто -10.6 б.п.
  разбор 2026-05-12: нетто +73.0 б.п.
  разбор 2026-05-13: нетто -205.8 б.п.
  разбор 2026-05-14: нетто +225.8 б.п.
  разбор 2026-05-15: нетто -434.3 б.п.
  разбор 2026-05-16: нетто -1228.2 б.п.
  разбор 2026-05-17: нетто -765.7 б.п.
  разбор 2026-05-18: нетто -691.6 б.п.
  разбор 2026-05-19: нетто -89.1 б.п.
  разбор 2026-05-20: нетто -231.8 б.п.
  разбор 2026-05-21: нетто -554.5 б.п.
  разбор 2026-05-22: нетто -598.6 б.п.
  разбор 2026-05-23: нетто -720.1 б.п.
  разбор 2026-05-24: нетто -363.9 б.п.
  разбор 2026-05-25: нетто -420.2 б.п.
  разбор 2026-05-26: нетто -570.2 б.п.
  разбор 2026-05-27: нетто -484.2 б.п.
  разбор 2026-05-28: нетто -795.8 б.п.
  разбор 2026-05-29: нетто -217.0 б.п.
  разбор 2026-05-30: нетто -538.4 б.п.
  разбор 2026-05-31: нетто -508.8 б.п.
  разбор 2026-06-01: нетто -441.2 б.п.
  разбор 2026-06-02: нетто -391.2 б.п.
  разбор 2026-06-03: нетто -126.1 б.п.
  разбор 2026-06-04: нетто +74.9 б.п.
  разбор 2026-06-05: нетто -19.4 б.п.
  разбор 2026-06-06: нетто +229.5 б.п.
  разбор 2026-06-07: нетто +106.8 б.п.
  разбор 2026-06-08: нетто +88.3 б.п.
  разбор 2026-06-09: нетто +246.1 б.п.
  разбор 2026-06-10: нетто +350.5 б.п.
  разбор 2026-06-11: нетто +318.8 б.п.
  разбор 2026-06-12: нетто +230.7 б.п.
  разбор 2026-06-13: нетто +167.0 б.п.
  разбор 2026-06-14: нетто -74.9 б.п.
  разбор 2026-06-15: нетто +17.2 б.п.
  разбор 2026-06-16: нетто -257.6 б.п.
  разбор 2026-06-17: нетто +86.8 б.п.
  разбор 2026-06-18: нетто +48.7 б.п.
  разбор 2026-06-19: нетто +286.3 б.п.
  разбор 2026-06-20: нетто +323.6 б.п.
  разбор 2026-06-21: нетто +560.8 б.п.
  разбор 2026-06-22: нетто +530.0 б.п.
  разбор 2026-06-23: нетто +408.3 б.п.
  разбор 2026-06-24: нетто +250.6 б.п.
  разбор 2026-06-25: нетто +468.3 б.п.
  разбор 2026-06-26: нетто +699.6 б.п.
  разбор 2026-06-27: нетто +411.1 б.п.
  разбор 2026-06-28: нетто +149.6 б.п.
  разбор 2026-06-29: нетто +111.3 б.п.
  разбор 2026-06-30: нетто +25.3 б.п.
  разбор 2026-07-01: нетто -120.7 б.п.
  разбор 2026-07-02: нетто -120.1 б.п.
  разбор 2026-07-03: нетто -121.8 б.п.
  разбор 2026-07-04: нетто -120.2 б.п.
  разбор 2026-07-05: нетто -123.0 б.п.
  разбор 2026-07-06: нетто -110.3 б.п.
  разбор 2026-07-07: нетто +64.7 б.п.
  разбор 2026-07-08: нетто +53.3 б.п.
  разбор 2026-07-09: нетто +62.4 б.п.
  разбор 2026-07-10: нетто +43.6 б.п.
  разбор 2026-07-11: нетто -103.8 б.п.
  разбор 2026-07-12: нетто -6.3 б.п.
  разбор 2026-07-13: нетто -135.6 б.п.
  разбор 2026-07-14: нетто -1.4 б.п.
новых решений 105, новых разборов 105
готово: /root/algoth_v2/research/paper_monthly/out/PAPER-30d.json (23.9 мин)
  настоящих наблюдений пока НЕТ: записано вперёд 0 траншей, восстановлено задним числом 105 — кривая восстановленной части есть бэктест, а не трек
публикую отчёт
публикуется в ветку main:
 jobs/done/paper-diag.done                 |   1 +
 jobs/done/paper-diag.log                  | 219 ++++++++++++++++++++++++++++++
 jobs/done/paper-seed.log                  |   7 +
 jobs/done/z3-fold-2.log                   |   1 +
 jobs/poke.log                             |   3 +
 research/paper_monthly/out/PAPER-30d.json |  25 +++-
 research/paper_monthly/out/PAPER-30d.md   |   8 +-
 7 files changed, 254 insertions(+), 10 deletions(-)
To github.com:n0tgod/algoth_v2.git
   20504eb..a45fd36  main -> main
branch 'main' set up to track 'origin/main'.
опубликовано
конец: 2026-08-27T10:06:49Z, код 0
публикуется в ветку main:
 jobs/done/paper-diag.log | 14 ++++++++++++++
 1 file changed, 14 insertions(+)
To github.com:n0tgod/algoth_v2.git
   a45fd36..793f023  main -> main
branch 'main' set up to track 'origin/main'.
опубликовано
