== задание paper-reset2 ==
строка: run research/paper_monthly/book.py --archive-journal decisions-past-storage-edge --catchup
начало: 2026-08-27T13:23:51Z
запускаю: .venv/bin/python research/paper_monthly/book.py --archive-journal decisions-past-storage-edge --catchup
журнал отставлен: ['decisions.jsonl.20260827T132352Z', 'resolutions.jsonl.20260827T132352Z']
универсум 949, рядов funding 722
  решение 2026-08-01: ног 70, универсум 352
  решение 2026-08-02: ног 70, универсум 352
  решение 2026-08-03: ног 70, универсум 352
  решение 2026-08-04: ног 70, универсум 352
  решение 2026-08-05: ног 70, универсум 355
  решение 2026-08-06: ног 70, универсум 355
  решение 2026-08-07: ног 70, универсум 356
  решение 2026-08-08: ног 70, универсум 356
  решение 2026-08-09: ног 70, универсум 356
  решение 2026-08-10: ног 70, универсум 356
  решение 2026-08-11: ног 70, универсум 357
  решение 2026-08-12: ног 70, универсум 357
  решение 2026-08-13: ног 70, универсум 359
  решение 2026-08-14: ног 70, универсум 361
  решение 2026-08-15: ног 70, универсум 361
  решение 2026-08-16: ног 70, универсум 361
  решение 2026-08-17: ног 70, универсум 361
  решение 2026-08-18: ног 70, универсум 361
  решение 2026-08-19: ног 70, универсум 361
  решение 2026-08-20: ног 70, универсум 362
  решение 2026-08-21: ног 70, универсум 362
  решение 2026-08-22: ног 70, универсум 363
  решение 2026-08-23: ног 70, универсум 364
  решение 2026-08-24: ног 70, универсум 364
  решение 2026-08-25: ног 70, универсум 364
  решение 2026-08-26: ног 70, универсум 364
  отказов при отборе дат: 1. Хранилище A2: 80 партиций, 2020-01 … 2026-08; просили 2026-08-01 … 2026-08-27
  причина — нет наблюдений в день решения: 1
новых решений 26, новых разборов 0
готово: /root/algoth_v2/research/paper_monthly/out/PAPER-30d.json (6.3 мин)
  настоящих наблюдений пока НЕТ: записано вперёд 0 траншей, восстановлено задним числом 0 — кривая восстановленной части есть бэктест, а не трек
публикую отчёт
публикуется в ветку main:
 jobs/done/paper-live.log                           |   7 ++
 jobs/done/paper-reset.done                         |   1 +
 jobs/done/paper-reset.log                          |   4 +
 jobs/done/paper-reset2.done                        |   1 +
 jobs/done/paper-reset2.log                         |  38 ++++++
 jobs/done/z3-fold-2.log                            |   4 +
 jobs/poke.log                                      |   6 +
 .../out/ARCHIVED.20260827T132352Z.txt              |   4 +
 research/paper_monthly/out/PAPER-30d.json          |  27 +----
 research/paper_monthly/out/PAPER-30d.md            |   8 +-
 .../out/decisions.jsonl.20260827T132352Z           | 132 +++++++++++++++++++++
 .../out/resolutions.jsonl.20260827T132352Z         | 105 ++++++++++++++++
 12 files changed, 312 insertions(+), 25 deletions(-)
To github.com:n0tgod/algoth_v2.git
   dd543a2..fc85b09  main -> main
branch 'main' set up to track 'origin/main'.
опубликовано
конец: 2026-08-27T13:30:14Z, код 0
публикуется в ветку main:
 jobs/done/paper-reset2.log | 19 +++++++++++++++++++
 1 file changed, 19 insertions(+)
To github.com:n0tgod/algoth_v2.git
   fc85b09..2b7568c  main -> main
branch 'main' set up to track 'origin/main'.
опубликовано
