== задание paper-page-pre ==
строка: status
начало: 2026-08-28T11:48:42Z
--- диск ---
Filesystem      Size  Used Avail Use% Mounted on
/dev/sda1       150G   67G   78G  46% /
/dev/sdb        147G   96G   44G  69% /mnt/HC_Volume_106683528
--- процессы ---
669148 bot/target/release/bot live --s8 research/s8_loop/out/model_sit_lo --journal bot/out/live --keys /root/.bybit/live.env --base https://api.bybit.com --arm gbm --capital 300 --interval-sec 5 --clear-halt
688405 .venv/bin/python research/b1_book/collect.py --http 8765
688700 .venv/bin/python research/s8_loop/train.py
--- статус сбора ---
{"t": 1787917717.0, "uptime_sec": 227012.3, "messages": 1018974243, "trades": 107495248, "resets": 0, "last_msg_age_sec": 0.0, "snapshots": 154232005, "snapshot_errors": 0, "last_snap_age_sec": 1.0, "snap_pass_sec": 0.366, "writes": {"book": 154232005, "trades": 107495238, "raw": 3218469, "liq": 32804, "metrics": 548184}, "write_age_sec": {"book": 1.0, "trades": 0.5, "raw": 0.4, "liq": 98.1, "metrics": 293.9}, "symbols": {"0GUSDT": {"ready": true, "bid": 0.1593, "ask": 0.1595, "resets": 0}, "1000000BABYDOGEUSDT": {"ready": true, "bid": 0.0003705, "ask": 0.0003706, "resets": 0}, "1000000MOGUSDT": {"ready": true, "bid": 0.118, "ask": 0.1181, "resets": 0}, "10000NEXUSDT": {"ready": true, "bid":
--- живой исполнитель ---
{
  "at_ms": 1787917721913,
  "capital_usd": 300.0,
  "dry": false,
  "entries_paused": false,
  "halted": "часовой цикл молчит 3.0 ч при пределе 3 ч (§5) — позиции без сканера не управляет никто",
  "lev_errors": null,
  "limits_off": true,
  "note": null,
  "positions": [],
  "realized_today_usd": 0.0,
  "realized_total_usd": -21.265818699799986,
  "rejects_row": 0,
  "stale_entries_skipped": 79,
  "tp_errors": null,
  "wallet": {
    "balance": 284.21345292,
    "equity": 284.21345292
  }
}
конец: 2026-08-28T11:48:42Z
