== задание pick-rule-1 ==
строка: run research/dca_paper/pick_rule.py
начало: 2026-10-06T08:27:09Z
запускаю: .venv/bin/python research/dca_paper/pick_rule.py 
публикуется в ветку main:
 jobs/done/status-0828.done                |  1 +
 jobs/done/status-0828.log                 | 11 ++++++
 jobs/poke.log                             |  1 +
 research/dca_paper/out/DCA-pick-rule.json |  1 +
 research/dca_paper/out/DCA-pick-rule.md   | 63 +++++++++++++++++++++++++++++++
 5 files changed, 77 insertions(+)
To github.com:n0tgod/algoth_v2.git
   63864e36..1e8b7f84  main -> main
branch 'main' set up to track 'origin/main'.
опубликовано
правило fwd: safe_h 0.2591877871912884, optimal_h 0.1914766023840652, aggr_h 0.14858595291611018 (10 с)
правило fwd_rev: safe_h 0.2591877871912884, optimal_h 0.19145796007163418, aggr_h 0.14856703401829946 (11 с)
правило rr: safe_h 0.2591877871912884, optimal_h 0.1914766023840652, aggr_h 0.14858595291611018 (12 с)
правило lev_lo: safe_h 0.2591877871912884, optimal_h 0.19145796007163418, aggr_h 0.14856703401829946 (13 с)
правило lev_hi: safe_h 0.2591877871912884, optimal_h 0.1914766023840652, aggr_h 0.14858595291611018 (15 с)
правило fund: safe_h 0.2591877871912884, optimal_h 0.19145796007163418, aggr_h 0.14856703401829946 (16 с)
случайный порядок: 25 зёрен из 200, 30 с
случайный порядок: 50 зёрен из 200, 46 с
случайный порядок: 75 зёрен из 200, 61 с
случайный порядок: 100 зёрен из 200, 76 с
случайный порядок: 125 зёрен из 200, 91 с
случайный порядок: 150 зёрен из 200, 105 с
случайный порядок: 175 зёрен из 200, 119 с
# Правило выбора позиций при полной кассе: кто получает место, когда кандидатов больше, чем денег

Касса $10,000 нетто, записей реплея 9556; случайный порядок — 200 зёрен; посчитано 2026-10-06 08:29 за 132.7 с. Судимые книги: оптимальная и агрессивная; рычаг — случайный порядок не хуже правила не более чем у 5% зёрен по итогу и по доходу/просадке.

## Мера спора (при правиле как сейчас)

| книга | секунд решения | из них спорных | кандидатов | в спорных | взято | взято в спорных | доля | отказов «нет кассы» |
|---|--:|--:|--:|--:|--:|--:|--:|--:|
| безопасная | 932 | 909 | 4636 | 4559 | 1096 | 1015 | 93 % | 0 |
| оптимальная | 943 | 913 | 4656 | 4556 | 1190 | 1090 | 92 % | 0 |
| агрессивная | 925 | 726 | 2550 | 2249 | 909 | 680 | 75 % | 0 |

Порядок внутри секунды решает только судьбу позиций в спорных секундах; остальные касса берёт при любом правиле.

## безопасная

Случайный порядок: медиана итога +18.3 %, доход/просадка 3.37 (200 зёрен).

| правило | сделок | итог | просадка | доход/просадка | без 3 дней, $ | σ дня, $ | эдж взятых в цене, б.п. | зёрен не хуже: итог | доход/просадка |
|---|--:|--:|--:|--:|--:|--:|--:|--:|--:|
| как сейчас: больший прогноз первым | 1096 | +18.3 % | -5.4 % | 3.37 | 1153 | 117 | +3.3 | 100 % | 100 % |
| меньший прогноз первым (контроль) | 1096 | +18.3 % | -5.4 % | 3.37 | 1153 | 117 | +3.3 | 100 % | 100 % |
| больший RR первым | 1096 | +18.3 % | -5.4 % | 3.37 | 1153 | 117 | +3.3 | 100 % | 100 % |
| меньшее плечо первым | 1096 | +18.3 % | -5.4 % | 3.37 | 1153 | 117 | +3.3 | 100 % | 100 % |
| большее плечо первым | 1096 | +18.3 % | -5.4 % | 3.37 | 1153 | 117 | +3.3 | 100 % | 100 % |
| ставка funding выгоднее шорту первым | 1096 | +18.3 % | -5.4 % | 3.37 | 1153 | 117 | +3.3 | 100 % | 100 % |

## оптимальная

Случайный порядок: медиана итога +11.0 %, доход/просадка 2.64 (200 зёрен).

| правило | сделок | итог | просадка | доход/просадка | без 3 дней, $ | σ дня, $ | эдж взятых в цене, б.п. | зёрен не хуже: итог | доход/просадка |
|---|--:|--:|--:|--:|--:|--:|--:|--:|--:|
| как сейчас: больший прогноз первым | 1190 | +11.0 % | -4.2 % | 2.64 | 392 | 95 | +7.1 | 100 % | 100 % |
| меньший прогноз первым (контроль) | 1190 | +11.0 % | -4.2 % | 2.64 | 392 | 95 | +7.1 | 100 % | 100 % |
| больший RR первым | 1190 | +11.0 % | -4.2 % | 2.64 | 392 | 95 | +7.1 | 100 % | 100 % |
| меньшее плечо первым | 1190 | +11.0 % | -4.2 % | 2.64 | 392 | 95 | +7.1 | 100 % | 100 % |
| большее плечо первым | 1190 | +11.0 % | -4.2 % | 2.64 | 392 | 95 | +7.1 | 100 % | 100 % |
| ставка funding выгоднее шорту первым | 1190 | +11.0 % | -4.2 % | 2.64 | 392 | 95 | +7.1 | 100 % | 100 % |

## агрессивная

Случайный порядок: медиана итога +14.3 %, доход/просадка 2.21 (200 зёрен).

| правило | сделок | итог | просадка | доход/просадка | без 3 дней, $ | σ дня, $ | эдж взятых в цене, б.п. | зёрен не хуже: итог | доход/просадка |
|---|--:|--:|--:|--:|--:|--:|--:|--:|--:|
| как сейчас: больший прогноз первым | 909 | +14.3 % | -6.5 % | 2.21 | 321 | 160 | +15.3 | 70 % | 100 % |
| меньший прогноз первым (контроль) | 909 | +14.3 % | -6.5 % | 2.21 | 321 | 160 | +15.3 | 100 % | 100 % |
| больший RR первым | 909 | +14.3 % | -6.5 % | 2.21 | 321 | 160 | +15.3 | 70 % | 100 % |
| меньшее плечо первым | 909 | +14.3 % | -6.5 % | 2.21 | 321 | 160 | +15.3 | 100 % | 100 % |
| большее плечо первым | 909 | +14.3 % | -6.5 % | 2.21 | 321 | 160 | +15.3 | 70 % | 100 % |
| ставка funding выгоднее шорту первым | 909 | +14.3 % | -6.5 % | 2.21 | 321 | 160 | +15.3 | 100 % | 100 % |

## Вердикт (из чисел)

- как сейчас: больший прогноз первым: не рычаг: optimal_h: хуже случайной (итог 100%, доход/просадка 100% зёрен не хуже); aggr_h: в шуме случайной (итог 70%, доход/просадка 100% зёрен не хуже)
- меньший прогноз первым (контроль): не рычаг: optimal_h: хуже случайной (итог 100%, доход/просадка 100% зёрен не хуже); aggr_h: хуже случайной (итог 100%, доход/просадка 100% зёрен не хуже)
- больший RR первым: не рычаг: optimal_h: хуже случайной (итог 100%, доход/просадка 100% зёрен не хуже); aggr_h: в шуме случайной (итог 70%, доход/просадка 100% зёрен не хуже)
- меньшее плечо первым: не рычаг: optimal_h: хуже случайной (итог 100%, доход/просадка 100% зёрен не хуже); aggr_h: хуже случайной (итог 100%, доход/просадка 100% зёрен не хуже)
- большее плечо первым: не рычаг: optimal_h: хуже случайной (итог 100%, доход/просадка 100% зёрен не хуже); aggr_h: в шуме случайной (итог 70%, доход/просадка 100% зёрен не хуже)
- ставка funding выгоднее шорту первым: не рычаг: optimal_h: хуже случайной (итог 100%, доход/просадка 100% зёрен не хуже); aggr_h: хуже случайной (итог 100%, доход/просадка 100% зёрен не хуже)

Чего замер не делает: не меняет правила книг; не судит направление; правило-рычаг, если найдётся, входит в ядро только решением владельца и с записью вперёд.

конец: 2026-10-06T08:29:26Z, код 0
