== задание probe-rare ==
строка: run research/dca_paper/probe_exit.py --sym RAREUSDT --at 2026-09-25-16
начало: 2026-09-26T20:30:04Z
запускаю: .venv/bin/python research/dca_paper/probe_exit.py --sym RAREUSDT --at 2026-09-25-16
# RAREUSDT — решение 2026-09-25 16:00:00 UTC
h24  safe_h        $  1000 lev  3.29 entry 0.016194 exit рынок 2026-09-25 23:59:59 px 0.016103 pnl +0.018510 tail None
h24  safe_h        $ 10000 lev  3.29 entry 0.016194 exit рынок 2026-09-25 23:59:59 px 0.016103 pnl +0.018510 tail None
h24  safe_h        $100000 lev  3.29 entry 0.016194 exit рынок 2026-09-25 23:59:59 px 0.016103 pnl +0.018510 tail None
h24  optimal_h     $  1000 lev 25.00 entry 0.016194 exit рынок 2026-09-25 23:59:59 px 0.016103 pnl +0.140484 tail None
h24  optimal_h     $ 10000 lev 25.00 entry 0.016194 exit рынок 2026-09-25 23:59:59 px 0.016103 pnl +0.140484 tail None
h24  optimal_h     $100000 lev 25.00 entry 0.016194 exit рынок 2026-09-25 23:59:59 px 0.016103 pnl +0.140484 tail None
h24  aggr_h        $  1000 lev 25.00 entry 0.016194 exit рынок 2026-09-25 23:59:59 px 0.016103 pnl +0.140484 tail None
h24  aggr_h        $ 10000 lev 25.00 entry 0.016194 exit рынок 2026-09-25 23:59:59 px 0.016103 pnl +0.140484 tail None
h24  aggr_h        $100000 lev 25.00 entry 0.016194 exit рынок 2026-09-25 23:59:59 px 0.016103 pnl +0.140484 tail None
pair pair_safe     $  1000 lev  3.29 entry 0.016194 exit рынок 2026-09-25 23:59:59 px 0.016103 pnl +0.018510 tail None
pair pair_safe     $ 10000 lev  3.29 entry 0.016194 exit рынок 2026-09-25 23:59:59 px 0.016103 pnl +0.018510 tail None
pair pair_safe     $100000 lev  3.29 entry 0.016194 exit рынок 2026-09-25 23:59:59 px 0.016103 pnl +0.018510 tail None
pair pair_optimal  $  1000 lev 25.00 entry 0.016194 exit рынок 2026-09-25 23:59:59 px 0.016103 pnl +0.140484 tail None
pair pair_optimal  $ 10000 lev 25.00 entry 0.016194 exit рынок 2026-09-25 23:59:59 px 0.016103 pnl +0.140484 tail None
pair pair_optimal  $100000 lev 25.00 entry 0.016194 exit рынок 2026-09-25 23:59:59 px 0.016103 pnl +0.140484 tail None
pair pair_aggr     $  1000 lev 25.00 entry 0.016194 exit рынок 2026-09-25 23:59:59 px 0.016103 pnl +0.140484 tail None
pair pair_aggr     $ 10000 lev 25.00 entry 0.016194 exit рынок 2026-09-25 23:59:59 px 0.016103 pnl +0.140484 tail None
pair pair_aggr     $100000 lev 25.00 entry 0.016194 exit рынок 2026-09-25 23:59:59 px 0.016103 pnl +0.140484 tail None

кэш safe_s: exit срок 2026-09-26 15:56:00 px 0.022397 state cut lev 3.293882709745958 n_rungs 1 depth 1 avg 0.016194 entry 0.016194
  путь по часам (k: pnl долей маржи): 1: -0.00539, 2: -0.00641, 3: -0.03743, 4: -0.00595, 5: +0.03275, 6: +0.02553, 7: +0.01820, 8: +0.01851, 9: +0.06163, 10: +0.07165, 11: +0.05273, 12: +0.05502
    k=1 → цена из отметки 0.016220 (2026-09-25 16:59:59)
    k=2 → цена из отметки 0.016226 (2026-09-25 17:59:59)
    k=3 → цена из отметки 0.016378 (2026-09-25 18:59:59)
    k=4 → цена из отметки 0.016223 (2026-09-25 19:59:59)
    k=5 → цена из отметки 0.016033 (2026-09-25 20:59:59)
    k=6 → цена из отметки 0.016068 (2026-09-25 21:59:59)
    k=7 → цена из отметки 0.016105 (2026-09-25 22:59:59)
    k=8 → цена из отметки 0.016103 (2026-09-25 23:59:59)
    k=9 → цена из отметки 0.015891 (2026-09-26 00:59:59)
    k=10 → цена из отметки 0.015842 (2026-09-26 01:59:59)
    k=11 → цена из отметки 0.015935 (2026-09-26 02:59:59)
    k=12 → цена из отметки 0.015924 (2026-09-26 03:59:59)

кэш optimal_s: exit пол 2026-09-26 06:24:00 px 0.017711 state closed lev 25.0 n_rungs 1 depth 1 avg 0.016194 entry 0.016194
  путь по часам (k: pnl долей маржи): 1: -0.04091, 2: -0.04863, 3: -0.28406, 4: -0.04516, 5: +0.24855, 6: +0.19374, 7: +0.13817, 8: +0.14048, 9: +0.46777, 10: +0.54380, 11: +0.40023, 12: +0.41759
    k=1 → цена из отметки 0.016220 (2026-09-25 16:59:59)
    k=2 → цена из отметки 0.016226 (2026-09-25 17:59:59)
    k=3 → цена из отметки 0.016378 (2026-09-25 18:59:59)
    k=4 → цена из отметки 0.016223 (2026-09-25 19:59:59)
    k=5 → цена из отметки 0.016033 (2026-09-25 20:59:59)
    k=6 → цена из отметки 0.016068 (2026-09-25 21:59:59)
    k=7 → цена из отметки 0.016105 (2026-09-25 22:59:59)
    k=8 → цена из отметки 0.016103 (2026-09-25 23:59:59)
    k=9 → цена из отметки 0.015891 (2026-09-26 00:59:59)
    k=10 → цена из отметки 0.015842 (2026-09-26 01:59:59)
    k=11 → цена из отметки 0.015935 (2026-09-26 02:59:59)
    k=12 → цена из отметки 0.015924 (2026-09-26 03:59:59)

граница часа 2026-09-26 00:00:00; бары принтов в окне 21, бары реплея 21 (из них хвост 0)
время             open      high      low       close     объём$   источник
2026-09-25 23:50:00  0.015933  0.015955  0.015904  0.015917  1315     принты
2026-09-25 23:51:00  0.015917  0.015925  0.015875  0.015912  6670     принты
2026-09-25 23:52:00  0.015925  0.015925  0.015892  0.015912  989      принты
2026-09-25 23:53:00  0.01592   0.015968  0.01589   0.01589   7557     принты
2026-09-25 23:54:00  0.015906  0.016021  0.015886  0.016021  2287     принты
2026-09-25 23:55:00  0.016005  0.01604   0.015967  0.01597   2853     принты
2026-09-25 23:56:00  0.015975  0.015985  0.015892  0.015934  1770     принты
2026-09-25 23:57:00  0.01594   0.015983  0.01594   0.015954  7616     принты
2026-09-25 23:58:00  0.015952  0.015961  0.015878  0.015916  2885     принты
2026-09-25 23:59:00  0.015916  0.015937  0.015802  0.01583   14437    принты
2026-09-26 00:00:00  0.015841  0.015854  0.015752  0.015838  31397    принты ← граница
2026-09-26 00:01:00  0.015842  0.015849  0.015622  0.01563   14672    принты
2026-09-26 00:02:00  0.015622  0.01564   0.015217  0.015328  98464    принты
2026-09-26 00:03:00  0.015329  0.015345  0.0152    0.015257  18148    принты
2026-09-26 00:04:00  0.015253  0.015315  0.015208  0.015303  9915     принты
2026-09-26 00:05:00  0.0153    0.01534   0.015242  0.015302  6030     принты
2026-09-26 00:06:00  0.01532   0.015324  0.015292  0.015297  553      принты
2026-09-26 00:07:00  0.0153    0.015309  0.015263  0.015271  333      принты
2026-09-26 00:08:00  0.015284  0.015357  0.015271  0.015337  2776     принты
2026-09-26 00:09:00  0.015341  0.015436  0.015337  0.015426  5123     принты
2026-09-26 00:10:00  0.015426  0.015426  0.015317  0.015363  5478     принты

кандидаты цены на границе (принты):
  close_before: 2026-09-25 23:59:00 close 0.01583  -169.5 б.п. к записанной
  bar_at      : 2026-09-26 00:00:00 close 0.015838  -164.6 б.п. к записанной
  first_after : 2026-09-26 00:01:00 open 0.015842  -162.1 б.п. к записанной
конец: 2026-09-26T20:30:08Z, код 0
