== задание probe-rare-2 ==
строка: run research/dca_paper/probe_exit.py --sym RAREUSDT --at 2026-09-25-16 --replay
начало: 2026-09-26T20:36:24Z
запускаю: .venv/bin/python research/dca_paper/probe_exit.py --sym RAREUSDT --at 2026-09-25-16 --replay
# RAREUSDT — решение 2026-09-25 16:00:00 UTC
h24  safe_h        $  1000 lev  3.29 entry 0.016194 exit рынок 2026-09-25 23:59:59 px 0.016103 pnl +0.018510 tail None
h24  safe_h        $ 10000 lev  3.29 entry 0.016194 exit рынок 2026-09-25 23:59:59 px 0.016103 pnl +0.018510 tail None
h24  safe_h        $100000 lev  3.29 entry 0.016194 exit рынок 2026-09-25 23:59:59 px 0.016103 pnl +0.018510 tail None
h24  optimal_h     $  1000 lev 25.00 entry 0.016194 exit рынок 2026-09-25 23:59:59 px 0.016103 pnl +0.140484 tail None
h24  optimal_h     $ 10000 lev 25.00 entry 0.016194 exit рынок 2026-09-25 23:59:59 px 0.016103 pnl +0.140484 tail None
h24  optimal_h     $100000 lev 25.00 entry 0.016194 exit рынок 2026-09-25 23:59:59 px 0.016103 pnl +0.140484 tail None
h24  aggr_h        $  1000 lev 25.00 entry 0.016194 exit рынок 2026-09-25 23:59:59 px 0.016103 pnl +0.140484 tail None
h24  aggr_h        $ 10000 lev 25.00 entry 0.016194 exit рынок 2026-09-25 23:59:59 px 0.016103 pnl +0.140484 tail None
h24  aggr_h        $100000 lev 25.00 entry 0.016194 exit рынок 2026-09-25 23:59:59 px 0.016103 pnl +0.140484 tail None
pair pair_safe     $  1000 lev  3.29 entry 0.016194 exit рынок 2026-09-25 23:59:59 px 0.016103 pnl +0.018510 tail None
pair pair_safe     $ 10000 lev  3.29 entry 0.016194 exit рынок 2026-09-25 23:59:59 px 0.016103 pnl +0.018510 tail None
pair pair_safe     $100000 lev  3.29 entry 0.016194 exit рынок 2026-09-25 23:59:59 px 0.016103 pnl +0.018510 tail None
pair pair_optimal  $  1000 lev 25.00 entry 0.016194 exit рынок 2026-09-25 23:59:59 px 0.016103 pnl +0.140484 tail None
pair pair_optimal  $ 10000 lev 25.00 entry 0.016194 exit рынок 2026-09-25 23:59:59 px 0.016103 pnl +0.140484 tail None
pair pair_optimal  $100000 lev 25.00 entry 0.016194 exit рынок 2026-09-25 23:59:59 px 0.016103 pnl +0.140484 tail None
pair pair_aggr     $  1000 lev 25.00 entry 0.016194 exit рынок 2026-09-25 23:59:59 px 0.016103 pnl +0.140484 tail None
pair pair_aggr     $ 10000 lev 25.00 entry 0.016194 exit рынок 2026-09-25 23:59:59 px 0.016103 pnl +0.140484 tail None
pair pair_aggr     $100000 lev 25.00 entry 0.016194 exit рынок 2026-09-25 23:59:59 px 0.016103 pnl +0.140484 tail None

кэш safe_s: exit срок 2026-09-26 15:56:00 px 0.022397 state cut lev 3.293882709745958 n_rungs 1 depth 1 avg 0.016194 entry 0.016194
  путь по часам (k: pnl долей маржи): 1: -0.00539, 2: -0.00641, 3: -0.03743, 4: -0.00595, 5: +0.03275, 6: +0.02553, 7: +0.01820, 8: +0.01851, 9: +0.06163, 10: +0.07165, 11: +0.05273, 12: +0.05502
    k=1 → цена из отметки 0.016220 (2026-09-25 16:59:59)
    k=2 → цена из отметки 0.016226 (2026-09-25 17:59:59)
    k=3 → цена из отметки 0.016378 (2026-09-25 18:59:59)
    k=4 → цена из отметки 0.016223 (2026-09-25 19:59:59)
    k=5 → цена из отметки 0.016033 (2026-09-25 20:59:59)
    k=6 → цена из отметки 0.016068 (2026-09-25 21:59:59)
    k=7 → цена из отметки 0.016105 (2026-09-25 22:59:59)
    k=8 → цена из отметки 0.016103 (2026-09-25 23:59:59)
    k=9 → цена из отметки 0.015891 (2026-09-26 00:59:59)
    k=10 → цена из отметки 0.015842 (2026-09-26 01:59:59)
    k=11 → цена из отметки 0.015935 (2026-09-26 02:59:59)
    k=12 → цена из отметки 0.015924 (2026-09-26 03:59:59)

кэш optimal_s: exit пол 2026-09-26 06:24:00 px 0.017711 state closed lev 25.0 n_rungs 1 depth 1 avg 0.016194 entry 0.016194
  путь по часам (k: pnl долей маржи): 1: -0.04091, 2: -0.04863, 3: -0.28406, 4: -0.04516, 5: +0.24855, 6: +0.19374, 7: +0.13817, 8: +0.14048, 9: +0.46777, 10: +0.54380, 11: +0.40023, 12: +0.41759
    k=1 → цена из отметки 0.016220 (2026-09-25 16:59:59)
    k=2 → цена из отметки 0.016226 (2026-09-25 17:59:59)
    k=3 → цена из отметки 0.016378 (2026-09-25 18:59:59)
    k=4 → цена из отметки 0.016223 (2026-09-25 19:59:59)
    k=5 → цена из отметки 0.016033 (2026-09-25 20:59:59)
    k=6 → цена из отметки 0.016068 (2026-09-25 21:59:59)
    k=7 → цена из отметки 0.016105 (2026-09-25 22:59:59)
    k=8 → цена из отметки 0.016103 (2026-09-25 23:59:59)
    k=9 → цена из отметки 0.015891 (2026-09-26 00:59:59)
    k=10 → цена из отметки 0.015842 (2026-09-26 01:59:59)
    k=11 → цена из отметки 0.015935 (2026-09-26 02:59:59)
    k=12 → цена из отметки 0.015924 (2026-09-26 03:59:59)

граница часа 2026-09-26 00:00:00; бары принтов в окне 21, бары реплея 21 (из них хвост 0)
время             open      high      low       close     объём$   источник
2026-09-25 23:50:00  0.015933  0.015955  0.015904  0.015917  1315     принты
2026-09-25 23:51:00  0.015917  0.015925  0.015875  0.015912  6670     принты
2026-09-25 23:52:00  0.015925  0.015925  0.015892  0.015912  989      принты
2026-09-25 23:53:00  0.01592   0.015968  0.01589   0.01589   7557     принты
2026-09-25 23:54:00  0.015906  0.016021  0.015886  0.016021  2287     принты
2026-09-25 23:55:00  0.016005  0.01604   0.015967  0.01597   2853     принты
2026-09-25 23:56:00  0.015975  0.015985  0.015892  0.015934  1770     принты
2026-09-25 23:57:00  0.01594   0.015983  0.01594   0.015954  7616     принты
2026-09-25 23:58:00  0.015952  0.015961  0.015878  0.015916  2885     принты
2026-09-25 23:59:00  0.015916  0.015937  0.015802  0.01583   14437    принты
2026-09-26 00:00:00  0.015841  0.015854  0.015752  0.015838  31397    принты ← граница
2026-09-26 00:01:00  0.015842  0.015849  0.015622  0.01563   14672    принты
2026-09-26 00:02:00  0.015622  0.01564   0.015217  0.015328  98464    принты
2026-09-26 00:03:00  0.015329  0.015345  0.0152    0.015257  18148    принты
2026-09-26 00:04:00  0.015253  0.015315  0.015208  0.015303  9915     принты
2026-09-26 00:05:00  0.0153    0.01534   0.015242  0.015302  6030     принты
2026-09-26 00:06:00  0.01532   0.015324  0.015292  0.015297  553      принты
2026-09-26 00:07:00  0.0153    0.015309  0.015263  0.015271  333      принты
2026-09-26 00:08:00  0.015284  0.015357  0.015271  0.015337  2776     принты
2026-09-26 00:09:00  0.015341  0.015436  0.015337  0.015426  5123     принты
2026-09-26 00:10:00  0.015426  0.015426  0.015317  0.015363  5478     принты

закрытия часов по принтам (срок 24 ч) — против цены из отметки кэша:
  k= 1 2026-09-25 16:59:59  принты: последний бар 16:59:00 close 0.0163, баров 48  | из отметок: safe_s:0.016220 optimal_s:0.016220
  k= 2 2026-09-25 17:59:59  принты: последний бар 17:56:00 close 0.01632, баров 41  | из отметок: safe_s:0.016226 optimal_s:0.016226
  k= 3 2026-09-25 18:59:59  принты: последний бар 18:59:00 close 0.01693, баров 51  | из отметок: safe_s:0.016378 optimal_s:0.016378
  k= 4 2026-09-25 19:59:59  принты: последний бар 19:59:00 close 0.016311, баров 52  | из отметок: safe_s:0.016223 optimal_s:0.016223
  k= 5 2026-09-25 20:59:59  принты: последний бар 20:59:00 close 0.01555, баров 46  | из отметок: safe_s:0.016033 optimal_s:0.016033
  k= 6 2026-09-25 21:59:59  принты: последний бар 21:59:00 close 0.015692, баров 60  | из отметок: safe_s:0.016068 optimal_s:0.016068
  k= 7 2026-09-25 22:59:59  принты: последний бар 22:59:00 close 0.015836, баров 60  | из отметок: safe_s:0.016105 optimal_s:0.016105
  k= 8 2026-09-25 23:59:59  принты: последний бар 23:59:00 close 0.01583, баров 57  | из отметок: safe_s:0.016103 optimal_s:0.016103
  k= 9 2026-09-26 00:59:59  принты: последний бар 00:59:00 close 0.014982, баров 59  | из отметок: safe_s:0.015891 optimal_s:0.015891
  k=10 2026-09-26 01:59:59  принты: последний бар 01:59:00 close 0.014785, баров 55  | из отметок: safe_s:0.015842 optimal_s:0.015842
  k=11 2026-09-26 02:59:59  принты: последний бар 02:59:00 close 0.015157, баров 54  | из отметок: safe_s:0.015935 optimal_s:0.015935
  k=12 2026-09-26 03:59:59  принты: последний бар 03:59:00 close 0.015112, баров 57  | из отметок: safe_s:0.015924 optimal_s:0.015924
  k=13 2026-09-26 04:59:59  принты: последний бар 04:59:00 close 0.015076, баров 44  | из отметок: safe_s:0.015915 optimal_s:0.015915
  k=14 2026-09-26 05:59:59  принты: последний бар 05:59:00 close 0.015587, баров 50  | из отметок: safe_s:0.016042 optimal_s:0.016042
  k=15 2026-09-26 06:59:59  принты: последний бар 06:59:00 close 0.021794, баров 53  | из отметок: safe_s:0.017594 optimal_s:0.016573
  k=16 2026-09-26 07:59:59  принты: последний бар 07:59:00 close 0.02208, баров 53  | из отметок: safe_s:0.017666 optimal_s:nan
  k=17 2026-09-26 08:59:59  принты: последний бар 08:59:00 close 0.021638, баров 49  | из отметок: safe_s:0.017555 optimal_s:nan
  k=18 2026-09-26 09:59:59  принты: последний бар 09:59:00 close 0.023173, баров 49  | из отметок: safe_s:0.017939 optimal_s:nan
  k=19 2026-09-26 10:59:59  принты: последний бар 10:59:00 close 0.023909, баров 52  | из отметок: safe_s:0.018123 optimal_s:nan
  k=20 2026-09-26 11:59:59  принты: последний бар 11:59:00 close 0.022975, баров 55  | из отметок: safe_s:0.017889 optimal_s:nan
  k=21 2026-09-26 12:59:59  принты: последний бар 12:59:00 close 0.022498, баров 56  | из отметок: safe_s:0.017770 optimal_s:nan
  k=22 2026-09-26 13:59:59  принты: последний бар 13:59:00 close 0.023722, баров 55  | из отметок: safe_s:0.018076 optimal_s:nan
  k=23 2026-09-26 14:59:59  принты: последний бар 14:59:00 close 0.022621, баров 54  | из отметок: safe_s:0.017801 optimal_s:nan
  k=24 2026-09-26 15:59:59  принты: последний бар 15:56:00 close 0.022397, баров 57  | из отметок: safe_s:0.017745 optimal_s:nan

реплей заново: ног 1
  свежий safe_s: exit срок 2026-09-26 15:56:00 px 0.022397 state open entry 0.016194
    цены из свежих отметок: k=1: 0.016220, k=2: 0.016226, k=3: 0.016378, k=4: 0.016223, k=5: 0.016033, k=6: 0.016068, k=7: 0.016105, k=8: 0.016103, k=9: 0.015891, k=10: 0.015842, k=11: 0.015935, k=12: 0.015924
  свежий optimal_s: exit пол 2026-09-26 06:24:00 px 0.017711 state closed entry 0.016194
    цены из свежих отметок: k=1: 0.016220, k=2: 0.016226, k=3: 0.016378, k=4: 0.016223, k=5: 0.016033, k=6: 0.016068, k=7: 0.016105, k=8: 0.016103, k=9: 0.015891, k=10: 0.015842, k=11: 0.015935, k=12: 0.015924

кандидаты цены на границе (принты):
  close_before: 2026-09-25 23:59:00 close 0.01583  -169.5 б.п. к записанной
  bar_at      : 2026-09-26 00:00:00 close 0.015838  -164.6 б.п. к записанной
  first_after : 2026-09-26 00:01:00 open 0.015842  -162.1 б.п. к записанной
конец: 2026-09-26T20:36:34Z, код 0
публикуется в ветку main:
 jobs/done/guard-fill-1.done         |   1 +
 jobs/done/guard-fill-1.log          |   6 ++
 jobs/done/probe-rare-2.done         |   1 +
 jobs/done/probe-rare-2.log          | 115 ++++++++++++++++++++++++++++++++++++
 jobs/done/ship-rest-1.done          |   1 +
 jobs/done/ship-rest-1.log           |   6 ++
 jobs/done/ship-to-0905.log          |   8 +++
 research/s8_loop/out/day_brake.json |   2 +-
 8 files changed, 139 insertions(+), 1 deletion(-)
To github.com:n0tgod/algoth_v2.git
   b302dd1e..60e80f0c  main -> main
branch 'main' set up to track 'origin/main'.
опубликовано
