== задание proc-age ==
строка: run tools/diag_cycle.py --cand --tail=2
начало: 2026-09-02T08:36:42Z
запускаю: .venv/bin/python tools/diag_cycle.py --cand --tail=2
=== процесс цикла ===
1083876 .venv/bin/python research/s8_loop/train.py

=== процесс сборщика ===
  1083186 .venv/bin/python research/b1_book/collect.py --http 8765
    поднят: Wed Sep  2 08:31:26 2026
  collect.py правлен 5.4 мин назад

=== манифест модели ===
возраст 17.0 ч
  trained_at: 2026-09-01T15:36:42+00:00
  train_seq: 518
  cycle_sec: 5683.0
  woke_after_hour_sec: 120.0
  steps_sec: {'сведение часа': 184.5, 'матрица': 45.7, 'книги': 24.3, 'оценка': 0.1, 'канарейка': 1217.4, 'обучение': 4210.9}
  canary_ic: 0.006

=== манифесты книг ===
  model: 17.00 ч
  model.rank-floor0: 495.47 ч
  model.rank-raw: 516.77 ч
  model_c_h4_r_f30_w5_gl_rrlo_se_b0_a0: 0.17 ч
  model_c_h4_z_f22_w10_gl_rr0_sv_b0_a1: 0.17 ч
  model_c_h4_z_f30_w10_gl_rrhi_se_b0_a1: 0.17 ч
  model_c_h4_z_f30_w5_gl_rrlo_se_b0_a0: 0.17 ч
  model_c_h4_z_f30_w5_gl_rrlo_sr_b0_a0: 0.17 ч
  model_c_h4_z_f30_w5_gs_rrhi_se_b0_a1: 0.17 ч
  model_c_h4_z_f30_w5_gt_rrlo_se_b0_a0: 0.17 ч
  model_demo: 709.47 ч
  model_h1: 495.26 ч
  model_h1.rank-raw: 518.44 ч
  model_h24: 0.01 ч
  model_h24a: 0.00 ч
  model_h24b: 0.01 ч
  model_h24bf: 0.01 ч
  model_h24c: 0.00 ч
  model_h24z: 0.01 ч
  model_h24za: 0.00 ч
  model_pretest: 617.33 ч
  model_pretest.was-выключен__бета_не_оценима_: 697.51 ч
  model_probe: 711.10 ч
  model_sit: 0.00 ч
  model_sit.rules-v1: 614.84 ч
  model_sit.rules-v10: 476.24 ч
  model_sit.rules-v11: 475.42 ч
  model_sit.rules-v12: 456.97 ч
  model_sit.rules-v2: 614.55 ч
  model_sit.rules-v3: 612.42 ч
  model_sit.rules-v4: 611.34 ч
  model_sit.rules-v5: 610.50 ч
  model_sit.rules-v6: 598.25 ч
  model_sit.rules-v7: 597.51 ч
  model_sit.rules-v8: 494.46 ч
  model_sit.rules-v9: 479.45 ч
  model_sit_lo: 0.17 ч
  model_sit_obs: 0.17 ч
  model_sit_obs.rules-v10: 476.24 ч
  model_sit_obs.rules-v11: 475.42 ч
  model_sit_obs.rules-v12: 456.97 ч
  model_sit_obs.rules-v6: 598.25 ч
  model_sit_obs.rules-v7: 597.51 ч
  model_sit_obs.rules-v8: 494.46 ч
  model_sit_obs.rules-v9: 479.45 ч
  model_sit_r: 0.17 ч
  model_sit_r.rules-v12: 467.30 ч
  model_sit_r.rules-v12-1: 466.15 ч
  model_sit_r.rules-v12-2: 456.97 ч
  model_sit_r.rules-v13: 442.20 ч
  model_z: 518.43 ч

=== книги кандидатов ===
книг в составе: 7
  h4_r_f30_w5_gl_rrlo_se_b0_a0 [selected] слотов 10 пол 30.0 rr 0.0..1.5 на сторону 5 согласие False
    gbm: сделок 12, закрыто 2, открыто 10, вышли без разбора 0, ждут разбора 0, схлопнули 0, последний вход 8 мин назад
      мест занято сканером: имён 10, по сторонам {'short': 5, 'long': 5}
    nn: сделок 13, закрыто 3, открыто 10, вышли без разбора 0, ждут разбора 0, схлопнули 0, последний вход 18 мин назад
      мест занято сканером: имён 10, по сторонам {'short': 5, 'long': 5}
  h4_z_f22_w10_gl_rr0_sv_b0_a1 [control] слотов 20 пол 22.0 rr 0.0..None на сторону 10 согласие True
    gbm: сделок 13, закрыто 2, открыто 11, вышли без разбора 0, ждут разбора 0, схлопнули 0, последний вход 8 мин назад
      мест занято сканером: имён 11, по сторонам {'short': 10, 'long': 1}
    nn: сделок 25, закрыто 5, открыто 20, вышли без разбора 0, ждут разбора 0, схлопнули 0, последний вход 8 мин назад
      мест занято сканером: имён 20, по сторонам {'short': 10, 'long': 10}
  h4_z_f30_w10_gl_rrhi_se_b0_a1 [control] слотов 20 пол 30.0 rr 2.0..None на сторону 10 согласие True
    gbm: сделок 3, закрыто 0, открыто 3, вышли без разбора 0, ждут разбора 0, схлопнули 0, последний вход 12 мин назад
      мест занято сканером: имён 3, по сторонам {'short': 3}
    nn: сделок 16, закрыто 2, открыто 14, вышли без разбора 0, ждут разбора 0, схлопнули 0, последний вход 7 мин назад
      мест занято сканером: имён 14, по сторонам {'long': 9, 'short': 5}
  h4_z_f30_w5_gl_rrlo_se_b0_a0 [selected] слотов 10 пол 30.0 rr 0.0..1.5 на сторону 5 согласие False
    gbm: сделок 12, закрыто 2, открыто 10, вышли без разбора 0, ждут разбора 0, схлопнули 0, последний вход 8 мин назад
      мест занято сканером: имён 10, по сторонам {'short': 5, 'long': 5}
    nn: сделок 13, закрыто 3, открыто 10, вышли без разбора 0, ждут разбора 0, схлопнули 0, последний вход 18 мин назад
      мест занято сканером: имён 10, по сторонам {'short': 5, 'long': 5}
  h4_z_f30_w5_gl_rrlo_sr_b0_a0 [selected] слотов 10 пол 30.0 rr 0.0..1.5 на сторону 5 согласие False
    gbm: сделок 12, закрыто 2, открыто 10, вышли без разбора 0, ждут разбора 0, схлопнули 0, последний вход 8 мин назад
      мест занято сканером: имён 10, по сторонам {'short': 5, 'long': 5}
    nn: сделок 13, закрыто 3, открыто 10, вышли без разбора 0, ждут разбора 0, схлопнули 0, последний вход 18 мин назад
      мест занято сканером: имён 10, по сторонам {'short': 5, 'long': 5}
  h4_z_f30_w5_gs_rrhi_se_b0_a1 [control] слотов 10 пол 30.0 rr 2.0..None на сторону 5 согласие True
    gbm: сделок 3, закрыто 0, открыто 3, вышли без разбора 0, ждут разбора 0, схлопнули 0, последний вход 12 мин назад
      мест занято сканером: имён 3, по сторонам {'short': 3}
    nn: сделок 12, закрыто 2, открыто 10, вышли без разбора 0, ждут разбора 0, схлопнули 0, последний вход 7 мин назад
      мест занято сканером: имён 10, по сторонам {'long': 5, 'short': 5}
  h4_z_f30_w5_gt_rrlo_se_b0_a0 [selected] слотов 10 пол 30.0 rr 0.0..1.5 на сторону 5 согласие False
    gbm: сделок 9, закрыто 0, открыто 9, вышли без разбора 0, ждут разбора 0, схлопнули 0, последний вход 6 мин назад
      мест занято сканером: имён 9, по сторонам {'long': 3, 'short': 6}
    nn: сделок 23, закрыто 0, открыто 23, вышли без разбора 0, ждут разбора 0, схлопнули 0, последний вход 6 мин назад
      мест занято сканером: имён 23, по сторонам {'long': 8, 'short': 15}

=== хвост train.log ===
возраст 0.0 мин, размер 7972588 Б
[09-02 08:35:53] матрица: 745 символов × 808 часов, сечений с ≥30 именами: 719, признаков 50
[09-02 08:36:42] кандидаты фабрики: книг 7 (живых 7), без живой книги 0
конец: 2026-09-02T08:36:42Z, код 0
публикуется в ветку main:
 jobs/done/proc-age.done             |   1 +
 jobs/done/proc-age.log              | 117 ++++++++++++++++++++++++++++++++++++
 jobs/done/slots-check.log           |  10 +++
 jobs/poke.log                       |   3 +
 research/s8_loop/out/day_brake.json |   2 +-
 5 files changed, 132 insertions(+), 1 deletion(-)
To github.com:n0tgod/algoth_v2.git
   7784f74..64e1ab0  main -> main
branch 'main' set up to track 'origin/main'.
опубликовано
