== задание propose-run-3 ==
строка: agents-run propose
начало: 2026-09-01T12:37:40Z
запускаю роль: propose 
авторизация: вход CLI (подписка)
rted in allow rules. An allow pattern must name the scope it widens — globs are permitted only in the tool position after a literal mcp__<server>__ prefix. Deny and ask rules accept wildcards anywhere.
Заявка готова, контракт проверен машиной (`check_role("propose")` → годен).

**Кандидат:** `h4_z_f30_w5_gs_rrlo_se_b0_a0` — главная ставка пула с одним изменённым значением оси `geom`.

Суть: в движке `levels` и `stop_take` — это **одна геометрия выхода с разным пределом возраста** (`candidate.py:186-198`: обе тройки — квантильный стоп и тейк, различие только 72 ч против 24). Четыре кандидата пула из пяти живут на пределе 72 ч, и никто его не проверял. Утверждение — предел оплачивается не деньгами, а **слотом**: правило мест (`candidate.py:172`) отвергает ногу молча, и её не видно ни в одном итоговом числе книги.

- **Убивается** парной разностью к соседу `..._gl_...` по общим суткам и отдельно по рукам; расхождение знака по рукам засчитывается как смерть — ровно этот предел в `BASKET-rules-1m.md` дал −149.06 у деревьев и +377.42 у сети на одних данных.
- **Потолок** — доля *слото-часов* у позиций старше 24 ч и число ног, отвергнутых местами именно в эти часы; считается по уже загруженным ногам, минуты. Малая доля при нуле отвергнутых означает, что две книги суть одна, и заявка умирает до объявления.
- **Связь с соседом будет высокой**, эффективное N (2.1) не вырастет — сказано заранее и не в мою пользу.

Три вещи, найденные при проверке чисел и записанные в `proposal.md`:

1. **Бриф преувеличивает согласие рук.** +441/+358 б.п. при p = 0.000 — это книга **24 ч**. На исполнимом сегодня горизонте тот же замер даёт −3.1 (p = 0.50) и +42.8 (p = 0.15) у h4, +63.8 и +49.4 у z с переворотом знака по половинам. Поэтому `agree = yes` я не предлагал. Следствие: сильнейший фильтр проекта живёт на горизонте, для которого лист сечения не пишет цель, — оттого исполнима половина пространства (1296 из 5184). Это задача ассистента, не фабрики.
2. **Пол входа отвергнут не потому, что не важен**, а потому, что `probe_extreme` мерил его в тех же единицах (сырой |прогноз|, 4 ч): отрезаемые полом корзины дают +1.9…+4.7 б.п. при круге 11 — ответ уже известен.
3. **Подозрение для адверсария:** `weight()` для `sizing = inv_sigma` возвращает `1/σ` без пола из сечения, а `daily_net` нормирует веса внутри дня — по виду ловушка S1 (актив с σ в 140 раз ниже медианы забирал 92.7 % половины книги). Я это не считал и утверждать как измеренное не могу; до проверки такого кандидата объявлять нельзя.
КОНТРАКТ: выполнен
прогон роли propose завершён
публикуется в ветку main:
 jobs/done/propose-run-2.log            |  14 ++
 jobs/done/propose-run-3.done           |   1 +
 jobs/done/propose-run-3.log            |  23 +++
 jobs/poke.log                          |   3 +
 research/factory/out/agents-runs.jsonl |   2 +
 research/factory/out/proposal.json     |  13 +-
 research/factory/out/proposal.md       | 300 ++++++++++++++++++---------------
 research/s8_loop/out/day_brake.json    |   2 +-
 8 files changed, 216 insertions(+), 142 deletions(-)
To github.com:n0tgod/algoth_v2.git
   810de67..6aafd86  main -> main
branch 'main' set up to track 'origin/main'.
опубликовано
конец: 2026-09-01T12:45:36Z, код 0
