== задание propose-first-run ==
строка: agents-run propose
начало: 2026-09-01T12:24:08Z
запускаю роль: propose 
авторизация: вход CLI (подписка)
n must name the scope it widens — globs are permitted only in the tool position after a literal mcp__<server>__ prefix. Deny and ask rules accept wildcards anywhere.
Ignoring --allowedTools rule "бриф:**": Wildcard tool name "бриф:**" is not supported in allow rules. An allow pattern must name the scope it widens — globs are permitted only in the tool position after a literal mcp__<server>__ prefix. Deny and ask rules accept wildcards anywhere.
Ignoring --allowedTools rule "**`row`**": Wildcard tool name "**`row`**" is not supported in allow rules. An allow pattern must name the scope it widens — globs are permitted only in the tool position after a literal mcp__<server>__ prefix. Deny and ask rules accept wildcards anywhere.
Ignoring --allowedTools rule "**`mechanism`**": Wildcard tool name "**`mechanism`**" is not supported in allow rules. An allow pattern must name the scope it widens — globs are permitted only in the tool position after a literal mcp__<server>__ prefix. Deny and ask rules accept wildcards anywhere.
Ignoring --allowedTools rule "это

**Чем": Wildcard tool name "это

**Чем" is not supported in allow rules. An allow pattern must name the scope it widens — globs are permitted only in the tool position after a literal mcp__<server>__ prefix. Deny and ask rules accept wildcards anywhere.
Ignoring --allowedTools rule "убивается.**": Wildcard tool name "убивается.**" is not supported in allow rules. An allow pattern must name the scope it widens — globs are permitted only in the tool position after a literal mcp__<server>__ prefix. Deny and ask rules accept wildcards anywhere.
Ignoring --allowedTools rule "мёртвой.

**Потолок.**": Wildcard tool name "мёртвой.

**Потолок.**" is not supported in allow rules. An allow pattern must name the scope it widens — globs are permitted only in the tool position after a literal mcp__<server>__ prefix. Deny and ask rules accept wildcards anywhere.
Ignoring --allowedTools rule "мелочь.

**Чем": Wildcard tool name "мелочь.

**Чем" is not supported in allow rules. An allow pattern must name the scope it widens — globs are permitted only in the tool position after a literal mcp__<server>__ prefix. Deny and ask rules accept wildcards anywhere.
Ignoring --allowedTools rule "живых.**": Wildcard tool name "живых.**" is not supported in allow rules. An allow pattern must name the scope it widens — globs are permitted only in the tool position after a literal mcp__<server>__ prefix. Deny and ask rules accept wildcards anywhere.
Ignoring --allowedTools rule "ждёшь.

**Указатели.**": Wildcard tool name "ждёшь.

**Указатели.**" is not supported in allow rules. An allow pattern must name the scope it widens — globs are permitted only in the tool position after a literal mcp__<server>__ prefix. Deny and ask rules accept wildcards anywhere.
Ignoring --allowedTools rule "сомнении

**Не": Wildcard tool name "сомнении

**Не" is not supported in allow rules. An allow pattern must name the scope it widens — globs are permitted only in the tool position after a literal mcp__<server>__ prefix. Deny and ask rules accept wildcards anywhere.
Ignoring --allowedTools rule "предлагай.**": Wildcard tool name "предлагай.**" is not supported in allow rules. An allow pattern must name the scope it widens — globs are permitted only in the tool position after a literal mcp__<server>__ prefix. Deny and ask rules accept wildcards anywhere.
Ignoring --allowedTools rule "**условно**": Wildcard tool name "**условно**" is not supported in allow rules. An allow pattern must name the scope it widens — globs are permitted only in the tool position after a literal mcp__<server>__ prefix. Deny and ask rules accept wildcards anywhere.
Error: Input must be provided either through stdin or as a prompt argument when using --print
конец: 2026-09-01T12:24:10Z, код 1
публикуется в ветку main:
 jobs/done/agents-card-deploy.log       | 11 ++++++++++
 jobs/done/propose-first-run.done       |  1 +
 jobs/done/propose-first-run.log        | 40 ++++++++++++++++++++++++++++++++++
 jobs/poke.log                          |  3 +++
 research/factory/out/agents-runs.jsonl |  2 ++
 research/s8_loop/out/day_brake.json    |  2 +-
 6 files changed, 58 insertions(+), 1 deletion(-)
To github.com:n0tgod/algoth_v2.git
   92778d2..ad57d02  main -> main
branch 'main' set up to track 'origin/main'.
опубликовано
