== задание ps-dca2 ==
строка: status
начало: 2026-09-04T12:05:03Z
--- диск ---
Filesystem      Size  Used Avail Use% Mounted on
/dev/sda1       150G   68G   77G  47% /
/dev/sdb        147G  122G   19G  88% /mnt/HC_Volume_106683528
--- процессы ---
669148 bot/target/release/bot live --s8 research/s8_loop/out/model_sit_lo --journal bot/out/live --keys /root/.bybit/live.env --base https://api.bybit.com --arm gbm --capital 300 --interval-sec 5 --clear-halt
1295960 .venv/bin/python research/b1_book/collect.py --http 8765
1296756 .venv/bin/python research/s8_loop/train.py
--- статус сбора ---
{"t": 1788523503.3, "uptime_sec": 290.4, "messages": 1346357, "trades": 160909, "resets": 0, "last_msg_age_sec": 0.0, "snapshots": 196891, "snapshot_errors": 0, "last_snap_age_sec": 2.9, "snap_pass_sec": 0.182, "writes": {"book": 196891, "trades": 160897, "raw": 11093, "liq": 14}, "write_age_sec": {"book": 2.9, "trades": 3.4, "raw": 0.1, "liq": 8.2}, "symbols": {"0GUSDT": {"ready": true, "bid": 0.1886, "ask": 0.1887, "resets": 0}, "1000000BABYDOGEUSDT": {"ready": true, "bid": 0.0003914, "ask": 0.0003917, "resets": 0}, "1000000MOGUSDT": {"ready": true, "bid": 0.1104, "ask": 0.1106, "resets": 0}, "10000NEXUSDT": {"ready": true, "bid": 0.01449, "ask": 0.01451, "resets": 0}, "10000SATSUSDT": {"r
--- живой исполнитель ---
{
  "at_ms": 1788523503388,
  "capital_usd": 300.0,
  "dry": false,
  "entries_paused": false,
  "halted": "часовой цикл молчит 3.0 ч при пределе 3 ч (§5) — позиции без сканера не управляет никто",
  "lev_errors": null,
  "limits_off": true,
  "note": null,
  "positions": [],
  "realized_today_usd": 0.0,
  "realized_total_usd": -21.265818699799986,
  "rejects_row": 0,
  "stale_entries_skipped": 79,
  "tp_errors": null,
  "wallet": {
    "balance": 284.21345292,
    "equity": 284.21345292
  }
}
конец: 2026-09-04T12:05:03Z
