== задание ps-ticket ==
строка: status
начало: 2026-09-04T13:04:52Z
--- диск ---
Filesystem      Size  Used Avail Use% Mounted on
/dev/sda1       150G   68G   77G  47% /
/dev/sdb        147G  122G   19G  88% /mnt/HC_Volume_106683528
--- процессы ---
669148 bot/target/release/bot live --s8 research/s8_loop/out/model_sit_lo --journal bot/out/live --keys /root/.bybit/live.env --base https://api.bybit.com --arm gbm --capital 300 --interval-sec 5 --clear-halt
1303941 .venv/bin/python research/b1_book/collect.py --http 8765
--- статус сбора ---
{"t": 1788527089.1, "uptime_sec": 46.9, "messages": 221276, "trades": 30706, "resets": 0, "last_msg_age_sec": 0.0, "snapshots": 11623, "snapshot_errors": 0, "last_snap_age_sec": 1.8, "snap_pass_sec": 0.517, "writes": {"book": 11623, "trades": 30694, "raw": 1571, "liq": 8}, "write_age_sec": {"book": 1.8, "trades": 0.8, "raw": 0.0, "liq": 22.1}, "symbols": {"0GUSDT": {"ready": true, "bid": 0.186, "ask": 0.1861, "resets": 0}, "1000000BABYDOGEUSDT": {"ready": true, "bid": 0.0003829, "ask": 0.0003833, "resets": 0}, "1000000MOGUSDT": {"ready": true, "bid": 0.1074, "ask": 0.1075, "resets": 0}, "10000NEXUSDT": {"ready": true, "bid": 0.01442, "ask": 0.01445, "resets": 0}, "10000SATSUSDT": {"ready": t
--- живой исполнитель ---
{
  "at_ms": 1788527090690,
  "capital_usd": 300.0,
  "dry": false,
  "entries_paused": false,
  "halted": "часовой цикл молчит 3.0 ч при пределе 3 ч (§5) — позиции без сканера не управляет никто",
  "lev_errors": null,
  "limits_off": true,
  "note": null,
  "positions": [],
  "realized_today_usd": 0.0,
  "realized_total_usd": -21.265818699799986,
  "rejects_row": 0,
  "stale_entries_skipped": 79,
  "tp_errors": null,
  "wallet": {
    "balance": 284.21345292,
    "equity": 284.21345292
  }
}
конец: 2026-09-04T13:04:52Z
публикуется в ветку main:
 jobs/done/deploy-ticket.log | 10 ++++++++++
 jobs/done/ps-ticket.log     | 34 ++++++++++++++++++++++++++++++++++
 jobs/poke.log               |  2 ++
 3 files changed, 46 insertions(+)
To github.com:n0tgod/algoth_v2.git
   80b0465..fce4f94  main -> main
branch 'main' set up to track 'origin/main'.
опубликовано
