== задание pull-origin ==
строка: status
начало: 2026-09-03T08:50:11Z
--- диск ---
Filesystem      Size  Used Avail Use% Mounted on
/dev/sda1       150G   67G   77G  47% /
/dev/sdb        147G  120G   20G  86% /mnt/HC_Volume_106683528
--- процессы ---
669148 bot/target/release/bot live --s8 research/s8_loop/out/model_sit_lo --journal bot/out/live --keys /root/.bybit/live.env --base https://api.bybit.com --arm gbm --capital 300 --interval-sec 5 --clear-halt
1133158 .venv/bin/python research/b1_book/collect.py --http 8765
1133599 .venv/bin/python research/s8_loop/train.py
--- статус сбора ---
{"t": 1788425411.2, "uptime_sec": 45171.8, "messages": 191440149, "trades": 21675072, "resets": 0, "last_msg_age_sec": 0.0, "snapshots": 31471904, "snapshot_errors": 0, "last_snap_age_sec": 1.0, "snap_pass_sec": 0.721, "writes": {"book": 31471904, "trades": 21675057, "raw": 1676761, "liq": 11327, "metrics": 110856}, "write_age_sec": {"book": 1.0, "trades": 4.4, "raw": 0.2, "liq": 3.6, "metrics": 101.6}, "symbols": {"0GUSDT": {"ready": true, "bid": 0.1813, "ask": 0.1814, "resets": 0}, "1000000BABYDOGEUSDT": {"ready": true, "bid": 0.000375, "ask": 0.0003754, "resets": 0}, "1000000MOGUSDT": {"ready": true, "bid": 0.1044, "ask": 0.1045, "resets": 0}, "10000NEXUSDT": {"ready": true, "bid": 0.0143
--- живой исполнитель ---
{
  "at_ms": 1788425411786,
  "capital_usd": 300.0,
  "dry": false,
  "entries_paused": false,
  "halted": "часовой цикл молчит 3.0 ч при пределе 3 ч (§5) — позиции без сканера не управляет никто",
  "lev_errors": null,
  "limits_off": true,
  "note": null,
  "positions": [],
  "realized_today_usd": 0.0,
  "realized_total_usd": -21.265818699799986,
  "rejects_row": 0,
  "stale_entries_skipped": 79,
  "tp_errors": null,
  "wallet": {
    "balance": 284.21345292,
    "equity": 284.21345292
  }
}
конец: 2026-09-03T08:50:12Z
публикуется в ветку main:
 jobs/done/ask-done.log              | 12 ++++++++++++
 jobs/done/pull-origin.log           | 35 +++++++++++++++++++++++++++++++++++
 jobs/poke.log                       |  2 ++
 research/s8_loop/out/day_brake.json |  2 +-
 4 files changed, 50 insertions(+), 1 deletion(-)
To github.com:n0tgod/algoth_v2.git
   e8bca3f..5fa89bf  main -> main
branch 'main' set up to track 'origin/main'.
опубликовано
