== задание pull-mechdir ==
строка: status
начало: 2026-09-03T07:56:54Z
--- диск ---
Filesystem      Size  Used Avail Use% Mounted on
/dev/sda1       150G   67G   77G  47% /
/dev/sdb        147G  120G   20G  87% /mnt/HC_Volume_106683528
--- процессы ---
669148 bot/target/release/bot live --s8 research/s8_loop/out/model_sit_lo --journal bot/out/live --keys /root/.bybit/live.env --base https://api.bybit.com --arm gbm --capital 300 --interval-sec 5 --clear-halt
1133158 .venv/bin/python research/b1_book/collect.py --http 8765
1133599 .venv/bin/python research/s8_loop/train.py
--- статус сбора ---
{"t": 1788422211.3, "uptime_sec": 41971.9, "messages": 176472615, "trades": 20050177, "resets": 0, "last_msg_age_sec": 0.0, "snapshots": 29368163, "snapshot_errors": 0, "last_snap_age_sec": 1.2, "snap_pass_sec": 0.638, "writes": {"book": 29368163, "trades": 20050161, "raw": 1551776, "liq": 11019, "metrics": 102672}, "write_age_sec": {"book": 1.2, "trades": 0.3, "raw": 0.3, "liq": 8.2, "metrics": 224.6}, "symbols": {"0GUSDT": {"ready": true, "bid": 0.183, "ask": 0.1831, "resets": 0}, "1000000BABYDOGEUSDT": {"ready": true, "bid": 0.0003727, "ask": 0.0003729, "resets": 0}, "1000000MOGUSDT": {"ready": true, "bid": 0.1038, "ask": 0.1039, "resets": 0}, "10000NEXUSDT": {"ready": true, "bid": 0.0143
--- живой исполнитель ---
{
  "at_ms": 1788422214208,
  "capital_usd": 300.0,
  "dry": false,
  "entries_paused": false,
  "halted": "часовой цикл молчит 3.0 ч при пределе 3 ч (§5) — позиции без сканера не управляет никто",
  "lev_errors": null,
  "limits_off": true,
  "note": null,
  "positions": [],
  "realized_today_usd": 0.0,
  "realized_total_usd": -21.265818699799986,
  "rejects_row": 0,
  "stale_entries_skipped": 79,
  "tp_errors": null,
  "wallet": {
    "balance": 284.21345292,
    "equity": 284.21345292
  }
}
конец: 2026-09-03T07:56:54Z
публикуется в ветку main:
 jobs/done/fshift-controls.log          | 11 +++++++++++
 jobs/done/pull-mechdir.log             | 35 ++++++++++++++++++++++++++++++++++
 jobs/poke.log                          |  2 ++
 research/factory/out/agents-runs.jsonl |  2 ++
 research/factory/out/mech_task.json    |  2 +-
 5 files changed, 51 insertions(+), 1 deletion(-)
To github.com:n0tgod/algoth_v2.git
   116f55f..5c7728f  main -> main
branch 'main' set up to track 'origin/main'.
опубликовано
