== задание recording-health-0831 ==
строка: status
начало: 2026-08-31T15:23:47Z
--- диск ---
Filesystem      Size  Used Avail Use% Mounted on
/dev/sda1       150G   67G   78G  47% /
/dev/sdb        147G  106G   34G  76% /mnt/HC_Volume_106683528
--- процессы ---
669148 bot/target/release/bot live --s8 research/s8_loop/out/model_sit_lo --journal bot/out/live --keys /root/.bybit/live.env --base https://api.bybit.com --arm gbm --capital 300 --interval-sec 5 --clear-halt
941432 .venv/bin/python research/b1_book/collect.py --http 8765
941631 .venv/bin/python research/s8_loop/train.py
--- статус сбора ---
{"t": 1788189823.7, "uptime_sec": 1312.6, "messages": 6388782, "trades": 540013, "resets": 0, "last_msg_age_sec": 0.1, "snapshots": 584988, "snapshot_errors": 0, "last_snap_age_sec": 1.9, "snap_pass_sec": 0.164, "writes": {"book": 584988, "trades": 539995, "raw": 29518, "liq": 82, "metrics": 2956}, "write_age_sec": {"book": 1.9, "trades": 10.7, "raw": 24.8, "liq": 37.7, "metrics": 98.3}, "symbols": {"0GUSDT": {"ready": true, "bid": 0.2048, "ask": 0.2049, "resets": 0}, "1000000BABYDOGEUSDT": {"ready": true, "bid": 0.0003536, "ask": 0.0003538, "resets": 0}, "1000000MOGUSDT": {"ready": true, "bid": 0.107, "ask": 0.1072, "resets": 0}, "10000NEXUSDT": {"ready": true, "bid": 0.01439, "ask": 0.0144
--- живой исполнитель ---
{
  "at_ms": 1788189824453,
  "capital_usd": 300.0,
  "dry": false,
  "entries_paused": false,
  "halted": "часовой цикл молчит 3.0 ч при пределе 3 ч (§5) — позиции без сканера не управляет никто",
  "lev_errors": null,
  "limits_off": true,
  "note": null,
  "positions": [],
  "realized_today_usd": 0.0,
  "realized_total_usd": -21.265818699799986,
  "rejects_row": 0,
  "stale_entries_skipped": 79,
  "tp_errors": null,
  "wallet": {
    "balance": 284.21345292,
    "equity": 284.21345292
  }
}
конец: 2026-08-31T15:23:47Z
