== задание repeat-entry-2 ==
строка: run research/dca_paper/repeat_entry.py
начало: 2026-10-06T09:37:31Z
запускаю: .venv/bin/python research/dca_paper/repeat_entry.py 
[short] k1: записей safe_h 1132, optimal_h 1253, aggr_h 1253; доход/просадка safe_h 2.28, optimal_h 2.33, aggr_h 2.78 (2 с)
[short] k2plus: записей safe_h 3509, optimal_h 3408, aggr_h 3408; доход/просадка safe_h -0.22, optimal_h 3.81, aggr_h 2.31 (3 с)
[short] k3plus: записей safe_h 2829, optimal_h 2704, aggr_h 2704; доход/просадка safe_h 2.22, optimal_h 1.37, aggr_h 1.88 (3 с)
[short] случайные подмножества: 50 зёрен из 200, 22 с
[short] случайные подмножества: 100 зёрен из 200, 44 с
[short] случайные подмножества: 150 зёрен из 200, 64 с
[short] случайные подмножества: 50 зёрен из 200, 20 с
[short] случайные подмножества: 100 зёрен из 200, 37 с
[short] случайные подмножества: 150 зёрен из 200, 55 с
[long] k1: записей safe 1873, optimal 1886, aggr 1886; доход/просадка safe 33.12, optimal 30.86, aggr 22.03 (2 с)
[long] k2plus: записей safe 5674, optimal 5662, aggr 5662; доход/просадка safe 36.25, optimal 30.1, aggr 22.03 (2 с)
[long] k3plus: записей safe 4367, optimal 4348, aggr 4348; доход/просадка safe 40.25, optimal 16.61, aggr 16.3 (3 с)
[long] случайные подмножества: 50 зёрен из 200, 28 с
[long] случайные подмножества: 100 зёрен из 200, 55 с
[long] случайные подмножества: 150 зёрен из 200, 82 с
[long] случайные подмножества: 50 зёрен из 200, 24 с
[long] случайные подмножества: 100 зёрен из 200, 48 с
[long] случайные подмножества: 150 зёрен из 200, 73 с
# Пропустить первый вход: второй, третий и четвёртый выбор имени — отдельно по коротким и длинным сделкам

Касса $10,000 нетто; случайные подмножества того же размера — 200 зёрен; посчитано 2026-10-06 09:43 за 376.8 с.

Номер входа k по имени — как у правила «одна на имя»: k = 1 первый выбор, k = 2, 3, 4… выборы того же имени, пока позиция первого ещё открыта. По записям — издержки реплея (плоские, 11 б.п. на заполненный нотионал); по кассе — настоящие. Стороны — разные семейства книг с разными листами и считаются порознь.

# Короткие сделки: короткие сделки — книги h24 (`safe_h`/`optimal_h`/`aggr_h`), срок 24 ч, без доливов

Записей реплея 9574, посчитано за 160.1 с. 
Сверка формулы нетто с ядром: записей с `filled` и `fills` 14361, расхождений 0, худшее 0.00e+00.

## короткие сделки, безопасная — по записям (4641 записей)

| номер входа | записей | доля записей | плюсовых | ср. выигрыш, % маржи | ср. проигрыш, % маржи | RR | ожидание, % маржи | ожидание в цене |
|---|--:|--:|--:|--:|--:|--:|--:|--:|
| k = 1 | 1132 | 24 % | 59 % | +11.0 % | -12.8 % | 0.86 | +1.26 % | +7.7 б.п. |
| k = 2 | 680 | 15 % | 63 % | +10.1 % | -14.4 % | 0.70 | +1.13 % | +20.8 б.п. |
| k = 3 | 494 | 11 % | 62 % | +8.9 % | -11.7 % | 0.76 | +1.02 % | +26.4 б.п. |
| k = 4 | 375 | 8 % | 64 % | +6.8 % | -9.9 % | 0.69 | +0.86 % | +20.2 б.п. |
| k = 5+ | 1960 | 42 % | 64 % | +7.5 % | -9.0 % | 0.84 | +1.51 % | +66.1 б.п. |
| k ≥ 2 (все повторы) | 3509 | — | 63 % | +8.1 % | -10.5 % | 0.77 | +1.30 % | +46.8 б.п. |
| все | 4641 | — | 62 % | +8.8 % | -11.1 % | 0.79 | +1.29 % | +37.3 б.п. |

## короткие сделки, оптимальная — по записям (4661 записей)

| номер входа | записей | доля записей | плюсовых | ср. выигрыш, % маржи | ср. проигрыш, % маржи | RR | ожидание, % маржи | ожидание в цене |
|---|--:|--:|--:|--:|--:|--:|--:|--:|
| k = 1 | 1253 | 27 % | 53 % | +20.1 % | -20.7 % | 0.97 | +1.02 % | +8.1 б.п. |
| k = 2 | 704 | 15 % | 55 % | +21.2 % | -22.0 % | 0.97 | +1.71 % | +11.7 б.п. |
| k = 3 | 494 | 11 % | 55 % | +23.4 % | -22.0 % | 1.07 | +2.86 % | +33.8 б.п. |
| k = 4 | 374 | 8 % | 57 % | +20.8 % | -21.5 % | 0.97 | +2.70 % | +38.1 б.п. |
| k = 5+ | 1836 | 39 % | 58 % | +25.4 % | -22.9 % | 1.11 | +5.10 % | +68.4 б.п. |
| k ≥ 2 (все повторы) | 3408 | — | 57 % | +23.8 % | -22.4 % | 1.06 | +3.81 % | +48.3 б.п. |
| все | 4661 | — | 56 % | +22.8 % | -21.9 % | 1.04 | +3.06 % | +37.5 б.п. |

## короткие сделки, агрессивная — по записям (4661 записей)

| номер входа | записей | доля записей | плюсовых | ср. выигрыш, % маржи | ср. проигрыш, % маржи | RR | ожидание, % маржи | ожидание в цене |
|---|--:|--:|--:|--:|--:|--:|--:|--:|
| k = 1 | 620 | 27 % | 46 % | +42.9 % | -33.1 % | 1.30 | +2.07 % | +16.2 б.п. |
| k = 2 | 371 | 15 % | 50 % | +40.1 % | -34.2 % | 1.17 | +3.07 % | +24.0 б.п. |
| k = 3 | 273 | 11 % | 51 % | +42.1 % | -34.4 % | 1.22 | +4.54 % | +29.8 б.п. |
| k = 4 | 204 | 8 % | 55 % | +36.5 % | -35.1 % | 1.04 | +4.20 % | +20.4 б.п. |
| k = 5+ | 1082 | 39 % | 55 % | +41.5 % | -33.2 % | 1.25 | +8.18 % | +77.6 б.п. |
| k ≥ 2 (все повторы) | 1930 | — | 54 % | +40.8 % | -33.8 % | 1.21 | +6.27 % | +54.5 б.п. |
| все | 2550 | — | 52 % | +41.2 % | -33.6 % | 1.23 | +5.25 % | +45.2 б.п. |

## короткие сделки — по кассе $10,000 нетто

| книга | ячейка | записей | сделок | итог | просадка | доход/просадка | без 3 дней, $ | σ дня, $ | случайные того же размера: итог (медиана) | доход/просадка (медиана) | зёрен не хуже: итог | доход/просадка |
|---|---|--:|--:|--:|--:|--:|--:|--:|--:|--:|--:|--:|
| безопасная | как сейчас: первый выбор имени | 1132 | 977 | +13.2 % | -5.8 % | 2.28 | 644 | 124 | — | — | — | — |
| безопасная | пропустить первый: входит второй выбор | 3509 | 658 | -1.9 % | -8.5 % | -0.22 | -706 | 85 | +12.1 % | 2.03 | 100 % | 100 % |
| безопасная | пропустить два: входит третий выбор | 2829 | 479 | +5.9 % | -2.6 % | 2.22 | 30 | 66 | +9.4 % | 1.70 | 72 % | 36 % |
| оптимальная | как сейчас: первый выбор имени | 1253 | 1080 | +7.4 % | -3.2 % | 2.33 | 93 | 86 | — | — | — | — |
| оптимальная | пропустить первый: входит второй выбор | 3408 | 705 | +10.4 % | -2.7 % | 3.81 | 292 | 83 | +7.6 % | 1.89 | 22 % | 10 % |
| оптимальная | пропустить два: входит третий выбор | 2704 | 505 | +4.1 % | -3.0 % | 1.37 | -154 | 65 | +6.6 % | 1.60 | 74 % | 59 % |
| агрессивная | как сейчас: первый выбор имени | 1253 | 566 | +9.1 % | -3.3 % | 2.78 | 140 | 100 | — | — | — | — |
| агрессивная | пропустить первый: входит второй выбор | 3408 | 572 | +12.8 % | -5.6 % | 2.31 | 108 | 135 | +12.6 % | 2.05 | 48 % | 42 % |
| агрессивная | пропустить два: входит третий выбор | 2704 | 418 | +9.9 % | -5.2 % | 1.88 | 41 | 116 | +12.6 % | 2.28 | 70 % | 63 % |

**Вердикт по коротким сделкам (из чисел):** не рычаг: optimal_h: доход/просадка 3.81 против 2.33 как сейчас, в шуме случайной (итог 22%, доход/просадка 10% зёрен не хуже); aggr_h: доход/просадка 2.31 против 2.78 как сейчас, в шуме случайной (итог 48%, доход/просадка 42% зёрен не хуже)

# Длинные сделки: длинные сделки — DCA-книги лонгов (`safe`/`optimal`/`aggr`), срок 72 ч, лестница доливов

Записей реплея 15800, посчитано за 209.1 с. 
Сверка формулы нетто с ядром здесь невозможна: записей с `filled` нет (у длинных записей нетто считается из заполнений, формула сверена на коротких).

## длинные сделки, безопасная — по записям (7547 записей)

| номер входа | записей | доля записей | плюсовых | ср. выигрыш, % маржи | ср. проигрыш, % маржи | RR | ожидание, % маржи | ожидание в цене |
|---|--:|--:|--:|--:|--:|--:|--:|--:|
| k = 1 | 1873 | 25 % | 79 % | +3.0 % | -2.1 % | 1.43 | +1.94 % | +86.2 б.п. |
| k = 2 | 1307 | 17 % | 81 % | +3.5 % | -2.2 % | 1.56 | +2.38 % | +104.7 б.п. |
| k = 3 | 1040 | 14 % | 82 % | +3.6 % | -2.0 % | 1.85 | +2.63 % | +115.0 б.п. |
| k = 4 | 830 | 11 % | 84 % | +3.4 % | -1.9 % | 1.84 | +2.59 % | +114.1 б.п. |
| k = 5+ | 2497 | 33 % | 85 % | +2.9 % | -1.6 % | 1.82 | +2.25 % | +105.9 б.п. |
| k ≥ 2 (все повторы) | 5674 | — | 83 % | +3.2 % | -1.9 % | 1.73 | +2.40 % | +108.5 б.п. |
| все | 7547 | — | 82 % | +3.2 % | -2.0 % | 1.64 | +2.28 % | +103.0 б.п. |

## длинные сделки, оптимальная — по записям (7548 записей)

| номер входа | записей | доля записей | плюсовых | ср. выигрыш, % маржи | ср. проигрыш, % маржи | RR | ожидание, % маржи | ожидание в цене |
|---|--:|--:|--:|--:|--:|--:|--:|--:|
| k = 1 | 1886 | 25 % | 79 % | +6.9 % | -6.8 % | 1.00 | +3.94 % | +82.7 б.п. |
| k = 2 | 1314 | 17 % | 81 % | +7.8 % | -9.4 % | 0.83 | +4.51 % | +89.0 б.п. |
| k = 3 | 1045 | 14 % | 82 % | +8.5 % | -8.0 % | 1.07 | +5.55 % | +109.6 б.п. |
| k = 4 | 832 | 11 % | 84 % | +7.4 % | -8.2 % | 0.91 | +4.93 % | +102.8 б.п. |
| k = 5+ | 2471 | 33 % | 85 % | +5.8 % | -5.9 % | 0.99 | +4.06 % | +91.7 б.п. |
| k ≥ 2 (все повторы) | 5662 | — | 83 % | +7.0 % | -7.6 % | 0.93 | +4.57 % | +96.0 б.п. |
| все | 7548 | — | 82 % | +7.0 % | -7.4 % | 0.95 | +4.41 % | +92.7 б.п. |

## длинные сделки, агрессивная — по записям (7548 записей)

| номер входа | записей | доля записей | плюсовых | ср. выигрыш, % маржи | ср. проигрыш, % маржи | RR | ожидание, % маржи | ожидание в цене |
|---|--:|--:|--:|--:|--:|--:|--:|--:|
| k = 1 | 448 | 25 % | 90 % | +16.6 % | -38.4 % | 0.43 | +11.09 % | +134.0 б.п. |
| k = 2 | 396 | 17 % | 90 % | +16.1 % | -40.3 % | 0.40 | +10.30 % | +121.8 б.п. |
| k = 3 | 334 | 14 % | 93 % | +16.2 % | -47.0 % | 0.35 | +11.68 % | +128.2 б.п. |
| k = 4 | 247 | 11 % | 94 % | +15.1 % | -51.1 % | 0.29 | +10.77 % | +113.6 б.п. |
| k = 5+ | 561 | 33 % | 94 % | +14.1 % | -43.5 % | 0.32 | +10.60 % | +108.6 б.п. |
| k ≥ 2 (все повторы) | 1538 | — | 93 % | +15.2 % | -44.2 % | 0.34 | +10.78 % | +117.0 б.п. |
| все | 1986 | — | 92 % | +15.5 % | -42.5 % | 0.37 | +10.85 % | +120.9 б.п. |

## длинные сделки — по кассе $10,000 нетто

| книга | ячейка | записей | сделок | итог | просадка | доход/просадка | без 3 дней, $ | σ дня, $ | случайные того же размера: итог (медиана) | доход/просадка (медиана) | зёрен не хуже: итог | доход/просадка |
|---|---|--:|--:|--:|--:|--:|--:|--:|--:|--:|--:|--:|
| безопасная | как сейчас: первый выбор имени | 1873 | 1806 | +8.6 % | -0.3 % | 33.12 | 88 | 61 | — | — | — | — |
| безопасная | пропустить первый: входит второй выбор | 5674 | 1255 | +7.2 % | -0.2 % | 36.25 | 21 | 63 | +8.1 % | 30.48 | 100 % | 8 % |
| безопасная | пропустить два: входит третий выбор | 4367 | 1032 | +6.4 % | -0.2 % | 40.25 | 26 | 62 | +7.6 % | 29.96 | 100 % | 12 % |
| оптимальная | как сейчас: первый выбор имени | 1886 | 1819 | +18.2 % | -0.6 % | 30.86 | 204 | 130 | — | — | — | — |
| оптимальная | пропустить первый: входит второй выбор | 5662 | 1263 | +15.0 % | -0.5 % | 30.10 | 26 | 132 | +16.6 % | 24.96 | 94 % | 22 % |
| оптимальная | пропустить два: входит третий выбор | 4348 | 1040 | +12.8 % | -0.8 % | 16.61 | -45 | 132 | +15.5 % | 23.22 | 100 % | 83 % |
| агрессивная | как сейчас: первый выбор имени | 1886 | 448 | +14.3 % | -0.7 % | 22.03 | 112 | 169 | — | — | — | — |
| агрессивная | пропустить первый: входит второй выбор | 5662 | 515 | +16.1 % | -0.7 % | 22.03 | -108 | 236 | +17.2 % | 15.06 | 94 % | 17 % |
| агрессивная | пропустить два: входит третий выбор | 4348 | 418 | +13.7 % | -0.8 % | 16.30 | -120 | 229 | +15.6 % | 14.91 | 98 % | 38 % |

**Вердикт по длинным сделкам (из чисел):** не рычаг: optimal: доход/просадка 30.10 против 30.86 как сейчас, в шуме случайной (итог 94%, доход/просадка 22% зёрен не хуже); aggr: доход/просадка 22.03 против 22.03 как сейчас, в шуме случайной (итог 94%, доход/просадка 17% зёрен не хуже)

## Вердикт (из чисел)

- короткие: не рычаг: optimal_h: доход/просадка 3.81 против 2.33 как сейчас, в шуме случайной (итог 22%, доход/просадка 10% зёрен не хуже); aggr_h: доход/просадка 2.31 против 2.78 как сейчас, в шуме случайной (итог 48%, доход/просадка 42% зёрен не хуже); длинные: не рычаг: optimal: доход/просадка 30.10 против 30.86 как сейчас, в шуме случайной (итог 94%, доход/просадка 22% зёрен не хуже); aggr: доход/просадка 22.03 против 22.03 как сейчас, в шуме случайной (итог 94%, доход/просадка 17% зёрен не хуже)

Чего замер не делает: не меняет правила книг и не судит направление; «ювелирность» здесь — доля плюсовых и RR по записям и деньги кассы, а не слово.
