== задание retire-fix-restat ==
строка: run research/dca_paper/run_paper.py --restat
начало: 2026-09-07T16:34:04Z
запускаю: .venv/bin/python research/dca_paper/run_paper.py --restat
# DCA — бумажные книги на трёх депозитах

Книг девять: три РЕЖИМА × три депозита. Внутри режима книги отличаются РОВНО депозитом: правила, гейты, ограда и выходы у них одни. Билет при этом НЕ один и тот же, и это не третья ось: он считается ОДНОЙ формулой — `максимум(пол режима, депозит / (пик режима × запас))`, — просто пол и пик у каждого режима свои.

| режим | пол | пик | билет | мест |
|---|--:|--:|--:|--:|
| безопасная | $25 | 457 | $25 / $25 / $145 | 40 / 400 / 689 |
| оптимальная | $25 | 457 | $25 / $25 / $145 | 40 / 400 / 689 |
| агрессивная | $6.25 | 237 | $6.25 / $28 / $281 | 160 / 357 / 355 |

**Пол задаёт биржа, и он у режимов разный.** Минимальный ордер площадки ровно $5, самый мелкий рунг лестницы — 0.25 нотионала, значит маржа не бывает меньше `$5 / 0.25 / плечо`. Худшее плечо режима без гейта есть 1× (забор выдаёт от единицы) — отсюда $20 и, с четвертью запаса на просадку, пол $25. У режима с гейтом худший случай есть сам гейт (4×), и пол выходит вчетверо ниже — $6.25.

**Потолок задаёт книга (решение владельца 2026-09-04): билет поднят так, чтобы хватало на ВСЕ места.** Пики ИЗМЕРЕНЫ по журналу: у двух режимов без гейта он один и тот же (457 — они берут одни решения и различаются лишь плечом), у режима с гейтом 237. Запас 1.5× нужен потому, что пик есть максимум выборки, а сечение растёт с записью. Правило само говорит главное: **мелкий депозит наполнить нельзя** — у него связывает пол биржи.

**Что здесь изменено 2026-09-04 и почему** (просьба владельца «оптимизировать книги под их названия»). Прежде на все три режима шёл пик ПУЛА, и «агрессивная» от этого стояла недогруженной: позиций у неё вдвое меньше, то есть её собственный пик ниже, и при полном по её меркам портфеле часть денег простаивала. Замер `name_check.py` назвал это числом — загрузка 4.0 % против 19.5 у «оптимальной», пик 59 % против 100, — то есть имя было честным по позиции и нечестным по книге. **Билет при этом не стал особым:** формула одна на все режимы, различаются лишь их собственные пол и пик, поэтому режимы по-прежнему отличаются РОВНО одним объявленным правилом (гейтом плеча), и контрольная рука со старым билетом не нужна. Числа безопасной и оптимальной не сдвинулись ни на цент — их пол и пик прежние.

**Чего правка НЕ чинит, и это надо знать до чтения таблицы.** Билет лечит простой денег при полном портфеле; он не лечит того, что режим с гейтом торгует вспышками — на нашей записи 13 календарных дней из 26. Средняя загрузка у него останется заметно ниже: полный по своим меркам портфель он держит редко. Это свойство ГЕЙТА, а не недогруз по нашему выбору, и лечить его билетом нельзя — билет, поднятый до средней загрузки соседей, в пик потребовал бы больше денег, чем есть, и состав книги начал бы решаться очередью за кассой, а не правилом.

**Биржевое правило соблюдается с первого дня:** у имени позиция одна, второй выбор по той же монете пропущен. Реплей D-серии этого не делал, и его «пик 3206» описывал ЛОТЫ, а не позиции.

**Кривая одна: бэктест и live в общем счёте** (решение владельца 2026-09-04). Пересчёт по прошлому есть ПРЕДЫСТОРИЯ живой записи, а не вторая книга, и рвать её надвое незачем — у сделки бэктеста стоит метка. Решение считается записанным вперёд, если попало в журнал не позже 120 ч после самого себя (предел жизни позиции 72 ч плюс двое суток на прогон). Числа обеих групп стоят рядом отдельной таблицей — и это не половинчатость: веса модели видели те часы, и без объёма бэктеста общая кривая читалась бы треком.

**Считаются ПОЗИЦИИ, а не сделки.** У имени позиция одна, а входов у неё несколько: база плюс доливы лестницы. Поэтому в таблице стоит число закрытых позиций, рядом число входов, а открытые позиции идут ОТДЕЛЬНОЙ строкой с отметкой — до выхода их результат станет любым, и складывать его с закрытым нельзя.

**Версия правил книг — 6, и запись начата с неё.** Смена версии отставляет прежние строки не из аккуратности: правило, по которому они писаны, было другим, и сшивать две кривые в одну значит показывать книгу, которой не было. Версия поднята трижды: билетом (пол режима и его же пик), исходом позиции, чей срок ещё шёл (ниже), и ТЕЙКОМ.

**Тейк (правка 2026-09-05, замер D8): цель от плавающей ТВХ, расстояние 2 обещания `mfe`.** Было — неподвижная цена `вход · (1 + mfe)`, тогда как ТВХ едет вниз с каждым доливом. Оба множителя выведены сеткой из 17 объявленных до прогона ячеек (`dca_ladder/out/D8-take-1m.md`): якорь берётся за согласованность (тейк по ТВХ платит тождественно «заполненный нотионал × доля»), расстояние — за деньги и форму (обещание стояло на 2.56 % при суточной σ имени 5.55 %). Вся прежняя история пересчитана этим правилом и лежит В ТОМ ЖЕ блоке с пометкой бэктеста — решение владельца: одна кривая, у сделки пересчёта метка.

**Решение, принятое до 2026-09-05 22:17 UTC, помечено бэктестом по построению** — правило выбрано ПОСЛЕ того, как эти часы стали видны, и задержка записи тут ничего не меняет. Без этой границы каждая смена правил молча перекрашивала бы последние 120 ч пересчёта в «вперёд».

**Позиция, чей срок ещё идёт, больше не закрывается «по сроку».** Это дефект, найденный при этой правке: реплей кончал позицию последним баром записи и выдавал это за исход правила — тот же класс, что D7 нашла у обрыва ряда. Теперь «срок» засчитывается, только если окно дошло до планового конца; иначе позиция либо ЖИВА (её символ пишется до сих пор), либо оборвана записью (ряд символа кончился раньше остальных), и вторая в счёт не идёт вовсе.

**Хвост ленты продолжается серединой стакана (решение владельца 2026-09-05), и это ПРАВИЛО книги, а не поправка.** Бары исходов читаются из ленты, а минута без единой сделки бара не даёт вовсе: у тонкого имени хвост окна пуст не потому, что цены не было, а потому, что по ней не торговали — стакан в те же минуты снимается раз в секунду. Позиция, чьё окно не дошло до конца только из-за отсутствия принтов, теперь получает исход по НАБЛЮДЁННЫМ ценам вместо вечного «оборвано записью». Правило держит три границы: дописывается только хвост (внутренние дыры не заполняются — по тем же барам считаются вход и цены рунгов); вход из котировки позицию не открывает (хвост продолжает начатое, а не заводит новых сделок); лимитка на минуте без принтов не заполняется вовсе — рунг и тейк исполняет чужой принт, а пол капитуляции, ликвидация и срок суть рыночные выходы против котировки и считаются. На этом прогоне хвост дописан 2325 минут 101 именам; исходов, посчитанных по котировке, 825 из 10374 закрытых позиций книг; вход из котировки отклонён у 0 решений; имён, у которых хвоста нет и в книге, 18 — такая позиция остаётся оборванной, потому что отсутствие свидетельства не есть свидетельство отсутствия. Оборванными остались записи по причинам: книга есть, но не в окне этой позиции — 593; книги в хвосте нет вовсе — 22; книга кончилась раньше планового конца — 2. **Архива записи это не потребовало:** в журнал попадают только закрытые позиции, а закрытой позиция становится, когда её окно дошло до конца ЛЕНТОЙ, то есть хвост лежит вне её окна; оборванные же не писались вовсе. Значит правило не меняет ни одной записанной строки, а только добавляет исходы, которых не было. **Деньги от него ХУДЕЮТ, и это ожидалось**: замер `DCA-cut-check.md` дал −8.9…−121.2 $ по книгам (−0.05…−1.26 п.п. к депозиту) — оборванные позиции были в среднем хуже средней, и прежние числа книг слегка льстили.

**Две колонки концентрации отвечают на РАЗНЫЕ вопросы.** «Без лучшего имени» ловит одну разогнанную монету; «без 3 лучших дней» ловит один рыночный эпизод, который раздаёт деньги десяткам имён разом, и первой колонке он невидим. Если вторая уводит итог в минус, книга описывает не правило, а тот эпизод. У книги моложе четырёх дней вычитать нечего, и там стоит прочерк — величина не измерена, а не равна нулю.

**Режимов три, и книг поэтому девять.** Плечо не настройка агрессивности: оно выводится из неравенства безопасности, и режим задаёт, ИЗ ЧЕГО. **Безопасная** — плечо от собственной σ имени: запас 6 суточных σ до ликвидации. Волатильному имени плеча достаётся меньше. Замер D5: ликвидаций 0.000 % против 0.058 %, худшая позиция −29.8 % против −100 %, укус 21.7 против 46.7 — ценой примерно четверти обычного дня (медиана дня +0.200 % против +0.270 %). **Оптимальная** — плечо от глубины лестницы: запас 2 · d_max до ликвидации. Медиана позиции выше (+1.91 % против +1.26 % в замере D5), но хвост тяжелее и щедрее всего линейка ровно к волатильным именам — D3 намерил у неё антиселективность: медианное плечо хвоста 7.34× против 3.02× по книге. **Агрессивная** — та же глубина лестницы, что у «оптимальной», плюс ГЕЙТ ВХОДА: берутся только решения, которым забор выдал плечо не меньше порога. Порог не назначен, а взят из ячейки, породившей вопрос: в замере D6 при билете $5 биржевой пол требовал нотионал ≥ $20, то есть плечо ≥ 4×, и именно та ячейка дала +20.51 % за окно. Здесь это объявленное правило, а не побочный эффект билета, который биржа не примет. Знать надо и обратное: D3 намерил, что плечо и есть источник хвоста (медианное плечо хвоста 7.34× против 3.02× по книге), то есть режим намеренно садится в хвостовую зону. Имена — ярлыки, а не вердикт: какой режим лучше, покажет форвард, и все три ведутся параллельно ровно затем, чтобы вопрос решали числа, а не выбор задним числом.

## Общий счёт: бэктест и live вместе

| режим | депозит | билет | мест | позиций | входов | имён | дней | $ | к депозиту | просадка | медиана дня | худший день | зелёных | укус | $ без лучшего имени | $ без 3 лучших дней |
|---|---|--:|--:|--:|--:|--:|--:|--:|--:|--:|--:|--:|--:|--:|--:|--:|
| безопасная | $1,000 | $25 | 40 | 408 | 550 | 294 | 30 | 98.26 | +9.83 % | -2.38 % | +0.070 % | -2.12 % | 0.63 | 7.5 | 94.11 | 1.43 |
| оптимальная | $1,000 | $25 | 40 | 424 | 574 | 299 | 30 | 111.08 | +11.11 % | -4.50 % | +0.018 % | -2.89 % | 0.53 | 4.6 | 95.67 | -63.33 |
| агрессивная | $1,000 | $6.25 | 160 | 469 | 754 | 266 | 16 | 323.45 | +32.34 % | -1.26 % | +0.056 % | -0.87 % | 0.62 | 2.6 | 313.52 | -2.91 |
| безопасная | $10,000 | $25 | 400 | 1673 | 2252 | 609 | 30 | 870.14 | +8.70 % | -0.24 % | +0.011 % | -0.23 % | 0.57 | 3.5 | 862.22 | 69.83 |
| оптимальная | $10,000 | $25 | 400 | 1682 | 2297 | 609 | 30 | 1,808.08 | +18.08 % | -0.54 % | +0.006 % | -0.40 % | 0.53 | 4.2 | 1,772.23 | 132.57 |
| агрессивная | $10,000 | $28 | 357 | 633 | 1027 | 329 | 16 | 2,140.52 | +21.41 % | -0.56 % | +0.025 % | -0.39 % | 0.62 | 1.5 | 2,099.61 | 21.19 |
| безопасная | $100,000 | $145 | 689 | 1740 | 2348 | 626 | 30 | 5,312.69 | +5.31 % | -0.14 % | +0.006 % | -0.13 % | 0.57 | 3.5 | 5,267.14 | 360.61 |
| оптимальная | $100,000 | $145 | 689 | 1749 | 2393 | 626 | 30 | 10,932.00 | +10.93 % | -0.31 % | +0.003 % | -0.23 % | 0.53 | 4.3 | 10,735.10 | 660.23 |
| агрессивная | $100,000 | $281 | 355 | 633 | 1027 | 329 | 16 | 21,485.26 | +21.49 % | -0.56 % | +0.025 % | -0.39 % | 0.62 | 1.5 | 21,074.47 | 213.23 |

## Из него записано вперёд (live)

| режим | депозит | билет | мест | позиций | входов | имён | дней | $ | к депозиту | просадка | медиана дня | худший день | зелёных | укус | $ без лучшего имени | $ без 3 лучших дней |
|---|---|--:|--:|--:|--:|--:|--:|--:|--:|--:|--:|--:|--:|--:|--:|--:|
| безопасная | $1,000 | $25 | 40 | 1 | 1 | 1 | 1 | 0.12 | +0.01 % | +0.00 % | +0.012 % | +0.01 % | 1.00 | 1.0 | 0.00 | — |
| оптимальная | $1,000 | $25 | 40 | 1 | 1 | 1 | 1 | 0.12 | +0.01 % | +0.00 % | +0.012 % | +0.01 % | 1.00 | 1.0 | 0.00 | — |
| агрессивная | $1,000 | $6.25 | 160 | 0 | — | — | — | — | — | — | — | — | — | — | — | — |
| безопасная | $10,000 | $25 | 400 | 1 | 1 | 1 | 1 | 0.12 | +0.00 % | +0.00 % | +0.001 % | +0.00 % | 1.00 | 1.0 | 0.00 | — |
| оптимальная | $10,000 | $25 | 400 | 1 | 1 | 1 | 1 | 0.13 | +0.00 % | +0.00 % | +0.001 % | +0.00 % | 1.00 | 1.0 | 0.00 | — |
| агрессивная | $10,000 | $28 | 357 | 0 | — | — | — | — | — | — | — | — | — | — | — | — |
| безопасная | $100,000 | $145 | 689 | 1 | 1 | 1 | 1 | 0.65 | +0.00 % | +0.00 % | +0.001 % | +0.00 % | 1.00 | 1.0 | 0.00 | — |
| оптимальная | $100,000 | $145 | 689 | 1 | 1 | 1 | 1 | 0.69 | +0.00 % | +0.00 % | +0.001 % | +0.00 % | 1.00 | 1.0 | 0.00 | — |
| агрессивная | $100,000 | $281 | 355 | 0 | — | — | — | — | — | — | — | — | — | — | — | — |

## Из него пересчёт по прошлому (бэктест)

| режим | депозит | билет | мест | позиций | входов | имён | дней | $ | к депозиту | просадка | медиана дня | худший день | зелёных | укус | $ без лучшего имени | $ без 3 лучших дней |
|---|---|--:|--:|--:|--:|--:|--:|--:|--:|--:|--:|--:|--:|--:|--:|--:|
| безопасная | $1,000 | $25 | 40 | 407 | 549 | 293 | 30 | 98.14 | +9.81 % | -2.38 % | +0.065 % | -2.12 % | 0.63 | 7.5 | 94.00 | 1.31 |
| оптимальная | $1,000 | $25 | 40 | 423 | 573 | 298 | 30 | 110.96 | +11.10 % | -4.50 % | +0.018 % | -2.89 % | 0.53 | 4.6 | 95.55 | -63.45 |
| агрессивная | $1,000 | $6.25 | 160 | 469 | 754 | 266 | 16 | 323.45 | +32.34 % | -1.26 % | +0.056 % | -0.87 % | 0.62 | 2.6 | 313.52 | -2.91 |
| безопасная | $10,000 | $25 | 400 | 1672 | 2251 | 609 | 30 | 870.03 | +8.70 % | -0.24 % | +0.011 % | -0.23 % | 0.57 | 3.5 | 862.10 | 69.72 |
| оптимальная | $10,000 | $25 | 400 | 1681 | 2296 | 609 | 30 | 1,807.96 | +18.08 % | -0.54 % | +0.005 % | -0.40 % | 0.53 | 4.2 | 1,772.11 | 132.44 |
| агрессивная | $10,000 | $28 | 357 | 633 | 1027 | 329 | 16 | 2,140.52 | +21.41 % | -0.56 % | +0.025 % | -0.39 % | 0.62 | 1.5 | 2,099.61 | 21.19 |
| безопасная | $100,000 | $145 | 689 | 1739 | 2347 | 626 | 30 | 5,312.04 | +5.31 % | -0.14 % | +0.006 % | -0.13 % | 0.57 | 3.5 | 5,266.49 | 359.96 |
| оптимальная | $100,000 | $145 | 689 | 1748 | 2392 | 626 | 30 | 10,931.31 | +10.93 % | -0.31 % | +0.003 % | -0.23 % | 0.53 | 4.3 | 10,734.42 | 659.54 |
| агрессивная | $100,000 | $281 | 355 | 633 | 1027 | 329 | 16 | 21,485.26 | +21.49 % | -0.56 % | +0.025 % | -0.39 % | 0.62 | 1.5 | 21,074.47 | 213.23 |

## Открытые позиции

Их числа даёт только счётный прогон: отметка живой позиции меняется каждый час, поэтому в журнал она не идёт никогда, а этот прогон был пересборкой свода. Прочерка тут нет — величина не потеряна, её просто не считали сегодня.

## По суткам, депозит $10,000

Итог книги отвечает «сколько всего» и молчит о том, КОГДА: сумма за месяц может стоять на одном дне. Здесь общий счёт (бэктест и live вместе).

| сутки | безопасная | оптимальная | агрессивная |
|---|--:|--:|--:|
| 2026-08-09 | 8.38 (10) | -3.16 (11) | -13.20 (2) |
| 2026-08-10 | 1.94 (6) | -12.46 (7) | -38.98 (2) |
| 2026-08-11 | -1.16 (10) | -1.32 (10) | -11.12 (1) |
| 2026-08-12 | -22.60 (24) | -40.19 (23) | -6.08 (4) |
| 2026-08-13 | 3.30 (28) | 2.72 (28) | — |
| 2026-08-14 | -0.20 (18) | -0.16 (18) | 2.50 (1) |
| 2026-08-15 | 1.29 (8) | 1.47 (8) | — |
| 2026-08-16 | -1.96 (62) | -0.65 (62) | 1.73 (1) |
| 2026-08-17 | 5.72 (27) | 8.02 (27) | — |
| 2026-08-18 | -2.63 (30) | -3.18 (30) | — |
| 2026-08-19 | 6.37 (50) | 10.67 (50) | 2.58 (3) |
| 2026-08-20 | 190.95 (235) | 391.42 (235) | 441.60 (125) |
| 2026-08-21 | 377.68 (429) | 811.41 (430) | 1,041.70 (250) |
| 2026-08-22 | 231.68 (212) | 472.68 (216) | 636.03 (152) |
| 2026-08-23 | 62.21 (60) | 109.86 (63) | 36.14 (21) |
| 2026-08-24 | 8.99 (69) | 6.00 (70) | -11.12 (27) |
| 2026-08-25 | -1.62 (231) | 39.14 (228) | 42.81 (39) |
| 2026-08-26 | 12.72 (19) | 20.84 (20) | 14.80 (1) |
| 2026-08-27 | -1.05 (46) | -3.49 (46) | — |
| 2026-08-28 | -16.97 (49) | -22.06 (50) | — |
| 2026-08-29 | -0.41 (5) | -0.45 (5) | — |
| 2026-08-30 | -0.65 (5) | -0.85 (5) | — |
| 2026-08-31 | -0.87 (4) | -0.94 (4) | — |
| 2026-09-01 | -3.06 (1) | -4.81 (1) | — |
| 2026-09-02 | -0.50 (3) | -0.67 (3) | — |
| 2026-09-03 | 1.49 (7) | 1.73 (7) | — |
| 2026-09-04 | 2.12 (5) | 8.44 (5) | -11.58 (3) |
| 2026-09-05 | 7.86 (4) | 16.85 (4) | 12.70 (1) |
| 2026-09-06 | 0.94 (11) | 0.89 (11) | — |
| 2026-09-07 | 0.19 (5) | 0.33 (5) | — |

В скобках — число закрытых позиций этого дня.

## Одно имя — одна позиция

Решение владельца 2026-09-07: обе руки модели остаются (лист пишут и деревья, и сеть), но сделки не должны дублироваться. Дубль — это ПЕРЕСЕЧЕНИЕ во времени двух позиций книги по одному имени; повторный вход после закрытия дублем не считается — биржа его допускает, — но печатается рядом со своей паузой, потому что «книга вошла в ту же монету через час» и «книга держит её дважды» суть разные вещи.

**Дублей нет ни в одной книге.**

| книга | позиций | имён | дублей | повторов после закрытия | медиана паузы, ч | больше всего входов в одно имя |
|---|--:|--:|--:|--:|--:|--:|
| aggr:1000 | 469 | 266 | 0 | 203 | 6.0 | 4 |
| aggr:10000 | 633 | 329 | 0 | 304 | 6.0 | 5 |
| aggr:100000 | 633 | 329 | 0 | 304 | 6.0 | 5 |
| optimal:1000 | 424 | 299 | 0 | 125 | 60.8 | 4 |
| optimal:10000 | 1682 | 609 | 0 | 1073 | 6.7 | 8 |
| optimal:100000 | 1749 | 626 | 0 | 1123 | 6.7 | 8 |
| safe:1000 | 408 | 294 | 0 | 114 | 78.5 | 4 |
| safe:10000 | 1673 | 609 | 0 | 1064 | 6.7 | 8 |
| safe:100000 | 1740 | 626 | 0 | 1114 | 6.7 | 8 |

Проверка идёт по ЖУРНАЛУ, а не по намерению кода: правило живёт в `run_d6.one_per_name`, и убедиться в нём можно только по тому, что записано.

## Гейт плеча и собственный пик режима

Гейт стоит ПЕРВЫМ, до правила одной на имя: у режима с гейтом низкоплечевой ранний вход не случается вовсе, и имя остаётся свободным для рычажного. Пик считается по тому, что режим ВЗЯЛ, и стоит рядом с объявленным — тем, из которого посчитан билет. **Объявленный обязан быть не ниже измеренного:** ниже означает, что билет велик и книга теряет решения по кассе, и такая строка кричит, а не молчит.

| режим | решений | отсеял гейт | после одной на имя | медиана плеча | свой пик позиций | объявлен |
|---|--:|--:|--:|--:|--:|--:|
| безопасная | 7336 | нет гейта | 1763 | 1.56× | 464 | 457 ⚠ ниже измеренного |
| оптимальная | 7336 | нет гейта | 1772 | 2.39× | 464 | 457 ⚠ ниже измеренного |
| агрессивная | 7336 | 5384 (плечо < 4×) | 635 | 8.63× | 245 | 237 ⚠ ниже измеренного |

**Объявленный пик ниже измеренного у режимов: безопасная, оптимальная, агрессивная.** Значит билет посчитан от заниженного пика и велик: книга берёт не все свои решения, а первые по очереди за кассой, то есть отказ меняет и состав. Число в `rules.PEAKS` объявлено до прогона и здесь не правится — правка есть решение владельца.

## Что связывает депозит

Числа счётного прогона 2026-09-07 15:46. Касса раздаёт деньги по очереди решений, поэтому книга, которой не хватает мест, берёт не лучшие сигналы, а первые: отказ по кассе меняет не только объём, но и СОСТАВ.

| режим | депозит | мест | взято | нет кассы | мельче пола |
|---|---|--:|--:|--:|--:|
| безопасная | $1,000 | 40 | 423 | 1340 | 0 |
| оптимальная | $1,000 | 40 | 438 | 1334 | 0 |
| агрессивная | $1,000 | 160 | 471 | 164 | 0 |
| безопасная | $10,000 | 400 | 1696 | 67 | 0 |
| оптимальная | $10,000 | 400 | 1705 | 67 | 0 |
| агрессивная | $10,000 | 357 | 635 | 0 | 0 |
| безопасная | $100,000 | 689 | 1763 | 0 | 0 |
| оптимальная | $100,000 | 689 | 1772 | 0 | 0 |
| агрессивная | $100,000 | 355 | 635 | 0 | 0 |

## Чего эти числа НЕ описывают

Живого исполнения здесь нет: сделки считаются реплеем по барам записи, а не сканером на живой цене. Значит не моделируются проскальзывание, очередь в стакане и задержка входа; долив лотов в одно имя запрещён правилом, а не сведён в позицию, то есть маржа и цена ликвидации по-прежнему считаются по каждой позиции отдельно — на бирже они считаются по слитой. Веса модели видели эти часы, поэтому пересчёт читается как оценка СВЕРХУ. Период один и режим рынка один.
публикуется в ветку main:
 jobs/done/retire-fix-deploy.log       |    9 +
 jobs/done/retire-fix-restat.done      |    1 +
 jobs/done/retire-fix-restat.log       |  178 +
 jobs/poke.log                         |    5 +
 research/dca_paper/out/DCA-paper.json | 9793 +--------------------------------
 research/dca_paper/out/DCA-paper.md   |  122 +-
 research/s8_loop/out/day_brake.json   |    2 +-
 7 files changed, 241 insertions(+), 9869 deletions(-)
To github.com:n0tgod/algoth_v2.git
   aa07dca..735b6ec  main -> main
branch 'main' set up to track 'origin/main'.
опубликовано

конец: 2026-09-07T16:34:16Z, код 0
публикуется в ветку main:
 jobs/done/retire-fix-restat.log | 15 +++++++++++++++
 1 file changed, 15 insertions(+)
To github.com:n0tgod/algoth_v2.git
   735b6ec..fcb5397  main -> main
branch 'main' set up to track 'origin/main'.
опубликовано
