== задание scout-backfill ==
строка: run research/factory/scout_backfill.py
начало: 2026-09-02T18:34:03Z
запускаю: .venv/bin/python research/factory/scout_backfill.py 
публикуется в ветку main:
 jobs/done/cli-update-2.done         |  1 +
 jobs/done/cli-update-2.log          | 10 ++++++++++
 jobs/done/scout-backfill.done       |  1 +
 jobs/done/scout-backfill.log        |  4 ++++
 jobs/poke.log                       |  4 ++++
 research/factory/out/scout.jsonl    |  7 +++++++
 research/s8_loop/out/day_brake.json |  2 +-
 7 files changed, 28 insertions(+), 1 deletion(-)
To github.com:n0tgod/algoth_v2.git
   e087795..50ecc05  main -> main
branch 'main' set up to track 'origin/main'.
опубликовано
журнал: строк 7, битых 0
версий меню просмотрено: 2
заголовков без текста: 7
  · Насыщение потолка funding и принудительный переход на часовое начисление
  · ADL административно срезает правый хвост любой конструкции на перпах
  · Расхождение последней цены с маркой как механически закреплённая величина
  · Календарь разблокировок как экзогенная дата принудительного предложения
  · Принудительный поток, наблюдаемый поимённо: обе стороны ликвидации
  · Двухъярусная структура площадок: где цена рождается раньше
  · Публичный многолетний архив стакана вместо собственной записи
нашлось в истории: 7
  + Насыщение потолка funding и принудительный переход на часовое начисление ← b5fb5d1
  + ADL административно срезает правый хвост любой конструкции на перпах ← b5fb5d1
  + Расхождение последней цены с маркой как механически закреплённая величина ← b5fb5d1
  + Календарь разблокировок как экзогенная дата принудительного предложения ← 93c2eba
  + Принудительный поток, наблюдаемый поимённо: обе стороны ликвидации ← 93c2eba
  + Двухъярусная структура площадок: где цена рождается раньше ← 93c2eba
  + Публичный многолетний архив стакана вместо собственной записи ← 93c2eba
дописано записей: 7
конец: 2026-09-02T18:34:06Z, код 0
публикуется в ветку main:
 jobs/done/scout-backfill.log | 33 +++++++++++++++++++++++++++++++++
 1 file changed, 33 insertions(+)
To github.com:n0tgod/algoth_v2.git
   50ecc05..5153bec  main -> main
branch 'main' set up to track 'origin/main'.
опубликовано
