== задание sheet-supply ==
строка: run research/s8_loop/sheet_supply.py --tag 1m
начало: 2026-09-07T07:04:28Z
запускаю: .venv/bin/python research/s8_loop/sheet_supply.py --tag 1m
листов 725, битых строк 0, суток 31
# Подача листа сечения по суткам и по руке

Разрез DCA-книг по руке (07.09) показал провал активности: 20–22.08 книга брала по 300–400 позиций в сутки, с 26.08 — единицы, и провал несимметричен по рукам. Здесь считается ПОДАЧА: сколько решений лист вообще отдаёт, какой у них край и отношение. Геометрия — та же функция, что строит ноги книг (`tournament._leg`), второй копии правила нет.

Листов прочитано: 725, суток 31. Гейты: край ≥ 33 б.п., RR ≥ 2 (книга `sit` и книги DCA); колонка «низкий RR» — край ≥ 33 при RR ≤ 1.5, это подача живой книги `sit_lo`.

| сутки | рука | строк листа | с путём | край | RR | оба (гейт книг) | низкий RR | медиана \|прогноза\| | медиана RR |
|---|---|---:|---:|---:|---:|---:|---:|---:|---:|
| 2026-08-08 | деревья | 15450 | 15439 | 3500 | 283 | 34 | 3349 | 13.5 | 0.54 |
| 2026-08-08 | сеть | 15450 | 15286 | 578 | 134 | 1 | 577 | 4.9 | 0.63 |
| 2026-08-09 | деревья | 14935 | 14916 | 3170 | 222 | 61 | 2950 | 13.6 | 0.62 |
| 2026-08-09 | сеть | 14935 | 14673 | 1794 | 325 | 28 | 1666 | 11.8 | 0.58 |
| 2026-08-10 | деревья | 17052 | 17029 | 2844 | 66 | 19 | 2784 | 10.8 | 0.76 |
| 2026-08-10 | сеть | 17052 | 16856 | 3062 | 44 | 11 | 2999 | 17.8 | 0.7 |
| 2026-08-11 | деревья | 16616 | 16585 | 2347 | 286 | 16 | 2299 | 10.2 | 0.74 |
| 2026-08-11 | сеть | 16616 | 16538 | 3475 | 57 | 18 | 3378 | 17.5 | 0.71 |
| 2026-08-12 | деревья | 14642 | 14625 | 3691 | 12 | 4 | 3664 | 14.1 | 0.78 |
| 2026-08-12 | сеть | 14642 | 14577 | 2147 | 14 | 2 | 2137 | 15.2 | 0.68 |
| 2026-08-13 | деревья | 19733 | 19714 | 4104 | 39 | 7 | 4056 | 12.2 | 0.73 |
| 2026-08-13 | сеть | 19733 | 19644 | 4634 | 326 | 158 | 4210 | 18.1 | 0.75 |
| 2026-08-14 | деревья | 18388 | 18370 | 4453 | 115 | 24 | 4346 | 13.2 | 0.77 |
| 2026-08-14 | сеть | 18388 | 18232 | 5799 | 107 | 46 | 5476 | 21.8 | 0.75 |
| 2026-08-15 | деревья | 17825 | 17805 | 2331 | 150 | 30 | 2222 | 9.4 | 0.86 |
| 2026-08-15 | сеть | 17825 | 17573 | 5191 | 206 | 105 | 4840 | 21 | 0.74 |
| 2026-08-16 | деревья | 17825 | 17707 | 1392 | 343 | 27 | 1322 | 7 | 0.81 |
| 2026-08-16 | сеть | 17825 | 17426 | 3055 | 294 | 90 | 2774 | 15 | 0.74 |
| 2026-08-17 | деревья | 17112 | 17068 | 1949 | 54 | 9 | 1921 | 7.9 | 0.73 |
| 2026-08-17 | сеть | 17112 | 16987 | 5302 | 45 | 25 | 5190 | 20.5 | 0.67 |
| 2026-08-18 | деревья | 17864 | 17835 | 2049 | 22 | 10 | 2003 | 12.3 | 0.67 |
| 2026-08-18 | сеть | 17864 | 17775 | 4369 | 27 | 11 | 4311 | 18.9 | 0.7 |
| 2026-08-19 | деревья | 17184 | 17171 | 2746 | 185 | 126 | 2385 | 13.8 | 0.8 |
| 2026-08-19 | сеть | 17184 | 15835 | 5556 | 241 | 100 | 5382 | 23 | 0.73 |
| 2026-08-20 | деревья | 17192 | 17169 | 4774 | 3009 | 1658 | 2261 | 22 | 1.2 |
| 2026-08-20 | сеть | 17192 | 17119 | 7183 | 2675 | 2253 | 4107 | 25.9 | 0.84 |
| 2026-08-21 | деревья | 16626 | 16611 | 5050 | 1728 | 1139 | 2970 | 22.1 | 1.06 |
| 2026-08-21 | сеть | 16626 | 16520 | 5956 | 1842 | 1143 | 3791 | 22.1 | 0.94 |
| 2026-08-22 | деревья | 19575 | 19013 | 3634 | 667 | 194 | 3238 | 16.3 | 0.64 |
| 2026-08-22 | сеть | 19575 | 19356 | 6707 | 1181 | 868 | 5055 | 20.9 | 0.86 |
| 2026-08-23 | деревья | 17400 | 17287 | 1268 | 684 | 41 | 1186 | 9 | 0.66 |
| 2026-08-23 | сеть | 17400 | 17178 | 3243 | 240 | 31 | 3125 | 13.6 | 0.7 |
| 2026-08-24 | деревья | 15950 | 15882 | 926 | 111 | 6 | 901 | 12.5 | 0.8 |
| 2026-08-24 | сеть | 15950 | 15802 | 5866 | 451 | 375 | 4352 | 24.5 | 0.88 |
| 2026-08-25 | деревья | 8703 | 8689 | 409 | 111 | 3 | 401 | 8.5 | 0.62 |
| 2026-08-25 | сеть | 8703 | 8683 | 1733 | 286 | 115 | 1383 | 14.7 | 0.84 |
| 2026-08-26 | деревья | 8736 | 8732 | 374 | 9 | 0 | 374 | 5.7 | 0.69 |
| 2026-08-26 | сеть | 8736 | 8721 | 874 | 42 | 11 | 840 | 7.6 | 0.72 |
| 2026-08-27 | деревья | 8736 | 8730 | 511 | 48 | 5 | 500 | 10.6 | 0.62 |
| 2026-08-27 | сеть | 8736 | 8724 | 1215 | 33 | 11 | 1142 | 10.8 | 0.69 |
| 2026-08-28 | деревья | 8776 | 8761 | 242 | 30 | 1 | 238 | 5 | 0.68 |
| 2026-08-28 | сеть | 8776 | 8750 | 720 | 84 | 13 | 674 | 10.1 | 0.65 |
| 2026-08-29 | деревья | 10304 | 10290 | 195 | 94 | 1 | 194 | 5.2 | 0.68 |
| 2026-08-29 | сеть | 10304 | 10274 | 814 | 156 | 5 | 784 | 10.6 | 0.78 |
| 2026-08-30 | деревья | 10297 | 10217 | 256 | 154 | 5 | 249 | 4.5 | 0.73 |
| 2026-08-30 | сеть | 10297 | 10110 | 908 | 286 | 30 | 813 | 8.7 | 0.78 |
| 2026-08-31 | деревья | 16234 | 16202 | 589 | 16 | 0 | 589 | 5.3 | 0.71 |
| 2026-08-31 | сеть | 16234 | 16193 | 1477 | 48 | 9 | 1445 | 9.9 | 0.7 |
| 2026-09-01 | деревья | 19238 | 19219 | 503 | 23 | 0 | 502 | 5.3 | 0.72 |
| 2026-09-01 | сеть | 19238 | 19163 | 1447 | 121 | 9 | 1411 | 8.2 | 0.66 |
| 2026-09-02 | деревья | 26740 | 26727 | 790 | 55 | 0 | 790 | 6 | 0.74 |
| 2026-09-02 | сеть | 26740 | 26612 | 2380 | 63 | 7 | 2353 | 8.1 | 0.69 |
| 2026-09-03 | деревья | 17112 | 17093 | 749 | 54 | 5 | 743 | 5.6 | 0.73 |
| 2026-09-03 | сеть | 17112 | 17052 | 2446 | 95 | 31 | 2289 | 11.8 | 0.73 |
| 2026-09-04 | деревья | 21656 | 21618 | 912 | 101 | 0 | 909 | 5 | 0.78 |
| 2026-09-04 | сеть | 21656 | 21590 | 1941 | 114 | 21 | 1829 | 12.8 | 0.77 |
| 2026-09-05 | деревья | 26081 | 26054 | 922 | 247 | 2 | 908 | 5.8 | 0.71 |
| 2026-09-05 | сеть | 26081 | 25865 | 1632 | 1312 | 63 | 1496 | 9.3 | 0.84 |
| 2026-09-06 | деревья | 15603 | 15502 | 368 | 222 | 2 | 366 | 3.1 | 0.65 |
| 2026-09-06 | сеть | 15603 | 15373 | 634 | 931 | 25 | 583 | 7.6 | 0.83 |
| 2026-09-07 | деревья | 3715 | 3699 | 99 | 21 | 0 | 99 | 3.6 | 0.81 |
| 2026-09-07 | сеть | 3715 | 3696 | 199 | 46 | 3 | 193 | 8.4 | 0.75 |

## Что именно упало

Сравниваются первые сутки окна (2026-08-08 … 2026-08-14) с последними (2026-09-01 … 2026-09-07). Границы объявлены по краям окна, а не выбраны после просмотра.

| рука | строк листа: начало → конец | под гейтом книг: начало → конец | медиана \|прогноза\|: начало → конец |
|---|---|---|---|
| деревья | 116816 → 130145 | 165 → 9 | 13.2 → 5.3 |
| сеть | 116816 → 130145 | 264 → 159 | 17.5 → 8.4 |

Читать так: строк столько же, а медиана прогноза упала у ОБЕИХ рук — рынок стих; упала у одной — сдулась рука; строк стало меньше при той же медиане — похудел сам лист (флэт-фильтр, универсум, отбор цикла), и тогда искать надо в цикле, а не в модели.

## Чего замер НЕ говорит

- Он не судит качество решений — только их наличие. Рука, отдающая больше решений, не тем самым лучше.
- Он не описывает живую книгу `sit_lo` целиком: у неё свой гейт (RR ≤ 1.5), и здесь она стоит одной колонкой подачи.
- Он не чинит подачу и не трогает цикл: это чтение журнала листов и отчёт.

