== задание ship-to-0905 ==
строка: run tools/record_ship.py --upto 2026-09-05 --max-gb 200 --prune-days 21 --workers 6
начало: 2026-09-26T18:16:36Z
запускаю: .venv/bin/python tools/record_ship.py --upto 2026-09-05 --max-gb 200 --prune-days 21 --workers 6
[18:16:36] до: /root/algoth_v2/research/b1_book/out: свободно 4.4 ГБ; /root: свободно 5.6 ГБ
[18:16:56] дней к выгрузке (не позже 2026-09-05, без отметки): 33 — 2026-08-04 … 2026-09-05; предел за прогон 200 ГБ
[18:17:32]   2026-08-04: 364/1909 архивов, 1.90 ГБ, 32 с
[18:18:03]   2026-08-04: 1059/1909 архивов, 2.69 ГБ, 63 с
[18:18:35]   2026-08-04: 1607/1909 архивов, 2.81 ГБ, 94 с
[18:18:41] 2026-08-04: архивов 1944 из 40473 файлов, 3.01 ГБ, отправлено 1909 (было 35), отказов 0, ETag не совпал у 0, ЗАКРЫТ
[18:19:32]   2026-08-05: 406/1958 архивов, 2.17 ГБ, 30 с
[18:20:05]   2026-08-05: 1129/1958 архивов, 2.96 ГБ, 63 с
[18:20:31] 2026-08-05: архивов 1958 из 41065 файлов, 3.11 ГБ, отправлено 1958 (было 0), отказов 0, ETag не совпал у 0, ЗАКРЫТ
[18:21:09]   2026-08-06: 397/2051 архивов, 2.15 ГБ, 30 с
[18:21:42]   2026-08-06: 1005/2051 архивов, 2.97 ГБ, 63 с
[18:22:12]   2026-08-06: 1520/2051 архивов, 3.02 ГБ, 93 с
[18:22:31] 2026-08-06: архивов 2051 из 41555 файлов, 3.15 ГБ, отправлено 2051 (было 0), отказов 0, ETag не совпал у 0, ЗАКРЫТ
[18:23:14]   2026-08-07: 366/2149 архивов, 2.00 ГБ, 30 с
[18:23:45]   2026-08-07: 864/2149 архивов, 2.98 ГБ, 61 с
[18:24:15]   2026-08-07: 1648/2149 архивов, 3.04 ГБ, 91 с
[18:24:36] 2026-08-07: архивов 2149 из 40798 файлов, 3.15 ГБ, отправлено 2149 (было 0), отказов 0, ETag не совпал у 0, ЗАКРЫТ
[18:25:25]   2026-08-08: 352/1942 архивов, 1.80 ГБ, 30 с
[18:25:55]   2026-08-08: 1271/1942 архивов, 2.58 ГБ, 60 с
[18:26:16] 2026-08-08: архивов 1942 из 38835 файлов, 2.70 ГБ, отправлено 1942 (было 0), отказов 0, ETag не совпал у 0, ЗАКРЫТ
[18:29:29]   2026-08-09: 442/2055 архивов, 2.34 ГБ, 30 с
[18:30:02]   2026-08-09: 1336/2055 архивов, 2.75 ГБ, 63 с
[18:30:19] 2026-08-09: архивов 2055 из 40136 файлов, 2.92 ГБ, отправлено 2055 (было 0), отказов 0, ETag не совпал у 0, ЗАКРЫТ
[18:30:58]   2026-08-10: 405/1899 архивов, 2.37 ГБ, 31 с
[18:31:34]   2026-08-10: 1206/1899 архивов, 3.02 ГБ, 67 с
[18:32:03] 2026-08-10: архивов 1899 из 38995 файлов, 3.19 ГБ, отправлено 1899 (было 0), отказов 0, ETag не совпал у 0, ЗАКРЫТ
[18:33:06]   2026-08-11: 621/1962 архивов, 2.73 ГБ, 33 с
[18:33:39]   2026-08-11: 1843/1962 архивов, 2.88 ГБ, 66 с
[18:33:40] 2026-08-11: архивов 1962 из 39334 файлов, 2.87 ГБ, отправлено 1962 (было 0), отказов 0, ETag не совпал у 0, ЗАКРЫТ
[18:34:13]   2026-08-12: 547/1993 архивов, 2.72 ГБ, 30 с
[18:34:44]   2026-08-12: 1692/1993 архивов, 2.83 ГБ, 61 с
[18:34:52] 2026-08-12: архивов 1993 из 39746 файлов, 2.85 ГБ, отправлено 1993 (было 0), отказов 0, ETag не совпал у 0, ЗАКРЫТ
[18:35:29]   2026-08-13: 511/2582 архивов, 2.33 ГБ, 31 с
[18:35:59]   2026-08-13: 1541/2582 архивов, 3.20 ГБ, 61 с
[18:37:01]   2026-08-13: 2216/2582 архивов, 3.34 ГБ, 123 с
[18:37:14]   2026-08-13: 2224/2582 архивов, 3.34 ГБ, 137 с
[18:38:38]   2026-08-13: 2234/2582 архивов, 3.34 ГБ, 221 с
[18:38:51] 2026-08-13: архивов 2582 из 47772 файлов, 3.35 ГБ, отправлено 2582 (было 0), отказов 0, ETag не совпал у 0, ЗАКРЫТ
[18:39:57]   2026-08-14: 511/2721 архивов, 2.45 ГБ, 30 с
