== задание ship-dry-1 ==
строка: run tools/record_ship.py --dry-run
начало: 2026-09-26T17:40:04Z
запускаю: .venv/bin/python tools/record_ship.py --dry-run
[17:40:04] до: /root/algoth_v2/research/b1_book/out: свободно 3.1 ГБ; /root: свободно 5.6 ГБ
[17:40:33] дней к выгрузке (не позже 2026-09-24, без отметки): 57 — 2026-07-30 … 2026-09-24; предел за прогон 20 ГБ; СУХОЙ прогон
[17:40:35] 2026-07-30: архивов 51 из 204 файлов, 0.03 ГБ, отправлено 0 (было 0), отказов 0, ETag не совпал у 0, не закрыт — сухой прогон
[17:40:38] 2026-07-31: архивов 61 из 1034 файлов, 0.26 ГБ, отправлено 0 (было 0), отказов 0, ETag не совпал у 0, не закрыт — сухой прогон
[17:40:43] 2026-08-01: архивов 1710 из 14358 файлов, 0.27 ГБ, отправлено 0 (было 0), отказов 0, ETag не совпал у 0, не закрыт — сухой прогон
[17:40:45] 2026-08-02: архивов 1466 из 27469 файлов, 0.14 ГБ, отправлено 0 (было 0), отказов 0, ETag не совпал у 0, не закрыт — сухой прогон
[17:40:49] 2026-08-03: архивов 1960 из 36228 файлов, 2.01 ГБ, отправлено 0 (было 0), отказов 0, ETag не совпал у 0, не закрыт — сухой прогон
[17:40:52] 2026-08-04: архивов 1944 из 40473 файлов, 3.01 ГБ, отправлено 0 (было 0), отказов 0, ETag не совпал у 0, не закрыт — сухой прогон
[17:40:55] 2026-08-05: архивов 1958 из 41065 файлов, 3.11 ГБ, отправлено 0 (было 0), отказов 0, ETag не совпал у 0, не закрыт — сухой прогон
[17:40:58] 2026-08-06: архивов 2051 из 41555 файлов, 3.15 ГБ, отправлено 0 (было 0), отказов 0, ETag не совпал у 0, не закрыт — сухой прогон
[17:41:04] 2026-08-07: архивов 2149 из 40798 файлов, 3.15 ГБ, отправлено 0 (было 0), отказов 0, ETag не совпал у 0, не закрыт — сухой прогон
[17:41:21] 2026-08-08: архивов 1942 из 38835 файлов, 2.70 ГБ, отправлено 0 (было 0), отказов 0, ETag не совпал у 0, не закрыт — сухой прогон
[17:41:56] 2026-08-09: архивов 2055 из 40136 файлов, 2.92 ГБ, отправлено 0 (было 0), отказов 0, ETag не совпал у 0, не закрыт — сухой прогон
[17:41:59] 2026-08-10: архивов 1899 из 38995 файлов, 3.19 ГБ, отправлено 0 (было 0), отказов 0, ETag не совпал у 0, не закрыт — сухой прогон
[17:42:02] 2026-08-11: архивов 1962 из 39334 файлов, 2.87 ГБ, отправлено 0 (было 0), отказов 0, ETag не совпал у 0, не закрыт — сухой прогон
[17:42:05] 2026-08-12: архивов 1993 из 39746 файлов, 2.85 ГБ, отправлено 0 (было 0), отказов 0, ETag не совпал у 0, не закрыт — сухой прогон
[17:42:09] 2026-08-13: архивов 2582 из 47772 файлов, 3.35 ГБ, отправлено 0 (было 0), отказов 0, ETag не совпал у 0, не закрыт — сухой прогон
[17:42:12] 2026-08-14: архивов 2721 из 53827 файлов, 3.56 ГБ, отправлено 0 (было 0), отказов 0, ETag не совпал у 0, не закрыт — сухой прогон
[17:42:15] 2026-08-15: архивов 2493 из 52514 файлов, 3.10 ГБ, отправлено 0 (было 0), отказов 0, ETag не совпал у 0, не закрыт — сухой прогон
[17:42:18] 2026-08-16: архивов 2503 из 52396 файлов, 3.07 ГБ, отправлено 0 (было 0), отказов 0, ETag не совпал у 0, не закрыт — сухой прогон
[17:42:21] 2026-08-17: архивов 2523 из 52972 файлов, 3.51 ГБ, отправлено 0 (было 0), отказов 0, ETag не совпал у 0, не закрыт — сухой прогон
[17:42:24] 2026-08-18: архивов 2632 из 53299 файлов, 3.55 ГБ, отправлено 0 (было 0), отказов 0, ETag не совпал у 0, не закрыт — сухой прогон
[17:42:28] 2026-08-19: архивов 2725 из 54322 файлов, 3.71 ГБ, отправлено 0 (было 0), отказов 0, ETag не совпал у 0, не закрыт — сухой прогон
[17:42:31] 2026-08-20: архивов 2644 из 53861 файлов, 3.58 ГБ, отправлено 0 (было 0), отказов 0, ETag не совпал у 0, не закрыт — сухой прогон
[17:42:34] 2026-08-21: архивов 2780 из 55983 файлов, 3.95 ГБ, отправлено 0 (было 0), отказов 0, ETag не совпал у 0, не закрыт — сухой прогон
[17:42:37] 2026-08-22: архивов 2745 из 55258 файлов, 3.94 ГБ, отправлено 0 (было 0), отказов 0, ETag не совпал у 0, не закрыт — сухой прогон
[17:42:41] 2026-08-23: архивов 2594 из 54018 файлов, 3.96 ГБ, отправлено 0 (было 0), отказов 0, ETag не совпал у 0, не закрыт — сухой прогон
[17:42:44] 2026-08-24: архивов 2727 из 54675 файлов, 4.17 ГБ, отправлено 0 (было 0), отказов 0, ETag не совпал у 0, не закрыт — сухой прогон
[17:42:46] 2026-08-25: архивов 2635 из 54423 файлов, 4.34 ГБ, отправлено 0 (было 0), отказов 0, ETag не совпал у 0, не закрыт — сухой прогон
[17:42:49] 2026-08-26: архивов 2686 из 54924 файлов, 4.45 ГБ, отправлено 0 (было 0), отказов 0, ETag не совпал у 0, не закрыт — сухой прогон
[17:42:52] 2026-08-27: архивов 2553 из 54163 файлов, 4.33 ГБ, отправлено 0 (было 0), отказов 0, ETag не совпал у 0, не закрыт — сухой прогон
[17:42:55] 2026-08-28: архивов 2669 из 54666 файлов, 4.24 ГБ, отправлено 0 (было 0), отказов 0, ETag не совпал у 0, не закрыт — сухой прогон
[17:42:57] 2026-08-29: архивов 2512 из 53631 файлов, 3.46 ГБ, отправлено 0 (было 0), отказов 0, ETag не совпал у 0, не закрыт — сухой прогон
[17:43:00] 2026-08-30: архивов 2700 из 54257 файлов, 3.62 ГБ, отправлено 0 (было 0), отказов 0, ETag не совпал у 0, не закрыт — сухой прогон
[17:43:03] 2026-08-31: архивов 2570 из 54526 файлов, 4.11 ГБ, отправлено 0 (было 0), отказов 0, ETag не совпал у 0, не закрыт — сухой прогон
[17:43:06] 2026-09-01: архивов 2689 из 55449 файлов, 4.19 ГБ, отправлено 0 (было 0), отказов 0, ETag не совпал у 0, не закрыт — сухой прогон
[17:43:08] 2026-09-02: архивов 2870 из 56574 файлов, 4.22 ГБ, отправлено 0 (было 0), отказов 0, ETag не совпал у 0, не закрыт — сухой прогон
[17:43:11] 2026-09-03: архивов 2636 из 55326 файлов, 4.10 ГБ, отправлено 0 (было 0), отказов 0, ETag не совпал у 0, не закрыт — сухой прогон
[17:43:14] 2026-09-04: архивов 2660 из 55454 файлов, 3.84 ГБ, отправлено 0 (было 0), отказов 0, ETag не совпал у 0, не закрыт — сухой прогон
[17:43:16] 2026-09-05: архивов 2811 из 55257 файлов, 3.58 ГБ, отправлено 0 (было 0), отказов 0, ETag не совпал у 0, не закрыт — сухой прогон
[17:43:19] 2026-09-06: архивов 2633 из 55187 файлов, 3.73 ГБ, отправлено 0 (было 0), отказов 0, ETag не совпал у 0, не закрыт — сухой прогон
[17:43:22] 2026-09-07: архивов 2720 из 55787 файлов, 3.84 ГБ, отправлено 0 (было 0), отказов 0, ETag не совпал у 0, не закрыт — сухой прогон
[17:43:25] 2026-09-08: архивов 2930 из 56715 файлов, 3.88 ГБ, отправлено 0 (было 0), отказов 0, ETag не совпал у 0, не закрыт — сухой прогон
[17:43:27] 2026-09-09: архивов 2812 из 56813 файлов, 3.83 ГБ, отправлено 0 (было 0), отказов 0, ETag не совпал у 0, не закрыт — сухой прогон
[17:43:30] 2026-09-10: архивов 2741 из 56499 файлов, 3.93 ГБ, отправлено 0 (было 0), отказов 0, ETag не совпал у 0, не закрыт — сухой прогон
[17:43:33] 2026-09-11: архивов 2737 из 56590 файлов, 3.77 ГБ, отправлено 0 (было 0), отказов 0, ETag не совпал у 0, не закрыт — сухой прогон
[17:43:35] 2026-09-12: архивов 2616 из 55247 файлов, 3.24 ГБ, отправлено 0 (было 0), отказов 0, ETag не совпал у 0, не закрыт — сухой прогон
[17:43:38] 2026-09-13: архивов 2939 из 57111 файлов, 3.44 ГБ, отправлено 0 (было 0), отказов 0, ETag не совпал у 0, не закрыт — сухой прогон
[17:43:41] 2026-09-14: архивов 2676 из 56360 файлов, 3.56 ГБ, отправлено 0 (было 0), отказов 0, ETag не совпал у 0, не закрыт — сухой прогон
[17:43:43] 2026-09-15: архивов 2811 из 57109 файлов, 3.83 ГБ, отправлено 0 (было 0), отказов 0, ETag не совпал у 0, не закрыт — сухой прогон
[17:43:46] 2026-09-16: архивов 2785 из 56633 файлов, 3.64 ГБ, отправлено 0 (было 0), отказов 0, ETag не совпал у 0, не закрыт — сухой прогон
[17:43:49] 2026-09-17: архивов 2618 из 56168 файлов, 3.32 ГБ, отправлено 0 (было 0), отказов 0, ETag не совпал у 0, не закрыт — сухой прогон
[17:43:52] 2026-09-18: архивов 2786 из 57429 файлов, 3.79 ГБ, отправлено 0 (было 0), отказов 0, ETag не совпал у 0, не закрыт — сухой прогон
[17:43:54] 2026-09-19: архивов 2877 из 57107 файлов, 3.21 ГБ, отправлено 0 (было 0), отказов 0, ETag не совпал у 0, не закрыт — сухой прогон
[17:43:57] 2026-09-20: архивов 2879 из 56849 файлов, 3.15 ГБ, отправлено 0 (было 0), отказов 0, ETag не совпал у 0, не закрыт — сухой прогон
[17:44:00] 2026-09-21: архивов 2857 из 57999 файлов, 3.26 ГБ, отправлено 0 (было 0), отказов 0, ETag не совпал у 0, не закрыт — сухой прогон
[17:44:03] 2026-09-22: архивов 2774 из 57684 файлов, 3.47 ГБ, отправлено 0 (было 0), отказов 0, ETag не совпал у 0, не закрыт — сухой прогон
[17:44:06] 2026-09-23: архивов 2796 из 57866 файлов, 3.23 ГБ, отправлено 0 (было 0), отказов 0, ETag не совпал у 0, не закрыт — сухой прогон
[17:44:08] 2026-09-24: архивов 2595 из 28585 файлов, 1.55 ГБ, отправлено 0 (было 0), отказов 0, ETag не совпал у 0, не закрыт — сухой прогон
[17:44:08] после: /root/algoth_v2/research/b1_book/out: свободно 2.8 ГБ; /root: свободно 5.6 ГБ; 244 с
[17:44:08] итого отправлено 0.00 ГБ, дней закрыто 0 из 57
конец: 2026-09-26T17:44:08Z, код 0
публикуется в ветку main:
 jobs/done/ship-dry-1.done           |  1 +
 jobs/done/ship-dry-1.log            | 66 +++++++++++++++++++++++++++++++++++++
 research/s8_loop/out/day_brake.json |  2 +-
 3 files changed, 68 insertions(+), 1 deletion(-)
To github.com:n0tgod/algoth_v2.git
   7a1aef6f..28e98477  main -> main
branch 'main' set up to track 'origin/main'.
опубликовано
