== задание ship-first-3gb ==
строка: run tools/record_ship.py --max-gb 3
начало: 2026-09-26T17:50:03Z
запускаю: .venv/bin/python tools/record_ship.py --max-gb 3
[17:50:03] до: /root/algoth_v2/research/b1_book/out: свободно 2.4 ГБ; /root: свободно 5.6 ГБ
[17:50:38] дней к выгрузке (не позже 2026-09-24, без отметки): 57 — 2026-07-30 … 2026-09-24; предел за прогон 3 ГБ
[17:50:52] 2026-07-30: архивов 51 из 204 файлов, 0.03 ГБ, отправлено 51 (было 0), отказов 0, ETag не совпал у 0, ЗАКРЫТ
[17:51:31]   2026-07-31: 61/61 архивов, 0.26 ГБ, 36 с
[17:51:38] 2026-07-31: архивов 61 из 1034 файлов, 0.26 ГБ, отправлено 61 (было 0), отказов 0, ETag не совпал у 0, ЗАКРЫТ
[17:52:39]   2026-08-01: 215/1710 архивов, 0.07 ГБ, 30 с
[17:53:09]   2026-08-01: 427/1710 архивов, 0.13 ГБ, 60 с
[17:53:39]   2026-08-01: 660/1710 архивов, 0.17 ГБ, 90 с
[17:54:09]   2026-08-01: 892/1710 архивов, 0.17 ГБ, 120 с
[17:54:39]   2026-08-01: 1134/1710 архивов, 0.17 ГБ, 150 с
[17:55:09]   2026-08-01: 1357/1710 архивов, 0.24 ГБ, 181 с
[17:55:40]   2026-08-01: 1576/1710 архивов, 0.27 ГБ, 211 с
[17:55:58] 2026-08-01: архивов 1710 из 14358 файлов, 0.27 ГБ, отправлено 1710 (было 0), отказов 0, ETag не совпал у 0, ЗАКРЫТ
[17:56:38]   2026-08-02: 122/1466 архивов, 0.00 ГБ, 31 с
[17:57:08]   2026-08-02: 267/1466 архивов, 0.00 ГБ, 61 с
[17:57:38]   2026-08-02: 469/1466 архивов, 0.01 ГБ, 91 с
[17:58:08]   2026-08-02: 660/1466 архивов, 0.01 ГБ, 121 с
[17:58:38]   2026-08-02: 855/1466 архивов, 0.02 ГБ, 151 с
[17:59:08]   2026-08-02: 1056/1466 архивов, 0.09 ГБ, 181 с
[17:59:38]   2026-08-02: 1265/1466 архивов, 0.14 ГБ, 211 с
[18:00:08] 2026-08-02: архивов 1466 из 27469 файлов, 0.14 ГБ, отправлено 1466 (было 0), отказов 0, ETag не совпал у 0, ЗАКРЫТ
[18:00:55]   2026-08-03: 69/1960 архивов, 0.25 ГБ, 30 с
[18:01:25]   2026-08-03: 111/1960 архивов, 0.40 ГБ, 60 с
[18:01:55]   2026-08-03: 208/1960 архивов, 0.76 ГБ, 91 с
[18:02:26]   2026-08-03: 306/1960 архивов, 1.09 ГБ, 121 с
[18:02:56]   2026-08-03: 410/1960 архивов, 1.40 ГБ, 151 с
[18:03:26]   2026-08-03: 509/1960 архивов, 1.74 ГБ, 181 с
[18:03:56]   2026-08-03: 675/1960 архивов, 1.86 ГБ, 212 с
[18:04:26]   2026-08-03: 863/1960 архивов, 1.87 ГБ, 242 с
[18:05:01]   2026-08-03: 1011/1960 архивов, 1.87 ГБ, 276 с
[18:05:31]   2026-08-03: 1016/1960 архивов, 1.87 ГБ, 306 с
[18:06:05]   2026-08-03: 1020/1960 архивов, 1.87 ГБ, 340 с
[18:06:49]   2026-08-03: 1027/1960 архивов, 1.87 ГБ, 384 с
[18:07:09]   2026-08-03: 1028/1960 архивов, 1.87 ГБ, 404 с
[18:07:39]   2026-08-03: 1148/1960 архивов, 1.87 ГБ, 435 с
[18:08:12]   2026-08-03: 1287/1960 архивов, 1.88 ГБ, 467 с
[18:08:42]   2026-08-03: 1417/1960 архивов, 1.91 ГБ, 497 с
[18:09:14]   2026-08-03: 1570/1960 архивов, 1.97 ГБ, 530 с
[18:09:45]   2026-08-03: 1693/1960 архивов, 2.00 ГБ, 560 с
[18:10:16]   2026-08-03: 1811/1960 архивов, 2.02 ГБ, 591 с
[18:10:46]   2026-08-03: 1925/1960 архивов, 2.04 ГБ, 621 с
[18:10:59] 2026-08-03: архивов 1960 из 36228 файлов, 2.01 ГБ, отправлено 1960 (было 0), отказов 0, ETag не совпал у 0, ЗАКРЫТ
[18:11:33] 2026-08-04: архивов 1944 из 40473 файлов, 3.01 ГБ, отправлено 35 (было 0), отказов 0, ETag не совпал у 0, не закрыт — предел за прогон
[18:11:33] после: /root/algoth_v2/research/b1_book/out: свободно 4.4 ГБ; /root: свободно 5.6 ГБ; 1290 с
[18:11:33] итого отправлено 2.99 ГБ, дней закрыто 5 из 6
конец: 2026-09-26T18:11:33Z, код 0
публикуется в ветку main:
 jobs/done/ship-first-3gb.log        | 35 +++++++++++++++++++++++++++++++++++
 research/s8_loop/out/day_brake.json |  2 +-
 2 files changed, 36 insertions(+), 1 deletion(-)
To github.com:n0tgod/algoth_v2.git
   a7827a80..4d15def4  main -> main
branch 'main' set up to track 'origin/main'.
опубликовано
