== задание short-levers-hold ==
строка: run research/dca_paper/short_levers.py --hold-only
начало: 2026-10-03T11:54:00Z
запускаю: .venv/bin/python research/dca_paper/short_levers.py --hold-only
публикуется в ветку main:
 jobs/done/short-levers-hold.done                  |  1 +
 jobs/done/short-levers-hold.log                   |  4 ++
 jobs/poke.log                                     |  3 ++
 research/dca_paper/out/DCA-short-levers-hold.json |  1 +
 research/dca_paper/out/DCA-short-levers-hold.md   | 52 +++++++++++++++++++++++
 5 files changed, 61 insertions(+)
To github.com:n0tgod/algoth_v2.git
   b71b082a..8822e1d2  main -> main
branch 'main' set up to track 'origin/main'.
опубликовано
A срок 12 ч: изменено 7501, Σ маржи -25.67; safe_h $1,000 +37.0 %, optimal_h $1,000 +69.1 %, aggr_h $1,000 +20.1 %, safe_h $10,000 +15.5 %, optimal_h $10,000 +12.2 %, aggr_h $10,000 +20.6 %, safe_h $100,000 +15.5 %, optimal_h $100,000 +12.2 %, aggr_h $100,000 +20.6 %
A срок 18 ч: изменено 7203, Σ маржи -13.73; safe_h $1,000 +30.0 %, optimal_h $1,000 +51.1 %, aggr_h $1,000 +16.2 %, safe_h $10,000 +12.8 %, optimal_h $10,000 +10.5 %, aggr_h $10,000 +16.6 %, safe_h $100,000 +12.8 %, optimal_h $100,000 +10.5 %, aggr_h $100,000 +16.6 %
# Срок 12 / 18 ч у коротких книг: устойчивость по депозитам и половинам окна

Проверка единственной ячейки скрина рычагов (`DCA-short-levers`), где касса на $10k дала больше денег при меньшей σ дня у оптимальной и агрессивной книги. Это та же объявленная ось (12 / 18 ч), не новый порог: вопрос — стоит ли ячейка на всех депозитах и на обеих половинах календаря, или это эпизод. Деньги нетто, касса семейства.

| книга | депозит | срок | сделок | итог | просадка | $ без 3 лучших дней | σ дня | Δσ | день/σ | хвостовых |
|---|--:|---|--:|--:|--:|--:|--:|--:|--:|--:|
| безопасная (шорт h24) | $1,000 | 24 ч (опора) | 1028 | +33.3 % | -12.9 % | +162 $ | 32 $ | +0 % | 0.18 | 27 |
| безопасная (шорт h24) | $1,000 | 12 ч | 1222 | +37.0 % | -14.4 % | +185 $ | 32 $ | +2 % | 0.20 | 20 |
| безопасная (шорт h24) | $1,000 | 18 ч | 1115 | +30.0 % | -11.6 % | +75 $ | 31 $ | -2 % | 0.17 | 24 |
| оптимальная (шорт h24) | $1,000 | 24 ч (опора) | 1092 | +37.4 % | -20.1 % | -42 $ | 63 $ | +0 % | 0.10 | 177 |
| оптимальная (шорт h24) | $1,000 | 12 ч | 1296 | +69.1 % | -19.7 % | +331 $ | 60 $ | -6 % | 0.20 | 177 |
| оптимальная (шорт h24) | $1,000 | 18 ч | 1188 | +51.1 % | -27.0 % | +54 $ | 70 $ | +11 % | 0.13 | 189 |
| агрессивная (шорт h24) | $1,000 | 24 ч (опора) | 852 | +16.4 % | -6.3 % | +56 $ | 16 $ | +0 % | 0.18 | 287 |
| агрессивная (шорт h24) | $1,000 | 12 ч | 931 | +20.1 % | -5.9 % | +113 $ | 13 $ | -15 % | 0.26 | 261 |
| агрессивная (шорт h24) | $1,000 | 18 ч | 883 | +16.2 % | -6.9 % | +26 $ | 18 $ | +12 % | 0.16 | 282 |
| безопасная (шорт h24) | $10,000 | 24 ч (опора) | 1041 | +15.5 % | -5.4 % | +874 $ | 119 $ | +0 % | 0.23 | 27 |
| безопасная (шорт h24) | $10,000 | 12 ч | 1222 | +15.5 % | -6.2 % | +813 $ | 120 $ | +0 % | 0.23 | 20 |
| безопасная (шорт h24) | $10,000 | 18 ч | 1116 | +12.8 % | -4.9 % | +362 $ | 119 $ | +0 % | 0.19 | 24 |
| оптимальная (шорт h24) | $10,000 | 24 ч (опора) | 1131 | +9.0 % | -4.1 % | +197 $ | 97 $ | +0 % | 0.16 | 180 |
| оптимальная (шорт h24) | $10,000 | 12 ч | 1305 | +12.2 % | -4.1 % | +637 $ | 89 $ | -8 % | 0.24 | 177 |
| оптимальная (шорт h24) | $10,000 | 18 ч | 1210 | +10.5 % | -5.0 % | +286 $ | 110 $ | +13 % | 0.17 | 191 |
| агрессивная (шорт h24) | $10,000 | 24 ч (опора) | 852 | +16.8 % | -6.5 % | +568 $ | 162 $ | +0 % | 0.18 | 287 |
| агрессивная (шорт h24) | $10,000 | 12 ч | 931 | +20.6 % | -6.0 % | +1,160 $ | 138 $ | -15 % | 0.26 | 261 |
| агрессивная (шорт h24) | $10,000 | 18 ч | 883 | +16.6 % | -7.1 % | +262 $ | 181 $ | +12 % | 0.16 | 282 |
| безопасная (шорт h24) | $100,000 | 24 ч (опора) | 1041 | +15.5 % | -5.4 % | +8,747 $ | 1192 $ | +0 % | 0.23 | 27 |
| безопасная (шорт h24) | $100,000 | 12 ч | 1222 | +15.5 % | -6.2 % | +8,137 $ | 1197 $ | +0 % | 0.23 | 20 |
| безопасная (шорт h24) | $100,000 | 18 ч | 1116 | +12.8 % | -4.9 % | +3,623 $ | 1194 $ | +0 % | 0.19 | 24 |
| оптимальная (шорт h24) | $100,000 | 24 ч (опора) | 1131 | +9.0 % | -4.1 % | +1,966 $ | 967 $ | +0 % | 0.16 | 180 |
| оптимальная (шорт h24) | $100,000 | 12 ч | 1305 | +12.2 % | -4.1 % | +6,378 $ | 891 $ | -8 % | 0.24 | 177 |
| оптимальная (шорт h24) | $100,000 | 18 ч | 1210 | +10.5 % | -5.0 % | +2,864 $ | 1097 $ | +13 % | 0.17 | 191 |
| агрессивная (шорт h24) | $100,000 | 24 ч (опора) | 852 | +16.8 % | -6.5 % | +5,688 $ | 1624 $ | +0 % | 0.18 | 287 |
| агрессивная (шорт h24) | $100,000 | 12 ч | 931 | +20.6 % | -6.0 % | +11,632 $ | 1383 $ | -15 % | 0.26 | 261 |
| агрессивная (шорт h24) | $100,000 | 18 ч | 883 | +16.6 % | -7.1 % | +2,625 $ | 1814 $ | +12 % | 0.16 | 282 |

## По половинам окна, $10,000

Разница «срок − опора» по дням: первая половина календаря и вторая. Ячейка, стоящая на одной половине, — эпизод.

| книга | срок | 1-я половина | дней лучше / хуже | разница | 2-я половина | дней лучше / хуже | разница |
|---|---|---|--:|--:|---|--:|--:|
| безопасная (шорт h24) | 12 ч | 2026-08-08 … 2026-09-04 | 15 / 13 | -57 $ | 2026-09-05 … 2026-10-03 | 12 / 17 | +53 $ |
| оптимальная (шорт h24) | 12 ч | 2026-08-08 … 2026-09-04 | 13 / 15 | -199 $ | 2026-09-05 … 2026-10-03 | 18 / 11 | +513 $ |
| агрессивная (шорт h24) | 12 ч | 2026-08-08 … 2026-09-04 | 16 / 12 | +16 $ | 2026-09-05 … 2026-10-03 | 18 / 10 | +365 $ |
| безопасная (шорт h24) | 18 ч | 2026-08-08 … 2026-09-04 | 12 / 15 | -305 $ | 2026-09-05 … 2026-10-03 | 13 / 16 | +32 $ |
| оптимальная (шорт h24) | 18 ч | 2026-08-08 … 2026-09-04 | 12 / 15 | -191 $ | 2026-09-05 … 2026-10-03 | 19 / 10 | +341 $ |
| агрессивная (шорт h24) | 18 ч | 2026-08-08 … 2026-09-04 | 13 / 14 | -93 $ | 2026-09-05 … 2026-10-03 | 16 / 13 | +76 $ |

## Как читать

- Срок — не отбор, контроля случайной выборкой нет; судится по депозитам, половинам окна, σ дня и деньгам без 3 лучших дней.
- Знак разницы, разный на половинах или на депозитах, — эпизод, не правило.
- Расчёт: 2026-10-03 11:54, 10.7 с.

конец: 2026-10-03T11:54:14Z, код 0
