== задание short-rung-1 ==
строка: run research/dca_paper/short_rung.py
начало: 2026-10-06T10:06:41Z
запускаю: .venv/bin/python research/dca_paper/short_rung.py 
h24/gbm: часов 952, коротких выборов 2856, ног под краем 2840, отброшено (нет полей / знак) 10
h24/nn: часов 952, коротких выборов 2856, ног под краем 2659, отброшено (нет полей / знак) 185
ног обеих рук: 5499
решений 5499, уникальных позиций 4787, с повтором в срок 3920 (82%); медиана задержки первого повтора 1.0 ч
пол капитуляции 0.1 — линейки safe_s
коротких ног (край ≥ 33) 5499: rr2 436, lo 4641, any 5499; символов 400
окно решений 2026-08-08 10:00 … 2026-10-06 09:00 UTC (59 суток, дат 60)
память: 130.6 МБ (ноги загружены; предел 1200)
кэш хранилища: снято 2790 файлов, осталось 1.80 ГБ при пределе 2
  символ 4/400  решений 80
кэш хранилища: снято 1153 файлов, осталось 1.80 ГБ при пределе 2
  символ 6/400  решений 160
  символ 9/400  решений 175
память: 410.9 МБ (символ 10/400; предел 1200)
  символ 11/400  решений 181
  символ 12/400  решений 186
  символ 17/400  решений 241
  символ 20/400  решений 264
память: 404.0 МБ (символ 20/400; предел 1200)
  символ 22/400  решений 290
  символ 24/400  решений 323
кэш хранилища: снято 1876 файлов, осталось 1.80 ГБ при пределе 2
  символ 27/400  решений 408
  символ 28/400  решений 426
  символ 29/400  решений 430
  символ 30/400  решений 530
память: 421.7 МБ (символ 30/400; предел 1200)
  символ 31/400  решений 582
  символ 33/400  решений 601
  символ 38/400  решений 638
кэш хранилища: снято 3426 файлов, осталось 1.80 ГБ при пределе 2
  символ 39/400  решений 689
память: 443.1 МБ (символ 40/400; предел 1200)
  символ 44/400  решений 754
  символ 47/400  решений 806
кэш хранилища: снято 2850 файлов, осталось 1.80 ГБ при пределе 2
  символ 48/400  решений 830
  символ 50/400  решений 838
память: 457.2 МБ (символ 50/400; предел 1200)
  символ 54/400  решений 873
  символ 59/400  решений 1023
кэш хранилища: снято 2060 файлов, осталось 1.80 ГБ при пределе 2
память: 507.5 МБ (символ 60/400; предел 1200)
  символ 61/400  решений 1026
  символ 62/400  решений 1077
  символ 63/400  решений 1165
кэш хранилища: снято 1685 файлов, осталось 1.80 ГБ при пределе 2
  символ 65/400  решений 1200
  символ 70/400  решений 1267
память: 629.8 МБ (символ 70/400; предел 1200)
  символ 72/400  решений 1329
  символ 74/400  решений 1407
кэш хранилища: снято 1707 файлов, осталось 1.80 ГБ при пределе 2
  символ 76/400  решений 1492
  символ 80/400  решений 1619
память: 748.8 МБ (символ 80/400; предел 1200)
  символ 81/400  решений 1671
  символ 83/400  решений 1719
  символ 85/400  решений 1799
кэш хранилища: снято 2609 файлов, осталось 1.80 ГБ при пределе 2
  символ 86/400  решений 1849
  символ 88/400  решений 1870
  символ 90/400  решений 1955
память: 752.6 МБ (символ 90/400; предел 1200)
  символ 96/400  решений 2024
  символ 99/400  решений 2052
память: 752.8 МБ (символ 100/400; предел 1200)
кэш хранилища: снято 9101 файлов, осталось 1.80 ГБ при пределе 2
  символ 102/400  решений 2084
  символ 103/400  решений 2142
кэш хранилища: снято 5770 файлов, осталось 1.80 ГБ при пределе 2
  символ 104/400  решений 2180
  символ 106/400  решений 2278
  символ 110/400  решений 2345
память: 819.9 МБ (символ 110/400; предел 1200)
кэш хранилища: снято 6151 файлов, осталось 1.80 ГБ при пределе 2
  символ 115/400  решений 2436
  символ 118/400  решений 2453
память: 829.1 МБ (символ 120/400; предел 1200)
  символ 126/400  решений 2507
память: 829.1 МБ (символ 130/400; предел 1200)
  символ 131/400  решений 2572
память: 829.1 МБ (символ 140/400; предел 1200)
кэш хранилища: снято 4995 файлов, осталось 1.80 ГБ при пределе 2
  символ 141/400  решений 2669
  символ 142/400  решений 2673
  символ 145/400  решений 2716
память: 829.1 МБ (символ 150/400; предел 1200)
  символ 152/400  решений 2750
  символ 154/400  решений 2762
кэш хранилища: снято 6678 файлов, осталось 1.80 ГБ при пределе 2
  символ 157/400  решений 2781
  символ 158/400  решений 2815
память: 829.1 МБ (символ 160/400; предел 1200)
  символ 163/400  решений 2865
  символ 165/400  решений 2881
кэш хранилища: снято 1790 файлов, осталось 1.80 ГБ при пределе 2
  символ 167/400  решений 2903
  символ 170/400  решений 2963
память: 831.4 МБ (символ 170/400; предел 1200)
  символ 177/400  решений 2983
память: 831.1 МБ (символ 180/400; предел 1200)
  символ 181/400  решений 3023
кэш хранилища: снято 5435 файлов, осталось 1.80 ГБ при пределе 2
  символ 187/400  решений 3089
  символ 189/400  решений 3140
память: 831.1 МБ (символ 190/400; предел 1200)
  символ 194/400  решений 3155
  символ 197/400  решений 3170
память: 832.4 МБ (символ 200/400; предел 1200)
  символ 201/400  решений 3199
кэш хранилища: снято 2255 файлов, осталось 1.80 ГБ при пределе 2
  символ 205/400  решений 3221
память: 832.4 МБ (символ 210/400; предел 1200)
  символ 215/400  решений 3340
  символ 220/400  решений 3400
память: 835.9 МБ (символ 220/400; предел 1200)
  символ 225/400  решений 3435
кэш хранилища: снято 7377 файлов, осталось 1.80 ГБ при пределе 2
  символ 226/400  решений 3566
  символ 228/400  решений 3686
память: 840.7 МБ (символ 230/400; предел 1200)
  символ 235/400  решений 3729
  символ 236/400  решений 3739
  символ 239/400  решений 3756
память: 859.9 МБ (символ 240/400; предел 1200)
  символ 247/400  решений 3783
кэш хранилища: снято 1244 файлов, осталось 1.80 ГБ при пределе 2
  символ 248/400  решений 4031
память: 859.9 МБ (символ 250/400; предел 1200)
  символ 252/400  решений 4232
  символ 256/400  решений 4318
память: 866.0 МБ (символ 260/400; предел 1200)
  символ 266/400  решений 4355
память: 867.1 МБ (символ 270/400; предел 1200)
  символ 274/400  решений 4477
кэш хранилища: снято 5355 файлов, осталось 1.80 ГБ при пределе 2
память: 870.1 МБ (символ 280/400; предел 1200)
  символ 282/400  решений 4549
  символ 289/400  решений 4604
память: 872.4 МБ (символ 290/400; предел 1200)
  символ 296/400  решений 4627
память: 872.9 МБ (символ 300/400; предел 1200)
хранилище: отказ на b1/trades/RIVERUSDT/2026-09-12.tar: An error occurred (GatewayTimeout) when calling the GetObject operation (reached max retries: 5): The server did not respond in time.
  символ 301/400  решений 4650
  символ 306/400  решений 4705
память: 875.1 МБ (символ 310/400; предел 1200)
  символ 314/400  решений 4833
память: 876.5 МБ (символ 320/400; предел 1200)
  символ 328/400  решений 4955
память: 880.4 МБ (символ 330/400; предел 1200)
  символ 336/400  решений 5014
память: 887.2 МБ (символ 340/400; предел 1200)
  символ 350/400  решений 5064
память: 887.3 МБ (символ 350/400; предел 1200)
кэш хранилища: снято 9610 файлов, осталось 1.80 ГБ при пределе 2
  символ 357/400  решений 5086
память: 911.6 МБ (символ 360/400; предел 1200)
память: 911.6 МБ (символ 370/400; предел 1200)
  символ 372/400  решений 5173
память: 911.6 МБ (символ 380/400; предел 1200)
  символ 387/400  решений 5374
память: 911.6 МБ (символ 390/400; предел 1200)
память: 918.4 МБ (символ 400/400; предел 1200)
запись доходит до 2026-10-06 11:42 UTC
пол капитуляции 0.5 — линейки optimal_s
коротких ног (край ≥ 33) 5499: rr2 436, lo 4641, any 5499; символов 400
окно решений 2026-08-08 10:00 … 2026-10-06 09:00 UTC (59 суток, дат 60)
память: 916.4 МБ (ноги загружены; предел 1200)
  символ 5/400  решений 95
кэш хранилища: снято 5686 файлов, осталось 1.80 ГБ при пределе 2
СТОП: память 1284 МБ больше предела 1200 МБ — прогон останавливается сам, цикл не трогаем
конец: 2026-10-06T11:48:53Z, код 3
