== задание short-books-1 ==
строка: run research/dca_paper/run_short.py
начало: 2026-09-07T12:23:31Z
запускаю: .venv/bin/python research/dca_paper/run_short.py 
h24/gbm: часов 580, коротких выборов 1740, ног под краем 1730, отброшено (нет полей / знак) 10
h24/nn: часов 580, коротких выборов 1740, ног под краем 1599, отброшено (нет полей / знак) 129
ног обеих рук: 3329
кэш реплея семейства не используется: кэша нет
решений 3329, в кэше 0, считаю заново 3329
коротких ног (край ≥ 33) 3329: rr2 359, lo 2651, any 3329; символов 279
окно решений 2026-08-08 10:00 … 2026-09-07 12:00 UTC (30.1 суток, дат 31)
память: 44.8 МБ (ноги загружены; предел 1200)
  символ 6/279  решений 146
память: 296.7 МБ (символ 10/279; предел 1200)
память: 268.2 МБ (символ 20/279; предел 1200)
  символ 23/279  решений 274
  символ 27/279  решений 362
  символ 30/279  решений 481
память: 279.0 МБ (символ 30/279; предел 1200)
  символ 39/279  решений 575
память: 278.0 МБ (символ 40/279; предел 1200)
  символ 47/279  решений 689
  символ 48/279  решений 703
память: 270.1 МБ (символ 50/279; предел 1200)
  символ 56/279  решений 757
  символ 59/279  решений 882
память: 289.5 МБ (символ 60/279; предел 1200)
  символ 62/279  решений 900
  символ 63/279  решений 985
память: 309.0 МБ (символ 70/279; предел 1200)
  символ 72/279  решений 1056
  символ 76/279  решений 1183
память: 312.9 МБ (символ 80/279; предел 1200)
  символ 81/279  решений 1321
  символ 85/279  решений 1388
  символ 89/279  решений 1521
память: 312.9 МБ (символ 90/279; предел 1200)
  символ 96/279  решений 1597
память: 312.9 МБ (символ 100/279; предел 1200)
  символ 103/279  решений 1682
  символ 104/279  решений 1718
  символ 106/279  решений 1816
память: 366.3 МБ (символ 110/279; предел 1200)
  символ 115/279  решений 1949
память: 358.3 МБ (символ 120/279; предел 1200)
память: 356.3 МБ (символ 130/279; предел 1200)
  символ 139/279  решений 2096
память: 356.3 МБ (символ 140/279; предел 1200)
  символ 143/279  решений 2160
память: 358.4 МБ (символ 150/279; предел 1200)
  символ 158/279  решений 2250
память: 358.4 МБ (символ 160/279; предел 1200)
  символ 167/279  решений 2325
память: 362.2 МБ (символ 170/279; предел 1200)
память: 362.2 МБ (символ 180/279; предел 1200)
  символ 187/279  решений 2489
память: 362.2 МБ (символ 190/279; предел 1200)
память: 362.2 МБ (символ 200/279; предел 1200)
память: 362.2 МБ (символ 210/279; предел 1200)
  символ 217/279  решений 2663
память: 361.2 МБ (символ 220/279; предел 1200)
  символ 226/279  решений 2784
память: 361.2 МБ (символ 230/279; предел 1200)
память: 362.1 МБ (символ 240/279; предел 1200)
  символ 242/279  решений 2919
  символ 250/279  решений 3071
память: 361.2 МБ (символ 250/279; предел 1200)
  символ 255/279  решений 3169
память: 361.2 МБ (символ 260/279; предел 1200)
память: 361.2 МБ (символ 270/279; предел 1200)
запись доходит до 2026-09-07 12:47 UTC
досчитано записей 5800 по 3329 решениям
линейка безопасная (шорт h24) (safe_h): позиций 2900, после правила одной на имя 678
  депозит $1,000: мест 40, взято 645, нет кассы 33, мельче $5 0, открытых 12, оборванных записью 22
  депозит $10,000: мест 45, взято 664, нет кассы 14, мельче $5 0, открытых 12, оборванных записью 24
  депозит $100,000: мест 45, взято 664, нет кассы 14, мельче $5 0, открытых 12, оборванных записью 24
линейка оптимальная (шорт h24) (optimal_h): позиций 2900, после правила одной на имя 703
  депозит $1,000: мест 40, взято 619, нет кассы 84, мельче $5 0, открытых 12, оборванных записью 20
  депозит $10,000: мест 45, взято 643, нет кассы 60, мельче $5 0, открытых 12, оборванных записью 21
  депозит $100,000: мест 45, взято 642, нет кассы 61, мельче $5 0, открытых 12, оборванных записью 21
линейка агрессивная (шорт h24) (aggr_h): позиций 2900, гейт плеча ≥4× отсеял 1277, после правила одной на имя 503
  депозит $1,000: мест 38, взято 499, нет кассы 4, мельче $5 0, открытых 11, оборванных записью 10
  депозит $10,000: мест 37, взято 497, нет кассы 6, мельче $5 0, открытых 11, оборванных записью 10
  депозит $100,000: мест 37, взято 497, нет кассы 6, мельче $5 0, открытых 11, оборванных записью 10
журнал: было 0, дописано 5103 в 30 файлов записи
общая статистика: пар с общим окном 9 из 9
# Короткие книги на сигнале h24 (три режима, хедж-режим)

Решение владельца 2026-09-07: три варианта коротких стратегий рядом с длинными и режим общей статистики, под хедж-режим. Вход — короткие выборы книги `h24` обеих рук модели, срок 24 ч, доливов нет, цель — обещание модели ×2, гейт: край ≥ 33 б.п., отношение любое. Режимы различаются ТОЛЬКО плечом, как у длинных книг.

Решений листа: 3329; позиций в кэше реплея 2900, из них пересчитано в этом прогоне 5800. Правила версии 6; прогон 1439.2 с.

## Книги

| книга | депозит | билет | сделок | Σ $ | итог | просадка | медиана дня | плюсов | вперёд / пересчёт |
|---|--:|--:|--:|--:|--:|--:|--:|--:|--:|
| `safe_h` (безопасная (шорт h24)) | $1000 | $25.0 | 611 | +247.99 | +24.80 % | -13.41 % | +0.02 | 0.612 % | 14 / 597 |
| `safe_h` (безопасная (шорт h24)) | $10000 | $222.0 | 628 | +2301.40 | +23.01 % | -11.25 % | +0.02 | 0.611 % | 14 / 614 |
| `safe_h` (безопасная (шорт h24)) | $100000 | $2222.0 | 628 | +23034.48 | +23.03 % | -11.26 % | +0.02 | 0.611 % | 14 / 614 |
| `optimal_h` (оптимальная (шорт h24)) | $1000 | $25.0 | 587 | +272.67 | +27.27 % | -35.18 % | +0.02 | 0.6 % | 11 / 576 |
| `optimal_h` (оптимальная (шорт h24)) | $10000 | $222.0 | 610 | +2649.15 | +26.49 % | -31.67 % | +0.02 | 0.598 % | 11 / 599 |
| `optimal_h` (оптимальная (шорт h24)) | $100000 | $2222.0 | 609 | +28752.79 | +28.75 % | -30.51 % | +0.02 | 0.601 % | 11 / 598 |
| `aggr_h` (агрессивная (шорт h24)) | $1000 | $26.0 | 478 | +339.03 | +33.90 % | -35.64 % | +0.00 | 0.563 % | 10 / 468 |
| `aggr_h` (агрессивная (шорт h24)) | $10000 | $266.0 | 476 | +3206.58 | +32.07 % | -37.46 % | +0.00 | 0.561 % | 10 / 466 |
| `aggr_h` (агрессивная (шорт h24)) | $100000 | $2666.0 | 476 | +32122.83 | +32.12 % | -37.53 % | +0.00 | 0.561 % | 10 / 466 |

Вперёд — решения, записанные в течение 120 ч после самого решения; остальное — пересчёт истории по нынешним правилам, и складывать их в один вердикт нельзя.

## Общая статистика: длинная книга и короткая рядом

Счета РАЗДЕЛЬНЫЕ: каждой книге $10000, итог пары — от $20000. Хедж-режим: короткая книга не смотрит на длинные позиции, и совпадения имён считаются отдельной колонкой — в одностороннем режиме биржи такой шорт резал бы длинную позицию.

| режим | суток | Σ $ длинная | Σ $ короткая | Σ $ пара | итог пары | просадка длинной | просадка пары | связь дней | совпадений имён |
|---|--:|--:|--:|--:|--:|--:|--:|--:|--:|
| безопасная | 30 | +869.99 | +2471.53 | +3341.52 | +16.71 % | -0.24 % | -4.71 % | -0.488 | 41 (6.5 %) |
| оптимальная | 30 | +1807.92 | +3093.15 | +4901.07 | +24.51 % | -0.57 % | -18.91 % | -0.144 | 33 (5.4 %) |
| агрессивная | 28 | +2140.52 | +3017.82 | +5158.34 | +25.79 % | -0.69 % | -22.80 % | -0.249 | 3 (0.6 %) |

| режим | добавляет деньги | просадка пары не хуже длинной | вывод |
|---|---|---|---|
| безопасная | да | нет | деньги добавляет, просадку тоже |
| оптимальная | да | нет | деньги добавляет, просадку тоже |
| агрессивная | да | нет | деньги добавляет, просадку тоже |

Связь дней около нуля или ниже означает, что стороны ходят ВРОЗЬ: тогда пара — другая ставка, а не вторая такая же, и просадка пары мельче суммы. Связь заметно выше нуля означает обратное, и вторая книга тогда просто удваивает риск.

## Чего замер НЕ говорит

- Живого исполнения здесь нет: исходы считаются реплеем по барам записи. Проскальзывание, очередь в стакане и задержка входа не моделируются; издержки круга учтены в `pnl_net`, отдельный замер издержек — `costs.py`.
- Хедж-режим есть ПРАВИЛО СЧЁТА этой книги: она не смотрит на длинные позиции. На бирже так можно только в хедж-режиме; в одностороннем совпадающий шорт резал бы длинную позицию, и число таких совпадений стоит выше.
- Веса модели видели эти часы: пересчёт истории читается как оценка СВЕРХУ. Судит форвард.

публикуется в ветку main:
 jobs/done/short-books-1.done                  |    1 +
 jobs/done/short-books-1.log                   |  132 +
 jobs/poke.log                                 |    3 +
 research/dca_paper/out/DCA-short.json         |    1 +
 research/dca_paper/out/DCA-short.md           |   45 +
 research/dca_paper/out/recs-short.jsonl       | 5801 +++++++++++++++++++++++++
 research/dca_paper/out/short-2026-08-08.jsonl |  177 +
 research/dca_paper/out/short-2026-08-09.jsonl |  240 +
 research/dca_paper/out/short-2026-08-10.jsonl |  135 +
 research/dca_paper/out/short-2026-08-11.jsonl |  213 +
 research/dca_paper/out/short-2026-08-12.jsonl |  207 +
 research/dca_paper/out/short-2026-08-13.jsonl |  180 +
 research/dca_paper/out/short-2026-08-14.jsonl |  192 +
 research/dca_paper/out/short-2026-08-15.jsonl |  159 +
 research/dca_paper/out/short-2026-08-16.jsonl |  189 +
 research/dca_paper/out/short-2026-08-17.jsonl |  180 +
 research/dca_paper/out/short-2026-08-18.jsonl |  120 +
 research/dca_paper/out/short-2026-08-19.jsonl |  242 ++
 research/dca_paper/out/short-2026-08-20.jsonl |  192 +
 research/dca_paper/out/short-2026-08-21.jsonl |  206 +
 research/dca_paper/out/short-2026-08-22.jsonl |  218 +
 research/dca_paper/out/short-2026-08-23.jsonl |  202 +
 research/dca_paper/out/short-2026-08-24.jsonl |  185 +
 research/dca_paper/out/short-2026-08-25.jsonl |  172 +
 research/dca_paper/out/short-2026-08-26.jsonl |  185 +
 research/dca_paper/out/short-2026-08-27.jsonl |  156 +
 research/dca_paper/out/short-2026-08-28.jsonl |  147 +
 research/dca_paper/out/short-2026-08-29.jsonl |  165 +
 research/dca_paper/out/short-2026-08-30.jsonl |   75 +
 research/dca_paper/out/short-2026-08-31.jsonl |   69 +
 research/dca_paper/out/short-2026-09-01.jsonl |   69 +
 research/dca_paper/out/short-2026-09-02.jsonl |  228 +
 research/dca_paper/out/short-2026-09-03.jsonl |  246 ++
 research/dca_paper/out/short-2026-09-04.jsonl |  126 +
 research/dca_paper/out/short-2026-09-05.jsonl |  123 +
 research/dca_paper/out/short-2026-09-06.jsonl |  105 +
 research/s8_loop/out/day_brake.json           |    2 +-
 37 files changed, 11087 insertions(+), 1 deletion(-)
ОТКАЗ: файл больше 5 МБ: research/dca_paper/out/recs-short.jsonl (7 МБ)
  Ряды и записи в git не идут — правила .gitignore этапа.

Проверка сохранности данных: docs/DATA-SAFETY.md
конец: 2026-09-07T12:47:40Z, код 0
публикуется в ветку main:
 docs/MAP.md                                   |    4 +-
 jobs/done/short-books-1.done                  |    1 +
 jobs/done/short-books-1.log                   |  176 +
 jobs/poke.log                                 |    3 +
 research/dca_paper/out/DCA-short.json         |    1 +
 research/dca_paper/out/DCA-short.md           |   45 +
 research/dca_paper/out/recs-short.jsonl       | 5801 +++++++++++++++++++++++++
 research/dca_paper/out/short-2026-08-08.jsonl |  177 +
 research/dca_paper/out/short-2026-08-09.jsonl |  240 +
 research/dca_paper/out/short-2026-08-10.jsonl |  135 +
 research/dca_paper/out/short-2026-08-11.jsonl |  213 +
 research/dca_paper/out/short-2026-08-12.jsonl |  207 +
 research/dca_paper/out/short-2026-08-13.jsonl |  180 +
 research/dca_paper/out/short-2026-08-14.jsonl |  192 +
 research/dca_paper/out/short-2026-08-15.jsonl |  159 +
 research/dca_paper/out/short-2026-08-16.jsonl |  189 +
 research/dca_paper/out/short-2026-08-17.jsonl |  180 +
 research/dca_paper/out/short-2026-08-18.jsonl |  120 +
 research/dca_paper/out/short-2026-08-19.jsonl |  242 ++
 research/dca_paper/out/short-2026-08-20.jsonl |  192 +
 research/dca_paper/out/short-2026-08-21.jsonl |  206 +
 research/dca_paper/out/short-2026-08-22.jsonl |  218 +
 research/dca_paper/out/short-2026-08-23.jsonl |  202 +
 research/dca_paper/out/short-2026-08-24.jsonl |  185 +
 research/dca_paper/out/short-2026-08-25.jsonl |  172 +
 research/dca_paper/out/short-2026-08-26.jsonl |  185 +
 research/dca_paper/out/short-2026-08-27.jsonl |  156 +
 research/dca_paper/out/short-2026-08-28.jsonl |  147 +
 research/dca_paper/out/short-2026-08-29.jsonl |  165 +
 research/dca_paper/out/short-2026-08-30.jsonl |   75 +
 research/dca_paper/out/short-2026-08-31.jsonl |   69 +
 research/dca_paper/out/short-2026-09-01.jsonl |   69 +
 research/dca_paper/out/short-2026-09-02.jsonl |  228 +
 research/dca_paper/out/short-2026-09-03.jsonl |  246 ++
 research/dca_paper/out/short-2026-09-04.jsonl |  126 +
 research/dca_paper/out/short-2026-09-05.jsonl |  123 +
 research/dca_paper/out/short-2026-09-06.jsonl |  105 +
 research/s8_loop/out/day_brake.json           |    2 +-
 38 files changed, 11133 insertions(+), 3 deletions(-)
ОТКАЗ: файл больше 5 МБ: research/dca_paper/out/recs-short.jsonl (7 МБ)
  Ряды и записи в git не идут — правила .gitignore этапа.

Проверка сохранности данных: docs/DATA-SAFETY.md
