== задание short-take-a ==
строка: run research/dca_paper/short_take.py --take t05 --take t1
начало: 2026-09-10T13:50:37Z
запускаю: .venv/bin/python research/dca_paper/short_take.py --take t05 --take t1
h24/gbm: часов 638, коротких выборов 1914, ног под краем 1904, отброшено (нет полей / знак) 10
h24/nn: часов 638, коротких выборов 1914, ног под краем 1772, отброшено (нет полей / знак) 130
ног обеих рук: 3676
коротких ног (край ≥ 33) 3676: rr2 370, lo 2968, any 3676; символов 290
окно решений 2026-08-08 10:00 … 2026-09-10 13:00 UTC (33.1 суток, дат 34)
память: 95.5 МБ (ноги загружены; предел 1200)
  символ 6/290  решений 146
память: 339.8 МБ (символ 10/290; предел 1200)
память: 310.3 МБ (символ 20/290; предел 1200)
  символ 23/290  решений 275
  символ 27/290  решений 363
  символ 30/290  решений 482
память: 326.0 МБ (символ 30/290; предел 1200)
  символ 34/290  решений 546
  символ 39/290  решений 620
память: 324.7 МБ (символ 40/290; предел 1200)
  символ 47/290  решений 734
  символ 48/290  решений 748
память: 327.7 МБ (символ 50/290; предел 1200)
  символ 57/290  решений 804
  символ 59/290  решений 928
память: 350.3 МБ (символ 60/290; предел 1200)
