== задание short-weeks-1 ==
строка: run research/dca_paper/short_weeks.py
начало: 2026-10-08T09:45:29Z
запускаю: .venv/bin/python research/dca_paper/short_weeks.py 
h24/gbm: часов 997, коротких выборов 2991, ног под краем 2975, отброшено (нет полей / знак) 10
h24/nn: часов 997, коротких выборов 2991, ног под краем 2788, отброшено (нет полей / знак) 191
ног обеих рук: 5763
решений (имя × час) 4996 из 5763 ног
имён со сводками 790
  час 100/997  выборов 434  (4 с)
  час 200/997  выборов 910  (7 с)
  час 300/997  выборов 1409  (10 с)
  час 400/997  выборов 1921  (14 с)
  час 500/997  выборов 2494  (21 с)
  час 600/997  выборов 2993  (25 с)
  час 700/997  выборов 3499  (32 с)
  час 800/997  выборов 3994  (39 с)
  час 900/997  выборов 4502  (42 с)
выборов измерено 4858 из 4996; часов 997; без цены имени 138, без кросс-секции 27, без волны 28
касса посчитана: safe_h позиций 1130, optimal_h позиций 1227, aggr_h позиций 941
вердикт: сигнал жив, убивает касса: сырой эдж +126 → +170 б.п. (p 0.81), над кросс-секцией +186 → +163 б.п. (p 0.43), волна за 24 ч при входах +130 → -5 б.п.; разрыв взятых против листа расширился (optimal_h разрыв -115 → -164; aggr_h разрыв -111 → -150)
# Эдж коротких выборов h24 по неделям: сигнал, рынок или касса

- решений 4996 из 5763 ног обеих рук; имён в кросс-секции 790; измерено 4858 выборов за 969 часов, 2026-08-08 … 2026-10-07; не измерено: без цены имени 138, часов без кросс-секции 27, без волны 28; посчитано 2026-10-08 09:46 за 55 с.
- мера — минус ход середины стакана за 24 ч, б.п. нотионала (шорт); «над кросс-секцией» — минус средний ход всех имён с ценой в тот же час; «случайные» — выборы того же размера в тот же час, 200 зёрен (медиана и доля зёрен не хуже листа); волна — средний ход 20 прокси-имён за те же часы.

| неделя | дней | часов | выборов | эдж, б.п. | медиана | попаданий | над кросс-секцией | случайные, медиана | зёрен ≥ листа | волна 24 ч, б.п. | безопасная, $ | оптимальная, $ | агрессивная, $ |
|---|--:|--:|--:|--:|--:|--:|--:|--:|--:|--:|--:|--:|--:|
| 2026-W32 | 2 | 38 | 163 | +309 | +689 | 80 % | +337 | -25 | 0 % | -26 | +28 | +7 | +45 |
| 2026-W33 | 7 | 167 | 772 | +613 | +687 | 71 % | +577 | +35 | 0 % | -42 | +1,002 | +814 | +1,032 |
| 2026-W34 | 7 | 163 | 826 | +221 | +135 | 58 % | +349 | -131 | 0 % | +343 | +423 | +139 | +329 |
| 2026-W35 | 7 | 86 | 463 | -491 | -19 | 49 % | -475 | -15 | 100 % | -68 | +7 | -149 | -517 |
| 2026-W36 | 7 | 117 | 639 | -185 | +117 | 56 % | -58 | -126 | 100 % | +248 | +443 | +245 | +385 |
| 2026-W37 | 7 | 99 | 476 | -67 | +377 | 64 % | -125 | +57 | 100 % | -115 | -517 | -58 | -78 |
| 2026-W38 | 7 | 76 | 405 | +23 | +116 | 57 % | +105 | -86 | 0 % | +198 | +171 | +33 | +152 |
| 2026-W39 | 6 | 33 | 174 | +76 | +100 | 60 % | +52 | +21 | 9 % | +1 | +9 | +42 | +78 |
| 2026-W40 | 7 | 137 | 689 | +395 | +266 | 67 % | +430 | -36 | 0 % | +25 | +174 | -17 | +442 |
| 2026-W41 | 3 | 53 | 251 | +299 | +504 | 71 % | +145 | +156 | 0 % | -213 | +337 | +167 | -257 |
| **всё окно** | 60 | 969 | 4858 | +144 | +234 | 62 % | +176 | -34 | 0 % | +75 | +2,077 | +1,223 | +1,612 |

## Половины окна (граница 2026-09-07, нуль — перестановка метки половины по часовым блокам, 200 перестановок)

| половина | выборов | эдж, б.п. | попаданий | над кросс-секцией | случайные, медиана | волна 24 ч | безопасная: цена взятых, б.п. | $ | оптимальная: цена взятых, б.п. | $ | агрессивная: цена взятых, б.п. | $ |
|---|--:|--:|--:|--:|--:|--:|--:|--:|--:|--:|--:|--:|
| 1-я (2026-08-08 … 2026-09-06) | 2863 | +126 | 61 % | +186 | -60 | +130 | +13 | +1,903 | +11 | +1,056 | +15 | +1,275 |
| 2-я (2026-09-07 … 2026-10-07) | 1995 | +170 | 64 % | +163 | +5 | -5 | -5 | +175 | +5 | +167 | +20 | +337 |

Нуль половин: сырой эдж — разность 1-я − 2-я -44 б.п., доля перестановок с разностью не меньше 0.81; над кросс-секцией — разность 1-я − 2-я +23 б.п., доля перестановок с разностью не меньше 0.43.

## Вердикт (из чисел)

- сигнал жив, убивает касса: сырой эдж +126 → +170 б.п. (p 0.81), над кросс-секцией +186 → +163 б.п. (p 0.43), волна за 24 ч при входах +130 → -5 б.п.; разрыв взятых против листа расширился (optimal_h разрыв -115 → -164; aggr_h разрыв -111 → -150)

Порядок суда объявлен до прогона: над кросс-секцией упало с p ≤ 0.05 — сигнал; иначе сырой упал с p ≤ 0.05 — рынок; иначе разрыв взятых кассой против листа расширился на ≥ 5 б.п. у обеих судимых книг — касса; иначе шум. Окно одно, веса модели эти часы видели; замер правил не меняет и ячеек не выбирает.

публикуется в ветку main:
 jobs/done/short-weeks-1.done                |  1 +
 jobs/done/short-weeks-1.log                 | 55 +++++++++++++++++++++++++++++
 jobs/poke.log                               |  3 ++
 research/dca_paper/out/DCA-short-weeks.json |  1 +
 research/dca_paper/out/DCA-short-weeks.md   | 33 +++++++++++++++++
 research/s8_loop/out/day_brake.json         |  2 +-
 6 files changed, 94 insertions(+), 1 deletion(-)
To github.com:n0tgod/algoth_v2.git
 ! [rejected]          main -> main (fetch first)
error: failed to push some refs to 'github.com:n0tgod/algoth_v2.git'
hint: Updates were rejected because the remote contains work that you do not
hint: have locally. This is usually caused by another repository pushing to
hint: the same ref. If you want to integrate the remote changes, use
hint: 'git pull' before pushing again.
hint: See the 'Note about fast-forwards' in 'git push --help' for details.
push не прошёл, подтягиваю ветку и пробую снова 
(попытка 1 из 4)
From github.com:n0tgod/algoth_v2
 * branch              main       -> FETCH_HEAD
   439be625..f5eabe43  main       -> origin/main
конец: 2026-10-08T09:46:36Z, код 0
