== задание short-supply-2 ==
строка: run research/dca_paper/short_age.py --only-supply
начало: 2026-09-08T12:30:56Z
запускаю: .venv/bin/python research/dca_paper/short_age.py --only-supply
короткие книги: aggr_h 2993, optimal_h 2993, safe_h 2993
safe_h: сделок под правилом 573, без правила 660
optimal_h: сделок под правилом 565, без правила 643
aggr_h: сделок под правилом 450, без правила 501
# Подача листа коротких книг по суткам

Вопрос владельца 2026-09-08: «шорт-сделки не открываются на графике». Тишина бывает двух родов, и это разные болезни: листа не подают — или правило режет то, что подали. Здесь считается и то, и другое, по суткам, на депозите $10000.

## безопасная (шорт h24) (порог ≥7 сут)

Всего сделок под правилом 573, без правила 660.

| сутки | решений на листе | моложе порога | возраст неизвестен | взято книгой | взято было бы без правила |
|---|--:|--:|--:|--:|--:|
| 2026-08-26 | 69 | 22 | 0 | 23 | 25 |
| 2026-08-27 | 70 | 16 | 0 | 17 | 19 |
| 2026-08-28 | 67 | 22 | 0 | 11 | 21 |
| 2026-08-29 | 65 | 24 | 0 | 16 | 23 |
| 2026-08-30 | 32 | 14 | 0 | 5 | 6 |
| 2026-08-31 | 12 | 2 | 0 | 7 | 8 |
| 2026-09-01 | 27 | 18 | 0 | 3 | 8 |
| 2026-09-02 | 138 | 89 | 0 | 14 | 26 |
| 2026-09-03 | 127 | 58 | 0 | 18 | 28 |
| 2026-09-04 | 124 | 44 | 0 | 10 | 14 |
| 2026-09-05 | 104 | 51 | 0 | 8 | 13 |
| 2026-09-06 | 107 | 34 | 0 | 16 | 21 |
| 2026-09-07 | 86 | 28 | 0 | 6 | 7 |
| 2026-09-08 | 44 | 14 | 0 | 0 | 0 |

## оптимальная (шорт h24) (порог ≥7 сут)

Всего сделок под правилом 565, без правила 643.

| сутки | решений на листе | моложе порога | возраст неизвестен | взято книгой | взято было бы без правила |
|---|--:|--:|--:|--:|--:|
| 2026-08-26 | 69 | 22 | 0 | 24 | 22 |
| 2026-08-27 | 70 | 16 | 0 | 18 | 20 |
| 2026-08-28 | 67 | 22 | 0 | 11 | 21 |
| 2026-08-29 | 65 | 24 | 0 | 15 | 22 |
| 2026-08-30 | 32 | 14 | 0 | 7 | 8 |
| 2026-08-31 | 12 | 2 | 0 | 8 | 9 |
| 2026-09-01 | 27 | 18 | 0 | 4 | 9 |
| 2026-09-02 | 138 | 89 | 0 | 15 | 29 |
| 2026-09-03 | 127 | 58 | 0 | 19 | 33 |
| 2026-09-04 | 124 | 44 | 0 | 11 | 15 |
| 2026-09-05 | 104 | 51 | 0 | 9 | 17 |
| 2026-09-06 | 107 | 34 | 0 | 15 | 19 |
| 2026-09-07 | 86 | 28 | 0 | 8 | 8 |
| 2026-09-08 | 44 | 14 | 0 | 0 | 0 |

## агрессивная (шорт h24) (порог ≥7 сут)

Всего сделок под правилом 450, без правила 501.

| сутки | решений на листе | моложе порога | возраст неизвестен | взято книгой | взято было бы без правила |
|---|--:|--:|--:|--:|--:|
| 2026-08-26 | 69 | 22 | 0 | 17 | 19 |
| 2026-08-27 | 70 | 16 | 0 | 14 | 13 |
| 2026-08-28 | 67 | 22 | 0 | 8 | 9 |
| 2026-08-29 | 65 | 24 | 0 | 10 | 14 |
| 2026-08-30 | 32 | 14 | 0 | 10 | 11 |
| 2026-08-31 | 12 | 2 | 0 | 6 | 6 |
| 2026-09-01 | 27 | 18 | 0 | 4 | 6 |
| 2026-09-02 | 138 | 89 | 0 | 12 | 23 |
| 2026-09-03 | 127 | 58 | 0 | 12 | 24 |
| 2026-09-04 | 124 | 44 | 0 | 9 | 13 |
| 2026-09-05 | 104 | 51 | 0 | 8 | 13 |
| 2026-09-06 | 107 | 34 | 0 | 14 | 17 |
| 2026-09-07 | 86 | 28 | 0 | 9 | 9 |
| 2026-09-08 | 44 | 14 | 0 | 2 | 2 |

## Как читать

- «Решений на листе» — что подала модель за эти сутки. Мало здесь — молчит подача, и правило ни при чём.
- «Взято книгой» против «взято было бы без правила» — цена самого правила, в сделках, а не в процентах за месяц.
- Считается на кэше решений: прошлое не пересчитывается, числа те же, которыми живёт книга.

публикуется в ветку main:
 jobs/done/short-supply-2.done                |  1 +
 jobs/done/short-supply-2.log                 | 81 ++++++++++++++++++++++++++++
 jobs/poke.log                                |  3 ++
 research/dca_paper/out/DCA-short-supply.json |  1 +
 research/dca_paper/out/DCA-short-supply.md   | 72 +++++++++++++++++++++++++
 research/s8_loop/out/day_brake.json          |  2 +-
 6 files changed, 159 insertions(+), 1 deletion(-)
To github.com:n0tgod/algoth_v2.git
   9b90a975..ff05366e  main -> main
branch 'main' set up to track 'origin/main'.
опубликовано
конец: 2026-09-08T12:31:10Z, код 0
