== задание short-floor-1 ==
строка: run research/dca_paper/short_floor.py --group 0.5
начало: 2026-10-07T22:21:21Z
запускаю: .venv/bin/python research/dca_paper/short_floor.py --group 0.5
h24/gbm: часов 986, коротких выборов 2958, ног под краем 2942, отброшено (нет полей / знак) 10
h24/nn: часов 986, коротких выборов 2958, ног под краем 2756, отброшено (нет полей / знак) 190
ног обеих рук: 5698
пол капитуляции 0.5 — линейки optimal_s
коротких ног (край ≥ 33) 5698: rr2 437, lo 4836, any 5698; символов 402
окно решений 2026-08-08 10:00 … 2026-10-07 22:00 UTC (60.5 суток, дат 61)
память: 196.8 МБ (ноги загружены; предел 1200)
кэш хранилища: снято 1256 файлов, осталось 1.80 ГБ при пределе 2
  символ 4/402  решений 80
кэш хранилища: снято 2219 файлов, осталось 1.80 ГБ при пределе 2
кэш хранилища: снято 2177 файлов, осталось 1.80 ГБ при пределе 2
кэш хранилища: снято 1030 файлов, осталось 1.80 ГБ при пределе 2
кэш хранилища: снято 2553 файлов, осталось 1.80 ГБ при пределе 2
  символ 6/402  решений 160
кэш хранилища: снято 1089 файлов, осталось 1.80 ГБ при пределе 2
кэш хранилища: снято 2417 файлов, осталось 1.80 ГБ при пределе 2
  символ 10/402  решений 179
память: 357.0 МБ (символ 10/402; предел 1200)
кэш хранилища: снято 2710 файлов, осталось 1.80 ГБ при пределе 2
кэш хранилища: снято 836 файлов, осталось 1.80 ГБ при пределе 2
  символ 12/402  решений 186
кэш хранилища: снято 2031 файлов, осталось 1.80 ГБ при пределе 2
кэш хранилища: снято 968 файлов, осталось 1.80 ГБ при пределе 2
  символ 17/402  решений 247
кэш хранилища: снято 1449 файлов, осталось 1.80 ГБ при пределе 2
кэш хранилища: снято 315 файлов, осталось 1.80 ГБ при пределе 2
кэш хранилища: снято 349 файлов, осталось 1.80 ГБ при пределе 2
  символ 20/402  решений 270
память: 306.8 МБ (символ 20/402; предел 1200)
кэш хранилища: снято 1141 файлов, осталось 1.80 ГБ при пределе 2
кэш хранилища: снято 1940 файлов, осталось 1.80 ГБ при пределе 2
  символ 22/402  решений 296
кэш хранилища: снято 3268 файлов, осталось 1.80 ГБ при пределе 2
кэш хранилища: снято 2087 файлов, осталось 1.80 ГБ при пределе 2
  символ 24/402  решений 329
кэш хранилища: снято 2291 файлов, осталось 1.80 ГБ при пределе 2
кэш хранилища: снято 1560 файлов, осталось 1.80 ГБ при пределе 2
  символ 27/402  решений 414
кэш хранилища: снято 1888 файлов, осталось 1.80 ГБ при пределе 2
кэш хранилища: снято 2136 файлов, осталось 1.80 ГБ при пределе 2
кэш хранилища: снято 1872 файлов, осталось 1.80 ГБ при пределе 2
  символ 29/402  решений 436
кэш хранилища: снято 824 файлов, осталось 1.80 ГБ при пределе 2
  символ 30/402  решений 536
память: 439.0 МБ (символ 30/402; предел 1200)
кэш хранилища: снято 1593 файлов, осталось 1.80 ГБ при пределе 2
  символ 31/402  решений 588
кэш хранилища: снято 692 файлов, осталось 1.80 ГБ при пределе 2
кэш хранилища: снято 1875 файлов, осталось 1.80 ГБ при пределе 2
кэш хранилища: снято 1697 файлов, осталось 1.80 ГБ при пределе 2
  символ 34/402  решений 621
кэш хранилища: снято 475 файлов, осталось 1.80 ГБ при пределе 2
кэш хранилища: снято 768 файлов, осталось 1.80 ГБ при пределе 2
кэш хранилища: снято 1614 файлов, осталось 1.80 ГБ при пределе 2
  символ 39/402  решений 695
память: 343.6 МБ (символ 40/402; предел 1200)
кэш хранилища: снято 1874 файлов, осталось 1.80 ГБ при пределе 2
кэш хранилища: снято 982 файлов, осталось 1.80 ГБ при пределе 2
кэш хранилища: снято 805 файлов, осталось 1.80 ГБ при пределе 2
  символ 45/402  решений 781
кэш хранилища: снято 1179 файлов, осталось 1.80 ГБ при пределе 2
кэш хранилища: снято 2271 файлов, осталось 1.80 ГБ при пределе 2
кэш хранилища: снято 941 файлов, осталось 1.80 ГБ при пределе 2
  символ 47/402  решений 812
кэш хранилища: снято 1772 файлов, осталось 1.80 ГБ при пределе 2
кэш хранилища: снято 943 файлов, осталось 1.80 ГБ при пределе 2
кэш хранилища: снято 1075 файлов, осталось 1.80 ГБ при пределе 2
кэш хранилища: снято 1009 файлов, осталось 1.80 ГБ при пределе 2
  символ 48/402  решений 836
кэш хранилища: снято 1637 файлов, осталось 1.80 ГБ при пределе 2
  символ 50/402  решений 844
память: 399.7 МБ (символ 50/402; предел 1200)
кэш хранилища: снято 525 файлов, осталось 1.80 ГБ при пределе 2
кэш хранилища: снято 2701 файлов, осталось 1.80 ГБ при пределе 2
кэш хранилища: снято 515 файлов, осталось 1.80 ГБ при пределе 2
  символ 55/402  решений 882
кэш хранилища: снято 1460 файлов, осталось 1.80 ГБ при пределе 2
кэш хранилища: снято 312 файлов, осталось 1.80 ГБ при пределе 2
кэш хранилища: снято 195 файлов, осталось 1.80 ГБ при пределе 2
  символ 59/402  решений 1029
память: 336.9 МБ (символ 60/402; предел 1200)
кэш хранилища: снято 253 файлов, осталось 1.80 ГБ при пределе 2
кэш хранилища: снято 1168 файлов, осталось 1.80 ГБ при пределе 2
кэш хранилища: снято 641 файлов, осталось 1.80 ГБ при пределе 2
кэш хранилища: снято 2566 файлов, осталось 1.80 ГБ при пределе 2
  символ 62/402  решений 1083
кэш хранилища: снято 2715 файлов, осталось 1.80 ГБ при пределе 2
кэш хранилища: снято 3042 файлов, осталось 1.80 ГБ при пределе 2
  символ 63/402  решений 1171
кэш хранилища: снято 1672 файлов, осталось 1.80 ГБ при пределе 2
кэш хранилища: снято 791 файлов, осталось 1.80 ГБ при пределе 2
  символ 65/402  решений 1206
кэш хранилища: снято 756 файлов, осталось 1.80 ГБ при пределе 2
  символ 68/402  решений 1214
кэш хранилища: снято 1238 файлов, осталось 1.80 ГБ при пределе 2
кэш хранилища: снято 312 файлов, осталось 1.80 ГБ при пределе 2
память: 515.1 МБ (символ 70/402; предел 1200)
  символ 71/402  решений 1296
кэш хранилища: снято 390 файлов, осталось 1.80 ГБ при пределе 2
кэш хранилища: снято 1085 файлов, осталось 1.80 ГБ при пределе 2
  символ 72/402  решений 1338
кэш хранилища: снято 339 файлов, осталось 1.80 ГБ при пределе 2
кэш хранилища: снято 727 файлов, осталось 1.80 ГБ при пределе 2
  символ 74/402  решений 1416
кэш хранилища: снято 969 файлов, осталось 1.80 ГБ при пределе 2
кэш хранилища: снято 1983 файлов, осталось 1.80 ГБ при пределе 2
кэш хранилища: снято 2670 файлов, осталось 1.80 ГБ при пределе 2
  символ 76/402  решений 1505
  символ 78/402  решений 1525
кэш хранилища: снято 2343 файлов, осталось 1.80 ГБ при пределе 2
кэш хранилища: снято 1241 файлов, осталось 1.80 ГБ при пределе 2
кэш хранилища: снято 1241 файлов, осталось 1.80 ГБ при пределе 2
  символ 80/402  решений 1632
память: 396.2 МБ (символ 80/402; предел 1200)
кэш хранилища: снято 982 файлов, осталось 1.80 ГБ при пределе 2
  символ 81/402  решений 1705
кэш хранилища: снято 788 файлов, осталось 1.80 ГБ при пределе 2
кэш хранилища: снято 911 файлов, осталось 1.80 ГБ при пределе 2
кэш хранилища: снято 1656 файлов, осталось 1.80 ГБ при пределе 2
  символ 83/402  решений 1753
кэш хранилища: снято 1166 файлов, осталось 1.80 ГБ при пределе 2
  символ 85/402  решений 1837
кэш хранилища: снято 1816 файлов, осталось 1.80 ГБ при пределе 2
кэш хранилища: снято 2025 файлов, осталось 1.80 ГБ при пределе 2
кэш хранилища: снято 438 файлов, осталось 1.80 ГБ при пределе 2
  символ 86/402  решений 1887
  символ 87/402  решений 1890
кэш хранилища: снято 1276 файлов, осталось 1.80 ГБ при пределе 2
кэш хранилища: снято 728 файлов, осталось 1.80 ГБ при пределе 2
  символ 89/402  решений 1980
кэш хранилища: снято 1592 файлов, осталось 1.80 ГБ при пределе 2
память: 404.1 МБ (символ 90/402; предел 1200)
кэш хранилища: снято 436 файлов, осталось 1.80 ГБ при пределе 2
  символ 91/402  решений 2028
кэш хранилища: снято 1403 файлов, осталось 1.80 ГБ при пределе 2
кэш хранилища: снято 1928 файлов, осталось 1.80 ГБ при пределе 2
  символ 97/402  решений 2080
кэш хранилища: снято 1802 файлов, осталось 1.80 ГБ при пределе 2
кэш хранилища: снято 427 файлов, осталось 1.80 ГБ при пределе 2
  символ 99/402  решений 2095
кэш хранилища: снято 1429 файлов, осталось 1.80 ГБ при пределе 2
память: 331.2 МБ (символ 100/402; предел 1200)
  символ 101/402  решений 2115
кэш хранилища: снято 1976 файлов, осталось 1.80 ГБ при пределе 2
кэш хранилища: снято 1543 файлов, осталось 1.80 ГБ при пределе 2
кэш хранилища: снято 613 файлов, осталось 1.80 ГБ при пределе 2
кэш хранилища: снято 965 файлов, осталось 1.80 ГБ при пределе 2
  символ 103/402  решений 2185
кэш хранилища: снято 1422 файлов, осталось 1.80 ГБ при пределе 2
кэш хранилища: снято 1743 файлов, осталось 1.80 ГБ при пределе 2
  символ 104/402  решений 2223
кэш хранилища: снято 1823 файлов, осталось 1.80 ГБ при пределе 2
хранилище: повтор 1/3 для b1/trades/HEMIUSDT/2026-09-09.tar: An error occurred (GatewayTimeout) when calling the GetObject operation (reached max retries: 5): The server did not res
кэш хранилища: снято 1808 файлов, осталось 1.80 ГБ при пределе 2
кэш хранилища: снято 2717 файлов, осталось 1.80 ГБ при пределе 2
  символ 106/402  решений 2329
кэш хранилища: снято 2512 файлов, осталось 1.80 ГБ при пределе 2
кэш хранилища: снято 608 файлов, осталось 1.80 ГБ при пределе 2
кэш хранилища: снято 386 файлов, осталось 1.80 ГБ при пределе 2
  символ 110/402  решений 2396
память: 398.6 МБ (символ 110/402; предел 1200)
  символ 111/402  решений 2411
кэш хранилища: снято 293 файлов, осталось 1.80 ГБ при пределе 2
кэш хранилища: снято 1044 файлов, осталось 1.80 ГБ при пределе 2
  символ 114/402  решений 2435
кэш хранилища: снято 792 файлов, осталось 1.80 ГБ при пределе 2
  символ 115/402  решений 2487
кэш хранилища: снято 309 файлов, осталось 1.80 ГБ при пределе 2
кэш хранилища: снято 1184 файлов, осталось 1.80 ГБ при пределе 2
кэш хранилища: снято 834 файлов, осталось 1.80 ГБ при пределе 2
  символ 120/402  решений 2521
память: 352.4 МБ (символ 120/402; предел 1200)
кэш хранилища: снято 818 файлов, осталось 1.80 ГБ при пределе 2
кэш хранилища: снято 1840 файлов, осталось 1.80 ГБ при пределе 2
  символ 126/402  решений 2558
кэш хранилища: снято 1696 файлов, осталось 1.80 ГБ при пределе 2
память: 336.6 МБ (символ 130/402; предел 1200)
кэш хранилища: снято 2317 файлов, осталось 1.80 ГБ при пределе 2
  символ 132/402  решений 2626
кэш хранилища: снято 2601 файлов, осталось 1.80 ГБ при пределе 2
  символ 135/402  решений 2638
кэш хранилища: снято 702 файлов, осталось 1.80 ГБ при пределе 2
память: 331.7 МБ (символ 140/402; предел 1200)
кэш хранилища: снято 1584 файлов, осталось 1.80 ГБ при пределе 2
кэш хранилища: снято 627 файлов, осталось 1.80 ГБ при пределе 2
  символ 141/402  решений 2724
кэш хранилища: снято 1376 файлов, осталось 1.80 ГБ при пределе 2
кэш хранилища: снято 2262 файлов, осталось 1.80 ГБ при пределе 2
  символ 142/402  решений 2728
кэш хранилища: снято 2228 файлов, осталось 1.80 ГБ при пределе 2
кэш хранилища: снято 1585 файлов, осталось 1.80 ГБ при пределе 2
  символ 145/402  решений 2778
память: 327.1 МБ (символ 150/402; предел 1200)
кэш хранилища: снято 2755 файлов, осталось 1.80 ГБ при пределе 2
кэш хранилища: снято 2879 файлов, осталось 1.80 ГБ при пределе 2
кэш хранилища: снято 2394 файлов, осталось 1.80 ГБ при пределе 2
  символ 153/402  решений 2818
кэш хранилища: снято 1356 файлов, осталось 1.80 ГБ при пределе 2
кэш хранилища: снято 1242 файлов, осталось 1.80 ГБ при пределе 2
  символ 155/402  решений 2830
кэш хранилища: снято 265 файлов, осталось 1.80 ГБ при пределе 2
кэш хранилища: снято 326 файлов, осталось 1.80 ГБ при пределе 2
кэш хранилища: снято 1438 файлов, осталось 1.80 ГБ при пределе 2
  символ 158/402  решений 2877
память: 332.0 МБ (символ 160/402; предел 1200)
кэш хранилища: снято 1870 файлов, осталось 1.80 ГБ при пределе 2
  символ 161/402  решений 2906
кэш хранилища: снято 1430 файлов, осталось 1.80 ГБ при пределе 2
  символ 164/402  решений 2937
кэш хранилища: снято 336 файлов, осталось 1.80 ГБ при пределе 2
кэш хранилища: снято 1119 файлов, осталось 1.80 ГБ при пределе 2
кэш хранилища: снято 1537 файлов, осталось 1.80 ГБ при пределе 2
  символ 165/402  решений 2943
кэш хранилища: снято 1485 файлов, осталось 1.80 ГБ при пределе 2
кэш хранилища: снято 1491 файлов, осталось 1.80 ГБ при пределе 2
кэш хранилища: снято 298 файлов, осталось 1.80 ГБ при пределе 2
  символ 167/402  решений 2965
кэш хранилища: снято 474 файлов, осталось 1.80 ГБ при пределе 2
память: 371.4 МБ (символ 170/402; предел 1200)
кэш хранилища: снято 2416 файлов, осталось 1.80 ГБ при пределе 2
кэш хранилища: снято 2072 файлов, осталось 1.80 ГБ при пределе 2
  символ 176/402  решений 3040
память: 342.8 МБ (символ 180/402; предел 1200)
кэш хранилища: снято 1000 файлов, осталось 1.80 ГБ при пределе 2
кэш хранилища: снято 292 файлов, осталось 1.80 ГБ при пределе 2
  символ 187/402  решений 3157
кэш хранилища: снято 877 файлов, осталось 1.80 ГБ при пределе 2
кэш хранилища: снято 567 файлов, осталось 1.80 ГБ при пределе 2
  символ 189/402  решений 3208
память: 333.0 МБ (символ 190/402; предел 1200)
кэш хранилища: снято 212 файлов, осталось 1.80 ГБ при пределе 2
кэш хранилища: снято 875 файлов, осталось 1.80 ГБ при пределе 2
  символ 192/402  решений 3219
кэш хранилища: снято 1764 файлов, осталось 1.80 ГБ при пределе 2
кэш хранилища: снято 2093 файлов, осталось 1.80 ГБ при пределе 2
  символ 197/402  решений 3238
кэш хранилища: снято 1405 файлов, осталось 1.80 ГБ при пределе 2
память: 332.0 МБ (символ 200/402; предел 1200)
  символ 201/402  решений 3267
кэш хранилища: снято 2260 файлов, осталось 1.80 ГБ при пределе 2
кэш хранилища: снято 1823 файлов, осталось 1.80 ГБ при пределе 2
  символ 205/402  решений 3289
кэш хранилища: снято 1806 файлов, осталось 1.80 ГБ при пределе 2
кэш хранилища: снято 400 файлов, осталось 1.80 ГБ при пределе 2
  символ 210/402  решений 3308
память: 329.1 МБ (символ 210/402; предел 1200)
кэш хранилища: снято 2015 файлов, осталось 1.80 ГБ при пределе 2
  символ 216/402  решений 3411
кэш хранилища: снято 1337 файлов, осталось 1.80 ГБ при пределе 2
  символ 220/402  решений 3469
память: 353.7 МБ (символ 220/402; предел 1200)
кэш хранилища: снято 1694 файлов, осталось 1.80 ГБ при пределе 2
кэш хранилища: снято 409 файлов, осталось 1.80 ГБ при пределе 2
  символ 224/402  решений 3492
кэш хранилища: снято 3575 файлов, осталось 1.80 ГБ при пределе 2
  символ 225/402  решений 3504
кэш хранилища: снято 1904 файлов, осталось 1.80 ГБ при пределе 2
  символ 226/402  решений 3635
кэш хранилища: снято 1109 файлов, осталось 1.80 ГБ при пределе 2
память: 343.8 МБ (символ 230/402; предел 1200)
  символ 232/402  решений 3772
кэш хранилища: снято 2347 файлов, осталось 1.80 ГБ при пределе 2
  символ 235/402  решений 3798
кэш хранилища: снято 1907 файлов, осталось 1.80 ГБ при пределе 2
  символ 237/402  решений 3812
кэш хранилища: снято 2102 файлов, осталось 1.80 ГБ при пределе 2
  символ 240/402  решений 3827
память: 360.3 МБ (символ 240/402; предел 1200)
кэш хранилища: снято 2074 файлов, осталось 1.80 ГБ при пределе 2
кэш хранилища: снято 2117 файлов, осталось 1.80 ГБ при пределе 2
  символ 247/402  решений 3852
кэш хранилища: снято 2001 файлов, осталось 1.80 ГБ при пределе 2
кэш хранилища: снято 510 файлов, осталось 1.80 ГБ при пределе 2
  символ 248/402  решений 4100
  символ 249/402  решений 4113
память: 333.7 МБ (символ 250/402; предел 1200)
кэш хранилища: снято 856 файлов, осталось 1.80 ГБ при пределе 2
кэш хранилища: снято 2773 файлов, осталось 1.80 ГБ при пределе 2
  символ 252/402  решений 4301
кэш хранилища: снято 1391 файлов, осталось 1.80 ГБ при пределе 2
кэш хранилища: снято 2015 файлов, осталось 1.80 ГБ при пределе 2
память: 334.7 МБ (символ 260/402; предел 1200)
  символ 263/402  решений 4416
кэш хранилища: снято 1444 файлов, осталось 1.80 ГБ при пределе 2
  символ 268/402  решений 4455
кэш хранилища: снято 2366 файлов, осталось 1.80 ГБ при пределе 2
память: 330.7 МБ (символ 270/402; предел 1200)
  символ 271/402  решений 4498
  символ 273/402  решений 4527
хранилище: повтор 1/3 для b1/trades/DGAIUSDT/2026-09-11.tar: An error occurred (GatewayTimeout) when calling the GetObject operation (reached max retries: 5): The server did not res
кэш хранилища: снято 118 файлов, осталось 1.80 ГБ при пределе 2
  символ 274/402  решений 4549
кэш хранилища: снято 410 файлов, осталось 1.80 ГБ при пределе 2
  символ 278/402  решений 4585
память: 328.6 МБ (символ 280/402; предел 1200)
кэш хранилища: снято 652 файлов, осталось 1.80 ГБ при пределе 2
  символ 282/402  решений 4631
кэш хранилища: снято 1718 файлов, осталось 1.80 ГБ при пределе 2
хранилище: повтор 1/3 для b1/book/USDJPYUSDT/2026-09-12.tar: An error occurred (GatewayTimeout) when calling the GetObject operation (reached max retries: 5): The server did not res
  символ 286/402  решений 4661
память: 327.6 МБ (символ 290/402; предел 1200)
  символ 291/402  решений 4688
кэш хранилища: снято 1550 файлов, осталось 1.80 ГБ при пределе 2
  символ 296/402  решений 4709
кэш хранилища: снято 2659 файлов, осталось 1.80 ГБ при пределе 2
память: 328.6 МБ (символ 300/402; предел 1200)
  символ 305/402  решений 4764
кэш хранилища: снято 1995 файлов, осталось 1.80 ГБ при пределе 2
  символ 310/402  решений 4892
память: 335.5 МБ (символ 310/402; предел 1200)
память: 331.5 МБ (символ 320/402; предел 1200)
  символ 322/402  решений 5000
кэш хранилища: снято 2211 файлов, осталось 1.80 ГБ при пределе 2
