== задание short-levcap ==
строка: run research/dca_paper/short_levcap.py
начало: 2026-10-03T14:29:24Z
запускаю: .venv/bin/python research/dca_paper/short_levcap.py 
h24/gbm: часов 893, коротких выборов 2679, ног под краем 2663, отброшено (нет полей / знак) 10
h24/nn: часов 893, коротких выборов 2679, ног под краем 2502, отброшено (нет полей / знак) 165
ног обеих рук: 5165
опора посчитана: safe_h сделок 1044, optimal_h сделок 1134, aggr_h сделок 855
потолок 2×: без изменений 5211, масштаб 2875, реплей хвоста 912 (+120 на сверку); ног 911, без ноги 0
пол капитуляции 0.1 — линейки safe_s
коротких ног (край ≥ 33) 911: rr2 69, lo 774, any 911; символов 181
окно решений 2026-08-08 10:00 … 2026-10-03 11:00 UTC (56 суток, дат 56)
память: 334.9 МБ (ноги загружены; предел 1200)
кэш хранилища: снято 6477 файлов, осталось 1.80 ГБ при пределе 2
  символ 4/181  решений 29
память: 500.7 МБ (символ 10/181; предел 1200)
  символ 12/181  решений 53
кэш хранилища: снято 6207 файлов, осталось 1.80 ГБ при пределе 2
  символ 14/181  решений 69
память: 478.1 МБ (символ 20/181; предел 1200)
  символ 21/181  решений 94
кэш хранилища: снято 5798 файлов, осталось 1.80 ГБ при пределе 2
  символ 24/181  решений 138
  символ 26/181  решений 148
кэш хранилища: снято 3501 файлов, осталось 1.80 ГБ при пределе 2
  символ 30/181  решений 159
память: 647.6 МБ (символ 30/181; предел 1200)
  символ 33/181  решений 195
  символ 36/181  решений 211
кэш хранилища: снято 5800 файлов, осталось 1.80 ГБ при пределе 2
память: 545.1 МБ (символ 40/181; предел 1200)
  символ 44/181  решений 229
  символ 48/181  решений 262
кэш хранилища: снято 9369 файлов, осталось 1.80 ГБ при пределе 2
  символ 49/181  решений 271
  символ 50/181  решений 300
память: 665.8 МБ (символ 50/181; предел 1200)
кэш хранилища: снято 4369 файлов, осталось 1.80 ГБ при пределе 2
  символ 53/181  решений 320
  символ 56/181  решений 357
кэш хранилища: снято 4535 файлов, осталось 1.80 ГБ при пределе 2
  символ 60/181  решений 379
память: 593.6 МБ (символ 60/181; предел 1200)
  символ 68/181  решений 420
память: 592.7 МБ (символ 70/181; предел 1200)
  символ 71/181  решений 430
кэш хранилища: снято 6579 файлов, осталось 1.80 ГБ при пределе 2
  символ 78/181  решений 459
память: 592.7 МБ (символ 80/181; предел 1200)
  символ 82/181  решений 469
кэш хранилища: снято 2529 файлов, осталось 1.80 ГБ при пределе 2
  символ 87/181  решений 484
память: 592.7 МБ (символ 90/181; предел 1200)
  символ 95/181  решений 515
память: 636.5 МБ (символ 100/181; предел 1200)
  символ 101/181  решений 538
кэш хранилища: снято 2608 файлов, осталось 1.80 ГБ при пределе 2
  символ 103/181  решений 588
  символ 109/181  решений 599
кэш хранилища: снято 2101 файлов, осталось 1.80 ГБ при пределе 2
  символ 110/181  решений 657
память: 624.7 МБ (символ 110/181; предел 1200)
  символ 113/181  решений 704
память: 624.7 МБ (символ 120/181; предел 1200)
  символ 122/181  решений 736
кэш хранилища: снято 2404 файлов, осталось 1.80 ГБ при пределе 2
  символ 129/181  решений 756
память: 628.0 МБ (символ 130/181; предел 1200)
кэш хранилища: снято 3652 файлов, осталось 1.80 ГБ при пределе 2
  символ 139/181  решений 789
память: 627.0 МБ (символ 140/181; предел 1200)
  символ 146/181  решений 820
память: 627.0 МБ (символ 150/181; предел 1200)
память: 627.0 МБ (символ 160/181; предел 1200)
  символ 161/181  решений 855
память: 627.0 МБ (символ 170/181; предел 1200)
  символ 174/181  решений 899
память: 627.0 МБ (символ 180/181; предел 1200)
запись доходит до 2026-10-03 15:00 UTC
пол капитуляции 0.5 — линейки optimal_s
коротких ног (край ≥ 33) 911: rr2 69, lo 774, any 911; символов 181
окно решений 2026-08-08 10:00 … 2026-10-03 11:00 UTC (56 суток, дат 56)
память: 625.1 МБ (ноги загружены; предел 1200)
кэш хранилища: снято 3841 файлов, осталось 1.80 ГБ при пределе 2
  символ 4/181  решений 29
память: 634.4 МБ (символ 10/181; предел 1200)
  символ 11/181  решений 42
  символ 12/181  решений 53
кэш хранилища: снято 1044 файлов, осталось 1.80 ГБ при пределе 2
  символ 14/181  решений 69
память: 630.5 МБ (символ 20/181; предел 1200)
  символ 21/181  решений 94
кэш хранилища: снято 3881 файлов, осталось 1.80 ГБ при пределе 2
  символ 24/181  решений 138
  символ 26/181  решений 148
кэш хранилища: снято 3063 файлов, осталось 1.80 ГБ при пределе 2
  символ 30/181  решений 159
память: 678.6 МБ (символ 30/181; предел 1200)
  символ 33/181  решений 195
  символ 36/181  решений 211
кэш хранилища: снято 2120 файлов, осталось 1.80 ГБ при пределе 2
память: 646.9 МБ (символ 40/181; предел 1200)
  символ 43/181  решений 227
  символ 47/181  решений 246
  символ 48/181  решений 262
кэш хранилища: снято 2888 файлов, осталось 1.80 ГБ при пределе 2
  символ 49/181  решений 271
  символ 50/181  решений 300
память: 686.2 МБ (символ 50/181; предел 1200)
кэш хранилища: снято 1557 файлов, осталось 1.80 ГБ при пределе 2
  символ 53/181  решений 320
  символ 56/181  решений 357
кэш хранилища: снято 1618 файлов, осталось 1.80 ГБ при пределе 2
  символ 60/181  решений 379
память: 662.2 МБ (символ 60/181; предел 1200)
  символ 68/181  решений 420
память: 660.2 МБ (символ 70/181; предел 1200)
  символ 71/181  решений 430
кэш хранилища: снято 2560 файлов, осталось 1.80 ГБ при пределе 2
  символ 80/181  решений 461
память: 660.1 МБ (символ 80/181; предел 1200)
  символ 82/181  решений 469
кэш хранилища: снято 2162 файлов, осталось 1.80 ГБ при пределе 2
  символ 87/181  решений 484
память: 660.1 МБ (символ 90/181; предел 1200)
  символ 95/181  решений 515
память: 683.0 МБ (символ 100/181; предел 1200)
  символ 101/181  решений 538
кэш хранилища: снято 2048 файлов, осталось 1.80 ГБ при пределе 2