== задание short-rung-7 ==
строка: run research/dca_paper/short_rung.py --group 0.1
начало: 2026-10-06T20:09:30Z
запускаю: .venv/bin/python research/dca_paper/short_rung.py --group 0.1
h24/gbm: часов 962, коротких выборов 2886, ног под краем 2870, отброшено (нет полей / знак) 10
h24/nn: часов 962, коротких выборов 2886, ног под краем 2688, отброшено (нет полей / знак) 186
ног обеих рук: 5558
решений 5558, уникальных позиций 4833, с повтором в срок 3960 (82%); медиана задержки первого повтора 1.0 ч
пол капитуляции 0.1 — линейки safe_s
коротких ног (край ≥ 33) 5558: rr2 437, lo 4696, any 5558; символов 402
окно решений 2026-08-08 10:00 … 2026-10-06 19:00 UTC (59.4 суток, дат 60)
память: 199.3 МБ (ноги загружены; предел 1200)
кэш хранилища: снято 2319 файлов, осталось 1.80 ГБ при пределе 2
кэш хранилища: снято 2153 файлов, осталось 1.80 ГБ при пределе 2
кэш хранилища: снято 2181 файлов, осталось 1.80 ГБ при пределе 2
  символ 5/402  решений 95
кэш хранилища: снято 1332 файлов, осталось 1.80 ГБ при пределе 2
кэш хранилища: снято 1840 файлов, осталось 1.80 ГБ при пределе 2
  символ 6/402  решений 160
кэш хранилища: снято 1610 файлов, осталось 1.80 ГБ при пределе 2
  символ 7/402  решений 166
кэш хранилища: снято 554 файлов, осталось 1.80 ГБ при пределе 2
кэш хранилища: снято 2786 файлов, осталось 1.80 ГБ при пределе 2
память: 437.5 МБ (символ 10/402; предел 1200)
кэш хранилища: снято 1122 файлов, осталось 1.80 ГБ при пределе 2
  символ 11/402  решений 181
  символ 12/402  решений 186
кэш хранилища: снято 1161 файлов, осталось 1.80 ГБ при пределе 2
кэш хранилища: снято 1243 файлов, осталось 1.80 ГБ при пределе 2
  символ 17/402  решений 241
кэш хранилища: снято 331 файлов, осталось 1.80 ГБ при пределе 2
кэш хранилища: снято 441 файлов, осталось 1.80 ГБ при пределе 2
  символ 19/402  решений 249
кэш хранилища: снято 1157 файлов, осталось 1.80 ГБ при пределе 2
  символ 20/402  решений 264
память: 429.5 МБ (символ 20/402; предел 1200)
кэш хранилища: снято 863 файлов, осталось 1.80 ГБ при пределе 2
кэш хранилища: снято 2894 файлов, осталось 1.80 ГБ при пределе 2
  символ 22/402  решений 290
кэш хранилища: снято 3193 файлов, осталось 1.80 ГБ при пределе 2
кэш хранилища: снято 2053 файлов, осталось 1.80 ГБ при пределе 2
  символ 24/402  решений 323
кэш хранилища: снято 2005 файлов, осталось 1.80 ГБ при пределе 2
кэш хранилища: снято 1822 файлов, осталось 1.80 ГБ при пределе 2
  символ 27/402  решений 408
кэш хранилища: снято 1860 файлов, осталось 1.80 ГБ при пределе 2
  символ 28/402  решений 426
кэш хранилища: снято 1797 файлов, осталось 1.80 ГБ при пределе 2
кэш хранилища: снято 2142 файлов, осталось 1.80 ГБ при пределе 2
  символ 29/402  решений 430
кэш хранилища: снято 776 файлов, осталось 1.80 ГБ при пределе 2
  символ 30/402  решений 530
память: 468.5 МБ (символ 30/402; предел 1200)
кэш хранилища: снято 1697 файлов, осталось 1.80 ГБ при пределе 2
  символ 31/402  решений 582
кэш хранилища: снято 235 файлов, осталось 1.80 ГБ при пределе 2
кэш хранилища: снято 2885 файлов, осталось 1.80 ГБ при пределе 2
  символ 33/402  решений 601
кэш хранилища: снято 462 файлов, осталось 1.80 ГБ при пределе 2
  символ 34/402  решений 615
кэш хранилища: снято 727 файлов, осталось 1.80 ГБ при пределе 2
кэш хранилища: снято 721 файлов, осталось 1.80 ГБ при пределе 2
кэш хранилища: снято 1475 файлов, осталось 1.80 ГБ при пределе 2
  символ 39/402  решений 689
память: 467.8 МБ (символ 40/402; предел 1200)
кэш хранилища: снято 1794 файлов, осталось 1.80 ГБ при пределе 2
кэш хранилища: снято 1222 файлов, осталось 1.80 ГБ при пределе 2
кэш хранилища: снято 1270 файлов, осталось 1.80 ГБ при пределе 2
  символ 45/402  решений 775
кэш хранилища: снято 1166 файлов, осталось 1.80 ГБ при пределе 2
кэш хранилища: снято 1988 файлов, осталось 1.80 ГБ при пределе 2
  символ 47/402  решений 806
кэш хранилища: снято 1821 файлов, осталось 1.80 ГБ при пределе 2
кэш хранилища: снято 1382 файлов, осталось 1.80 ГБ при пределе 2
кэш хранилища: снято 461 файлов, осталось 1.80 ГБ при пределе 2
кэш хранилища: снято 1219 файлов, осталось 1.80 ГБ при пределе 2
  символ 48/402  решений 830
кэш хранилища: снято 1051 файлов, осталось 1.80 ГБ при пределе 2
кэш хранилища: снято 1432 файлов, осталось 1.80 ГБ при пределе 2
  символ 50/402  решений 838
память: 472.8 МБ (символ 50/402; предел 1200)
кэш хранилища: снято 1223 файлов, осталось 1.80 ГБ при пределе 2
кэш хранилища: снято 1950 файлов, осталось 1.80 ГБ при пределе 2
  символ 55/402  решений 876
кэш хранилища: снято 553 файлов, осталось 1.80 ГБ при пределе 2
кэш хранилища: снято 1396 файлов, осталось 1.80 ГБ при пределе 2
кэш хранилища: снято 211 файлов, осталось 1.80 ГБ при пределе 2
кэш хранилища: снято 207 файлов, осталось 1.80 ГБ при пределе 2
  символ 59/402  решений 1023
память: 508.7 МБ (символ 60/402; предел 1200)
кэш хранилища: снято 399 файлов, осталось 1.80 ГБ при пределе 2
кэш хранилища: снято 1040 файлов, осталось 1.80 ГБ при пределе 2
кэш хранилища: снято 1236 файлов, осталось 1.80 ГБ при пределе 2
  символ 62/402  решений 1077
кэш хранилища: снято 3180 файлов, осталось 1.80 ГБ при пределе 2
кэш хранилища: снято 1587 файлов, осталось 1.80 ГБ при пределе 2
кэш хранилища: снято 2929 файлов, осталось 1.80 ГБ при пределе 2
  символ 63/402  решений 1165
кэш хранилища: снято 1776 файлов, осталось 1.80 ГБ при пределе 2
  символ 65/402  решений 1200
кэш хранилища: снято 494 файлов, осталось 1.80 ГБ при пределе 2
кэш хранилища: снято 1180 файлов, осталось 1.80 ГБ при пределе 2
кэш хранилища: снято 803 файлов, осталось 1.80 ГБ при пределе 2
  символ 70/402  решений 1268
память: 618.8 МБ (символ 70/402; предел 1200)
кэш хранилища: снято 366 файлов, осталось 1.80 ГБ при пределе 2
кэш хранилища: снято 333 файлов, осталось 1.80 ГБ при пределе 2
кэш хранилища: снято 1076 файлов, осталось 1.80 ГБ при пределе 2
  символ 72/402  решений 1330
кэш хранилища: снято 398 файлов, осталось 1.80 ГБ при пределе 2
  символ 74/402  решений 1408
кэш хранилища: снято 1304 файлов, осталось 1.80 ГБ при пределе 2
  символ 75/402  решений 1434
кэш хранилища: снято 518 файлов, осталось 1.80 ГБ при пределе 2
кэш хранилища: снято 2567 файлов, осталось 1.80 ГБ при пределе 2
  символ 76/402  решений 1497
кэш хранилища: снято 2889 файлов, осталось 1.80 ГБ при пределе 2
кэш хранилища: снято 1258 файлов, осталось 1.80 ГБ при пределе 2
кэш хранилища: снято 1813 файлов, осталось 1.80 ГБ при пределе 2
  символ 80/402  решений 1624
память: 727.2 МБ (символ 80/402; предел 1200)
кэш хранилища: снято 671 файлов, осталось 1.80 ГБ при пределе 2
  символ 81/402  решений 1690
кэш хранилища: снято 1095 файлов, осталось 1.80 ГБ при пределе 2
кэш хранилища: снято 882 файлов, осталось 1.80 ГБ при пределе 2
кэш хранилища: снято 1750 файлов, осталось 1.80 ГБ при пределе 2
  символ 83/402  решений 1738
кэш хранилища: снято 1345 файлов, осталось 1.80 ГБ при пределе 2
  символ 84/402  решений 1751
кэш хранилища: снято 763 файлов, осталось 1.80 ГБ при пределе 2
  символ 85/402  решений 1821
кэш хранилища: снято 2890 файлов, осталось 1.80 ГБ при пределе 2
кэш хранилища: снято 616 файлов, осталось 1.80 ГБ при пределе 2
  символ 86/402  решений 1871
  символ 87/402  решений 1874
кэш хранилища: снято 941 файлов, осталось 1.80 ГБ при пределе 2
  символ 88/402  решений 1892
кэш хранилища: снято 963 файлов, осталось 1.80 ГБ при пределе 2
кэш хранилища: снято 1382 файлов, осталось 1.80 ГБ при пределе 2
  символ 90/402  решений 1977
память: 727.2 МБ (символ 90/402; предел 1200)
кэш хранилища: снято 719 файлов, осталось 1.80 ГБ при пределе 2
кэш хранилища: снято 1353 файлов, осталось 1.80 ГБ при пределе 2
  символ 95/402  решений 2028
кэш хранилища: снято 1876 файлов, осталось 1.80 ГБ при пределе 2
  символ 96/402  решений 2051
кэш хранилища: снято 1792 файлов, осталось 1.80 ГБ при пределе 2
кэш хранилища: снято 407 файлов, осталось 1.80 ГБ при пределе 2
  символ 99/402  решений 2079
кэш хранилища: снято 1364 файлов, осталось 1.80 ГБ при пределе 2
память: 727.2 МБ (символ 100/402; предел 1200)
кэш хранилища: снято 1956 файлов, осталось 1.80 ГБ при пределе 2
  символ 102/402  решений 2111
кэш хранилища: снято 1528 файлов, осталось 1.80 ГБ при пределе 2
кэш хранилища: снято 563 файлов, осталось 1.80 ГБ при пределе 2
кэш хранилища: снято 742 файлов, осталось 1.80 ГБ при пределе 2
  символ 103/402  решений 2169
кэш хранилища: снято 1348 файлов, осталось 1.80 ГБ при пределе 2
кэш хранилища: снято 1809 файлов, осталось 1.80 ГБ при пределе 2
  символ 104/402  решений 2207
кэш хранилища: снято 1841 файлов, осталось 1.80 ГБ при пределе 2
кэш хранилища: снято 1842 файлов, осталось 1.80 ГБ при пределе 2
  символ 106/402  решений 2305
кэш хранилища: снято 1850 файлов, осталось 1.80 ГБ при пределе 2
кэш хранилища: снято 2086 файлов, осталось 1.80 ГБ при пределе 2
кэш хранилища: снято 1129 файлов, осталось 1.80 ГБ при пределе 2
  символ 110/402  решений 2372
память: 763.6 МБ (символ 110/402; предел 1200)
кэш хранилища: снято 383 файлов, осталось 1.80 ГБ при пределе 2
кэш хранилища: снято 381 файлов, осталось 1.80 ГБ при пределе 2
кэш хранилища: снято 990 файлов, осталось 1.80 ГБ при пределе 2
кэш хранилища: снято 794 файлов, осталось 1.80 ГБ при пределе 2
  символ 115/402  решений 2463
кэш хранилища: снято 1028 файлов, осталось 1.80 ГБ при пределе 2
кэш хранилища: снято 323 файлов, осталось 1.80 ГБ при пределе 2
кэш хранилища: снято 976 файлов, осталось 1.80 ГБ при пределе 2
  символ 120/402  решений 2497
память: 769.1 МБ (символ 120/402; предел 1200)
  символ 121/402  решений 2504
кэш хранилища: снято 1581 файлов, осталось 1.80 ГБ при пределе 2
  символ 127/402  решений 2544
кэш хранилища: снято 703 файлов, осталось 1.80 ГБ при пределе 2
  символ 128/402  решений 2571
память: 769.1 МБ (символ 130/402; предел 1200)
кэш хранилища: снято 1752 файлов, осталось 1.80 ГБ при пределе 2
  символ 132/402  решений 2602
кэш хранилища: снято 2063 файлов, осталось 1.80 ГБ при пределе 2
кэш хранилища: снято 1515 файлов, осталось 1.80 ГБ при пределе 2
  символ 138/402  решений 2625
память: 769.1 МБ (символ 140/402; предел 1200)
кэш хранилища: снято 1365 файлов, осталось 1.80 ГБ при пределе 2
  символ 141/402  решений 2696
кэш хранилища: снято 1389 файлов, осталось 1.80 ГБ при пределе 2
кэш хранилища: снято 2220 файлов, осталось 1.80 ГБ при пределе 2
кэш хранилища: снято 2189 файлов, осталось 1.80 ГБ при пределе 2
  символ 142/402  решений 2700
кэш хранилища: снято 2161 файлов, осталось 1.80 ГБ при пределе 2
  символ 145/402  решений 2743
  символ 150/402  решений 2771
память: 769.1 МБ (символ 150/402; предел 1200)
кэш хранилища: снято 2160 файлов, осталось 1.80 ГБ при пределе 2
кэш хранилища: снято 2775 файлов, осталось 1.80 ГБ при пределе 2
кэш хранилища: снято 1596 файлов, осталось 1.80 ГБ при пределе 2
  символ 153/402  решений 2783
кэш хранилища: снято 856 файлов, осталось 1.80 ГБ при пределе 2
кэш хранилища: снято 922 файлов, осталось 1.80 ГБ при пределе 2
  символ 155/402  решений 2795
кэш хранилища: снято 840 файлов, осталось 1.80 ГБ при пределе 2
кэш хранилища: снято 326 файлов, осталось 1.80 ГБ при пределе 2
кэш хранилища: снято 1453 файлов, осталось 1.80 ГБ при пределе 2
  символ 158/402  решений 2842
память: 769.1 МБ (символ 160/402; предел 1200)
кэш хранилища: снято 1470 файлов, осталось 1.80 ГБ при пределе 2
  символ 162/402  решений 2890
кэш хранилища: снято 2390 файлов, осталось 1.80 ГБ при пределе 2
кэш хранилища: снято 760 файлов, осталось 1.80 ГБ при пределе 2
кэш хранилища: снято 465 файлов, осталось 1.80 ГБ при пределе 2
кэш хранилища: снято 2128 файлов, осталось 1.80 ГБ при пределе 2
  символ 165/402  решений 2908
кэш хранилища: снято 1310 файлов, осталось 1.80 ГБ при пределе 2
кэш хранилища: снято 1606 файлов, осталось 1.80 ГБ при пределе 2
  символ 167/402  решений 2930
кэш хранилища: снято 85 файлов, осталось 1.80 ГБ при пределе 2
кэш хранилища: снято 964 файлов, осталось 1.80 ГБ при пределе 2
  символ 169/402  решений 2987
память: 769.1 МБ (символ 170/402; предел 1200)
  символ 175/402  решений 2998
кэш хранилища: снято 1938 файлов, осталось 1.80 ГБ при пределе 2
  символ 179/402  решений 3027
память: 769.1 МБ (символ 180/402; предел 1200)
кэш хранилища: снято 2653 файлов, осталось 1.80 ГБ при пределе 2
кэш хранилища: снято 287 файлов, осталось 1.80 ГБ при пределе 2
  символ 187/402  решений 3116
кэш хранилища: снято 302 файлов, осталось 1.80 ГБ при пределе 2
кэш хранилища: снято 1106 файлов, осталось 1.80 ГБ при пределе 2
  символ 189/402  решений 3167
память: 768.8 МБ (символ 190/402; предел 1200)
кэш хранилища: снято 272 файлов, осталось 1.80 ГБ при пределе 2
  символ 192/402  решений 3178
кэш хранилища: снято 233 файлов, осталось 1.80 ГБ при пределе 2
кэш хранилища: снято 1320 файлов, осталось 1.80 ГБ при пределе 2
кэш хранилища: снято 1852 файлов, осталось 1.80 ГБ при пределе 2
  символ 197/402  решений 3197
  символ 198/402  решений 3199
память: 768.8 МБ (символ 200/402; предел 1200)
кэш хранилища: снято 2030 файлов, осталось 1.80 ГБ при пределе 2
кэш хранилища: снято 2217 файлов, осталось 1.80 ГБ при пределе 2
  символ 203/402  решений 3243
кэш хранилища: снято 1790 файлов, осталось 1.80 ГБ при пределе 2
  символ 205/402  решений 3248
кэш хранилища: снято 1776 файлов, осталось 1.80 ГБ при пределе 2
память: 768.8 МБ (символ 210/402; предел 1200)
кэш хранилища: снято 403 файлов, осталось 1.80 ГБ при пределе 2
  символ 214/402  решений 3343
кэш хранилища: снято 2011 файлов, осталось 1.80 ГБ при пределе 2
кэш хранилища: снято 1379 файлов, осталось 1.80 ГБ при пределе 2
  символ 220/402  решений 3427
память: 768.8 МБ (символ 220/402; предел 1200)
кэш хранилища: снято 1538 файлов, осталось 1.80 ГБ при пределе 2
  символ 224/402  решений 3450
кэш хранилища: снято 703 файлов, осталось 1.80 ГБ при пределе 2
кэш хранилища: снято 3211 файлов, осталось 1.80 ГБ при пределе 2
  символ 226/402  решений 3593
кэш хранилища: снято 2498 файлов, осталось 1.80 ГБ при пределе 2
память: 768.8 МБ (символ 230/402; предел 1200)
  символ 232/402  решений 3730
кэш хранилища: снято 389 файлов, осталось 1.80 ГБ при пределе 2
кэш хранилища: снято 1470 файлов, осталось 1.80 ГБ при пределе 2
  символ 235/402  решений 3756
кэш хранилища: снято 2219 файлов, осталось 1.80 ГБ при пределе 2
  символ 239/402  решений 3783
кэш хранилища: снято 2330 файлов, осталось 1.80 ГБ при пределе 2
память: 776.4 МБ (символ 240/402; предел 1200)
кэш хранилища: снято 1961 файлов, осталось 1.80 ГБ при пределе 2
  символ 246/402  решений 3805
кэш хранилища: снято 2168 файлов, осталось 1.80 ГБ при пределе 2
кэш хранилища: снято 1151 файлов, осталось 1.80 ГБ при пределе 2
  символ 248/402  решений 4058
кэш хранилища: снято 524 файлов, осталось 1.80 ГБ при пределе 2
память: 776.4 МБ (символ 250/402; предел 1200)
кэш хранилища: снято 1702 файлов, осталось 1.80 ГБ при пределе 2
  символ 252/402  решений 4259
кэш хранилища: снято 2759 файлов, осталось 1.80 ГБ при пределе 2
кэш хранилища: снято 497 файлов, осталось 1.80 ГБ при пределе 2
  символ 258/402  решений 4362
память: 776.5 МБ (символ 260/402; предел 1200)
кэш хранилища: снято 2667 файлов, осталось 1.80 ГБ при пределе 2
  символ 267/402  решений 4389
кэш хранилища: снято 1985 файлов, осталось 1.80 ГБ при пределе 2
память: 777.0 МБ (символ 270/402; предел 1200)
кэш хранилища: снято 1444 файлов, осталось 1.80 ГБ при пределе 2
  символ 274/402  решений 4504
кэш хранилища: снято 1172 файлов, осталось 1.80 ГБ при пределе 2
память: 778.0 МБ (символ 280/402; предел 1200)
  символ 281/402  решений 4546
кэш хранилища: снято 228 файлов, осталось 1.80 ГБ при пределе 2
  символ 289/402  решений 4631
память: 779.0 МБ (символ 290/402; предел 1200)
кэш хранилища: снято 1477 файлов, осталось 1.80 ГБ при пределе 2
  символ 294/402  решений 4639
кэш хранилища: снято 822 файлов, осталось 1.80 ГБ при пределе 2
память: 779.9 МБ (символ 300/402; предел 1200)
  символ 304/402  решений 4685
кэш хранилища: снято 931 файлов, осталось 1.80 ГБ при пределе 2
  символ 306/402  решений 4732
память: 779.9 МБ (символ 310/402; предел 1200)
  символ 314/402  решений 4860
память: 779.9 МБ (символ 320/402; предел 1200)
  символ 326/402  решений 4963
память: 781.5 МБ (символ 330/402; предел 1200)
кэш хранилища: снято 2124 файлов, осталось 1.80 ГБ при пределе 2
  символ 336/402  решений 5042
память: 784.3 МБ (символ 340/402; предел 1200)
  символ 349/402  решений 5090
память: 784.3 МБ (символ 350/402; предел 1200)
  символ 357/402  решений 5115
память: 790.7 МБ (символ 360/402; предел 1200)
память: 790.7 МБ (символ 370/402; предел 1200)
  символ 372/402  решений 5203
память: 790.7 МБ (символ 380/402; предел 1200)
  символ 389/402  решений 5486
память: 790.7 МБ (символ 390/402; предел 1200)
память: 790.7 МБ (символ 400/402; предел 1200)
запись доходит до 2026-10-06 21:53 UTC
досчитано записей 67662 по 5558 решениям, ячеек 14
пол 0.1: сверка ref с кэшем книги — закрытых у обоих 4480, расхождений 60
пол 0.1 ref: safe_h 3.71 (сделок 1096) (6266 с)
пол 0.1 r2: safe_h 1.59 (сделок 1114) (6266 с)
пол 0.1 r2p: safe_h 1.3 (сделок 1103) (6267 с)
пол 0.1 r4: safe_h -0.31 (сделок 1130) (6267 с)
часть записана: /root/algoth_v2/research/dca_paper/out/DCA-short-rung-part-0.1.json
# Вторая ступень по повторному выбору модели: ядро лестницы, реплей по барам, общий пол

Решений 5558, позиций 4833, с повтором в срок 3960 (82%); медиана задержки первого повтора 1.0 ч. Касса $10,000 нетто; нулевых зёрен 10; проскальзывание доливов 4.4 б.п.; собрано 2026-10-06 21:54.

- группа пола 0.1 (безопасная): посчитана 2026-10-06 21:53 за 6268 с.
- группа пола 0.5 (оптимальная, агрессивная): посчитана 2026-10-06 20:07 за 6676 с.
Сверка ячейки «как книга» с кэшем книги: закрытых у обоих 8985, расхождений 72 (0.8%; примеры в артефакте) — записи, чей исход разошёлся с кэшем, названы числом, а не спрятаны.

Долив — рыночно по открытию бара повтора, 0.25 нотионала из зарезервированной маржи; позиция одна: общий пол, плавающая ТВХ, цель от неё. Нуль — тот же долив по задержке ЧУЖОЙ позиции (перестановка).

## безопасная — по кассе

| ячейка | сделок | итог | просадка | доход/просадка | без 3 дней, $ | σ дня, $ | выходов полом/ликвидацией |
|---|--:|--:|--:|--:|--:|--:|--:|
| как книга: без доливов | 1096 | +20.2 % | -5.4 % | 3.71 | 1238 | 121 | 27 |
| вторая ступень на первом повторе | 1114 | +15.0 % | -9.5 % | 1.59 | 516 | 165 | 62 |
| вторая ступень на первом повторе при плюсе | 1103 | +12.9 % | -9.9 % | 1.30 | 355 | 148 | 42 |
| ступень на каждом повторе, до четырёх | 1130 | -5.5 % | -17.5 % | -0.31 | -1739 | 189 | 91 |
| нуль: чужой повтор, 10 зёрен (медиана; мин…макс) | — | +14.0 % (+9.4 % … +18.3 %) | — | 1.46 (0.79 … 2.31) | — | — | — |

Зёрен нуля не хуже «вторая ступень на первом повторе»: по итогу 40 %, по доходу/просадке 30 %.

### безопасная — по позициям (приращение денег позиции от долива, доли маржи, нетто круга)

| ячейка | позиций | с доливом | среднее | медиана | плюсовых | худшие 5 % | добито доливом |
|---|--:|--:|--:|--:|--:|--:|--:|
| вторая ступень на первом повторе | 4490 | 3607 | +0.83 % | +1.06 % | 63 % | -18.6 % | 128 |
| вторая ступень на первом повторе при плюсе | 4490 | 2627 | +0.51 % | +0.96 % | 62 % | -16.4 % | 77 |
| ступень на каждом повторе, до четырёх | 4491 | 3608 | -0.62 % | +1.76 % | 62 % | -64.7 % | 299 |
| нуль: чужой повтор (медиана по зёрнам) | — | 3609 | +0.50 % | — | — | — | — |

Зёрен нуля со средним приращением не хуже главной ячейки: 0 %.

## оптимальная — по кассе

| ячейка | сделок | итог | просадка | доход/просадка | без 3 дней, $ | σ дня, $ | выходов полом/ликвидацией |
|---|--:|--:|--:|--:|--:|--:|--:|
| как книга: без доливов | 1189 | +11.4 % | -4.1 % | 2.77 | 437 | 95 | 186 |
| вторая ступень на первом повторе | 1254 | +10.9 % | -7.6 % | 1.43 | 104 | 135 | 285 |
| вторая ступень на первом повторе при плюсе | 1221 | +10.2 % | -6.3 % | 1.63 | 0 | 128 | 241 |
| ступень на каждом повторе, до четырёх | 1316 | +2.3 % | -10.6 % | 0.21 | -1110 | 168 | 369 |
| нуль: чужой повтор, 10 зёрен (медиана; мин…макс) | — | +10.7 % (+3.2 % … +16.5 %) | — | 1.24 (0.30 … 2.56) | — | — | — |

Зёрен нуля не хуже «вторая ступень на первом повторе»: по итогу 50 %, по доходу/просадке 50 %.

### оптимальная — по позициям (приращение денег позиции от долива, доли маржи, нетто круга)

| ячейка | позиций | с доливом | среднее | медиана | плюсовых | худшие 5 % | добито доливом |
|---|--:|--:|--:|--:|--:|--:|--:|
| вторая ступень на первом повторе | 4510 | 3400 | +0.58 % | +1.38 % | 61 % | -61.2 % | 435 |
| вторая ступень на первом повторе при плюсе | 4510 | 2491 | +0.40 % | +1.03 % | 59 % | -64.4 % | 278 |
| ступень на каждом повторе, до четырёх | 4511 | 3401 | -1.86 % | +0.84 % | 55 % | -100.0 % | 804 |
| нуль: чужой повтор (медиана по зёрнам) | — | 3412 | -0.27 % | — | — | — | — |

Зёрен нуля со средним приращением не хуже главной ячейки: 10 %.

## агрессивная — по кассе

| ячейка | сделок | итог | просадка | доход/просадка | без 3 дней, $ | σ дня, $ | выходов полом/ликвидацией |
|---|--:|--:|--:|--:|--:|--:|--:|
| как книга: без доливов | 913 | +15.9 % | -6.5 % | 2.44 | 478 | 158 | 309 |
| вторая ступень на первом повторе | 1013 | +14.1 % | -11.1 % | 1.26 | -635 | 263 | 470 |
| вторая ступень на первом повторе при плюсе | 960 | +13.1 % | -13.1 % | 1.00 | -907 | 256 | 389 |
| ступень на каждом повторе, до четырёх | 1085 | -12.2 % | -21.0 % | -0.58 | -3880 | 311 | 580 |
| нуль: чужой повтор, 10 зёрен (медиана; мин…макс) | — | +6.6 % (-4.8 % … +17.9 %) | — | 0.47 (-0.25 … 1.73) | — | — | — |

Зёрен нуля не хуже «вторая ступень на первом повторе»: по итогу 20 %, по доходу/просадке 30 %.

### агрессивная — по позициям (приращение денег позиции от долива, доли маржи, нетто круга)

| ячейка | позиций | с доливом | среднее | медиана | плюсовых | худшие 5 % | добито доливом |
|---|--:|--:|--:|--:|--:|--:|--:|
| вторая ступень на первом повторе | 2528 | 1813 | +0.83 % | +5.38 % | 62 % | -92.3 % | 385 |
| вторая ступень на первом повторе при плюсе | 2528 | 1339 | +0.54 % | +3.31 % | 58 % | -101.8 % | 251 |
| ступень на каждом повторе, до четырёх | 2528 | 1813 | -3.68 % | +0.87 % | 51 % | -158.3 % | 639 |
| нуль: чужой повтор (медиана по зёрнам) | — | 1817 | -0.60 % | — | — | — | — |

Зёрен нуля со средним приращением не хуже главной ячейки: 10 %.

## Вердикт (из чисел)

- не рычаг: optimal_h: доход/просадка 1.43 против 2.77 как книга, нуль (чужой повтор) медиана 1.24, зёрен не хуже 50%; aggr_h: доход/просадка 1.26 против 2.44 как книга, нуль (чужой повтор) медиана 0.47, зёрен не хуже 30%

Чего замер не делает: правил книг не меняет; окно одно, веса модели эти часы видели (оценка сверху); третья и четвёртая ступени судятся только как ячейка `r4`, не по отдельности; безопасная печатается, не судится. Разрешение доли нуля — одно зерно из десяти.

