== задание short-floor-2 ==
строка: run research/dca_paper/short_floor.py --group 0.1
начало: 2026-10-08T00:30:50Z
запускаю: .venv/bin/python research/dca_paper/short_floor.py --group 0.1
h24/gbm: часов 988, коротких выборов 2964, ног под краем 2948, отброшено (нет полей / знак) 10
h24/nn: часов 988, коротких выборов 2964, ног под краем 2762, отброшено (нет полей / знак) 190
ног обеих рук: 5710
пол капитуляции 0.1 — линейки safe_s
коротких ног (край ≥ 33) 5710: rr2 437, lo 4848, any 5710; символов 402
окно решений 2026-08-08 10:00 … 2026-10-08 00:00 UTC (60.6 суток, дат 62)
память: 196.8 МБ (ноги загружены; предел 1200)
кэш хранилища: снято 1491 файлов, осталось 1.80 ГБ при пределе 2
  символ 4/402  решений 80
кэш хранилища: снято 1015 файлов, осталось 1.80 ГБ при пределе 2
кэш хранилища: снято 2238 файлов, осталось 1.80 ГБ при пределе 2
  символ 5/402  решений 95
кэш хранилища: снято 1731 файлов, осталось 1.80 ГБ при пределе 2
кэш хранилища: снято 1615 файлов, осталось 1.80 ГБ при пределе 2
  символ 6/402  решений 160
кэш хранилища: снято 637 файлов, осталось 1.80 ГБ при пределе 2
кэш хранилища: снято 2768 файлов, осталось 1.80 ГБ при пределе 2
кэш хранилища: снято 1883 файлов, осталось 1.80 ГБ при пределе 2
  символ 10/402  решений 179
память: 381.0 МБ (символ 10/402; предел 1200)
кэш хранилища: снято 2423 файлов, осталось 1.80 ГБ при пределе 2
хранилище: повтор 1/3 для b1/trades/RAVEUSDT/2026-08-31.tar: An error occurred (GatewayTimeout) when calling the GetObject operation (reached max retries: 5): The server did not res
кэш хранилища: снято 1735 файлов, осталось 1.80 ГБ при пределе 2
  символ 12/402  решений 186
кэш хранилища: снято 889 файлов, осталось 1.80 ГБ при пределе 2
  символ 17/402  решений 248
кэш хранилища: снято 1790 файлов, осталось 1.80 ГБ при пределе 2
кэш хранилища: снято 258 файлов, осталось 1.80 ГБ при пределе 2
кэш хранилища: снято 399 файлов, осталось 1.80 ГБ при пределе 2
  символ 20/402  решений 271
память: 316.0 МБ (символ 20/402; предел 1200)
кэш хранилища: снято 921 файлов, осталось 1.80 ГБ при пределе 2
  символ 21/402  решений 285
кэш хранилища: снято 2025 файлов, осталось 1.80 ГБ при пределе 2
  символ 22/402  решений 297
кэш хранилища: снято 3221 файлов, осталось 1.80 ГБ при пределе 2
  символ 23/402  решений 324
кэш хранилища: снято 2078 файлов, осталось 1.80 ГБ при пределе 2
кэш хранилища: снято 2062 файлов, осталось 1.80 ГБ при пределе 2
кэш хранилища: снято 1849 файлов, осталось 1.80 ГБ при пределе 2
  символ 27/402  решений 415
кэш хранилища: снято 1921 файлов, осталось 1.80 ГБ при пределе 2
кэш хранилища: снято 1815 файлов, осталось 1.80 ГБ при пределе 2
кэш хранилища: снято 1265 файлов, осталось 1.80 ГБ при пределе 2
  символ 29/402  решений 437
кэш хранилища: снято 1712 файлов, осталось 1.80 ГБ при пределе 2
  символ 30/402  решений 537
память: 446.2 МБ (символ 30/402; предел 1200)
кэш хранилища: снято 763 файлов, осталось 1.80 ГБ при пределе 2
кэш хранилища: снято 1483 файлов, осталось 1.80 ГБ при пределе 2
  символ 31/402  решений 589
кэш хранилища: снято 1797 файлов, осталось 1.80 ГБ при пределе 2
кэш хранилища: снято 1965 файлов, осталось 1.80 ГБ при пределе 2
  символ 34/402  решений 622
кэш хранилища: снято 301 файлов, осталось 1.80 ГБ при пределе 2
  символ 37/402  решений 644
кэш хранилища: снято 754 файлов, осталось 1.80 ГБ при пределе 2
кэш хранилища: снято 1572 файлов, осталось 1.80 ГБ при пределе 2
  символ 39/402  решений 696
память: 339.5 МБ (символ 40/402; предел 1200)
кэш хранилища: снято 791 файлов, осталось 1.80 ГБ при пределе 2
кэш хранилища: снято 1722 файлов, осталось 1.80 ГБ при пределе 2
