== задание short-why-2 ==
строка: run research/dca_paper/short_why.py
начало: 2026-09-07T22:47:16Z
запускаю: .venv/bin/python research/dca_paper/short_why.py 
safe_h: сделок 653, нетто +1007.98 $, просадка -16.4 %
optimal_h: сделок 636, нетто -403.22 $, просадка -43.6 %
aggr_h: сделок 491, нетто -2705.40 $, просадка -64.6 %
# Почему у короткой книги такая просадка

Вопрос владельца 2026-09-07: «почему по шорту такая просадка и минус на агрессивной, задача была выровнять кривую». Замер идёт по ЗАПИСИ книг на депозите $10000, деньги НЕТТО (издержки учтены в каждой сделке), правила и пороги не тронуты.

## безопасная (шорт h24) (`safe_h`)

Сделок 653, брутто +2600.69 $, НЕТТО +1007.98 $ (+10.1 % к депозиту), просадка -16.4 %, плюсовых 59 %, худший день -8.5 %.

### Где теряется: по исходу

| исход | сделок | Σ $ | медиана | худшая | доля убытка |
|---|--:|--:|--:|--:|--:|
| пол | 23 | -5062.05 | -230.62 | -266.04 | 78 % |
| ликвидация | 5 | -1441.53 | -292.76 | -305.94 | 22 % |
| тейк | 56 | +1573.27 | +12.50 | +0.37 | — |
| срок | 569 | +5938.29 | +1.50 | -209.54 | — |

### Где теряется: по плечу

| плечо | сделок | Σ $ | медиана | худшая | на вложенную маржу |
|---|--:|--:|--:|--:|--:|
| <3× | 473 | -27.85 | +1.41 | -209.54 | -0.0 % |
| 3–5× | 21 | -217.47 | +14.33 | -170.94 | -3.7 % |
| 5–10× | 35 | -409.47 | +11.36 | -266.04 | -4.3 % |
| 10–20× | 19 | -25.41 | -0.76 | -240.10 | -0.5 % |
| ≥20× | 105 | +1688.18 | +26.01 | -305.94 | +5.9 % |

### Концентрация: хвост трёх сделок или хвост книги

Худшая позиция -305.94 $, худшие пять -1457.07 $, худшие десять -2719.58 $. Без худших пяти книга дала бы +2465.05 $ при просадке -8.7 % (с ними — +1007.98 $ при -16.4 %). Худший день -852.29 $ из 31; без него +1860.27 $.

### Кто платит funding

| имя | плечо | маржа $ | держали ч | funding $ | б.п. маржи | итог сделки $ | исход |
|---|--:|--:|--:|--:|--:|--:|---|
| COTIUSDT | 25.0× | 237.74 | 24.0 | -165.47 | -6960 | +10.96 | срок |
| TUSDT | 11.3× | 288.07 | 24.0 | -106.58 | -3700 | -6.48 | срок |
| KAITOUSDT | 25.0× | 218.22 | 24.0 | -97.46 | -4466 | -31.53 | срок |
| LAUSDT | 25.0× | 292.39 | 24.0 | -68.37 | -2338 | -123.29 | срок |
| ANKRUSDT | 25.0× | 288.67 | 24.0 | -48.68 | -1687 | +230.68 | срок |

### «Выровнять кривую»: пара при меньшем билете шорта

Длинная книга та же, короткая входит долей своего билета. Деньги короткой линейны по билету, поэтому это оценка ТЕХ ЖЕ сделок, а не новый прогон: с меньшим билетом книга взяла бы решений больше. Ячейка станет правилом только объявленной заранее и проверенной вперёд.

| доля билета шорта | Σ $ пары | к депозиту | просадка пары | Σ $ шорта | Σ $ длинной |
|---|--:|--:|--:|--:|--:|
| 1× | +1819.97 | +18.20 % | -11.3 % | +1007.98 | +811.99 |
| 0.75× | +1567.97 | +15.68 % | -8.9 % | +755.99 | +811.99 |
| 0.5× | +1315.98 | +13.16 % | -6.3 % | +503.99 | +811.99 |
| 0.25× | +1063.98 | +10.64 % | -3.4 % | +252.00 | +811.99 |
| 0.1× | +912.79 | +9.13 % | -1.5 % | +100.80 | +811.99 |

## оптимальная (шорт h24) (`optimal_h`)

Сделок 636, брутто +2790.42 $, НЕТТО -403.22 $ (-4.0 % к депозиту), просадка -43.6 %, плюсовых 58 %, худший день -20.0 %.

### Где теряется: по исходу

| исход | сделок | Σ $ | медиана | худшая | доля убытка |
|---|--:|--:|--:|--:|--:|
| пол | 50 | -13041.03 | -269.69 | -341.51 | 63 % |
| ликвидация | 23 | -7807.75 | -348.19 | -418.67 | 37 % |
| тейк | 53 | +5929.22 | +18.74 | +0.38 | — |
| срок | 510 | +14516.34 | +3.87 | -281.84 | — |

### Где теряется: по плечу

| плечо | сделок | Σ $ | медиана | худшая | на вложенную маржу |
|---|--:|--:|--:|--:|--:|
| <3× | 287 | +219.94 | +1.64 | -281.84 | +0.2 % |
| 3–5× | 46 | -155.11 | +0.66 | -147.75 | -1.1 % |
| 5–10× | 80 | +120.76 | +13.35 | -387.40 | +0.4 % |
| 10–20× | 25 | +175.36 | +42.21 | -294.31 | +2.3 % |
| ≥20× | 198 | -764.17 | +13.92 | -418.67 | -1.2 % |

### Концентрация: хвост трёх сделок или хвост книги

Худшая позиция -418.67 $, худшие пять -2026.45 $, худшие десять -3867.49 $. Без худших пяти книга дала бы +1623.23 $ при просадке -33.2 % (с ними — -403.22 $ при -43.6 %). Худший день -2002.93 $ из 31; без него +1599.71 $.

### Кто платит funding

| имя | плечо | маржа $ | держали ч | funding $ | б.п. маржи | итог сделки $ | исход |
|---|--:|--:|--:|--:|--:|--:|---|
| TUSDT | 25.0× | 331.23 | 24.0 | -272.43 | -8225 | +156.26 | срок |
| SKRUSDT | 20.0× | 350.34 | 24.0 | -211.64 | -6041 | -68.61 | срок |
| COTIUSDT | 25.0× | 263.44 | 24.0 | -183.36 | -6960 | +12.15 | срок |
| ZKCUSDT | 25.0× | 350.89 | 24.0 | -105.08 | -2995 | +257.42 | срок |
| ONTUSDT | 25.0× | 410.12 | 24.0 | -95.85 | -2337 | +216.09 | срок |

### «Выровнять кривую»: пара при меньшем билете шорта

Длинная книга та же, короткая входит долей своего билета. Деньги короткой линейны по билету, поэтому это оценка ТЕХ ЖЕ сделок, а не новый прогон: с меньшим билетом книга взяла бы решений больше. Ячейка станет правилом только объявленной заранее и проверенной вперёд.

| доля билета шорта | Σ $ пары | к депозиту | просадка пары | Σ $ шорта | Σ $ длинной |
|---|--:|--:|--:|--:|--:|
| 1× | +1284.09 | +12.84 % | -39.5 % | -403.22 | +1687.31 |
| 0.75× | +1384.89 | +13.85 % | -32.6 % | -302.42 | +1687.31 |
| 0.5× | +1485.70 | +14.86 % | -24.2 % | -201.61 | +1687.31 |
| 0.25× | +1586.50 | +15.87 % | -13.6 % | -100.81 | +1687.31 |
| 0.1× | +1646.99 | +16.47 % | -5.8 % | -40.32 | +1687.31 |

## агрессивная (шорт h24) (`aggr_h`)

Сделок 491, брутто +3321.02 $, НЕТТО -2705.40 $ (-27.1 % к депозиту), просадка -64.6 %, плюсовых 55 %, худший день -34.2 %.

### Где теряется: по исходу

| исход | сделок | Σ $ | медиана | худшая | доля убытка |
|---|--:|--:|--:|--:|--:|
| пол | 85 | -27570.99 | -323.04 | -505.91 | 64 % |
| ликвидация | 38 | -15275.66 | -395.61 | -604.67 | 36 % |
| тейк | 36 | +10436.66 | +216.21 | +6.99 | — |
| срок | 332 | +29704.59 | +43.00 | -358.84 | — |

### Где теряется: по плечу

| плечо | сделок | Σ $ | медиана | худшая | на вложенную маржу |
|---|--:|--:|--:|--:|--:|
| 3–5× | 32 | +210.28 | +23.66 | -505.91 | +1.8 % |
| 5–10× | 111 | -902.46 | +16.29 | -494.55 | -2.0 % |
| 10–20× | 36 | -169.25 | +22.13 | -444.67 | -1.2 % |
| ≥20× | 312 | -1843.97 | +10.06 | -604.67 | -1.4 % |

### Концентрация: хвост трёх сделок или хвост книги

Худшая позиция -604.67 $, худшие пять -2717.07 $, худшие десять -5237.90 $. Без худших пяти книга дала бы +11.67 $ при просадке -49.3 % (с ними — -2705.40 $ при -64.6 %). Худший день -3415.05 $ из 31; без него +709.65 $.

### Кто платит funding

| имя | плечо | маржа $ | держали ч | funding $ | б.п. маржи | итог сделки $ | исход |
|---|--:|--:|--:|--:|--:|--:|---|
| ONGUSDT | 20.0× | 508.82 | 24.0 | -387.36 | -7613 | +757.11 | срок |
| TUSDT | 25.0× | 397.94 | 24.0 | -327.30 | -8225 | +187.73 | срок |
| COTIUSDT | 25.0× | 455.71 | 24.0 | -273.03 | -5991 | -358.84 | срок |
| SKRUSDT | 20.0× | 419.01 | 24.0 | -253.12 | -6041 | -82.06 | срок |
| COTIUSDT | 25.0× | 307.55 | 24.0 | -214.06 | -6960 | +14.18 | срок |

### «Выровнять кривую»: пара при меньшем билете шорта

Длинная книга та же, короткая входит долей своего билета. Деньги короткой линейны по билету, поэтому это оценка ТЕХ ЖЕ сделок, а не новый прогон: с меньшим билетом книга взяла бы решений больше. Ячейка станет правилом только объявленной заранее и проверенной вперёд.

| доля билета шорта | Σ $ пары | к депозиту | просадка пары | Σ $ шорта | Σ $ длинной |
|---|--:|--:|--:|--:|--:|
| 1× | -686.89 | -6.87 % | -55.7 % | -2705.40 | +2018.51 |
| 0.75× | -10.54 | -0.11 % | -45.9 % | -2029.05 | +2018.51 |
| 0.5× | +665.81 | +6.66 % | -34.0 % | -1352.70 | +2018.51 |
| 0.25× | +1342.16 | +13.42 % | -19.0 % | -676.35 | +2018.51 |
| 0.1× | +1747.97 | +17.48 % | -8.2 % | -270.54 | +2018.51 |

## Чего замер НЕ говорит

- Сетка билета пересчитывает ТЕ ЖЕ сделки: настоящий прогон с меньшим билетом взял бы больше решений (кассы хватало бы чаще), и состав сдвинулся бы. Числа — ориентир для решения, а не результат книги.
- Пороги действующих книг задним числом не меняются: выбранная по этой таблице доля станет правилом, только будучи объявленной и проверенной вперёд.
- Окно одно и режим рынка один; веса модели видели эти часы.

публикуется в ветку main:
 jobs/done/short-why-2.done                |   1 +
 jobs/done/short-why-2.log                 | 163 ++++++++++++++++++++++++++++++
 jobs/poke.log                             |   3 +
 research/dca_paper/out/DCA-short-why.json |   2 +-
 research/dca_paper/out/DCA-short-why.md   |  70 ++++++-------
 research/s8_loop/out/day_brake.json       |   2 +-
 6 files changed, 204 insertions(+), 37 deletions(-)
To github.com:n0tgod/algoth_v2.git
   1c69330..477c992  main -> main
branch 'main' set up to track 'origin/main'.
опубликовано
конец: 2026-09-07T22:47:29Z, код 0
