== задание short-why-3 ==
строка: run research/dca_paper/short_why.py
начало: 2026-09-08T08:58:31Z
запускаю: .venv/bin/python research/dca_paper/short_why.py 
safe_h: сделок 656, нетто +1085.70 $, просадка -16.6 %
optimal_h: сделок 640, нетто -531.32 $, просадка -44.4 %
aggr_h: сделок 499, нетто -3431.11 $, просадка -66.1 %
# Почему у короткой книги такая просадка

Вопрос владельца 2026-09-07: «почему по шорту такая просадка и минус на агрессивной, задача была выровнять кривую». Замер идёт по ЗАПИСИ книг на депозите $10000, деньги НЕТТО (издержки учтены в каждой сделке), правила и пороги не тронуты.

## безопасная (шорт h24) (`safe_h`)

Сделок 656, брутто +2748.45 $, НЕТТО +1085.70 $ (+10.9 % к депозиту), просадка -16.6 %, плюсовых 59 %, худший день -8.5 %.

### Где теряется: по исходу

| исход | сделок | Σ $ | медиана | худшая | доля убытка |
|---|--:|--:|--:|--:|--:|
| пол | 23 | -5063.32 | -230.62 | -266.04 | 78 % |
| ликвидация | 5 | -1463.19 | -303.74 | -310.24 | 22 % |
| тейк | 56 | +1571.77 | +12.50 | +0.37 | — |
| срок | 572 | +6040.44 | +1.44 | -209.54 | — |

### Где теряется: по плечу

| плечо | сделок | Σ $ | медиана | худшая | на вложенную маржу |
|---|--:|--:|--:|--:|--:|
| <3× | 474 | -32.50 | +1.39 | -209.54 | -0.0 % |
| 3–5× | 22 | -212.74 | +12.45 | -170.94 | -3.4 % |
| 5–10× | 35 | -400.81 | +11.36 | -266.04 | -4.2 % |
| 10–20× | 19 | -24.81 | -0.76 | -240.10 | -0.5 % |
| ≥20× | 106 | +1756.56 | +26.83 | -310.24 | +6.1 % |

### Концентрация: хвост трёх сделок или хвост книги

Худшая позиция -310.24 $, худшие пять -1478.72 $, худшие десять -2740.89 $. Без худших пяти книга дала бы +2564.42 $ при просадке -8.8 % (с ними — +1085.70 $ при -16.6 %). Худший день -852.65 $ из 32; без него +1938.35 $.

### Кто платит funding

| имя | плечо | маржа $ | держали ч | funding $ | б.п. маржи | итог сделки $ | исход |
|---|--:|--:|--:|--:|--:|--:|---|
| COTIUSDT | 25.0× | 237.74 | 24.0 | -165.47 | -6960 | +10.96 | срок |
| TUSDT | 11.3× | 288.07 | 24.0 | -106.58 | -3700 | -6.48 | срок |
| KAITOUSDT | 25.0× | 218.22 | 24.0 | -97.46 | -4466 | -31.53 | срок |
| LAUSDT | 25.0× | 292.39 | 24.0 | -68.37 | -2338 | -123.29 | срок |
| ANKRUSDT | 25.0× | 288.67 | 24.0 | -48.68 | -1687 | +230.68 | срок |

### «Выровнять кривую»: пара при меньшем билете шорта

Длинная книга та же, короткая входит долей своего билета. Деньги короткой линейны по билету, поэтому это оценка ТЕХ ЖЕ сделок, а не новый прогон: с меньшим билетом книга взяла бы решений больше. Ячейка станет правилом только объявленной заранее и проверенной вперёд.

| доля билета шорта | Σ $ пары | к депозиту | просадка пары | Σ $ шорта | Σ $ длинной |
|---|--:|--:|--:|--:|--:|
| 1× | +1898.94 | +18.99 % | -11.4 % | +1085.70 | +813.24 |
| 0.75× | +1627.51 | +16.28 % | -9.0 % | +814.27 | +813.24 |
| 0.5× | +1356.09 | +13.56 % | -6.3 % | +542.85 | +813.24 |
| 0.25× | +1084.66 | +10.85 % | -3.4 % | +271.42 | +813.24 |
| 0.1× | +921.81 | +9.22 % | -1.5 % | +108.57 | +813.24 |

## оптимальная (шорт h24) (`optimal_h`)

Сделок 640, брутто +2720.50 $, НЕТТО -531.32 $ (-5.3 % к депозиту), просадка -44.4 %, плюсовых 58 %, худший день -19.9 %.

### Где теряется: по исходу

| исход | сделок | Σ $ | медиана | худшая | доля убытка |
|---|--:|--:|--:|--:|--:|
| пол | 51 | -13235.64 | -267.92 | -341.51 | 63 % |
| ликвидация | 23 | -7817.91 | -348.08 | -417.39 | 37 % |
| тейк | 53 | +5927.93 | +18.74 | +0.38 | — |
| срок | 513 | +14594.30 | +3.84 | -281.84 | — |

### Где теряется: по плечу

| плечо | сделок | Σ $ | медиана | худшая | на вложенную маржу |
|---|--:|--:|--:|--:|--:|
| <3× | 288 | +211.60 | +1.67 | -281.84 | +0.2 % |
| 3–5× | 46 | -150.88 | +0.66 | -147.75 | -1.0 % |
| 5–10× | 80 | +122.42 | +13.56 | -387.40 | +0.4 % |
| 10–20× | 25 | +175.36 | +42.21 | -294.31 | +2.3 % |
| ≥20× | 201 | -889.82 | +9.01 | -417.39 | -1.3 % |

### Концентрация: хвост трёх сделок или хвост книги

Худшая позиция -417.39 $, худшие пять -2017.06 $, худшие десять -3857.77 $. Без худших пяти книга дала бы +1485.74 $ при просадке -34.0 % (с ними — -531.32 $ при -44.4 %). Худший день -1987.70 $ из 32; без него +1456.38 $.

### Кто платит funding

| имя | плечо | маржа $ | держали ч | funding $ | б.п. маржи | итог сделки $ | исход |
|---|--:|--:|--:|--:|--:|--:|---|
| TUSDT | 25.0× | 331.23 | 24.0 | -272.43 | -8225 | +156.26 | срок |
| SKRUSDT | 20.0× | 350.34 | 24.0 | -211.64 | -6041 | -68.61 | срок |
| COTIUSDT | 25.0× | 263.44 | 24.0 | -183.36 | -6960 | +12.15 | срок |
| ZKCUSDT | 25.0× | 350.89 | 24.0 | -105.08 | -2995 | +257.42 | срок |
| ONTUSDT | 25.0× | 410.12 | 24.0 | -95.85 | -2337 | +216.09 | срок |

### «Выровнять кривую»: пара при меньшем билете шорта

Длинная книга та же, короткая входит долей своего билета. Деньги короткой линейны по билету, поэтому это оценка ТЕХ ЖЕ сделок, а не новый прогон: с меньшим билетом книга взяла бы решений больше. Ячейка станет правилом только объявленной заранее и проверенной вперёд.

| доля билета шорта | Σ $ пары | к депозиту | просадка пары | Σ $ шорта | Σ $ длинной |
|---|--:|--:|--:|--:|--:|
| 1× | +1160.07 | +11.60 % | -40.2 % | -531.32 | +1691.39 |
| 0.75× | +1292.90 | +12.93 % | -33.2 % | -398.49 | +1691.39 |
| 0.5× | +1425.73 | +14.26 % | -24.6 % | -265.66 | +1691.39 |
| 0.25× | +1558.56 | +15.59 % | -13.8 % | -132.83 | +1691.39 |
| 0.1× | +1638.26 | +16.38 % | -5.9 % | -53.13 | +1691.39 |

## агрессивная (шорт h24) (`aggr_h`)

Сделок 499, брутто +2719.56 $, НЕТТО -3431.11 $ (-34.3 % к депозиту), просадка -66.1 %, плюсовых 54 %, худший день -34.2 %.

### Где теряется: по исходу

| исход | сделок | Σ $ | медиана | худшая | доля убытка |
|---|--:|--:|--:|--:|--:|
| пол | 87 | -28079.32 | -322.55 | -505.91 | 64 % |
| ликвидация | 39 | -15633.54 | -391.48 | -604.67 | 36 % |
| тейк | 36 | +10439.83 | +216.34 | +6.99 | — |
| срок | 337 | +29841.92 | +43.01 | -358.84 | — |

### Где теряется: по плечу

| плечо | сделок | Σ $ | медиана | худшая | на вложенную маржу |
|---|--:|--:|--:|--:|--:|
| 3–5× | 32 | +212.13 | +23.66 | -505.91 | +1.8 % |
| 5–10× | 111 | -889.89 | +16.29 | -494.55 | -1.9 % |
| 10–20× | 37 | +63.61 | +32.21 | -444.67 | +0.4 % |
| ≥20× | 319 | -2816.96 | +0.56 | -604.67 | -2.2 % |

### Концентрация: хвост трёх сделок или хвост книги

Худшая позиция -604.67 $, худшие пять -2715.47 $, худшие десять -5226.44 $. Без худших пяти книга дала бы -715.64 $ при просадке -50.8 % (с ними — -3431.11 $ при -66.1 %). Худший день -3415.91 $ из 32; без него -15.20 $.

### Кто платит funding

| имя | плечо | маржа $ | держали ч | funding $ | б.п. маржи | итог сделки $ | исход |
|---|--:|--:|--:|--:|--:|--:|---|
| ONGUSDT | 20.0× | 508.82 | 24.0 | -387.36 | -7613 | +757.11 | срок |
| TUSDT | 25.0× | 397.94 | 24.0 | -327.30 | -8225 | +187.73 | срок |
| COTIUSDT | 25.0× | 455.71 | 24.0 | -273.03 | -5991 | -358.84 | срок |
| SKRUSDT | 20.0× | 419.01 | 24.0 | -253.12 | -6041 | -82.06 | срок |
| COTIUSDT | 25.0× | 307.55 | 24.0 | -214.06 | -6960 | +14.18 | срок |

### «Выровнять кривую»: пара при меньшем билете шорта

Длинная книга та же, короткая входит долей своего билета. Деньги короткой линейны по билету, поэтому это оценка ТЕХ ЖЕ сделок, а не новый прогон: с меньшим билетом книга взяла бы решений больше. Ячейка станет правилом только объявленной заранее и проверенной вперёд.

| доля билета шорта | Σ $ пары | к депозиту | просадка пары | Σ $ шорта | Σ $ длинной |
|---|--:|--:|--:|--:|--:|
| 1× | -1408.45 | -14.08 % | -57.1 % | -3431.11 | +2022.66 |
| 0.75× | -550.67 | -5.51 % | -47.0 % | -2573.33 | +2022.66 |
| 0.5× | +307.11 | +3.07 % | -34.8 % | -1715.55 | +2022.66 |
| 0.25× | +1164.88 | +11.65 % | -19.5 % | -857.78 | +2022.66 |
| 0.1× | +1679.55 | +16.80 % | -8.4 % | -343.11 | +2022.66 |

## Чего замер НЕ говорит

- Сетка билета пересчитывает ТЕ ЖЕ сделки: настоящий прогон с меньшим билетом взял бы больше решений (кассы хватало бы чаще), и состав сдвинулся бы. Числа — ориентир для решения, а не результат книги.
- Пороги действующих книг задним числом не меняются: выбранная по этой таблице доля станет правилом, только будучи объявленной и проверенной вперёд.
- Окно одно и режим рынка один; веса модели видели эти часы.

публикуется в ветку main:
 jobs/done/pair-rule-2.log                 |   7 ++
 jobs/done/short-why-3.done                |   1 +
 jobs/done/short-why-3.log                 | 163 ++++++++++++++++++++++++++++++
 jobs/poke.log                             |   5 +
 research/dca_paper/out/DCA-short-why.json |   2 +-
 research/dca_paper/out/DCA-short-why.md   |  92 ++++++++---------
 research/s8_loop/out/day_brake.json       |   2 +-
 7 files changed, 224 insertions(+), 48 deletions(-)
To github.com:n0tgod/algoth_v2.git
   2cc8700b..e4a2db43  main -> main
branch 'main' set up to track 'origin/main'.
опубликовано
конец: 2026-09-08T08:58:44Z, код 0
