== задание short-weeks-2 ==
строка: run research/dca_paper/short_weeks.py
начало: 2026-10-08T09:50:53Z
запускаю: .venv/bin/python research/dca_paper/short_weeks.py 
h24/gbm: часов 997, коротких выборов 2991, ног под краем 2975, отброшено (нет полей / знак) 10
h24/nn: часов 997, коротких выборов 2991, ног под краем 2788, отброшено (нет полей / знак) 191
ног обеих рук: 5763
решений (имя × час) 4996 из 5763 ног
имён со сводками 790
  час 100/997  выборов 434  (3 с)
  час 200/997  выборов 910  (5 с)
  час 300/997  выборов 1409  (8 с)
  час 400/997  выборов 1921  (12 с)
  час 500/997  выборов 2494  (19 с)
  час 600/997  выборов 2993  (23 с)
  час 700/997  выборов 3499  (29 с)
  час 800/997  выборов 3994  (37 с)
  час 900/997  выборов 4502  (40 с)
выборов измерено 4858 из 4996; часов 997; без цены имени 138, без кросс-секции 27, без волны 28
касса посчитана: safe_h позиций 1130, optimal_h позиций 1227, aggr_h позиций 941
вердикт: сигнал жив, убивает касса: сырой эдж +126 → +170 б.п. (p 0.81), над кросс-секцией +186 → +163 б.п. (p 0.43), волна за 24 ч при входах +130 → -5 б.п.; разрыв взятых против листа расширился (optimal_h разрыв -115 → -164; aggr_h разрыв -111 → -150); из чего разрыв — optimal_h: отбор -23 → -179, выходы и издержки -91 → +15, позиций 704 → 523, взвешенная нотионалом цена +26 → +5; aggr_h: отбор +49 → -137, выходы и издержки -160 → -13, позиций 539 → 402, взвешенная нотионалом цена +18 → +5
# Эдж коротких выборов h24 по неделям: сигнал, рынок или касса

- решений 4996 из 5763 ног обеих рук; имён в кросс-секции 790; измерено 4858 выборов за 969 часов, 2026-08-08 … 2026-10-07; не измерено: без цены имени 138, часов без кросс-секции 27, без волны 28; посчитано 2026-10-08 09:51 за 54 с.
- мера — минус ход середины стакана за 24 ч, б.п. нотионала (шорт); «над кросс-секцией» — минус средний ход всех имён с ценой в тот же час; «случайные» — выборы того же размера в тот же час, 200 зёрен (медиана и доля зёрен не хуже листа); волна — средний ход 20 прокси-имён за те же часы.

| неделя | дней | часов | выборов | эдж, б.п. | медиана | попаданий | над кросс-секцией | случайные, медиана | зёрен ≥ листа | волна 24 ч, б.п. | безопасная, $ | оптимальная, $ | агрессивная, $ |
|---|--:|--:|--:|--:|--:|--:|--:|--:|--:|--:|--:|--:|--:|
| 2026-W32 | 2 | 38 | 163 | +309 | +689 | 80 % | +337 | -25 | 0 % | -26 | +28 | +7 | +45 |
| 2026-W33 | 7 | 167 | 772 | +613 | +687 | 71 % | +577 | +35 | 0 % | -42 | +1,002 | +814 | +1,032 |
| 2026-W34 | 7 | 163 | 826 | +221 | +135 | 58 % | +349 | -131 | 0 % | +343 | +423 | +139 | +329 |
| 2026-W35 | 7 | 86 | 463 | -491 | -19 | 49 % | -475 | -15 | 100 % | -68 | +7 | -149 | -517 |
| 2026-W36 | 7 | 117 | 639 | -185 | +117 | 56 % | -58 | -126 | 100 % | +248 | +443 | +245 | +385 |
| 2026-W37 | 7 | 99 | 476 | -67 | +377 | 64 % | -125 | +57 | 100 % | -115 | -517 | -58 | -78 |
| 2026-W38 | 7 | 76 | 405 | +23 | +116 | 57 % | +105 | -86 | 0 % | +198 | +171 | +33 | +152 |
| 2026-W39 | 6 | 33 | 174 | +76 | +100 | 60 % | +52 | +21 | 9 % | +1 | +9 | +42 | +78 |
| 2026-W40 | 7 | 137 | 689 | +395 | +266 | 67 % | +430 | -36 | 0 % | +25 | +174 | -17 | +442 |
| 2026-W41 | 3 | 53 | 251 | +299 | +504 | 71 % | +145 | +156 | 0 % | -213 | +337 | +167 | -257 |
| **всё окно** | 60 | 969 | 4858 | +144 | +234 | 62 % | +176 | -34 | 0 % | +75 | +2,077 | +1,223 | +1,612 |

## Половины окна (граница 2026-09-07, нуль — перестановка метки половины по часовым блокам, 200 перестановок)

| половина | выборов | часов | эдж, б.п. | попаданий | над кросс-секцией | случайные, медиана | волна 24 ч |
|---|--:|--:|--:|--:|--:|--:|--:|
| 1-я (2026-08-08 … 2026-09-06) | 2863 | 571 | +126 | 61 % | +186 | -60 | +130 |
| 2-я (2026-09-07 … 2026-10-07) | 1995 | 398 | +170 | 64 % | +163 | +5 | -5 |

Касса $10k нетто по половинам: «24 ч взятых» — сырой ход взятых позиций той же мерой, что лист (разница с листом есть ОТБОР); «цена позиции» — исход позиции с выходами книги и издержками, б.п. нотионала, средняя по позициям и взвешенная нотионалом ($ / нотионал).

| книга | половина | позиций | $ | нотионал, $ | 24 ч взятых, б.п. | лист, б.п. | отбор | цена позиции, ср. | взвешенная | выходы и издержки |
|---|---|--:|--:|--:|--:|--:|--:|--:|--:|--:|
| безопасная | 1-я | 648 | +1,903 | +450,777 | +81 | +126 | -45 | +13 | +42 | -68 |
| безопасная | 2-я | 482 | +175 | +353,566 | -15 | +170 | -184 | -5 | +5 | +10 |
| оптимальная | 1-я | 704 | +1,056 | +400,250 | +103 | +126 | -23 | +11 | +26 | -91 |
| оптимальная | 2-я | 523 | +167 | +340,022 | -10 | +170 | -179 | +5 | +5 | +15 |
| агрессивная | 1-я | 539 | +1,275 | +701,878 | +175 | +126 | +49 | +15 | +18 | -160 |
| агрессивная | 2-я | 402 | +337 | +645,445 | +32 | +170 | -137 | +20 | +5 | -13 |

Нуль половин: сырой эдж — разность 1-я − 2-я -44 б.п., доля перестановок с разностью не меньше 0.81; над кросс-секцией — разность 1-я − 2-я +23 б.п., доля перестановок с разностью не меньше 0.43.

## Вердикт (из чисел)

- сигнал жив, убивает касса: сырой эдж +126 → +170 б.п. (p 0.81), над кросс-секцией +186 → +163 б.п. (p 0.43), волна за 24 ч при входах +130 → -5 б.п.; разрыв взятых против листа расширился (optimal_h разрыв -115 → -164; aggr_h разрыв -111 → -150); из чего разрыв — optimal_h: отбор -23 → -179, выходы и издержки -91 → +15, позиций 704 → 523, взвешенная нотионалом цена +26 → +5; aggr_h: отбор +49 → -137, выходы и издержки -160 → -13, позиций 539 → 402, взвешенная нотионалом цена +18 → +5

Порядок суда объявлен до прогона: над кросс-секцией упало с p ≤ 0.05 — сигнал; иначе сырой упал с p ≤ 0.05 — рынок; иначе разрыв взятых кассой против листа расширился на ≥ 5 б.п. у обеих судимых книг — касса; иначе шум. Окно одно, веса модели эти часы видели; замер правил не меняет и ячеек не выбирает.

публикуется в ветку main:
 jobs/done/short-weeks-1.log                 |  7 +++
 jobs/done/short-weeks-2.done                |  1 +
 jobs/done/short-weeks-2.log                 | 66 +++++++++++++++++++++++++++++
 jobs/poke.log                               |  3 ++
 research/dca_paper/out/DCA-short-weeks.json |  2 +-
 research/dca_paper/out/DCA-short-weeks.md   | 23 +++++++---
 research/s8_loop/out/day_brake.json         |  2 +-
 7 files changed, 96 insertions(+), 8 deletions(-)
To github.com:n0tgod/algoth_v2.git
   316586fd..4d93165e  main -> main
branch 'main' set up to track 'origin/main'.
опубликовано
конец: 2026-10-08T09:51:52Z, код 0
публикуется в ветку main:
 jobs/done/short-weeks-2.log | 14 ++++++++++++++
 1 file changed, 14 insertions(+)
To github.com:n0tgod/algoth_v2.git
   4d93165e..c796ca96  main -> main
branch 'main' set up to track 'origin/main'.
опубликовано
