== задание short-select-1 ==
строка: run research/dca_paper/short_select.py
начало: 2026-10-08T11:53:30Z
запускаю: .venv/bin/python research/dca_paper/short_select.py 
h24/gbm: часов 999, коротких выборов 2997, ног под краем 2981, отброшено (нет полей / знак) 10
h24/nn: часов 999, коротких выборов 2997, ног под краем 2792, отброшено (нет полей / знак) 193
ног обеих рук: 5773
  час 100/999  выборов 434  (3 с)
  час 200/999  выборов 910  (6 с)
  час 300/999  выборов 1409  (9 с)
  час 400/999  выборов 1921  (13 с)
  час 500/999  выборов 2494  (20 с)
  час 600/999  выборов 2993  (23 с)
  час 700/999  выборов 3499  (31 с)
  час 800/999  выборов 3994  (39 с)
  час 900/999  выборов 4502  (40 с)
выборов измерено 4858 из 5004; часов 999; без цены имени 146, без кросс-секции 29, без волны 30
касса: safe_h позиций 1131, optimal_h позиций 1228, aggr_h позиций 942
половины: 2863 / 1995 решений, граница 2026-09-07
вердикт: отбор в шуме: взятые не хуже случайных того же часа хотя бы у одной судимой книги: optimal_h: взятые -10 против невзятых +231 б.п. (p 0.16), больше всего эджа оставлено в «имя занято» (1151 решений, +251 б.п. в среднем, масса +288938); aggr_h: взятые +32 против невзятых +203 б.п. (p 0.24), больше всего эджа оставлено в «имя занято» (521 решений, +423 б.п. в среднем, масса +220181)
# Отбор кассы коротких книг: какие выборы листа не взяты и что они стоят

- решений 5004, измерено 4858; граница половин 2026-09-07; мера — сырой ход имени за 24 ч, б.п. нотионала (шорт); касса $10,000 нетто; нуль — перестановка метки внутри часа, 200 зёрен; посчитано 2026-10-08 11:54 за 56 с.
- причины отказа в порядке кассы: возраст (имя моложе порога или возраст неизвестен), нет записи (реплей книги записи не дал), плечо (гейт плеча книги), имя занято («одна на имя»), очередь (денег или мест не хватило). «Масса» — сумма сырого хода решений группы, б.п.: сколько эджа лежит в группе.

## 1-я половина: решений 2863, лист +126 б.п., попаданий 61 %

| книга | исход | решений | доля | сырой ход, б.п. | ± | попаданий | масса, б.п. |
|---|---|--:|--:|--:|--:|--:|--:|
| безопасная | взято (p 0.58 против случайных того же часа) | 648 | 23 % | +81 | +83 | 61 % | +52566 |
| безопасная | возраст | 504 | 18 % | -351 | +75 | 48 % | -177017 |
| безопасная | имя занято | 1699 | 59 % | +284 | +47 | 64 % | +483306 |
| безопасная | очередь | 12 | 0 % | +135 | +69 | 83 % | +1617 |
| оптимальная | взято (p 0.54 против случайных того же часа) | 704 | 25 % | +103 | +80 | 62 % | +72292 |
| оптимальная | возраст | 504 | 18 % | -351 | +75 | 48 % | -177017 |
| оптимальная | имя занято | 1643 | 57 % | +282 | +48 | 64 % | +463579 |
| оптимальная | очередь | 12 | 0 % | +135 | +69 | 83 % | +1617 |
| агрессивная | взято (p 0.74 против случайных того же часа) | 539 | 19 % | +175 | +89 | 63 % | +94229 |
| агрессивная | возраст | 504 | 18 % | -351 | +75 | 48 % | -177017 |
| агрессивная | плечо | 971 | 34 % | +177 | +64 | 61 % | +171868 |
| агрессивная | имя занято | 844 | 29 % | +321 | +67 | 66 % | +270551 |
| агрессивная | очередь | 5 | 0 % | +168 | +71 | 100 % | +842 |

| полоса возраста | решений | доля | сырой ход, б.п. | ± | попаданий | масса | p (полоса не ниже случайных того же часа) |
|---|--:|--:|--:|--:|--:|--:|--:|
| <3 сут | 303 | 11 % | -410 | +103 | 43 % | -124153 | 0.90 |
| 3–7 сут | 201 | 7 % | -263 | +107 | 56 % | -52864 | 0.46 |
| 7–14 сут | 128 | 4 % | -204 | +150 | 49 % | -26130 | 0.88 |
| 14–30 сут | 87 | 3 % | -684 | +201 | 46 % | -59516 | 0.98 |
| 30–60 сут | 46 | 2 % | -22 | +75 | 48 % | -1022 | 0.97 |
| ≥60 сут | 2098 | 73 % | +298 | +44 | 65 % | +624156 | 0.01 |

## 2-я половина: решений 1995, лист +170 б.п., попаданий 64 %

| книга | исход | решений | доля | сырой ход, б.п. | ± | попаданий | масса, б.п. |
|---|---|--:|--:|--:|--:|--:|--:|
| безопасная | взято (p 0.21 против случайных того же часа) | 469 | 24 % | -15 | +86 | 59 % | -6948 |
| безопасная | возраст | 325 | 16 % | +170 | +47 | 60 % | +55292 |
| безопасная | имя занято | 1190 | 60 % | +244 | +80 | 68 % | +290815 |
| безопасная | очередь | 11 | 1 % | -88 | +104 | 18 % | -969 |
| оптимальная | взято (p 0.16 против случайных того же часа) | 508 | 25 % | -10 | +91 | 60 % | -5070 |
| оптимальная | возраст | 325 | 16 % | +170 | +47 | 60 % | +55292 |
| оптимальная | имя занято | 1151 | 58 % | +251 | +80 | 68 % | +288938 |
| оптимальная | очередь | 11 | 1 % | -88 | +104 | 18 % | -969 |
| агрессивная | взято (p 0.24 против случайных того же часа) | 388 | 19 % | +32 | +149 | 64 % | +12522 |
| агрессивная | возраст | 325 | 16 % | +170 | +47 | 60 % | +55292 |
| агрессивная | плечо | 755 | 38 % | +72 | +100 | 63 % | +54046 |
| агрессивная | имя занято | 521 | 26 % | +423 | +74 | 69 % | +220181 |
| агрессивная | очередь | 6 | 0 % | -642 | +178 | 0 % | -3851 |

| полоса возраста | решений | доля | сырой ход, б.п. | ± | попаданий | масса | p (полоса не ниже случайных того же часа) |
|---|--:|--:|--:|--:|--:|--:|--:|
| <3 сут | 219 | 11 % | -16 | +54 | 53 % | -3544 | 0.86 |
| 3–7 сут | 106 | 5 % | +555 | +82 | 76 % | +58836 | 0.07 |
| 7–14 сут | 316 | 16 % | +38 | +79 | 57 % | +11853 | 0.74 |
| 14–30 сут | 117 | 6 % | +975 | +213 | 67 % | +114122 | 0.00 |
| 30–60 сут | 67 | 3 % | +515 | +124 | 64 % | +34508 | 0.53 |
| ≥60 сут | 1170 | 59 % | +105 | +82 | 67 % | +122415 | 0.91 |

## Вердикт (из чисел)

- отбор в шуме: взятые не хуже случайных того же часа хотя бы у одной судимой книги: optimal_h: взятые -10 против невзятых +231 б.п. (p 0.16), больше всего эджа оставлено в «имя занято» (1151 решений, +251 б.п. в среднем, масса +288938); aggr_h: взятые +32 против невзятых +203 б.п. (p 0.24), больше всего эджа оставлено в «имя занято» (521 решений, +423 б.п. в среднем, масса +220181)

Порядок суда объявлен до прогона: во второй половине у обеих судимых книг взятые хуже невзятых с p ≤ 0.05 — отбор системный, и называется причина с наибольшей массой эджа; иначе — в шуме. Порог возраста книг безопасная 7 сут, оптимальная 7 сут, агрессивная 7 сут; гейт плеча агрессивная 4.0. Правила не менялись, ячейки не выбирались; окно одно.

публикуется в ветку main:
 jobs/done/short-select-1.done                |  1 +
 jobs/done/short-select-1.log                 | 85 ++++++++++++++++++++++++++++
 jobs/poke.log                                |  3 +
 research/dca_paper/out/DCA-short-select.json |  1 +
 research/dca_paper/out/DCA-short-select.md   | 64 +++++++++++++++++++++
 research/s8_loop/out/day_brake.json          |  2 +-
 6 files changed, 155 insertions(+), 1 deletion(-)
To github.com:n0tgod/algoth_v2.git
   35dce1f4..25cc43e9  main -> main
branch 'main' set up to track 'origin/main'.
опубликовано
конец: 2026-10-08T11:54:31Z, код 0
