== задание short-levers ==
строка: run research/dca_paper/short_levers.py
начало: 2026-10-03T11:36:21Z
запускаю: .venv/bin/python research/dca_paper/short_levers.py 
записей 8968, закрытых 8679, без отметок 0; safe_h сделок 1039, optimal_h сделок 1129, aggr_h сделок 851
A срок 12 ч: изменено 7493 (хвостовых 224), Σ маржи -25.66
A срок 18 ч: изменено 7195 (хвостовых 97), Σ маржи -13.17
B трейл 0.25/0.15: изменено 816 (хвостовых 155), Σ маржи -61.49
    контроль: 50 зёрен из 200, 24 с
    контроль: 100 зёрен из 200, 47 с
    контроль: 150 зёрен из 200, 70 с
B трейл 0.5/0.25: изменено 359 (хвостовых 60), Σ маржи -36.13
    контроль: 50 зёрен из 200, 24 с
    контроль: 100 зёрен из 200, 47 с
    контроль: 150 зёрен из 200, 70 с
C позиций взято: safe_h 1039, optimal_h 1129, aggr_h 851
контроль: 50 зёрен из 200, 23 с
контроль: 100 зёрен из 200, 46 с
контроль: 150 зёрен из 200, 67 с
C пауза после пола/ликвидации 6 ч: убрано safe_h 48, optimal_h 286, aggr_h 504
контроль: 50 зёрен из 200, 23 с
контроль: 100 зёрен из 200, 44 с
контроль: 150 зёрен из 200, 66 с
C пауза после пола/ликвидации 12 ч: убрано safe_h 78, optimal_h 434, aggr_h 735
контроль: 50 зёрен из 200, 22 с
контроль: 100 зёрен из 200, 43 с
контроль: 150 зёрен из 200, 64 с
C пауза после пола/ликвидации 24 ч: убрано safe_h 145, optimal_h 607, aggr_h 998
контроль: 50 зёрен из 200, 21 с
контроль: 100 зёрен из 200, 42 с
контроль: 150 зёрен из 200, 64 с
C пауза после любого выхода 6 ч: убрано safe_h 597, optimal_h 796, aggr_h 850
контроль: 50 зёрен из 200, 18 с
контроль: 100 зёрен из 200, 37 с
контроль: 150 зёрен из 200, 55 с
C пауза после любого выхода 12 ч: убрано safe_h 1067, optimal_h 1307, aggr_h 1294
контроль: 50 зёрен из 200, 16 с
контроль: 100 зёрен из 200, 33 с
контроль: 150 зёрен из 200, 49 с
C пауза после любого выхода 24 ч: убрано safe_h 1648, optimal_h 1859, aggr_h 1755
h24/gbm: часов 890, коротких выборов 2670, ног под краем 2654, отброшено (нет полей / знак) 10
h24/nn: часов 890, коротких выборов 2670, ног под краем 2493, отброшено (нет полей / знак) 165
ног обеих рук: 5147
контроль: 50 зёрен из 200, 15 с
контроль: 100 зёрен из 200, 29 с
контроль: 150 зёрен из 200, 44 с
D рука nn: записей safe_h 2490, optimal_h 2490, aggr_h 2490; без ноги 0
контроль: 50 зёрен из 200, 17 с
контроль: 100 зёрен из 200, 34 с
контроль: 150 зёрен из 200, 50 с
D рука gbm: записей safe_h 2651, optimal_h 2651, aggr_h 2651; без ноги 0
# Рычаги коротких книг: срок, трейлинг, пауза по имени, одна рука, вол-таргет

Вопрос владельца 2026-10-03: «ищи ещё варианты совершенствования стратегий». Пять рычагов, которых стенд по коротким книгам ещё не мерил; оси и пороги объявлены в коде до прогона. Деньги — касса семейства на записях кэша, $10,000, нетто. Отбор (пауза, рука) судится против случайного удаления того же числа записей книги (200 зёрен); трейлинг — против случайных выходов того же числа сделок в те же часы; срок — по дням (это другая книга, не отбор); вол-таргет — оценка по журналу дней, решения по ней не принимаются без кассы.

Записей 8968, закрытых 8679, без отметок 0; ног листа 5147, решений обеих рук 658.

## Опора — книги как сейчас

| книга | сделок | итог | просадка | $ без 3 лучших дней | σ дня | Δσ | день/σ | хвостовых |
|---|--:|--:|--:|--:|--:|--:|--:|--:|
| безопасная (шорт h24) | 1039 | +15.6 % | -5.4 % | +878 $ | 119 $ | +0 % | 0.23 | 27 |
| оптимальная (шорт h24) | 1129 | +9.2 % | -4.1 % | +218 $ | 97 $ | +0 % | 0.17 | 179 |
| агрессивная (шорт h24) | 851 | +17.2 % | -6.5 % | +605 $ | 162 $ | +0 % | 0.19 | 286 |

## A. Срок 12 / 18 ч вместо 24

Безусловный выход на отметке часа; позиции, вышедшие раньше (цель, пол, ликвидация, охрана), не меняются. Σ маржи — сумма приращений pnl изменённых записей: знак говорит, зарабатывают ли последние часы срока.

**Срок 12 ч:** изменено 7493 сделок (хвостовых 224), Σ долей маржи -25.66 — последние часы зарабатывают (при выходе раньше книга их теряет/избегает).
**Срок 18 ч:** изменено 7195 сделок (хвостовых 97), Σ долей маржи -13.17 — последние часы зарабатывают (при выходе раньше книга их теряет/избегает).

| книга | срок | сделок | итог | просадка | $ без 3 лучших дней | σ дня | Δσ | день/σ | хвостовых | дней лучше / хуже | разница |
|---|---|--:|--:|--:|--:|--:|--:|--:|--:|--:|--:|
| безопасная (шорт h24) | 12 ч | 1220 | +15.4 % | -6.2 % | +808 $ | 120 $ | +0 % | 0.23 | 20 | 27 / 30 | -13 $ |
| оптимальная (шорт h24) | 12 ч | 1303 | +12.4 % | -4.1 % | +658 $ | 89 $ | -8 % | 0.24 | 176 | 31 / 26 | +314 $ |
| агрессивная (шорт h24) | 12 ч | 930 | +21.0 % | -6.0 % | +1,198 $ | 137 $ | -15 % | 0.27 | 260 | 34 / 22 | +382 $ |
| безопасная (шорт h24) | 18 ч | 1114 | +13.0 % | -4.9 % | +380 $ | 119 $ | -0 % | 0.19 | 24 | 25 / 31 | -259 $ |
| оптимальная (шорт h24) | 18 ч | 1208 | +10.7 % | -5.0 % | +308 $ | 110 $ | +13 % | 0.17 | 190 | 31 / 25 | +150 $ |
| агрессивная (шорт h24) | 18 ч | 882 | +17.0 % | -7.1 % | +299 $ | 181 $ | +12 % | 0.16 | 281 | 29 / 27 | -18 $ |

## B. Трейлинг от достигнутого — по часовым отметкам

Взвод при +arm маржи, выход при откате на give от пика. Внутри часа пути не видно — это приближение; точный ответ даст реплей ядра с `trail`, если здесь будет за что платить.

| книга | взвод / откат | сделок | итог | просадка | $ без 3 лучших дней | σ дня | Δσ | день/σ | хвостовых | случайная не хуже: итог / доход-просадка | вывод |
|---|---|--:|--:|--:|--:|--:|--:|--:|--:|--:|---|
| безопасная (шорт h24) | 0.25 / 0.15 | 1050 | +14.2 % | -5.6 % | +632 $ | 121 $ | +1 % | 0.21 | 23 | +81 % / +88 % | в шуме случайной |
| оптимальная (шорт h24) | 0.25 / 0.15 | 1171 | +9.5 % | -3.1 % | +349 $ | 90 $ | -7 % | 0.19 | 159 | +52 % / +23 % | в шуме случайной |
| агрессивная (шорт h24) | 0.25 / 0.15 | 931 | +19.9 % | -5.0 % | +980 $ | 137 $ | -16 % | 0.26 | 262 | +24 % / +4 % | в шуме случайной |
| *изменено* | 0.25 / 0.15 | 816 сделок, хвостовых 155, Σ маржи -61.49; случайные выходы не хуже по Σ в +100 % зёрен | | | | | | | | |
| безопасная (шорт h24) | 0.5 / 0.25 | 1043 | +16.6 % | -5.4 % | +814 $ | 126 $ | +6 % | 0.23 | 25 | +9 % / +12 % | в шуме случайной |
| оптимальная (шорт h24) | 0.5 / 0.25 | 1148 | +6.0 % | -4.6 % | +48 $ | 89 $ | -8 % | 0.12 | 175 | +100 % / +100 % | хуже случайной |
| агрессивная (шорт h24) | 0.5 / 0.25 | 883 | +13.9 % | -7.8 % | +375 $ | 141 $ | -13 % | 0.17 | 280 | +100 % / +100 % | хуже случайной |
| *изменено* | 0.5 / 0.25 | 359 сделок, хвостовых 60, Σ маржи -36.13; случайные выходы не хуже по Σ в +100 % зёрен | | | | | | | | |

## C. Пауза по имени после своего выхода

Окна — из позиций, которые книга на этом депозите взяла; запись под паузой не торгуется. Это отбор: правило обязано удержать деньги и срезать σ дня там, где случайное удаление того же числа записей их уносит.

| книга | правило | убрано | сделок | итог | просадка | $ без 3 лучших дней | σ дня | Δσ | день/σ | хвостовых | случайная не хуже: итог / доход-просадка | вывод |
|---|---|--:|--:|--:|--:|--:|--:|--:|--:|--:|--:|---|
| безопасная (шорт h24) | после пола/ликвидации 6 ч | 48 | 1033 | +11.7 % | -5.4 % | +674 $ | 106 $ | -11 % | 0.19 | 28 | +99 % / +96 % | хуже случайной |
| оптимальная (шорт h24) | после пола/ликвидации 6 ч | 286 | 1065 | +7.2 % | -4.8 % | -19 $ | 95 $ | -1 % | 0.13 | 158 | +80 % / +86 % | в шуме случайной |
| агрессивная (шорт h24) | после пола/ликвидации 6 ч | 504 | 739 | +11.3 % | -4.7 % | +162 $ | 127 $ | -22 % | 0.16 | 216 | +95 % / +64 % | в шуме случайной |
| безопасная (шорт h24) | после пола/ликвидации 12 ч | 78 | 1028 | +13.8 % | -4.4 % | +780 $ | 105 $ | -12 % | 0.23 | 26 | +88 % / +16 % | в шуме случайной |
| оптимальная (шорт h24) | после пола/ликвидации 12 ч | 434 | 1036 | +5.4 % | -5.1 % | -106 $ | 88 $ | -9 % | 0.11 | 153 | +90 % / +90 % | в шуме случайной |
| агрессивная (шорт h24) | после пола/ликвидации 12 ч | 735 | 694 | +10.5 % | -3.6 % | +202 $ | 116 $ | -28 % | 0.16 | 200 | +91 % / +40 % | в шуме случайной |
| безопасная (шорт h24) | после пола/ликвидации 24 ч | 145 | 1022 | +14.5 % | -4.4 % | +866 $ | 105 $ | -12 % | 0.24 | 26 | +58 % / +12 % | в шуме случайной |
| оптимальная (шорт h24) | после пола/ликвидации 24 ч | 607 | 988 | +6.1 % | -3.2 % | +8 $ | 78 $ | -19 % | 0.14 | 143 | +83 % / +57 % | в шуме случайной |
| агрессивная (шорт h24) | после пола/ликвидации 24 ч | 998 | 649 | +5.2 % | -2.9 % | -78 $ | 93 $ | -43 % | 0.10 | 188 | +99 % / +74 % | в шуме случайной |
| безопасная (шорт h24) | после любого выхода 6 ч | 597 | 935 | +14.1 % | -4.2 % | +863 $ | 97 $ | -19 % | 0.26 | 28 | +42 % / +18 % | в шуме случайной |
| оптимальная (шорт h24) | после любого выхода 6 ч | 796 | 970 | +7.8 % | -3.9 % | +46 $ | 84 $ | -13 % | 0.16 | 145 | +59 % / +55 % | в шуме случайной |
| агрессивная (шорт h24) | после любого выхода 6 ч | 850 | 681 | +16.2 % | -3.8 % | +558 $ | 125 $ | -23 % | 0.23 | 202 | +45 % / +10 % | в шуме случайной |
| безопасная (шорт h24) | после любого выхода 12 ч | 1067 | 850 | +13.9 % | -5.0 % | +750 $ | 98 $ | -18 % | 0.25 | 24 | +24 % / +23 % | в шуме случайной |
| оптимальная (шорт h24) | после любого выхода 12 ч | 1307 | 863 | +1.6 % | -4.8 % | -498 $ | 76 $ | -22 % | 0.04 | 131 | +98 % / +98 % | хуже случайной |
| агрессивная (шорт h24) | после любого выхода 12 ч | 1294 | 599 | +10.7 % | -3.2 % | +246 $ | 109 $ | -33 % | 0.17 | 178 | +79 % / +27 % | в шуме случайной |
| безопасная (шорт h24) | после любого выхода 24 ч | 1648 | 705 | +15.1 % | -4.6 % | +811 $ | 100 $ | -16 % | 0.27 | 22 | +10 % / +12 % | в шуме случайной |
| оптимальная (шорт h24) | после любого выхода 24 ч | 1859 | 700 | +4.6 % | -2.3 % | +42 $ | 63 $ | -35 % | 0.13 | 103 | +84 % / +56 % | в шуме случайной |
| агрессивная (шорт h24) | после любого выхода 24 ч | 1755 | 494 | +10.0 % | -2.6 % | +439 $ | 84 $ | -48 % | 0.21 | 147 | +80 % / +22 % | в шуме случайной |

## D. Одна рука

Запись взята, если её выбрала эта рука (решения обеих рук входят в обе ячейки); запись без ноги в листе — не измерена и убрана из обеих.

| книга | рука | записей | без ноги | сделок | итог | просадка | $ без 3 лучших дней | σ дня | Δσ | день/σ | хвостовых | случайная не хуже: итог / доход-просадка | вывод |
|---|---|--:|--:|--:|--:|--:|--:|--:|--:|--:|--:|--:|---|
| безопасная (шорт h24) | nn | 2490 | 0 | 554 | +8.9 % | -5.6 % | +295 $ | 99 $ | -17 % | 0.16 | 20 | +44 % / +50 % | в шуме случайной |
| оптимальная (шорт h24) | nn | 2490 | 0 | 608 | +2.8 % | -4.7 % | -139 $ | 69 $ | -29 % | 0.07 | 119 | +93 % / +92 % | в шуме случайной |
| агрессивная (шорт h24) | nn | 2490 | 0 | 471 | +9.7 % | -6.1 % | +8 $ | 123 $ | -24 % | 0.14 | 177 | +79 % / +82 % | в шуме случайной |
| безопасная (шорт h24) | gbm | 2651 | 0 | 742 | +8.4 % | -4.3 % | +247 $ | 90 $ | -24 % | 0.16 | 18 | +53 % / +40 % | в шуме случайной |
| оптимальная (шорт h24) | gbm | 2651 | 0 | 804 | +6.9 % | -4.4 % | +109 $ | 76 $ | -21 % | 0.16 | 129 | +62 % / +66 % | в шуме случайной |
| агрессивная (шорт h24) | gbm | 2651 | 0 | 595 | +11.8 % | -9.4 % | +196 $ | 137 $ | -15 % | 0.15 | 197 | +66 % / +90 % | в шуме случайной |

## E. Вол-таргет книги — оценка по журналу дней

Множитель дня = clip(σ_ref / σ прошлых 20 дней, 0.5…1.5); первые дни идут как есть. Касса не считалась — слоты и очередь денег при переменном билете здесь не видны; это направление, не решение.

| книга | сделок | итог | просадка | $ без 3 лучших дней | σ дня | Δσ | день/σ | хвостовых | множитель мин / мед / макс | дней с множителем |
|---|--:|--:|--:|--:|--:|--:|--:|--:|---|--:|
| безопасная (шорт h24) | 1039 | +15.3 % | -5.0 % | +852 $ | 117 $ | -2 % | 0.23 | — | 0.79 / 1.00 / 1.30 | 36 |
| оптимальная (шорт h24) | 1129 | +9.6 % | -4.9 % | +198 $ | 105 $ | +9 % | 0.16 | — | 0.97 / 1.00 / 1.50 | 36 |
| агрессивная (шорт h24) | 851 | +20.4 % | -6.6 % | +699 $ | 182 $ | +12 % | 0.20 | — | 0.98 / 1.03 / 1.50 | 36 |

## Как читать

- Стабильность читается по σ дня (Δσ против опоры) и хвостовым выходам при удержанных деньгах без 3 лучших дней; доход сам по себе рычагом не считается.
- «Лучше случайной» — случайная выборка того же размера не хуже правила не более чем в 5 % зёрен по итогу И по доходу/просадке; «в шуме» — всё остальное.
- Срок и трейлинг меняют исход записей по отметкам ядра (отметка часа = усечение срока бит в бит); трейлинг внутри часа не виден — оговорка названа.
- Расчёт: 2026-10-03 11:49, 809.0 с.
публикуется в ветку main:
 jobs/done/short-levers.done                  |   1 +
 jobs/done/short-levers.log                   | 150 +++++++++++++++++++++++++++
 jobs/poke.log                                |   3 +
 research/dca_paper/out/DCA-short-levers.json |   1 +
 research/dca_paper/out/DCA-short-levers.md   |  99 ++++++++++++++++++
 research/s8_loop/out/day_brake.json          |   2 +-
 6 files changed, 255 insertions(+), 1 deletion(-)
To github.com:n0tgod/algoth_v2.git
   d3d3015c..ca782bcd  main -> main
branch 'main' set up to track 'origin/main'.
опубликовано

конец: 2026-10-03T11:49:54Z, код 0
публикуется в ветку main:
 jobs/done/short-levers.log | 14 ++++++++++++++
 1 file changed, 14 insertions(+)
To github.com:n0tgod/algoth_v2.git
   ca782bcd..a2042c0e  main -> main
branch 'main' set up to track 'origin/main'.
опубликовано
