== задание short-rule-1 ==
строка: run research/dca_paper/run_short.py
начало: 2026-09-08T10:19:13Z
запускаю: .venv/bin/python research/dca_paper/run_short.py 
h24/gbm: часов 599, коротких выборов 1797, ног под краем 1787, отброшено (нет полей / знак) 10
h24/nn: часов 599, коротких выборов 1797, ног под краем 1656, отброшено (нет полей / знак) 129
ног обеих рук: 3443
решений 3443, в кэше 2984, считаю заново 129
коротких ног (край ≥ 33) 129: rr2 2, lo 121, any 129; символов 24
окно решений 2026-08-22 10:00 … 2026-09-08 10:00 UTC (17 суток, дат 8)
память: 90.9 МБ (ноги загружены; предел 1200)
память: 218.7 МБ (символ 10/24; предел 1200)
  символ 18/24  решений 118
память: 181.1 МБ (символ 20/24; предел 1200)
запись доходит до 2026-09-08 10:19 UTC
досчитано записей 208 по 129 решениям
safe_h: фильтр возраста ≥7 сут оставил 2443 из 2989 (моложе порога 546, возраст неизвестен 0)
optimal_h: фильтр возраста ≥7 сут оставил 2443 из 2989 (моложе порога 546, возраст неизвестен 0)
aggr_h: фильтр возраста ≥7 сут оставил 2443 из 2989 (моложе порога 546, возраст неизвестен 0)
линейка безопасная (шорт h24) (safe_h): позиций 2443, после правила одной на имя 593
  депозит $1,000: мест 40, взято 579, нет кассы 14, мельче $5 0, открытых 14, оборванных записью 5
  депозит $10,000: мест 45, взято 590, нет кассы 3, мельче $5 0, открытых 14, оборванных записью 5
  депозит $100,000: мест 45, взято 590, нет кассы 3, мельче $5 0, открытых 14, оборванных записью 5
линейка оптимальная (шорт h24) (optimal_h): позиций 2443, после правила одной на имя 613
  депозит $1,000: мест 40, взято 558, нет кассы 55, мельче $5 0, открытых 14, оборванных записью 5
  депозит $10,000: мест 45, взято 613, нет кассы 0, мельче $5 0, открытых 14, оборванных записью 5
  депозит $100,000: мест 45, взято 613, нет кассы 0, мельче $5 0, открытых 14, оборванных записью 5
линейка агрессивная (шорт h24) (aggr_h): позиций 2443, гейт плеча отсеял 998, после правила одной на имя 463
  депозит $1,000: мест 38, взято 463, нет кассы 0, мельче $5 0, открытых 9, оборванных записью 2
  депозит $10,000: мест 37, взято 463, нет кассы 0, мельче $5 0, открытых 9, оборванных записью 2
  депозит $100,000: мест 37, взято 463, нет кассы 0, мельче $5 0, открытых 9, оборванных записью 2
журнал: было 5352, дописано 4785 в 32 файлов записи
# Короткие книги на сигнале h24 (три режима, хедж-режим)

Решение владельца 2026-09-07: три варианта коротких стратегий рядом с длинными и режим общей статистики, под хедж-режим. Вход — короткие выборы книги `h24` обеих рук модели, срок 24 ч, доливов нет, цель — обещание модели ×2, гейт: край ≥ 33 б.п., отношение любое. Режимы различаются ТОЛЬКО плечом, как у длинных книг.

Решений листа: 3443; позиций в кэше реплея 2989, из них пересчитано в этом прогоне 208. Правила версии 6; прогон 42.1 с.

**Правила счёта** (решение владельца 2026-09-08 «сделать такую же логику, как и в общих»; объявлены ДО прогона, оба взяты у общего счёта и заново не подбирались):

* **возраст имени** — книга не входит в имя, торгующееся меньше порога на момент решения; возраст неизвестен — входа тоже нет, и это своё число;
* **доля билета** — безопасная (шорт h24) 1×, оптимальная (шорт h24) 0.25×, агрессивная (шорт h24) 0.25×, не ниже биржевого пола (на депозите $1 000 билеты и так стоят на полу, и доля там не кусается).

| книга | порог | решений предложено | взято | моложе порога | возраст неизвестен | справочнику часов |
|---|---|--:|--:|--:|--:|--:|
| безопасная (шорт h24) | ≥7 сут | 2989 | 2443 | 546 | 0 | 2.9 |
| оптимальная (шорт h24) | ≥7 сут | 2989 | 2443 | 546 | 0 | 2.9 |
| агрессивная (шорт h24) | ≥7 сут | 2989 | 2443 | 546 | 0 | 2.9 |

## Книги

| книга | депозит | билет | сделок | Σ $ | итог | просадка | медиана дня | плюсов | вперёд / пересчёт |
|---|--:|--:|--:|--:|--:|--:|--:|--:|--:|
| `safe_h` (безопасная (шорт h24)) | $1000 | $25 | 560 | +217.62 | +21.76 % | -12.08 % | +0.02 | 0.605 % | 20 / 540 |
| `safe_h` (безопасная (шорт h24)) | $10000 | $222 | 571 | +2067.46 | +20.67 % | -9.66 % | +0.01 | 0.606 % | 20 / 551 |
| `safe_h` (безопасная (шорт h24)) | $100000 | $2222 | 571 | +20693.15 | +20.69 % | -9.67 % | +0.01 | 0.606 % | 20 / 551 |
| `optimal_h` (оптимальная (шорт h24)) | $1000 | $25 | 539 | +183.12 | +18.31 % | -34.87 % | +0.02 | 0.597 % | 21 / 518 |
| `optimal_h` (оптимальная (шорт h24)) | $10000 | $55.5 | 594 | +550.82 | +5.51 % | -6.84 % | -0.00 | 0.584 % | 21 / 573 |
| `optimal_h` (оптимальная (шорт h24)) | $100000 | $555.5 | 594 | +5512.79 | +5.51 % | -6.85 % | -0.00 | 0.584 % | 21 / 573 |
| `aggr_h` (агрессивная (шорт h24)) | $1000 | $6.5 | 452 | +23.41 | +2.34 % | -11.51 % | -0.00 | 0.551 % | 24 / 428 |
| `aggr_h` (агрессивная (шорт h24)) | $10000 | $66.5 | 452 | +236.70 | +2.37 % | -11.78 % | -0.00 | 0.551 % | 24 / 428 |
| `aggr_h` (агрессивная (шорт h24)) | $100000 | $666.5 | 452 | +2369.48 | +2.37 % | -11.80 % | -0.00 | 0.551 % | 24 / 428 |

Вперёд — решения, записанные в течение 120 ч после самого решения; остальное — пересчёт истории по нынешним правилам, и складывать их в один вердикт нельзя.

## Чего замер НЕ говорит

- Живого исполнения здесь нет: исходы считаются реплеем по барам записи. Проскальзывание, очередь в стакане и задержка входа не моделируются; издержки круга учтены в `pnl_net`, отдельный замер издержек — `costs.py`.
- Общий счёт с длинной книгой считает `run_pair.py`: там депозит один на обе стороны, и числа его книг не равны сумме этой книги и длинной.
- Хедж-режим есть ПРАВИЛО СЧЁТА этой книги: она не смотрит на длинные позиции. На бирже так можно только в хедж-режиме; в одностороннем совпадающий шорт резал бы длинную позицию, и число таких совпадений стоит выше.
- Веса модели видели эти часы: пересчёт истории читается как оценка СВЕРХУ. Судит форвард.

