== задание short-adds3 ==
строка: run research/dca_paper/short_adds.py
начало: 2026-10-05T22:09:46Z
запускаю: .venv/bin/python research/dca_paper/short_adds.py 
h24/gbm: часов 944, коротких выборов 2832, ног под краем 2816, отброшено (нет полей / знак) 10
h24/nn: часов 944, коротких выборов 2832, ног под краем 2636, отброшено (нет полей / знак) 184
ног обеих рук: 5452
виды: 2000 из 9179, 9 с
виды: 4000 из 9179, 10 с
виды: 6000 из 9179, 11 с
виды: 8000 из 9179, 12 с
закрытых 9179, без отметок 0, с повторным выбором 7144; доля базовой ступени: медиана 0.25; волна не собралась 91 раз
    контроль: 50 зёрен из 200, 1 с
    контроль: 100 зёрен из 200, 2 с
    контроль: 150 зёрен из 200, 3 с
    контроль в плюсе: 50 зёрен из 200, 2 с
    контроль в плюсе: 100 зёрен из 200, 3 с
    контроль в плюсе: 150 зёрен из 200, 4 с
P прибыль ≥ +10 %: доливов 2302, среднее 0.0263, добито 0.131; случайные не хуже в 0.0, в плюсе — 0.0
    контроль: 50 зёрен из 200, 1 с
    контроль: 100 зёрен из 200, 1 с
    контроль: 150 зёрен из 200, 2 с
    контроль в плюсе: 50 зёрен из 200, 1 с
    контроль в плюсе: 100 зёрен из 200, 1 с
    контроль в плюсе: 150 зёрен из 200, 2 с
P прибыль ≥ +25 %: доливов 1248, среднее 0.0179, добито 0.159; случайные не хуже в 0.11, в плюсе — 0.135
    контроль: 50 зёрен из 200, 0 с
    контроль: 100 зёрен из 200, 1 с
    контроль: 150 зёрен из 200, 1 с
    контроль в плюсе: 50 зёрен из 200, 0 с
    контроль в плюсе: 100 зёрен из 200, 1 с
    контроль в плюсе: 150 зёрен из 200, 1 с
P прибыль ≥ +50 %: доливов 645, среднее 0.0179, добито 0.153; случайные не хуже в 0.135, в плюсе — 0.17
    контроль: 50 зёрен из 200, 3 с
    контроль: 100 зёрен из 200, 7 с
    контроль: 150 зёрен из 200, 10 с
    контроль в плюсе: 50 зёрен из 200, 5 с
    контроль в плюсе: 100 зёрен из 200, 9 с
    контроль в плюсе: 150 зёрен из 200, 13 с
R повторный выбор модели: доливов 7000, среднее 0.0171, добито 0.049; случайные не хуже в 0.0, в плюсе — 0.0
    контроль: 50 зёрен из 200, 2 с
    контроль: 100 зёрен из 200, 5 с
    контроль: 150 зёрен из 200, 7 с
    контроль в плюсе: 50 зёрен из 200, 3 с
    контроль в плюсе: 100 зёрен из 200, 7 с
    контроль в плюсе: 150 зёрен из 200, 10 с
R+ повтор при родителе в плюсе: доливов 5134, среднее 0.0187, добито 0.048; случайные не хуже в 0.0, в плюсе — 0.0
    контроль: 50 зёрен из 200, 3 с
    контроль: 100 зёрен из 200, 7 с
    контроль: 150 зёрен из 200, 10 с
    контроль в плюсе: 50 зёрен из 200, 5 с
    контроль в плюсе: 100 зёрен из 200, 10 с
    контроль в плюсе: 150 зёрен из 200, 16 с
M в плюсе и слабее рынка на ≥ 1 %: доливов 7426, среднее 0.0158, добито 0.054; случайные не хуже в 0.0, в плюсе — 0.0
    контроль: 50 зёрен из 200, 3 с
    контроль: 100 зёрен из 200, 6 с
    контроль: 150 зёрен из 200, 9 с
    контроль в плюсе: 50 зёрен из 200, 4 с
    контроль в плюсе: 100 зёрен из 200, 9 с
    контроль в плюсе: 150 зёрен из 200, 14 с
M в плюсе и слабее рынка на ≥ 2 %: доливов 6797, среднее 0.0123, добито 0.054; случайные не хуже в 0.075, в плюсе — 0.0
касса со ступенью «прибыль ≥ +10 %»: safe_h +9.9 %, optimal_h +13.5 %, aggr_h +19.8 %
касса со ступенью «прибыль ≥ +25 %»: safe_h +19.6 %, optimal_h +14.3 %, aggr_h +21.7 %
касса со ступенью «прибыль ≥ +50 %»: safe_h +19.3 %, optimal_h +13.1 %, aggr_h +15.7 %
касса со ступенью «повторный выбор модели»: safe_h +18.4 %, optimal_h +20.1 %, aggr_h +27.1 %
касса со ступенью «повтор при родителе в плюсе»: safe_h +18.0 %, optimal_h +18.4 %, aggr_h +26.0 %
касса со ступенью «в плюсе и слабее рынка на ≥ 1 %»: safe_h +15.9 %, optimal_h +15.4 %, aggr_h +23.1 %
касса со ступенью «в плюсе и слабее рынка на ≥ 2 %»: safe_h +14.1 %, optimal_h +15.1 %, aggr_h +21.2 %
# Доливы в прибыльный шорт: заполнить зарезервированные ступени по триггеру

Решение владельца 2026-10-05. Короткая книга резервирует маржу на четыре ступени и заполняет одну; долив здесь — вторая ступень той же доли нотионала в сторону прибыли. Считается ВСЯ позиция: после долива pnl идёт вдвое быстрее, общий пол капитуляции (−90 % маржи у безопасной линейки, −50 % у оптимальной) достигается при вдвое меньшем ходе против — по часовым отметкам кэша, с оговоркой часа. Величина — приращение денег позиции от долива, нетто круга издержек на его нотионал, долями зарезервированной маржи. Судьи — случайные позиции, открытые в те же часы, и такие же в плюсе (200 зёрен). «В цене» — ход цены за жизнь долива в б.п. (мера хода, не показ денег).

Закрытых позиций 9179, без отметок 0, с повторным выбором модели 7144 (ног листа 5452); доля базовой ступени (медиана) 0.25; волна не собралась 91 раз.

## Доливы по триггерам (все линейки вместе)

| триггер | доливов | хвостовых родителей | приращение, % маржи: среднее | медиана | плюсовых | худшие 5 % | добито доливом | в цене, среднее | случайные открытые: медиана / не хуже | случайные в плюсе: медиана / не хуже | вывод |
|---|--:|--:|--:|--:|--:|--:|--:|--:|---|---|---|
| прибыль ≥ +10 % | 2302 | 311 | +2.63 % | +2.14 % | 55 % | -74.2 % | 13.1 % | +122 б.п. | +0.99 % / 0 % | +0.87 % / 0 % | лучше случайного в плюсе |
| прибыль ≥ +25 % | 1248 | 167 | +1.79 % | +2.47 % | 55 % | -96.2 % | 15.9 % | +84 б.п. | +1.01 % / 11 % | +1.02 % / 14 % | в шуме случайного в плюсе |
| прибыль ≥ +50 % | 645 | 65 | +1.79 % | +6.69 % | 57 % | -111.3 % | 15.3 % | +79 б.п. | +0.82 % / 14 % | +0.88 % / 17 % | в шуме случайного в плюсе |
| повторный выбор модели | 7000 | 503 | +1.71 % | +0.77 % | 59 % | -34.9 % | 4.9 % | +175 б.п. | +1.04 % / 0 % | +0.83 % / 0 % | лучше случайного в плюсе |
| повтор при родителе в плюсе | 5134 | 272 | +1.87 % | +0.78 % | 60 % | -36.3 % | 4.8 % | +154 б.п. | +0.92 % / 0 % | +0.68 % / 0 % | лучше случайного в плюсе |
| в плюсе и слабее рынка на ≥ 1 % | 7426 | 419 | +1.58 % | +0.62 % | 58 % | -39.8 % | 5.4 % | +118 б.п. | +0.99 % / 0 % | +0.41 % / 0 % | лучше случайного в плюсе |
| в плюсе и слабее рынка на ≥ 2 % | 6797 | 341 | +1.23 % | +0.64 % | 58 % | -38.5 % | 5.4 % | +122 б.п. | +0.90 % / 8 % | +0.21 % / 0 % | лучше случайного в плюсе |

## По книгам: сумма доливов против денег родителей (доли маржи, нетто записей)

| книга | родителей | Σ родителей | прибыль ≥ +10 % | прибыль ≥ +25 % | прибыль ≥ +50 % | повторный выбор модели | повтор при родителе в плюсе | в плюсе и слабее рынка на ≥ 1 % | в плюсе и слабее рынка на ≥ 2 % |
|---|--:|--:|--:|--:|--:|--:|--:|--:|--:|
| безопасная (шорт h24) | 4585 | 60.1 | 9.8 (661) | 5.6 (334) | 5.7 (164) | 35.2 (3644) | 28.3 (2656) | 32.0 (3823) | 20.1 (3517) |
| оптимальная (шорт h24) | 4594 | 144.8 | 50.6 (1641) | 16.7 (914) | 5.9 (481) | 84.2 (3356) | 67.7 (2478) | 85.3 (3603) | 63.2 (3280) |
| агрессивная (шорт h24) | 4594 | 144.8 | 50.6 (1641) | 16.7 (914) | 5.9 (481) | 84.2 (3356) | 67.7 (2478) | 85.3 (3603) | 63.2 (3280) |

## Касса $10 000: повторы как свои позиции (правило «одна на имя» снято)

Повторный выбор модели сейчас кассой пропускается. Здесь он входит СВОЕЙ позицией со своей маржой — это долив с лишней маржой, не заполнение ступени; деньги нетто со всеми издержками.

| книга | ячейка | сделок | итог | просадка | σ дня | $ без 3 лучших дней | хвостовых |
|---|---|--:|--:|--:|--:|--:|--:|
| безопасная (шорт h24) | как сейчас | 1085 | +17.4 % | -5.4 % | 118 $ | +1,061 $ | 27 |
| безопасная (шорт h24) | повторы разрешены | 3211 | +27.2 % | -18.4 % | 425 $ | -908 $ | 72 |
| оптимальная (шорт h24) | как сейчас | 1179 | +9.7 % | -4.2 % | 95 $ | +269 $ | 185 |
| оптимальная (шорт h24) | повторы разрешены | 3797 | +48.0 % | -16.3 % | 501 $ | -85 $ | 619 |
| агрессивная (шорт h24) | как сейчас | 898 | +15.6 % | -6.5 % | 160 $ | +449 $ | 302 |
| агрессивная (шорт h24) | повторы разрешены | 2177 | +55.0 % | -15.8 % | 585 $ | -322 $ | 603 |

## Касса $10 000: вторая ступень заполнена по триггеру

То, о чём спрашивал владелец: позиция из двух входов на той же зарезервированной марже. Записи те же, после долива отметки идут вдвое быстрее, общий пол — по отметкам; касса снимает комиссию, проскальзывание и funding с обеих ступеней своим кодом. Доход/просадка — главная колонка.

| книга | ячейка | сделок | итог | просадка | доход/просадка | σ дня | $ без 3 лучших дней | хвостовых |
|---|---|--:|--:|--:|--:|--:|--:|--:|
| безопасная (шорт h24) | как сейчас | 1085 | +17.4 % | -5.4 % | 3.19 | 118 $ | +1,061 $ | 27 |
| безопасная (шорт h24) | прибыль ≥ +10 % | 1088 | +9.9 % | -12.3 % | 0.80 | 180 $ | -64 $ | 36 |
| безопасная (шорт h24) | прибыль ≥ +25 % | 1086 | +19.6 % | -7.7 % | 2.54 | 158 $ | +928 $ | 30 |
| безопасная (шорт h24) | прибыль ≥ +50 % | 1086 | +19.3 % | -5.4 % | 3.55 | 137 $ | +1,062 $ | 29 |
| безопасная (шорт h24) | повторный выбор модели | 1088 | +18.4 % | -7.6 % | 2.41 | 168 $ | +1,046 $ | 38 |
| безопасная (шорт h24) | повтор при родителе в плюсе | 1086 | +18.0 % | -6.2 % | 2.92 | 154 $ | +938 $ | 30 |
| безопасная (шорт h24) | в плюсе и слабее рынка на ≥ 1 % | 1088 | +15.9 % | -12.8 % | 1.24 | 197 $ | +379 $ | 34 |
| безопасная (шорт h24) | в плюсе и слабее рынка на ≥ 2 % | 1089 | +14.1 % | -12.4 % | 1.13 | 193 $ | +250 $ | 34 |
| оптимальная (шорт h24) | как сейчас | 1179 | +9.7 % | -4.2 % | 2.34 | 95 $ | +269 $ | 185 |
| оптимальная (шорт h24) | прибыль ≥ +10 % | 1184 | +13.5 % | -9.9 % | 1.36 | 180 $ | +15 $ | 206 |
| оптимальная (шорт h24) | прибыль ≥ +25 % | 1181 | +14.3 % | -5.8 % | 2.45 | 146 $ | +302 $ | 197 |
| оптимальная (шорт h24) | прибыль ≥ +50 % | 1179 | +13.1 % | -4.9 % | 2.68 | 120 $ | +367 $ | 193 |
| оптимальная (шорт h24) | повторный выбор модели | 1181 | +20.1 % | -4.7 % | 4.31 | 149 $ | +851 $ | 202 |
| оптимальная (шорт h24) | повтор при родителе в плюсе | 1180 | +18.4 % | -4.8 % | 3.84 | 145 $ | +697 $ | 195 |
| оптимальная (шорт h24) | в плюсе и слабее рынка на ≥ 1 % | 1186 | +15.4 % | -9.8 % | 1.56 | 182 $ | +253 $ | 212 |
| оптимальная (шорт h24) | в плюсе и слабее рынка на ≥ 2 % | 1185 | +15.1 % | -9.3 % | 1.62 | 169 $ | +296 $ | 207 |
| агрессивная (шорт h24) | как сейчас | 898 | +15.6 % | -6.5 % | 2.40 | 160 $ | +449 $ | 302 |
| агрессивная (шорт h24) | прибыль ≥ +10 % | 911 | +19.8 % | -15.5 % | 1.28 | 286 $ | -7 $ | 339 |
| агрессивная (шорт h24) | прибыль ≥ +25 % | 909 | +21.7 % | -11.8 % | 1.85 | 233 $ | +560 $ | 328 |
| агрессивная (шорт h24) | прибыль ≥ +50 % | 904 | +15.7 % | -10.3 % | 1.52 | 196 $ | +112 $ | 320 |
| агрессивная (шорт h24) | повторный выбор модели | 908 | +27.1 % | -10.3 % | 2.64 | 254 $ | +677 $ | 323 |
| агрессивная (шорт h24) | повтор при родителе в плюсе | 908 | +26.0 % | -9.5 % | 2.74 | 251 $ | +662 $ | 319 |
| агрессивная (шорт h24) | в плюсе и слабее рынка на ≥ 1 % | 914 | +23.1 % | -16.5 % | 1.40 | 305 $ | +257 $ | 343 |
| агрессивная (шорт h24) | в плюсе и слабее рынка на ≥ 2 % | 912 | +21.2 % | -15.2 % | 1.39 | 279 $ | +226 $ | 339 |

## Как читать

- Долив имеет смысл, если приращение денег позиции в плюсе ПОСЛЕ издержек, случайный открытый В ПЛЮСЕ в те же часы не хуже редко (≤ 5 % зёрен), а добитых доливом и худших 5 % книга переживёт.
- «Добито доливом» — позиция дошла до общего пола раньше своего выхода только из-за второй ступени: без долива она дожила бы до своего исхода. «Хвостовых родителей» — родители, кончившиеся полом или ликвидацией и без долива.
- Триггер по прибыли судится против случайного открытого, потому что любая живая позиция в среднем дотягивает в плюс: вопрос — выбирает ли триггер продолжение ЛУЧШЕ среднего.
- Правилом ничего не назначается: это первый взгляд по отметкам; второй шаг — ядро с общим полом и касса на заполнении ступеней.
- Расчёт: 2026-10-05 22:12, 155.2 с.
публикуется в ветку main:
 jobs/done/short-adds2.log                  |   7 ++
 jobs/done/short-adds3.done                 |   1 +
 jobs/done/short-adds3.log                  | 145 +++++++++++++++++++++++++++++
 jobs/poke.log                              |   3 +
 research/dca_paper/out/DCA-short-adds.json |   2 +-
 research/dca_paper/out/DCA-short-adds.md   |  45 +++++++--
 research/s8_loop/out/day_brake.json        |   2 +-
 7 files changed, 196 insertions(+), 9 deletions(-)
To github.com:n0tgod/algoth_v2.git
   b52eb6d1..71aee5cb  main -> main
branch 'main' set up to track 'origin/main'.
опубликовано

конец: 2026-10-05T22:12:27Z, код 0
публикуется в ветку main:
 jobs/done/short-adds3.log | 15 +++++++++++++++
 1 file changed, 15 insertions(+)
To github.com:n0tgod/algoth_v2.git
   71aee5cb..2bb69978  main -> main
branch 'main' set up to track 'origin/main'.
опубликовано
