== задание short-rung-6 ==
строка: run research/dca_paper/short_rung.py --group 0.5
начало: 2026-10-06T18:16:25Z
запускаю: .venv/bin/python research/dca_paper/short_rung.py --group 0.5
h24/gbm: часов 961, коротких выборов 2883, ног под краем 2867, отброшено (нет полей / знак) 10
h24/nn: часов 961, коротких выборов 2883, ног под краем 2685, отброшено (нет полей / знак) 186
ног обеих рук: 5552
решений 5552, уникальных позиций 4828, с повтором в срок 3955 (82%); медиана задержки первого повтора 1.0 ч
пол капитуляции 0.5 — линейки optimal_s
коротких ног (край ≥ 33) 5552: rr2 437, lo 4690, any 5552; символов 402
окно решений 2026-08-08 10:00 … 2026-10-06 18:00 UTC (59.3 суток, дат 60)
память: 199.3 МБ (ноги загружены; предел 1200)
кэш хранилища: снято 1564 файлов, осталось 1.80 ГБ при пределе 2
  символ 3/402  решений 79
кэш хранилища: снято 1429 файлов, осталось 1.80 ГБ при пределе 2
кэш хранилища: снято 1372 файлов, осталось 1.80 ГБ при пределе 2
кэш хранилища: снято 2671 файлов, осталось 1.80 ГБ при пределе 2
кэш хранилища: снято 599 файлов, осталось 1.80 ГБ при пределе 2
  символ 6/402  решений 160
кэш хранилища: снято 1643 файлов, осталось 1.80 ГБ при пределе 2
  символ 7/402  решений 166
кэш хранилища: снято 248 файлов, осталось 1.80 ГБ при пределе 2
  символ 10/402  решений 179
память: 446.5 МБ (символ 10/402; предел 1200)
кэш хранилища: снято 199 файлов, осталось 1.80 ГБ при пределе 2
кэш хранилища: снято 275 файлов, осталось 1.80 ГБ при пределе 2
  символ 12/402  решений 186
кэш хранилища: снято 878 файлов, осталось 1.80 ГБ при пределе 2
кэш хранилища: снято 999 файлов, осталось 1.80 ГБ при пределе 2
  символ 17/402  решений 241
кэш хранилища: снято 1620 файлов, осталось 1.80 ГБ при пределе 2
