== задание short-take-b ==
строка: run research/dca_paper/short_take.py --take t15 --take t2 --take t3
начало: 2026-09-10T14:18:39Z
запускаю: .venv/bin/python research/dca_paper/short_take.py --take t15 --take t2 --take t3
h24/gbm: часов 639, коротких выборов 1917, ног под краем 1907, отброшено (нет полей / знак) 10
h24/nn: часов 639, коротких выборов 1917, ног под краем 1775, отброшено (нет полей / знак) 130
ног обеих рук: 3682
коротких ног (край ≥ 33) 3682: rr2 370, lo 2974, any 3682; символов 291
окно решений 2026-08-08 10:00 … 2026-09-10 14:00 UTC (33.2 суток, дат 34)
память: 95.2 МБ (ноги загружены; предел 1200)
  символ 6/291  решений 146
память: 356.0 МБ (символ 10/291; предел 1200)
память: 325.5 МБ (символ 20/291; предел 1200)
  символ 23/291  решений 275
  символ 27/291  решений 363
  символ 30/291  решений 482
память: 329.4 МБ (символ 30/291; предел 1200)
  символ 33/291  решений 542
  символ 39/291  решений 622
память: 332.1 МБ (символ 40/291; предел 1200)
  символ 47/291  решений 736
  символ 48/291  решений 750
память: 335.0 МБ (символ 50/291; предел 1200)
  символ 57/291  решений 806
  символ 59/291  решений 930
память: 362.5 МБ (символ 60/291; предел 1200)
  символ 62/291  решений 948
  символ 63/291  решений 1035
  символ 70/291  решений 1134
память: 448.2 МБ (символ 70/291; предел 1200)
  символ 75/291  решений 1257
  символ 80/291  решений 1398
память: 379.3 МБ (символ 80/291; предел 1200)
  символ 85/291  решений 1502
  символ 89/291  решений 1635
память: 379.4 МБ (символ 90/291; предел 1200)
  символ 96/291  решений 1711
память: 379.4 МБ (символ 100/291; предел 1200)
  символ 103/291  решений 1799
  символ 104/291  решений 1837
