== задание short-why-1 ==
строка: run research/dca_paper/short_why.py
начало: 2026-09-07T20:14:23Z
запускаю: .venv/bin/python research/dca_paper/short_why.py 
safe_h: сделок 647, нетто +1290.99 $, просадка -15.4 %
optimal_h: сделок 629, нетто +189.25 $, просадка -41.9 %
aggr_h: сделок 488, нетто -1698.40 $, просадка -63.0 %
# Почему у короткой книги такая просадка

Вопрос владельца 2026-09-07: «почему по шорту такая просадка и минус на агрессивной, задача была выровнять кривую». Замер идёт по ЗАПИСИ книг на депозите $10000, деньги НЕТТО (издержки учтены в каждой сделке), правила и пороги не тронуты.

## безопасная (шорт h24) (`safe_h`)

Сделок 647, брутто +2880.11 $, НЕТТО +1290.99 $ (+12.9 % к депозиту), просадка -15.4 %, плюсовых 59 %, худший день -8.5 %.

### Где теряется: по исходу

| исход | сделок | Σ $ | медиана | худшая | доля убытка |
|---|--:|--:|--:|--:|--:|
| пол | 23 | -5062.05 | -230.62 | -266.04 | 81 % |
| ликвидация | 4 | -1152.95 | -298.25 | -305.94 | 19 % |
| тейк | 56 | +1573.27 | +12.50 | +0.37 | — |
| срок | 564 | +5932.72 | +1.60 | -209.54 | — |

### Где теряется: по плечу

| плечо | сделок | Σ $ | медиана | худшая | на вложенную маржу |
|---|--:|--:|--:|--:|--:|
| <3× | 468 | -33.42 | +1.43 | -209.54 | -0.0 % |
| 3–5× | 21 | -217.47 | +14.33 | -170.94 | -3.7 % |
| 5–10× | 35 | -409.47 | +11.36 | -266.04 | -4.3 % |
| 10–20× | 19 | -25.41 | -0.76 | -240.10 | -0.5 % |
| ≥20× | 104 | +1976.76 | +26.83 | -305.94 | +7.0 % |

### Концентрация: хвост трёх сделок или хвост книги

Худшая позиция -305.94 $, худшие пять -1423.74 $, худшие десять -2678.56 $. Без худших пяти книга дала бы +2714.73 $ при просадке -8.1 % (с ними — +1290.99 $ при -15.4 %). Худший день -852.29 $ из 31; без него +2143.28 $.

### Кто платит funding

| имя | плечо | маржа $ | держали ч | funding $ | б.п. маржи | итог сделки $ | исход |
|---|--:|--:|--:|--:|--:|--:|---|
| COTIUSDT | 25.0× | 237.74 | 24.0 | -165.47 | -6960 | +10.96 | срок |
| TUSDT | 11.3× | 288.07 | 24.0 | -106.58 | -3700 | -6.48 | срок |
| KAITOUSDT | 25.0× | 218.22 | 24.0 | -97.46 | -4466 | -31.53 | срок |
| LAUSDT | 25.0× | 292.39 | 24.0 | -68.37 | -2338 | -123.29 | срок |
| ANKRUSDT | 25.0× | 288.67 | 24.0 | -48.68 | -1687 | +230.68 | срок |

### «Выровнять кривую»: пара при меньшем билете шорта

Длинная книга та же, короткая входит долей своего билета. Деньги короткой линейны по билету, поэтому это оценка ТЕХ ЖЕ сделок, а не новый прогон: с меньшим билетом книга взяла бы решений больше. Ячейка станет правилом только объявленной заранее и проверенной вперёд.

| доля билета шорта | Σ $ пары | к депозиту | просадка пары | Σ $ шорта | Σ $ длинной |
|---|--:|--:|--:|--:|--:|
| 1× | +2103.09 | +21.03 % | -10.4 % | +1290.99 | +812.10 |
| 0.75× | +1780.34 | +17.80 % | -8.3 % | +968.24 | +812.10 |
| 0.5× | +1457.60 | +14.58 % | -5.9 % | +645.50 | +812.10 |
| 0.25× | +1134.85 | +11.35 % | -3.2 % | +322.75 | +812.10 |
| 0.1× | +941.20 | +9.41 % | -1.5 % | +129.10 | +812.10 |

## оптимальная (шорт h24) (`optimal_h`)

Сделок 629, брутто +3376.06 $, НЕТТО +189.25 $ (+1.9 % к депозиту), просадка -41.9 %, плюсовых 58 %, худший день -20.0 %.

### Где теряется: по исходу

| исход | сделок | Σ $ | медиана | худшая | доля убытка |
|---|--:|--:|--:|--:|--:|
| пол | 50 | -13041.03 | -269.69 | -341.51 | 64 % |
| ликвидация | 21 | -7210.31 | -349.77 | -418.67 | 36 % |
| тейк | 53 | +5929.22 | +18.74 | +0.38 | — |
| срок | 505 | +14511.37 | +4.06 | -281.84 | — |

### Где теряется: по плечу

| плечо | сделок | Σ $ | медиана | худшая | на вложенную маржу |
|---|--:|--:|--:|--:|--:|
| <3× | 282 | +214.97 | +1.69 | -281.84 | +0.2 % |
| 3–5× | 46 | -155.11 | +0.66 | -147.75 | -1.1 % |
| 5–10× | 80 | +120.76 | +13.35 | -387.40 | +0.4 % |
| 10–20× | 25 | +175.36 | +42.21 | -294.31 | +2.3 % |
| ≥20× | 196 | -166.73 | +18.09 | -418.67 | -0.3 % |

### Концентрация: хвост трёх сделок или хвост книги

Худшая позиция -418.67 $, худшие пять -2026.45 $, худшие десять -3867.49 $. Без худших пяти книга дала бы +2215.69 $ при просадке -31.5 % (с ними — +189.25 $ при -41.9 %). Худший день -2002.93 $ из 31; без него +2192.18 $.

### Кто платит funding

| имя | плечо | маржа $ | держали ч | funding $ | б.п. маржи | итог сделки $ | исход |
|---|--:|--:|--:|--:|--:|--:|---|
| TUSDT | 25.0× | 331.23 | 24.0 | -272.43 | -8225 | +156.26 | срок |
| SKRUSDT | 20.0× | 350.34 | 24.0 | -211.64 | -6041 | -68.61 | срок |
| COTIUSDT | 25.0× | 263.44 | 24.0 | -183.36 | -6960 | +12.15 | срок |
| ZKCUSDT | 25.0× | 350.89 | 24.0 | -105.08 | -2995 | +257.42 | срок |
| ONTUSDT | 25.0× | 410.12 | 24.0 | -95.85 | -2337 | +216.09 | срок |

### «Выровнять кривую»: пара при меньшем билете шорта

Длинная книга та же, короткая входит долей своего билета. Деньги короткой линейны по билету, поэтому это оценка ТЕХ ЖЕ сделок, а не новый прогон: с меньшим билетом книга взяла бы решений больше. Ячейка станет правилом только объявленной заранее и проверенной вперёд.

| доля билета шорта | Σ $ пары | к депозиту | просадка пары | Σ $ шорта | Σ $ длинной |
|---|--:|--:|--:|--:|--:|
| 1× | +1876.62 | +18.77 % | -37.9 % | +189.25 | +1687.38 |
| 0.75× | +1829.31 | +18.29 % | -31.4 % | +141.93 | +1687.38 |
| 0.5× | +1782.00 | +17.82 % | -23.3 % | +94.62 | +1687.38 |
| 0.25× | +1734.69 | +17.35 % | -13.1 % | +47.31 | +1687.38 |
| 0.1× | +1706.30 | +17.06 % | -5.5 % | +18.92 | +1687.38 |

## агрессивная (шорт h24) (`aggr_h`)

Сделок 488, брутто +4314.37 $, НЕТТО -1698.40 $ (-17.0 % к депозиту), просадка -63.0 %, плюсовых 55 %, худший день -34.2 %.

### Где теряется: по исходу

| исход | сделок | Σ $ | медиана | худшая | доля убытка |
|---|--:|--:|--:|--:|--:|
| пол | 85 | -27570.99 | -323.04 | -505.91 | 66 % |
| ликвидация | 36 | -14550.69 | -406.89 | -604.67 | 34 % |
| тейк | 36 | +10436.66 | +216.21 | +6.99 | — |
| срок | 331 | +29986.61 | +43.01 | -358.84 | — |

### Где теряется: по плечу

| плечо | сделок | Σ $ | медиана | худшая | на вложенную маржу |
|---|--:|--:|--:|--:|--:|
| 3–5× | 32 | +210.28 | +23.66 | -505.91 | +1.8 % |
| 5–10× | 111 | -902.46 | +16.29 | -494.55 | -2.0 % |
| 10–20× | 36 | -169.25 | +22.13 | -444.67 | -1.2 % |
| ≥20× | 309 | -836.97 | +11.01 | -604.67 | -0.7 % |

### Концентрация: хвост трёх сделок или хвост книги

Худшая позиция -604.67 $, худшие пять -2717.07 $, худшие десять -5237.90 $. Без худших пяти книга дала бы +1018.67 $ при просадке -47.7 % (с ними — -1698.40 $ при -63.0 %). Худший день -3415.05 $ из 31; без него +1716.65 $.

### Кто платит funding

| имя | плечо | маржа $ | держали ч | funding $ | б.п. маржи | итог сделки $ | исход |
|---|--:|--:|--:|--:|--:|--:|---|
| ONGUSDT | 20.0× | 508.82 | 24.0 | -387.36 | -7613 | +757.11 | срок |
| TUSDT | 25.0× | 397.94 | 24.0 | -327.30 | -8225 | +187.73 | срок |
| COTIUSDT | 25.0× | 455.71 | 24.0 | -273.03 | -5991 | -358.84 | срок |
| SKRUSDT | 20.0× | 419.01 | 24.0 | -253.12 | -6041 | -82.06 | срок |
| COTIUSDT | 25.0× | 307.55 | 24.0 | -214.06 | -6960 | +14.18 | срок |

### «Выровнять кривую»: пара при меньшем билете шорта

Длинная книга та же, короткая входит долей своего билета. Деньги короткой линейны по билету, поэтому это оценка ТЕХ ЖЕ сделок, а не новый прогон: с меньшим билетом книга взяла бы решений больше. Ячейка станет правилом только объявленной заранее и проверенной вперёд.

| доля билета шорта | Σ $ пары | к депозиту | просадка пары | Σ $ шорта | Σ $ длинной |
|---|--:|--:|--:|--:|--:|
| 1× | +320.11 | +3.20 % | -54.2 % | -1698.40 | +2018.51 |
| 0.75× | +744.71 | +7.45 % | -44.7 % | -1273.80 | +2018.51 |
| 0.5× | +1169.31 | +11.69 % | -33.1 % | -849.20 | +2018.51 |
| 0.25× | +1593.91 | +15.94 % | -18.5 % | -424.60 | +2018.51 |
| 0.1× | +1848.67 | +18.49 % | -8.0 % | -169.84 | +2018.51 |

## Чего замер НЕ говорит

- Сетка билета пересчитывает ТЕ ЖЕ сделки: настоящий прогон с меньшим билетом взял бы больше решений (кассы хватало бы чаще), и состав сдвинулся бы. Числа — ориентир для решения, а не результат книги.
- Пороги действующих книг задним числом не меняются: выбранная по этой таблице доля станет правилом, только будучи объявленной и проверенной вперёд.
- Окно одно и режим рынка один; веса модели видели эти часы.

публикуется в ветку main:
 jobs/done/short-why-1.done                |   1 +
 jobs/done/short-why-1.log                 | 163 ++++++++++++++++++++++++++++++
 jobs/poke.log                             |   3 +
 research/dca_paper/out/DCA-short-why.json |   1 +
 research/dca_paper/out/DCA-short-why.md   | 155 ++++++++++++++++++++++++++++
 research/s8_loop/out/day_brake.json       |   2 +-
 6 files changed, 324 insertions(+), 1 deletion(-)
To github.com:n0tgod/algoth_v2.git
   7ed8818..e7b78b0  main -> main
branch 'main' set up to track 'origin/main'.
опубликовано
конец: 2026-09-07T20:14:37Z, код 0
публикуется в ветку main:
 jobs/done/short-why-1.log | 13 +++++++++++++
 1 file changed, 13 insertions(+)
To github.com:n0tgod/algoth_v2.git
   e7b78b0..7f39cd4  main -> main
branch 'main' set up to track 'origin/main'.
опубликовано
