== задание short-rung-2 ==
строка: run research/dca_paper/short_rung.py
начало: 2026-10-06T11:53:37Z
запускаю: .venv/bin/python research/dca_paper/short_rung.py 
h24/gbm: часов 954, коротких выборов 2862, ног под краем 2846, отброшено (нет полей / знак) 10
h24/nn: часов 954, коротких выборов 2862, ног под краем 2664, отброшено (нет полей / знак) 186
ног обеих рук: 5510
решений 5510, уникальных позиций 4794, с повтором в срок 3927 (82%); медиана задержки первого повтора 1.0 ч
пол капитуляции 0.1 — линейки safe_s
коротких ног (край ≥ 33) 5510: rr2 437, lo 4651, any 5510; символов 400
окно решений 2026-08-08 10:00 … 2026-10-06 11:00 UTC (59 суток, дат 60)
память: 198.8 МБ (ноги загружены; предел 1200)
  символ 5/400  решений 95
  символ 6/400  решений 160
  символ 10/400  решений 179
память: 450.4 МБ (символ 10/400; предел 1200)
  символ 15/400  решений 227
  символ 19/400  решений 249
память: 442.6 МБ (символ 20/400; предел 1200)
  символ 22/400  решений 290
  символ 24/400  решений 323
кэш хранилища: снято 4157 файлов, осталось 1.80 ГБ при пределе 2
  символ 27/400  решений 408
  символ 28/400  решений 426
  символ 29/400  решений 430
  символ 30/400  решений 530
память: 463.1 МБ (символ 30/400; предел 1200)
кэш хранилища: снято 4138 файлов, осталось 1.80 ГБ при пределе 2
  символ 31/400  решений 582
  символ 33/400  решений 601
  символ 37/400  решений 637
  символ 39/400  решений 689
память: 473.3 МБ (символ 40/400; предел 1200)
  символ 42/400  решений 741
кэш хранилища: снято 8620 файлов, осталось 1.80 ГБ при пределе 2
  символ 45/400  решений 775
  символ 46/400  решений 777
  символ 47/400  решений 806
  символ 48/400  решений 830
  символ 50/400  решений 838
память: 481.4 МБ (символ 50/400; предел 1200)
кэш хранилища: снято 7089 файлов, осталось 1.80 ГБ при пределе 2
  символ 54/400  решений 873
  символ 56/400  решений 897
  символ 59/400  решений 1023
память: 498.0 МБ (символ 60/400; предел 1200)
кэш хранилища: снято 1934 файлов, осталось 1.80 ГБ при пределе 2
  символ 62/400  решений 1077
  символ 63/400  решений 1165
  символ 65/400  решений 1200
кэш хранилища: снято 9525 файлов, осталось 1.80 ГБ при пределе 2
  символ 70/400  решений 1267
память: 610.9 МБ (символ 70/400; предел 1200)
  символ 72/400  решений 1329
  символ 74/400  решений 1407
  символ 75/400  решений 1433
  символ 76/400  решений 1492
  символ 79/400  решений 1513
кэш хранилища: снято 4871 файлов, осталось 1.80 ГБ при пределе 2
  символ 80/400  решений 1619
память: 724.6 МБ (символ 80/400; предел 1200)
  символ 81/400  решений 1675
  символ 83/400  решений 1723
  символ 85/400  решений 1804
  символ 86/400  решений 1854
кэш хранилища: снято 3859 файлов, осталось 1.80 ГБ при пределе 2
  символ 89/400  решений 1947
память: 723.6 МБ (символ 90/400; предел 1200)
  символ 91/400  решений 1995
  символ 97/400  решений 2045
память: 723.6 МБ (символ 100/400; предел 1200)
  символ 101/400  решений 2080
кэш хранилища: снято 10543 файлов, осталось 1.80 ГБ при пределе 2
  символ 103/400  решений 2150
  символ 104/400  решений 2188
кэш хранилища: снято 5784 файлов, осталось 1.80 ГБ при пределе 2
  символ 106/400  решений 2286
  символ 110/400  решений 2353
память: 767.2 МБ (символ 110/400; предел 1200)
  символ 113/400  решений 2390
  символ 115/400  решений 2444
кэш хранилища: снято 4270 файлов, осталось 1.80 ГБ при пределе 2
  символ 120/400  решений 2478
память: 777.5 МБ (символ 120/400; предел 1200)
  символ 128/400  решений 2552
память: 777.5 МБ (символ 130/400; предел 1200)
  символ 136/400  решений 2592
память: 776.6 МБ (символ 140/400; предел 1200)
  символ 141/400  решений 2677
  символ 142/400  решений 2681
кэш хранилища: снято 4887 файлов, осталось 1.80 ГБ при пределе 2
  символ 145/400  решений 2724
память: 776.6 МБ (символ 150/400; предел 1200)
  символ 152/400  решений 2758
  символ 153/400  решений 2764
  символ 157/400  решений 2789
  символ 158/400  решений 2823
кэш хранилища: снято 6496 файлов, осталось 1.80 ГБ при пределе 2
память: 776.6 МБ (символ 160/400; предел 1200)
  символ 165/400  решений 2889
кэш хранилища: снято 2543 файлов, осталось 1.80 ГБ при пределе 2
  символ 167/400  решений 2911
память: 777.1 МБ (символ 170/400; предел 1200)
  символ 173/400  решений 2977
память: 777.1 МБ (символ 180/400; предел 1200)
  символ 183/400  решений 3046
кэш хранилища: снято 4765 файлов, осталось 1.80 ГБ при пределе 2
  символ 189/400  решений 3148
память: 777.1 МБ (символ 190/400; предел 1200)
  символ 194/400  решений 3163
  символ 195/400  решений 3164
  символ 197/400  решений 3178
память: 777.1 МБ (символ 200/400; предел 1200)
  символ 201/400  решений 3207
  символ 205/400  решений 3229
память: 777.1 МБ (символ 210/400; предел 1200)
  символ 213/400  решений 3321
  символ 215/400  решений 3348
  символ 220/400  решений 3408
память: 777.1 МБ (символ 220/400; предел 1200)
кэш хранилища: снято 5787 файлов, осталось 1.80 ГБ при пределе 2
  символ 225/400  решений 3443
  символ 226/400  решений 3574
  символ 228/400  решений 3694
память: 770.3 МБ (символ 230/400; предел 1200)
  символ 232/400  решений 3711
  символ 235/400  решений 3737
кэш хранилища: снято 6257 файлов, осталось 1.80 ГБ при пределе 2
  символ 239/400  решений 3764
память: 777.7 МБ (символ 240/400; предел 1200)
  символ 244/400  решений 3783
  символ 248/400  решений 4039
память: 777.7 МБ (символ 250/400; предел 1200)
  символ 252/400  решений 4240
кэш хранилища: снято 6344 файлов, осталось 1.80 ГБ при пределе 2
память: 777.7 МБ (символ 260/400; предел 1200)
  символ 261/400  решений 4351
  символ 268/400  решений 4391
память: 777.7 МБ (символ 270/400; предел 1200)
  символ 275/400  решений 4490
  символ 276/400  решений 4491
  символ 278/400  решений 4511
память: 777.6 МБ (символ 280/400; предел 1200)
  символ 288/400  решений 4603
память: 779.0 МБ (символ 290/400; предел 1200)
кэш хранилища: снято 2282 файлов, осталось 1.80 ГБ при пределе 2
  символ 293/400  решений 4618
память: 779.0 МБ (символ 300/400; предел 1200)
  символ 303/400  решений 4665
  символ 306/400  решений 4713
память: 780.3 МБ (символ 310/400; предел 1200)
  символ 314/400  решений 4841
память: 780.3 МБ (символ 320/400; предел 1200)
  символ 323/400  решений 4933
память: 782.4 МБ (символ 330/400; предел 1200)
  символ 336/400  решений 5022
память: 784.8 МБ (символ 340/400; предел 1200)
память: 784.8 МБ (символ 350/400; предел 1200)
  символ 351/400  решений 5079
  символ 357/400  решений 5094
память: 791.5 МБ (символ 360/400; предел 1200)
  символ 370/400  решений 5179
память: 791.5 МБ (символ 370/400; предел 1200)
память: 791.5 МБ (символ 380/400; предел 1200)
  символ 385/400  решений 5380
память: 791.5 МБ (символ 390/400; предел 1200)
память: 792.3 МБ (символ 400/400; предел 1200)
запись доходит до 2026-10-06 13:32 UTC
досчитано записей 67116 по 5510 решениям, ячеек 14
пол 0.1: сверка ref с кэшем книги — закрытых у обоих 4447, расхождений 72
пол 0.1 ref: safe_h 3.53 (сделок 1088) (5920 с)
пол 0.1 r2: safe_h 1.47 (сделок 1106) (5920 с)
пол 0.1 r2p: safe_h 1.21 (сделок 1095) (5920 с)
пол 0.1 r4: safe_h -0.29 (сделок 1121) (5920 с)
пол капитуляции 0.5 — линейки optimal_s
коротких ног (край ≥ 33) 5510: rr2 437, lo 4651, any 5510; символов 400
окно решений 2026-08-08 10:00 … 2026-10-06 11:00 UTC (59 суток, дат 60)
память: 821.7 МБ (ноги загружены; предел 1200)
кэш хранилища: снято 12433 файлов, осталось 1.80 ГБ при пределе 2
  символ 4/400  решений 80
кэш хранилища: снято 4119 файлов, осталось 1.80 ГБ при пределе 2
  символ 6/400  решений 160
  символ 10/400  решений 179
память: 846.5 МБ (символ 10/400; предел 1200)
  символ 14/400  решений 224
  символ 18/400  решений 245
память: 835.6 МБ (символ 20/400; предел 1200)
  символ 21/400  решений 278
  символ 22/400  решений 290
  символ 24/400  решений 323
кэш хранилища: снято 6324 файлов, осталось 1.80 ГБ при пределе 2
  символ 27/400  решений 408
  символ 29/400  решений 430
  символ 30/400  решений 530
память: 831.7 МБ (символ 30/400; предел 1200)
  символ 31/400  решений 582
  символ 34/400  решений 615
кэш хранилища: снято 3264 файлов, осталось 1.80 ГБ при пределе 2
  символ 39/400  решений 689
память: 838.6 МБ (символ 40/400; предел 1200)
  символ 44/400  решений 754
  символ 46/400  решений 777
  символ 47/400  решений 806
кэш хранилища: снято 7736 файлов, осталось 1.80 ГБ при пределе 2
  символ 48/400  решений 830
  символ 50/400  решений 838
память: 838.6 МБ (символ 50/400; предел 1200)
  символ 55/400  решений 876
кэш хранилища: снято 7379 файлов, осталось 1.80 ГБ при пределе 2
  символ 59/400  решений 1023
память: 838.6 МБ (символ 60/400; предел 1200)
  символ 62/400  решений 1077
кэш хранилища: снято 6425 файлов, осталось 1.80 ГБ при пределе 2
  символ 63/400  решений 1165
  символ 65/400  решений 1200
  символ 70/400  решений 1267
память: 854.2 МБ (символ 70/400; предел 1200)
кэш хранилища: снято 6985 файлов, осталось 1.80 ГБ при пределе 2
  символ 72/400  решений 1329
СТОП: память 1271 МБ больше предела 1200 МБ — прогон останавливается сам, цикл не трогаем
конец: 2026-10-06T14:02:04Z, код 3
публикуется в ветку main:
 jobs/done/short-rung-2.log          | 82 ++++++++++++++++++++++++++++++++++++-
 jobs/done/status-rung2.done         |  1 +
 jobs/done/status-rung2.log          |  9 ++++
 jobs/poke.log                       |  1 +
 research/s8_loop/out/day_brake.json |  2 +-
 5 files changed, 93 insertions(+), 2 deletions(-)
To github.com:n0tgod/algoth_v2.git
   32ef5d70..2ca006ab  main -> main
branch 'main' set up to track 'origin/main'.
опубликовано
