== задание short-rung-axes-1 ==
строка: run research/dca_paper/short_rung_axes.py
начало: 2026-10-06T21:55:36Z
запускаю: .venv/bin/python research/dca_paper/short_rung_axes.py 
h24/gbm: часов 964, коротких выборов 2892, ног под краем 2876, отброшено (нет полей / знак) 10
h24/nn: часов 964, коротких выборов 2892, ног под краем 2694, отброшено (нет полей / знак) 186
ног обеих рук: 5570
решений 5570, позиций 4843, с повтором в срок 3969 (82%); медиана задержки первого повтора 1.0 ч; ячеек 35
пол капитуляции 0.5 — линейки optimal_s
коротких ног (край ≥ 33) 5570: rr2 437, lo 4708, any 5570; символов 402
окно решений 2026-08-08 10:00 … 2026-10-06 21:00 UTC (59.5 суток, дат 60)
память: 132.3 МБ (ноги загружены; предел 1200)
кэш хранилища: снято 2229 файлов, осталось 1.80 ГБ при пределе 2
кэш хранилища: снято 2120 файлов, осталось 1.80 ГБ при пределе 2
  символ 5/402  решений 95
кэш хранилища: снято 2141 файлов, осталось 1.80 ГБ при пределе 2
кэш хранилища: снято 1339 файлов, осталось 1.80 ГБ при пределе 2
кэш хранилища: снято 2429 файлов, осталось 1.80 ГБ при пределе 2
  символ 6/402  решений 160
кэш хранилища: снято 1021 файлов, осталось 1.80 ГБ при пределе 2
  символ 7/402  решений 166
кэш хранилища: снято 2870 файлов, осталось 1.80 ГБ при пределе 2
кэш хранилища: снято 884 файлов, осталось 1.80 ГБ при пределе 2
  символ 10/402  решений 179
память: 339.7 МБ (символ 10/402; предел 1200)
кэш хранилища: снято 3122 файлов, осталось 1.80 ГБ при пределе 2
  символ 12/402  решений 186
кэш хранилища: снято 1038 файлов, осталось 1.80 ГБ при пределе 2
  символ 14/402  решений 224
кэш хранилища: снято 993 файлов, осталось 1.80 ГБ при пределе 2
  символ 17/402  решений 241
кэш хранилища: снято 1605 файлов, осталось 1.80 ГБ при пределе 2
  символ 18/402  решений 245
кэш хранилища: снято 298 файлов, осталось 1.80 ГБ при пределе 2
кэш хранилища: снято 346 файлов, осталось 1.80 ГБ при пределе 2
память: 265.5 МБ (символ 20/402; предел 1200)
  символ 21/402  решений 278
кэш хранилища: снято 1046 файлов, осталось 1.80 ГБ при пределе 2
кэш хранилища: снято 1921 файлов, осталось 1.80 ГБ при пределе 2
  символ 22/402  решений 290
кэш хранилища: снято 3231 файлов, осталось 1.80 ГБ при пределе 2
кэш хранилища: снято 2055 файлов, осталось 1.80 ГБ при пределе 2
  символ 24/402  решений 323
кэш хранилища: снято 2303 файлов, осталось 1.80 ГБ при пределе 2
кэш хранилища: снято 1602 файлов, осталось 1.80 ГБ при пределе 2
  символ 27/402  решений 408
кэш хранилища: снято 1858 файлов, осталось 1.80 ГБ при пределе 2
  символ 28/402  решений 426
кэш хранилища: снято 2123 файлов, осталось 1.80 ГБ при пределе 2
кэш хранилища: снято 1781 файлов, осталось 1.80 ГБ при пределе 2
кэш хранилища: снято 886 файлов, осталось 1.80 ГБ при пределе 2
  символ 30/402  решений 530
память: 377.0 МБ (символ 30/402; предел 1200)
кэш хранилища: снято 1565 файлов, осталось 1.80 ГБ при пределе 2
  символ 31/402  решений 582
кэш хранилища: снято 771 файлов, осталось 1.80 ГБ при пределе 2
кэш хранилища: снято 2905 файлов, осталось 1.80 ГБ при пределе 2
  символ 33/402  решений 601
кэш хранилища: снято 448 файлов, осталось 1.80 ГБ при пределе 2
  символ 34/402  решений 615
кэш хранилища: снято 925 файлов, осталось 1.80 ГБ при пределе 2
кэш хранилища: снято 1642 файлов, осталось 1.80 ГБ при пределе 2
  символ 39/402  решений 689
кэш хранилища: снято 1931 файлов, осталось 1.80 ГБ при пределе 2
память: 282.0 МБ (символ 40/402; предел 1200)
кэш хранилища: снято 1329 файлов, осталось 1.80 ГБ при пределе 2
  символ 43/402  решений 745
кэш хранилища: снято 1106 файлов, осталось 1.80 ГБ при пределе 2
кэш хранилища: снято 1110 файлов, осталось 1.80 ГБ при пределе 2
  символ 46/402  решений 777
кэш хранилища: снято 1906 файлов, осталось 1.80 ГБ при пределе 2
кэш хранилища: снято 1854 файлов, осталось 1.80 ГБ при пределе 2
  символ 47/402  решений 806
кэш хранилища: снято 873 файлов, осталось 1.80 ГБ при пределе 2
кэш хранилища: снято 1098 файлов, осталось 1.80 ГБ при пределе 2
кэш хранилища: снято 666 файлов, осталось 1.80 ГБ при пределе 2
кэш хранилища: снято 1728 файлов, осталось 1.80 ГБ при пределе 2
  символ 48/402  решений 830
кэш хранилища: снято 2796 файлов, осталось 1.80 ГБ при пределе 2
кэш хранилища: снято 587 файлов, осталось 1.80 ГБ при пределе 2
  символ 50/402  решений 838
память: 339.7 МБ (символ 50/402; предел 1200)
кэш хранилища: снято 1589 файлов, осталось 1.80 ГБ при пределе 2
кэш хранилища: снято 1605 файлов, осталось 1.80 ГБ при пределе 2
  символ 54/402  решений 873
кэш хранилища: снято 602 файлов, осталось 1.80 ГБ при пределе 2
кэш хранилища: снято 1247 файлов, осталось 1.80 ГБ при пределе 2
  символ 57/402  решений 899
кэш хранилища: снято 195 файлов, осталось 1.80 ГБ при пределе 2
кэш хранилища: снято 227 файлов, осталось 1.80 ГБ при пределе 2
  символ 59/402  решений 1023
память: 280.7 МБ (символ 60/402; предел 1200)
  символ 61/402  решений 1026
кэш хранилища: снято 854 файлов, осталось 1.80 ГБ при пределе 2
кэш хранилища: снято 1054 файлов, осталось 1.80 ГБ при пределе 2
кэш хранилища: снято 1432 файлов, осталось 1.80 ГБ при пределе 2
  символ 62/402  решений 1077
кэш хранилища: снято 3197 файлов, осталось 1.80 ГБ при пределе 2
кэш хранилища: снято 2330 файлов, осталось 1.80 ГБ при пределе 2
  символ 63/402  решений 1165
кэш хранилища: снято 2020 файлов, осталось 1.80 ГБ при пределе 2
кэш хранилища: снято 1790 файлов, осталось 1.80 ГБ при пределе 2
  символ 65/402  решений 1200
кэш хранилища: снято 446 файлов, осталось 1.80 ГБ при пределе 2
кэш хранилища: снято 1275 файлов, осталось 1.80 ГБ при пределе 2
  символ 68/402  решений 1208
кэш хранилища: снято 667 файлов, осталось 1.80 ГБ при пределе 2
  символ 70/402  решений 1270
память: 454.1 МБ (символ 70/402; предел 1200)
кэш хранилища: снято 382 файлов, осталось 1.80 ГБ при пределе 2
кэш хранилища: снято 415 файлов, осталось 1.80 ГБ при пределе 2
  символ 72/402  решений 1332
кэш хранилища: снято 972 файлов, осталось 1.80 ГБ при пределе 2
кэш хранилища: снято 400 файлов, осталось 1.80 ГБ при пределе 2
  символ 74/402  решений 1410
кэш хранилища: снято 1302 файлов, осталось 1.80 ГБ при пределе 2
кэш хранилища: снято 608 файлов, осталось 1.80 ГБ при пределе 2
кэш хранилища: снято 2587 файлов, осталось 1.80 ГБ при пределе 2
  символ 76/402  решений 1499
кэш хранилища: снято 3286 файлов, осталось 1.80 ГБ при пределе 2
кэш хранилища: снято 1286 файлов, осталось 1.80 ГБ при пределе 2
кэш хранилища: снято 1305 файлов, осталось 1.80 ГБ при пределе 2
  символ 80/402  решений 1626
память: 326.4 МБ (символ 80/402; предел 1200)
кэш хранилища: снято 613 файлов, осталось 1.80 ГБ при пределе 2
  символ 81/402  решений 1694
кэш хранилища: снято 1169 файлов, осталось 1.80 ГБ при пределе 2
кэш хранилища: снято 980 файлов, осталось 1.80 ГБ при пределе 2
кэш хранилища: снято 1673 файлов, осталось 1.80 ГБ при пределе 2
  символ 83/402  решений 1742
кэш хранилища: снято 1292 файлов, осталось 1.80 ГБ при пределе 2
  символ 85/402  решений 1826
кэш хранилища: снято 921 файлов, осталось 1.80 ГБ при пределе 2
кэш хранилища: снято 2828 файлов, осталось 1.80 ГБ при пределе 2
кэш хранилища: снято 515 файлов, осталось 1.80 ГБ при пределе 2
  символ 86/402  решений 1876
  символ 87/402  решений 1879
кэш хранилища: снято 1241 файлов, осталось 1.80 ГБ при пределе 2
кэш хранилища: снято 665 файлов, осталось 1.80 ГБ при пределе 2
  символ 89/402  решений 1969
кэш хранилища: снято 1422 файлов, осталось 1.80 ГБ при пределе 2
  символ 90/402  решений 1982
память: 344.5 МБ (символ 90/402; предел 1200)
кэш хранилища: снято 657 файлов, осталось 1.80 ГБ при пределе 2
кэш хранилища: снято 1332 файлов, осталось 1.80 ГБ при пределе 2
  символ 95/402  решений 2033
кэш хранилища: снято 1899 файлов, осталось 1.80 ГБ при пределе 2
  символ 97/402  решений 2069
кэш хранилища: снято 1778 файлов, осталось 1.80 ГБ при пределе 2
кэш хранилища: снято 417 файлов, осталось 1.80 ГБ при пределе 2
кэш хранилища: снято 1403 файлов, осталось 1.80 ГБ при пределе 2
  символ 100/402  решений 2102
память: 276.7 МБ (символ 100/402; предел 1200)
  символ 101/402  решений 2104
кэш хранилища: снято 1941 файлов, осталось 1.80 ГБ при пределе 2
кэш хранилища: снято 1504 файлов, осталось 1.80 ГБ при пределе 2
кэш хранилища: снято 553 файлов, осталось 1.80 ГБ при пределе 2
кэш хранилища: снято 807 файлов, осталось 1.80 ГБ при пределе 2
  символ 103/402  решений 2174
кэш хранилища: снято 1358 файлов, осталось 1.80 ГБ при пределе 2
кэш хранилища: снято 1792 файлов, осталось 1.80 ГБ при пределе 2
  символ 104/402  решений 2212
кэш хранилища: снято 1831 файлов, осталось 1.80 ГБ при пределе 2
кэш хранилища: снято 1859 файлов, осталось 1.80 ГБ при пределе 2
  символ 106/402  решений 2310
кэш хранилища: снято 1859 файлов, осталось 1.80 ГБ при пределе 2
кэш хранилища: снято 2089 файлов, осталось 1.80 ГБ при пределе 2
кэш хранилища: снято 1065 файлов, осталось 1.80 ГБ при пределе 2
  символ 110/402  решений 2377
память: 340.3 МБ (символ 110/402; предел 1200)
кэш хранилища: снято 389 файлов, осталось 1.80 ГБ при пределе 2
кэш хранилища: снято 411 файлов, осталось 1.80 ГБ при пределе 2
  символ 114/402  решений 2416
кэш хранилища: снято 971 файлов, осталось 1.80 ГБ при пределе 2
кэш хранилища: снято 1026 файлов, осталось 1.80 ГБ при пределе 2
  символ 115/402  решений 2468
кэш хранилища: снято 796 файлов, осталось 1.80 ГБ при пределе 2
кэш хранилища: снято 326 файлов, осталось 1.80 ГБ при пределе 2
  символ 118/402  решений 2485
память: 298.5 МБ (символ 120/402; предел 1200)
кэш хранилища: снято 999 файлов, осталось 1.80 ГБ при пределе 2
  символ 124/402  решений 2531
кэш хранилища: снято 1707 файлов, осталось 1.80 ГБ при пределе 2
кэш хранилища: снято 572 файлов, осталось 1.80 ГБ при пределе 2
  символ 128/402  решений 2576
память: 282.6 МБ (символ 130/402; предел 1200)
кэш хранилища: снято 1940 файлов, осталось 1.80 ГБ при пределе 2
кэш хранилища: снято 2684 файлов, осталось 1.80 ГБ при пределе 2
кэш хранилища: снято 716 файлов, осталось 1.80 ГБ при пределе 2
  символ 138/402  решений 2630
память: 273.6 МБ (символ 140/402; предел 1200)
кэш хранилища: снято 1499 файлов, осталось 1.80 ГБ при пределе 2
  символ 141/402  решений 2701
кэш хранилища: снято 689 файлов, осталось 1.80 ГБ при пределе 2
кэш хранилища: снято 1322 файлов, осталось 1.80 ГБ при пределе 2
кэш хранилища: снято 2374 файлов, осталось 1.80 ГБ при пределе 2
  символ 142/402  решений 2705
кэш хранилища: снято 2038 файлов, осталось 1.80 ГБ при пределе 2
  символ 145/402  решений 2748
  символ 150/402  решений 2776
память: 275.6 МБ (символ 150/402; предел 1200)
кэш хранилища: снято 1550 файлов, осталось 1.80 ГБ при пределе 2
кэш хранилища: снято 2375 файлов, осталось 1.80 ГБ при пределе 2
кэш хранилища: снято 3067 файлов, осталось 1.80 ГБ при пределе 2
  символ 153/402  решений 2788
кэш хранилища: снято 2214 файлов, осталось 1.80 ГБ при пределе 2
  символ 154/402  решений 2794
кэш хранилища: снято 450 файлов, осталось 1.80 ГБ при пределе 2
кэш хранилища: снято 1130 файлов, осталось 1.80 ГБ при пределе 2
  символ 157/402  решений 2813
кэш хранилища: снято 295 файлов, осталось 1.80 ГБ при пределе 2
кэш хранилища: снято 991 файлов, осталось 1.80 ГБ при пределе 2
  символ 158/402  решений 2847
память: 272.8 МБ (символ 160/402; предел 1200)
кэш хранилища: снято 1074 файлов, осталось 1.80 ГБ при пределе 2
  символ 163/402  решений 2897
кэш хранилища: снято 1869 файлов, осталось 1.80 ГБ при пределе 2
кэш хранилища: снято 795 файлов, осталось 1.80 ГБ при пределе 2
кэш хранилища: снято 984 файлов, осталось 1.80 ГБ при пределе 2
