== задание short-rung-time-1 ==
строка: run research/dca_paper/short_rung_time.py
начало: 2026-10-07T16:23:37Z
запускаю: .venv/bin/python research/dca_paper/short_rung_time.py 
h24/gbm: часов 980, коротких выборов 2940, ног под краем 2924, отброшено (нет полей / знак) 10
h24/nn: часов 980, коротких выборов 2940, ног под краем 2740, отброшено (нет полей / знак) 188
ног обеих рук: 5664
решений 5664, позиций 4918, с повтором в первые 24 ч 4034 (82%); ячеек 18, окно прохода 48 ч
пол капитуляции 0.5 — линейки optimal_s
коротких ног (край ≥ 33) 5664: rr2 437, lo 4802, any 5664; символов 402
окно решений 2026-08-08 10:00 … 2026-10-07 16:00 UTC (60.2 суток, дат 61)
память: 128.9 МБ (ноги загружены; предел 1200)
кэш хранилища: снято 2162 файлов, осталось 1.80 ГБ при пределе 2
  символ 4/402  решений 80
кэш хранилища: снято 1194 файлов, осталось 1.80 ГБ при пределе 2
  символ 5/402  решений 95
кэш хранилища: снято 1633 файлов, осталось 1.80 ГБ при пределе 2
кэш хранилища: снято 1936 файлов, осталось 1.80 ГБ при пределе 2
кэш хранилища: снято 2542 файлов, осталось 1.80 ГБ при пределе 2
  символ 6/402  решений 160
кэш хранилища: снято 1010 файлов, осталось 1.80 ГБ при пределе 2
кэш хранилища: снято 2324 файлов, осталось 1.80 ГБ при пределе 2
кэш хранилища: снято 2179 файлов, осталось 1.80 ГБ при пределе 2
  символ 10/402  решений 179
память: 351.2 МБ (символ 10/402; предел 1200)
кэш хранилища: снято 908 файлов, осталось 1.80 ГБ при пределе 2
кэш хранилища: снято 2013 файлов, осталось 1.80 ГБ при пределе 2
  символ 15/402  решений 227
кэш хранилища: снято 945 файлов, осталось 1.80 ГБ при пределе 2
кэш хранилища: снято 1503 файлов, осталось 1.80 ГБ при пределе 2
кэш хранилища: снято 305 файлов, осталось 1.80 ГБ при пределе 2
  символ 18/402  решений 250
кэш хранилища: снято 358 файлов, осталось 1.80 ГБ при пределе 2
память: 256.5 МБ (символ 20/402; предел 1200)
кэш хранилища: снято 1061 файлов, осталось 1.80 ГБ при пределе 2
  символ 21/402  решений 283
кэш хранилища: снято 1947 файлов, осталось 1.80 ГБ при пределе 2
  символ 22/402  решений 295
кэш хранилища: снято 3264 файлов, осталось 1.80 ГБ при пределе 2
  символ 23/402  решений 322
кэш хранилища: снято 2071 файлов, осталось 1.80 ГБ при пределе 2
кэш хранилища: снято 2100 файлов, осталось 1.80 ГБ при пределе 2
кэш хранилища: снято 1928 файлов, осталось 1.80 ГБ при пределе 2
  символ 27/402  решений 413
кэш хранилища: снято 1934 файлов, осталось 1.80 ГБ при пределе 2
кэш хранилища: снято 1809 файлов, осталось 1.80 ГБ при пределе 2
  символ 28/402  решений 431
кэш хранилища: снято 1293 файлов, осталось 1.80 ГБ при пределе 2
кэш хранилища: снято 1730 файлов, осталось 1.80 ГБ при пределе 2
  символ 30/402  решений 535
память: 372.5 МБ (символ 30/402; предел 1200)
кэш хранилища: снято 850 файлов, осталось 1.80 ГБ при пределе 2
кэш хранилища: снято 1506 файлов, осталось 1.80 ГБ при пределе 2
  символ 31/402  решений 587
  символ 32/402  решений 596
кэш хранилища: снято 1771 файлов, осталось 1.80 ГБ при пределе 2
кэш хранилища: снято 2077 файлов, осталось 1.80 ГБ при пределе 2
кэш хранилища: снято 254 файлов, осталось 1.80 ГБ при пределе 2
  символ 35/402  решений 625
кэш хранилища: снято 776 файлов, осталось 1.80 ГБ при пределе 2
кэш хранилища: снято 756 файлов, осталось 1.80 ГБ при пределе 2
кэш хранилища: снято 1593 файлов, осталось 1.80 ГБ при пределе 2
  символ 39/402  решений 694
память: 285.7 МБ (символ 40/402; предел 1200)
кэш хранилища: снято 1766 файлов, осталось 1.80 ГБ при пределе 2
  символ 43/402  решений 750
кэш хранилища: снято 1211 файлов, осталось 1.80 ГБ при пределе 2
кэш хранилища: снято 1209 файлов, осталось 1.80 ГБ при пределе 2
  символ 45/402  решений 780
кэш хранилища: снято 847 файлов, осталось 1.80 ГБ при пределе 2
кэш хранилища: снято 2044 файлов, осталось 1.80 ГБ при пределе 2
кэш хранилища: снято 1822 файлов, осталось 1.80 ГБ при пределе 2
  символ 47/402  решений 811
кэш хранилища: снято 1379 файлов, осталось 1.80 ГБ при пределе 2
кэш хранилища: снято 533 файлов, осталось 1.80 ГБ при пределе 2
кэш хранилища: снято 1124 файлов, осталось 1.80 ГБ при пределе 2
кэш хранилища: снято 1055 файлов, осталось 1.80 ГБ при пределе 2
  символ 48/402  решений 835
кэш хранилища: снято 1709 файлов, осталось 1.80 ГБ при пределе 2
кэш хранилища: снято 507 файлов, осталось 1.80 ГБ при пределе 2
  символ 50/402  решений 843
память: 337.7 МБ (символ 50/402; предел 1200)
кэш хранилища: снято 1818 файлов, осталось 1.80 ГБ при пределе 2
  символ 54/402  решений 878
кэш хранилища: снято 1457 файлов, осталось 1.80 ГБ при пределе 2
кэш хранилища: снято 1609 файлов, осталось 1.80 ГБ при пределе 2
  символ 56/402  решений 902
кэш хранилища: снято 203 файлов, осталось 1.80 ГБ при пределе 2
кэш хранилища: снято 491 файлов, осталось 1.80 ГБ при пределе 2
  символ 59/402  решений 1028
память: 280.4 МБ (символ 60/402; предел 1200)
кэш хранилища: снято 1039 файлов, осталось 1.80 ГБ при пределе 2
кэш хранилища: снято 1145 файлов, осталось 1.80 ГБ при пределе 2
кэш хранилища: снято 2438 файлов, осталось 1.80 ГБ при пределе 2
кэш хранилища: снято 2600 файлов, осталось 1.80 ГБ при пределе 2
  символ 62/402  решений 1082
кэш хранилища: снято 3016 файлов, осталось 1.80 ГБ при пределе 2
кэш хранилища: снято 888 файлов, осталось 1.80 ГБ при пределе 2
  символ 63/402  решений 1170
кэш хранилища: снято 1807 файлов, осталось 1.80 ГБ при пределе 2
кэш хранилища: снято 2288 файлов, осталось 1.80 ГБ при пределе 2
  символ 65/402  решений 1205
кэш хранилища: снято 341 файлов, осталось 1.80 ГБ при пределе 2
кэш хранилища: снято 1747 файлов, осталось 1.80 ГБ при пределе 2
кэш хранилища: снято 297 файлов, осталось 1.80 ГБ при пределе 2
  символ 70/402  решений 1275
память: 449.1 МБ (символ 70/402; предел 1200)
кэш хранилища: снято 330 файлов, осталось 1.80 ГБ при пределе 2
кэш хранилища: снято 437 файлов, осталось 1.80 ГБ при пределе 2
кэш хранилища: снято 995 файлов, осталось 1.80 ГБ при пределе 2
  символ 72/402  решений 1337
кэш хранилища: снято 457 файлов, осталось 1.80 ГБ при пределе 2
кэш хранилища: снято 1328 файлов, осталось 1.80 ГБ при пределе 2
  символ 74/402  решений 1415
кэш хранилища: снято 699 файлов, осталось 1.80 ГБ при пределе 2
кэш хранилища: снято 2616 файлов, осталось 1.80 ГБ при пределе 2
  символ 76/402  решений 1504
кэш хранилища: снято 3368 файлов, осталось 1.80 ГБ при пределе 2
кэш хранилища: снято 746 файлов, осталось 1.80 ГБ при пределе 2
кэш хранилища: снято 1798 файлов, осталось 1.80 ГБ при пределе 2
  символ 80/402  решений 1631
память: 338.7 МБ (символ 80/402; предел 1200)
кэш хранилища: снято 68 файлов, осталось 1.80 ГБ при пределе 2
кэш хранилища: снято 988 файлов, осталось 1.80 ГБ при пределе 2
