== задание short-adds ==
строка: run research/dca_paper/short_adds.py
начало: 2026-10-05T22:00:00Z
запускаю: .venv/bin/python research/dca_paper/short_adds.py 
h24/gbm: часов 944, коротких выборов 2832, ног под краем 2816, отброшено (нет полей / знак) 10
h24/nn: часов 944, коротких выборов 2832, ног под краем 2636, отброшено (нет полей / знак) 184
ног обеих рук: 5452
виды: 2000 из 9179, 10 с
виды: 4000 из 9179, 11 с
виды: 6000 из 9179, 12 с
виды: 8000 из 9179, 13 с
закрытых 9179, без отметок 0, с повторным выбором 7144; доля базовой ступени: медиана 0.25; волна не собралась 92 раз
    контроль: 50 зёрен из 200, 0 с
    контроль: 100 зёрен из 200, 1 с
    контроль: 150 зёрен из 200, 1 с
P прибыль ≥ +10 %: доливов 2302, среднее 0.1084, случайные не хуже в 0.0
    контроль: 50 зёрен из 200, 0 с
    контроль: 100 зёрен из 200, 0 с
    контроль: 150 зёрен из 200, 1 с
P прибыль ≥ +25 %: доливов 1248, среднее 0.1392, случайные не хуже в 0.0
    контроль: 50 зёрен из 200, 0 с
    контроль: 100 зёрен из 200, 0 с
    контроль: 150 зёрен из 200, 0 с
P прибыль ≥ +50 %: доливов 645, среднее 0.1572, случайные не хуже в 0.0
    контроль: 50 зёрен из 200, 2 с
    контроль: 100 зёрен из 200, 3 с
    контроль: 150 зёрен из 200, 4 с
R повторный выбор модели: доливов 7000, среднее 0.0383, случайные не хуже в 0.0
    контроль: 50 зёрен из 200, 1 с
    контроль: 100 зёрен из 200, 2 с
    контроль: 150 зёрен из 200, 3 с
R+ повтор при родителе в плюсе: доливов 5134, среднее 0.0429, случайные не хуже в 0.0
    контроль: 50 зёрен из 200, 2 с
    контроль: 100 зёрен из 200, 3 с
    контроль: 150 зёрен из 200, 5 с
M в плюсе и слабее рынка на ≥ 1 %: доливов 7426, среднее 0.042, случайные не хуже в 0.0
    контроль: 50 зёрен из 200, 1 с
    контроль: 100 зёрен из 200, 3 с
    контроль: 150 зёрен из 200, 4 с
M в плюсе и слабее рынка на ≥ 2 %: доливов 6797, среднее 0.0417, случайные не хуже в 0.0
# Доливы в прибыльный шорт: заполнить зарезервированные ступени по триггеру

Решение владельца 2026-10-05. Короткая книга резервирует маржу на четыре ступени и заполняет одну; долив здесь — вторая ступень той же доли нотионала в сторону прибыли, живёт до выхода родителя, убыток не ниже своей доли маржи, издержки — круг на свой нотионал. Первый взгляд по отметкам кэша, без общего пола позиции (это ядро, второй шаг). Судья — случайные позиции, открытые в те же часы, с тем же доливом (200 зёрен). Доли — от зарезервированной маржи родителя; «в цене» — ход цены после долива в б.п. (б.п. только здесь, как в хранении: это не показ денег, а мера хода).

Закрытых позиций 9179, без отметок 0, с повторным выбором модели 7144 (ног листа 5452); доля базовой ступени (медиана) 0.25; волна не собралась 92 раз.

## Доливы по триггерам (все линейки вместе)

| триггер | доливов | хвостовых родителей | среднее, % маржи | медиана | плюсовых | худшие 5 % | ликвидация долива | в цене, среднее | случайные открытые: медиана среднего / не хуже | вывод |
|---|--:|--:|--:|--:|--:|--:|--:|--:|---|---|
| прибыль ≥ +10 % | 2302 | 311 | +10.84 % | +2.72 % | 57 % | -25.7 % | 18.4 % | +279 б.п. | +3.16 % / 0 % | лучше случайного открытого |
| прибыль ≥ +25 % | 1248 | 167 | +13.92 % | +3.97 % | 57 % | -25.7 % | 21.0 % | +279 б.п. | +3.05 % / 0 % | лучше случайного открытого |
| прибыль ≥ +50 % | 645 | 65 | +15.72 % | +7.74 % | 60 % | -25.7 % | 22.6 % | +290 б.п. | +2.77 % / 0 % | лучше случайного открытого |
| повторный выбор модели | 7000 | 503 | +3.83 % | +0.80 % | 60 % | -25.4 % | 7.4 % | +254 б.п. | +3.15 % / 0 % | лучше случайного открытого |
| повтор при родителе в плюсе | 5134 | 272 | +4.29 % | +0.85 % | 61 % | -25.4 % | 6.8 % | +220 б.п. | +2.86 % / 0 % | лучше случайного открытого |
| в плюсе и слабее рынка на ≥ 1 % | 7426 | 419 | +4.20 % | +0.67 % | 59 % | -25.6 % | 7.4 % | +195 б.п. | +3.09 % / 0 % | лучше случайного открытого |
| в плюсе и слабее рынка на ≥ 2 % | 6797 | 341 | +4.17 % | +0.71 % | 59 % | -25.4 % | 7.0 % | +198 б.п. | +2.88 % / 0 % | лучше случайного открытого |

## По книгам: сумма доливов против денег родителей (доли маржи, нетто записей)

| книга | родителей | Σ родителей | прибыль ≥ +10 % | прибыль ≥ +25 % | прибыль ≥ +50 % | повторный выбор модели | повтор при родителе в плюсе | в плюсе и слабее рынка на ≥ 1 % | в плюсе и слабее рынка на ≥ 2 % |
|---|--:|--:|--:|--:|--:|--:|--:|--:|--:|
| безопасная (шорт h24) | 4585 | 60.1 | 56.5 (661) | 33.8 (334) | 16.5 (164) | 83.3 (3644) | 60.4 (2656) | 84.8 (3823) | 70.6 (3517) |
| оптимальная (шорт h24) | 4594 | 144.8 | 193.0 (1641) | 139.8 (914) | 84.9 (481) | 185.0 (3356) | 160.1 (2478) | 227.4 (3603) | 212.7 (3280) |
| агрессивная (шорт h24) | 4594 | 144.8 | 193.0 (1641) | 139.8 (914) | 84.9 (481) | 185.0 (3356) | 160.1 (2478) | 227.4 (3603) | 212.7 (3280) |

## Касса $10 000: повторы как свои позиции (правило «одна на имя» снято)

Повторный выбор модели сейчас кассой пропускается. Здесь он входит СВОЕЙ позицией со своей маржой — это долив с лишней маржой, не заполнение ступени; деньги нетто со всеми издержками.

| книга | ячейка | сделок | итог | просадка | σ дня | $ без 3 лучших дней | хвостовых |
|---|---|--:|--:|--:|--:|--:|--:|
| безопасная (шорт h24) | как сейчас | 1085 | +17.4 % | -5.4 % | 118 $ | +1,061 $ | 27 |
| безопасная (шорт h24) | повторы разрешены | 3211 | +27.2 % | -18.4 % | 425 $ | -908 $ | 72 |
| оптимальная (шорт h24) | как сейчас | 1179 | +9.7 % | -4.2 % | 95 $ | +269 $ | 185 |
| оптимальная (шорт h24) | повторы разрешены | 3797 | +48.0 % | -16.3 % | 501 $ | -85 $ | 619 |
| агрессивная (шорт h24) | как сейчас | 898 | +15.6 % | -6.5 % | 160 $ | +449 $ | 302 |
| агрессивная (шорт h24) | повторы разрешены | 2177 | +55.0 % | -15.8 % | 585 $ | -322 $ | 603 |

## Как читать

- Долив имеет смысл, если его среднее в плюсе ПОСЛЕ издержек, случайный открытый в те же часы не хуже редко (≤ 5 % зёрен), а ликвидаций долива и худших 5 % книга переживёт.
- «Хвостовых родителей» — сколько родителей после долива кончились полом или ликвидацией: там долив теряет всю свою долю, а общий пол позиции (не смоделирован) стоял бы ближе.
- Триггер по прибыли судится против случайного открытого, потому что любая живая позиция в среднем дотягивает в плюс: вопрос — выбирает ли триггер продолжение ЛУЧШЕ среднего.
- Правилом ничего не назначается: это первый взгляд по отметкам; второй шаг — ядро с общим полом и касса на заполнении ступеней.
- Расчёт: 2026-10-05 22:00, 41.4 с.
