== задание short-fav-now ==
строка: run research/dca_paper/run_short.py
начало: 2026-09-22T12:10:04Z
запускаю: .venv/bin/python research/dca_paper/run_short.py 
h24/gbm: часов 750, коротких выборов 2250, ног под краем 2234, отброшено (нет полей / знак) 10
h24/nn: часов 750, коротких выборов 2250, ног под краем 2089, отброшено (нет полей / знак) 149
ног обеих рук: 4323
решений 4323, в кэше 3762, считаю заново 55
пол капитуляции 0.1 — линейки safe_s
коротких ног (край ≥ 33) 55: rr2 7, lo 43, any 55; символов 32
окно решений 2026-08-22 10:00 … 2026-09-22 11:00 UTC (31 суток, дат 8)
память: 103.6 МБ (ноги загружены; предел 1200)
память: 147.2 МБ (символ 10/32; предел 1200)
память: 153.2 МБ (символ 20/32; предел 1200)
  символ 27/32  решений 45
память: 162.5 МБ (символ 30/32; предел 1200)
запись доходит до 2026-09-22 12:10 UTC
пол капитуляции 0.5 — линейки optimal_s
коротких ног (край ≥ 33) 55: rr2 7, lo 43, any 55; символов 32
окно решений 2026-08-22 10:00 … 2026-09-22 11:00 UTC (31 суток, дат 8)
память: 155.5 МБ (ноги загружены; предел 1200)
память: 159.3 МБ (символ 10/32; предел 1200)
память: 159.4 МБ (символ 20/32; предел 1200)
  символ 30/32  решений 50
память: 167.1 МБ (символ 30/32; предел 1200)
запись доходит до 2026-09-22 12:11 UTC
досчитано записей 102 по 55 решениям
safe_h: фильтр возраста ≥7 сут оставил 3081 из 3767 (моложе порога 686, возраст неизвестен 0)
safe_h: охрана рынком ≥ 2 % закрыла 1022 из 3081 позиций (из них открытых 9); часов без волны 12, записей без отметок 0
optimal_h: фильтр возраста ≥7 сут оставил 3081 из 3767 (моложе порога 686, возраст неизвестен 0)
optimal_h: охрана рынком ≥ 2 % закрыла 915 из 3081 позиций (из них открытых 8); часов без волны 11, записей без отметок 0
aggr_h: фильтр возраста ≥7 сут оставил 3081 из 3767 (моложе порога 686, возраст неизвестен 0)
aggr_h: охрана рынком ≥ 2 % закрыла 915 из 3081 позиций (из них открытых 8); часов без волны 11, записей без отметок 0
линейка безопасная (шорт h24) (safe_h): позиций 3081, после правила одной на имя 868
  депозит $1,000: мест 40, взято 858, нет кассы 10, мельче $5 0, открытых 13, оборванных записью 3
  депозит $10,000: мест 45, взято 864, нет кассы 4, мельче $5 0, открытых 13, оборванных записью 3
  депозит $100,000: мест 45, взято 864, нет кассы 4, мельче $5 0, открытых 13, оборванных записью 3
линейка оптимальная (шорт h24) (optimal_h): позиций 3081, после правила одной на имя 940
  депозит $1,000: мест 40, взято 918, нет кассы 22, мельче $5 0, открытых 12, оборванных записью 3
  депозит $10,000: мест 45, взято 940, нет кассы 0, мельче $5 0, открытых 12, оборванных записью 3
  депозит $100,000: мест 45, взято 940, нет кассы 0, мельче $5 0, открытых 12, оборванных записью 3
линейка агрессивная (шорт h24) (aggr_h): позиций 3081, гейт плеча отсеял 1270, после правила одной на имя 718
  депозит $1,000: мест 38, взято 718, нет кассы 0, мельче $5 0, открытых 6, оборванных записью 2
  депозит $10,000: мест 37, взято 718, нет кассы 0, мельче $5 0, открытых 6, оборванных записью 2
  депозит $100,000: мест 37, взято 718, нет кассы 0, мельче $5 0, открытых 6, оборванных записью 2
журнал: было 23561, дописано 0
# Короткие книги на сигнале h24 (три режима, хедж-режим)

Решение владельца 2026-09-07: три варианта коротких стратегий рядом с длинными и режим общей статистики, под хедж-режим. Вход — короткие выборы книги `h24` обеих рук модели, срок 24 ч, доливов нет, цель — обещание модели ×2, гейт: край ≥ 33 б.п., отношение любое. Режимы различаются ТОЛЬКО плечом, как у длинных книг.

Решений листа: 4323; позиций в кэше реплея 3767, из них пересчитано в этом прогоне 102. Правила версии 6; прогон 127.5 с.

**Правила счёта** (решение владельца 2026-09-08 «сделать такую же логику, как и в общих»; объявлены ДО прогона, оба взяты у общего счёта и заново не подбирались):

* **возраст имени** — книга не входит в имя, торгующееся меньше порога на момент решения; возраст неизвестен — входа тоже нет, и это своё число;
* **доля билета** — безопасная (шорт h24) 1×, оптимальная (шорт h24) 0.25×, агрессивная (шорт h24) 0.25×, не ниже биржевого пола (на депозите $1 000 билеты и так стоят на полу, и доля там не кусается).

| книга | порог | решений предложено | взято | моложе порога | возраст неизвестен | справочнику часов |
|---|---|--:|--:|--:|--:|--:|
| безопасная (шорт h24) | ≥7 сут | 3767 | 3081 | 686 | 0 | 7.2 |
| оптимальная (шорт h24) | ≥7 сут | 3767 | 3081 | 686 | 0 | 7.2 |
| агрессивная (шорт h24) | ≥7 сут | 3767 | 3081 | 686 | 0 | 7.2 |

**Охрана рынком** (правило 2026-09-13, спека 14 §13): позиция закрывается по закрытию часа, когда средний ход крупных имён рынка с момента входа ≥ порога; исход «рынок». Час без волны (сводки нет) триггером не бывает и стоит отдельным числом.

| книга | порог | позиций | закрыто рынком | из них открытых | часов без волны | без отметок |
|---|--:|--:|--:|--:|--:|--:|
| безопасная (шорт h24) | ≥ 2 % | 3081 | 1022 | 9 | 12 | 0 |
| оптимальная (шорт h24) | ≥ 2 % | 3081 | 915 | 8 | 11 | 0 |
| агрессивная (шорт h24) | ≥ 2 % | 3081 | 915 | 8 | 11 | 0 |

## Книги

| книга | депозит | билет | сделок | Σ $ | итог | просадка | медиана дня | плюсов | $ без лучшего имени | $ без 3 лучших дней | просадка без худшего дня | вперёд / пересчёт |
|---|--:|--:|--:|--:|--:|--:|--:|--:|--:|--:|--:|--:|
| `safe_h` (безопасная (шорт h24)) | $1000 | $25 | 842 | +330.49 | +33.05 % | -12.87 % | +0.01 | 0.564 % | +275.99 | +160.26 | -7.2 % | 190 / 652 |
| `safe_h` (безопасная (шорт h24)) | $10000 | $222 | 848 | +3257.77 | +32.58 % | -11.31 % | +0.02 | 0.565 % | +2780.74 | +1771.55 | -6.3 % | 190 / 658 |
| `safe_h` (безопасная (шорт h24)) | $100000 | $2222 | 848 | +32609.77 | +32.61 % | -11.32 % | +0.02 | 0.565 % | +27833.27 | +17731.49 | -6.3 % | 190 / 658 |
| `optimal_h` (оптимальная (шорт h24)) | $1000 | $25 | 903 | +429.85 | +42.98 % | -18.59 % | +0.02 | 0.518 % | +344.77 | +14.64 | -18.5 % | 204 / 699 |
| `optimal_h` (оптимальная (шорт h24)) | $10000 | $55.5 | 925 | +963.69 | +9.64 % | -3.60 % | +0.00 | 0.517 % | +723.12 | +259.13 | -3.2 % | 206 / 719 |
| `optimal_h` (оптимальная (шорт h24)) | $100000 | $555.5 | 925 | +9645.71 | +9.65 % | -3.61 % | +0.00 | 0.517 % | +7237.70 | +2593.33 | -3.2 % | 206 / 719 |
| `aggr_h` (агрессивная (шорт h24)) | $1000 | $6.5 | 710 | +123.39 | +12.34 % | -6.34 % | +0.00 | 0.47 % | +107.53 | +15.13 | -6.3 % | 155 / 555 |
| `aggr_h` (агрессивная (шорт h24)) | $10000 | $66.5 | 710 | +1262.62 | +12.63 % | -6.50 % | +0.00 | 0.47 % | +1099.64 | +152.07 | -6.5 % | 155 / 555 |
| `aggr_h` (агрессивная (шорт h24)) | $100000 | $666.5 | 710 | +12654.98 | +12.65 % | -6.51 % | +0.00 | 0.47 % | +11020.79 | +1521.38 | -6.5 % | 155 / 555 |

**Колонки концентрации отвечают на разные вопросы.** «Без лучшего имени» ловит одну разогнанную монету; «без 3 лучших дней» ловит рыночный эпизод, который раздаёт деньги десяткам имён разом, и первой колонке он невидим; «просадка без худшего дня» говорит, сделана ли просадка ОДНИМ днём или месяцем сползания. Если книга без трёх дней уходит в минус, она описывает эпизод, а не правило.


Вперёд — решения, записанные в течение 120 ч после самого решения; остальное — пересчёт истории по нынешним правилам, и складывать их в один вердикт нельзя.

## Чего замер НЕ говорит

- Живого исполнения здесь нет: исходы считаются реплеем по барам записи. Проскальзывание, очередь в стакане и задержка входа не моделируются; издержки круга учтены в `pnl_net`, отдельный замер издержек — `costs.py`.
- Общий счёт с длинной книгой считает `run_pair.py`: там депозит один на обе стороны, и числа его книг не равны сумме этой книги и длинной.
- Хедж-режим есть ПРАВИЛО СЧЁТА этой книги: она не смотрит на длинные позиции. На бирже так можно только в хедж-режиме; в одностороннем совпадающий шорт резал бы длинную позицию, и число таких совпадений стоит выше.
- Веса модели видели эти часы: пересчёт истории читается как оценка СВЕРХУ. Судит форвард.

публикуется в ветку main:
 jobs/done/backfill-fav-write.log      | 55 ++++++++++++++++++++
 jobs/done/short-fav-now.done          |  1 +
 jobs/done/short-fav-now.log           | 97 +++++++++++++++++++++++++++++++++++
 research/dca_paper/out/DCA-short.json |  2 +-
 research/dca_paper/out/DCA-short.md   | 14 ++---
 research/s8_loop/out/day_brake.json   |  2 +-
 6 files changed, 162 insertions(+), 9 deletions(-)
To github.com:n0tgod/algoth_v2.git
   1cdedc7a..ccb5d15c  main -> main
branch 'main' set up to track 'origin/main'.
опубликовано
конец: 2026-09-22T12:12:16Z, код 0
