== задание short-adds2 ==
строка: run research/dca_paper/short_adds.py
начало: 2026-10-05T22:04:49Z
запускаю: .venv/bin/python research/dca_paper/short_adds.py 
h24/gbm: часов 944, коротких выборов 2832, ног под краем 2816, отброшено (нет полей / знак) 10
h24/nn: часов 944, коротких выборов 2832, ног под краем 2636, отброшено (нет полей / знак) 184
ног обеих рук: 5452
виды: 2000 из 9179, 10 с
виды: 4000 из 9179, 11 с
виды: 6000 из 9179, 11 с
виды: 8000 из 9179, 12 с
закрытых 9179, без отметок 0, с повторным выбором 7144; доля базовой ступени: медиана 0.25; волна не собралась 91 раз
    контроль: 50 зёрен из 200, 1 с
    контроль: 100 зёрен из 200, 2 с
    контроль: 150 зёрен из 200, 3 с
    контроль в плюсе: 50 зёрен из 200, 1 с
    контроль в плюсе: 100 зёрен из 200, 2 с
    контроль в плюсе: 150 зёрен из 200, 3 с
P прибыль ≥ +10 %: доливов 2302, среднее 0.0263, добито 0.131; случайные не хуже в 0.0, в плюсе — 0.0
    контроль: 50 зёрен из 200, 0 с
    контроль: 100 зёрен из 200, 1 с
    контроль: 150 зёрен из 200, 1 с
    контроль в плюсе: 50 зёрен из 200, 0 с
    контроль в плюсе: 100 зёрен из 200, 1 с
    контроль в плюсе: 150 зёрен из 200, 1 с
P прибыль ≥ +25 %: доливов 1248, среднее 0.0179, добито 0.159; случайные не хуже в 0.11, в плюсе — 0.135
    контроль: 50 зёрен из 200, 0 с
    контроль: 100 зёрен из 200, 0 с
    контроль: 150 зёрен из 200, 1 с
    контроль в плюсе: 50 зёрен из 200, 0 с
    контроль в плюсе: 100 зёрен из 200, 1 с
    контроль в плюсе: 150 зёрен из 200, 1 с
P прибыль ≥ +50 %: доливов 645, среднее 0.0179, добито 0.153; случайные не хуже в 0.135, в плюсе — 0.17
    контроль: 50 зёрен из 200, 3 с
    контроль: 100 зёрен из 200, 5 с
    контроль: 150 зёрен из 200, 8 с
    контроль в плюсе: 50 зёрен из 200, 4 с
    контроль в плюсе: 100 зёрен из 200, 9 с
    контроль в плюсе: 150 зёрен из 200, 13 с
R повторный выбор модели: доливов 7000, среднее 0.0171, добито 0.049; случайные не хуже в 0.0, в плюсе — 0.0
    контроль: 50 зёрен из 200, 2 с
    контроль: 100 зёрен из 200, 4 с
    контроль: 150 зёрен из 200, 6 с
    контроль в плюсе: 50 зёрен из 200, 2 с
    контроль в плюсе: 100 зёрен из 200, 5 с
    контроль в плюсе: 150 зёрен из 200, 8 с
R+ повтор при родителе в плюсе: доливов 5134, среднее 0.0187, добито 0.048; случайные не хуже в 0.0, в плюсе — 0.0
    контроль: 50 зёрен из 200, 3 с
    контроль: 100 зёрен из 200, 6 с
    контроль: 150 зёрен из 200, 9 с
    контроль в плюсе: 50 зёрен из 200, 4 с
    контроль в плюсе: 100 зёрен из 200, 8 с
    контроль в плюсе: 150 зёрен из 200, 13 с
M в плюсе и слабее рынка на ≥ 1 %: доливов 7426, среднее 0.0158, добито 0.054; случайные не хуже в 0.0, в плюсе — 0.0
    контроль: 50 зёрен из 200, 3 с
    контроль: 100 зёрен из 200, 5 с
    контроль: 150 зёрен из 200, 8 с
    контроль в плюсе: 50 зёрен из 200, 4 с
    контроль в плюсе: 100 зёрен из 200, 7 с
    контроль в плюсе: 150 зёрен из 200, 11 с
M в плюсе и слабее рынка на ≥ 2 %: доливов 6797, среднее 0.0123, добито 0.054; случайные не хуже в 0.075, в плюсе — 0.0
# Доливы в прибыльный шорт: заполнить зарезервированные ступени по триггеру

Решение владельца 2026-10-05. Короткая книга резервирует маржу на четыре ступени и заполняет одну; долив здесь — вторая ступень той же доли нотионала в сторону прибыли. Считается ВСЯ позиция: после долива pnl идёт вдвое быстрее, общий пол капитуляции (−90 % маржи у безопасной линейки, −50 % у оптимальной) достигается при вдвое меньшем ходе против — по часовым отметкам кэша, с оговоркой часа. Величина — приращение денег позиции от долива, нетто круга издержек на его нотионал, долями зарезервированной маржи. Судьи — случайные позиции, открытые в те же часы, и такие же в плюсе (200 зёрен). «В цене» — ход цены за жизнь долива в б.п. (мера хода, не показ денег).

Закрытых позиций 9179, без отметок 0, с повторным выбором модели 7144 (ног листа 5452); доля базовой ступени (медиана) 0.25; волна не собралась 91 раз.

## Доливы по триггерам (все линейки вместе)

| триггер | доливов | хвостовых родителей | приращение, % маржи: среднее | медиана | плюсовых | худшие 5 % | добито доливом | в цене, среднее | случайные открытые: медиана / не хуже | случайные в плюсе: медиана / не хуже | вывод |
|---|--:|--:|--:|--:|--:|--:|--:|--:|---|---|---|
| прибыль ≥ +10 % | 2302 | 311 | +2.63 % | +2.14 % | 55 % | -74.2 % | 13.1 % | +122 б.п. | +0.99 % / 0 % | +0.87 % / 0 % | лучше случайного в плюсе |
| прибыль ≥ +25 % | 1248 | 167 | +1.79 % | +2.47 % | 55 % | -96.2 % | 15.9 % | +84 б.п. | +1.01 % / 11 % | +1.02 % / 14 % | в шуме случайного в плюсе |
| прибыль ≥ +50 % | 645 | 65 | +1.79 % | +6.69 % | 57 % | -111.3 % | 15.3 % | +79 б.п. | +0.82 % / 14 % | +0.88 % / 17 % | в шуме случайного в плюсе |
| повторный выбор модели | 7000 | 503 | +1.71 % | +0.77 % | 59 % | -34.9 % | 4.9 % | +175 б.п. | +1.04 % / 0 % | +0.83 % / 0 % | лучше случайного в плюсе |
| повтор при родителе в плюсе | 5134 | 272 | +1.87 % | +0.78 % | 60 % | -36.3 % | 4.8 % | +154 б.п. | +0.92 % / 0 % | +0.68 % / 0 % | лучше случайного в плюсе |
| в плюсе и слабее рынка на ≥ 1 % | 7426 | 419 | +1.58 % | +0.62 % | 58 % | -39.8 % | 5.4 % | +118 б.п. | +0.99 % / 0 % | +0.41 % / 0 % | лучше случайного в плюсе |
| в плюсе и слабее рынка на ≥ 2 % | 6797 | 341 | +1.23 % | +0.64 % | 58 % | -38.5 % | 5.4 % | +122 б.п. | +0.90 % / 8 % | +0.21 % / 0 % | лучше случайного в плюсе |

## По книгам: сумма доливов против денег родителей (доли маржи, нетто записей)

| книга | родителей | Σ родителей | прибыль ≥ +10 % | прибыль ≥ +25 % | прибыль ≥ +50 % | повторный выбор модели | повтор при родителе в плюсе | в плюсе и слабее рынка на ≥ 1 % | в плюсе и слабее рынка на ≥ 2 % |
|---|--:|--:|--:|--:|--:|--:|--:|--:|--:|
| безопасная (шорт h24) | 4585 | 60.1 | 9.8 (661) | 5.6 (334) | 5.7 (164) | 35.2 (3644) | 28.3 (2656) | 32.0 (3823) | 20.1 (3517) |
| оптимальная (шорт h24) | 4594 | 144.8 | 50.6 (1641) | 16.7 (914) | 5.9 (481) | 84.2 (3356) | 67.7 (2478) | 85.3 (3603) | 63.2 (3280) |
| агрессивная (шорт h24) | 4594 | 144.8 | 50.6 (1641) | 16.7 (914) | 5.9 (481) | 84.2 (3356) | 67.7 (2478) | 85.3 (3603) | 63.2 (3280) |

## Касса $10 000: повторы как свои позиции (правило «одна на имя» снято)

Повторный выбор модели сейчас кассой пропускается. Здесь он входит СВОЕЙ позицией со своей маржой — это долив с лишней маржой, не заполнение ступени; деньги нетто со всеми издержками.

| книга | ячейка | сделок | итог | просадка | σ дня | $ без 3 лучших дней | хвостовых |
|---|---|--:|--:|--:|--:|--:|--:|
| безопасная (шорт h24) | как сейчас | 1088 | +18.2 % | -5.4 % | 120 $ | +1,137 $ | 27 |
| безопасная (шорт h24) | повторы разрешены | 3218 | +28.6 % | -18.4 % | 424 $ | -769 $ | 72 |
| оптимальная (шорт h24) | как сейчас | 1181 | +10.0 % | -4.2 % | 95 $ | +294 $ | 185 |
| оптимальная (шорт h24) | повторы разрешены | 3804 | +48.7 % | -16.3 % | 501 $ | -15 $ | 619 |
| агрессивная (шорт h24) | как сейчас | 901 | +16.1 % | -6.5 % | 160 $ | +502 $ | 302 |
| агрессивная (шорт h24) | повторы разрешены | 2181 | +55.4 % | -15.8 % | 586 $ | -283 $ | 603 |

## Как читать

- Долив имеет смысл, если приращение денег позиции в плюсе ПОСЛЕ издержек, случайный открытый В ПЛЮСЕ в те же часы не хуже редко (≤ 5 % зёрен), а добитых доливом и худших 5 % книга переживёт.
- «Добито доливом» — позиция дошла до общего пола раньше своего выхода только из-за второй ступени: без долива она дожила бы до своего исхода. «Хвостовых родителей» — родители, кончившиеся полом или ликвидацией и без долива.
- Триггер по прибыли судится против случайного открытого, потому что любая живая позиция в среднем дотягивает в плюс: вопрос — выбирает ли триггер продолжение ЛУЧШЕ среднего.
- Правилом ничего не назначается: это первый взгляд по отметкам; второй шаг — ядро с общим полом и касса на заполнении ступеней.
- Расчёт: 2026-10-05 22:06, 127.3 с.
