== задание sides-paper ==
строка: run research/dca_paper/run_paper.py
начало: 2026-09-11T16:12:53Z
запускаю: .venv/bin/python research/dca_paper/run_paper.py 
sheets.jsonl: ног 1122085
решений под гейтом 8715, в кэше 7701, считаю заново 18
ног под гейтом 18 (шортов 0), символов 12
окно решений 2026-08-28 10:13 … 2026-09-11 15:58 UTC (14.2 суток, дат 6)
запись доходит до 2026-09-11 16:12 UTC; позиций закрытых 0, открытых 32, оборванных записью 4
хвост: имён с дописанным 8, минут 107, исходов по котировке 16, вход из котировки отклонён у 0 решений
линейка безопасная (safe): позиций 7355, после правила одной на имя 1775
  депозит $1,000: мест 40, взято 435, нет кассы 1340, мельче $5 0, открытых 10, оборванных записью 1
  депозит $10,000: мест 400, взято 1708, нет кассы 67, мельче $5 0, открытых 10, оборванных записью 1
  депозит $100,000: мест 689, взято 1775, нет кассы 0, мельче $5 0, открытых 10, оборванных записью 1
линейка оптимальная (optimal): позиций 7355, после правила одной на имя 1784
  депозит $1,000: мест 40, взято 450, нет кассы 1334, мельче $5 0, открытых 10, оборванных записью 1
  депозит $10,000: мест 400, взято 1717, нет кассы 67, мельче $5 0, открытых 10, оборванных записью 1
  депозит $100,000: мест 689, взято 1784, нет кассы 0, мельче $5 0, открытых 10, оборванных записью 1
линейка агрессивная (aggr): позиций 7355, гейт плеча отсеял 5403, после правила одной на имя 635
  депозит $1,000: мест 160, взято 471, нет кассы 164, мельче $5 0, открытых 0, оборванных записью 0
  депозит $10,000: мест 357, взято 635, нет кассы 0, мельче $5 0, открытых 0, оборванных записью 0
  депозит $100,000: мест 355, взято 635, нет кассы 0, мельче $5 0, открытых 0, оборванных записью 0
журнал: было 67812, дописано 0
# DCA — бумажные книги на трёх депозитах

Книг девять: три РЕЖИМА × три депозита. Внутри режима книги отличаются РОВНО депозитом: правила, гейты, ограда и выходы у них одни. Билет при этом НЕ один и тот же, и это не третья ось: он считается ОДНОЙ формулой — `максимум(пол режима, депозит / (пик режима × запас))`, — просто пол и пик у каждого режима свои.

| режим | пол | пик | билет | мест |
|---|--:|--:|--:|--:|
| безопасная | $25 | 457 | $25 / $25 / $145 | 40 / 400 / 689 |
| оптимальная | $25 | 457 | $25 / $25 / $145 | 40 / 400 / 689 |
| агрессивная | $6.25 | 237 | $6.25 / $28 / $281 | 160 / 357 / 355 |

**Пол задаёт биржа, и он у режимов разный.** Минимальный ордер площадки ровно $5, самый мелкий рунг лестницы — 0.25 нотионала, значит маржа не бывает меньше `$5 / 0.25 / плечо`. Худшее плечо режима без гейта есть 1× (забор выдаёт от единицы) — отсюда $20 и, с четвертью запаса на просадку, пол $25. У режима с гейтом худший случай есть сам гейт (4×), и пол выходит вчетверо ниже — $6.25.

**Потолок задаёт книга (решение владельца 2026-09-04): билет поднят так, чтобы хватало на ВСЕ места.** Пики ИЗМЕРЕНЫ по журналу: у двух режимов без гейта он один и тот же (457 — они берут одни решения и различаются лишь плечом), у режима с гейтом 237. Запас 1.5× нужен потому, что пик есть максимум выборки, а сечение растёт с записью. Правило само говорит главное: **мелкий депозит наполнить нельзя** — у него связывает пол биржи.

**Что здесь изменено 2026-09-04 и почему** (просьба владельца «оптимизировать книги под их названия»). Прежде на все три режима шёл пик ПУЛА, и «агрессивная» от этого стояла недогруженной: позиций у неё вдвое меньше, то есть её собственный пик ниже, и при полном по её меркам портфеле часть денег простаивала. Замер `name_check.py` назвал это числом — загрузка 4.0 % против 19.5 у «оптимальной», пик 59 % против 100, — то есть имя было честным по позиции и нечестным по книге. **Билет при этом не стал особым:** формула одна на все режимы, различаются лишь их собственные пол и пик, поэтому режимы по-прежнему отличаются РОВНО одним объявленным правилом (гейтом плеча), и контрольная рука со старым билетом не нужна. Числа безопасной и оптимальной не сдвинулись ни на цент — их пол и пик прежние.

**Чего правка НЕ чинит, и это надо знать до чтения таблицы.** Билет лечит простой денег при полном портфеле; он не лечит того, что режим с гейтом торгует вспышками — на нашей записи 13 календарных дней из 26. Средняя загрузка у него останется заметно ниже: полный по своим меркам портфель он держит редко. Это свойство ГЕЙТА, а не недогруз по нашему выбору, и лечить его билетом нельзя — билет, поднятый до средней загрузки соседей, в пик потребовал бы больше денег, чем есть, и состав книги начал бы решаться очередью за кассой, а не правилом.

**Биржевое правило соблюдается с первого дня:** у имени позиция одна, второй выбор по той же монете пропущен. Реплей D-серии этого не делал, и его «пик 3206» описывал ЛОТЫ, а не позиции.

**Кривая одна: бэктест и live в общем счёте** (решение владельца 2026-09-04). Пересчёт по прошлому есть ПРЕДЫСТОРИЯ живой записи, а не вторая книга, и рвать её надвое незачем — у сделки бэктеста стоит метка. Решение считается записанным вперёд, если попало в журнал не позже 120 ч после самого себя (предел жизни позиции 72 ч плюс двое суток на прогон). Числа обеих групп стоят рядом отдельной таблицей — и это не половинчатость: веса модели видели те часы, и без объёма бэктеста общая кривая читалась бы треком.

**Считаются ПОЗИЦИИ, а не сделки.** У имени позиция одна, а входов у неё несколько: база плюс доливы лестницы. Поэтому в таблице стоит число закрытых позиций, рядом число входов, а открытые позиции идут ОТДЕЛЬНОЙ строкой с отметкой — до выхода их результат станет любым, и складывать его с закрытым нельзя.

**Версия правил книг — 6, и запись начата с неё.** Смена версии отставляет прежние строки не из аккуратности: правило, по которому они писаны, было другим, и сшивать две кривые в одну значит показывать книгу, которой не было. Версия поднята трижды: билетом (пол режима и его же пик), исходом позиции, чей срок ещё шёл (ниже), и ТЕЙКОМ.

**Тейк (правка 2026-09-05, замер D8): цель от плавающей ТВХ, расстояние 2 обещания `mfe`.** Было — неподвижная цена `вход · (1 + mfe)`, тогда как ТВХ едет вниз с каждым доливом. Оба множителя выведены сеткой из 17 объявленных до прогона ячеек (`dca_ladder/out/D8-take-1m.md`): якорь берётся за согласованность (тейк по ТВХ платит тождественно «заполненный нотионал × доля»), расстояние — за деньги и форму (обещание стояло на 2.56 % при суточной σ имени 5.55 %). Вся прежняя история пересчитана этим правилом и лежит В ТОМ ЖЕ блоке с пометкой бэктеста — решение владельца: одна кривая, у сделки пересчёта метка.

**Решение, принятое до 2026-09-05 22:17 UTC, помечено бэктестом по построению** — правило выбрано ПОСЛЕ того, как эти часы стали видны, и задержка записи тут ничего не меняет. Без этой границы каждая смена правил молча перекрашивала бы последние 120 ч пересчёта в «вперёд».

**Позиция, чей срок ещё идёт, больше не закрывается «по сроку».** Это дефект, найденный при этой правке: реплей кончал позицию последним баром записи и выдавал это за исход правила — тот же класс, что D7 нашла у обрыва ряда. Теперь «срок» засчитывается, только если окно дошло до планового конца; иначе позиция либо ЖИВА (её символ пишется до сих пор), либо оборвана записью (ряд символа кончился раньше остальных), и вторая в счёт не идёт вовсе.

**Хвост ленты продолжается серединой стакана (решение владельца 2026-09-05), и это ПРАВИЛО книги, а не поправка.** Бары исходов читаются из ленты, а минута без единой сделки бара не даёт вовсе: у тонкого имени хвост окна пуст не потому, что цены не было, а потому, что по ней не торговали — стакан в те же минуты снимается раз в секунду. Позиция, чьё окно не дошло до конца только из-за отсутствия принтов, теперь получает исход по НАБЛЮДЁННЫМ ценам вместо вечного «оборвано записью». Правило держит три границы: дописывается только хвост (внутренние дыры не заполняются — по тем же барам считаются вход и цены рунгов); вход из котировки позицию не открывает (хвост продолжает начатое, а не заводит новых сделок); лимитка на минуте без принтов не заполняется вовсе — рунг и тейк исполняет чужой принт, а пол капитуляции, ликвидация и срок суть рыночные выходы против котировки и считаются. На этом прогоне хвост дописан 107 минут 8 именам; исходов, посчитанных по котировке, 884 из 9544 закрытых позиций книг; вход из котировки отклонён у 0 решений; имён, у которых хвоста нет и в книге, 4 — такая позиция остаётся оборванной, потому что отсутствие свидетельства не есть свидетельство отсутствия. Оборванными остались записи по причинам: книга кончилась раньше планового конца — 4. **Архива записи это не потребовало:** в журнал попадают только закрытые позиции, а закрытой позиция становится, когда её окно дошло до конца ЛЕНТОЙ, то есть хвост лежит вне её окна; оборванные же не писались вовсе. Значит правило не меняет ни одной записанной строки, а только добавляет исходы, которых не было. **Деньги от него ХУДЕЮТ, и это ожидалось**: замер `DCA-cut-check.md` дал −8.9…−121.2 $ по книгам (−0.05…−1.26 п.п. к депозиту) — оборванные позиции были в среднем хуже средней, и прежние числа книг слегка льстили.

**Две колонки концентрации отвечают на РАЗНЫЕ вопросы.** «Без лучшего имени» ловит одну разогнанную монету; «без 3 лучших дней» ловит один рыночный эпизод, который раздаёт деньги десяткам имён разом, и первой колонке он невидим. Если вторая уводит итог в минус, книга описывает не правило, а тот эпизод. У книги моложе четырёх дней вычитать нечего, и там стоит прочерк — величина не измерена, а не равна нулю.

**Режимов три, и книг поэтому девять.** Плечо не настройка агрессивности: оно выводится из неравенства безопасности, и режим задаёт, ИЗ ЧЕГО. **Безопасная** — плечо от собственной σ имени: запас 6 суточных σ до ликвидации. Волатильному имени плеча достаётся меньше. Замер D5: ликвидаций 0.000 % против 0.058 %, худшая позиция −29.8 % против −100 %, укус 21.7 против 46.7 — ценой примерно четверти обычного дня (медиана дня +0.200 % против +0.270 %). **Оптимальная** — плечо от глубины лестницы: запас 2 · d_max до ликвидации. Медиана позиции выше (+1.91 % против +1.26 % в замере D5), но хвост тяжелее и щедрее всего линейка ровно к волатильным именам — D3 намерил у неё антиселективность: медианное плечо хвоста 7.34× против 3.02× по книге. **Агрессивная** — та же глубина лестницы, что у «оптимальной», плюс ГЕЙТ ВХОДА: берутся только решения, которым забор выдал плечо не меньше порога. Порог не назначен, а взят из ячейки, породившей вопрос: в замере D6 при билете $5 биржевой пол требовал нотионал ≥ $20, то есть плечо ≥ 4×, и именно та ячейка дала +20.51 % за окно. Здесь это объявленное правило, а не побочный эффект билета, который биржа не примет. Знать надо и обратное: D3 намерил, что плечо и есть источник хвоста (медианное плечо хвоста 7.34× против 3.02× по книге), то есть режим намеренно садится в хвостовую зону. Имена — ярлыки, а не вердикт: какой режим лучше, покажет форвард, и все три ведутся параллельно ровно затем, чтобы вопрос решали числа, а не выбор задним числом.

## Издержки: учтены в каждой сделке

Комиссия тейкером на каждом рунге и выходе, проскальзывание 4.4 б.п. (X3: медиана входа 22 заполнений, 2026-08-22…25, потолок 30) на базовый вход и рыночный выход (пол, срок, трейл, стоп), funding по рядам площадки исполнения. Лимитные рунги и тейк проскальзывания не платят по построению.

| книга | депозит | сделок | из них с издержками | комиссия $ | проскальзывание $ | funding $ | издержки всего $ | брутто $ | нетто $ | медиана на сделку, б.п. маржи (комиссия / проскальз. / funding) | среднее, б.п. (там же) | худшая сделка по funding, б.п. |
|---|--:|--:|--:|--:|--:|--:|--:|--:|--:|--:|--:|--:|
| безопасная | $1,000 | 424 | 424 | -7.21 | -3.18 | -1.78 | -12.17 | +97.55 | +85.38 | +4.4 / +2.2 / -0.5 | +6.6 / +2.9 / -1.6 | -38 |
| оптимальная | $1,000 | 440 | 440 | -14.89 | -6.01 | -3.47 | -24.37 | +112.85 | +88.49 | +5.4 / +2.2 / -0.6 | +12.9 / +5.2 / -2.9 | -93 |
| агрессивная | $1,000 | 471 | 471 | -13.32 | -4.71 | -2.90 | -20.93 | +324.44 | +303.51 | +27.5 / +10.1 / -4.2 | +39.9 / +14.0 / -8.4 | -376 |
| безопасная | $10,000 | 1697 | 1697 | -33.13 | -12.70 | -9.24 | -55.07 | +867.70 | +812.63 | +5.9 / +2.2 / -1.0 | +7.6 / +2.9 / -2.1 | -40 |
| оптимальная | $10,000 | 1706 | 1706 | -72.44 | -26.32 | -18.08 | -116.84 | +1807.68 | +1690.83 | +9.0 / +3.4 / -1.6 | +15.9 / +5.7 / -3.9 | -111 |
| агрессивная | $10,000 | 635 | 635 | -77.50 | -25.71 | -18.74 | -121.95 | +2144.62 | +2022.67 | +27.9 / +10.0 / -4.4 | +40.3 / +13.3 / -9.6 | -376 |
| безопасная | $100,000 | 1764 | 1764 | -198.56 | -74.85 | -53.54 | -326.95 | +5298.62 | +4971.67 | +5.9 / +2.2 / -1.0 | +7.6 / +2.9 / -2.0 | -40 |
| оптимальная | $100,000 | 1773 | 1773 | -427.60 | -152.95 | -104.09 | -684.64 | +10929.01 | +10244.37 | +9.0 / +3.4 / -1.6 | +16.0 / +5.7 / -3.9 | -111 |
| агрессивная | $100,000 | 635 | 635 | -777.98 | -258.14 | -188.10 | -1224.22 | +21526.51 | +20302.28 | +27.9 / +10.0 / -4.4 | +40.3 / +13.3 / -9.6 | -376 |

**Funding — издержка ХВОСТА, а не средняя**: у 2 книг среднее на сделку в разы дальше от нуля, чем медиана, то есть платят немногие позиции и платят много (долгое удержание на дорогой ставке). безопасная $1000: медиана -0.5, среднее -1.6, худшая -38 б.п.; оптимальная $1000: медиана -0.6, среднее -2.9, худшая -93 б.п..


Чего не удалось измерить: у 13 сделок ряд funding не покрывает жизнь позиции — funding им НЕ начислен (это прочерк, а не ноль: он мал и разного знака, но не измерен); у 34499 сделок нет записи рунгов — издержки не вычтены вовсе, их деньги брутто; у 3243 сделок ставки тейкера в справочнике нет — взята модальная.

Проскальзывание снято на 300 $ за имя (живой замер X3): у крупных билетов оно больше, поэтому нетто крупных депозитов — НИЖНЯЯ граница издержек. Отметка открытой позиции остаётся брутто: выхода ещё не было, и комиссию выхода вычитать не из чего.

## Общий счёт: бэктест и live вместе

| режим | депозит | билет | мест | позиций | входов | имён | дней | $ | к депозиту | просадка | медиана дня | худший день | зелёных | укус | $ без лучшего имени | $ без 3 лучших дней |
|---|---|--:|--:|--:|--:|--:|--:|--:|--:|--:|--:|--:|--:|--:|--:|--:|
| безопасная | $1,000 | $25 | 40 | 424 | 568 | 301 | 33 | 85.38 | +8.54 % | -2.69 % | +0.042 % | -2.36 % | 0.64 | 11.7 | 81.44 | -7.85 |
| оптимальная | $1,000 | $25 | 40 | 440 | 592 | 306 | 33 | 88.49 | +8.85 % | -4.98 % | +0.007 % | -3.24 % | 0.52 | 7.1 | 73.61 | -79.14 |
| агрессивная | $1,000 | $6.25 | 160 | 471 | 756 | 267 | 17 | 303.51 | +30.35 % | -1.31 % | +0.054 % | -0.88 % | 0.65 | 2.9 | 293.67 | -11.33 |
| безопасная | $10,000 | $25 | 400 | 1697 | 2281 | 613 | 33 | 812.63 | +8.13 % | -0.26 % | +0.007 % | -0.25 % | 0.58 | 8.5 | 804.64 | 40.10 |
| оптимальная | $10,000 | $25 | 400 | 1706 | 2326 | 613 | 33 | 1,690.83 | +16.91 % | -0.59 % | +0.001 % | -0.44 % | 0.52 | 5.4 | 1,655.31 | 74.53 |
| агрессивная | $10,000 | $28 | 357 | 635 | 1029 | 330 | 17 | 2,022.67 | +20.23 % | -0.59 % | +0.024 % | -0.39 % | 0.65 | 2.8 | 1,982.13 | -23.39 |
| безопасная | $100,000 | $145 | 689 | 1764 | 2377 | 630 | 33 | 4,971.67 | +4.97 % | -0.15 % | +0.004 % | -0.15 % | 0.58 | 8.5 | 4,925.76 | 188.96 |
| оптимальная | $100,000 | $145 | 689 | 1773 | 2422 | 630 | 33 | 10,244.37 | +10.24 % | -0.34 % | +0.000 % | -0.26 % | 0.52 | 5.7 | 10,049.26 | 332.44 |
| агрессивная | $100,000 | $281 | 355 | 635 | 1029 | 330 | 17 | 20,302.28 | +20.30 % | -0.59 % | +0.024 % | -0.40 % | 0.65 | 2.8 | 19,895.13 | -234.32 |

## Из него записано вперёд (live)

| режим | депозит | билет | мест | позиций | входов | имён | дней | $ | к депозиту | просадка | медиана дня | худший день | зелёных | укус | $ без лучшего имени | $ без 3 лучших дней |
|---|---|--:|--:|--:|--:|--:|--:|--:|--:|--:|--:|--:|--:|--:|--:|--:|
| безопасная | $1,000 | $25 | 40 | 4 | 4 | 3 | 3 | -0.31 | -0.03 % | -0.07 % | +0.011 % | -0.07 % | 0.67 | 3.6 | -0.48 | — |
| оптимальная | $1,000 | $25 | 40 | 4 | 4 | 3 | 3 | -0.31 | -0.03 % | -0.07 % | +0.011 % | -0.07 % | 0.67 | 3.6 | -0.48 | — |
| агрессивная | $1,000 | $6.25 | 160 | 0 | — | — | — | — | — | — | — | — | — | — | — | — |
| безопасная | $10,000 | $25 | 400 | 4 | 4 | 3 | 3 | -0.31 | -0.00 % | -0.01 % | +0.001 % | -0.01 % | 0.67 | 3.6 | -0.47 | — |
| оптимальная | $10,000 | $25 | 400 | 4 | 4 | 3 | 3 | -0.34 | -0.00 % | -0.01 % | +0.001 % | -0.01 % | 0.67 | 3.6 | -0.52 | — |
| агрессивная | $10,000 | $28 | 357 | 0 | — | — | — | — | — | — | — | — | — | — | — | — |
| безопасная | $100,000 | $145 | 689 | 4 | 4 | 3 | 3 | -1.74 | -0.00 % | -0.00 % | +0.001 % | -0.00 % | 0.67 | 3.6 | -2.67 | — |
| оптимальная | $100,000 | $145 | 689 | 4 | 4 | 3 | 3 | -1.83 | -0.00 % | -0.00 % | +0.001 % | -0.00 % | 0.67 | 3.6 | -2.81 | — |
| агрессивная | $100,000 | $281 | 355 | 0 | — | — | — | — | — | — | — | — | — | — | — | — |

## Из него пересчёт по прошлому (бэктест)

| режим | депозит | билет | мест | позиций | входов | имён | дней | $ | к депозиту | просадка | медиана дня | худший день | зелёных | укус | $ без лучшего имени | $ без 3 лучших дней |
|---|---|--:|--:|--:|--:|--:|--:|--:|--:|--:|--:|--:|--:|--:|--:|--:|
| безопасная | $1,000 | $25 | 40 | 420 | 564 | 299 | 31 | 85.69 | +8.57 % | -2.69 % | +0.058 % | -2.36 % | 0.65 | 10.1 | 81.75 | -7.54 |
| оптимальная | $1,000 | $25 | 40 | 436 | 588 | 304 | 31 | 88.80 | +8.88 % | -4.98 % | +0.007 % | -3.24 % | 0.52 | 5.7 | 73.92 | -78.82 |
| агрессивная | $1,000 | $6.25 | 160 | 471 | 756 | 267 | 17 | 303.51 | +30.35 % | -1.31 % | +0.054 % | -0.88 % | 0.65 | 2.9 | 293.67 | -11.33 |
| безопасная | $10,000 | $25 | 400 | 1693 | 2277 | 613 | 31 | 812.94 | +8.13 % | -0.26 % | +0.009 % | -0.25 % | 0.58 | 6.0 | 804.95 | 40.41 |
| оптимальная | $10,000 | $25 | 400 | 1702 | 2322 | 613 | 31 | 1,691.17 | +16.91 % | -0.59 % | +0.001 % | -0.44 % | 0.52 | 5.0 | 1,655.65 | 74.86 |
| агрессивная | $10,000 | $28 | 357 | 635 | 1029 | 330 | 17 | 2,022.67 | +20.23 % | -0.59 % | +0.024 % | -0.39 % | 0.65 | 2.8 | 1,982.13 | -23.39 |
| безопасная | $100,000 | $145 | 689 | 1760 | 2373 | 630 | 31 | 4,973.41 | +4.97 % | -0.15 % | +0.005 % | -0.15 % | 0.58 | 6.0 | 4,927.50 | 190.69 |
| оптимальная | $100,000 | $145 | 689 | 1769 | 2418 | 630 | 31 | 10,246.20 | +10.25 % | -0.34 % | +0.000 % | -0.26 % | 0.52 | 5.2 | 10,051.09 | 334.27 |
| агрессивная | $100,000 | $281 | 355 | 635 | 1029 | 330 | 17 | 20,302.28 | +20.30 % | -0.59 % | +0.024 % | -0.40 % | 0.65 | 2.8 | 19,895.13 | -234.32 |

## Открытые позиции

Отметка по последнему бару записи, а не исход: до выхода результат станет любым. С закрытым счётом она не складывается нигде. «Оборвана записью» — позиция, чей ряд кончился раньше остальных (снятие с торгов либо дыра записи): исхода у неё нет, и в счёт она не идёт.

| режим | депозит | открытых | отметка $ | к депозиту | оборвано записью |
|---|---|--:|--:|--:|--:|
| безопасная | $1,000 | 10 | -0.13 | -0.01 % | 1 |
| оптимальная | $1,000 | 10 | -0.13 | -0.01 % | 1 |
| агрессивная | $1,000 | 0 | 0.00 | +0.00 % | 0 |
| безопасная | $10,000 | 10 | -0.13 | -0.00 % | 1 |
| оптимальная | $10,000 | 10 | -0.14 | -0.00 % | 1 |
| агрессивная | $10,000 | 0 | 0.00 | +0.00 % | 0 |
| безопасная | $100,000 | 10 | -0.73 | -0.00 % | 1 |
| оптимальная | $100,000 | 10 | -0.76 | -0.00 % | 1 |
| агрессивная | $100,000 | 0 | 0.00 | +0.00 % | 0 |

## По суткам, депозит $10,000

Итог книги отвечает «сколько всего» и молчит о том, КОГДА: сумма за месяц может стоять на одном дне. Здесь общий счёт (бэктест и live вместе).

| сутки | безопасная | оптимальная | агрессивная |
|---|--:|--:|--:|
| 2026-08-09 | 8.16 (10) | -3.78 (11) | -13.62 (2) |
| 2026-08-10 | 1.89 (6) | -12.77 (7) | -39.46 (2) |
| 2026-08-11 | -1.39 (11) | -1.64 (11) | -11.47 (1) |
| 2026-08-12 | -25.11 (28) | -44.12 (27) | -7.75 (4) |
| 2026-08-13 | 2.94 (28) | 2.24 (28) | — |
| 2026-08-14 | -0.20 (18) | -0.16 (18) | 2.44 (1) |
| 2026-08-15 | 1.24 (8) | 1.41 (8) | — |
| 2026-08-16 | -2.75 (64) | -1.52 (64) | 1.66 (1) |
| 2026-08-17 | 5.37 (27) | 7.62 (27) | — |
| 2026-08-18 | -3.13 (30) | -3.74 (30) | — |
| 2026-08-19 | 5.40 (50) | 9.30 (50) | 2.23 (3) |
| 2026-08-20 | 183.90 (235) | 377.26 (235) | 425.61 (125) |
| 2026-08-21 | 364.26 (429) | 783.61 (430) | 1,008.95 (250) |
| 2026-08-22 | 224.37 (215) | 455.44 (219) | 611.50 (152) |
| 2026-08-23 | 60.01 (62) | 102.07 (65) | 26.15 (21) |
| 2026-08-24 | 2.11 (70) | -8.35 (71) | -23.72 (27) |
| 2026-08-25 | -13.16 (232) | 14.23 (229) | 21.97 (39) |
| 2026-08-26 | 12.16 (19) | 19.99 (20) | 14.19 (1) |
| 2026-08-27 | -1.99 (46) | -4.74 (46) | — |
| 2026-08-28 | -17.94 (49) | -23.43 (50) | — |
| 2026-08-29 | -0.37 (5) | -0.40 (5) | — |
| 2026-08-30 | -0.81 (5) | -1.13 (5) | — |
| 2026-08-31 | -1.00 (5) | -1.09 (5) | — |
| 2026-09-01 | -3.10 (1) | -4.88 (1) | — |
| 2026-09-02 | -0.55 (3) | -0.74 (3) | — |
| 2026-09-03 | 1.44 (7) | 1.67 (7) | — |
| 2026-09-04 | 2.03 (5) | 8.21 (5) | -12.29 (3) |
| 2026-09-05 | 7.64 (4) | 16.37 (4) | 12.35 (1) |
| 2026-09-06 | 0.69 (11) | 0.57 (11) | — |
| 2026-09-07 | 0.01 (5) | 0.08 (5) | — |
| 2026-09-08 | 0.92 (6) | 3.70 (6) | 3.94 (2) |
| 2026-09-09 | 0.29 (2) | 0.31 (2) | — |
| 2026-09-10 | -0.70 (1) | -0.77 (1) | — |

В скобках — число закрытых позиций этого дня.

## Одно имя — одна позиция

Решение владельца 2026-09-07: обе руки модели остаются (лист пишут и деревья, и сеть), но сделки не должны дублироваться. Дубль — это ПЕРЕСЕЧЕНИЕ во времени двух позиций книги по одному имени; повторный вход после закрытия дублем не считается — биржа его допускает, — но печатается рядом со своей паузой, потому что «книга вошла в ту же монету через час» и «книга держит её дважды» суть разные вещи.

**Дублей нет ни в одной книге.**

| книга | позиций | имён | дублей | повторов после закрытия | медиана паузы, ч | больше всего входов в одно имя |
|---|--:|--:|--:|--:|--:|--:|
| aggr:1000 | 471 | 267 | 0 | 204 | 6.2 | 4 |
| aggr:10000 | 635 | 330 | 0 | 305 | 6.0 | 5 |
| aggr:100000 | 635 | 330 | 0 | 305 | 6.0 | 5 |
| optimal:1000 | 440 | 306 | 0 | 134 | 68.3 | 4 |
| optimal:10000 | 1706 | 613 | 0 | 1093 | 6.9 | 8 |
| optimal:100000 | 1773 | 630 | 0 | 1143 | 7.0 | 8 |
| safe:1000 | 424 | 301 | 0 | 123 | 80.2 | 4 |
| safe:10000 | 1697 | 613 | 0 | 1084 | 6.9 | 8 |
| safe:100000 | 1764 | 630 | 0 | 1134 | 7.0 | 8 |

Проверка идёт по ЖУРНАЛУ, а не по намерению кода: правило живёт в `run_d6.one_per_name`, и убедиться в нём можно только по тому, что записано.

## Гейт плеча и собственный пик режима

Гейт стоит ПЕРВЫМ, до правила одной на имя: у режима с гейтом низкоплечевой ранний вход не случается вовсе, и имя остаётся свободным для рычажного. Пик считается по тому, что режим ВЗЯЛ, и стоит рядом с объявленным — тем, из которого посчитан билет. **Объявленный обязан быть не ниже измеренного:** ниже означает, что билет велик и книга теряет решения по кассе, и такая строка кричит, а не молчит.

| режим | решений | отсеял гейт | после одной на имя | медиана плеча | свой пик позиций | объявлен |
|---|--:|--:|--:|--:|--:|--:|
| безопасная | 7355 | нет гейта | 1775 | 1.56× | 464 | 457 ⚠ ниже измеренного |
| оптимальная | 7355 | нет гейта | 1784 | 1.94× | 464 | 457 ⚠ ниже измеренного |
| агрессивная | 7355 | 5403 (плечо < 4×) | 635 | 8.63× | 245 | 237 ⚠ ниже измеренного |

**Объявленный пик ниже измеренного у режимов: безопасная, оптимальная, агрессивная.** Значит билет посчитан от заниженного пика и велик: книга берёт не все свои решения, а первые по очереди за кассой, то есть отказ меняет и состав. Число в `rules.PEAKS` объявлено до прогона и здесь не правится — правка есть решение владельца.

## Что связывает депозит

Числа счётного прогона 2026-09-11 16:13. Касса раздаёт деньги по очереди решений, поэтому книга, которой не хватает мест, берёт не лучшие сигналы, а первые: отказ по кассе меняет не только объём, но и СОСТАВ.

| режим | депозит | мест | взято | нет кассы | мельче пола |
|---|---|--:|--:|--:|--:|
| безопасная | $1,000 | 40 | 435 | 1340 | 0 |
| оптимальная | $1,000 | 40 | 450 | 1334 | 0 |
| агрессивная | $1,000 | 160 | 471 | 164 | 0 |
| безопасная | $10,000 | 400 | 1708 | 67 | 0 |
| оптимальная | $10,000 | 400 | 1717 | 67 | 0 |
| агрессивная | $10,000 | 357 | 635 | 0 | 0 |
| безопасная | $100,000 | 689 | 1775 | 0 | 0 |
| оптимальная | $100,000 | 689 | 1784 | 0 | 0 |
| агрессивная | $100,000 | 355 | 635 | 0 | 0 |

## Чего эти числа НЕ описывают

Живого исполнения здесь нет: сделки считаются реплеем по барам записи, а не сканером на живой цене. Значит не моделируются проскальзывание, очередь в стакане и задержка входа; долив лотов в одно имя запрещён правилом, а не сведён в позицию, то есть маржа и цена ликвидации по-прежнему считаются по каждой позиции отдельно — на бирже они считаются по слитой. Веса модели видели эти часы, поэтому пересчёт читается как оценка СВЕРХУ. Период один и режим рынка один.
публикуется в ветку main:
 jobs/done/deploy-day-sides.log        |   16 +
 jobs/done/sides-pair.log              |    8 +
 jobs/done/sides-paper.log             |  231 ++
 research/dca_paper/out/DCA-paper.json | 3834 +++++++++++++++++++++++++--------
 research/dca_paper/out/DCA-paper.md   |   16 +-
 5 files changed, 3188 insertions(+), 917 deletions(-)
On branch main
Your branch is ahead of 'origin/main' by 1 commit.
  (use "git push" to publish your local commits)

Changes not staged for commit:
  (use "git add <file>..." to update what will be committed)
  (use "git restore <file>..." to discard changes in working directory)
	modified:   jobs/done/sides-paper.log
	modified:   research/paper_monthly/out/daily.log
	modified:   research/s10_policy/out/tournament.log

Untracked files:
  (use "git add <file>..." to include in what will be committed)
	bot/out/
	research/a1_universe/.cache_opts/
	research/a1_universe/.cache_risk/
	research/mech_13a67a67/RUNBOOK.md
	research/mech_13a67a67/controls_check.py
	research/mech_13a67a67/run_age_mode.py
	research/mech_63fa406a/
	research/mech_fcbd3542/.cache_ann/
	research/mech_fcbd3542/.smoke.sh
	"research/mech_fcbd3542/.\320\275\320\265\321\202/"
	research/probe_fshift/.gitignore
	research/s8_loop/books_extra.json

no changes added to commit (use "git add" and/or "git commit -a")

конец: 2026-09-11T16:13:28Z, код 0
