== задание side-split ==
строка: run research/s8_loop/side_split.py
начало: 2026-09-07T03:34:58Z
запускаю: .venv/bin/python research/s8_loop/side_split.py 
h4: закрытых 4764
h24: закрытых 5661
h24b: закрытых 4048
h24bf: закрытых 4105
h24c: закрытых 1226
sit: закрытых 2140
sit_lo: закрытых 970
sit_r: закрытых 868
z: закрытых 4910
h24a: закрытых 252
h24za: закрытых 138
sit_obs: закрытых 7157
h4_r_f30_w5_gl_rrlo_se_b0_a0: закрытых 213
h4_z_f30_w5_gl_rrlo_se_b0_a0: закрытых 213
h4_z_f30_w5_gl_rrlo_sr_b0_a0: закрытых 213
h4_z_f30_w5_gt_rrlo_se_b0_a0: закрытых 80
# Книги моделей по стороне: где шорты в плюсе

Вопрос владельца 2026-09-07: не DCA, а источник сигнала — какая книга даёт плюс по шорт-сделкам, и есть ли тип сигнала с плюсом только по шортам. Сделки собраны тем же ядром, что страница и касса (`trades.build`/`account`, срок и размер из манифеста книги); net_bp — нетто круга 11 б.п. в долях нотионала, $ — касса книги. Медиана дня — по дате выхода; половины — по времени входа. t — наивная (сделки одного часа не независимы).

Прогон 2026-09-07 03:35 UTC · строк книга×рука 32 · судимых (шортов ≥ 30) 30 · книг без записи 0.

## По книгам и рукам

| книга | семья | рука | закрыто | шорт n | шорт $ | шорт net б.п. ср/мед | шорт win | t | дней | медиана дня $ | половины $ A/B | лонг n | лонг $ | лонг net мед | вердикт |
|---|---|---|---:|---:|---:|---:|---:|---:|---:|---:|---:|---:|---:|---:|---|
| `h4` | timer | gbm | 2425 | 1351 | +20.16 | +4.5 / +40.9 | 55 % | 0.21 | 27 | -0.58 | +235.82 / -215.66 | 1074 | -45.11 | -12.0 | минус |
| `h4` | timer | nn | 2339 | 1096 | +110.69 | -0.5 / -1.8 | 50 % | -0.02 | 27 | +1.39 | +256.11 / -145.42 | 1243 | -681.61 | -28.8 | минус |
| `h24` | timer | gbm | 3065 | 1584 | +98.95 | +74.9 / +283.5 | 60 % | 1.48 | 31 | +11.76 | +887.08 / -788.13 | 1481 | +368.61 | -37.9 | плюс, но не на обеих половинах |
| `h24` | timer | nn | 2596 | 1221 | +771.24 | +366.3 / +502.7 | 66 % | 6.51 | 31 | +8.19 | +575.02 / +196.22 | 1375 | -316.29 | -98.5 | **шорты в плюсе, только шорты** |
| `h24b` (эхо) | basket | gbm | 2222 | 1124 | -155.93 | -23.2 / +191.4 | 58 % | -0.39 | 23 | -4.80 | +484.94 / -640.87 | 1098 | +363.16 | +37.8 | минус |
| `h24b` (эхо) | basket | nn | 1826 | 794 | +315.71 | +222.5 / +400.5 | 64 % | 3.54 | 24 | +3.93 | +377.56 / -61.85 | 1032 | -95.47 | -67.3 | плюс, но не на обеих половинах |
| `h24bf` (эхо) | basket | gbm | 2228 | 1124 | -99.28 | +2.9 / +166.2 | 57 % | 0.05 | 23 | -4.80 | +486.70 / -585.98 | 1104 | +361.01 | +37.9 | минус |
| `h24bf` (эхо) | basket | nn | 1877 | 844 | +222.97 | +160.5 / +308.8 | 62 % | 2.64 | 24 | +3.19 | +433.72 / -210.75 | 1033 | -97.79 | -77.2 | плюс, но не на обеих половинах |
| `h24c` (эхо) | basket | gbm | 618 | 307 | -43.64 | -66.5 / +13.4 | 52 % | -0.99 | 6 | +5.87 | -71.65 / +28.01 | 311 | +222.05 | +110.3 | минус |
| `h24c` (эхо) | basket | nn | 608 | 309 | -23.08 | -25.5 / +99.1 | 55 % | -0.32 | 6 | -0.92 | +17.62 / -40.70 | 299 | -39.69 | -189.7 | минус |
| `sit` | situational | gbm | 1008 | 602 | -210.96 | -9.5 / -109.2 | 37 % | -0.47 | 25 | -15.30 | -243.02 / +32.06 | 406 | +452.25 | -40.7 | минус |
| `sit` | situational | nn | 1132 | 478 | -441.56 | -33.7 / -79.6 | 34 % | -1.91 | 25 | -22.99 | -242.19 / -199.37 | 654 | -36.14 | -59.8 | минус |
| `sit_lo` | situational | gbm | 476 | 335 | -89.30 | -6.7 / +39.2 | 56 % | -0.22 | 16 | +7.64 | -53.21 / -36.09 | 141 | -184.21 | +6.3 | минус |
| `sit_lo` | situational | nn | 494 | 277 | -70.17 | -8.6 / +19.4 | 56 % | -0.29 | 16 | -2.66 | +88.56 / -158.73 | 217 | -286.82 | -8.9 | минус |
| `sit_r` (эхо) | situational | gbm | 457 | 264 | -210.00 | -51.8 / -221.2 | 25 % | -1.41 | 23 | -7.90 | -118.04 / -91.96 | 193 | +124.51 | -147.0 | минус |
| `sit_r` (эхо) | situational | nn | 411 | 183 | -78.69 | -19.1 / -171.8 | 28 % | -0.43 | 24 | -0.71 | -39.55 / -39.14 | 228 | -116.83 | -137.1 | минус |
| `z` | sigma | gbm | 2669 | 1464 | +99.68 | +43.1 / +83.0 | 58 % | 1.24 | 27 | +9.15 | +103.55 / -3.87 | 1205 | -178.99 | -13.0 | плюс, но не на обеих половинах |
| `z` | sigma | nn | 2241 | 1008 | +32.08 | +19.8 / +134.7 | 58 % | 0.36 | 27 | +5.26 | +366.21 / -334.13 | 1233 | -2.97 | -12.0 | плюс, но не на обеих половинах |
| `h24a` (эхо) | agree | gbm | 126 | 54 | +1.69 | +13.1 / +340.6 | 57 % | 0.05 | 4 | +18.88 | -40.08 / +41.77 | 72 | +159.38 | -50.5 | плюс, но не на обеих половинах |
| `h24a` (эхо) | agree | nn | 126 | 54 | +2.36 | +14.5 / +339.9 | 57 % | 0.06 | 4 | +19.17 | -39.46 / +41.82 | 72 | +159.01 | -50.5 | плюс, но не на обеих половинах |
| `h24za` (эхо) | agree | gbm | 69 | 40 | +36.78 | +185.9 / +200.9 | 65 % | 3.14 | 6 | +9.36 | +21.15 / +15.63 | 29 | -8.28 | -68.9 | **шорты в плюсе** |
| `h24za` (эхо) | agree | nn | 69 | 40 | +36.52 | +185.4 / +200.9 | 65 % | 3.14 | 6 | +9.25 | +21.15 / +15.37 | 29 | -7.43 | -61.4 | **шорты в плюсе** |
| `sit_obs` | situational | gbm | 3390 | 2094 | +201.10 | +8.0 / +16.8 | 52 % | 0.79 | 25 | +0.23 | +256.89 / -55.79 | 1296 | +236.31 | -9.9 | плюс, но не на обеих половинах |
| `sit_obs` | situational | nn | 3767 | 1886 | -125.99 | -6.0 / +3.5 | 51 % | -0.6 | 25 | -10.69 | +23.39 / -149.38 | 1881 | -375.86 | -17.7 | минус |
| `h4_r_f30_w5_gl_rrlo_se_b0_a0` | situational | gbm | 118 | 74 | +23.33 | +31.0 / +148.3 | 54 % | 0.5 | 6 | -1.39 | -1.65 / +24.98 | 44 | +63.94 | +296.8 | минус |
| `h4_r_f30_w5_gl_rrlo_se_b0_a0` | situational | nn | 95 | 50 | +14.42 | +31.9 / +65.9 | 56 % | 0.43 | 6 | +10.82 | -11.56 / +25.98 | 45 | -9.49 | +141.5 | плюс, но не на обеих половинах |
| `h4_z_f30_w5_gl_rrlo_se_b0_a0` | situational | gbm | 118 | 74 | +23.37 | +31.1 / +148.3 | 54 % | 0.5 | 6 | -1.38 | -1.65 / +25.02 | 44 | +63.96 | +296.8 | минус |
| `h4_z_f30_w5_gl_rrlo_se_b0_a0` | situational | nn | 95 | 50 | +14.42 | +31.9 / +65.9 | 56 % | 0.43 | 6 | +10.82 | -11.56 / +25.98 | 45 | -9.50 | +141.5 | плюс, но не на обеих половинах |
| `h4_z_f30_w5_gl_rrlo_sr_b0_a0` | situational | gbm | 118 | 74 | -1.32 | +31.1 / +148.3 | 54 % | 0.5 | 6 | -0.46 | -5.47 / +4.15 | 44 | +12.35 | +296.8 | минус |
| `h4_z_f30_w5_gl_rrlo_sr_b0_a0` | situational | nn | 95 | 50 | -2.61 | +31.8 / +65.9 | 56 % | 0.43 | 6 | +0.76 | -2.87 / +0.26 | 45 | -0.23 | +141.5 | минус |
| `h4_z_f30_w5_gt_rrlo_se_b0_a0` | situational | gbm | 40 | 20 | +51.29 | +256.7 / +129.7 | 70 % | 1.66 | 4 | +19.17 | -9.28 / +60.57 | 20 | +27.95 | +66.2 | шортов меньше 30 |
| `h4_z_f30_w5_gt_rrlo_se_b0_a0` | situational | nn | 40 | 20 | -32.11 | -163.9 / -186.4 | 30 % | -0.82 | 4 | -7.21 | -45.17 / +13.06 | 20 | -1.26 | +102.5 | шортов меньше 30 |

## По семьям сигнала (без эхо и согласных книг)

| семья | книги | шорт n | шорт $ | лонг n | лонг $ |
|---|---|---:|---:|---:|---:|
| sigma | z | 2472 | +131.76 | 2438 | -181.96 |
| situational | h4_r_f30_w5_gl_rrlo_se_b0_a0, h4_z_f30_w5_gl_rrlo_se_b0_a0, h4_z_f30_w5_gl_rrlo_sr_b0_a0, h4_z_f30_w5_gt_rrlo_se_b0_a0, sit, sit_lo, sit_obs | 6084 | -646.09 | 4902 | -46.75 |
| timer | h24, h4 | 5252 | +1,001.04 | 5173 | -674.40 |

## Вердикт (из чисел)

Судимых строк 30. Шорты в плюсе устойчиво (Σ $ > 0, медиана net_bp > 0, медиана дня ≥ 0, обе половины ≥ 0): **3** — `h24/nn`, `h24za/gbm`, `h24za/nn`. Из них плюс ТОЛЬКО по шортам (лонги той же книги ≤ 0): **1** — `h24/nn`. Плюс по сумме, но не на обеих половинах: 10 — `h24/gbm`, `h24b/nn`, `h24bf/nn`, `z/gbm`, `z/nn`, `h24a/gbm`, `h24a/nn`, `sit_obs/gbm`, `h4_r_f30_w5_gl_rrlo_se_b0_a0/nn`, `h4_z_f30_w5_gl_rrlo_se_b0_a0/nn`.

Чего замер НЕ говорит: окно записи одно и режим рынка один — плюс одной стороны при минусе другой у той же модели есть подпись направления окна, а не сигнала; эхо-книги повторяют решения книги-источника; проскальзывание и funding в net_bp не входят (круг — только комиссия).
публикуется в ветку main:
 jobs/done/side-split.done               |    1 +
 jobs/done/side-split.log                |   76 ++
 jobs/poke.log                           |    3 +
 research/s8_loop/out/SIDE-split-1m.json | 1761 +++++++++++++++++++++++++++++++
 research/s8_loop/out/SIDE-split-1m.md   |   56 +
 research/s8_loop/out/day_brake.json     |    2 +-
 6 files changed, 1898 insertions(+), 1 deletion(-)
To github.com:n0tgod/algoth_v2.git
   b19b568..930290e  main -> main
branch 'main' set up to track 'origin/main'.
опубликовано

конец: 2026-09-07T03:35:11Z, код 0
