== задание side-wave-agree ==
строка: run research/s8_loop/side_wave.py --books h24a --books h24za --books h24 --tag agree
начало: 2026-09-07T06:39:56Z
запускаю: .venv/bin/python research/s8_loop/side_wave.py --books h24a --books h24za --books h24 --tag agree
[06:48:18]   волна: TONUSDT без баров в окне
[06:50:32] волна: прокси с барами 19/20, границ 575, 24 ч: 575 с волной
публикуется в ветку main:
 jobs/done/side-wave-agree.log             |   2 +
 research/factory/out/agents-runs.jsonl    |   2 +
 research/factory/out/build_task-prev.md   |  26 +--
 research/factory/out/build_task.md        |  32 ++--
 research/factory/out/mech_task.json       |   2 +-
 research/factory/out/mechanisms.jsonl     |   1 +
 research/s8_loop/out/SIDE-wave-agree.json | 271 ++++++++++++++++++++++++++++++
 research/s8_loop/out/SIDE-wave-agree.md   |  35 ++++
 research/s8_loop/out/day_brake.json       |   2 +-
 9 files changed, 342 insertions(+), 31 deletions(-)
To github.com:n0tgod/algoth_v2.git
   c32c1d5..974d5ea  main -> main
branch 'main' set up to track 'origin/main'.
опубликовано
# Волна окна и сырой исход стороны

Касса книг меряет исход ОСТАТКОМ к волне (цель `fwd_Hh` = ход − β·волна), поэтому плюс стороны в кассе — кросс-секционный по построению. Одиночная нога несёт ещё и волну: сырой нетто = нетто кассы + s·β·волна. Волна — прокси: средний ход 20 крупнейших имён по ленте записи (волна цикла — среднее по всем именам универсума); β — из выбора книги, без поля 1.0.

Прогон 2026-09-07 06:50 UTC · часов входа 575 (2026-08-08-09 … 2026-09-06-04) · прокси с барами 19/20.

## Рынок окна (волна по всем часам входа)

| горизонт | часов с волной | медиана волны, б.п. | среднее | доля падающих часов |
|---|---:|---:|---:|---:|
| 24 ч | 575 | +22.3 | +120.7 | 44 % |

## По книгам: нетто кассы (остаток) против сырого

| книга | H | рука | сторона | n | нетто кассы ср/мед б.п. | Σ $ кассы | сырое ср/мед б.п. | Σ $ сырое | сырой win | волна в часы сделок ср | доля падающих | β ср | без волны | без β |
|---|---:|---|---|---:|---:|---:|---:|---:|---:|---:|---:|---:|---:|---:|
| `h24a` окно 2026-08-31-23 … 2026-09-06-04, имён 18 | | | | | | | | | | | | | | |
| `h24a` | 24 | gbm | long | 75 | +654.0 / -53.9 | +154.88 | +890.7 / +369.2 | +240.99 | 60 % | +236.7 | 31 % | 1.00 | 0 | 75 |
| `h24a` | 24 | gbm | short | 56 | +72.8 / +509.1 | +2.35 | -180.8 / +384.8 | -25.85 | 57 % | +253.6 | 32 % | 1.00 | 0 | 56 |
| `h24a` | 24 | nn | long | 75 | +653.9 / -53.9 | +154.69 | +890.7 / +361.7 | +240.76 | 60 % | +236.7 | 31 % | 1.00 | 0 | 75 |
| `h24a` | 24 | nn | short | 56 | +74.0 / +509.8 | +3.02 | -179.6 / +388.9 | -25.16 | 57 % | +253.6 | 32 % | 1.00 | 0 | 56 |
| `h24za` окно 2026-08-31-08 … 2026-09-06-00, имён 26 | | | | | | | | | | | | | | |
| `h24za` | 24 | gbm | long | 29 | -164.9 / -68.9 | -8.28 | +12.4 / +108.3 | +35.00 | 55 % | +177.3 | 31 % | 1.00 | 0 | 29 |
| `h24za` | 24 | gbm | short | 40 | +185.9 / +200.9 | +36.78 | +74.6 / +197.5 | -5.47 | 57 % | +111.3 | 40 % | 1.00 | 0 | 40 |
| `h24za` | 24 | nn | long | 29 | -162.5 / -61.4 | -7.43 | +14.9 / +108.3 | +35.90 | 55 % | +177.3 | 31 % | 1.00 | 0 | 29 |
| `h24za` | 24 | nn | short | 40 | +185.4 / +200.9 | +36.52 | +74.1 / +197.5 | -5.66 | 57 % | +111.3 | 40 % | 1.00 | 0 | 40 |
| `h24` окно 2026-08-08-09 … 2026-09-06-04, имён 440 | | | | | | | | | | | | | | |
| `h24` | 24 | gbm | long | 1487 | +119.4 / -38.9 | +361.80 | +258.5 / +23.8 | +834.69 | 51 % | +139.1 | 43 % | 1.00 | 0 | 1487 |
| `h24` | 24 | gbm | short | 1590 | +77.6 / +283.5 | +110.54 | -47.0 / +219.8 | -329.03 | 56 % | +124.6 | 45 % | 1.00 | 0 | 1590 |
| `h24` | 24 | nn | long | 1381 | -125.4 / -98.5 | -318.12 | +10.7 / -78.8 | +155.33 | 46 % | +136.2 | 44 % | 1.00 | 0 | 1381 |
| `h24` | 24 | nn | short | 1224 | +368.2 / +503.1 | +779.66 | +266.7 / +437.5 | +469.93 | 66 % | +101.5 | 49 % | 1.00 | 0 | 1224 |

Читать так: если у стороны плюс в кассе и минус сырым — сигнал кросс-секционный, а нога сама по себе проигрывает волне; торговать её имеет смысл только внутри нейтральной книги или с хеджем волны. Плюс обоими числами — нога заработала бы и одна на этом окне (и это окно одно).

Чего замер НЕ говорит: волна прокси ≠ волна цикла (среднее по всем именам); β — оценка модели на час решения, не реализованная; издержки хеджа волны не считаны; проскальзывание и funding — нет.

конец: 2026-09-07T06:50:36Z, код 0
публикуется в ветку main:
 jobs/done/side-wave-agree.log | 52 +++++++++++++++++++++++++++++++++++++++++++
 1 file changed, 52 insertions(+)
To github.com:n0tgod/algoth_v2.git
   974d5ea..a94fe18  main -> main
branch 'main' set up to track 'origin/main'.
опубликовано
