== задание side-wave ==
строка: run research/s8_loop/side_wave.py
начало: 2026-09-07T03:42:57Z
запускаю: .venv/bin/python research/s8_loop/side_wave.py 
[03:52:55]   волна: TONUSDT без баров в окне
/root/algoth_v2/research/s8_loop/side_wave.py:103: RuntimeWarning: Mean of empty slice
  w = np.nanmean(m, axis=0)
[03:55:37] волна: прокси с барами 19/20, границ 607, 4 ч: 607 с волной, 24 ч: 592 с волной
публикуется в ветку main:
 jobs/done/side-split.log               |   7 +
 jobs/done/side-wave.done               |   1 +
 jobs/done/side-wave.log                |   8 +
 jobs/poke.log                          |   3 +
 research/s8_loop/out/SIDE-wave-1m.json | 263 +++++++++++++++++++++++++++++++++
 research/s8_loop/out/SIDE-wave-1m.md   |  33 +++++
 research/s8_loop/out/day_brake.json    |   2 +-
 7 files changed, 316 insertions(+), 1 deletion(-)
To github.com:n0tgod/algoth_v2.git
   bc4fbcc..e228398  main -> main
branch 'main' set up to track 'origin/main'.
опубликовано
# Волна окна и сырой исход стороны

Касса книг меряет исход ОСТАТКОМ к волне (цель `fwd_Hh` = ход − β·волна), поэтому плюс стороны в кассе — кросс-секционный по построению. Одиночная нога несёт ещё и волну: сырой нетто = нетто кассы + s·β·волна. Волна — прокси: средний ход 20 крупнейших имён по ленте записи (волна цикла — среднее по всем именам универсума); β — из выбора книги, без поля 1.0.

Прогон 2026-09-07 03:55 UTC · часов входа 607 (2026-08-08-09 … 2026-09-06-21) · прокси с барами 19/20.

## Рынок окна (волна по всем часам входа)

| горизонт | часов с волной | медиана волны, б.п. | среднее | доля падающих часов |
|---|---:|---:|---:|---:|
| 4 ч | 607 | +13.7 | +19.8 | 43 % |
| 24 ч | 592 | +20.9 | +118.1 | 45 % |

## По книгам: нетто кассы (остаток) против сырого

| книга | H | рука | сторона | n | нетто кассы ср/мед б.п. | Σ $ кассы | сырое ср/мед б.п. | Σ $ сырое | сырой win | волна в часы сделок ср | доля падающих | β ср | без волны | без β |
|---|---:|---|---|---:|---:|---:|---:|---:|---:|---:|---:|---:|---:|---:|
| `h24` | 24 | gbm | long | 1481 | +121.8 / -37.9 | +368.61 | +261.6 / +26.3 | +841.63 | 51 % | +139.7 | 43 % | 1.00 | 0 | 1481 |
| `h24` | 24 | gbm | short | 1584 | +74.9 / +283.5 | +98.95 | -50.2 / +219.8 | -340.70 | 56 % | +125.1 | 45 % | 1.00 | 0 | 1584 |
| `h24` | 24 | nn | long | 1375 | -125.4 / -98.5 | -316.29 | +11.4 / -81.3 | +157.29 | 46 % | +136.8 | 44 % | 1.00 | 0 | 1375 |
| `h24` | 24 | nn | short | 1221 | +366.3 / +502.7 | +771.24 | +264.4 / +436.3 | +461.32 | 66 % | +101.8 | 49 % | 1.00 | 0 | 1221 |
| `z` | 24 | gbm | long | 1205 | -64.2 / -13.0 | -178.99 | +81.8 / +9.5 | +193.64 | 50 % | +146.0 | 41 % | 1.00 | 0 | 1205 |
| `z` | 24 | gbm | short | 1464 | +43.1 / +83.0 | +99.68 | -104.1 / +63.3 | -299.18 | 53 % | +147.3 | 42 % | 1.00 | 0 | 1464 |
| `z` | 24 | nn | long | 1233 | -29.1 / -12.0 | -2.97 | +132.6 / +47.1 | +479.66 | 53 % | +161.7 | 40 % | 1.00 | 0 | 1233 |
| `z` | 24 | nn | short | 1007 | +19.7 / +134.8 | +31.77 | -113.0 / +65.0 | -285.35 | 53 % | +132.7 | 45 % | 1.00 | 1 | 1007 |
| `h4` | 4 | gbm | long | 1074 | -4.6 / -12.0 | -45.11 | +23.5 / +4.6 | +342.44 | 51 % | +28.1 | 41 % | 1.00 | 0 | 1074 |
| `h4` | 4 | gbm | short | 1351 | +4.5 / +40.9 | +20.16 | -21.9 / +19.0 | -351.17 | 52 % | +26.4 | 41 % | 1.00 | 0 | 1351 |
| `h4` | 4 | nn | long | 1243 | -52.3 / -28.8 | -681.61 | -22.8 / -17.5 | -285.07 | 47 % | +29.5 | 39 % | 1.00 | 0 | 1243 |
| `h4` | 4 | nn | short | 1096 | -0.5 / -1.8 | +110.69 | -27.1 / -25.0 | -176.90 | 47 % | +26.6 | 41 % | 1.00 | 0 | 1096 |

Читать так: если у стороны плюс в кассе и минус сырым — сигнал кросс-секционный, а нога сама по себе проигрывает волне; торговать её имеет смысл только внутри нейтральной книги или с хеджем волны. Плюс обоими числами — нога заработала бы и одна на этом окне (и это окно одно).

Чего замер НЕ говорит: волна прокси ≠ волна цикла (среднее по всем именам); β — оценка модели на час решения, не реализованная; издержки хеджа волны не считаны; проскальзывание и funding — нет.

конец: 2026-09-07T03:55:41Z, код 0
