== задание size-safe ==
строка: run research/dca_paper/short_size.py
начало: 2026-10-03T09:27:59Z
запускаю: .venv/bin/python research/dca_paper/short_size.py 
публикуется в ветку main:
 jobs/done/size-safe.done                   |  1 +
 jobs/done/size-safe.log                    |  4 ++
 jobs/done/stop2-f10.done                   |  1 +
 jobs/done/stop2-f10.log                    | 14 ++++++
 jobs/done/stop2-f75.done                   |  1 +
 jobs/done/stop2-f75.log                    | 17 ++++++++
 jobs/poke.log                              |  7 +++
 research/dca_paper/out/DCA-short-size.json |  1 +
 research/dca_paper/out/DCA-short-size.md   | 70 ++++++++++++++++++++++++++++++
 research/s8_loop/out/day_brake.json        |  2 +-
 10 files changed, 117 insertions(+), 1 deletion(-)
To github.com:n0tgod/algoth_v2.git
   2befb37d..e52d2e09  main -> main
branch 'main' set up to track 'origin/main'.
опубликовано
safe_h: записей 4475, с плечом ≥ 5× 702 (плечо неизвестно у 0)
as_is: сделок 1032, итог 0.327, просадка -0.1131, σ дня 281
ticket: сделок 1036, итог 0.1562, просадка -0.0544, σ дня 119
lev: сделок 378, итог 0.3801, просадка -0.1324, σ дня 333
both: сделок 378, итог 0.1799, просадка -0.064, σ дня 143
контроль: 50 зёрен из 200, 3 с
контроль: 100 зёрен из 200, 5 с
контроль: 150 зёрен из 200, 8 с
# Стабильность безопасной короткой книги: билет и плечо забора

Решение владельца 2026-10-03. Два рычага объявлены до прогона: билет 0.5 вместо целого и вход только при плече забора ≥ 5×. Исходы позиций те же (размер и гейт — свойства кассы), деньги — касса семейства на записях кэша, $10,000, нетто. Гейт по плечу судится против случайной выборки того же числа убранных сделок (200 зёрен): он обязан удержать деньги, которые случайная уносит.

Записей 4475, гейт убирает 3773 (плечо неизвестно у 0 — они остаются).

| ячейка | сделок | итог | просадка | $ всего | $ без 3 лучших дней | σ дня | день/σ | хвостовых выходов |
|---|--:|--:|--:|--:|--:|--:|--:|--:|
| как сейчас | 1032 | +32.7 % | -11.3 % | +3,270 $ | +1,783 $ | 281 $ | 0.20 | 27 |
| билет 0.5 | 1036 | +15.6 % | -5.4 % | +1,562 $ | +885 $ | 119 $ | 0.23 | 27 |
| плечо ≥ 5× | 378 | +38.0 % | -13.2 % | +3,801 $ | +1,454 $ | 333 $ | 0.22 | 48 |
| билет 0.5 и плечо ≥ 5× | 378 | +18.0 % | -6.4 % | +1,799 $ | +708 $ | 143 $ | 0.24 | 48 |

**Гейт по плечу против случайного удаления того же числа сделок:** случайная не хуже по итогу в +0 % зёрен, по доходу/просадке в +16 %.

## Гейт по плечу — по дням

Дней 57, с гейтом лучше в 33, хуже в 24, разница всего +531 $.

| день | как сейчас | с гейтом | разница |
|---|--:|--:|--:|
| 2026-08-08 | -171 $ | +0 $ | +171 $ |
| 2026-08-09 | +121 $ | -13 $ | -135 $ |
| 2026-08-10 | +107 $ | +206 $ | +99 $ |
| 2026-08-11 | +201 $ | +273 $ | +73 $ |
| 2026-08-12 | +191 $ | +6 $ | -185 $ |
| 2026-08-13 | +489 $ | +963 $ | +474 $ |
| 2026-08-15 | +199 $ | +274 $ | +76 $ |
| 2026-08-16 | +333 $ | +443 $ | +110 $ |
| 2026-08-17 | +341 $ | -69 $ | -410 $ |
| 2026-08-18 | +187 $ | +252 $ | +64 $ |
| 2026-08-19 | +582 $ | +940 $ | +358 $ |
| 2026-08-20 | +190 $ | +36 $ | -155 $ |
| 2026-08-24 | +351 $ | -170 $ | -520 $ |
| 2026-08-25 | +218 $ | +401 $ | +183 $ |
| 2026-08-26 | +184 $ | +291 $ | +108 $ |
| 2026-08-27 | -649 $ | -85 $ | +563 $ |
| 2026-08-28 | +334 $ | +7 $ | -327 $ |
| 2026-08-29 | -278 $ | -525 $ | -247 $ |
| 2026-08-30 | -189 $ | -457 $ | -268 $ |
| 2026-09-02 | -431 $ | -484 $ | -53 $ |
| 2026-09-04 | +301 $ | +352 $ | +51 $ |
| 2026-09-05 | -100 $ | +58 $ | +158 $ |
| 2026-09-07 | -41 $ | +122 $ | +163 $ |
| 2026-09-08 | +338 $ | -129 $ | -468 $ |
| 2026-09-09 | -76 $ | +267 $ | +343 $ |
| 2026-09-10 | +415 $ | +294 $ | -122 $ |
| 2026-09-11 | +24 $ | -793 $ | -817 $ |
| 2026-09-12 | -722 $ | -809 $ | -87 $ |
| 2026-09-13 | -811 $ | -322 $ | +489 $ |
| 2026-09-14 | +78 $ | +269 $ | +191 $ |
| 2026-09-15 | -28 $ | -248 $ | -220 $ |
| 2026-09-16 | -124 $ | +287 $ | +411 $ |
| 2026-09-19 | +192 $ | +302 $ | +110 $ |
| 2026-09-20 | +55 $ | -55 $ | -110 $ |
| 2026-09-22 | -170 $ | -107 $ | +63 $ |
| 2026-09-25 | -50 $ | -112 $ | -61 $ |
| 2026-09-26 | -22 $ | -87 $ | -65 $ |
| 2026-09-27 | -58 $ | +30 $ | +87 $ |
| 2026-09-29 | -263 $ | -113 $ | +150 $ |
| 2026-09-30 | +80 $ | +285 $ | +204 $ |
| 2026-10-01 | +183 $ | +306 $ | +123 $ |
| 2026-10-02 | +249 $ | +83 $ | -166 $ |
| 2026-10-03 | -287 $ | -125 $ | +162 $ |

## Как читать

- Билет линеен: итог и σ дня делятся на два, день/σ стоит на месте; расхождение с линейностью — работа слотов и очереди денег.
- Гейт по плечу — правило, если σ дня падает, а деньги остаются; если случайная выборка того же размера держит деньги не хуже — он ничего не знает.
- Расчёт: 2026-10-03 09:28, 21.0 с.

конец: 2026-10-03T09:28:24Z, код 0
публикуется в ветку main:
 jobs/done/size-safe.log | 96 +++++++++++++++++++++++++++++++++++++++++++++++++
 1 file changed, 96 insertions(+)
To github.com:n0tgod/algoth_v2.git
   e52d2e09..be957d3b  main -> main
branch 'main' set up to track 'origin/main'.
опубликовано
