== задание slip-x3 ==
строка: run research/dca_paper/slip_x3.py
начало: 2026-09-06T22:44:46Z
запускаю: .venv/bin/python research/dca_paper/slip_x3.py 
публикуется в ветку main:
 jobs/done/d10-short-3.log               |  14 +
 jobs/done/dca-costs-4.done              |   1 +
 jobs/done/dca-costs-4.log               |   4 +
 jobs/done/diag-cycle-2233.log           |  12 +
 jobs/done/slip-x3.done                  |   1 +
 jobs/done/slip-x3.log                   |   4 +
 jobs/poke.log                           |   4 +
 research/dca_paper/out/DCA-slip-x3.json | 803 ++++++++++++++++++++++++++++++++
 research/dca_paper/out/DCA-slip-x3.md   |  14 +
 research/s8_loop/out/day_brake.json     |   2 +-
 10 files changed, 858 insertions(+), 1 deletion(-)
To github.com:n0tgod/algoth_v2.git
   91d1928..372a1b2  main -> main
branch 'main' set up to track 'origin/main'.
опубликовано
журнал: записей 230, открытий 75, с ценой сигнала и входа 75; без цены сигнала 0, без цены входа 0
# Проскальзывание живого исполнителя X3 — по журналу

Прогон 2026-09-06 22:44 UTC · записей журнала 230 · открытий 75 · с ценой сигнала и входа 75 (без цены сигнала 0, без цены входа 0).

Мера — вход против цены СИГНАЛА (та же, что на `/live-page`): плюс — хуже нас у обеих сторон. Выходы не меряются: тейк X3 — лимитка по уровню (ноль по построению), у рыночных закрытий цены сигнала в журнале нет — не измерено, не ноль.

| срез | n | медиана | среднее | p25 | p75 | p90 | мин | макс | хуже сигнала | выше потолка 30 |
|---|---:|---:|---:|---:|---:|---:|---:|---:|---:|---:|
| все | 75 | +4.4 | +5.4 | +1.2 | +9.2 | +17.4 | -65.0 | +60.9 | 83 % | 3 % |
| long | 33 | +3.6 | +5.9 | +1.6 | +6.1 | +16.6 | -3.9 | +35.3 | 94 % | 3 % |
| short | 42 | +6.4 | +5.1 | -0.4 | +11.4 | +17.3 | -65.0 | +60.9 | 74 % | 2 % |

Б.п. от цены сигнала; замер на 300 $ за имя — у крупных билетов проскальзывание больше, это нижняя граница. В `costs.py` идёт медиана «все»; p90 — стресс.


конец: 2026-09-06T22:44:50Z, код 0
