== задание slots-check ==
строка: run tools/diag_cycle.py --cand --tail=2
начало: 2026-09-02T08:35:08Z
запускаю: .venv/bin/python tools/diag_cycle.py --cand --tail=2
=== процесс цикла ===
1083876 .venv/bin/python research/s8_loop/train.py

=== манифест модели ===
возраст 17.0 ч
  trained_at: 2026-09-01T15:36:42+00:00
  train_seq: 518
  cycle_sec: 5683.0
  woke_after_hour_sec: 120.0
  steps_sec: {'сведение часа': 184.5, 'матрица': 45.7, 'книги': 24.3, 'оценка': 0.1, 'канарейка': 1217.4, 'обучение': 4210.9}
  canary_ic: 0.006

=== манифесты книг ===
  model: 16.97 ч
  model.rank-floor0: 495.44 ч
  model.rank-raw: 516.75 ч
  model_c_h4_r_f30_w5_gl_rrlo_se_b0_a0: 0.14 ч
  model_c_h4_z_f22_w10_gl_rr0_sv_b0_a1: 0.14 ч
  model_c_h4_z_f30_w10_gl_rrhi_se_b0_a1: 0.14 ч
  model_c_h4_z_f30_w5_gl_rrlo_se_b0_a0: 0.14 ч
  model_c_h4_z_f30_w5_gl_rrlo_sr_b0_a0: 0.14 ч
  model_c_h4_z_f30_w5_gs_rrhi_se_b0_a1: 0.14 ч
  model_c_h4_z_f30_w5_gt_rrlo_se_b0_a0: 0.14 ч
  model_demo: 709.44 ч
  model_h1: 495.23 ч
  model_h1.rank-raw: 518.41 ч
  model_h24: 0.15 ч
  model_h24a: 0.14 ч
  model_h24b: 0.15 ч
  model_h24bf: 0.15 ч
  model_h24c: 0.14 ч
  model_h24z: 0.15 ч
  model_h24za: 0.14 ч
  model_pretest: 617.31 ч
  model_pretest.was-выключен__бета_не_оценима_: 697.48 ч
  model_probe: 711.08 ч
  model_sit: 0.14 ч
  model_sit.rules-v1: 614.81 ч
  model_sit.rules-v10: 476.21 ч
  model_sit.rules-v11: 475.40 ч
  model_sit.rules-v12: 456.95 ч
  model_sit.rules-v2: 614.52 ч
  model_sit.rules-v3: 612.40 ч
  model_sit.rules-v4: 611.31 ч
  model_sit.rules-v5: 610.48 ч
  model_sit.rules-v6: 598.22 ч
  model_sit.rules-v7: 597.48 ч
  model_sit.rules-v8: 494.44 ч
  model_sit.rules-v9: 479.42 ч
  model_sit_lo: 0.14 ч
  model_sit_obs: 0.14 ч
  model_sit_obs.rules-v10: 476.21 ч
  model_sit_obs.rules-v11: 475.40 ч
  model_sit_obs.rules-v12: 456.95 ч
  model_sit_obs.rules-v6: 598.22 ч
  model_sit_obs.rules-v7: 597.48 ч
  model_sit_obs.rules-v8: 494.43 ч
  model_sit_obs.rules-v9: 479.42 ч
  model_sit_r: 0.14 ч
  model_sit_r.rules-v12: 467.28 ч
  model_sit_r.rules-v12-1: 466.12 ч
  model_sit_r.rules-v12-2: 456.95 ч
  model_sit_r.rules-v13: 442.17 ч
  model_z: 518.41 ч

=== книги кандидатов ===
книг в составе: 7
  h4_r_f30_w5_gl_rrlo_se_b0_a0 [selected] слотов 10 пол 30.0 rr 0.0..1.5 на сторону 5 согласие False
    gbm: сделок 12, закрыто 2, открыто 10, вышли без разбора 0, ждут разбора 0, схлопнули 0, последний вход 6 мин назад
      мест занято сканером: имён 10, по сторонам {'short': 5, 'long': 5}
    nn: сделок 13, закрыто 3, открыто 10, вышли без разбора 0, ждут разбора 0, схлопнули 0, последний вход 16 мин назад
      мест занято сканером: имён 10, по сторонам {'short': 5, 'long': 5}
  h4_z_f22_w10_gl_rr0_sv_b0_a1 [control] слотов 20 пол 22.0 rr 0.0..None на сторону 10 согласие True
    gbm: сделок 13, закрыто 2, открыто 11, вышли без разбора 0, ждут разбора 0, схлопнули 0, последний вход 6 мин назад
      мест занято сканером: имён 11, по сторонам {'short': 10, 'long': 1}
    nn: сделок 25, закрыто 5, открыто 20, вышли без разбора 0, ждут разбора 0, схлопнули 0, последний вход 6 мин назад
      мест занято сканером: имён 20, по сторонам {'short': 10, 'long': 10}
  h4_z_f30_w10_gl_rrhi_se_b0_a1 [control] слотов 20 пол 30.0 rr 2.0..None на сторону 10 согласие True
    gbm: сделок 3, закрыто 0, открыто 3, вышли без разбора 0, ждут разбора 0, схлопнули 0, последний вход 11 мин назад
      мест занято сканером: имён 3, по сторонам {'short': 3}
    nn: сделок 16, закрыто 2, открыто 14, вышли без разбора 0, ждут разбора 0, схлопнули 0, последний вход 5 мин назад
      мест занято сканером: имён 14, по сторонам {'long': 9, 'short': 5}
  h4_z_f30_w5_gl_rrlo_se_b0_a0 [selected] слотов 10 пол 30.0 rr 0.0..1.5 на сторону 5 согласие False
    gbm: сделок 12, закрыто 2, открыто 10, вышли без разбора 0, ждут разбора 0, схлопнули 0, последний вход 6 мин назад
      мест занято сканером: имён 10, по сторонам {'short': 5, 'long': 5}
    nn: сделок 13, закрыто 3, открыто 10, вышли без разбора 0, ждут разбора 0, схлопнули 0, последний вход 16 мин назад
      мест занято сканером: имён 10, по сторонам {'short': 5, 'long': 5}
  h4_z_f30_w5_gl_rrlo_sr_b0_a0 [selected] слотов 10 пол 30.0 rr 0.0..1.5 на сторону 5 согласие False
    gbm: сделок 12, закрыто 2, открыто 10, вышли без разбора 0, ждут разбора 0, схлопнули 0, последний вход 6 мин назад
      мест занято сканером: имён 10, по сторонам {'short': 5, 'long': 5}
    nn: сделок 13, закрыто 3, открыто 10, вышли без разбора 0, ждут разбора 0, схлопнули 0, последний вход 16 мин назад
      мест занято сканером: имён 10, по сторонам {'short': 5, 'long': 5}
  h4_z_f30_w5_gs_rrhi_se_b0_a1 [control] слотов 10 пол 30.0 rr 2.0..None на сторону 5 согласие True
    gbm: сделок 3, закрыто 0, открыто 3, вышли без разбора 0, ждут разбора 0, схлопнули 0, последний вход 11 мин назад
      мест занято сканером: имён 3, по сторонам {'short': 3}
    nn: сделок 12, закрыто 2, открыто 10, вышли без разбора 0, ждут разбора 0, схлопнули 0, последний вход 5 мин назад
      мест занято сканером: имён 10, по сторонам {'long': 5, 'short': 5}
  h4_z_f30_w5_gt_rrlo_se_b0_a0 [selected] слотов 10 пол 30.0 rr 0.0..1.5 на сторону 5 согласие False
    gbm: сделок 9, закрыто 0, открыто 9, вышли без разбора 0, ждут разбора 0, схлопнули 0, последний вход 5 мин назад
      мест занято сканером: имён 9, по сторонам {'long': 3, 'short': 6}
    nn: сделок 23, закрыто 0, открыто 23, вышли без разбора 0, ждут разбора 0, схлопнули 0, последний вход 4 мин назад
      мест занято сканером: имён 23, по сторонам {'long': 8, 'short': 15}

=== хвост train.log ===
возраст 0.0 мин, размер 7971999 Б
[09-02 08:26:44] следующая попытка через 35 мин (обучения не было)
[09-02 08:35:06] сводка: символов с записью 745, новых часов 0, 5 с
конец: 2026-09-02T08:35:08Z, код 0
публикуется в ветку main:
 jobs/done/slots-check.done |   1 +
 jobs/done/slots-check.log  | 112 +++++++++++++++++++++++++++++++++++++++++++++
 jobs/done/timer-when.log   |  10 ++++
 jobs/poke.log              |   3 ++
 4 files changed, 126 insertions(+)
To github.com:n0tgod/algoth_v2.git
   898df8c..538a3c4  main -> main
branch 'main' set up to track 'origin/main'.
опубликовано
