== задание spike-1 ==
строка: run research/probe_spike/spike.py --tag 1m
начало: 2026-08-28T10:39:50Z
запускаю: .venv/bin/python research/probe_spike/spike.py --tag 1m
начало замера — первые полные и широкие сутки склада 2026-08-04 (в записи с 2026-07-30): на ранних сутках имён 25–30, и кросс-секции, которой меряется превышение, там нет вовсе
зонд всплеска: суток 21 (2026-08-04…2026-08-24), символов 731
  2026-08-04 (склад): имён с записью 546 из 731, годных символо-минут 781,855
  условий сработало 4  событий 675
  2026-08-05 (склад): имён с записью 550 из 731, годных символо-минут 786,456
  условий сработало 4  событий 1 070
  2026-08-06 (склад): имён с записью 553 из 731, годных символо-минут 786,227
  условий сработало 4  событий 1 127
  2026-08-07 (склад): имён с записью 556 из 731, годных символо-минут 774,863
  условий сработало 4  событий 1 199
  2026-08-08 (склад): имён с записью 515 из 731, годных символо-минут 727,164
  условий сработало 4  событий 936
  2026-08-09 (склад): имён с записью 515 из 731, годных символо-минут 733,098
  условий сработало 5  событий 1 455
  2026-08-10 (склад): имён с записью 518 из 731, годных символо-минут 739,981
  условий сработало 4  событий 1 125
  2026-08-11 (склад): имён с записью 522 из 731, годных символо-минут 737,530
  условий сработало 5  событий 926
  2026-08-12 (склад): имён с записью 526 из 731, годных символо-минут 750,221
  условий сработало 6  событий 956
  2026-08-13 (склад): имён с записью 707 из 731, годных символо-минут 906,612
  условий сработало 5  событий 817
  2026-08-14 (склад): имён с записью 713 из 731, годных символо-минут 1,005,242
  условий сработало 6  событий 1 203
  2026-08-15 (склад): имён с записью 713 из 731, годных символо-минут 1,022,832
  условий сработало 5  событий 1 110
  2026-08-16 (склад): имён с записью 713 из 731, годных символо-минут 1,026,040
  условий сработало 5  событий 864
  2026-08-17 (склад): имён с записью 713 из 731, годных символо-минут 1,019,433
  условий сработало 5  событий 652
  2026-08-18 (склад): имён с записью 716 из 731, годных символо-минут 1,017,120
  условий сработало 5  событий 463
  2026-08-19 (склад): имён с записью 716 из 731, годных символо-минут 972,821
  условий сработало 4  событий 533
  2026-08-20 (склад): имён с записью 724 из 731, годных символо-минут 898,321
  условий сработало 6  событий 399
  2026-08-21 (склад): имён с записью 727 из 731, годных символо-минут 867,195
  условий сработало 6  событий 599
  2026-08-22 (склад): имён с записью 725 из 731, годных символо-минут 898,247
  условий сработало 5  событий 498
  2026-08-23 (склад): имён с записью 725 из 731, годных символо-минут 993,958
  условий сработало 4  событий 346
  2026-08-24 (склад): имён с записью 725 из 731, годных символо-минут 934,942
  условий сработало 6  событий 431
отчёт: /root/algoth_v2/research/probe_spike/out/SPIKE-report-1m.md
  всплеск вверх 2 % — все события: событий 3 837  спред 8.7/6.6  хедж 5.7/5.7  круг 35.3  превышение -0.0  нетто -35.3 б.п.
  всплеск вверх 2 % — котировочный: событий 4  спред 11.3/17.9  хедж 6.4/6.2  круг 42.9  превышение -0.0  нетто -42.9 б.п.
  всплеск вверх 2 % — подтверждён лентой: событий 3 764  спред 8.5/6.5  хедж 5.7/5.7  круг 35.2  превышение -0.0  нетто -35.2 б.п.
  всплеск вниз 2 % — все события: событий 4 273  спред 8.4/6.6  хедж 5.7/5.7  круг 35.2  превышение -0.0  нетто -35.2 б.п.
  всплеск вниз 2 % — котировочный: событий 8  спред 30.7/17.6  хедж 6.4/6.4  круг 52.5  превышение -0.0  нетто -52.5 б.п.
  всплеск вниз 2 % — подтверждён лентой: событий 4 178  спред 8.3/6.5  хедж 5.7/5.7  круг 35.1  превышение -0.0  нетто -35.1 б.п.
публикуется в ветку main:
 jobs/done/spike-1.done                      |  1 +
 jobs/done/spike-1.log                       | 55 +++++++++++++++++++++++++++++
 jobs/done/z3-fold-2.log                     | 14 ++++++++
 jobs/poke.log                               |  3 ++
 research/probe_spike/out/SPIKE-report-1m.md | 49 +++++++++++++++++++++++++
 research/probe_spike/out/spike-1m.json      |  1 +
 6 files changed, 123 insertions(+)
To github.com:n0tgod/algoth_v2.git
   7406845..a7c5b49  main -> main
branch 'main' set up to track 'origin/main'.
опубликовано
конец: 2026-08-28T10:40:07Z, код 0
