== задание spike-long-1 ==
строка: run research/probe_spike/long_history.py --tag 1m
начало: 2026-08-28T11:39:06Z
запускаю: .venv/bin/python research/probe_spike/long_history.py --tag 1m
условие всплеска на архиве: 2022-01-01…2026-08-26, месяцев 56
  условий сработало 2  событий 900
  2022-01: заполнено 20.9%  событий 900  19 с
  условий сработало 2  событий 320
  2022-02: заполнено 21.0%  событий 320  11 с
  условий сработало 2  событий 783
  2022-03: заполнено 21.5%  событий 783  11 с
  условий сработало 2  событий 720
  2022-04: заполнено 22.0%  событий 720  10 с
  условий сработало 2  событий 7 360
  2022-05: заполнено 22.2%  событий 7 360  15 с
  условий сработало 2  событий 2 541
  2022-06: заполнено 21.7%  событий 2 541  14 с
  условий сработало 2  событий 743
  2022-07: заполнено 21.5%  событий 743  17 с
  условий сработало 2  событий 807
  2022-08: заполнено 21.6%  событий 807  14 с
  условий сработало 2  событий 836
  2022-09: заполнено 22.2%  событий 836  13 с
  условий сработало 2  событий 496
  2022-10: заполнено 22.8%  событий 496  13 с
  условий сработало 2  событий 3 324
  2022-11: заполнено 22.8%  событий 3 324  18 с
  условий сработало 2  событий 590
  2022-12: заполнено 22.3%  событий 590  13 с
  условий сработало 2  событий 1 531
  2023-01: заполнено 22.6%  событий 1 531  13 с
  условий сработало 2  событий 1 044
  2023-02: заполнено 24.0%  событий 1 044  13 с
  условий сработало 2  событий 1 026
  2023-03: заполнено 25.8%  событий 1 026  15 с
  условий сработало 2  событий 801
  2023-04: заполнено 27.0%  событий 801  15 с
  условий сработало 2  событий 755
