== задание spill-fall ==
строка: run tools/spill_book.py --max-gb 12 --min-root-free-gb 9
начало: 2026-09-24T12:45:18Z
запускаю: .venv/bin/python tools/spill_book.py --max-gb 12 --min-root-free-gb 9
[12:45:18] до: /dev/sdb        147G  147G     0 100% /root/algoth_v2/research/b1_book/out
[12:45:18] до: /dev/sda1       150G  123G   22G  86% /
[12:46:04] кандидатов 1236141 файлов, 128.4 ГБ, дни 2026-08-19 … 2026-09-22; предел за прогон 12 ГБ, запас корня 9 ГБ
[12:46:34]   перенесено 8186/1236141, 1.7 ГБ, день 2026-08-19
[12:47:04]   перенесено 18897/1236141, 2.8 ГБ, день 2026-08-19
[12:47:34]   перенесено 33431/1236141, 3.5 ГБ, день 2026-08-20
[12:48:04]   перенесено 41992/1236141, 5.1 ГБ, день 2026-08-20
[12:48:34]   перенесено 54323/1236141, 6.3 ГБ, день 2026-08-20
[12:49:04]   перенесено 68867/1236141, 7.3 ГБ, день 2026-08-21
[12:49:34]   перенесено 77228/1236141, 9.0 ГБ, день 2026-08-21
[12:50:04]   перенесено 90469/1236141, 10.2 ГБ, день 2026-08-21
[12:50:34]   перенесено 104757/1236141, 11.5 ГБ, день 2026-08-22
[12:50:42] перенесено 107177 файлов, 12.00 ГБ за 278.0 с; остановлен: предел 12 ГБ за прогон
[12:50:42] после: /dev/sdb        147G  133G  6.4G  96% /root/algoth_v2/research/b1_book/out
[12:50:42] после: /dev/sda1       150G  135G  9.1G  94% /
конец: 2026-09-24T12:50:43Z, код 0
