== задание st-after-deploy ==
строка: status
начало: 2026-09-05T16:29:02Z
--- диск ---
Filesystem      Size  Used Avail Use% Mounted on
/dev/sda1       150G   68G   77G  47% /
/dev/sdb        147G  128G   12G  92% /mnt/HC_Volume_106683528
--- процессы ---
669148 bot/target/release/bot live --s8 research/s8_loop/out/model_sit_lo --journal bot/out/live --keys /root/.bybit/live.env --base https://api.bybit.com --arm gbm --capital 300 --interval-sec 5 --clear-halt
1464857 .venv/bin/python research/b1_book/collect.py --http 8765
--- статус сбора ---
{"t": 1788625739.1, "uptime_sec": 241.4, "messages": 877015, "trades": 120637, "resets": 0, "last_msg_age_sec": 0.0, "snapshots": 162921, "snapshot_errors": 0, "last_snap_age_sec": 0.4, "snap_pass_sec": 0.278, "writes": {"book": 162921, "trades": 120631, "raw": 7077, "liq": 103}, "write_age_sec": {"book": 0.4, "trades": 0.2, "raw": 0.1, "liq": 28.8}, "symbols": {"0GUSDT": {"ready": true, "bid": 0.1972, "ask": 0.1973, "resets": 0}, "1000000BABYDOGEUSDT": {"ready": true, "bid": 0.0004189, "ask": 0.0004192, "resets": 0}, "1000000MOGUSDT": {"ready": true, "bid": 0.1093, "ask": 0.1095, "resets": 0}, "10000NEXUSDT": {"ready": true, "bid": 0.01468, "ask": 0.01473, "resets": 0}, "10000SATSUSDT": {"r
--- живой исполнитель ---
{
  "at_ms": 1788625740770,
  "capital_usd": 300.0,
  "dry": false,
  "entries_paused": false,
  "halted": "часовой цикл молчит 3.0 ч при пределе 3 ч (§5) — позиции без сканера не управляет никто",
  "lev_errors": null,
  "limits_off": true,
  "note": null,
  "positions": [],
  "realized_today_usd": 0.0,
  "realized_total_usd": -21.265818699799986,
  "rejects_row": 0,
  "stale_entries_skipped": 79,
  "tp_errors": null,
  "wallet": {
    "balance": 284.21345292,
    "equity": 284.21345292
  }
}
конец: 2026-09-05T16:29:02Z
