== задание st-mirror ==
строка: status
начало: 2026-09-05T21:35:55Z
--- диск ---
Filesystem      Size  Used Avail Use% Mounted on
/dev/sda1       150G   68G   77G  47% /
/dev/sdb        147G  129G   11G  93% /mnt/HC_Volume_106683528
--- процессы ---
669148 bot/target/release/bot live --s8 research/s8_loop/out/model_sit_lo --journal bot/out/live --keys /root/.bybit/live.env --base https://api.bybit.com --arm gbm --capital 300 --interval-sec 5 --clear-halt
1492868 .venv/bin/python research/b1_book/collect.py --http 8765
1493012 .venv/bin/python research/s8_loop/train.py
--- статус сбора ---
{"t": 1788644152.4, "uptime_sec": 396.7, "messages": 1319072, "trades": 109705, "resets": 0, "last_msg_age_sec": 0.0, "snapshots": 277962, "snapshot_errors": 0, "last_snap_age_sec": 0.7, "snap_pass_sec": 0.383, "writes": {"book": 277962, "trades": 109702, "raw": 18738, "liq": 38, "metrics": 747}, "write_age_sec": {"book": 0.7, "trades": 0.1, "raw": 0.0, "liq": 5.0, "metrics": 94.6}, "symbols": {"0GUSDT": {"ready": true, "bid": 0.1961, "ask": 0.1963, "resets": 0}, "1000000BABYDOGEUSDT": {"ready": true, "bid": 0.0004145, "ask": 0.0004148, "resets": 0}, "1000000MOGUSDT": {"ready": true, "bid": 0.108, "ask": 0.1082, "resets": 0}, "10000NEXUSDT": {"ready": true, "bid": 0.01468, "ask": 0.01475, "r
--- живой исполнитель ---
{
  "at_ms": 1788644155359,
  "capital_usd": 300.0,
  "dry": false,
  "entries_paused": false,
  "halted": "часовой цикл молчит 3.0 ч при пределе 3 ч (§5) — позиции без сканера не управляет никто",
  "lev_errors": null,
  "limits_off": true,
  "note": null,
  "positions": [],
  "realized_today_usd": 0.0,
  "realized_total_usd": -21.265818699799986,
  "rejects_row": 0,
  "stale_entries_skipped": 79,
  "tp_errors": null,
  "wallet": {
    "balance": 284.21345292,
    "equity": 284.21345292
  }
}
конец: 2026-09-05T21:35:55Z
публикуется в ветку main:
 jobs/done/dca-mirror.done           |  1 +
 jobs/done/dca-mirror.log            |  4 ++++
 jobs/done/deploy-short.log          | 11 +++++++++++
 jobs/done/st-mirror.log             | 35 +++++++++++++++++++++++++++++++++++
 jobs/poke.log                       |  5 +++++
 research/s8_loop/out/day_brake.json |  2 +-
 6 files changed, 57 insertions(+), 1 deletion(-)
To github.com:n0tgod/algoth_v2.git
   524ec7c..4486916  main -> main
branch 'main' set up to track 'origin/main'.
опубликовано
