== задание st-run2 ==
строка: status
начало: 2026-09-05T21:37:52Z
--- диск ---
Filesystem      Size  Used Avail Use% Mounted on
/dev/sda1       150G   68G   77G  47% /
/dev/sdb        147G  129G   11G  93% /mnt/HC_Volume_106683528
--- процессы ---
669148 bot/target/release/bot live --s8 research/s8_loop/out/model_sit_lo --journal bot/out/live --keys /root/.bybit/live.env --base https://api.bybit.com --arm gbm --capital 300 --interval-sec 5 --clear-halt
1492868 .venv/bin/python research/b1_book/collect.py --http 8765
1493012 .venv/bin/python research/s8_loop/train.py
--- статус сбора ---
{"t": 1788644270.5, "uptime_sec": 514.8, "messages": 1729919, "trades": 146360, "resets": 0, "last_msg_age_sec": 0.0, "snapshots": 366108, "snapshot_errors": 0, "last_snap_age_sec": 0.8, "snap_pass_sec": 0.463, "writes": {"book": 366108, "trades": 146357, "raw": 24383, "liq": 46, "metrics": 747}, "write_age_sec": {"book": 0.8, "trades": 0.2, "raw": 0.0, "liq": 11.1, "metrics": 212.7}, "symbols": {"0GUSDT": {"ready": true, "bid": 0.1958, "ask": 0.196, "resets": 0}, "1000000BABYDOGEUSDT": {"ready": true, "bid": 0.0004145, "ask": 0.0004148, "resets": 0}, "1000000MOGUSDT": {"ready": true, "bid": 0.108, "ask": 0.1082, "resets": 0}, "10000NEXUSDT": {"ready": true, "bid": 0.01468, "ask": 0.01475, "
--- живой исполнитель ---
{
  "at_ms": 1788644269073,
  "capital_usd": 300.0,
  "dry": false,
  "entries_paused": false,
  "halted": "часовой цикл молчит 3.0 ч при пределе 3 ч (§5) — позиции без сканера не управляет никто",
  "lev_errors": null,
  "limits_off": true,
  "note": null,
  "positions": [],
  "realized_today_usd": 0.0,
  "realized_total_usd": -21.265818699799986,
  "rejects_row": 0,
  "stale_entries_skipped": 79,
  "tp_errors": null,
  "wallet": {
    "balance": 284.21345292,
    "equity": 284.21345292
  }
}
конец: 2026-09-05T21:37:52Z
