== задание stab-check ==
строка: run research/factory/test_ceiling.py
начало: 2026-09-02T17:26:42Z
запускаю: .venv/bin/python research/factory/test_ceiling.py 
test_profit_never_decides
  ok   знак денег не меняет вердикта — проходит
  ok   величина денег не меняет вердикта — проходит
  ok   знак денег не меняет вердикта — копия одной из трёх
  ok   величина денег не меняет вердикта — копия одной из трёх
  ok   знак денег не меняет вердикта — ключи расходятся
  ok   величина денег не меняет вердикта — ключи расходятся
  ok   знак денег не меняет вердикта — смесь двух из трёх
  ok   величина денег не меняет вердикта — смесь двух из трёх
  ok   знак денег не меняет вердикта — независимая при трёх
  ok   величина денег не меняет вердикта — независимая при трёх
  ok   знак денег не меняет вердикта — тонкая книга
  ok   величина денег не меняет вердикта — тонкая книга
  ok   знак денег не меняет вердикта — копия живого
  ok   величина денег не меняет вердикта — копия живого
  ok   знак денег не меняет вердикта — живых нет
  ok   величина денег не меняет вердикта — живых нет
  ok   ветки в наборе разные
test_calibration_finds_a_planted_link_and_is_silent_on_noise
  ok   копия живой книги закрывается
  ok   в причине стоит само число связи
  ok   масштабированная копия — та же ставка
  ok   независимый ряд проходит
  ok   связь на шуме далека от предела
test_the_pool_measure_is_not_reimplemented
  ok   связь считается кодом реестра
  ok   общие сутки посчитаны
  ok   средняя связь пула положительна — номинал и эффективное разошлись
  ok   N пула считается кодом реестра
  ok   N пула с заявкой — он же
  ok   номинальное число испытаний — не эффективное
  ok   ряд короче того, что берёт реестр, пулом не считается
  ok   ряд, который реестр берёт, считается
test_the_whole_pool_is_read_and_the_closest_link_decides
  ok   копия ВТОРОЙ книги пула закрыта
  ok   теснейшей названа именно она
  ok   связь с ней стоит числом в причине
  ok   прочитаны ВСЕ три живые книги
  ok   первая по порядку связана слабо — по ней был бы pass
  ok   теснейшая — не самая длинная пара
test_the_closest_link_is_chosen_by_the_signed_correlation_itself
  ok   фикстура чувствительна к ключу: три ключа — три разные книги
  ok   измерены все три живые книги
  ok   теснейшая выбрана по знаковой связи
  ok   а не со взвешиванием на число общих суток
  ok   и не по модулю связи
  ok   по знаковому ключу заявка закрыта
  ok   обе неверные книги стоят НИЖЕ предела — любой из двух неверных ключей пропустил бы копию
  ok   второе условие на этом пуле вырождено, и это измерено, а не объявлено
  ok   зеркало в пуле при этом не выдаёт себя за теснейшую
test_the_key_is_fixed_by_an_oracle_on_random_pools
  ok   пулов, где правило применимо, хватает: 384 из 400
  ok   вердикты обеих сторон встречаются — свойство не гоняется в одном углу
  ok   сутки в парах НЕ вложены: 0.695 пар, у которых общих суток меньше длины короткого ряда
  ok   связи всех знаков: минус 462, около нуля 102, плюс 449
  ok   ничьих в знаковой связи нет — сверка по имени книги однозначна
  ok   зазор до второй книги (0.00084) выше разрешения, на котором потолок различает книги (0.0001) — иначе сверка падала бы на честном коде
  ok   теснейшая книга совпала с оракулом на ВСЕХ пулах
  ok   общих суток названо столько же, сколько у ЭТОЙ пары, на всех пулах
  ok   N пары посчитано по ЭТОЙ же книге на всех пулах
  ok   перепись ключа `r·days**0.25` расходится с оракулом на 41 пулах (0.107)
  ok   перепись ключа `r·min(days,5)` расходится с оракулом на 27 пулах (0.070)
  ok   перепись ключа `r·days` расходится с оракулом на 80 пулах (0.208)
  ok   перепись ключа `r·days**0.5` расходится с оракулом на 66 пулах (0.172)
  ok   перепись ключа `|r|` расходится с оракулом на 161 пулах (0.419)
  ok   перепись ключа `round(r,1)` расходится с оракулом на 12 пулах (0.031)
  ok   перепись ключа `первая измеренная` расходится с оракулом на 199 пулах (0.518)
test_the_pair_numbers_belong_to_the_closest_book
  ok   N пары посчитано по ТЕСНЕЙШЕЙ книге
  ok   на этой фикстуре любая другая книга дала бы другое число
  ok   первая измеренная книга — не теснейшая: подмена видна
  ok   общих суток названо столько же, сколько у этой пары
  ok   число пары стоит в самой причине вердикта
  ok   в отчёте названа та же книга
  ok   в отчёте те же общие сутки этой пары
  ok   в отчёте то же N пары
test_the_pools_effective_n_must_grow
  ok   смесь двух живых книг закрыта
  ok   порог связи она при этом ДЕРЖИТ — закрыл не он
  ok   N пула от неё падает
  ok   оба числа стоят в причине
  ok   причина названа ростом N, а не связью
  ok   независимая заявка на том же пуле проходит
  ok   и N пула от неё растёт
  ok   рост назван числами в причине pass
  ok   N пула — не N пары
  ok   оба числа пула стоят в отчёте
test_the_key_error_is_not_rescued_by_the_growth_condition
  ok   условие роста на этом пуле ЖИВОЕ: средняя связь +0.589, N пула 1.38 при 3 номинальных
  ok   знаковый ключ выбирает почти копию и закрывает заявку
  ok   взвешенный ключ выбрал бы другую книгу — и она НИЖЕ предела, то есть копия была бы объявлена
  ok   и рост N её НЕ ловит: 1.38 → 1.44 — второе условие пропустило бы копию
  ok   на том же пуле другая заявка условием роста ЗАКРЫТА
  ok   и закрыл её именно рост, а не порог связи: теснейшая ниже предела
  ok   N пула от неё падает 1.378 → 1.305
  ok   общих суток у теснейшей пары меньше длины её ряда
test_the_growth_condition_is_not_rendered_on_a_degenerate_pool
  ok   на пуле из одной книги число не считалось
  ok   причина названа словами
  ok   книга при этом всё равно проходит
  ok   в отчёте условие снято СЛОВАМИ, а не прочерком
  ok   числа пула при этом прочерками
  ok   слишком короткий ряд соседа в двойку не идёт
  ok   на двух полных книгах условие выносится
test_pending_days_are_counted_not_zeroed
  ok   суток заявки посчитаны
  ok   и это не длина записи
  ok   в отчёте стоит посчитанное число, а не ноль
  ok   на закрытой ветке суток заявки тоже посчитаны
test_the_fixture_is_possible_for_a_live_writer
  ok   суток в ряду не больше, чем сделок
  ok   семь сделок одного дня дают один день ряда
  ok   невозможная фикстура отвергнута
test_the_denominator_is_the_record_not_the_books
  ok   одна сделка за сорок суток записи закрыта
  ok   в причине стоит длина записи, а не сутки книги
  ok   три сделки в те же трое суток, что у живого, закрыты
  ok   по суткам самой книги это ровно порог — то есть pass
  ok   книга со сделками каждый день записи проходит
test_an_old_artifact_has_no_denominator_and_waits
  ok   артефакт прежнего образца — undetermined
  ok   причина называет само поле
  ok   суток записи — прочерк, а не число
  ok   в отчёте суток записи стоит прочерком
test_the_measurability_threshold_cannot_be_softened
  ok   книга ниже порога закрыта
  ok   скорость в причине посчитана
  ok   порог выведен из окна вылета, а не назначен
  ok   объявленное значение закреплено числом
test_a_mirror_book_is_not_closed
  ok   зеркало проходит: для знаменателя пула это испытание
  ok   связь и правда около −1
test_day_keys_are_numbers_not_text
  ok   ключ дня — число
  ok   дни сравниваются арифметически, а не как текст
test_thin_book_is_closed_by_the_rate
  ok   тонкая книга закрыта
  ok   в причине стоит и число сделок, и порог
  ok   та же книга с достаточным числом сделок проходит
test_shape_must_be_measurable_at_all
  ok   залп в редкие сутки закрыт
  ok   в причине стоят обе доли и число суток правила
  ok   скорость сделок тут ни при чём — она огромна
  ok   та же книга, торгующая каждые сутки, проходит
  ok   доля суток названа числом в обоих вердиктах
  ok   порог выведен из MIN_DAYS и IDLE_D
  ok   вердикт не зависит от знака денег
test_required_trades_grow_with_the_record
  ok   двадцати сделок хватает на восьми сутках
  ok   тех же двадцати не хватает на шестидесяти
test_empty_is_undetermined_and_never_pass
  ok   артефакта нет — undetermined
  ok   артефакта нет — причина названа словами
  ok   заявки нет — undetermined
  ok   заявки нет — причина названа словами
  ok   суток нет — undetermined
  ok   суток нет — причина названа словами
  ok   причина из артефакта доехала до вердикта
test_zero_trades_everywhere_is_a_broken_replay
  ok   сломанный реплей — undetermined, а не closed
  ok   причина названа поломкой
  ok   та же заявка при живых соседях закрыта по измеримости
test_unmeasured_link_is_a_dash_not_a_zero
  ok   неизмеримая связь не даёт pass
  ok   связь стоит None, а не нулём
  ok   в отчёте прочерк, а не ноль
test_no_live_books_is_a_pass_with_a_dash
  ok   при пустом пуле объявлять можно
  ok   связь названа прочерком
test_the_phrase_is_derived_from_the_numbers
  ok   порог связи попал во фразу
  ok   тот же ряд при разных порогах судится по-разному
  ok   порог сделок попал во фразу
  ok   окно вылета в фразе считается тем же порогом
  ok   фраза не опровергает саму себя
test_the_report_prints_the_threshold_that_decided
  ok   при своём пороге связь неизмерима
  ok   порог решения стоит в вердикте
  ok   в отчёте стоит порог, по которому решено
  ok   константа модуля в отчёт не просочилась
test_journal_records_changes_not_the_schedule
  ok   первая запись прошла
  ok   тот же вердикт второй раз не пишется
  ok   в журнале ровно одна строка
  ok   строка несёт вердикт и причину
  ok   смена вердикта пишется
  ok   журнал ведёт обе стороны — и закрытых, и пропущенных
  ok   реестр объявлений потолком не тронут
test_main_writes_both_forms_and_publishes
pass: объявлять можно: 400 сделок за 40 суток записи (10.00 в сутки при требуемых 1.00) в 40 сутках из 40 (1.00 при требуемых 0.33 — форму будет чем измерить), теснейшая связь -0.240 с `live_a` при пределе 0.95 — пара несёт эффективное N 2.00; живых книг, чей дневной ряд пул вообще считает, 1 — при меньше чем двух эффективное N вырождено, и вердикт по условию его роста не выносится вовсе
отчёт: /tmp/tmp7kephyi7/out/CEILING-t.md
  ok   прогон дошёл до конца
  ok   машинная форма написана
  ok   человеческая форма написана
  ok   в отчёте сказано, что по доходности не судили
  ok   вердикт в отчёте
  ok   журнал дописан
  ok   с флагом публикации не было
pass: объявлять можно: 400 сделок за 40 суток записи (10.00 в сутки при требуемых 1.00) в 40 сутках из 40 (1.00 при требуемых 0.33 — форму будет чем измерить), теснейшая связь -0.240 с `live_a` при пределе 0.95 — пара несёт эффективное N 2.00; живых книг, чей дневной ряд пул вообще считает, 1 — при меньше чем двух эффективное N вырождено, и вердикт по условию его роста не выносится вовсе
отчёт: /tmp/tmp7kephyi7/out/CEILING-t.md
вердикт pass по h4_r_f0_w3_gs_rr0_se_b0_a0 уже записан — строка на каждый вызов сделала бы журнал расписанием
  ok   без флага публикация обязана случиться
test_missing_run_is_a_named_refusal_not_zeros
undetermined: суточного прогона нет (/tmp/tmpq92n5_yl/out/factory-day-t.json): No such file or directory
отчёт: /tmp/tmpq92n5_yl/out/CEILING-t.md
  ok   прогон без артефакта не падает
  ok   вердикт undetermined
  ok   причина названа файлом
  ok   журнал не дописан ничем
test_the_record_window_is_measured_before_the_gates
  ok   сутки считаются, а не берутся размахом
объявлено: 1 (0 случайных)
sheets.jsonl: ног 54
ног из журнала листов: 54
заявка: заявки нет (proposal.json): No such file or directory
ног всего 54, нужных живым кандидатам 18
суток записи в журнале листов: 3
исходов посчитано: 54
отчёт: /tmp/tmpfitb83fr/out/FACTORY-day-t.md
  ok   суточный прогон дошёл до конца
  ok   гейт и правда отсёк часть ног
  ok   после гейта суток осталось бы меньше
  ok   окно записи — все сутки журнала, а не сутки прошедших ног
  ok   суток записи названы в отчёте отдельно от суток со сделками
test_pending_is_replayed_but_not_declared
объявлено: 1 (0 случайных)
sheets.jsonl: ног 192
ног из журнала листов: 192
заявка: h4_r_f0_w3_gs_rr0_se_b0_a0
ног всего 192, нужных живым кандидатам 192
суток записи в журнале листов: 2
исходов посчитано: 576
заявка прогнана: сделок 108, суток 2 — объявлением это НЕ является
отчёт: /tmp/tmpizpyuk2t/out/FACTORY-day-t.md
  ok   суточный прогон дошёл до конца
  ok   заявка попала в артефакт
  ok   у заявки свой ключ
  ok   ноги заявки оценены: сделок у неё больше, чем у живого
  ok   дневной ряд заявки в артефакте
  ok   дневной ряд живого в артефакте
  ok   заявка НЕ объявлена: испытание не потрачено
  ok   отчёт называет заявку и говорит, что это не объявление
undetermined: связь не измерима ни с одной из 1 живых книг: общих суток меньше 3 — кандидат ждёт, а не проходит по умолчанию
отчёт: /tmp/tmpizpyuk2t/out/CEILING-t.md
  ok   потолок судил именно заявку
  ok   вердикт из трёх объявленных
  ok   потолок судил по длине записи из прогона
test_declared_proposal_is_not_pending_anymore
  ok   незаявленная заявка возвращается
  ok   объявленная не возвращается
  ok   причина названа
  ok   негодное правило не прогоняется
  ok   причина негодности названа
  ok   неисполнимое правило не прогоняется
  ok   отсутствие файла — названная причина
test_stale_bytecode_shadow_is_found_and_named
  ok   две версии яда одной длины
  ok   кеш яда написан, и ровно один
  ok   яд кусается: исходник говорит 2, а исполняется 1
  ok   питон считает такой кеш свежим — заголовком заслон не найти
  ok   страж спрашивает про дерево, а не про наш временный кеш
  ok   страж находит подмену и называет функцию
  ok   на чистом модуле страж молчит
  ok   и чистый модуль исполняется своим исходником
  ok   убран ровно кеш и ничего кроме
  ok   после уборки исполняется исходник
  ok   и заслона больше нет
  ok   исходник по просьбе удалить страж отказывается
test_the_tree_under_test_is_not_shadowed_by_stale_bytecode
  ok   модули под проверкой не заслонены прежним байткодом (10 импортировано из каталога фабрики)

все проверки прошли (34 блоков)
конец: 2026-09-02T17:26:43Z, код 0
публикуется в ветку main:
 jobs/done/stab-check.done  |   1 +
 jobs/done/stab-check.log   | 277 +++++++++++++++++++++++++++++++++++++++++++++
 jobs/done/stab-deploy.done |   1 +
 jobs/done/stab-deploy.log  |  10 ++
 jobs/poke.log              |   4 +
 5 files changed, 293 insertions(+)
To github.com:n0tgod/algoth_v2.git
   52b7804..bd8d0c8  main -> main
branch 'main' set up to track 'origin/main'.
опубликовано
