== задание stab-deploy ==
строка: status
начало: 2026-09-02T17:25:44Z
--- диск ---
Filesystem      Size  Used Avail Use% Mounted on
/dev/sda1       150G   67G   78G  47% /
/dev/sdb        147G  116G   24G  83% /mnt/HC_Volume_106683528
--- процессы ---
669148 bot/target/release/bot live --s8 research/s8_loop/out/model_sit_lo --journal bot/out/live --keys /root/.bybit/live.env --base https://api.bybit.com --arm gbm --capital 300 --interval-sec 5 --clear-halt
1115102 .venv/bin/python research/b1_book/collect.py --http 8765
1115256 .venv/bin/python research/s8_loop/train.py
--- статус сбора ---
{"t": 1788369940.9, "uptime_sec": 3695.9, "messages": 17954954, "trades": 2092322, "resets": 0, "last_msg_age_sec": 0.0, "snapshots": 2596925, "snapshot_errors": 0, "last_snap_age_sec": 0.4, "snap_pass_sec": 0.425, "writes": {"book": 2596925, "trades": 2092316, "raw": 160016, "liq": 702, "metrics": 8928}, "write_age_sec": {"book": 0.4, "trades": 0.3, "raw": 0.1, "liq": 208.2, "metrics": 62.2}, "symbols": {"0GUSDT": {"ready": true, "bid": 0.1844, "ask": 0.1845, "resets": 0}, "1000000BABYDOGEUSDT": {"ready": true, "bid": 0.0003646, "ask": 0.0003648, "resets": 0}, "1000000MOGUSDT": {"ready": true, "bid": 0.1021, "ask": 0.1022, "resets": 0}, "10000NEXUSDT": {"ready": true, "bid": 0.01433, "ask":
--- живой исполнитель ---
{
  "at_ms": 1788369940271,
  "capital_usd": 300.0,
  "dry": false,
  "entries_paused": false,
  "halted": "часовой цикл молчит 3.0 ч при пределе 3 ч (§5) — позиции без сканера не управляет никто",
  "lev_errors": null,
  "limits_off": true,
  "note": null,
  "positions": [],
  "realized_today_usd": 0.0,
  "realized_total_usd": -21.265818699799986,
  "rejects_row": 0,
  "stale_entries_skipped": 79,
  "tp_errors": null,
  "wallet": {
    "balance": 284.21345292,
    "equity": 284.21345292
  }
}
конец: 2026-09-02T17:25:44Z
публикуется в ветку main:
 jobs/done/stab-deploy.log           | 35 +++++++++++++++++++++++++++++++++++
 jobs/done/stab2.log                 |  7 +++++++
 jobs/poke.log                       |  2 ++
 research/s8_loop/out/day_brake.json |  2 +-
 4 files changed, 45 insertions(+), 1 deletion(-)
To github.com:n0tgod/algoth_v2.git
   66863cd..1a02c59  main -> main
branch 'main' set up to track 'origin/main'.
опубликовано
