== задание status-0828 ==
строка: status
начало: 2026-10-06T08:27:44Z
--- диск ---
Filesystem      Size  Used Avail Use% Mounted on
/dev/sda1       150G   73G   71G  51% /
/dev/sdb        147G   76G   64G  55% /mnt/HC_Volume_106683528
--- процессы (возраст с) ---
 669148 3668399 bot/target/release/bot live --s8 research/s8_loop/out/model_sit_lo --journal bot/out/live --keys /root/.bybit/live.env --base https://api.bybit.
3513073    1696 .venv/bin/python research/b1_book/collect.py --http 8765
3513339    1663 .venv/bin/python research/s8_loop/train.py
--- убийства ядра по памяти за сутки ---
0 (подробно: run tools/memtop.py)
--- обучение S8 ---
обучение S8: веса от 2026-10-06 07:50 UTC, 0.6 ч назад (каденция 24, тревога с 36 ч); последний цикл 07:50 UTC: обучилась
--- идущие прогоны ---
3519476 bash -c                      log="$1"; shift                     .venv/bin/python "$@" >> "$log" 2>&1                     rc=$?                     echo "конец: $(date -u +%FT%TZ), код $rc" >> "$log"                     # В git уходит ХВОСТ: зонд печатает прогресс                     # тысячами строк, и целиком он там не нужен.                     tail -n 400 "$log" > "$log.t" && mv "$log.t" "$log"                     tools/publish.sh "job: $(basename "$log" .log)" \                         >> "$log" 2>&1                  _ jobs/done/pick-rule-1.log research/dca_paper/pick_rule.py
3519481 .venv/bin/python research/dca_paper/pick_rule.py
--- статус сбора ---
{"t": 1791275261.5, "uptime_sec": 1692.6, "rss_mb": 1508, "messages": 6829642, "trades": 621649, "resets": 0, "last_msg_age_sec": 0.0, "snapshots": 1135777, "snapshot_errors": 0, "last_snap_age_sec": 1.0, "snap_pass_sec": 0.424, "writes": {"book": 1135777, "trades": 621649, "raw": 43723, "liq": 102, "metrics": 3910}, "write_age_sec": {"book": 1.0, "trades": 0.1, "raw": 0.0, "liq": 53.8, "metrics": 157.8}, "symbols": {"0GUSDT": {"ready": true, "bid": 0.3059, "ask": 0.306, "resets": 0}, "1000000BABYDOGEUSDT": {"ready": true, "bid": 0.0004129, "ask": 0.0004131, "resets": 0}, "1000000MOGUSDT": {"ready": true, "bid": 0.1204, "ask": 0.1205, "resets": 0}, "10000NEXUSDT": {"ready": true, "bid": 0.00
--- живой исполнитель ---
{
  "at_ms": 1791275261111,
  "capital_usd": 300.0,
  "dry": false,
  "entries_paused": false,
  "halted": "часовой цикл молчит 3.0 ч при пределе 3 ч (§5) — позиции без сканера не управляет никто",
  "lev_errors": null,
  "limits_off": true,
  "note": null,
  "positions": [],
  "realized_today_usd": 0.0,
  "realized_total_usd": -21.265818699799986,
  "rejects_row": 0,
  "stale_entries_skipped": 79,
  "tp_errors": null,
  "wallet": {
    "balance": 284.21345292,
    "equity": 284.21345292
  }
}
конец: 2026-10-06T08:27:44Z
