== задание status-1806 ==
строка: status
начало: 2026-09-06T17:14:47Z
--- диск ---
Filesystem      Size  Used Avail Use% Mounted on
/dev/sda1       150G   68G   77G  48% /
/dev/sdb        147G  131G  8.8G  94% /mnt/HC_Volume_106683528
--- процессы ---
669148 bot/target/release/bot live --s8 research/s8_loop/out/model_sit_lo --journal bot/out/live --keys /root/.bybit/live.env --base https://api.bybit.com --arm gbm --capital 300 --interval-sec 5 --clear-halt
1572752 .venv/bin/python research/b1_book/collect.py --http 8765
1572909 .venv/bin/python research/s8_loop/train.py
--- идущие прогоны ---
1609533 bash -c                      log="$1"; shift                     .venv/bin/python "$@" >> "$log" 2>&1                     rc=$?                     echo "конец: $(date -u +%FT%TZ), код $rc" >> "$log"                     # В git уходит ХВОСТ: зонд печатает прогресс                     # тысячами строк, и целиком он там не нужен.                     tail -n 400 "$log" > "$log.t" && mv "$log.t" "$log"                     tools/publish.sh "job: $(basename "$log" .log)" \                         >> "$log" 2>&1                  _ jobs/done/d10-short.log research/dca_ladder/run_d10.py
1609538 .venv/bin/python research/dca_ladder/run_d10.py
1610966 bash -c                      log="$1"; shift                     .venv/bin/python "$@" >> "$log" 2>&1                     rc=$?                     echo "конец: $(date -u +%FT%TZ), код $rc" >> "$log"                     # В git уходит ХВОСТ: зонд печатает прогресс                     # тысячами строк, и целиком он там не нужен.                     tail -n 400 "$log" > "$log.t" && mv "$log.t" "$log"                     tools/publish.sh "job: $(basename "$log" .log)" \                         >> "$log" 2>&1                  _ jobs/done/funding-refresh.log research/a1_universe/funding_refresh.py
1610973 .venv/bin/python research/a1_universe/funding_refresh.py
--- статус сбора ---
{"t": 1788714883.3, "uptime_sec": 24019.2, "messages": 94623716, "trades": 11065729, "resets": 0, "last_msg_age_sec": 0.0, "snapshots": 15388682, "snapshot_errors": 0, "last_snap_age_sec": 0.6, "snap_pass_sec": 0.306, "writes": {"book": 15388682, "trades": 11065729, "raw": 978130, "liq": 2672, "metrics": 59013}, "write_age_sec": {"book": 0.6, "trades": 0.1, "raw": 0.0, "liq": 118.9, "metrics": 25.2}, "symbols": {"0GUSDT": {"ready": true, "bid": 0.1968, "ask": 0.1969, "resets": 0}, "1000000BABYDOGEUSDT": {"ready": true, "bid": 0.0004042, "ask": 0.0004045, "resets": 0}, "1000000MOGUSDT": {"ready": true, "bid": 0.109, "ask": 0.1091, "resets": 0}, "10000NEXUSDT": {"ready": true, "bid": 0.01458, 
--- живой исполнитель ---
{
  "at_ms": 1788714886089,
  "capital_usd": 300.0,
  "dry": false,
  "entries_paused": false,
  "halted": "часовой цикл молчит 3.0 ч при пределе 3 ч (§5) — позиции без сканера не управляет никто",
  "lev_errors": null,
  "limits_off": true,
  "note": null,
  "positions": [],
  "realized_today_usd": 0.0,
  "realized_total_usd": -21.265818699799986,
  "rejects_row": 0,
  "stale_entries_skipped": 79,
  "tp_errors": null,
  "wallet": {
    "balance": 284.21345292,
    "equity": 284.21345292
  }
}
конец: 2026-09-06T17:14:47Z
