== задание status-rulers ==
строка: status
начало: 2026-09-04T12:00:03Z
--- диск ---
Filesystem      Size  Used Avail Use% Mounted on
/dev/sda1       150G   68G   77G  47% /
/dev/sdb        147G  126G   15G  90% /mnt/HC_Volume_106683528
--- процессы ---
669148 bot/target/release/bot live --s8 research/s8_loop/out/model_sit_lo --journal bot/out/live --keys /root/.bybit/live.env --base https://api.bybit.com --arm gbm --capital 300 --interval-sec 5 --clear-halt
1292087 .venv/bin/python research/b1_book/collect.py --http 8765
1292312 .venv/bin/python research/s8_loop/train.py
--- статус сбора ---
{"t": 1788523201.6, "uptime_sec": 2083.8, "messages": 8461848, "trades": 972060, "resets": 0, "last_msg_age_sec": 0.0, "snapshots": 1478313, "snapshot_errors": 0, "last_snap_age_sec": 1.3, "snap_pass_sec": 0.439, "writes": {"book": 1478313, "trades": 972042, "raw": 72040, "liq": 218, "metrics": 4494}, "write_age_sec": {"book": 1.3, "trades": 0.7, "raw": 0.5, "liq": 15.6, "metrics": 260.3}, "symbols": {"0GUSDT": {"ready": true, "bid": 0.1884, "ask": 0.1885, "resets": 0}, "1000000BABYDOGEUSDT": {"ready": true, "bid": 0.0003914, "ask": 0.0003917, "resets": 0}, "1000000MOGUSDT": {"ready": true, "bid": 0.1107, "ask": 0.1108, "resets": 0}, "10000NEXUSDT": {"ready": true, "bid": 0.01449, "ask": 0.0
--- живой исполнитель ---
{
  "at_ms": 1788523202954,
  "capital_usd": 300.0,
  "dry": false,
  "entries_paused": false,
  "halted": "часовой цикл молчит 3.0 ч при пределе 3 ч (§5) — позиции без сканера не управляет никто",
  "lev_errors": null,
  "limits_off": true,
  "note": null,
  "positions": [],
  "realized_today_usd": 0.0,
  "realized_total_usd": -21.265818699799986,
  "rejects_row": 0,
  "stale_entries_skipped": 79,
  "tp_errors": null,
  "wallet": {
    "balance": 284.21345292,
    "equity": 284.21345292
  }
}
конец: 2026-09-04T12:00:03Z
