== задание status-after-0831 ==
строка: status
начало: 2026-08-31T14:55:02Z
--- диск ---
Filesystem      Size  Used Avail Use% Mounted on
/dev/sda1       150G   67G   78G  47% /
/dev/sdb        147G  107G   33G  77% /mnt/HC_Volume_106683528
--- процессы ---
669148 bot/target/release/bot live --s8 research/s8_loop/out/model_sit_lo --journal bot/out/live --keys /root/.bybit/live.env --base https://api.bybit.com --arm gbm --capital 300 --interval-sec 5 --clear-halt
940279 .venv/bin/python research/b1_book/collect.py --http 8765
940648 .venv/bin/python research/s8_loop/train.py
--- статус сбора ---
{"t": 1788188100.3, "uptime_sec": 251.2, "messages": 1248115, "trades": 114573, "resets": 0, "last_msg_age_sec": 0.0, "snapshots": 111846, "snapshot_errors": 0, "last_snap_age_sec": 1.7, "snap_pass_sec": 1.468, "writes": {"book": 111846, "trades": 114560, "raw": 7835, "liq": 16}, "write_age_sec": {"book": 1.7, "trades": 6.9, "raw": 0.1, "liq": 38.2}, "symbols": {"0GUSDT": {"ready": true, "bid": 0.2063, "ask": 0.2064, "resets": 0}, "1000000BABYDOGEUSDT": {"ready": true, "bid": 0.0003553, "ask": 0.0003556, "resets": 0}, "1000000MOGUSDT": {"ready": true, "bid": 0.1073, "ask": 0.1075, "resets": 0}, "10000NEXUSDT": {"ready": true, "bid": 0.01439, "ask": 0.01445, "resets": 0}, "10000SATSUSDT": {"r
--- живой исполнитель ---
{
  "at_ms": 1788188097483,
  "capital_usd": 300.0,
  "dry": false,
  "entries_paused": false,
  "halted": "часовой цикл молчит 3.0 ч при пределе 3 ч (§5) — позиции без сканера не управляет никто",
  "lev_errors": null,
  "limits_off": true,
  "note": null,
  "positions": [],
  "realized_today_usd": 0.0,
  "realized_total_usd": -21.265818699799986,
  "rejects_row": 0,
  "stale_entries_skipped": 79,
  "tp_errors": null,
  "wallet": {
    "balance": 284.21345292,
    "equity": 284.21345292
  }
}
конец: 2026-08-31T14:55:02Z
публикуется в ветку main:
 jobs/done/books-registry-status.done              |    1 +
 jobs/done/books-registry-status.log               |    9 +
 jobs/done/cycle-health-0831.done                  |    1 +
 jobs/done/cycle-health-0831.log                   |    6 +
 jobs/done/status-after-0831.log                   |   35 +
 jobs/poke.log                                     |    4 +
 research/d1_seconds/out/d1.log                    |  379 ++
 research/d1_seconds/out/passive.log               |  138 +
 research/m1_features/out/build.log                |   21 +
 research/paper_monthly/out/daily.log              |  142 +
 research/s10_policy/out/tournament.log            | 4959 +++++++++++++++++++++
 research/s8_loop/out/CYCLE-health-deploy0831.md   |   39 +
 research/s8_loop/out/cycle-health-deploy0831.json |  177 +
 research/z1_screen/out/run.log                    |  178 +
 14 files changed, 6089 insertions(+)
