== задание status-fix6-1 ==
строка: status
начало: 2026-10-10T08:27:39Z
--- диск ---
Filesystem      Size  Used Avail Use% Mounted on
/dev/sda1       150G   74G   71G  52% /
/dev/sdb        147G   75G   65G  54% /mnt/HC_Volume_106683528
--- процессы (возраст с) ---
 450013   13829 .venv/bin/python research/b1_book/collect.py --http 8765
 456662   11857 .venv/bin/python research/s8_loop/train.py
 669148 4013993 bot/target/release/bot live --s8 research/s8_loop/out/model_sit_lo --journal bot/out/live --keys /root/.bybit/live.env --base https://api.bybit.
--- убийства ядра по памяти за сутки ---
13 (подробно: run tools/memtop.py)
--- обучение S8 ---
ТРЕВОГА обучение S8: веса от 2026-10-07 11:47 UTC, 68.7 ч назад (каденция 24, тревога с 36 ч) — обучение стоит; последний цикл 03:10 UTC: память: доступно 2236 МБ при пороге 3072 — рядом другие прогоны, обучение отложено на час — просьба уже стоит
--- идущие прогоны ---
нет
--- статус сбора ---
{"t": 1791620858.9, "uptime_sec": 13827.3, "rss_mb": 1569, "mem_guard": {"drops": 0, "dies": 0, "max_rss_mb": 1634}, "messages": 43796025, "trades": 4586235, "resets": 0, "last_msg_age_sec": 0.0, "snapshots": 8954166, "snapshot_errors": 3, "last_snap_age_sec": 0.3, "snap_pass_sec": 0.685, "writes": {"book": 8954166, "raw": 192173, "trades": 4586230, "liq": 1476, "metrics": 35595}, "write_age_sec": {"book": 0.3, "raw": 0.2, "trades": 0.2, "liq": 4.5, "metrics": 67.0}, "symbols": {"0GUSDT": {"ready": true, "bid": 0.2573, "ask": 0.2575, "resets": 0}, "1000000BABYDOGEUSDT": {"ready": true, "bid": 0.0003863, "ask": 0.0003864, "resets": 0}, "1000000MOGUSDT": {"ready": true, "bid": 0.1108, "ask": 0
--- живой исполнитель ---
{
  "at_ms": 1791620854562,
  "capital_usd": 300.0,
  "dry": false,
  "entries_paused": false,
  "halted": "часовой цикл молчит 3.0 ч при пределе 3 ч (§5) — позиции без сканера не управляет никто",
  "lev_errors": null,
  "limits_off": true,
  "note": null,
  "positions": [],
  "realized_today_usd": 0.0,
  "realized_total_usd": -21.265818699799986,
  "rejects_row": 0,
  "stale_entries_skipped": 79,
  "tp_errors": null,
  "wallet": {
    "balance": 284.21345292,
    "equity": 284.21345292
  }
}
конец: 2026-10-10T08:27:39Z
