== задание status-0110 ==
строка: status
начало: 2026-10-01T22:50:04Z
--- диск ---
Filesystem      Size  Used Avail Use% Mounted on
/dev/sda1       150G   73G   72G  51% /
/dev/sdb        147G   78G   62G  56% /mnt/HC_Volume_106683528
--- процессы (возраст с) ---
 669148 3288139 bot/target/release/bot live --s8 research/s8_loop/out/model_sit_lo --journal bot/out/live --keys /root/.bybit/live.env --base https://api.bybit.
2092064  158401 .venv/bin/python research/b1_book/collect.py --http 8765
2473546    2103 .venv/bin/python research/s8_loop/train.py
--- убийства ядра по памяти за сутки ---
12 (подробно: run tools/memtop.py)
--- идущие прогоны ---
нет
--- статус сбора ---
{"t": 1790894999.6, "uptime_sec": 158395.8, "messages": 719680421, "trades": 71026677, "resets": 0, "last_msg_age_sec": 0.0, "snapshots": 102726010, "snapshot_errors": 1, "last_snap_age_sec": 0.5, "snap_pass_sec": 0.479, "writes": {"book": 102726010, "trades": 71026675, "raw": 3178820, "liq": 17163, "metrics": 407422}, "write_age_sec": {"book": 0.5, "trades": 0.3, "raw": 0.4, "liq": 15.9, "metrics": 140.1}, "symbols": {"0GUSDT": {"ready": true, "bid": 0.295, "ask": 0.2952, "resets": 0}, "1000000BABYDOGEUSDT": {"ready": true, "bid": 0.0004056, "ask": 0.0004059, "resets": 0}, "1000000MOGUSDT": {"ready": true, "bid": 0.1153, "ask": 0.1154, "resets": 0}, "10000NEXUSDT": {"ready": true, "bid": 0.
--- живой исполнитель ---
{
  "at_ms": 1790895001564,
  "capital_usd": 300.0,
  "dry": false,
  "entries_paused": false,
  "halted": "часовой цикл молчит 3.0 ч при пределе 3 ч (§5) — позиции без сканера не управляет никто",
  "lev_errors": null,
  "limits_off": true,
  "note": null,
  "positions": [],
  "realized_today_usd": 0.0,
  "realized_total_usd": -21.265818699799986,
  "rejects_row": 0,
  "stale_entries_skipped": 79,
  "tp_errors": null,
  "wallet": {
    "balance": 284.21345292,
    "equity": 284.21345292
  }
}
конец: 2026-10-01T22:50:04Z
публикуется в ветку main:
 jobs/done/cycle-0110.done           |  1 +
 jobs/done/cycle-0110.log            | 19 ++++++++++++++++++
 jobs/done/status-0110.log           | 39 +++++++++++++++++++++++++++++++++++++
 research/s8_loop/out/day_brake.json |  2 +-
 4 files changed, 60 insertions(+), 1 deletion(-)
To github.com:n0tgod/algoth_v2.git
   16cb741b..d5c3b045  main -> main
branch 'main' set up to track 'origin/main'.
опубликовано
