== задание status-fix5 ==
строка: status
начало: 2026-10-10T08:11:39Z
--- диск ---
Filesystem      Size  Used Avail Use% Mounted on
/dev/sda1       150G   74G   71G  52% /
/dev/sdb        147G   74G   66G  53% /mnt/HC_Volume_106683528
--- процессы (возраст с) ---
 450013   12870 .venv/bin/python research/b1_book/collect.py --http 8765
 456662   10898 .venv/bin/python research/s8_loop/train.py
 669148 4013034 bot/target/release/bot live --s8 research/s8_loop/out/model_sit_lo --journal bot/out/live --keys /root/.bybit/live.env --base https://api.bybit.
--- убийства ядра по памяти за сутки ---
13 (подробно: run tools/memtop.py)
--- обучение S8 ---
ТРЕВОГА обучение S8: веса от 2026-10-07 11:47 UTC, 68.4 ч назад (каденция 24, тревога с 36 ч) — обучение стоит; последний цикл 03:10 UTC: память: доступно 2236 МБ при пороге 3072 — рядом другие прогоны, обучение отложено на час — просьба уже стоит
--- идущие прогоны ---
нет
--- статус сбора ---
{"t": 1791619899.7, "uptime_sec": 12868.2, "rss_mb": 1589, "mem_guard": {"drops": 0, "dies": 0, "max_rss_mb": 1634}, "messages": 40446039, "trades": 4127794, "resets": 0, "last_msg_age_sec": 0.0, "snapshots": 8248858, "snapshot_errors": 3, "last_snap_age_sec": 0.8, "snap_pass_sec": 0.301, "writes": {"book": 8248858, "raw": 178266, "trades": 4127794, "liq": 1380, "metrics": 33222}, "write_age_sec": {"book": 0.8, "raw": 0.0, "trades": 0.1, "liq": 6.4, "metrics": 9.6}, "symbols": {"0GUSDT": {"ready": true, "bid": 0.2573, "ask": 0.2575, "resets": 0}, "1000000BABYDOGEUSDT": {"ready": true, "bid": 0.0003863, "ask": 0.0003866, "resets": 0}, "1000000MOGUSDT": {"ready": true, "bid": 0.1104, "ask": 0.
--- живой исполнитель ---
{
  "at_ms": 1791619896531,
  "capital_usd": 300.0,
  "dry": false,
  "entries_paused": false,
  "halted": "часовой цикл молчит 3.0 ч при пределе 3 ч (§5) — позиции без сканера не управляет никто",
  "lev_errors": null,
  "limits_off": true,
  "note": null,
  "positions": [],
  "realized_today_usd": 0.0,
  "realized_total_usd": -21.265818699799986,
  "rejects_row": 0,
  "stale_entries_skipped": 79,
  "tp_errors": null,
  "wallet": {
    "balance": 284.21345292,
    "equity": 284.21345292
  }
}
конец: 2026-10-10T08:11:40Z
