== задание status-live-1 ==
строка: status
начало: 2026-08-28T11:42:58Z
--- диск ---
Filesystem      Size  Used Avail Use% Mounted on
/dev/sda1       150G   67G   78G  46% /
/dev/sdb        147G   95G   45G  69% /mnt/HC_Volume_106683528
--- процессы ---
669148 bot/target/release/bot live --s8 research/s8_loop/out/model_sit_lo --journal bot/out/live --keys /root/.bybit/live.env --base https://api.bybit.com --arm gbm --capital 300 --interval-sec 5 --clear-halt
688405 .venv/bin/python research/b1_book/collect.py --http 8765
688700 .venv/bin/python research/s8_loop/train.py
--- статус сбора ---
{"t": 1787917374.4, "uptime_sec": 226669.8, "messages": 1017730284, "trades": 107386074, "resets": 0, "last_msg_age_sec": 0.0, "snapshots": 153990342, "snapshot_errors": 0, "last_snap_age_sec": 0.4, "snap_pass_sec": 0.426, "writes": {"book": 153990342, "trades": 107386062, "raw": 3215951, "liq": 32794, "metrics": 547456}, "write_age_sec": {"book": 0.4, "trades": 0.5, "raw": 0.9, "liq": 1.3, "metrics": 252.6}, "symbols": {"0GUSDT": {"ready": true, "bid": 0.1595, "ask": 0.1597, "resets": 0}, "1000000BABYDOGEUSDT": {"ready": true, "bid": 0.0003704, "ask": 0.0003705, "resets": 0}, "1000000MOGUSDT": {"ready": true, "bid": 0.1179, "ask": 0.118, "resets": 0}, "10000NEXUSDT": {"ready": true, "bid": 
--- живой исполнитель ---
{
  "at_ms": 1787917375115,
  "capital_usd": 300.0,
  "dry": false,
  "entries_paused": false,
  "halted": "часовой цикл молчит 3.0 ч при пределе 3 ч (§5) — позиции без сканера не управляет никто",
  "lev_errors": null,
  "limits_off": true,
  "note": null,
  "positions": [],
  "realized_today_usd": 0.0,
  "realized_total_usd": -21.265818699799986,
  "rejects_row": 0,
  "stale_entries_skipped": 79,
  "tp_errors": null,
  "wallet": {
    "balance": 284.21345292,
    "equity": 284.21345292
  }
}
конец: 2026-08-28T11:42:58Z
