== задание status-sz2 ==
строка: status
начало: 2026-10-09T22:23:41Z
--- диск ---
Filesystem      Size  Used Avail Use% Mounted on
/dev/sda1       150G   74G   71G  52% /
/dev/sdb        147G   77G   63G  55% /mnt/HC_Volume_106683528
--- процессы (возраст с) ---
 375491     345 .venv/bin/python research/b1_book/collect.py --http 8765
 375668     220 .venv/bin/python research/s8_loop/train.py
 669148 3977756 bot/target/release/bot live --s8 research/s8_loop/out/model_sit_lo --journal bot/out/live --keys /root/.bybit/live.env --base https://api.bybit.
--- убийства ядра по памяти за сутки ---
15 (подробно: run tools/memtop.py)
--- обучение S8 ---
ТРЕВОГА обучение S8: веса от 2026-10-07 11:47 UTC, 58.6 ч назад (каденция 24, тревога с 36 ч) — обучение стоит; последний цикл 22:09 UTC: память: доступно 2851 МБ при пороге 3072 — рядом другие прогоны, обучение отложено на час — просьба уже стоит
--- идущие прогоны ---
нет
--- статус сбора ---
{"t": 1791584618.2, "uptime_sec": 340.1, "rss_mb": 1168, "messages": 962915, "trades": 69924, "resets": 0, "last_msg_age_sec": 0.0, "snapshots": 205637, "snapshot_errors": 0, "last_snap_age_sec": 32.1, "snap_pass_sec": 0.34, "writes": {"book": 205637, "raw": 3813, "trades": 69917, "liq": 9, "metrics": 154}, "write_age_sec": {"book": 32.1, "raw": 6.0, "trades": 32.4, "liq": 58.2, "metrics": 30.3}, "symbols": {"0GUSDT": {"ready": true, "bid": 0.2513, "ask": 0.2514, "resets": 0}, "1000000BABYDOGEUSDT": {"ready": true, "bid": 0.0003815, "ask": 0.0003818, "resets": 0}, "1000000MOGUSDT": {"ready": true, "bid": 0.1099, "ask": 0.11, "resets": 0}, "10000NEXUSDT": {"ready": true, "bid": 0.00791, "ask"
--- живой исполнитель ---
{
  "at_ms": 1791584619657,
  "capital_usd": 300.0,
  "dry": false,
  "entries_paused": false,
  "halted": "часовой цикл молчит 3.0 ч при пределе 3 ч (§5) — позиции без сканера не управляет никто",
  "lev_errors": null,
  "limits_off": true,
  "note": null,
  "positions": [],
  "realized_today_usd": 0.0,
  "realized_total_usd": -21.265818699799986,
  "rejects_row": 0,
  "stale_entries_skipped": 79,
  "tp_errors": null,
  "wallet": {
    "balance": 284.21345292,
    "equity": 284.21345292
  }
}
конец: 2026-10-09T22:23:42Z
