== задание status-rung ==
строка: status
начало: 2026-10-06T10:11:49Z
--- диск ---
Filesystem      Size  Used Avail Use% Mounted on
/dev/sda1       150G   73G   71G  51% /
/dev/sdb        147G   75G   65G  54% /mnt/HC_Volume_106683528
--- процессы (возраст с) ---
 669148 3674644 bot/target/release/bot live --s8 research/s8_loop/out/model_sit_lo --journal bot/out/live --keys /root/.bybit/live.env --base https://api.bybit.
3513073    7941 .venv/bin/python research/b1_book/collect.py --http 8765
3513339    7908 .venv/bin/python research/s8_loop/train.py
--- убийства ядра по памяти за сутки ---
0 (подробно: run tools/memtop.py)
--- обучение S8 ---
обучение S8: веса от 2026-10-06 07:50 UTC, 2.3 ч назад (каденция 24, тревога с 36 ч); последний цикл 10:10 UTC: весам 2.3 ч при каденции 24
--- идущие прогоны ---
3541825 bash -c                      log="$1"; shift                     .venv/bin/python "$@" >> "$log" 2>&1                     rc=$?                     echo "конец: $(date -u +%FT%TZ), код $rc" >> "$log"                     # В git уходит ХВОСТ: зонд печатает прогресс                     # тысячами строк, и целиком он там не нужен.                     tail -n 400 "$log" > "$log.t" && mv "$log.t" "$log"                     tools/publish.sh "job: $(basename "$log" .log)" \                         >> "$log" 2>&1                  _ jobs/done/short-rung-1.log research/dca_paper/short_rung.py
3541829 .venv/bin/python research/dca_paper/short_rung.py
--- статус сбора ---
{"t": 1791281505.2, "uptime_sec": 7936.3, "rss_mb": 1538, "messages": 28248922, "trades": 2612367, "resets": 0, "last_msg_age_sec": 0.0, "snapshots": 4664636, "snapshot_errors": 0, "last_snap_age_sec": 8.9, "snap_pass_sec": 0.539, "writes": {"book": 4664636, "trades": 2612351, "raw": 182530, "liq": 504, "metrics": 19550}, "write_age_sec": {"book": 8.9, "trades": 8.2, "raw": 8.4, "liq": 19.3, "metrics": 276.0}, "symbols": {"0GUSDT": {"ready": true, "bid": 0.3113, "ask": 0.3114, "resets": 0}, "1000000BABYDOGEUSDT": {"ready": true, "bid": 0.0004147, "ask": 0.0004149, "resets": 0}, "1000000MOGUSDT": {"ready": true, "bid": 0.1209, "ask": 0.121, "resets": 0}, "10000NEXUSDT": {"ready": true, "bid":
--- живой исполнитель ---
{
  "at_ms": 1791281508431,
  "capital_usd": 300.0,
  "dry": false,
  "entries_paused": false,
  "halted": "часовой цикл молчит 3.0 ч при пределе 3 ч (§5) — позиции без сканера не управляет никто",
  "lev_errors": null,
  "limits_off": true,
  "note": null,
  "positions": [],
  "realized_today_usd": 0.0,
  "realized_total_usd": -21.265818699799986,
  "rejects_row": 0,
  "stale_entries_skipped": 79,
  "tp_errors": null,
  "wallet": {
    "balance": 284.21345292,
    "equity": 284.21345292
  }
}
конец: 2026-10-06T10:11:49Z
