== задание status-sz1 ==
строка: status
начало: 2026-10-09T22:16:25Z
--- диск ---
Filesystem      Size  Used Avail Use% Mounted on
/dev/sda1       150G   74G   71G  52% /
/dev/sdb        147G   76G   64G  55% /mnt/HC_Volume_106683528
--- процессы (возраст с) ---
 362864    3046 .venv/bin/python research/s8_loop/train.py
 366231    1866 .venv/bin/python research/b1_book/collect.py --http 8765
 669148 3977320 bot/target/release/bot live --s8 research/s8_loop/out/model_sit_lo --journal bot/out/live --keys /root/.bybit/live.env --base https://api.bybit.
--- убийства ядра по памяти за сутки ---
15 (подробно: run tools/memtop.py)
--- обучение S8 ---
ТРЕВОГА обучение S8: веса от 2026-10-07 11:47 UTC, 58.5 ч назад (каденция 24, тревога с 36 ч) — обучение стоит; последний цикл 22:09 UTC: память: доступно 2851 МБ при пороге 3072 — рядом другие прогоны, обучение отложено на час — просьба уже стоит
--- идущие прогоны ---
нет
--- статус сбора ---
{"t": 1791584183.8, "uptime_sec": 1864.1, "rss_mb": 2027, "messages": 5972360, "trades": 466776, "resets": 0, "last_msg_age_sec": 0.0, "snapshots": 1090396, "snapshot_errors": 0, "last_snap_age_sec": 0.7, "snap_pass_sec": 1.059, "writes": {"book": 1090396, "trades": 466767, "raw": 27733, "liq": 103, "metrics": 3955}, "write_age_sec": {"book": 0.7, "trades": 6.8, "raw": 0.1, "liq": 13.6, "metrics": 287.2}, "symbols": {"0GUSDT": {"ready": true, "bid": 0.2516, "ask": 0.2517, "resets": 0}, "1000000BABYDOGEUSDT": {"ready": true, "bid": 0.000381, "ask": 0.0003814, "resets": 0}, "1000000MOGUSDT": {"ready": true, "bid": 0.1098, "ask": 0.11, "resets": 0}, "10000NEXUSDT": {"ready": true, "bid": 0.0079
--- живой исполнитель ---
{
  "at_ms": 1791584184013,
  "capital_usd": 300.0,
  "dry": false,
  "entries_paused": false,
  "halted": "часовой цикл молчит 3.0 ч при пределе 3 ч (§5) — позиции без сканера не управляет никто",
  "lev_errors": null,
  "limits_off": true,
  "note": null,
  "positions": [],
  "realized_today_usd": 0.0,
  "realized_total_usd": -21.265818699799986,
  "rejects_row": 0,
  "stale_entries_skipped": 79,
  "tp_errors": null,
  "wallet": {
    "balance": 284.21345292,
    "equity": 284.21345292
  }
}
конец: 2026-10-09T22:16:25Z
