== задание status-after-dups ==
строка: status
начало: 2026-09-07T08:27:53Z
--- диск ---
Filesystem      Size  Used Avail Use% Mounted on
/dev/sda1       150G  119G   25G  83% /
/dev/sdb        147G   83G   57G  60% /mnt/HC_Volume_106683528
--- процессы ---
669148 bot/target/release/bot live --s8 research/s8_loop/out/model_sit_lo --journal bot/out/live --keys /root/.bybit/live.env --base https://api.bybit.com --arm gbm --capital 300 --interval-sec 5 --clear-halt
1726919 .venv/bin/python research/b1_book/collect.py --http 8765
1727106 .venv/bin/python research/s8_loop/train.py
--- идущие прогоны ---
нет
--- статус сбора ---
{"t": 1788769671.6, "uptime_sec": 835.9, "messages": 3356029, "trades": 372553, "resets": 0, "last_msg_age_sec": 0.0, "snapshots": 567253, "snapshot_errors": 0, "last_snap_age_sec": 1.2, "snap_pass_sec": 0.541, "writes": {"book": 567253, "trades": 372542, "raw": 31406, "liq": 43, "metrics": 1500}, "write_age_sec": {"book": 1.2, "trades": 0.9, "raw": 0.4, "liq": 2.3, "metrics": 209.6}, "symbols": {"0GUSDT": {"ready": true, "bid": 0.1936, "ask": 0.1937, "resets": 0}, "1000000BABYDOGEUSDT": {"ready": true, "bid": 0.0004033, "ask": 0.0004037, "resets": 0}, "1000000MOGUSDT": {"ready": true, "bid": 0.1157, "ask": 0.1158, "resets": 0}, "10000NEXUSDT": {"ready": true, "bid": 0.01453, "ask": 0.01457,
--- живой исполнитель ---
{
  "at_ms": 1788769670965,
  "capital_usd": 300.0,
  "dry": false,
  "entries_paused": false,
  "halted": "часовой цикл молчит 3.0 ч при пределе 3 ч (§5) — позиции без сканера не управляет никто",
  "lev_errors": null,
  "limits_off": true,
  "note": null,
  "positions": [],
  "realized_today_usd": 0.0,
  "realized_total_usd": -21.265818699799986,
  "rejects_row": 0,
  "stale_entries_skipped": 79,
  "tp_errors": null,
  "wallet": {
    "balance": 284.21345292,
    "equity": 284.21345292
  }
}
конец: 2026-09-07T08:27:53Z
публикуется в ветку main:
 jobs/done/dca-restat-dups.log   |  7 +++++++
 jobs/done/status-after-dups.log | 37 +++++++++++++++++++++++++++++++++++++
 jobs/poke.log                   |  2 ++
 3 files changed, 46 insertions(+)
To github.com:n0tgod/algoth_v2.git
   07eda50..e1a691a  main -> main
branch 'main' set up to track 'origin/main'.
опубликовано
