== задание status-2120 ==
строка: status
начало: 2026-09-28T21:25:04Z
--- диск ---
Filesystem      Size  Used Avail Use% Mounted on
/dev/sda1       150G   73G   72G  51% /
/dev/sdb        147G   75G   65G  54% /mnt/HC_Volume_106683528
--- процессы (возраст с) ---
 669148 3023838 bot/target/release/bot live --s8 research/s8_loop/out/model_sit_lo --journal bot/out/live --keys /root/.bybit/live.env --base https://api.bybit.
1796214   14087 .venv/bin/python research/b1_book/collect.py --http 8765
1797854   13502 .venv/bin/python research/s8_loop/train.py
--- убийства ядра по памяти за сутки ---
187 (подробно: run tools/memtop.py)
--- идущие прогоны ---
нет
--- статус сбора ---
{"t": 1790630704.0, "uptime_sec": 14085.6, "messages": 62330460, "trades": 6197069, "resets": 0, "last_msg_age_sec": 0.0, "snapshots": 9917490, "snapshot_errors": 0, "last_snap_age_sec": 0.1, "snap_pass_sec": 1.178, "writes": {"book": 9917490, "trades": 6197065, "raw": 367024, "liq": 1495, "metrics": 35788}, "write_age_sec": {"book": 0.1, "trades": 0.1, "raw": 0.0, "liq": 48.5, "metrics": 83.5}, "symbols": {"0GUSDT": {"ready": true, "bid": 0.275, "ask": 0.2752, "resets": 0}, "1000000BABYDOGEUSDT": {"ready": true, "bid": 0.0004166, "ask": 0.000417, "resets": 0}, "1000000MOGUSDT": {"ready": true, "bid": 0.1154, "ask": 0.1155, "resets": 0}, "10000NEXUSDT": {"ready": true, "bid": 0.0083, "ask": 
--- живой исполнитель ---
{
  "at_ms": 1790630700712,
  "capital_usd": 300.0,
  "dry": false,
  "entries_paused": false,
  "halted": "часовой цикл молчит 3.0 ч при пределе 3 ч (§5) — позиции без сканера не управляет никто",
  "lev_errors": null,
  "limits_off": true,
  "note": null,
  "positions": [],
  "realized_today_usd": 0.0,
  "realized_total_usd": -21.265818699799986,
  "rejects_row": 0,
  "stale_entries_skipped": 79,
  "tp_errors": null,
  "wallet": {
    "balance": 284.21345292,
    "equity": 284.21345292
  }
}
конец: 2026-09-28T21:25:04Z
