== задание status-after-spill ==
строка: status
начало: 2026-09-24T12:55:04Z
--- диск ---
Filesystem      Size  Used Avail Use% Mounted on
/dev/sda1       150G  135G  9.1G  94% /
/dev/sdb        147G  131G  8.7G  94% /mnt/HC_Volume_106683528
--- процессы ---
669148 bot/target/release/bot live --s8 research/s8_loop/out/model_sit_lo --journal bot/out/live --keys /root/.bybit/live.env --base https://api.bybit.com --arm gbm --capital 300 --interval-sec 5 --clear-halt
937010 .venv/bin/python research/b1_book/collect.py --http 8765
937033 .venv/bin/python research/s8_loop/train.py
--- идущие прогоны ---
937916 bash -c              nice -n 10 .venv/bin/python research/dca_paper/run_pair.py                 >> research/dca_paper/out/pair.log 2>&1
937918 .venv/bin/python research/dca_paper/run_pair.py
--- статус сбора ---
{"t": 1790254500.1, "uptime_sec": 295.8, "messages": 1177587, "trades": 114301, "resets": 0, "last_msg_age_sec": 0.0, "snapshots": 183751, "snapshot_errors": 0, "last_snap_age_sec": 0.2, "snap_pass_sec": 0.355, "writes": {"book": 183751, "trades": 114288, "raw": 6147, "liq": 19}, "write_age_sec": {"book": 0.2, "trades": 0.2, "raw": 0.2, "liq": 9.2}, "symbols": {"0GUSDT": {"ready": true, "bid": 0.248, "ask": 0.2482, "resets": 0}, "1000000BABYDOGEUSDT": {"ready": true, "bid": 0.0004011, "ask": 0.0004013, "resets": 0}, "1000000MOGUSDT": {"ready": true, "bid": 0.1193, "ask": 0.1194, "resets": 0}, "10000NEXUSDT": {"ready": true, "bid": 0.00845, "ask": 0.00847, "resets": 0}, "10000SATSUSDT": {"rea
--- живой исполнитель ---
{
  "at_ms": 1790254501864,
  "capital_usd": 300.0,
  "dry": false,
  "entries_paused": false,
  "halted": "часовой цикл молчит 3.0 ч при пределе 3 ч (§5) — позиции без сканера не управляет никто",
  "lev_errors": null,
  "limits_off": true,
  "note": null,
  "positions": [],
  "realized_today_usd": 0.0,
  "realized_total_usd": -21.265818699799986,
  "rejects_row": 0,
  "stale_entries_skipped": 79,
  "tp_errors": null,
  "wallet": {
    "balance": 284.21345292,
    "equity": 284.21345292
  }
}
конец: 2026-09-24T12:55:04Z
публикуется в ветку main:
 jobs/done/spill-fall.log         | 10 ++++++++++
 jobs/done/status-after-spill.log | 38 ++++++++++++++++++++++++++++++++++++++
 2 files changed, 48 insertions(+)
To github.com:n0tgod/algoth_v2.git
   cb63d353..da51e8c8  main -> main
branch 'main' set up to track 'origin/main'.
опубликовано
