== задание status-0758 ==
строка: status
начало: 2026-10-06T07:58:20Z
--- диск ---
Filesystem      Size  Used Avail Use% Mounted on
/dev/sda1       150G   73G   71G  51% /
/dev/sdb        147G   78G   62G  56% /mnt/HC_Volume_106683528
--- процессы (возраст с) ---
 669148 3666634 bot/target/release/bot live --s8 research/s8_loop/out/model_sit_lo --journal bot/out/live --keys /root/.bybit/live.env --base https://api.bybit.
3462584   15174 .venv/bin/python research/b1_book/collect.py --http 8765
3462931   14898 .venv/bin/python research/s8_loop/train.py
--- убийства ядра по памяти за сутки ---
0 (подробно: run tools/memtop.py)
--- обучение S8 ---
обучение S8: веса от 2026-10-06 07:50 UTC, 0.1 ч назад (каденция 24, тревога с 36 ч); последний цикл 07:50 UTC: обучилась
--- идущие прогоны ---
нет
--- статус сбора ---
{"t": 1791273497.8, "uptime_sec": 15171.4, "rss_mb": 1486, "messages": 55687458, "trades": 4118463, "resets": 0, "last_msg_age_sec": 0.0, "snapshots": 10736066, "snapshot_errors": 1, "last_snap_age_sec": 0.7, "snap_pass_sec": 0.511, "writes": {"book": 10736066, "trades": 4118450, "raw": 332141, "liq": 1675, "metrics": 38318}, "write_age_sec": {"book": 0.7, "trades": 0.1, "raw": 0.1, "liq": 14.6, "metrics": 291.8}, "symbols": {"0GUSDT": {"ready": true, "bid": 0.307, "ask": 0.3072, "resets": 0}, "1000000BABYDOGEUSDT": {"ready": true, "bid": 0.0004125, "ask": 0.0004126, "resets": 0}, "1000000MOGUSDT": {"ready": true, "bid": 0.1204, "ask": 0.1205, "resets": 0}, "10000NEXUSDT": {"ready": true, "b
--- живой исполнитель ---
{
  "at_ms": 1791273497894,
  "capital_usd": 300.0,
  "dry": false,
  "entries_paused": false,
  "halted": "часовой цикл молчит 3.0 ч при пределе 3 ч (§5) — позиции без сканера не управляет никто",
  "lev_errors": null,
  "limits_off": true,
  "note": null,
  "positions": [],
  "realized_today_usd": 0.0,
  "realized_total_usd": -21.265818699799986,
  "rejects_row": 0,
  "stale_entries_skipped": 79,
  "tp_errors": null,
  "wallet": {
    "balance": 284.21345292,
    "equity": 284.21345292
  }
}
конец: 2026-10-06T07:58:20Z
публикуется в ветку main:
 jobs/done/memtop-0758.done          |  1 +
 jobs/done/memtop-0758.log           |  4 ++++
 jobs/done/status-0758.log           | 41 +++++++++++++++++++++++++++++++++++++
 jobs/poke.log                       |  3 +++
 research/s8_loop/out/day_brake.json |  2 +-
 5 files changed, 50 insertions(+), 1 deletion(-)
