== задание status-2809c ==
строка: status
начало: 2026-09-28T17:30:30Z
--- диск ---
Filesystem      Size  Used Avail Use% Mounted on
/dev/sda1       150G   73G   72G  51% /
/dev/sdb        147G   73G   67G  53% /mnt/HC_Volume_106683528
--- процессы ---
669148 bot/target/release/bot live --s8 research/s8_loop/out/model_sit_lo --journal bot/out/live --keys /root/.bybit/live.env --base https://api.bybit.com --arm gbm --capital 300 --interval-sec 5 --clear-halt
1796214 .venv/bin/python research/b1_book/collect.py --http 8765
1796246 .venv/bin/python research/s8_loop/train.py
--- идущие прогоны ---
нет
--- статус сбора ---
{"t": 1790616628.3, "uptime_sec": 9.9, "messages": 3594, "trades": 480, "resets": 0, "last_msg_age_sec": 0.0, "snapshots": 324, "snapshot_errors": 0, "last_snap_age_sec": 0.0, "snap_pass_sec": 0.144, "writes": {"book": 324, "trades": 480, "raw": 123}, "write_age_sec": {"book": 0.0, "trades": 0.1, "raw": 0.0}, "symbols": {"0GUSDT": {"ready": true, "bid": 0.2566, "ask": 0.2567, "resets": 0}, "1000000BABYDOGEUSDT": {"ready": true, "bid": 0.0004183, "ask": 0.0004186, "resets": 0}, "1000000MOGUSDT": {"ready": true, "bid": 0.1186, "ask": 0.1187, "resets": 0}, "10000NEXUSDT": {"ready": true, "bid": 0.0083, "ask": 0.00832, "resets": 0}, "10000SATSUSDT": {"ready": true, "bid": 0.00012211, "ask": 0.00
--- живой исполнитель ---
{
  "at_ms": 1790616628844,
  "capital_usd": 300.0,
  "dry": false,
  "entries_paused": false,
  "halted": "часовой цикл молчит 3.0 ч при пределе 3 ч (§5) — позиции без сканера не управляет никто",
  "lev_errors": null,
  "limits_off": true,
  "note": null,
  "positions": [],
  "realized_today_usd": 0.0,
  "realized_total_usd": -21.265818699799986,
  "rejects_row": 0,
  "stale_entries_skipped": 79,
  "tp_errors": null,
  "wallet": {
    "balance": 284.21345292,
    "equity": 284.21345292
  }
}
конец: 2026-09-28T17:30:30Z
публикуется в ветку main:
 jobs/done/logtail-block-start.log   |  7 +++++++
 jobs/done/memtop-2809.log           |  4 ++++
 jobs/done/memtop-2809b.done         |  1 +
 jobs/done/memtop-2809b.log          |  4 ++++
 jobs/done/status-2809c.log          | 37 +++++++++++++++++++++++++++++++++++++
 research/s8_loop/out/day_brake.json |  2 +-
 6 files changed, 54 insertions(+), 1 deletion(-)
To github.com:n0tgod/algoth_v2.git
   5fae2c7c..38a3144e  main -> main
branch 'main' set up to track 'origin/main'.
опубликовано
