== задание status-dca ==
строка: status
начало: 2026-09-04T11:35:30Z
--- диск ---
Filesystem      Size  Used Avail Use% Mounted on
/dev/sda1       150G   68G   77G  47% /
/dev/sdb        147G  124G   16G  89% /mnt/HC_Volume_106683528
--- процессы ---
669148 bot/target/release/bot live --s8 research/s8_loop/out/model_sit_lo --journal bot/out/live --keys /root/.bybit/live.env --base https://api.bybit.com --arm gbm --capital 300 --interval-sec 5 --clear-halt
1292087 .venv/bin/python research/b1_book/collect.py --http 8765
1292312 .venv/bin/python research/s8_loop/train.py
--- статус сбора ---
{"t": 1788521730.4, "uptime_sec": 612.5, "messages": 2523811, "trades": 275233, "resets": 0, "last_msg_age_sec": 0.0, "snapshots": 425378, "snapshot_errors": 0, "last_snap_age_sec": 0.7, "snap_pass_sec": 4.309, "writes": {"book": 425378, "trades": 275219, "raw": 19427, "liq": 60, "metrics": 749}, "write_age_sec": {"book": 0.7, "trades": 4.6, "raw": 0.2, "liq": 6.4, "metrics": 310.7}, "symbols": {"0GUSDT": {"ready": true, "bid": 0.1877, "ask": 0.1878, "resets": 0}, "1000000BABYDOGEUSDT": {"ready": true, "bid": 0.0003933, "ask": 0.0003934, "resets": 0}, "1000000MOGUSDT": {"ready": true, "bid": 0.1095, "ask": 0.1096, "resets": 0}, "10000NEXUSDT": {"ready": true, "bid": 0.0145, "ask": 0.01452, "
--- живой исполнитель ---
{
  "at_ms": 1788521727893,
  "capital_usd": 300.0,
  "dry": false,
  "entries_paused": false,
  "halted": "часовой цикл молчит 3.0 ч при пределе 3 ч (§5) — позиции без сканера не управляет никто",
  "lev_errors": null,
  "limits_off": true,
  "note": null,
  "positions": [],
  "realized_today_usd": 0.0,
  "realized_total_usd": -21.265818699799986,
  "rejects_row": 0,
  "stale_entries_skipped": 79,
  "tp_errors": null,
  "wallet": {
    "balance": 284.21345292,
    "equity": 284.21345292
  }
}
конец: 2026-09-04T11:35:30Z
публикуется в ветку main:
 jobs/done/dca-paper.log             |  7 +++++++
 jobs/done/status-dca.log            | 35 +++++++++++++++++++++++++++++++++++
 jobs/poke.log                       |  2 ++
 research/s8_loop/out/day_brake.json |  2 +-
 4 files changed, 45 insertions(+), 1 deletion(-)
To github.com:n0tgod/algoth_v2.git
   3ed2a51..03c92ac  main -> main
branch 'main' set up to track 'origin/main'.
опубликовано
