== задание status-stop3 ==
строка: status
начало: 2026-10-03T10:32:07Z
--- диск ---
Filesystem      Size  Used Avail Use% Mounted on
/dev/sda1       150G   73G   72G  51% /
/dev/sdb        147G   77G   63G  55% /mnt/HC_Volume_106683528
--- процессы (возраст с) ---
 669148 3416662 bot/target/release/bot live --s8 research/s8_loop/out/model_sit_lo --journal bot/out/live --keys /root/.bybit/live.env --base https://api.bybit.
2733787   27724 .venv/bin/python research/b1_book/collect.py --http 8765
2782876    8526 .venv/bin/python research/s8_loop/train.py
--- убийства ядра по памяти за сутки ---
8 (подробно: run tools/memtop.py)
--- идущие прогоны ---
2794589 bash -c                      log="$1"; shift                     .venv/bin/python "$@" >> "$log" 2>&1                     rc=$?                     echo "конец: $(date -u +%FT%TZ), код $rc" >> "$log"                     # В git уходит ХВОСТ: зонд печатает прогресс                     # тысячами строк, и целиком он там не нужен.                     tail -n 400 "$log" > "$log.t" && mv "$log.t" "$log"                     tools/publish.sh "job: $(basename "$log" .log)" \                         >> "$log" 2>&1                  _ jobs/done/stop2-f10.log research/dca_paper/short_stop.py --floor f10
2794593 .venv/bin/python research/dca_paper/short_stop.py --floor f10
2794598 bash -c                      log="$1"; shift                     .venv/bin/python "$@" >> "$log" 2>&1                     rc=$?                     echo "конец: $(date -u +%FT%TZ), код $rc" >> "$log"                     # В git уходит ХВОСТ: зонд печатает прогресс                     # тысячами строк, и целиком он там не нужен.                     tail -n 400 "$log" > "$log.t" && mv "$log.t" "$log"                     tools/publish.sh "job: $(basename "$log" .log)" \                         >> "$log" 2>&1                  _ jobs/done/stop2-f75.log research/dca_paper/short_stop.py --floor f75
2794602 .venv/bin/python research/dca_paper/short_stop.py --floor f75
--- статус сбора ---
{"t": 1791023526.9, "uptime_sec": 27722.3, "messages": 97909623, "trades": 9086842, "resets": 0, "last_msg_age_sec": 0.0, "snapshots": 20571740, "snapshot_errors": 0, "last_snap_age_sec": 0.2, "snap_pass_sec": 0.258, "writes": {"book": 20571740, "trades": 9086836, "raw": 410879, "liq": 2679, "metrics": 71253}, "write_age_sec": {"book": 0.2, "trades": 0.2, "raw": 0.2, "liq": 2.0, "metrics": 174.6}, "symbols": {"0GUSDT": {"ready": true, "bid": 0.2979, "ask": 0.298, "resets": 0}, "1000000BABYDOGEUSDT": {"ready": true, "bid": 0.0004041, "ask": 0.0004044, "resets": 0}, "1000000MOGUSDT": {"ready": true, "bid": 0.1154, "ask": 0.1156, "resets": 0}, "10000NEXUSDT": {"ready": true, "bid": 0.00837, "as
--- живой исполнитель ---
{
  "at_ms": 1791023524408,
  "capital_usd": 300.0,
  "dry": false,
  "entries_paused": false,
  "halted": "часовой цикл молчит 3.0 ч при пределе 3 ч (§5) — позиции без сканера не управляет никто",
  "lev_errors": null,
  "limits_off": true,
  "note": null,
  "positions": [],
  "realized_today_usd": 0.0,
  "realized_total_usd": -21.265818699799986,
  "rejects_row": 0,
  "stale_entries_skipped": 79,
  "tp_errors": null,
  "wallet": {
    "balance": 284.21345292,
    "equity": 284.21345292
  }
}
конец: 2026-10-03T10:32:07Z
публикуется в ветку main:
 jobs/done/status-stop3.log          | 42 ++++++++++++++++++++
 jobs/done/stop2-f10.log             | 77 +++++++++++++++++++++++++++++++++++++
 jobs/done/stop2-f75.log             | 71 ++++++++++++++++++++++++++++++++++
 jobs/poke.log                       |  2 +
 research/s8_loop/out/day_brake.json |  2 +-
 5 files changed, 193 insertions(+), 1 deletion(-)
To github.com:n0tgod/algoth_v2.git
   5878d671..5deff124  main -> main
branch 'main' set up to track 'origin/main'.
опубликовано
