== задание status-1830 ==
строка: status
начало: 2026-09-06T18:17:49Z
--- диск ---
Filesystem      Size  Used Avail Use% Mounted on
/dev/sda1       150G   68G   76G  48% /
/dev/sdb        147G  131G  8.4G  94% /mnt/HC_Volume_106683528
--- процессы ---
669148 bot/target/release/bot live --s8 research/s8_loop/out/model_sit_lo --journal bot/out/live --keys /root/.bybit/live.env --base https://api.bybit.com --arm gbm --capital 300 --interval-sec 5 --clear-halt
1572752 .venv/bin/python research/b1_book/collect.py --http 8765
--- идущие прогоны ---
1609533 bash -c                      log="$1"; shift                     .venv/bin/python "$@" >> "$log" 2>&1                     rc=$?                     echo "конец: $(date -u +%FT%TZ), код $rc" >> "$log"                     # В git уходит ХВОСТ: зонд печатает прогресс                     # тысячами строк, и целиком он там не нужен.                     tail -n 400 "$log" > "$log.t" && mv "$log.t" "$log"                     tools/publish.sh "job: $(basename "$log" .log)" \                         >> "$log" 2>&1                  _ jobs/done/d10-short.log research/dca_ladder/run_d10.py
1609538 .venv/bin/python research/dca_ladder/run_d10.py
--- статус сбора ---
{"t": 1788718664.3, "uptime_sec": 27800.2, "messages": 108346587, "trades": 12487017, "resets": 0, "last_msg_age_sec": 0.0, "snapshots": 18121283, "snapshot_errors": 0, "last_snap_age_sec": 0.3, "snap_pass_sec": 0.456, "writes": {"book": 18121283, "trades": 12487002, "raw": 1146539, "liq": 2970, "metrics": 67977}, "write_age_sec": {"book": 0.3, "trades": 0.3, "raw": 0.1, "liq": 10.7, "metrics": 169.8}, "symbols": {"0GUSDT": {"ready": true, "bid": 0.1976, "ask": 0.1977, "resets": 0}, "1000000BABYDOGEUSDT": {"ready": true, "bid": 0.0004045, "ask": 0.0004048, "resets": 0}, "1000000MOGUSDT": {"ready": true, "bid": 0.1094, "ask": 0.1095, "resets": 0}, "10000NEXUSDT": {"ready": true, "bid": 0.0145
--- живой исполнитель ---
{
  "at_ms": 1788718665151,
  "capital_usd": 300.0,
  "dry": false,
  "entries_paused": false,
  "halted": "часовой цикл молчит 3.0 ч при пределе 3 ч (§5) — позиции без сканера не управляет никто",
  "lev_errors": null,
  "limits_off": true,
  "note": null,
  "positions": [],
  "realized_today_usd": 0.0,
  "realized_total_usd": -21.265818699799986,
  "rejects_row": 0,
  "stale_entries_skipped": 79,
  "tp_errors": null,
  "wallet": {
    "balance": 284.21345292,
    "equity": 284.21345292
  }
}
конец: 2026-09-06T18:17:49Z
