== задание status-0510b ==
строка: status
начало: 2026-10-05T22:59:06Z
--- диск ---
Filesystem      Size  Used Avail Use% Mounted on
/dev/sda1       150G   73G   71G  51% /
/dev/sdb        147G   81G   59G  59% /mnt/HC_Volume_106683528
--- процессы (возраст с) ---
 669148 3634281 bot/target/release/bot live --s8 research/s8_loop/out/model_sit_lo --journal bot/out/live --keys /root/.bybit/live.env --base https://api.bybit.
3131881   91340 .venv/bin/python research/b1_book/collect.py --http 8765
3140733   89045 .venv/bin/python research/s8_loop/train.py
--- убийства ядра по памяти за сутки ---
0 (подробно: run tools/memtop.py)
--- обучение S8 ---
ТРЕВОГА обучение S8: веса от 2026-09-30 08:37 UTC, 134.4 ч назад (каденция 24, тревога с 36 ч) — обучение стоит; последний цикл 22:13 UTC: память: доступно 2403 МБ при пороге 3072 — рядом другие прогоны, обучение отложено на час — просьба записана
--- идущие прогоны ---
нет
--- статус сбора ---
{"t": 1791241145.1, "uptime_sec": 91337.2, "messages": 387982032, "trades": 32705108, "resets": 0, "last_msg_age_sec": 0.0, "snapshots": 61208168, "snapshot_errors": 0, "last_snap_age_sec": 1.5, "snap_pass_sec": 0.852, "writes": {"book": 61208168, "trades": 32705093, "raw": 2360031, "liq": 8309, "metrics": 233036}, "write_age_sec": {"book": 1.5, "trades": 0.7, "raw": 0.8, "liq": 88.3, "metrics": 198.4}, "symbols": {"0GUSDT": {"ready": true, "bid": 0.3063, "ask": 0.3064, "resets": 0}, "1000000BABYDOGEUSDT": {"ready": true, "bid": 0.0004164, "ask": 0.0004166, "resets": 0}, "1000000MOGUSDT": {"ready": true, "bid": 0.1225, "ask": 0.1226, "resets": 0}, "10000NEXUSDT": {"ready": true, "bid": 0.008
--- живой исполнитель ---
{
  "at_ms": 1791241146022,
  "capital_usd": 300.0,
  "dry": false,
  "entries_paused": false,
  "halted": "часовой цикл молчит 3.0 ч при пределе 3 ч (§5) — позиции без сканера не управляет никто",
  "lev_errors": null,
  "limits_off": true,
  "note": null,
  "positions": [],
  "realized_today_usd": 0.0,
  "realized_total_usd": -21.265818699799986,
  "rejects_row": 0,
  "stale_entries_skipped": 79,
  "tp_errors": null,
  "wallet": {
    "balance": 284.21345292,
    "equity": 284.21345292
  }
}
конец: 2026-10-05T22:59:06Z
публикуется в ветку main:
 jobs/done/books-0510.done           |  1 +
 jobs/done/books-0510.log            | 29 ++++++++++++++++++++++++++
 jobs/done/cycle-0510.log            | 11 ++++++++++
 jobs/done/kills-0410.done           |  1 +
 jobs/done/kills-0410.log            |  4 ++++
 jobs/done/status-0510b.log          | 41 +++++++++++++++++++++++++++++++++++++
 jobs/poke.log                       |  4 ++++
 research/factory/out/asks.jsonl     |  1 +
 research/s8_loop/out/day_brake.json |  2 +-
 9 files changed, 93 insertions(+), 1 deletion(-)
fatal: cannot lock ref 'HEAD': is at 6439d14a342f088f6862d4b36b2b58fa8ea405a8 but expected aa1f618de9b0fb12c280414a041e575b753cf974
