== задание state-fix ==
строка: restart-book
начало: 2026-09-02T17:55:03Z
перезапуск сборщика и циклов
== останавливаю прежний ==
жду закрытия файлов.......
== обновляю код ==
Already up to date.
== запускаю ==
== поднялся, хвост журнала ==
[       3 с] шард 1: подключён, подписываюсь на 120 тем
[       4 с] шард 2: подключён, подписываюсь на 120 тем
[       5 с] шард 3: подключён, подписываюсь на 120 тем
[       6 с] шард 4: подключён, подписываюсь на 120 тем
[       8 с] шард 5: подключён, подписываюсь на 120 тем
[       9 с] шард 6: подключён, подписываюсь на 120 тем
[      11 с] шард 7: подключён, подписываюсь на 120 тем
[      11 с] шард 8: подключён, подписываюсь на 120 тем
== перезапускаю циклы обучения ==
  не запущен: s8_loop/train.py --pretest
  остановлен, сторож поднимет: s8_loop/train.py$
публикуется в ветку main:
 jobs/done/scout-deploy.log             | 11 +++++++++
 jobs/done/scout-run.done               |  1 +
 jobs/done/scout-run.log                |  7 ++++++
 jobs/done/state-fix.done               |  1 +
 jobs/done/state-fix.log                | 21 ++++++++++++++++
 jobs/poke.log                          |  3 +++
 research/factory/out/agents-runs.jsonl |  2 ++
 research/factory/out/scout.json        | 45 ++++++++++++++++++++++++++++++++++
 research/s8_loop/out/day_brake.json    |  2 +-
 9 files changed, 92 insertions(+), 1 deletion(-)
To github.com:n0tgod/algoth_v2.git
   a7d5250..b5fb5d1  main -> main
branch 'main' set up to track 'origin/main'.
опубликовано
