== задание status-1802 ==
строка: status
начало: 2026-09-28T18:05:03Z
--- диск ---
Filesystem      Size  Used Avail Use% Mounted on
/dev/sda1       150G   73G   72G  51% /
/dev/sdb        147G   73G   67G  53% /mnt/HC_Volume_106683528
--- процессы (возраст с) ---
 669148 3011838 bot/target/release/bot live --s8 research/s8_loop/out/model_sit_lo --journal bot/out/live --keys /root/.bybit/live.env --base https://api.bybit.
1796214    2087 .venv/bin/python research/b1_book/collect.py --http 8765
1797854    1502 .venv/bin/python research/s8_loop/train.py
--- убийства ядра по памяти за сутки ---
208 (подробно: run tools/memtop.py)
--- идущие прогоны ---
нет
--- статус сбора ---
{"t": 1790618704.5, "uptime_sec": 2086.1, "messages": 9949173, "trades": 1051524, "resets": 0, "last_msg_age_sec": 0.0, "snapshots": 1466069, "snapshot_errors": 0, "last_snap_age_sec": 1.4, "snap_pass_sec": 0.607, "writes": {"book": 1466069, "trades": 1051507, "raw": 52887, "liq": 213, "metrics": 4668}, "write_age_sec": {"book": 1.4, "trades": 0.5, "raw": 0.5, "liq": 1.2, "metrics": 241.6}, "symbols": {"0GUSDT": {"ready": true, "bid": 0.2647, "ask": 0.2649, "resets": 0}, "1000000BABYDOGEUSDT": {"ready": true, "bid": 0.0004203, "ask": 0.0004205, "resets": 0}, "1000000MOGUSDT": {"ready": true, "bid": 0.1191, "ask": 0.1192, "resets": 0}, "10000NEXUSDT": {"ready": true, "bid": 0.0083, "ask": 0.0
--- живой исполнитель ---
{
  "at_ms": 1790618699636,
  "capital_usd": 300.0,
  "dry": false,
  "entries_paused": false,
  "halted": "часовой цикл молчит 3.0 ч при пределе 3 ч (§5) — позиции без сканера не управляет никто",
  "lev_errors": null,
  "limits_off": true,
  "note": null,
  "positions": [],
  "realized_today_usd": 0.0,
  "realized_total_usd": -21.265818699799986,
  "rejects_row": 0,
  "stale_entries_skipped": 79,
  "tp_errors": null,
  "wallet": {
    "balance": 284.21345292,
    "equity": 284.21345292
  }
}
конец: 2026-09-28T18:05:04Z
публикуется в ветку main:
 jobs/done/loggrep-train.log         | 10 ++++++
 jobs/done/memtop-1802.done          |  1 +
 jobs/done/memtop-1802.log           | 62 +++++++++++++++++++++++++++++++++++++
 jobs/done/status-1802.log           | 39 +++++++++++++++++++++++
 research/s8_loop/out/day_brake.json |  2 +-
 5 files changed, 113 insertions(+), 1 deletion(-)
