== задание status-after-opendd ==
строка: status
начало: 2026-10-01T23:05:03Z
--- диск ---
Filesystem      Size  Used Avail Use% Mounted on
/dev/sda1       150G   73G   72G  51% /
/dev/sdb        147G   75G   66G  54% /mnt/HC_Volume_106683528
--- процессы (возраст с) ---
 669148 3289038 bot/target/release/bot live --s8 research/s8_loop/out/model_sit_lo --journal bot/out/live --keys /root/.bybit/live.env --base https://api.bybit.
2481552     285 .venv/bin/python research/b1_book/collect.py --http 8765
2481731       2 .venv/bin/python research/s8_loop/train.py
--- убийства ядра по памяти за сутки ---
12 (подробно: run tools/memtop.py)
--- идущие прогоны ---
нет
--- статус сбора ---
{"t": 1790895901.7, "uptime_sec": 282.7, "messages": 992053, "trades": 66188, "resets": 0, "last_msg_age_sec": 0.0, "snapshots": 181103, "snapshot_errors": 0, "last_snap_age_sec": 1.5, "snap_pass_sec": 0.601, "writes": {"book": 181103, "trades": 66176, "raw": 4582, "liq": 37}, "write_age_sec": {"book": 1.5, "trades": 0.7, "raw": 0.3, "liq": 95.0}, "symbols": {"0GUSDT": {"ready": true, "bid": 0.2956, "ask": 0.2958, "resets": 0}, "1000000BABYDOGEUSDT": {"ready": true, "bid": 0.0004068, "ask": 0.0004071, "resets": 0}, "1000000MOGUSDT": {"ready": true, "bid": 0.1156, "ask": 0.1158, "resets": 0}, "10000NEXUSDT": {"ready": true, "bid": 0.00813, "ask": 0.00815, "resets": 0}, "10000SATSUSDT": {"read
--- живой исполнитель ---
{
  "at_ms": 1790895898605,
  "capital_usd": 300.0,
  "dry": false,
  "entries_paused": false,
  "halted": "часовой цикл молчит 3.0 ч при пределе 3 ч (§5) — позиции без сканера не управляет никто",
  "lev_errors": null,
  "limits_off": true,
  "note": null,
  "positions": [],
  "realized_today_usd": 0.0,
  "realized_total_usd": -21.265818699799986,
  "rejects_row": 0,
  "stale_entries_skipped": 79,
  "tp_errors": null,
  "wallet": {
    "balance": 284.21345292,
    "equity": 284.21345292
  }
}
конец: 2026-10-01T23:05:03Z
