== задание status-after-unblock ==
строка: status
начало: 2026-09-28T17:15:03Z
--- диск ---
Filesystem      Size  Used Avail Use% Mounted on
/dev/sda1       150G   73G   72G  51% /
/dev/sdb        147G   73G   68G  52% /mnt/HC_Volume_106683528
--- процессы ---
669148 bot/target/release/bot live --s8 research/s8_loop/out/model_sit_lo --journal bot/out/live --keys /root/.bybit/live.env --base https://api.bybit.com --arm gbm --capital 300 --interval-sec 5 --clear-halt
1749916 .venv/bin/python research/b1_book/collect.py --http 8765
1793551 .venv/bin/python research/s8_loop/train.py
--- идущие прогоны ---
1751237 bash -c              nice -n 10 .venv/bin/python research/dca_paper/run_short.py                 >> research/dca_paper/out/short.log 2>&1
1751239 .venv/bin/python research/dca_paper/run_short.py
--- статус сбора ---
{"t": 1790615698.7, "uptime_sec": 21635.1, "messages": 965656, "trades": 183206, "resets": 0, "last_msg_age_sec": 0.0, "snapshots": 31647, "snapshot_errors": 0, "last_snap_age_sec": 0.6, "snap_pass_sec": 0.165, "writes": {"book": 31647, "metrics": 777, "trades": 183202, "raw": 3442, "liq": 73}, "write_age_sec": {"book": 0.6, "metrics": 242.5, "trades": 0.2, "raw": 19.0, "liq": 1.8}, "symbols": {"0GUSDT": {"ready": false, "bid": null, "ask": null, "resets": 0}, "1000000BABYDOGEUSDT": {"ready": false, "bid": null, "ask": null, "resets": 0}, "1000000MOGUSDT": {"ready": false, "bid": null, "ask": null, "resets": 0}, "10000NEXUSDT": {"ready": false, "bid": null, "ask": null, "resets": 0}, "10000S
--- живой исполнитель ---
{
  "at_ms": 1790615699850,
  "capital_usd": 300.0,
  "dry": false,
  "entries_paused": false,
  "halted": "часовой цикл молчит 3.0 ч при пределе 3 ч (§5) — позиции без сканера не управляет никто",
  "lev_errors": null,
  "limits_off": true,
  "note": null,
  "positions": [],
  "realized_today_usd": 0.0,
  "realized_total_usd": -21.265818699799986,
  "rejects_row": 0,
  "stale_entries_skipped": 79,
  "tp_errors": null,
  "wallet": {
    "balance": 284.21345292,
    "equity": 284.21345292
  }
}
конец: 2026-09-28T17:15:03Z
публикуется в ветку main:
 jobs/done/logtail-block.done       |  1 +
 jobs/done/logtail-block.log        | 72 ++++++++++++++++++++++++++++++++++++++
 jobs/done/status-after-unblock.log | 38 ++++++++++++++++++++
 3 files changed, 111 insertions(+)
