== задание stop-f25 ==
строка: run research/dca_paper/short_stop.py --floor f25
начало: 2026-09-10T21:03:34Z
запускаю: .venv/bin/python research/dca_paper/short_stop.py --floor f25
h24/gbm: часов 645, коротких выборов 1935, ног под краем 1925, отброшено (нет полей / знак) 10
h24/nn: часов 645, коротких выборов 1935, ног под краем 1793, отброшено (нет полей / знак) 130
ног обеих рук: 3718
пол капитуляции на время замера: 0.25 (≈ съедено 75 % маржи), было 0.1
коротких ног (край ≥ 33) 3718: rr2 370, lo 3009, any 3718; символов 292
окно решений 2026-08-08 10:00 … 2026-09-10 20:00 UTC (33.4 суток, дат 34)
память: 94.4 МБ (ноги загружены; предел 1200)
  символ 6/292  решений 146
память: 323.8 МБ (символ 10/292; предел 1200)
память: 289.4 МБ (символ 20/292; предел 1200)
  символ 23/292  решений 275
  символ 27/292  решений 363
  символ 30/292  решений 482
память: 312.5 МБ (символ 30/292; предел 1200)
  символ 33/292  решений 545
  символ 39/292  решений 625
память: 299.9 МБ (символ 40/292; предел 1200)
  символ 47/292  решений 739
  символ 48/292  решений 753
память: 301.4 МБ (символ 50/292; предел 1200)
  символ 57/292  решений 809
  символ 59/292  решений 933
память: 328.6 МБ (символ 60/292; предел 1200)
  символ 62/292  решений 951
  символ 63/292  решений 1038
  символ 70/292  решений 1137
память: 418.5 МБ (символ 70/292; предел 1200)
  символ 74/292  решений 1240
  символ 80/292  решений 1402
память: 344.9 МБ (символ 80/292; предел 1200)
  символ 85/292  решений 1506
  символ 89/292  решений 1639
память: 344.9 МБ (символ 90/292; предел 1200)
  символ 96/292  решений 1715
память: 344.9 МБ (символ 100/292; предел 1200)
  символ 103/292  решений 1804
  символ 104/292  решений 1842
  символ 106/292  решений 1940
память: 414.3 МБ (символ 110/292; предел 1200)
  символ 115/292  решений 2073
память: 404.3 МБ (символ 120/292; предел 1200)
память: 404.3 МБ (символ 130/292; предел 1200)
  символ 140/292  решений 2228
память: 403.3 МБ (символ 140/292; предел 1200)
  символ 143/292  решений 2288
память: 404.3 МБ (символ 150/292; предел 1200)
  символ 158/292  решений 2379
память: 404.3 МБ (символ 160/292; предел 1200)
  символ 167/292  решений 2454
память: 407.4 МБ (символ 170/292; предел 1200)
память: 408.0 МБ (символ 180/292; предел 1200)
  символ 186/292  решений 2589
память: 407.0 МБ (символ 190/292; предел 1200)
  символ 197/292  решений 2681
память: 407.0 МБ (символ 200/292; предел 1200)
память: 407.0 МБ (символ 210/292; предел 1200)
память: 407.0 МБ (символ 220/292; предел 1200)
  символ 225/292  решений 2826
память: 407.0 МБ (символ 230/292; предел 1200)
  символ 235/292  решений 3055
память: 408.1 МБ (символ 240/292; предел 1200)
  символ 248/292  решений 3298
память: 408.1 МБ (символ 250/292; предел 1200)
  символ 252/292  решений 3452
память: 408.1 МБ (символ 260/292; предел 1200)
память: 408.1 МБ (символ 270/292; предел 1200)
память: 408.1 МБ (символ 280/292; предел 1200)
  символ 282/292  решений 3674
память: 408.1 МБ (символ 290/292; предел 1200)
запись доходит до 2026-09-10 21:30 UTC
пол 0.25: безопасная $10000 → 1887.95 $, просадка -0.1629, полом 36, ликвидаций 2 из 597
# Пол капитуляции как стоп: где резать против хода

Просьба владельца 2026-09-10. Ось объявлена ДО прогона: доля расстояния «вход → ликвидация», на которой стоит пол — 0.10 (как сейчас) / 0.25 / 0.50 / 0.75. В съеденной марже это «режем при ~90 / 75 / 50 / 25 % съеденной маржи»: чем больше доля, тем РАНЬШЕ стоп. Формула пола — ядра лестницы, ось двигает её параметр.

Остальное — как книги торгуют сегодня: плечо забора, доливов нет, цель ×2, срок 24 ч, гейт края, возраст ≥ 7 суток, доля билета; деньги НЕТТО.

**Ось посчитана не целиком:** нет ячеек 0.1, 0.5, 0.75. Их ещё не считали — это не «их не бывает».

## безопасная (шорт h24)

| пол | съедено маржи | депозит | сделок | Σ $ | итог | просадка | доход/просадка | тейк | срок | пол | ликвидация |
|---|--:|--:|--:|--:|--:|--:|--:|--:|--:|--:|--:|
| 0.25 | ~75 % | $1000 | 588 | +216.64 | +21.7 % | -18.1 % | 1.20 | 34 (6 %) +155 $ | 516 (88 %) +886 $ | 36 (6 %) -755 $ | 2 (0 %) -69 $ |
| 0.25 | ~75 % | $10000 | 597 | +1887.95 | +18.9 % | -16.3 % | 1.16 | 34 (6 %) +1355 $ | 525 (88 %) +7666 $ | 36 (6 %) -6537 $ | 2 (0 %) -595 $ |
| 0.25 | ~75 % | $100000 | 597 | +18896.26 | +18.9 % | -16.3 % | 1.16 | 34 (6 %) +13559 $ | 525 (88 %) +76739 $ | 36 (6 %) -65443 $ | 2 (0 %) -5959 $ |

## оптимальная (шорт h24)

| пол | съедено маржи | депозит | сделок | Σ $ | итог | просадка | доход/просадка | тейк | срок | пол | ликвидация |
|---|--:|--:|--:|--:|--:|--:|--:|--:|--:|--:|--:|
| 0.25 | ~75 % | $1000 | 568 | +507.87 | +50.8 % | -29.0 % | 1.75 | 31 (5 %) +508 $ | 462 (81 %) +1966 $ | 73 (13 %) -1896 $ | 2 (0 %) -70 $ |
| 0.25 | ~75 % | $10000 | 623 | +1002.20 | +10.0 % | -6.7 % | 1.49 | 34 (5 %) +868 $ | 507 (81 %) +3465 $ | 80 (13 %) -3211 $ | 2 (0 %) -120 $ |
| 0.25 | ~75 % | $100000 | 623 | +10031.23 | +10.0 % | -6.7 % | 1.49 | 34 (5 %) +8693 $ | 507 (81 %) +34682 $ | 80 (13 %) -32138 $ | 2 (0 %) -1206 $ |

## агрессивная (шорт h24)

| пол | съедено маржи | депозит | сделок | Σ $ | итог | просадка | доход/просадка | тейк | срок | пол | ликвидация |
|---|--:|--:|--:|--:|--:|--:|--:|--:|--:|--:|--:|
| 0.25 | ~75 % | $1000 | 487 | +155.47 | +15.6 % | -9.4 % | 1.66 | 26 (5 %) +147 $ | 325 (67 %) +689 $ | 130 (27 %) -634 $ | 6 (1 %) -46 $ |
| 0.25 | ~75 % | $10000 | 487 | +1591.88 | +15.9 % | -9.6 % | 1.66 | 26 (5 %) +1505 $ | 325 (67 %) +7066 $ | 130 (27 %) -6507 $ | 6 (1 %) -472 $ |
| 0.25 | ~75 % | $100000 | 487 | +15956.00 | +16.0 % | -9.6 % | 1.66 | 26 (5 %) +15085 $ | 325 (67 %) +70842 $ | 130 (27 %) -65241 $ | 6 (1 %) -4730 $ |

## Как читать

- Ранний стоп обязан двигать ДВА числа сразу: долю хвостовых исходов вниз и просадку вниз. Если просадка падает, а деньги падают вместе с ней — это не защита, а уменьшение книги, и то же самое даёт доля билета, только без потери сделок.
- Ликвидации при раннем стопе обязаны исчезать: стоп стоит перед ней. Если они остаются — значит цена доходит до ликвидации ВНУТРИ бара, минуя пол, и это свойство разрыва, а не правила.
- Ячейка правилом не назначается: окно одно, веса модели эти часы видели.

публикуется в ветку main:
 jobs/done/stop-f10.done                    |   1 +
 jobs/done/stop-f10.log                     | 139 +++++++++++++++++++++++++++++
 jobs/done/stop-f25.done                    |   1 +
 jobs/done/stop-f25.log                     | 113 +++++++++++++++++++++++
 jobs/poke.log                              |   4 +
 research/dca_paper/out/DCA-short-stop.json |   1 +
 research/dca_paper/out/DCA-short-stop.md   |  46 ++++++++++
 research/s8_loop/out/day_brake.json        |   2 +-
 8 files changed, 306 insertions(+), 1 deletion(-)
To github.com:n0tgod/algoth_v2.git
   898a175f..c510a32a  main -> main
branch 'main' set up to track 'origin/main'.
опубликовано
конец: 2026-09-10T21:30:16Z, код 0
публикуется в ветку main:
 jobs/done/stop-f25.log | 15 +++++++++++++++
 1 file changed, 15 insertions(+)
To github.com:n0tgod/algoth_v2.git
   c510a32a..959a499c  main -> main
branch 'main' set up to track 'origin/main'.
опубликовано
