ног обеих рук: 5135
пол капитуляции на время замера: 0.75 (≈ съедено 25 % маржи), было 0.1
коротких ног (край ≥ 33) 5135: rr2 428, lo 4297, any 5135; символов 391
окно решений 2026-08-08 10:00 … 2026-10-03 09:00 UTC (56 суток, дат 57)
память: 124.6 МБ (ноги загружены; предел 1200)
хранилище: архив b1/trades/POWERUSDT/2026-08-30.tar не распакован: [Errno 2] No such file or directory: '/root/algoth_v2/research/b1_book/out/cache/trades/POWERUSDT/2026-08-30-21.jsonl.gz.tmp' -> '/root/algoth_v2/research/b1_book/out/cache/trades/POWERUSDT/2026-08-30-21.jsonl.gz'
хранилище: архив b1/trades/POWERUSDT/2026-09-02.tar не распакован: [Errno 2] No such file or directory: '/root/algoth_v2/research/b1_book/out/cache/trades/POWERUSDT/2026-09-02-02.jsonl.gz.tmp' -> '/root/algoth_v2/research/b1_book/out/cache/trades/POWERUSDT/2026-09-02-02.jsonl.gz'
хранилище: архив b1/trades/POWERUSDT/2026-09-08.tar не распакован: [Errno 2] No such file or directory: '/root/algoth_v2/research/b1_book/out/cache/trades/POWERUSDT/2026-09-08-00.jsonl.gz.tmp' -> '/root/algoth_v2/research/b1_book/out/cache/trades/POWERUSDT/2026-09-08-00.jsonl.gz'
хранилище: архив b1/trades/POWERUSDT/2026-09-09.tar не распакован: [Errno 2] No such file or directory: '/root/algoth_v2/research/b1_book/out/cache/trades/POWERUSDT/2026-09-09-00.jsonl.gz.tmp' -> '/root/algoth_v2/research/b1_book/out/cache/trades/POWERUSDT/2026-09-09-00.jsonl.gz'
хранилище: архив b1/trades/POWERUSDT/2026-09-24.tar не распакован: [Errno 2] No such file or directory: '/root/algoth_v2/research/b1_book/out/cache/trades/POWERUSDT/2026-09-24-22.jsonl.gz.tmp' -> '/root/algoth_v2/research/b1_book/out/cache/trades/POWERUSDT/2026-09-24-22.jsonl.gz'
  символ 5/391  решений 95
  символ 6/391  решений 160
хранилище: архив b1/trades/DUSKUSDT/2026-08-17.tar не распакован: [Errno 2] No such file or directory: '/root/algoth_v2/research/b1_book/out/cache/trades/DUSKUSDT/2026-08-17-00.jsonl.gz.tmp' -> '/root/algoth_v2/research/b1_book/out/cache/trades/DUSKUSDT/2026-08-17-00.jsonl.gz'
хранилище: архив b1/trades/DUSKUSDT/2026-08-22.tar не распакован: [Errno 2] No such file or directory: '/root/algoth_v2/research/b1_book/out/cache/trades/DUSKUSDT/2026-08-22-00.jsonl.gz.tmp' -> '/root/algoth_v2/research/b1_book/out/cache/trades/DUSKUSDT/2026-08-22-00.jsonl.gz'
хранилище: архив b1/trades/DUSKUSDT/2026-09-24.tar не распакован: [Errno 2] No such file or directory: '/root/algoth_v2/research/b1_book/out/cache/trades/DUSKUSDT/2026-09-24-12.jsonl.gz.tmp' -> '/root/algoth_v2/research/b1_book/out/cache/trades/DUSKUSDT/2026-09-24-12.jsonl.gz'
хранилище: архив b1/trades/ARCUSDT/2026-08-27.tar не распакован: [Errno 2] No such file or directory: '/root/algoth_v2/research/b1_book/out/cache/trades/ARCUSDT/2026-08-27-00.jsonl.gz.tmp' -> '/root/algoth_v2/research/b1_book/out/cache/trades/ARCUSDT/2026-08-27-00.jsonl.gz'
хранилище: архив b1/trades/PHAROSUSDT/2026-08-26.tar не распакован: [Errno 2] No such file or directory: '/root/algoth_v2/research/b1_book/out/cache/trades/PHAROSUSDT/2026-08-26-00.jsonl.gz.tmp' -> '/root/algoth_v2/research/b1_book/out/cache/trades/PHAROSUSDT/2026-08-26-00.jsonl.gz'
хранилище: архив b1/trades/PHAROSUSDT/2026-09-01.tar не распакован: [Errno 2] No such file or directory: '/root/algoth_v2/research/b1_book/out/cache/trades/PHAROSUSDT/2026-09-01-00.jsonl.gz.tmp' -> '/root/algoth_v2/research/b1_book/out/cache/trades/PHAROSUSDT/2026-09-01-00.jsonl.gz'
  символ 10/391  решений 179
память: 341.7 МБ (символ 10/391; предел 1200)
хранилище: архив b1/trades/PTBUSDT/2026-08-07.tar не распакован: [Errno 2] No such file or directory: '/root/algoth_v2/research/b1_book/out/cache/trades/PTBUSDT/2026-08-07-04.jsonl.gz.tmp' -> '/root/algoth_v2/research/b1_book/out/cache/trades/PTBUSDT/2026-08-07-04.jsonl.gz'
хранилище: архив b1/trades/RAVEUSDT/2026-09-07.tar не распакован: [Errno 2] No such file or directory: '/root/algoth_v2/research/b1_book/out/cache/trades/RAVEUSDT/2026-09-07-00.jsonl.gz.tmp' -> '/root/algoth_v2/research/b1_book/out/cache/trades/RAVEUSDT/2026-09-07-00.jsonl.gz'
хранилище: архив b1/trades/CETUSUSDT/2026-08-12.tar не распакован: [Errno 2] No such file or directory: '/root/algoth_v2/research/b1_book/out/cache/trades/CETUSUSDT/2026-08-12-00.jsonl.gz.tmp' -> '/root/algoth_v2/research/b1_book/out/cache/trades/CETUSUSDT/2026-08-12-00.jsonl.gz'
хранилище: архив b1/trades/CETUSUSDT/2026-08-17.tar не распакован: [Errno 2] No such file or directory: '/root/algoth_v2/research/b1_book/out/cache/trades/CETUSUSDT/2026-08-17-00.jsonl.gz.tmp' -> '/root/algoth_v2/research/b1_book/out/cache/trades/CETUSUSDT/2026-08-17-00.jsonl.gz'
  символ 15/391  решений 226
хранилище: архив b1/trades/ORCAUSDT/2026-08-09.tar не распакован: [Errno 2] No such file or directory: '/root/algoth_v2/research/b1_book/out/cache/trades/ORCAUSDT/2026-08-09-03.jsonl.gz.tmp' -> '/root/algoth_v2/research/b1_book/out/cache/trades/ORCAUSDT/2026-08-09-03.jsonl.gz'
хранилище: архив b1/trades/ORCAUSDT/2026-08-11.tar не распакован: [Errno 2] No such file or directory: '/root/algoth_v2/research/b1_book/out/cache/trades/ORCAUSDT/2026-08-11-00.jsonl.gz.tmp' -> '/root/algoth_v2/research/b1_book/out/cache/trades/ORCAUSDT/2026-08-11-00.jsonl.gz'
хранилище: архив b1/trades/ORCAUSDT/2026-08-14.tar не распакован: [Errno 2] No such file or directory: '/root/algoth_v2/research/b1_book/out/cache/trades/ORCAUSDT/2026-08-14-00.jsonl.gz.tmp' -> '/root/algoth_v2/research/b1_book/out/cache/trades/ORCAUSDT/2026-08-14-00.jsonl.gz'
хранилище: архив b1/trades/IOTAUSDT/2026-08-29.tar не распакован: [Errno 2] No such file or directory: '/root/algoth_v2/research/b1_book/out/cache/trades/IOTAUSDT/2026-08-29-00.jsonl.gz.tmp' -> '/root/algoth_v2/research/b1_book/out/cache/trades/IOTAUSDT/2026-08-29-00.jsonl.gz'
  символ 18/391  решений 237
хранилище: архив b1/trades/PIXELUSDT/2026-08-13.tar не распакован: [Errno 2] No such file or directory: '/root/algoth_v2/research/b1_book/out/cache/trades/PIXELUSDT/2026-08-13-00.jsonl.gz.tmp' -> '/root/algoth_v2/research/b1_book/out/cache/trades/PIXELUSDT/2026-08-13-00.jsonl.gz'
хранилище: архив b1/trades/PIXELUSDT/2026-08-14.tar не распакован: [Errno 2] No such file or directory: '/root/algoth_v2/research/b1_book/out/cache/trades/PIXELUSDT/2026-08-14-00.jsonl.gz.tmp' -> '/root/algoth_v2/research/b1_book/out/cache/trades/PIXELUSDT/2026-08-14-00.jsonl.gz'
  символ 20/391  решений 256
память: 321.0 МБ (символ 20/391; предел 1200)
хранилище: архив b1/trades/KAITOUSDT/2026-08-13.tar не распакован: [Errno 2] No such file or directory: '/root/algoth_v2/research/b1_book/out/cache/trades/KAITOUSDT/2026-08-13-15.jsonl.gz.tmp' -> '/root/algoth_v2/research/b1_book/out/cache/trades/KAITOUSDT/2026-08-13-15.jsonl.gz'
  символ 22/391  решений 282
хранилище: архив b1/trades/HEIUSDT/2026-08-08.tar не распакован: [Errno 2] No such file or directory: '/root/algoth_v2/research/b1_book/out/cache/trades/HEIUSDT/2026-08-08-00.jsonl.gz.tmp' -> '/root/algoth_v2/research/b1_book/out/cache/trades/HEIUSDT/2026-08-08-00.jsonl.gz'
хранилище: архив b1/trades/ESPORTSUSDT/2026-08-16.tar не распакован: [Errno 2] No such file or directory: '/root/algoth_v2/research/b1_book/out/cache/trades/ESPORTSUSDT/2026-08-16-04.jsonl.gz.tmp' -> '/root/algoth_v2/research/b1_book/out/cache/trades/ESPORTSUSDT/2026-08-16-04.jsonl.gz'
  символ 24/391  решений 315
хранилище: архив b1/trades/DYMUSDT/2026-08-09.tar не распакован: [Errno 2] No such file or directory: '/root/algoth_v2/research/b1_book/out/cache/trades/DYMUSDT/2026-08-09-15.jsonl.gz.tmp' -> '/root/algoth_v2/research/b1_book/out/cache/trades/DYMUSDT/2026-08-09-15.jsonl.gz'
хранилище: архив b1/trades/CYSUSDT/2026-08-18.tar не распакован: [Errno 2] No such file or directory: '/root/algoth_v2/research/b1_book/out/cache/trades/CYSUSDT/2026-08-18-00.jsonl.gz.tmp' -> '/root/algoth_v2/research/b1_book/out/cache/trades/CYSUSDT/2026-08-18-00.jsonl.gz'
  символ 27/391  решений 400
хранилище: архив b1/trades/BLESSUSDT/2026-08-13.tar не распакован: [Errno 2] No such file or directory: '/root/algoth_v2/research/b1_book/out/cache/trades/BLESSUSDT/2026-08-13-12.jsonl.gz.tmp' -> '/root/algoth_v2/research/b1_book/out/cache/trades/BLESSUSDT/2026-08-13-12.jsonl.gz'
  символ 29/391  решений 419
  символ 30/391  решений 519
память: 356.4 МБ (символ 30/391; предел 1200)
хранилище: архив b1/trades/IOSTUSDT/2026-08-22.tar не распакован: [Errno 2] No such file or directory: '/root/algoth_v2/research/b1_book/out/cache/trades/IOSTUSDT/2026-08-22-05.jsonl.gz.tmp' -> '/root/algoth_v2/research/b1_book/out/cache/trades/IOSTUSDT/2026-08-22-05.jsonl.gz'
хранилище: архив b1/trades/IOSTUSDT/2026-08-27.tar не распакован: [Errno 2] No such file or directory: '/root/algoth_v2/research/b1_book/out/cache/trades/IOSTUSDT/2026-08-27-00.jsonl.gz.tmp' -> '/root/algoth_v2/research/b1_book/out/cache/trades/IOSTUSDT/2026-08-27-00.jsonl.gz'
хранилище: архив b1/trades/IOSTUSDT/2026-08-28.tar не распакован: [Errno 2] No such file or directory: '/root/algoth_v2/research/b1_book/out/cache/trades/IOSTUSDT/2026-08-28-00.jsonl.gz.tmp' -> '/root/algoth_v2/research/b1_book/out/cache/trades/IOSTUSDT/2026-08-28-00.jsonl.gz'
хранилище: архив b1/trades/IOSTUSDT/2026-09-02.tar не распакован: [Errno 2] No such file or directory: '/root/algoth_v2/research/b1_book/out/cache/trades/IOSTUSDT/2026-09-02-00.jsonl.gz.tmp' -> '/root/algoth_v2/research/b1_book/out/cache/trades/IOSTUSDT/2026-09-02-00.jsonl.gz'
хранилище: архив b1/trades/IOSTUSDT/2026-09-04.tar не распакован: [Errno 2] No such file or directory: '/root/algoth_v2/research/b1_book/out/cache/trades/IOSTUSDT/2026-09-04-13.jsonl.gz.tmp' -> '/root/algoth_v2/research/b1_book/out/cache/trades/IOSTUSDT/2026-09-04-13.jsonl.gz'
  символ 31/391  решений 571
хранилище: архив b1/trades/INXUSDT/2026-09-06.tar не распакован: [Errno 2] No such file or directory: '/root/algoth_v2/research/b1_book/out/cache/trades/INXUSDT/2026-09-06-00.jsonl.gz.tmp' -> '/root/algoth_v2/research/b1_book/out/cache/trades/INXUSDT/2026-09-06-00.jsonl.gz'
хранилище: архив b1/trades/INXUSDT/2026-09-10.tar не распакован: [Errno 2] No such file or directory: '/root/algoth_v2/research/b1_book/out/cache/trades/INXUSDT/2026-09-10-00.jsonl.gz.tmp' -> '/root/algoth_v2/research/b1_book/out/cache/trades/INXUSDT/2026-09-10-00.jsonl.gz'
хранилище: архив b1/trades/INXUSDT/2026-09-24.tar не распакован: [Errno 2] No such file or directory: '/root/algoth_v2/research/b1_book/out/cache/trades/INXUSDT/2026-09-24-12.jsonl.gz.tmp' -> '/root/algoth_v2/research/b1_book/out/cache/trades/INXUSDT/2026-09-24-12.jsonl.gz'
хранилище: архив b1/trades/BROCCOLIUSDT/2026-08-27.tar не распакован: [Errno 2] No such file or directory: '/root/algoth_v2/research/b1_book/out/cache/trades/BROCCOLIUSDT/2026-08-27-10.jsonl.gz.tmp' -> '/root/algoth_v2/research/b1_book/out/cache/trades/BROCCOLIUSDT/2026-08-27-10.jsonl.gz'
  символ 34/391  решений 604
  символ 39/391  решений 678
память: 348.8 МБ (символ 40/391; предел 1200)
  символ 44/391  решений 743
  символ 46/391  решений 766
хранилище: архив b1/trades/MUBARAKUSDT/2026-09-02.tar не распакован: [Errno 2] No such file or directory: '/root/algoth_v2/research/b1_book/out/cache/trades/MUBARAKUSDT/2026-09-02-00.jsonl.gz.tmp' -> '/root/algoth_v2/research/b1_book/out/cache/trades/MUBARAKUSDT/2026-09-02-00.jsonl.gz'
хранилище: архив b1/trades/MUBARAKUSDT/2026-09-12.tar не распакован: [Errno 2] No such file or directory: '/root/algoth_v2/research/b1_book/out/cache/trades/MUBARAKUSDT/2026-09-12-23.jsonl.gz.tmp' -> '/root/algoth_v2/research/b1_book/out/cache/trades/MUBARAKUSDT/2026-09-12-23.jsonl.gz'
  символ 47/391  решений 794
хранилище: архив b1/trades/ENAUSDT/2026-08-18.tar не распакован: [Errno 2] No such file or directory: '/root/algoth_v2/research/b1_book/out/cache/trades/ENAUSDT/2026-08-18-13.jsonl.gz.tmp' -> '/root/algoth_v2/research/b1_book/out/cache/trades/ENAUSDT/2026-08-18-13.jsonl.gz'
хранилище: архив b1/trades/ENAUSDT/2026-09-09.tar не распакован: [Errno 2] No such file or directory: '/root/algoth_v2/research/b1_book/out/cache/trades/ENAUSDT/2026-09-09-22.jsonl.gz.tmp' -> '/root/algoth_v2/research/b1_book/out/cache/trades/ENAUSDT/2026-09-09-22.jsonl.gz'
хранилище: архив b1/trades/ENAUSDT/2026-09-12.tar не распакован: [Errno 2] No such file or directory: '/root/algoth_v2/research/b1_book/out/cache/trades/ENAUSDT/2026-09-12-07.jsonl.gz.tmp' -> '/root/algoth_v2/research/b1_book/out/cache/trades/ENAUSDT/2026-09-12-07.jsonl.gz'
  символ 48/391  решений 818
хранилище: архив b1/trades/AIOZUSDT/2026-08-24.tar не распакован: [Errno 2] No such file or directory: '/root/algoth_v2/research/b1_book/out/cache/trades/AIOZUSDT/2026-08-24-17.jsonl.gz.tmp' -> '/root/algoth_v2/research/b1_book/out/cache/trades/AIOZUSDT/2026-08-24-17.jsonl.gz'
хранилище: архив b1/trades/AIOZUSDT/2026-09-07.tar не распакован: [Errno 2] No such file or directory: '/root/algoth_v2/research/b1_book/out/cache/trades/AIOZUSDT/2026-09-07-00.jsonl.gz.tmp' -> '/root/algoth_v2/research/b1_book/out/cache/trades/AIOZUSDT/2026-09-07-00.jsonl.gz'
  символ 50/391  решений 826
память: 346.8 МБ (символ 50/391; предел 1200)
хранилище: архив b1/trades/ARIAUSDT/2026-08-22.tar не распакован: [Errno 2] No such file or directory: '/root/algoth_v2/research/b1_book/out/cache/trades/ARIAUSDT/2026-08-22-00.jsonl.gz.tmp' -> '/root/algoth_v2/research/b1_book/out/cache/trades/ARIAUSDT/2026-08-22-00.jsonl.gz'
хранилище: архив b1/trades/ARIAUSDT/2026-08-26.tar не распакован: [Errno 2] No such file or directory: '/root/algoth_v2/research/b1_book/out/cache/trades/ARIAUSDT/2026-08-26-03.jsonl.gz.tmp' -> '/root/algoth_v2/research/b1_book/out/cache/trades/ARIAUSDT/2026-08-26-03.jsonl.gz'
хранилище: архив b1/book/VELODROMEUSDT/2026-08-11.tar не распакован: [Errno 2] No such file or directory: '/root/algoth_v2/research/b1_book/out/cache/book/VELODROMEUSDT/2026-08-11-00.jsonl.gz.tmp' -> '/root/algoth_v2/research/b1_book/out/cache/book/VELODROMEUSDT/2026-08-11-00.jsonl.gz'
  символ 54/391  решений 861
хранилище: архив b1/trades/CLOUSDT/2026-09-24.tar не распакован: [Errno 2] No such file or directory: '/root/algoth_v2/research/b1_book/out/cache/trades/CLOUSDT/2026-09-24-12.jsonl.gz.tmp' -> '/root/algoth_v2/research/b1_book/out/cache/trades/CLOUSDT/2026-09-24-12.jsonl.gz'
хранилище: архив b1/trades/COOKIEUSDT/2026-08-13.tar не распакован: [Errno 2] No such file or directory: '/root/algoth_v2/research/b1_book/out/cache/trades/COOKIEUSDT/2026-08-13-07.jsonl.gz.tmp' -> '/root/algoth_v2/research/b1_book/out/cache/trades/COOKIEUSDT/2026-08-13-07.jsonl.gz'
хранилище: архив b1/trades/BTRUSDT/2026-08-10.tar не распакован: [Errno 2] No such file or directory: '/root/algoth_v2/research/b1_book/out/cache/trades/BTRUSDT/2026-08-10-00.jsonl.gz.tmp' -> '/root/algoth_v2/research/b1_book/out/cache/trades/BTRUSDT/2026-08-10-00.jsonl.gz'
хранилище: архив b1/trades/BTRUSDT/2026-08-12.tar не распакован: [Errno 2] No such file or directory: '/root/algoth_v2/research/b1_book/out/cache/trades/BTRUSDT/2026-08-12-00.jsonl.gz.tmp' -> '/root/algoth_v2/research/b1_book/out/cache/trades/BTRUSDT/2026-08-12-00.jsonl.gz'
хранилище: архив b1/trades/BTRUSDT/2026-08-14.tar не распакован: [Errno 2] No such file or directory: '/root/algoth_v2/research/b1_book/out/cache/trades/BTRUSDT/2026-08-14-00.jsonl.gz.tmp' -> '/root/algoth_v2/research/b1_book/out/cache/trades/BTRUSDT/2026-08-14-00.jsonl.gz'
хранилище: архив b1/trades/BTRUSDT/2026-08-29.tar не распакован: [Errno 2] No such file or directory: '/root/algoth_v2/research/b1_book/out/cache/trades/BTRUSDT/2026-08-29-14.jsonl.gz.tmp' -> '/root/algoth_v2/research/b1_book/out/cache/trades/BTRUSDT/2026-08-29-14.jsonl.gz'
  символ 59/391  решений 1009
память: 360.6 МБ (символ 60/391; предел 1200)
  символ 62/391  решений 1062
хранилище: архив b1/trades/BEATUSDT/2026-08-28.tar не распакован: [Errno 2] No such file or directory: '/root/algoth_v2/research/b1_book/out/cache/trades/BEATUSDT/2026-08-28-06.jsonl.gz.tmp' -> '/root/algoth_v2/research/b1_book/out/cache/trades/BEATUSDT/2026-08-28-06.jsonl.gz'
  символ 63/391  решений 1150
хранилище: архив b1/trades/VELVETUSDT/2026-08-10.tar не распакован: [Errno 2] No such file or directory: '/root/algoth_v2/research/b1_book/out/cache/trades/VELVETUSDT/2026-08-10-00.jsonl.gz.tmp' -> '/root/algoth_v2/research/b1_book/out/cache/trades/VELVETUSDT/2026-08-10-00.jsonl.gz'
хранилище: архив b1/trades/VELVETUSDT/2026-08-21.tar не распакован: [Errno 2] No such file or directory: '/root/algoth_v2/research/b1_book/out/cache/trades/VELVETUSDT/2026-08-21-00.jsonl.gz.tmp' -> '/root/algoth_v2/research/b1_book/out/cache/trades/VELVETUSDT/2026-08-21-00.jsonl.gz'
хранилище: архив b1/trades/FHEUSDT/2026-08-17.tar не распакован: [Errno 2] No such file or directory: '/root/algoth_v2/research/b1_book/out/cache/trades/FHEUSDT/2026-08-17-16.jsonl.gz.tmp' -> '/root/algoth_v2/research/b1_book/out/cache/trades/FHEUSDT/2026-08-17-16.jsonl.gz'
  символ 66/391  решений 1185
хранилище: архив b1/trades/LUNA2USDT/2026-09-08.tar не распакован: [Errno 2] No such file or directory: '/root/algoth_v2/research/b1_book/out/cache/trades/LUNA2USDT/2026-09-08-00.jsonl.gz.tmp' -> '/root/algoth_v2/research/b1_book/out/cache/trades/LUNA2USDT/2026-09-08-00.jsonl.gz'
хранилище: архив b1/trades/ACXUSDT/2026-08-10.tar не распакован: [Errno 2] No such file or directory: '/root/algoth_v2/research/b1_book/out/cache/trades/ACXUSDT/2026-08-10-00.jsonl.gz.tmp' -> '/root/algoth_v2/research/b1_book/out/cache/trades/ACXUSDT/2026-08-10-00.jsonl.gz'
хранилище: архив b1/trades/ACXUSDT/2026-08-11.tar не распакован: [Errno 2] No such file or directory: '/root/algoth_v2/research/b1_book/out/cache/trades/ACXUSDT/2026-08-11-00.jsonl.gz.tmp' -> '/root/algoth_v2/research/b1_book/out/cache/trades/ACXUSDT/2026-08-11-00.jsonl.gz'
  символ 70/391  решений 1250
память: 467.9 МБ (символ 70/391; предел 1200)
хранилище: архив b1/trades/HOLOUSDT/2026-08-20.tar не распакован: [Errno 2] No such file or directory: '/root/algoth_v2/research/b1_book/out/cache/trades/HOLOUSDT/2026-08-20-00.jsonl.gz.tmp' -> '/root/algoth_v2/research/b1_book/out/cache/trades/HOLOUSDT/2026-08-20-00.jsonl.gz'
хранилище: архив b1/trades/LSKUSDT/2026-08-12.tar не распакован: [Errno 2] No such file or directory: '/root/algoth_v2/research/b1_book/out/cache/trades/LSKUSDT/2026-08-12-12.jsonl.gz.tmp' -> '/root/algoth_v2/research/b1_book/out/cache/trades/LSKUSDT/2026-08-12-12.jsonl.gz'
хранилище: архив b1/trades/LSKUSDT/2026-08-18.tar не распакован: [Errno 2] No such file or directory: '/root/algoth_v2/research/b1_book/out/cache/trades/LSKUSDT/2026-08-18-00.jsonl.gz.tmp' -> '/root/algoth_v2/research/b1_book/out/cache/trades/LSKUSDT/2026-08-18-00.jsonl.gz'
хранилище: архив b1/trades/LSKUSDT/2026-08-24.tar не распакован: [Errno 2] No such file or directory: '/root/algoth_v2/research/b1_book/out/cache/trades/LSKUSDT/2026-08-24-00.jsonl.gz.tmp' -> '/root/algoth_v2/research/b1_book/out/cache/trades/LSKUSDT/2026-08-24-00.jsonl.gz'
  символ 72/391  решений 1312
хранилище: архив b1/trades/TRBUSDT/2026-08-14.tar не распакован: [Errno 2] No such file or directory: '/root/algoth_v2/research/b1_book/out/cache/trades/TRBUSDT/2026-08-14-01.jsonl.gz.tmp' -> '/root/algoth_v2/research/b1_book/out/cache/trades/TRBUSDT/2026-08-14-01.jsonl.gz'
хранилище: архив b1/trades/APRUSDT/2026-08-15.tar не распакован: [Errno 2] No such file or directory: '/root/algoth_v2/research/b1_book/out/cache/trades/APRUSDT/2026-08-15-00.jsonl.gz.tmp' -> '/root/algoth_v2/research/b1_book/out/cache/trades/APRUSDT/2026-08-15-00.jsonl.gz'
  символ 74/391  решений 1390
хранилище: архив b1/trades/CAPUSDT/2026-08-13.tar не распакован: [Errno 2] No such file or directory: '/root/algoth_v2/research/b1_book/out/cache/trades/CAPUSDT/2026-08-13-00.jsonl.gz.tmp' -> '/root/algoth_v2/research/b1_book/out/cache/trades/CAPUSDT/2026-08-13-00.jsonl.gz'
хранилище: архив b1/trades/CAPUSDT/2026-08-22.tar не распакован: [Errno 2] No such file or directory: '/root/algoth_v2/research/b1_book/out/cache/trades/CAPUSDT/2026-08-22-09.jsonl.gz.tmp' -> '/root/algoth_v2/research/b1_book/out/cache/trades/CAPUSDT/2026-08-22-09.jsonl.gz'
хранилище: архив b1/trades/CAPUSDT/2026-09-08.tar не распакован: [Errno 2] No such file or directory: '/root/algoth_v2/research/b1_book/out/cache/trades/CAPUSDT/2026-09-08-00.jsonl.gz.tmp' -> '/root/algoth_v2/research/b1_book/out/cache/trades/CAPUSDT/2026-09-08-00.jsonl.gz'
  символ 76/391  решений 1475
хранилище: архив b1/trades/RAREUSDT/2026-09-04.tar не распакован: [Errno 2] No such file or directory: '/root/algoth_v2/research/b1_book/out/cache/trades/RAREUSDT/2026-09-04-00.jsonl.gz.tmp' -> '/root/algoth_v2/research/b1_book/out/cache/trades/RAREUSDT/2026-09-04-00.jsonl.gz'
хранилище: архив b1/trades/RAREUSDT/2026-09-05.tar не распакован: [Errno 2] No such file or directory: '/root/algoth_v2/research/b1_book/out/cache/trades/RAREUSDT/2026-09-05-00.jsonl.gz.tmp' -> '/root/algoth_v2/research/b1_book/out/cache/trades/RAREUSDT/2026-09-05-00.jsonl.gz'
  символ 80/391  решений 1602
память: 478.3 МБ (символ 80/391; предел 1200)
хранилище: архив b1/trades/BRUSDT/2026-08-29.tar не распакован: [Errno 2] No such file or directory: '/root/algoth_v2/research/b1_book/out/cache/trades/BRUSDT/2026-08-29-17.jsonl.gz.tmp' -> '/root/algoth_v2/research/b1_book/out/cache/trades/BRUSDT/2026-08-29-17.jsonl.gz'
  символ 81/391  решений 1643
хранилище: архив b1/trades/AVAAIUSDT/2026-08-16.tar не распакован: [Errno 2] No such file or directory: '/root/algoth_v2/research/b1_book/out/cache/trades/AVAAIUSDT/2026-08-16-07.jsonl.gz.tmp' -> '/root/algoth_v2/research/b1_book/out/cache/trades/AVAAIUSDT/2026-08-16-07.jsonl.gz'
хранилище: архив b1/trades/AVAAIUSDT/2026-08-18.tar не распакован: [Errno 2] No such file or directory: '/root/algoth_v2/research/b1_book/out/cache/trades/AVAAIUSDT/2026-08-18-00.jsonl.gz.tmp' -> '/root/algoth_v2/research/b1_book/out/cache/trades/AVAAIUSDT/2026-08-18-00.jsonl.gz'
хранилище: архив b1/trades/COTIUSDT/2026-08-12.tar не распакован: [Errno 2] No such file or directory: '/root/algoth_v2/research/b1_book/out/cache/trades/COTIUSDT/2026-08-12-17.jsonl.gz.tmp' -> '/root/algoth_v2/research/b1_book/out/cache/trades/COTIUSDT/2026-08-12-17.jsonl.gz'
  символ 83/391  решений 1691
хранилище: архив b1/trades/2ZUSDT/2026-08-29.tar не распакован: [Errno 2] No such file or directory: '/root/algoth_v2/research/b1_book/out/cache/trades/2ZUSDT/2026-08-29-12.jsonl.gz.tmp' -> '/root/algoth_v2/research/b1_book/out/cache/trades/2ZUSDT/2026-08-29-12.jsonl.gz'
  символ 85/391  решений 1755
хранилище: архив b1/trades/BTWUSDT/2026-08-17.tar не распакован: [Errno 2] No such file or directory: '/root/algoth_v2/research/b1_book/out/cache/trades/BTWUSDT/2026-08-17-00.jsonl.gz.tmp' -> '/root/algoth_v2/research/b1_book/out/cache/trades/BTWUSDT/2026-08-17-00.jsonl.gz'
хранилище: архив b1/trades/BTWUSDT/2026-08-27.tar не распакован: [Errno 2] No such file or directory: '/root/algoth_v2/research/b1_book/out/cache/trades/BTWUSDT/2026-08-27-00.jsonl.gz.tmp' -> '/root/algoth_v2/research/b1_book/out/cache/trades/BTWUSDT/2026-08-27-00.jsonl.gz'
  символ 86/391  решений 1798
хранилище: архив b1/trades/TRUSTUSDT/2026-08-31.tar не распакован: [Errno 2] No such file or directory: '/root/algoth_v2/research/b1_book/out/cache/trades/TRUSTUSDT/2026-08-31-00.jsonl.gz.tmp' -> '/root/algoth_v2/research/b1_book/out/cache/trades/TRUSTUSDT/2026-08-31-00.jsonl.gz'
  символ 89/391  решений 1891
память: 476.3 МБ (символ 90/391; предел 1200)
  символ 91/391  решений 1939
  символ 97/391  решений 1980
хранилище: архив b1/trades/LABUSDT/2026-08-17.tar не распакован: [Errno 2] No such file or directory: '/root/algoth_v2/research/b1_book/out/cache/trades/LABUSDT/2026-08-17-00.jsonl.gz.tmp' -> '/root/algoth_v2/research/b1_book/out/cache/trades/LABUSDT/2026-08-17-00.jsonl.gz'
хранилище: архив b1/trades/LABUSDT/2026-08-22.tar не распакован: [Errno 2] No such file or directory: '/root/algoth_v2/research/b1_book/out/cache/trades/LABUSDT/2026-08-22-15.jsonl.gz.tmp' -> '/root/algoth_v2/research/b1_book/out/cache/trades/LABUSDT/2026-08-22-15.jsonl.gz'
хранилище: архив b1/trades/LABUSDT/2026-08-23.tar не распакован: [Errno 2] No such file or directory: '/root/algoth_v2/research/b1_book/out/cache/trades/LABUSDT/2026-08-23-00.jsonl.gz.tmp' -> '/root/algoth_v2/research/b1_book/out/cache/trades/LABUSDT/2026-08-23-00.jsonl.gz'
хранилище: архив b1/trades/LABUSDT/2026-09-01.tar не распакован: [Errno 2] No such file or directory: '/root/algoth_v2/research/b1_book/out/cache/trades/LABUSDT/2026-09-01-00.jsonl.gz.tmp' -> '/root/algoth_v2/research/b1_book/out/cache/trades/LABUSDT/2026-09-01-00.jsonl.gz'
хранилище: архив b1/trades/LABUSDT/2026-09-06.tar не распакован: [Errno 2] No such file or directory: '/root/algoth_v2/research/b1_book/out/cache/trades/LABUSDT/2026-09-06-00.jsonl.gz.tmp' -> '/root/algoth_v2/research/b1_book/out/cache/trades/LABUSDT/2026-09-06-00.jsonl.gz'
хранилище: архив b1/trades/RVNUSDT/2026-08-16.tar не распакован: [Errno 2] No such file or directory: '/root/algoth_v2/research/b1_book/out/cache/trades/RVNUSDT/2026-08-16-00.jsonl.gz.tmp' -> '/root/algoth_v2/research/b1_book/out/cache/trades/RVNUSDT/2026-08-16-00.jsonl.gz'
  символ 99/391  решений 1990
хранилище: архив b1/trades/ALICEUSDT/2026-08-16.tar не распакован: [Errno 2] No such file or directory: '/root/algoth_v2/research/b1_book/out/cache/trades/ALICEUSDT/2026-08-16-03.jsonl.gz.tmp' -> '/root/algoth_v2/research/b1_book/out/cache/trades/ALICEUSDT/2026-08-16-03.jsonl.gz'
хранилище: архив b1/trades/ALICEUSDT/2026-09-01.tar не распакован: [Errno 2] No such file or directory: '/root/algoth_v2/research/b1_book/out/cache/trades/ALICEUSDT/2026-09-01-00.jsonl.gz.tmp' -> '/root/algoth_v2/research/b1_book/out/cache/trades/ALICEUSDT/2026-09-01-00.jsonl.gz'
хранилище: архив b1/trades/ALICEUSDT/2026-09-03.tar не распакован: [Errno 2] No such file or directory: '/root/algoth_v2/research/b1_book/out/cache/trades/ALICEUSDT/2026-09-03-05.jsonl.gz.tmp' -> '/root/algoth_v2/research/b1_book/out/cache/trades/ALICEUSDT/2026-09-03-05.jsonl.gz'
хранилище: архив b1/trades/ALICEUSDT/2026-09-05.tar не распакован: [Errno 2] No such file or directory: '/root/algoth_v2/research/b1_book/out/cache/trades/ALICEUSDT/2026-09-05-17.jsonl.gz.tmp' -> '/root/algoth_v2/research/b1_book/out/cache/trades/ALICEUSDT/2026-09-05-17.jsonl.gz'
память: 475.3 МБ (символ 100/391; предел 1200)
  символ 101/391  решений 2010
кэш хранилища: снято 8943 файлов, осталось 1.80 ГБ при пределе 2
  символ 103/391  решений 2069
  символ 104/391  решений 2107
  символ 106/391  решений 2205
  символ 108/391  решений 2257
память: 500.4 МБ (символ 110/391; предел 1200)
  символ 112/391  решений 2286
хранилище: архив b1/trades/XAIUSDT/2026-08-24.tar не распакован: [Errno 2] No such file or directory: '/root/algoth_v2/research/b1_book/out/cache/trades/XAIUSDT/2026-08-24-00.jsonl.gz.tmp' -> '/root/algoth_v2/research/b1_book/out/cache/trades/XAIUSDT/2026-08-24-00.jsonl.gz'
  символ 115/391  решений 2341
кэш хранилища: снято 921 файлов, осталось 1.80 ГБ при пределе 2
хранилище: архив b1/trades/HUSDT/2026-09-04.tar не распакован: [Errno 2] No such file or directory: '/root/algoth_v2/research/b1_book/out/cache/trades/HUSDT/2026-09-04-23.jsonl.gz.tmp' -> '/root/algoth_v2/research/b1_book/out/cache/trades/HUSDT/2026-09-04-23.jsonl.gz'
  символ 119/391  решений 2359
хранилище: архив b1/trades/B3USDT/2026-08-19.tar не распакован: [Errno 2] No such file or directory: '/root/algoth_v2/research/b1_book/out/cache/trades/B3USDT/2026-08-19-19.jsonl.gz.tmp' -> '/root/algoth_v2/research/b1_book/out/cache/trades/B3USDT/2026-08-19-19.jsonl.gz'
хранилище: архив b1/trades/B3USDT/2026-08-24.tar не распакован: [Errno 2] No such file or directory: '/root/algoth_v2/research/b1_book/out/cache/trades/B3USDT/2026-08-24-13.jsonl.gz.tmp' -> '/root/algoth_v2/research/b1_book/out/cache/trades/B3USDT/2026-08-24-13.jsonl.gz'
память: 495.1 МБ (символ 120/391; предел 1200)
хранилище: архив b1/trades/XPINUSDT/2026-08-18.tar не распакован: [Errno 2] No such file or directory: '/root/algoth_v2/research/b1_book/out/cache/trades/XPINUSDT/2026-08-18-00.jsonl.gz.tmp' -> '/root/algoth_v2/research/b1_book/out/cache/trades/XPINUSDT/2026-08-18-00.jsonl.gz'
хранилище: архив b1/trades/SKDDUSDT/2026-08-16.tar не распакован: [Errno 2] No such file or directory: '/root/algoth_v2/research/b1_book/out/cache/trades/SKDDUSDT/2026-08-16-00.jsonl.gz.tmp' -> '/root/algoth_v2/research/b1_book/out/cache/trades/SKDDUSDT/2026-08-16-00.jsonl.gz'
  символ 123/391  решений 2402
хранилище: архив b1/trades/ALLOUSDT/2026-08-24.tar не распакован: [Errno 2] No such file or directory: '/root/algoth_v2/research/b1_book/out/cache/trades/ALLOUSDT/2026-08-24-00.jsonl.gz.tmp' -> '/root/algoth_v2/research/b1_book/out/cache/trades/ALLOUSDT/2026-08-24-00.jsonl.gz'
хранилище: архив b1/trades/TRIAUSDT/2026-08-22.tar не распакован: [Errno 2] No such file or directory: '/root/algoth_v2/research/b1_book/out/cache/trades/TRIAUSDT/2026-08-22-00.jsonl.gz.tmp' -> '/root/algoth_v2/research/b1_book/out/cache/trades/TRIAUSDT/2026-08-22-00.jsonl.gz'
  символ 128/391  решений 2449
хранилище: архив b1/trades/ZESTUSDT/2026-08-25.tar не распакован: [Errno 2] No such file or directory: '/root/algoth_v2/research/b1_book/out/cache/trades/ZESTUSDT/2026-08-25-00.jsonl.gz.tmp' -> '/root/algoth_v2/research/b1_book/out/cache/trades/ZESTUSDT/2026-08-25-00.jsonl.gz'
память: 491.3 МБ (символ 130/391; предел 1200)
хранилище: архив b1/trades/OUSDT/2026-09-28.tar не распакован: [Errno 2] No such file or directory: '/root/algoth_v2/research/b1_book/out/cache/trades/OUSDT/2026-09-28-07.jsonl.gz.tmp' -> '/root/algoth_v2/research/b1_book/out/cache/trades/OUSDT/2026-09-28-07.jsonl.gz'
хранилище: архив b1/trades/DOSUSDT/2026-08-30.tar не распакован: [Errno 2] No such file or directory: '/root/algoth_v2/research/b1_book/out/cache/trades/DOSUSDT/2026-08-30-14.jsonl.gz.tmp' -> '/root/algoth_v2/research/b1_book/out/cache/trades/DOSUSDT/2026-08-30-14.jsonl.gz'
хранилище: архив b1/trades/DOSUSDT/2026-09-03.tar не распакован: [Errno 2] No such file or directory: '/root/algoth_v2/research/b1_book/out/cache/trades/DOSUSDT/2026-09-03-17.jsonl.gz.tmp' -> '/root/algoth_v2/research/b1_book/out/cache/trades/DOSUSDT/2026-09-03-17.jsonl.gz'
хранилище: архив b1/trades/MNSTUSDT/2026-08-19.tar не распакован: [Errno 2] No such file or directory: '/root/algoth_v2/research/b1_book/out/cache/trades/MNSTUSDT/2026-08-19-00.jsonl.gz.tmp' -> '/root/algoth_v2/research/b1_book/out/cache/trades/MNSTUSDT/2026-08-19-00.jsonl.gz'
  символ 133/391  решений 2485
хранилище: архив b1/trades/DBRUSDT/2026-08-20.tar не распакован: [Errno 2] No such file or directory: '/root/algoth_v2/research/b1_book/out/cache/trades/DBRUSDT/2026-08-20-14.jsonl.gz.tmp' -> '/root/algoth_v2/research/b1_book/out/cache/trades/DBRUSDT/2026-08-20-14.jsonl.gz'
хранилище: архив b1/trades/TREEUSDT/2026-08-24.tar не распакован: [Errno 2] No such file or directory: '/root/algoth_v2/research/b1_book/out/cache/trades/TREEUSDT/2026-08-24-16.jsonl.gz.tmp' -> '/root/algoth_v2/research/b1_book/out/cache/trades/TREEUSDT/2026-08-24-16.jsonl.gz'
хранилище: архив b1/trades/TREEUSDT/2026-09-09.tar не распакован: [Errno 2] No such file or directory: '/root/algoth_v2/research/b1_book/out/cache/trades/TREEUSDT/2026-09-09-00.jsonl.gz.tmp' -> '/root/algoth_v2/research/b1_book/out/cache/trades/TREEUSDT/2026-09-09-00.jsonl.gz'
хранилище: архив b1/book/REUSDT/2026-08-20.tar не распакован: [Errno 2] No such file or directory: '/root/algoth_v2/research/b1_book/out/cache/book/REUSDT/2026-08-20-10.jsonl.gz.tmp' -> '/root/algoth_v2/research/b1_book/out/cache/book/REUSDT/2026-08-20-10.jsonl.gz'
память: 490.6 МБ (символ 140/391; предел 1200)
хранилище: архив b1/trades/MAGMAUSDT/2026-09-04.tar не распакован: [Errno 2] No such file or directory: '/root/algoth_v2/research/b1_book/out/cache/trades/MAGMAUSDT/2026-09-04-04.jsonl.gz.tmp' -> '/root/algoth_v2/research/b1_book/out/cache/trades/MAGMAUSDT/2026-09-04-04.jsonl.gz'
хранилище: архив b1/trades/MAGMAUSDT/2026-09-08.tar не распакован: [Errno 2] No such file or directory: '/root/algoth_v2/research/b1_book/out/cache/trades/MAGMAUSDT/2026-09-08-07.jsonl.gz.tmp' -> '/root/algoth_v2/research/b1_book/out/cache/trades/MAGMAUSDT/2026-09-08-07.jsonl.gz'
  символ 141/391  решений 2571
хранилище: архив b1/trades/HYPEUSDT/2026-08-18.tar не распакован: [Errno 2] No such file or directory: '/root/algoth_v2/research/b1_book/out/cache/trades/HYPEUSDT/2026-08-18-00.jsonl.gz.tmp' -> '/root/algoth_v2/research/b1_book/out/cache/trades/HYPEUSDT/2026-08-18-00.jsonl.gz'
  символ 142/391  решений 2575
хранилище: архив b1/trades/TRUMPUSDT/2026-08-19.tar не распакован: [Errno 2] No such file or directory: '/root/algoth_v2/research/b1_book/out/cache/trades/TRUMPUSDT/2026-08-19-00.jsonl.gz.tmp' -> '/root/algoth_v2/research/b1_book/out/cache/trades/TRUMPUSDT/2026-08-19-00.jsonl.gz'
кэш хранилища: снято 2113 файлов, осталось 1.80 ГБ при пределе 2
хранилище: архив b1/trades/BBUSDT/2026-08-20.tar не распакован: [Errno 2] No such file or directory: '/root/algoth_v2/research/b1_book/out/cache/trades/BBUSDT/2026-08-20-00.jsonl.gz.tmp' -> '/root/algoth_v2/research/b1_book/out/cache/trades/BBUSDT/2026-08-20-00.jsonl.gz'
  символ 149/391  решений 2643
хранилище: архив b1/trades/ISRGUSDT/2026-08-21.tar не распакован: [Errno 2] No such file or directory: '/root/algoth_v2/research/b1_book/out/cache/trades/ISRGUSDT/2026-08-21-04.jsonl.gz.tmp' -> '/root/algoth_v2/research/b1_book/out/cache/trades/ISRGUSDT/2026-08-21-04.jsonl.gz'
память: 492.8 МБ (символ 150/391; предел 1200)
хранилище: архив b1/trades/EDGEUSDT/2026-08-19.tar не распакован: [Errno 2] No such file or directory: '/root/algoth_v2/research/b1_book/out/cache/trades/EDGEUSDT/2026-08-19-00.jsonl.gz.tmp' -> '/root/algoth_v2/research/b1_book/out/cache/trades/EDGEUSDT/2026-08-19-00.jsonl.gz'
хранилище: архив b1/trades/1000PEPEUSDT/2026-08-25.tar не распакован: [Errno 2] No such file or directory: '/root/algoth_v2/research/b1_book/out/cache/trades/1000PEPEUSDT/2026-08-25-23.jsonl.gz.tmp' -> '/root/algoth_v2/research/b1_book/out/cache/trades/1000PEPEUSDT/2026-08-25-23.jsonl.gz'
хранилище: архив b1/trades/1000PEPEUSDT/2026-08-26.tar не распакован: [Errno 2] No such file or directory: '/root/algoth_v2/research/b1_book/out/cache/trades/1000PEPEUSDT/2026-08-26-04.jsonl.gz.tmp' -> '/root/algoth_v2/research/b1_book/out/cache/trades/1000PEPEUSDT/2026-08-26-04.jsonl.gz'
хранилище: архив b1/trades/1000PEPEUSDT/2026-09-02.tar не распакован: [Errno 2] No such file or directory: '/root/algoth_v2/research/b1_book/out/cache/trades/1000PEPEUSDT/2026-09-02-00.jsonl.gz.tmp' -> '/root/algoth_v2/research/b1_book/out/cache/trades/1000PEPEUSDT/2026-09-02-00.jsonl.gz'
хранилище: архив b1/trades/1000PEPEUSDT/2026-09-09.tar не распакован: [Errno 2] No such file or directory: '/root/algoth_v2/research/b1_book/out/cache/trades/1000PEPEUSDT/2026-09-09-17.jsonl.gz.tmp' -> '/root/algoth_v2/research/b1_book/out/cache/trades/1000PEPEUSDT/2026-09-09-17.jsonl.gz'
  символ 153/391  решений 2658
хранилище: архив b1/trades/MONUSDT/2026-09-10.tar не распакован: [Errno 2] No such file or directory: '/root/algoth_v2/research/b1_book/out/cache/trades/MONUSDT/2026-09-10-02.jsonl.gz.tmp' -> '/root/algoth_v2/research/b1_book/out/cache/trades/MONUSDT/2026-09-10-02.jsonl.gz'
  символ 155/391  решений 2669
хранилище: архив b1/trades/ORDIUSDT/2026-08-20.tar не распакован: [Errno 2] No such file or directory: '/root/algoth_v2/research/b1_book/out/cache/trades/ORDIUSDT/2026-08-20-00.jsonl.gz.tmp' -> '/root/algoth_v2/research/b1_book/out/cache/trades/ORDIUSDT/2026-08-20-00.jsonl.gz'
хранилище: архив b1/trades/MEGAUSDT/2026-08-25.tar не распакован: [Errno 2] No such file or directory: '/root/algoth_v2/research/b1_book/out/cache/trades/MEGAUSDT/2026-08-25-18.jsonl.gz.tmp' -> '/root/algoth_v2/research/b1_book/out/cache/trades/MEGAUSDT/2026-08-25-18.jsonl.gz'
хранилище: архив b1/trades/PUMPFUNUSDT/2026-08-27.tar не распакован: [Errno 2] No such file or directory: '/root/algoth_v2/research/b1_book/out/cache/trades/PUMPFUNUSDT/2026-08-27-05.jsonl.gz.tmp' -> '/root/algoth_v2/research/b1_book/out/cache/trades/PUMPFUNUSDT/2026-08-27-05.jsonl.gz'
хранилище: архив b1/trades/PUMPFUNUSDT/2026-09-04.tar не распакован: [Errno 2] No such file or directory: '/root/algoth_v2/research/b1_book/out/cache/trades/PUMPFUNUSDT/2026-09-04-00.jsonl.gz.tmp' -> '/root/algoth_v2/research/b1_book/out/cache/trades/PUMPFUNUSDT/2026-09-04-00.jsonl.gz'
  символ 158/391  решений 2695
хранилище: архив b1/trades/ONTUSDT/2026-08-20.tar не распакован: [Errno 2] No such file or directory: '/root/algoth_v2/research/b1_book/out/cache/trades/ONTUSDT/2026-08-20-11.jsonl.gz.tmp' -> '/root/algoth_v2/research/b1_book/out/cache/trades/ONTUSDT/2026-08-20-11.jsonl.gz'
память: 492.8 МБ (символ 160/391; предел 1200)
  символ 162/391  решений 2743
хранилище: архив b1/book/CRVUSDT/2026-08-23.tar не распакован: [Errno 2] No such file or directory: '/root/algoth_v2/research/b1_book/out/cache/book/CRVUSDT/2026-08-23-00.jsonl.gz.tmp' -> '/root/algoth_v2/research/b1_book/out/cache/book/CRVUSDT/2026-08-23-00.jsonl.gz'
хранилище: архив b1/trades/ANETUSDT/2026-08-21.tar не распакован: [Errno 2] No such file or directory: '/root/algoth_v2/research/b1_book/out/cache/trades/ANETUSDT/2026-08-21-00.jsonl.gz.tmp' -> '/root/algoth_v2/research/b1_book/out/cache/trades/ANETUSDT/2026-08-21-00.jsonl.gz'
хранилище: архив b1/trades/ANETUSDT/2026-09-20.tar не распакован: [Errno 2] No such file or directory: '/root/algoth_v2/research/b1_book/out/cache/trades/ANETUSDT/2026-09-20-00.jsonl.gz.tmp' -> '/root/algoth_v2/research/b1_book/out/cache/trades/ANETUSDT/2026-09-20-00.jsonl.gz'
кэш хранилища: снято 431 файлов, осталось 1.80 ГБ при пределе 2
  символ 165/391  решений 2761
  символ 167/391  решений 2780
хранилище: архив b1/trades/MAGSUSDT/2026-09-09.tar не распакован: [Errno 2] No such file or directory: '/root/algoth_v2/research/b1_book/out/cache/trades/MAGSUSDT/2026-09-09-18.jsonl.gz.tmp' -> '/root/algoth_v2/research/b1_book/out/cache/trades/MAGSUSDT/2026-09-09-18.jsonl.gz'
хранилище: архив b1/trades/MAGSUSDT/2026-09-11.tar не распакован: [Errno 2] No such file or directory: '/root/algoth_v2/research/b1_book/out/cache/trades/MAGSUSDT/2026-09-11-00.jsonl.gz.tmp' -> '/root/algoth_v2/research/b1_book/out/cache/trades/MAGSUSDT/2026-09-11-00.jsonl.gz'
хранилище: архив b1/trades/MAGSUSDT/2026-09-13.tar не распакован: [Errno 2] No such file or directory: '/root/algoth_v2/research/b1_book/out/cache/trades/MAGSUSDT/2026-09-13-00.jsonl.gz.tmp' -> '/root/algoth_v2/research/b1_book/out/cache/trades/MAGSUSDT/2026-09-13-00.jsonl.gz'
память: 497.8 МБ (символ 170/391; предел 1200)
  символ 177/391  решений 2860
хранилище: архив b1/trades/MINAUSDT/2026-08-22.tar не распакован: [Errno 2] No such file or directory: '/root/algoth_v2/research/b1_book/out/cache/trades/MINAUSDT/2026-08-22-00.jsonl.gz.tmp' -> '/root/algoth_v2/research/b1_book/out/cache/trades/MINAUSDT/2026-08-22-00.jsonl.gz'
кэш хранилища: снято 517 файлов, осталось 1.80 ГБ при пределе 2
память: 497.8 МБ (символ 180/391; предел 1200)
хранилище: архив b1/trades/POWRUSDT/2026-08-30.tar не распакован: [Errno 2] No such file or directory: '/root/algoth_v2/research/b1_book/out/cache/trades/POWRUSDT/2026-08-30-00.jsonl.gz.tmp' -> '/root/algoth_v2/research/b1_book/out/cache/trades/POWRUSDT/2026-08-30-00.jsonl.gz'
хранилище: архив b1/trades/ADIUSDT/2026-08-23.tar не распакован: [Errno 2] No such file or directory: '/root/algoth_v2/research/b1_book/out/cache/trades/ADIUSDT/2026-08-23-00.jsonl.gz.tmp' -> '/root/algoth_v2/research/b1_book/out/cache/trades/ADIUSDT/2026-08-23-00.jsonl.gz'
  символ 185/391  решений 2931
хранилище: архив b1/trades/TACUSDT/2026-08-23.tar не распакован: [Errno 2] No such file or directory: '/root/algoth_v2/research/b1_book/out/cache/trades/TACUSDT/2026-08-23-00.jsonl.gz.tmp' -> '/root/algoth_v2/research/b1_book/out/cache/trades/TACUSDT/2026-08-23-00.jsonl.gz'
хранилище: архив b1/trades/GENIUSUSDT/2026-08-21.tar не распакован: [Errno 2] No such file or directory: '/root/algoth_v2/research/b1_book/out/cache/trades/GENIUSUSDT/2026-08-21-00.jsonl.gz.tmp' -> '/root/algoth_v2/research/b1_book/out/cache/trades/GENIUSUSDT/2026-08-21-00.jsonl.gz'
хранилище: архив b1/trades/UAIUSDT/2026-09-06.tar не распакован: [Errno 2] No such file or directory: '/root/algoth_v2/research/b1_book/out/cache/trades/UAIUSDT/2026-09-06-00.jsonl.gz.tmp' -> '/root/algoth_v2/research/b1_book/out/cache/trades/UAIUSDT/2026-09-06-00.jsonl.gz'
  символ 189/391  решений 3017
память: 497.8 МБ (символ 190/391; предел 1200)
хранилище: архив b1/trades/WAVESUSDT/2026-08-24.tar не распакован: [Errno 2] No such file or directory: '/root/algoth_v2/research/b1_book/out/cache/trades/WAVESUSDT/2026-08-24-00.jsonl.gz.tmp' -> '/root/algoth_v2/research/b1_book/out/cache/trades/WAVESUSDT/2026-08-24-00.jsonl.gz'
хранилище: архив b1/trades/WAVESUSDT/2026-08-27.tar не распакован: [Errno 2] No such file or directory: '/root/algoth_v2/research/b1_book/out/cache/trades/WAVESUSDT/2026-08-27-05.jsonl.gz.tmp' -> '/root/algoth_v2/research/b1_book/out/cache/trades/WAVESUSDT/2026-08-27-05.jsonl.gz'
хранилище: архив b1/trades/FFUSDT/2026-09-11.tar не распакован: [Errno 2] No such file or directory: '/root/algoth_v2/research/b1_book/out/cache/trades/FFUSDT/2026-09-11-00.jsonl.gz.tmp' -> '/root/algoth_v2/research/b1_book/out/cache/trades/FFUSDT/2026-09-11-00.jsonl.gz'
  символ 192/391  решений 3028
хранилище: архив b1/trades/FIGHTUSDT/2026-09-11.tar не распакован: [Errno 2] No such file or directory: '/root/algoth_v2/research/b1_book/out/cache/trades/FIGHTUSDT/2026-09-11-00.jsonl.gz.tmp' -> '/root/algoth_v2/research/b1_book/out/cache/trades/FIGHTUSDT/2026-09-11-00.jsonl.gz'
хранилище: архив b1/trades/YBUSDT/2026-08-22.tar не распакован: [Errno 2] No such file or directory: '/root/algoth_v2/research/b1_book/out/cache/trades/YBUSDT/2026-08-22-00.jsonl.gz.tmp' -> '/root/algoth_v2/research/b1_book/out/cache/trades/YBUSDT/2026-08-22-00.jsonl.gz'
хранилище: архив b1/trades/APEXUSDT/2026-08-25.tar не распакован: [Errno 2] No such file or directory: '/root/algoth_v2/research/b1_book/out/cache/trades/APEXUSDT/2026-08-25-00.jsonl.gz.tmp' -> '/root/algoth_v2/research/b1_book/out/cache/trades/APEXUSDT/2026-08-25-00.jsonl.gz'
  символ 197/391  решений 3047
память: 497.8 МБ (символ 200/391; предел 1200)
хранилище: архив b1/trades/REZUSDT/2026-09-02.tar не распакован: [Errno 2] No such file or directory: '/root/algoth_v2/research/b1_book/out/cache/trades/REZUSDT/2026-09-02-02.jsonl.gz.tmp' -> '/root/algoth_v2/research/b1_book/out/cache/trades/REZUSDT/2026-09-02-02.jsonl.gz'
  символ 201/391  решений 3064
хранилище: архив b1/book/XNYUSDT/2026-08-24.tar не распакован: [Errno 2] No such file or directory: '/root/algoth_v2/research/b1_book/out/cache/book/XNYUSDT/2026-08-24-09.jsonl.gz.tmp' -> '/root/algoth_v2/research/b1_book/out/cache/book/XNYUSDT/2026-08-24-09.jsonl.gz'
хранилище: архив b1/trades/ARXUSDT/2026-09-24.tar не распакован: [Errno 2] No such file or directory: '/root/algoth_v2/research/b1_book/out/cache/trades/ARXUSDT/2026-09-24-12.jsonl.gz.tmp' -> '/root/algoth_v2/research/b1_book/out/cache/trades/ARXUSDT/2026-09-24-12.jsonl.gz'
хранилище: архив b1/trades/LITUSDT/2026-09-01.tar не распакован: [Errno 2] No such file or directory: '/root/algoth_v2/research/b1_book/out/cache/trades/LITUSDT/2026-09-01-00.jsonl.gz.tmp' -> '/root/algoth_v2/research/b1_book/out/cache/trades/LITUSDT/2026-09-01-00.jsonl.gz'
  символ 205/391  решений 3085
хранилище: архив b1/trades/GRVTUSDT/2026-08-25.tar не распакован: [Errno 2] No such file or directory: '/root/algoth_v2/research/b1_book/out/cache/trades/GRVTUSDT/2026-08-25-11.jsonl.gz.tmp' -> '/root/algoth_v2/research/b1_book/out/cache/trades/GRVTUSDT/2026-08-25-11.jsonl.gz'
кэш хранилища: снято 2104 файлов, осталось 1.80 ГБ при пределе 2
память: 497.8 МБ (символ 210/391; предел 1200)
хранилище: архив b1/trades/RAMUSDT/2026-08-31.tar не распакован: [Errno 2] No such file or directory: '/root/algoth_v2/research/b1_book/out/cache/trades/RAMUSDT/2026-08-31-00.jsonl.gz.tmp' -> '/root/algoth_v2/research/b1_book/out/cache/trades/RAMUSDT/2026-08-31-00.jsonl.gz'
хранилище: архив b1/trades/SOMIUSDT/2026-08-30.tar не распакован: [Errno 2] No such file or directory: '/root/algoth_v2/research/b1_book/out/cache/trades/SOMIUSDT/2026-08-30-00.jsonl.gz.tmp' -> '/root/algoth_v2/research/b1_book/out/cache/trades/SOMIUSDT/2026-08-30-00.jsonl.gz'
хранилище: архив b1/trades/SOMIUSDT/2026-09-04.tar не распакован: [Errno 2] No such file or directory: '/root/algoth_v2/research/b1_book/out/cache/trades/SOMIUSDT/2026-09-04-00.jsonl.gz.tmp' -> '/root/algoth_v2/research/b1_book/out/cache/trades/SOMIUSDT/2026-09-04-00.jsonl.gz'
хранилище: архив b1/trades/SOMIUSDT/2026-09-11.tar не распакован: [Errno 2] No such file or directory: '/root/algoth_v2/research/b1_book/out/cache/trades/SOMIUSDT/2026-09-11-00.jsonl.gz.tmp' -> '/root/algoth_v2/research/b1_book/out/cache/trades/SOMIUSDT/2026-09-11-00.jsonl.gz'
хранилище: архив b1/trades/LIGHTUSDT/2026-08-29.tar не распакован: [Errno 2] No such file or directory: '/root/algoth_v2/research/b1_book/out/cache/trades/LIGHTUSDT/2026-08-29-00.jsonl.gz.tmp' -> '/root/algoth_v2/research/b1_book/out/cache/trades/LIGHTUSDT/2026-08-29-00.jsonl.gz'
  символ 216/391  решений 3183
хранилище: архив b1/trades/BLASTUSDT/2026-08-29.tar не распакован: [Errno 2] No such file or directory: '/root/algoth_v2/research/b1_book/out/cache/trades/BLASTUSDT/2026-08-29-00.jsonl.gz.tmp' -> '/root/algoth_v2/research/b1_book/out/cache/trades/BLASTUSDT/2026-08-29-00.jsonl.gz'
хранилище: архив b1/trades/BLASTUSDT/2026-09-08.tar не распакован: [Errno 2] No such file or directory: '/root/algoth_v2/research/b1_book/out/cache/trades/BLASTUSDT/2026-09-08-00.jsonl.gz.tmp' -> '/root/algoth_v2/research/b1_book/out/cache/trades/BLASTUSDT/2026-09-08-00.jsonl.gz'
хранилище: архив b1/trades/MOVRUSDT/2026-09-06.tar не распакован: [Errno 2] No such file or directory: '/root/algoth_v2/research/b1_book/out/cache/trades/MOVRUSDT/2026-09-06-22.jsonl.gz.tmp' -> '/root/algoth_v2/research/b1_book/out/cache/trades/MOVRUSDT/2026-09-06-22.jsonl.gz'
хранилище: архив b1/trades/MOVRUSDT/2026-09-12.tar не распакован: [Errno 2] No such file or directory: '/root/algoth_v2/research/b1_book/out/cache/trades/MOVRUSDT/2026-09-12-00.jsonl.gz.tmp' -> '/root/algoth_v2/research/b1_book/out/cache/trades/MOVRUSDT/2026-09-12-00.jsonl.gz'
  символ 220/391  решений 3240
память: 497.8 МБ (символ 220/391; предел 1200)
хранилище: архив b1/trades/KERNELUSDT/2026-09-11.tar не распакован: [Errno 2] No such file or directory: '/root/algoth_v2/research/b1_book/out/cache/trades/KERNELUSDT/2026-09-11-22.jsonl.gz.tmp' -> '/root/algoth_v2/research/b1_book/out/cache/trades/KERNELUSDT/2026-09-11-22.jsonl.gz'
хранилище: архив b1/trades/ADAUSDT/2026-08-26.tar не распакован: [Errno 2] No such file or directory: '/root/algoth_v2/research/b1_book/out/cache/trades/ADAUSDT/2026-08-26-00.jsonl.gz.tmp' -> '/root/algoth_v2/research/b1_book/out/cache/trades/ADAUSDT/2026-08-26-00.jsonl.gz'
  символ 225/391  решений 3262
хранилище: архив b1/trades/NIULAIUSDT/2026-08-28.tar не распакован: [Errno 2] No such file or directory: '/root/algoth_v2/research/b1_book/out/cache/trades/NIULAIUSDT/2026-08-28-11.jsonl.gz.tmp' -> '/root/algoth_v2/research/b1_book/out/cache/trades/NIULAIUSDT/2026-08-28-11.jsonl.gz'
хранилище: архив b1/trades/TMXUSDT/2026-09-08.tar не распакован: [Errno 2] No such file or directory: '/root/algoth_v2/research/b1_book/out/cache/trades/TMXUSDT/2026-09-08-00.jsonl.gz.tmp' -> '/root/algoth_v2/research/b1_book/out/cache/trades/TMXUSDT/2026-09-08-00.jsonl.gz'
  символ 227/391  решений 3417
хранилище: архив b1/trades/MSTUUSDT/2026-08-31.tar не распакован: [Errno 2] No such file or directory: '/root/algoth_v2/research/b1_book/out/cache/trades/MSTUUSDT/2026-08-31-03.jsonl.gz.tmp' -> '/root/algoth_v2/research/b1_book/out/cache/trades/MSTUUSDT/2026-08-31-03.jsonl.gz'
хранилище: архив b1/trades/MSTUUSDT/2026-09-09.tar не распакован: [Errno 2] No such file or directory: '/root/algoth_v2/research/b1_book/out/cache/trades/MSTUUSDT/2026-09-09-00.jsonl.gz.tmp' -> '/root/algoth_v2/research/b1_book/out/cache/trades/MSTUUSDT/2026-09-09-00.jsonl.gz'
хранилище: архив b1/trades/MCDUSDT/2026-09-03.tar не распакован: [Errno 2] No such file or directory: '/root/algoth_v2/research/b1_book/out/cache/trades/MCDUSDT/2026-09-03-16.jsonl.gz.tmp' -> '/root/algoth_v2/research/b1_book/out/cache/trades/MCDUSDT/2026-09-03-16.jsonl.gz'
память: 498.1 МБ (символ 230/391; предел 1200)
хранилище: архив b1/trades/XLPUSDT/2026-09-13.tar не распакован: [Errno 2] No such file or directory: '/root/algoth_v2/research/b1_book/out/cache/trades/XLPUSDT/2026-09-13-00.jsonl.gz.tmp' -> '/root/algoth_v2/research/b1_book/out/cache/trades/XLPUSDT/2026-09-13-00.jsonl.gz'
хранилище: архив b1/trades/XLPUSDT/2026-09-23.tar не распакован: [Errno 2] No such file or directory: '/root/algoth_v2/research/b1_book/out/cache/trades/XLPUSDT/2026-09-23-00.jsonl.gz.tmp' -> '/root/algoth_v2/research/b1_book/out/cache/trades/XLPUSDT/2026-09-23-00.jsonl.gz'
хранилище: архив b1/trades/XLPUSDT/2026-09-28.tar не распакован: [Errno 2] No such file or directory: '/root/algoth_v2/research/b1_book/out/cache/trades/XLPUSDT/2026-09-28-19.jsonl.gz.tmp' -> '/root/algoth_v2/research/b1_book/out/cache/trades/XLPUSDT/2026-09-28-19.jsonl.gz'
кэш хранилища: снято 409 файлов, осталось 1.80 ГБ при пределе 2
  символ 235/391  решений 3523
хранилище: архив b1/trades/INFQUSDT/2026-09-04.tar не распакован: [Errno 2] No such file or directory: '/root/algoth_v2/research/b1_book/out/cache/trades/INFQUSDT/2026-09-04-00.jsonl.gz.tmp' -> '/root/algoth_v2/research/b1_book/out/cache/trades/INFQUSDT/2026-09-04-00.jsonl.gz'
память: 498.9 МБ (символ 240/391; предел 1200)
хранилище: архив b1/trades/AXLUSDT/2026-08-30.tar не распакован: [Errno 2] No such file or directory: '/root/algoth_v2/research/b1_book/out/cache/trades/AXLUSDT/2026-08-30-00.jsonl.gz.tmp' -> '/root/algoth_v2/research/b1_book/out/cache/trades/AXLUSDT/2026-08-30-00.jsonl.gz'
  символ 246/391  решений 3558
  символ 248/391  решений 3811
хранилище: архив b1/trades/OKTAUSDT/2026-09-11.tar не распакован: [Errno 2] No such file or directory: '/root/algoth_v2/research/b1_book/out/cache/trades/OKTAUSDT/2026-09-11-00.jsonl.gz.tmp' -> '/root/algoth_v2/research/b1_book/out/cache/trades/OKTAUSDT/2026-09-11-00.jsonl.gz'
память: 498.9 МБ (символ 250/391; предел 1200)
кэш хранилища: снято 38 файлов, осталось 1.80 ГБ при пределе 2
  символ 252/391  решений 4012
хранилище: архив b1/trades/LAOPUUSDT/2026-09-06.tar не распакован: [Errno 2] No such file or directory: '/root/algoth_v2/research/b1_book/out/cache/trades/LAOPUUSDT/2026-09-06-00.jsonl.gz.tmp' -> '/root/algoth_v2/research/b1_book/out/cache/trades/LAOPUUSDT/2026-09-06-00.jsonl.gz'
память: 498.9 МБ (символ 260/391; предел 1200)
хранилище: архив b1/trades/1000TAGUSDT/2026-09-11.tar не распакован: [Errno 2] No such file or directory: '/root/algoth_v2/research/b1_book/out/cache/trades/1000TAGUSDT/2026-09-11-00.jsonl.gz.tmp' -> '/root/algoth_v2/research/b1_book/out/cache/trades/1000TAGUSDT/2026-09-11-00.jsonl.gz'
  символ 263/391  решений 4124
хранилище: архив b1/trades/XCNUSDT/2026-09-12.tar не распакован: [Errno 2] No such file or directory: '/root/algoth_v2/research/b1_book/out/cache/trades/XCNUSDT/2026-09-12-08.jsonl.gz.tmp' -> '/root/algoth_v2/research/b1_book/out/cache/trades/XCNUSDT/2026-09-12-08.jsonl.gz'
хранилище: архив b1/trades/XCNUSDT/2026-09-24.tar не распакован: [Errno 2] No such file or directory: '/root/algoth_v2/research/b1_book/out/cache/trades/XCNUSDT/2026-09-24-12.jsonl.gz.tmp' -> '/root/algoth_v2/research/b1_book/out/cache/trades/XCNUSDT/2026-09-24-12.jsonl.gz'
хранилище: архив b1/trades/PEAQUSDT/2026-09-06.tar не распакован: [Errno 2] No such file or directory: '/root/algoth_v2/research/b1_book/out/cache/trades/PEAQUSDT/2026-09-06-00.jsonl.gz.tmp' -> '/root/algoth_v2/research/b1_book/out/cache/trades/PEAQUSDT/2026-09-06-00.jsonl.gz'
память: 498.9 МБ (символ 270/391; предел 1200)
  символ 271/391  решений 4203
хранилище: архив b1/trades/BUSDT/2026-09-05.tar не распакован: [Errno 2] No such file or directory: '/root/algoth_v2/research/b1_book/out/cache/trades/BUSDT/2026-09-05-06.jsonl.gz.tmp' -> '/root/algoth_v2/research/b1_book/out/cache/trades/BUSDT/2026-09-05-06.jsonl.gz'
хранилище: архив b1/trades/DGAIUSDT/2026-09-08.tar не распакован: [Errno 2] No such file or directory: '/root/algoth_v2/research/b1_book/out/cache/trades/DGAIUSDT/2026-09-08-00.jsonl.gz.tmp' -> '/root/algoth_v2/research/b1_book/out/cache/trades/DGAIUSDT/2026-09-08-00.jsonl.gz'
хранилище: архив b1/trades/RAYDIUMUSDT/2026-09-07.tar не распакован: [Errno 2] No such file or directory: '/root/algoth_v2/research/b1_book/out/cache/trades/RAYDIUMUSDT/2026-09-07-00.jsonl.gz.tmp' -> '/root/algoth_v2/research/b1_book/out/cache/trades/RAYDIUMUSDT/2026-09-07-00.jsonl.gz'
хранилище: архив b1/book/SOLAYERUSDT/2026-09-07.tar не распакован: [Errno 2] No such file or directory: '/root/algoth_v2/research/b1_book/out/cache/book/SOLAYERUSDT/2026-09-07-00.jsonl.gz.tmp' -> '/root/algoth_v2/research/b1_book/out/cache/book/SOLAYERUSDT/2026-09-07-00.jsonl.gz'
память: 498.9 МБ (символ 280/391; предел 1200)
  символ 282/391  решений 4326
хранилище: архив b1/trades/HUAHONGUSDT/2026-09-12.tar не распакован: [Errno 2] No such file or directory: '/root/algoth_v2/research/b1_book/out/cache/trades/HUAHONGUSDT/2026-09-12-00.jsonl.gz.tmp' -> '/root/algoth_v2/research/b1_book/out/cache/trades/HUAHONGUSDT/2026-09-12-00.jsonl.gz'
хранилище: архив b1/trades/HUAHONGUSDT/2026-09-18.tar не распакован: [Errno 2] No such file or directory: '/root/algoth_v2/research/b1_book/out/cache/trades/HUAHONGUSDT/2026-09-18-01.jsonl.gz.tmp' -> '/root/algoth_v2/research/b1_book/out/cache/trades/HUAHONGUSDT/2026-09-18-01.jsonl.gz'
хранилище: архив b1/trades/HUAHONGUSDT/2026-09-19.tar не распакован: [Errno 2] No such file or directory: '/root/algoth_v2/research/b1_book/out/cache/trades/HUAHONGUSDT/2026-09-19-05.jsonl.gz.tmp' -> '/root/algoth_v2/research/b1_book/out/cache/trades/HUAHONGUSDT/2026-09-19-05.jsonl.gz'
хранилище: архив b1/trades/KATUSDT/2026-09-10.tar не распакован: [Errno 2] No such file or directory: '/root/algoth_v2/research/b1_book/out/cache/trades/KATUSDT/2026-09-10-06.jsonl.gz.tmp' -> '/root/algoth_v2/research/b1_book/out/cache/trades/KATUSDT/2026-09-10-06.jsonl.gz'
память: 498.9 МБ (символ 290/391; предел 1200)
  символ 292/391  решений 4386
хранилище: архив b1/trades/BTDRUSDT/2026-09-20.tar не распакован: [Errno 2] No such file or directory: '/root/algoth_v2/research/b1_book/out/cache/trades/BTDRUSDT/2026-09-20-13.jsonl.gz.tmp' -> '/root/algoth_v2/research/b1_book/out/cache/trades/BTDRUSDT/2026-09-20-13.jsonl.gz'
хранилище: архив b1/trades/HORIZONUSDT/2026-09-11.tar не распакован: [Errno 2] No such file or directory: '/root/algoth_v2/research/b1_book/out/cache/trades/HORIZONUSDT/2026-09-11-15.jsonl.gz.tmp' -> '/root/algoth_v2/research/b1_book/out/cache/trades/HORIZONUSDT/2026-09-11-15.jsonl.gz'
хранилище: архив b1/trades/HORIZONUSDT/2026-09-13.tar не распакован: [Errno 2] No such file or directory: '/root/algoth_v2/research/b1_book/out/cache/trades/HORIZONUSDT/2026-09-13-00.jsonl.gz.tmp' -> '/root/algoth_v2/research/b1_book/out/cache/trades/HORIZONUSDT/2026-09-13-00.jsonl.gz'
память: 498.9 МБ (символ 300/391; предел 1200)
хранилище: архив b1/trades/SENSETIMEUSDT/2026-09-12.tar не распакован: [Errno 2] No such file or directory: '/root/algoth_v2/research/b1_book/out/cache/trades/SENSETIMEUSDT/2026-09-12-00.jsonl.gz.tmp' -> '/root/algoth_v2/research/b1_book/out/cache/trades/SENSETIMEUSDT/2026-09-12-00.jsonl.gz'
  символ 305/391  решений 4457
память: 498.9 МБ (символ 310/391; предел 1200)
  символ 314/391  решений 4583
хранилище: архив b1/trades/MSFUUSDT/2026-09-25.tar не распакован: [Errno 2] No such file or directory: '/root/algoth_v2/research/b1_book/out/cache/trades/MSFUUSDT/2026-09-25-01.jsonl.gz.tmp' -> '/root/algoth_v2/research/b1_book/out/cache/trades/MSFUUSDT/2026-09-25-01.jsonl.gz'
память: 498.9 МБ (символ 320/391; предел 1200)
  символ 326/391  решений 4683
память: 498.9 МБ (символ 330/391; предел 1200)
хранилище: архив b1/trades/NEARUSDT/2026-09-24.tar не распакован: [Errno 2] No such file or directory: '/root/algoth_v2/research/b1_book/out/cache/trades/NEARUSDT/2026-09-24-12.jsonl.gz.tmp' -> '/root/algoth_v2/research/b1_book/out/cache/trades/NEARUSDT/2026-09-24-12.jsonl.gz'
  символ 336/391  решений 4746
память: 498.9 МБ (символ 340/391; предел 1200)
память: 498.8 МБ (символ 350/391; предел 1200)
хранилище: архив b1/trades/PATHUSDT/2026-09-26.tar не распакован: [Errno 2] No such file or directory: '/root/algoth_v2/research/b1_book/out/cache/trades/PATHUSDT/2026-09-26-00.jsonl.gz.tmp' -> '/root/algoth_v2/research/b1_book/out/cache/trades/PATHUSDT/2026-09-26-00.jsonl.gz'
  символ 352/391  решений 4791
  символ 358/391  решений 4802
память: 499.8 МБ (символ 360/391; предел 1200)
хранилище: архив b1/book/QUSDT/2026-09-28.tar не распакован: [Errno 2] No such file or directory: '/root/algoth_v2/research/b1_book/out/cache/book/QUSDT/2026-09-28-00.jsonl.gz.tmp' -> '/root/algoth_v2/research/b1_book/out/cache/book/QUSDT/2026-09-28-00.jsonl.gz'
память: 499.8 МБ (символ 370/391; предел 1200)
  символ 372/391  решений 4882
память: 499.8 МБ (символ 380/391; предел 1200)
память: 499.8 МБ (символ 390/391; предел 1200)
запись доходит до 2026-10-03 10:38 UTC
пол 0.75: безопасная $10000 → 986.4 $, просадка -0.1493, полом 138, ликвидаций 0 из 1077
# Пол капитуляции как стоп: где резать против хода

Просьба владельца 2026-09-10. Ось объявлена ДО прогона: доля расстояния «вход → ликвидация», на которой стоит пол — 0.10 (как сейчас) / 0.25 / 0.50 / 0.75. В съеденной марже это «режем при ~90 / 75 / 50 / 25 % съеденной маржи»: чем больше доля, тем РАНЬШЕ стоп. Формула пола — ядра лестницы, ось двигает её параметр.

Остальное — как книги торгуют сегодня: плечо забора, доливов нет, цель ×2, срок 24 ч, гейт края, возраст ≥ 7 суток, доля билета; деньги НЕТТО.

Ячейки считаны разными прогонами: 0.1 — 2026-09-10 21:30, 0.25 — 2026-09-10 21:30, 0.5 — 2026-09-10 21:58, 0.75 — 2026-10-03 10:38.

## безопасная (шорт h24)

| пол | съедено маржи | депозит | сделок | Σ $ | итог | просадка | доход/просадка | тейк | срок | пол | ликвидация |
|---|--:|--:|--:|--:|--:|--:|--:|--:|--:|--:|--:|
| 0.1 | ~90 % | $1000 | 583 | +273.19 | +27.3 % | -12.2 % | 2.24 | 34 (6 %) +170 $ | 522 (90 %) +845 $ | 22 (4 %) -567 $ | 5 (1 %) -174 $ |
| 0.1 | ~90 % | $10000 | 594 | +2549.35 | +25.5 % | -9.8 % | 2.61 | 35 (6 %) +1488 $ | 532 (90 %) +7504 $ | 22 (4 %) -4933 $ | 5 (1 %) -1510 $ |
| 0.1 | ~90 % | $100000 | 594 | +25517.71 | +25.5 % | -9.8 % | 2.61 | 35 (6 %) +14897 $ | 532 (90 %) +75121 $ | 22 (4 %) -49385 $ | 5 (1 %) -15115 $ |
| 0.25 | ~75 % | $1000 | 588 | +216.64 | +21.7 % | -18.1 % | 1.20 | 34 (6 %) +155 $ | 516 (88 %) +886 $ | 36 (6 %) -755 $ | 2 (0 %) -69 $ |
| 0.25 | ~75 % | $10000 | 597 | +1887.95 | +18.9 % | -16.3 % | 1.16 | 34 (6 %) +1355 $ | 525 (88 %) +7666 $ | 36 (6 %) -6537 $ | 2 (0 %) -595 $ |
| 0.25 | ~75 % | $100000 | 597 | +18896.26 | +18.9 % | -16.3 % | 1.16 | 34 (6 %) +13559 $ | 525 (88 %) +76739 $ | 36 (6 %) -65443 $ | 2 (0 %) -5959 $ |
| 0.5 | ~50 % | $1000 | 610 | +111.12 | +11.1 % | -13.8 % | 0.80 | 35 (6 %) +152 $ | 515 (84 %) +725 $ | 60 (10 %) -766 $ | — |
| 0.5 | ~50 % | $10000 | 613 | +987.98 | +9.9 % | -12.2 % | 0.81 | 35 (6 %) +1337 $ | 518 (85 %) +6370 $ | 60 (10 %) -6719 $ | — |
| 0.5 | ~50 % | $100000 | 613 | +9888.29 | +9.9 % | -12.3 % | 0.81 | 35 (6 %) +13380 $ | 518 (85 %) +63760 $ | 60 (10 %) -67252 $ | — |
| 0.75 | ~25 % | $1000 | 1072 | +105.20 | +10.5 % | -16.9 % | 0.62 | 55 (5 %) +254 $ | 471 (44 %) +652 $ | 138 (13 %) -1024 $ | — |
| 0.75 | ~25 % | $10000 | 1077 | +986.40 | +9.9 % | -14.9 % | 0.66 | 55 (5 %) +2200 $ | 474 (44 %) +5710 $ | 138 (13 %) -8850 $ | — |
| 0.75 | ~25 % | $100000 | 1077 | +9870.97 | +9.9 % | -14.9 % | 0.66 | 55 (5 %) +22022 $ | 474 (44 %) +57157 $ | 138 (13 %) -88594 $ | — |

## оптимальная (шорт h24)

| пол | съедено маржи | депозит | сделок | Σ $ | итог | просадка | доход/просадка | тейк | срок | пол | ликвидация |
|---|--:|--:|--:|--:|--:|--:|--:|--:|--:|--:|--:|
| 0.1 | ~90 % | $1000 | 569 | +262.39 | +26.2 % | -36.6 % | 0.72 | 33 (6 %) +635 $ | 471 (83 %) +1789 $ | 45 (8 %) -1363 $ | 20 (4 %) -798 $ |
| 0.1 | ~90 % | $10000 | 619 | +763.18 | +7.6 % | -7.1 % | 1.08 | 35 (6 %) +1050 $ | 516 (83 %) +3302 $ | 48 (8 %) -2328 $ | 20 (3 %) -1262 $ |
| 0.1 | ~90 % | $100000 | 619 | +7638.53 | +7.6 % | -7.1 % | 1.08 | 35 (6 %) +10514 $ | 516 (83 %) +33053 $ | 48 (8 %) -23298 $ | 20 (3 %) -12630 $ |
| 0.25 | ~75 % | $1000 | 568 | +507.87 | +50.8 % | -29.0 % | 1.75 | 31 (5 %) +508 $ | 462 (81 %) +1966 $ | 73 (13 %) -1896 $ | 2 (0 %) -70 $ |
| 0.25 | ~75 % | $10000 | 623 | +1002.20 | +10.0 % | -6.7 % | 1.49 | 34 (5 %) +868 $ | 507 (81 %) +3465 $ | 80 (13 %) -3211 $ | 2 (0 %) -120 $ |
| 0.25 | ~75 % | $100000 | 623 | +10031.23 | +10.0 % | -6.7 % | 1.49 | 34 (5 %) +8693 $ | 507 (81 %) +34682 $ | 80 (13 %) -32138 $ | 2 (0 %) -1206 $ |
| 0.5 | ~50 % | $1000 | 619 | +436.14 | +43.6 % | -20.1 % | 2.18 | 33 (5 %) +569 $ | 467 (75 %) +1800 $ | 119 (19 %) -1933 $ | — |
| 0.5 | ~50 % | $10000 | 655 | +792.18 | +7.9 % | -4.3 % | 1.82 | 35 (5 %) +952 $ | 495 (76 %) +3156 $ | 125 (19 %) -3316 $ | — |
| 0.5 | ~50 % | $100000 | 655 | +7929.09 | +7.9 % | -4.3 % | 1.82 | 35 (5 %) +9532 $ | 495 (76 %) +31591 $ | 125 (19 %) -33194 $ | — |
| 0.75 | ~25 % | $1000 | 1197 | -78.49 | -7.8 % | -37.5 % | -0.21 | 47 (4 %) +623 $ | 423 (35 %) +1624 $ | 342 (29 %) -3077 $ | — |
| 0.75 | ~25 % | $10000 | 1215 | +86.14 | +0.9 % | -7.7 % | 0.11 | 48 (4 %) +1046 $ | 431 (35 %) +2887 $ | 345 (28 %) -5030 $ | — |
| 0.75 | ~25 % | $100000 | 1215 | +861.59 | +0.9 % | -7.7 % | 0.11 | 48 (4 %) +10471 $ | 431 (35 %) +28902 $ | 345 (28 %) -50354 $ | — |

## агрессивная (шорт h24)

| пол | съедено маржи | депозит | сделок | Σ $ | итог | просадка | доход/просадка | тейк | срок | пол | ликвидация |
|---|--:|--:|--:|--:|--:|--:|--:|--:|--:|--:|--:|
| 0.1 | ~90 % | $1000 | 475 | +74.03 | +7.4 % | -11.9 % | 0.62 | 26 (5 %) +155 $ | 334 (70 %) +642 $ | 79 (17 %) -456 $ | 36 (8 %) -267 $ |
| 0.1 | ~90 % | $10000 | 475 | +756.06 | +7.6 % | -12.2 % | 0.62 | 26 (5 %) +1594 $ | 334 (70 %) +6580 $ | 79 (17 %) -4680 $ | 36 (8 %) -2738 $ |
| 0.1 | ~90 % | $100000 | 475 | +7576.36 | +7.6 % | -12.2 % | 0.62 | 26 (5 %) +15982 $ | 334 (70 %) +65960 $ | 79 (17 %) -46916 $ | 36 (8 %) -27450 $ |
| 0.25 | ~75 % | $1000 | 487 | +155.47 | +15.6 % | -9.4 % | 1.66 | 26 (5 %) +147 $ | 325 (67 %) +689 $ | 130 (27 %) -634 $ | 6 (1 %) -46 $ |
| 0.25 | ~75 % | $10000 | 487 | +1591.88 | +15.9 % | -9.6 % | 1.66 | 26 (5 %) +1505 $ | 325 (67 %) +7066 $ | 130 (27 %) -6507 $ | 6 (1 %) -472 $ |
| 0.25 | ~75 % | $100000 | 487 | +15956.00 | +16.0 % | -9.6 % | 1.66 | 26 (5 %) +15085 $ | 325 (67 %) +70842 $ | 130 (27 %) -65241 $ | 6 (1 %) -4730 $ |
| 0.5 | ~50 % | $1000 | 536 | +161.59 | +16.2 % | -6.4 % | 2.51 | 26 (5 %) +167 $ | 299 (56 %) +682 $ | 210 (39 %) -680 $ | 1 (0 %) -8 $ |
| 0.5 | ~50 % | $10000 | 536 | +1655.59 | +16.6 % | -6.6 % | 2.52 | 26 (5 %) +1717 $ | 299 (56 %) +7000 $ | 210 (39 %) -6980 $ | 1 (0 %) -81 $ |
| 0.5 | ~50 % | $100000 | 536 | +16595.73 | +16.6 % | -6.6 % | 2.52 | 26 (5 %) +17212 $ | 299 (56 %) +70177 $ | 210 (39 %) -69977 $ | 1 (0 %) -817 $ |
| 0.75 | ~25 % | $1000 | 998 | +20.61 | +2.1 % | -9.3 % | 0.22 | 33 (3 %) +176 $ | 220 (22 %) +544 $ | 548 (55 %) -942 $ | — |
| 0.75 | ~25 % | $10000 | 998 | +207.71 | +2.1 % | -9.5 % | 0.22 | 33 (3 %) +1805 $ | 220 (22 %) +5576 $ | 548 (55 %) -9665 $ | — |
| 0.75 | ~25 % | $100000 | 998 | +2078.57 | +2.1 % | -9.5 % | 0.22 | 33 (3 %) +18091 $ | 220 (22 %) +55904 $ | 548 (55 %) -96898 $ | — |

## Как читать

- Ранний стоп обязан двигать ДВА числа сразу: долю хвостовых исходов вниз и просадку вниз. Если просадка падает, а деньги падают вместе с ней — это не защита, а уменьшение книги, и то же самое даёт доля билета, только без потери сделок.
- Ликвидации при раннем стопе обязаны исчезать: стоп стоит перед ней. Если они остаются — значит цена доходит до ликвидации ВНУТРИ бара, минуя пол, и это свойство разрыва, а не правила.
- Ячейка правилом не назначается: окно одно, веса модели эти часы видели.

публикуется в ветку main:
 jobs/done/memtop-1003.log                  |  13 ++++
 jobs/done/stop2-f10.log                    |  39 +++++++++++
 jobs/done/stop2-f75.log                    | 107 +++++++++++++++++++++++++++++
 research/dca_paper/out/DCA-short-stop.json |   2 +-
 research/dca_paper/out/DCA-short-stop.md   |  20 +++---
 research/s8_loop/out/day_brake.json        |   2 +-
 6 files changed, 171 insertions(+), 12 deletions(-)
fatal: cannot lock ref 'HEAD': is at dd717c34aa0f076b6cb856796426c9d0394a3036 but expected 712a97d52c9593fce6862319205d3cd304baacbf
конец: 2026-10-03T10:39:01Z, код 0
публикуется в ветку main:
 jobs/done/stop2-f10.log | 8 ++++++++
 jobs/done/stop2-f75.log | 8 ++------
 2 files changed, 10 insertions(+), 6 deletions(-)
To github.com:n0tgod/algoth_v2.git
   dd717c34..4b3d2de4  main -> main
branch 'main' set up to track 'origin/main'.
опубликовано
