== задание stop2-f10 ==
строка: run research/dca_paper/short_stop.py --floor f10
начало: 2026-10-03T09:25:33Z
запускаю: .venv/bin/python research/dca_paper/short_stop.py --floor f10
h24/gbm: часов 888, коротких выборов 2664, ног под краем 2648, отброшено (нет полей / знак) 10
h24/nn: часов 888, коротких выборов 2664, ног под краем 2487, отброшено (нет полей / знак) 165
ног обеих рук: 5135
пол капитуляции на время замера: 0.1 (≈ съедено 90 % маржи), было 0.1
коротких ног (край ≥ 33) 5135: rr2 428, lo 4297, any 5135; символов 391
окно решений 2026-08-08 10:00 … 2026-10-03 09:00 UTC (56 суток, дат 57)
память: 124.6 МБ (ноги загружены; предел 1200)
хранилище: архив b1/trades/POWERUSDT/2026-08-22.tar не распакован: [Errno 2] No such file or directory: '/root/algoth_v2/research/b1_book/out/cache/trades/POWERUSDT/2026-08-22-00.jsonl.gz.tmp' -> '/root/algoth_v2/research/b1_book/out/cache/trades/POWERUSDT/2026-08-22-00.jsonl.gz'
хранилище: архив b1/trades/POWERUSDT/2026-09-11.tar не распакован: [Errno 2] No such file or directory: '/root/algoth_v2/research/b1_book/out/cache/trades/POWERUSDT/2026-09-11-00.jsonl.gz.tmp' -> '/root/algoth_v2/research/b1_book/out/cache/trades/POWERUSDT/2026-09-11-00.jsonl.gz'
  символ 5/391  решений 95
хранилище: архив b1/trades/TUTUSDT/2026-08-29.tar не распакован: [Errno 2] No such file or directory: '/root/algoth_v2/research/b1_book/out/cache/trades/TUTUSDT/2026-08-29-00.jsonl.gz.tmp' -> '/root/algoth_v2/research/b1_book/out/cache/trades/TUTUSDT/2026-08-29-00.jsonl.gz'
  символ 6/391  решений 160
хранилище: архив b1/trades/DUSKUSDT/2026-08-07.tar не распакован: [Errno 2] No such file or directory: '/root/algoth_v2/research/b1_book/out/cache/trades/DUSKUSDT/2026-08-07-00.jsonl.gz.tmp' -> '/root/algoth_v2/research/b1_book/out/cache/trades/DUSKUSDT/2026-08-07-00.jsonl.gz'
хранилище: архив b1/trades/DUSKUSDT/2026-09-03.tar не распакован: [Errno 2] No such file or directory: '/root/algoth_v2/research/b1_book/out/cache/trades/DUSKUSDT/2026-09-03-23.jsonl.gz.tmp' -> '/root/algoth_v2/research/b1_book/out/cache/trades/DUSKUSDT/2026-09-03-23.jsonl.gz'
хранилище: архив b1/book/SIRENUSDT/2026-08-09.tar не распакован: [Errno 2] No such file or directory: '/root/algoth_v2/research/b1_book/out/cache/book/SIRENUSDT/2026-08-09-02.jsonl.gz.tmp' -> '/root/algoth_v2/research/b1_book/out/cache/book/SIRENUSDT/2026-08-09-02.jsonl.gz'
хранилище: архив b1/trades/ARCUSDT/2026-08-25.tar не распакован: [Errno 2] No such file or directory: '/root/algoth_v2/research/b1_book/out/cache/trades/ARCUSDT/2026-08-25-00.jsonl.gz.tmp' -> '/root/algoth_v2/research/b1_book/out/cache/trades/ARCUSDT/2026-08-25-00.jsonl.gz'
хранилище: архив b1/trades/ARCUSDT/2026-08-26.tar не распакован: [Errno 2] No such file or directory: '/root/algoth_v2/research/b1_book/out/cache/trades/ARCUSDT/2026-08-26-01.jsonl.gz.tmp' -> '/root/algoth_v2/research/b1_book/out/cache/trades/ARCUSDT/2026-08-26-01.jsonl.gz'
хранилище: архив b1/trades/PHAROSUSDT/2026-08-07.tar не распакован: [Errno 2] No such file or directory: '/root/algoth_v2/research/b1_book/out/cache/trades/PHAROSUSDT/2026-08-07-00.jsonl.gz.tmp' -> '/root/algoth_v2/research/b1_book/out/cache/trades/PHAROSUSDT/2026-08-07-00.jsonl.gz'
хранилище: архив b1/trades/PHAROSUSDT/2026-08-15.tar не распакован: [Errno 2] No such file or directory: '/root/algoth_v2/research/b1_book/out/cache/trades/PHAROSUSDT/2026-08-15-00.jsonl.gz.tmp' -> '/root/algoth_v2/research/b1_book/out/cache/trades/PHAROSUSDT/2026-08-15-00.jsonl.gz'
хранилище: архив b1/trades/PHAROSUSDT/2026-08-17.tar не распакован: [Errno 2] No such file or directory: '/root/algoth_v2/research/b1_book/out/cache/trades/PHAROSUSDT/2026-08-17-23.jsonl.gz.tmp' -> '/root/algoth_v2/research/b1_book/out/cache/trades/PHAROSUSDT/2026-08-17-23.jsonl.gz'
  символ 10/391  решений 179
память: 345.9 МБ (символ 10/391; предел 1200)
хранилище: архив b1/trades/PTBUSDT/2026-08-09.tar не распакован: [Errno 2] No such file or directory: '/root/algoth_v2/research/b1_book/out/cache/trades/PTBUSDT/2026-08-09-00.jsonl.gz.tmp' -> '/root/algoth_v2/research/b1_book/out/cache/trades/PTBUSDT/2026-08-09-00.jsonl.gz'
хранилище: архив b1/trades/RAVEUSDT/2026-09-06.tar не распакован: [Errno 2] No such file or directory: '/root/algoth_v2/research/b1_book/out/cache/trades/RAVEUSDT/2026-09-06-00.jsonl.gz.tmp' -> '/root/algoth_v2/research/b1_book/out/cache/trades/RAVEUSDT/2026-09-06-00.jsonl.gz'
  символ 15/391  решений 226
хранилище: архив b1/trades/MERLUSDT/2026-08-07.tar не распакован: [Errno 2] No such file or directory: '/root/algoth_v2/research/b1_book/out/cache/trades/MERLUSDT/2026-08-07-00.jsonl.gz.tmp' -> '/root/algoth_v2/research/b1_book/out/cache/trades/MERLUSDT/2026-08-07-00.jsonl.gz'
хранилище: архив b1/trades/ORCAUSDT/2026-08-07.tar не распакован: [Errno 2] No such file or directory: '/root/algoth_v2/research/b1_book/out/cache/trades/ORCAUSDT/2026-08-07-04.jsonl.gz.tmp' -> '/root/algoth_v2/research/b1_book/out/cache/trades/ORCAUSDT/2026-08-07-04.jsonl.gz'
хранилище: архив b1/trades/ORCAUSDT/2026-09-05.tar не распакован: [Errno 2] No such file or directory: '/root/algoth_v2/research/b1_book/out/cache/trades/ORCAUSDT/2026-09-05-00.jsonl.gz.tmp' -> '/root/algoth_v2/research/b1_book/out/cache/trades/ORCAUSDT/2026-09-05-00.jsonl.gz'
хранилище: архив b1/trades/ORCAUSDT/2026-09-10.tar не распакован: [Errno 2] No such file or directory: '/root/algoth_v2/research/b1_book/out/cache/trades/ORCAUSDT/2026-09-10-00.jsonl.gz.tmp' -> '/root/algoth_v2/research/b1_book/out/cache/trades/ORCAUSDT/2026-09-10-00.jsonl.gz'
хранилище: архив b1/trades/ORCAUSDT/2026-09-11.tar не распакован: [Errno 2] No such file or directory: '/root/algoth_v2/research/b1_book/out/cache/trades/ORCAUSDT/2026-09-11-00.jsonl.gz.tmp' -> '/root/algoth_v2/research/b1_book/out/cache/trades/ORCAUSDT/2026-09-11-00.jsonl.gz'
хранилище: архив b1/trades/IOTAUSDT/2026-08-25.tar не распакован: [Errno 2] No such file or directory: '/root/algoth_v2/research/b1_book/out/cache/trades/IOTAUSDT/2026-08-25-10.jsonl.gz.tmp' -> '/root/algoth_v2/research/b1_book/out/cache/trades/IOTAUSDT/2026-08-25-10.jsonl.gz'
  символ 18/391  решений 237
хранилище: архив b1/trades/CATIUSDT/2026-09-04.tar не распакован: [Errno 2] No such file or directory: '/root/algoth_v2/research/b1_book/out/cache/trades/CATIUSDT/2026-09-04-00.jsonl.gz.tmp' -> '/root/algoth_v2/research/b1_book/out/cache/trades/CATIUSDT/2026-09-04-00.jsonl.gz'
хранилище: архив b1/trades/CATIUSDT/2026-09-07.tar не распакован: [Errno 2] No such file or directory: '/root/algoth_v2/research/b1_book/out/cache/trades/CATIUSDT/2026-09-07-00.jsonl.gz.tmp' -> '/root/algoth_v2/research/b1_book/out/cache/trades/CATIUSDT/2026-09-07-00.jsonl.gz'
хранилище: архив b1/trades/CATIUSDT/2026-09-12.tar не распакован: [Errno 2] No such file or directory: '/root/algoth_v2/research/b1_book/out/cache/trades/CATIUSDT/2026-09-12-00.jsonl.gz.tmp' -> '/root/algoth_v2/research/b1_book/out/cache/trades/CATIUSDT/2026-09-12-00.jsonl.gz'
  символ 20/391  решений 256
память: 323.2 МБ (символ 20/391; предел 1200)
хранилище: архив b1/trades/SAGAUSDT/2026-09-09.tar не распакован: [Errno 2] No such file or directory: '/root/algoth_v2/research/b1_book/out/cache/trades/SAGAUSDT/2026-09-09-00.jsonl.gz.tmp' -> '/root/algoth_v2/research/b1_book/out/cache/trades/SAGAUSDT/2026-09-09-00.jsonl.gz'
  символ 22/391  решений 282
хранилище: архив b1/trades/HEIUSDT/2026-08-19.tar не распакован: [Errno 2] No such file or directory: '/root/algoth_v2/research/b1_book/out/cache/trades/HEIUSDT/2026-08-19-00.jsonl.gz.tmp' -> '/root/algoth_v2/research/b1_book/out/cache/trades/HEIUSDT/2026-08-19-00.jsonl.gz'
хранилище: архив b1/trades/HEIUSDT/2026-08-27.tar не распакован: [Errno 2] No such file or directory: '/root/algoth_v2/research/b1_book/out/cache/trades/HEIUSDT/2026-08-27-00.jsonl.gz.tmp' -> '/root/algoth_v2/research/b1_book/out/cache/trades/HEIUSDT/2026-08-27-00.jsonl.gz'
хранилище: архив b1/trades/ESPORTSUSDT/2026-08-31.tar не распакован: [Errno 2] No such file or directory: '/root/algoth_v2/research/b1_book/out/cache/trades/ESPORTSUSDT/2026-08-31-00.jsonl.gz.tmp' -> '/root/algoth_v2/research/b1_book/out/cache/trades/ESPORTSUSDT/2026-08-31-00.jsonl.gz'
хранилище: архив b1/trades/ESPORTSUSDT/2026-09-02.tar не распакован: [Errno 2] No such file or directory: '/root/algoth_v2/research/b1_book/out/cache/trades/ESPORTSUSDT/2026-09-02-00.jsonl.gz.tmp' -> '/root/algoth_v2/research/b1_book/out/cache/trades/ESPORTSUSDT/2026-09-02-00.jsonl.gz'
хранилище: архив b1/trades/ESPORTSUSDT/2026-09-09.tar не распакован: [Errno 2] No such file or directory: '/root/algoth_v2/research/b1_book/out/cache/trades/ESPORTSUSDT/2026-09-09-00.jsonl.gz.tmp' -> '/root/algoth_v2/research/b1_book/out/cache/trades/ESPORTSUSDT/2026-09-09-00.jsonl.gz'
хранилище: архив b1/trades/ESPORTSUSDT/2026-09-24.tar не распакован: [Errno 2] No such file or directory: '/root/algoth_v2/research/b1_book/out/cache/trades/ESPORTSUSDT/2026-09-24-12.jsonl.gz.tmp' -> '/root/algoth_v2/research/b1_book/out/cache/trades/ESPORTSUSDT/2026-09-24-12.jsonl.gz'
  символ 24/391  решений 315
  символ 27/391  решений 400
хранилище: архив b1/trades/BLESSUSDT/2026-08-26.tar не распакован: [Errno 2] No such file or directory: '/root/algoth_v2/research/b1_book/out/cache/trades/BLESSUSDT/2026-08-26-00.jsonl.gz.tmp' -> '/root/algoth_v2/research/b1_book/out/cache/trades/BLESSUSDT/2026-08-26-00.jsonl.gz'
  символ 29/391  решений 419
  символ 30/391  решений 519
память: 355.7 МБ (символ 30/391; предел 1200)
хранилище: архив b1/trades/IOSTUSDT/2026-08-18.tar не распакован: [Errno 2] No such file or directory: '/root/algoth_v2/research/b1_book/out/cache/trades/IOSTUSDT/2026-08-18-00.jsonl.gz.tmp' -> '/root/algoth_v2/research/b1_book/out/cache/trades/IOSTUSDT/2026-08-18-00.jsonl.gz'
хранилище: архив b1/trades/IOSTUSDT/2026-08-30.tar не распакован: [Errno 2] No such file or directory: '/root/algoth_v2/research/b1_book/out/cache/trades/IOSTUSDT/2026-08-30-20.jsonl.gz.tmp' -> '/root/algoth_v2/research/b1_book/out/cache/trades/IOSTUSDT/2026-08-30-20.jsonl.gz'
  символ 31/391  решений 571
хранилище: архив b1/trades/INXUSDT/2026-09-09.tar не распакован: [Errno 2] No such file or directory: '/root/algoth_v2/research/b1_book/out/cache/trades/INXUSDT/2026-09-09-00.jsonl.gz.tmp' -> '/root/algoth_v2/research/b1_book/out/cache/trades/INXUSDT/2026-09-09-00.jsonl.gz'
хранилище: архив b1/trades/BROCCOLIUSDT/2026-08-10.tar не распакован: [Errno 2] No such file or directory: '/root/algoth_v2/research/b1_book/out/cache/trades/BROCCOLIUSDT/2026-08-10-00.jsonl.gz.tmp' -> '/root/algoth_v2/research/b1_book/out/cache/trades/BROCCOLIUSDT/2026-08-10-00.jsonl.gz'
хранилище: архив b1/trades/BROCCOLIUSDT/2026-08-14.tar не распакован: [Errno 2] No such file or directory: '/root/algoth_v2/research/b1_book/out/cache/trades/BROCCOLIUSDT/2026-08-14-00.jsonl.gz.tmp' -> '/root/algoth_v2/research/b1_book/out/cache/trades/BROCCOLIUSDT/2026-08-14-00.jsonl.gz'
хранилище: архив b1/trades/BROCCOLIUSDT/2026-08-28.tar не распакован: [Errno 2] No such file or directory: '/root/algoth_v2/research/b1_book/out/cache/trades/BROCCOLIUSDT/2026-08-28-07.jsonl.gz.tmp' -> '/root/algoth_v2/research/b1_book/out/cache/trades/BROCCOLIUSDT/2026-08-28-07.jsonl.gz'
хранилище: архив b1/trades/BROCCOLIUSDT/2026-08-31.tar не распакован: [Errno 2] No such file or directory: '/root/algoth_v2/research/b1_book/out/cache/trades/BROCCOLIUSDT/2026-08-31-00.jsonl.gz.tmp' -> '/root/algoth_v2/research/b1_book/out/cache/trades/BROCCOLIUSDT/2026-08-31-00.jsonl.gz'
  символ 34/391  решений 604
хранилище: архив b1/trades/ACUUSDT/2026-08-09.tar не распакован: [Errno 2] No such file or directory: '/root/algoth_v2/research/b1_book/out/cache/trades/ACUUSDT/2026-08-09-00.jsonl.gz.tmp' -> '/root/algoth_v2/research/b1_book/out/cache/trades/ACUUSDT/2026-08-09-00.jsonl.gz'
хранилище: архив b1/trades/BICOUSDT/2026-08-08.tar не распакован: [Errno 2] No such file or directory: '/root/algoth_v2/research/b1_book/out/cache/trades/BICOUSDT/2026-08-08-00.jsonl.gz.tmp' -> '/root/algoth_v2/research/b1_book/out/cache/trades/BICOUSDT/2026-08-08-00.jsonl.gz'
  символ 39/391  решений 678
память: 340.7 МБ (символ 40/391; предел 1200)
хранилище: архив b1/trades/EPICUSDT/2026-08-26.tar не распакован: [Errno 2] No such file or directory: '/root/algoth_v2/research/b1_book/out/cache/trades/EPICUSDT/2026-08-26-00.jsonl.gz.tmp' -> '/root/algoth_v2/research/b1_book/out/cache/trades/EPICUSDT/2026-08-26-00.jsonl.gz'
хранилище: архив b1/trades/EPICUSDT/2026-08-27.tar не распакован: [Errno 2] No such file or directory: '/root/algoth_v2/research/b1_book/out/cache/trades/EPICUSDT/2026-08-27-00.jsonl.gz.tmp' -> '/root/algoth_v2/research/b1_book/out/cache/trades/EPICUSDT/2026-08-27-00.jsonl.gz'
хранилище: архив b1/trades/EPICUSDT/2026-09-03.tar не распакован: [Errno 2] No such file or directory: '/root/algoth_v2/research/b1_book/out/cache/trades/EPICUSDT/2026-09-03-00.jsonl.gz.tmp' -> '/root/algoth_v2/research/b1_book/out/cache/trades/EPICUSDT/2026-09-03-00.jsonl.gz'
  символ 44/391  решений 743
хранилище: архив b1/trades/MUBARAKUSDT/2026-08-29.tar не распакован: [Errno 2] No such file or directory: '/root/algoth_v2/research/b1_book/out/cache/trades/MUBARAKUSDT/2026-08-29-00.jsonl.gz.tmp' -> '/root/algoth_v2/research/b1_book/out/cache/trades/MUBARAKUSDT/2026-08-29-00.jsonl.gz'
хранилище: архив b1/trades/MUBARAKUSDT/2026-09-07.tar не распакован: [Errno 2] No such file or directory: '/root/algoth_v2/research/b1_book/out/cache/trades/MUBARAKUSDT/2026-09-07-00.jsonl.gz.tmp' -> '/root/algoth_v2/research/b1_book/out/cache/trades/MUBARAKUSDT/2026-09-07-00.jsonl.gz'
хранилище: архив b1/trades/MUBARAKUSDT/2026-09-10.tar не распакован: [Errno 2] No such file or directory: '/root/algoth_v2/research/b1_book/out/cache/trades/MUBARAKUSDT/2026-09-10-17.jsonl.gz.tmp' -> '/root/algoth_v2/research/b1_book/out/cache/trades/MUBARAKUSDT/2026-09-10-17.jsonl.gz'
  символ 47/391  решений 794
  символ 48/391  решений 818
хранилище: архив b1/trades/AIOZUSDT/2026-08-28.tar не распакован: [Errno 2] No such file or directory: '/root/algoth_v2/research/b1_book/out/cache/trades/AIOZUSDT/2026-08-28-20.jsonl.gz.tmp' -> '/root/algoth_v2/research/b1_book/out/cache/trades/AIOZUSDT/2026-08-28-20.jsonl.gz'
хранилище: архив b1/trades/AIOZUSDT/2026-08-30.tar не распакован: [Errno 2] No such file or directory: '/root/algoth_v2/research/b1_book/out/cache/trades/AIOZUSDT/2026-08-30-00.jsonl.gz.tmp' -> '/root/algoth_v2/research/b1_book/out/cache/trades/AIOZUSDT/2026-08-30-00.jsonl.gz'
хранилище: архив b1/trades/AIOZUSDT/2026-08-31.tar не распакован: [Errno 2] No such file or directory: '/root/algoth_v2/research/b1_book/out/cache/trades/AIOZUSDT/2026-08-31-00.jsonl.gz.tmp' -> '/root/algoth_v2/research/b1_book/out/cache/trades/AIOZUSDT/2026-08-31-00.jsonl.gz'
хранилище: архив b1/book/AIOZUSDT/2026-09-24.tar не распакован: [Errno 2] No such file or directory: '/root/algoth_v2/research/b1_book/out/cache/book/AIOZUSDT/2026-09-24-12.jsonl.gz.tmp' -> '/root/algoth_v2/research/b1_book/out/cache/book/AIOZUSDT/2026-09-24-12.jsonl.gz'
  символ 50/391  решений 826
память: 347.7 МБ (символ 50/391; предел 1200)
хранилище: архив b1/trades/ARIAUSDT/2026-08-09.tar не распакован: [Errno 2] No such file or directory: '/root/algoth_v2/research/b1_book/out/cache/trades/ARIAUSDT/2026-08-09-00.jsonl.gz.tmp' -> '/root/algoth_v2/research/b1_book/out/cache/trades/ARIAUSDT/2026-08-09-00.jsonl.gz'
хранилище: архив b1/trades/ARIAUSDT/2026-08-10.tar не распакован: [Errno 2] No such file or directory: '/root/algoth_v2/research/b1_book/out/cache/trades/ARIAUSDT/2026-08-10-08.jsonl.gz.tmp' -> '/root/algoth_v2/research/b1_book/out/cache/trades/ARIAUSDT/2026-08-10-08.jsonl.gz'
хранилище: архив b1/trades/ARIAUSDT/2026-09-07.tar не распакован: [Errno 2] No such file or directory: '/root/algoth_v2/research/b1_book/out/cache/trades/ARIAUSDT/2026-09-07-16.jsonl.gz.tmp' -> '/root/algoth_v2/research/b1_book/out/cache/trades/ARIAUSDT/2026-09-07-16.jsonl.gz'
хранилище: архив b1/trades/ARIAUSDT/2026-09-10.tar не распакован: [Errno 2] No such file or directory: '/root/algoth_v2/research/b1_book/out/cache/trades/ARIAUSDT/2026-09-10-04.jsonl.gz.tmp' -> '/root/algoth_v2/research/b1_book/out/cache/trades/ARIAUSDT/2026-09-10-04.jsonl.gz'
  символ 54/391  решений 861
хранилище: архив b1/trades/CLOUSDT/2026-08-22.tar не распакован: [Errno 2] No such file or directory: '/root/algoth_v2/research/b1_book/out/cache/trades/CLOUSDT/2026-08-22-00.jsonl.gz.tmp' -> '/root/algoth_v2/research/b1_book/out/cache/trades/CLOUSDT/2026-08-22-00.jsonl.gz'
хранилище: архив b1/trades/CLOUSDT/2026-09-28.tar не распакован: [Errno 2] No such file or directory: '/root/algoth_v2/research/b1_book/out/cache/trades/CLOUSDT/2026-09-28-00.jsonl.gz.tmp' -> '/root/algoth_v2/research/b1_book/out/cache/trades/CLOUSDT/2026-09-28-00.jsonl.gz'
  символ 59/391  решений 1009
память: 371.3 МБ (символ 60/391; предел 1200)
  символ 62/391  решений 1062
хранилище: архив b1/trades/BEATUSDT/2026-08-22.tar не распакован: [Errno 2] No such file or directory: '/root/algoth_v2/research/b1_book/out/cache/trades/BEATUSDT/2026-08-22-00.jsonl.gz.tmp' -> '/root/algoth_v2/research/b1_book/out/cache/trades/BEATUSDT/2026-08-22-00.jsonl.gz'
  символ 63/391  решений 1150
хранилище: архив b1/trades/VELVETUSDT/2026-08-14.tar не распакован: [Errno 2] No such file or directory: '/root/algoth_v2/research/b1_book/out/cache/trades/VELVETUSDT/2026-08-14-00.jsonl.gz.tmp' -> '/root/algoth_v2/research/b1_book/out/cache/trades/VELVETUSDT/2026-08-14-00.jsonl.gz'
  символ 65/391  решений 1183
хранилище: архив b1/trades/FHEUSDT/2026-08-18.tar не распакован: [Errno 2] No such file or directory: '/root/algoth_v2/research/b1_book/out/cache/trades/FHEUSDT/2026-08-18-00.jsonl.gz.tmp' -> '/root/algoth_v2/research/b1_book/out/cache/trades/FHEUSDT/2026-08-18-00.jsonl.gz'
хранилище: архив b1/trades/FHEUSDT/2026-08-20.tar не распакован: [Errno 2] No such file or directory: '/root/algoth_v2/research/b1_book/out/cache/trades/FHEUSDT/2026-08-20-08.jsonl.gz.tmp' -> '/root/algoth_v2/research/b1_book/out/cache/trades/FHEUSDT/2026-08-20-08.jsonl.gz'
хранилище: архив b1/trades/LUNA2USDT/2026-08-18.tar не распакован: [Errno 2] No such file or directory: '/root/algoth_v2/research/b1_book/out/cache/trades/LUNA2USDT/2026-08-18-14.jsonl.gz.tmp' -> '/root/algoth_v2/research/b1_book/out/cache/trades/LUNA2USDT/2026-08-18-14.jsonl.gz'
хранилище: архив b1/trades/ACXUSDT/2026-08-17.tar не распакован: [Errno 2] No such file or directory: '/root/algoth_v2/research/b1_book/out/cache/trades/ACXUSDT/2026-08-17-00.jsonl.gz.tmp' -> '/root/algoth_v2/research/b1_book/out/cache/trades/ACXUSDT/2026-08-17-00.jsonl.gz'
хранилище: архив b1/trades/SOPHUSDT/2026-09-08.tar не распакован: [Errno 2] No such file or directory: '/root/algoth_v2/research/b1_book/out/cache/trades/SOPHUSDT/2026-09-08-00.jsonl.gz.tmp' -> '/root/algoth_v2/research/b1_book/out/cache/trades/SOPHUSDT/2026-09-08-00.jsonl.gz'
  символ 70/391  решений 1250
память: 468.6 МБ (символ 70/391; предел 1200)
хранилище: архив b1/trades/LSKUSDT/2026-08-10.tar не распакован: [Errno 2] No such file or directory: '/root/algoth_v2/research/b1_book/out/cache/trades/LSKUSDT/2026-08-10-00.jsonl.gz.tmp' -> '/root/algoth_v2/research/b1_book/out/cache/trades/LSKUSDT/2026-08-10-00.jsonl.gz'
хранилище: архив b1/trades/LSKUSDT/2026-08-17.tar не распакован: [Errno 2] No such file or directory: '/root/algoth_v2/research/b1_book/out/cache/trades/LSKUSDT/2026-08-17-15.jsonl.gz.tmp' -> '/root/algoth_v2/research/b1_book/out/cache/trades/LSKUSDT/2026-08-17-15.jsonl.gz'
хранилище: архив b1/trades/LSKUSDT/2026-08-21.tar не распакован: [Errno 2] No such file or directory: '/root/algoth_v2/research/b1_book/out/cache/trades/LSKUSDT/2026-08-21-05.jsonl.gz.tmp' -> '/root/algoth_v2/research/b1_book/out/cache/trades/LSKUSDT/2026-08-21-05.jsonl.gz'
  символ 72/391  решений 1312
хранилище: архив b1/trades/TRBUSDT/2026-08-17.tar не распакован: [Errno 2] No such file or directory: '/root/algoth_v2/research/b1_book/out/cache/trades/TRBUSDT/2026-08-17-00.jsonl.gz.tmp' -> '/root/algoth_v2/research/b1_book/out/cache/trades/TRBUSDT/2026-08-17-00.jsonl.gz'
  символ 74/391  решений 1390
хранилище: архив b1/trades/STORJUSDT/2026-08-13.tar не распакован: [Errno 2] No such file or directory: '/root/algoth_v2/research/b1_book/out/cache/trades/STORJUSDT/2026-08-13-10.jsonl.gz.tmp' -> '/root/algoth_v2/research/b1_book/out/cache/trades/STORJUSDT/2026-08-13-10.jsonl.gz'
хранилище: архив b1/trades/STORJUSDT/2026-09-06.tar не распакован: [Errno 2] No such file or directory: '/root/algoth_v2/research/b1_book/out/cache/trades/STORJUSDT/2026-09-06-03.jsonl.gz.tmp' -> '/root/algoth_v2/research/b1_book/out/cache/trades/STORJUSDT/2026-09-06-03.jsonl.gz'
хранилище: архив b1/trades/CAPUSDT/2026-08-17.tar не распакован: [Errno 2] No such file or directory: '/root/algoth_v2/research/b1_book/out/cache/trades/CAPUSDT/2026-08-17-15.jsonl.gz.tmp' -> '/root/algoth_v2/research/b1_book/out/cache/trades/CAPUSDT/2026-08-17-15.jsonl.gz'
хранилище: архив b1/trades/CAPUSDT/2026-08-18.tar не распакован: [Errno 2] No such file or directory: '/root/algoth_v2/research/b1_book/out/cache/trades/CAPUSDT/2026-08-18-00.jsonl.gz.tmp' -> '/root/algoth_v2/research/b1_book/out/cache/trades/CAPUSDT/2026-08-18-00.jsonl.gz'
хранилище: архив b1/trades/CAPUSDT/2026-08-27.tar не распакован: [Errno 2] No such file or directory: '/root/algoth_v2/research/b1_book/out/cache/trades/CAPUSDT/2026-08-27-00.jsonl.gz.tmp' -> '/root/algoth_v2/research/b1_book/out/cache/trades/CAPUSDT/2026-08-27-00.jsonl.gz'
  символ 76/391  решений 1475
хранилище: архив b1/trades/VIRTUALUSDT/2026-08-11.tar не распакован: [Errno 2] No such file or directory: '/root/algoth_v2/research/b1_book/out/cache/trades/VIRTUALUSDT/2026-08-11-00.jsonl.gz.tmp' -> '/root/algoth_v2/research/b1_book/out/cache/trades/VIRTUALUSDT/2026-08-11-00.jsonl.gz'
  символ 80/391  решений 1602
память: 489.3 МБ (символ 80/391; предел 1200)
хранилище: архив b1/trades/BRUSDT/2026-09-01.tar не распакован: [Errno 2] No such file or directory: '/root/algoth_v2/research/b1_book/out/cache/trades/BRUSDT/2026-09-01-00.jsonl.gz.tmp' -> '/root/algoth_v2/research/b1_book/out/cache/trades/BRUSDT/2026-09-01-00.jsonl.gz'
хранилище: архив b1/trades/AVAAIUSDT/2026-08-17.tar не распакован: [Errno 2] No such file or directory: '/root/algoth_v2/research/b1_book/out/cache/trades/AVAAIUSDT/2026-08-17-00.jsonl.gz.tmp' -> '/root/algoth_v2/research/b1_book/out/cache/trades/AVAAIUSDT/2026-08-17-00.jsonl.gz'
  символ 82/391  решений 1652
хранилище: архив b1/trades/COTIUSDT/2026-08-11.tar не распакован: [Errno 2] No such file or directory: '/root/algoth_v2/research/b1_book/out/cache/trades/COTIUSDT/2026-08-11-00.jsonl.gz.tmp' -> '/root/algoth_v2/research/b1_book/out/cache/trades/COTIUSDT/2026-08-11-00.jsonl.gz'
хранилище: архив b1/trades/2ZUSDT/2026-08-17.tar не распакован: [Errno 2] No such file or directory: '/root/algoth_v2/research/b1_book/out/cache/trades/2ZUSDT/2026-08-17-07.jsonl.gz.tmp' -> '/root/algoth_v2/research/b1_book/out/cache/trades/2ZUSDT/2026-08-17-07.jsonl.gz'
хранилище: архив b1/trades/2ZUSDT/2026-08-27.tar не распакован: [Errno 2] No such file or directory: '/root/algoth_v2/research/b1_book/out/cache/trades/2ZUSDT/2026-08-27-17.jsonl.gz.tmp' -> '/root/algoth_v2/research/b1_book/out/cache/trades/2ZUSDT/2026-08-27-17.jsonl.gz'
хранилище: архив b1/trades/2ZUSDT/2026-08-28.tar не распакован: [Errno 2] No such file or directory: '/root/algoth_v2/research/b1_book/out/cache/trades/2ZUSDT/2026-08-28-00.jsonl.gz.tmp' -> '/root/algoth_v2/research/b1_book/out/cache/trades/2ZUSDT/2026-08-28-00.jsonl.gz'
  символ 84/391  решений 1702
хранилище: архив b1/trades/BTWUSDT/2026-09-03.tar не распакован: [Errno 2] No such file or directory: '/root/algoth_v2/research/b1_book/out/cache/trades/BTWUSDT/2026-09-03-02.jsonl.gz.tmp' -> '/root/algoth_v2/research/b1_book/out/cache/trades/BTWUSDT/2026-09-03-02.jsonl.gz'
  символ 86/391  решений 1798
хранилище: архив b1/trades/TRUSTUSDT/2026-08-23.tar не распакован: [Errno 2] No such file or directory: '/root/algoth_v2/research/b1_book/out/cache/trades/TRUSTUSDT/2026-08-23-00.jsonl.gz.tmp' -> '/root/algoth_v2/research/b1_book/out/cache/trades/TRUSTUSDT/2026-08-23-00.jsonl.gz'
хранилище: архив b1/trades/TRUSTUSDT/2026-09-12.tar не распакован: [Errno 2] No such file or directory: '/root/algoth_v2/research/b1_book/out/cache/trades/TRUSTUSDT/2026-09-12-00.jsonl.gz.tmp' -> '/root/algoth_v2/research/b1_book/out/cache/trades/TRUSTUSDT/2026-09-12-00.jsonl.gz'
хранилище: архив b1/trades/AVNTUSDT/2026-08-19.tar не распакован: [Errno 2] No such file or directory: '/root/algoth_v2/research/b1_book/out/cache/trades/AVNTUSDT/2026-08-19-00.jsonl.gz.tmp' -> '/root/algoth_v2/research/b1_book/out/cache/trades/AVNTUSDT/2026-08-19-00.jsonl.gz'
  символ 89/391  решений 1891
хранилище: архив b1/trades/FARTCOINUSDT/2026-08-14.tar не распакован: [Errno 2] No such file or directory: '/root/algoth_v2/research/b1_book/out/cache/trades/FARTCOINUSDT/2026-08-14-00.jsonl.gz.tmp' -> '/root/algoth_v2/research/b1_book/out/cache/trades/FARTCOINUSDT/2026-08-14-00.jsonl.gz'
память: 485.4 МБ (символ 90/391; предел 1200)
  символ 91/391  решений 1939
хранилище: архив b1/trades/ETHFIUSDT/2026-08-14.tar не распакован: [Errno 2] No such file or directory: '/root/algoth_v2/research/b1_book/out/cache/trades/ETHFIUSDT/2026-08-14-00.jsonl.gz.tmp' -> '/root/algoth_v2/research/b1_book/out/cache/trades/ETHFIUSDT/2026-08-14-00.jsonl.gz'
  символ 97/391  решений 1980
хранилище: архив b1/trades/RVNUSDT/2026-09-05.tar не распакован: [Errno 2] No such file or directory: '/root/algoth_v2/research/b1_book/out/cache/trades/RVNUSDT/2026-09-05-00.jsonl.gz.tmp' -> '/root/algoth_v2/research/b1_book/out/cache/trades/RVNUSDT/2026-09-05-00.jsonl.gz'
хранилище: архив b1/book/RVNUSDT/2026-09-11.tar не распакован: [Errno 2] No such file or directory: '/root/algoth_v2/research/b1_book/out/cache/book/RVNUSDT/2026-09-11-00.jsonl.gz.tmp' -> '/root/algoth_v2/research/b1_book/out/cache/book/RVNUSDT/2026-09-11-00.jsonl.gz'
  символ 99/391  решений 1990
память: 483.4 МБ (символ 100/391; предел 1200)
  символ 101/391  решений 2010
  символ 103/391  решений 2069
хранилище: архив b1/trades/ONGUSDT/2026-08-19.tar не распакован: [Errno 2] No such file or directory: '/root/algoth_v2/research/b1_book/out/cache/trades/ONGUSDT/2026-08-19-09.jsonl.gz.tmp' -> '/root/algoth_v2/research/b1_book/out/cache/trades/ONGUSDT/2026-08-19-09.jsonl.gz'
кэш хранилища: снято 2655 файлов, осталось 1.80 ГБ при пределе 2
  символ 104/391  решений 2107
хранилище: архив b1/trades/HEMIUSDT/2026-08-28.tar не распакован: [Errno 2] No such file or directory: '/root/algoth_v2/research/b1_book/out/cache/trades/HEMIUSDT/2026-08-28-00.jsonl.gz.tmp' -> '/root/algoth_v2/research/b1_book/out/cache/trades/HEMIUSDT/2026-08-28-00.jsonl.gz'
  символ 106/391  решений 2205
  символ 108/391  решений 2257
память: 513.4 МБ (символ 110/391; предел 1200)
хранилище: архив b1/book/SPORTFUNUSDT/2026-08-16.tar не распакован: [Errno 2] No such file or directory: '/root/algoth_v2/research/b1_book/out/cache/book/SPORTFUNUSDT/2026-08-16-00.jsonl.gz.tmp' -> '/root/algoth_v2/research/b1_book/out/cache/book/SPORTFUNUSDT/2026-08-16-00.jsonl.gz'
  символ 112/391  решений 2286
хранилище: архив b1/trades/XAIUSDT/2026-08-15.tar не распакован: [Errno 2] No such file or directory: '/root/algoth_v2/research/b1_book/out/cache/trades/XAIUSDT/2026-08-15-04.jsonl.gz.tmp' -> '/root/algoth_v2/research/b1_book/out/cache/trades/XAIUSDT/2026-08-15-04.jsonl.gz'
хранилище: архив b1/trades/XAIUSDT/2026-08-26.tar не распакован: [Errno 2] No such file or directory: '/root/algoth_v2/research/b1_book/out/cache/trades/XAIUSDT/2026-08-26-00.jsonl.gz.tmp' -> '/root/algoth_v2/research/b1_book/out/cache/trades/XAIUSDT/2026-08-26-00.jsonl.gz'
хранилище: архив b1/trades/XAIUSDT/2026-08-29.tar не распакован: [Errno 2] No such file or directory: '/root/algoth_v2/research/b1_book/out/cache/trades/XAIUSDT/2026-08-29-00.jsonl.gz.tmp' -> '/root/algoth_v2/research/b1_book/out/cache/trades/XAIUSDT/2026-08-29-00.jsonl.gz'
кэш хранилища: снято 8734 файлов, осталось 1.80 ГБ при пределе 2
  символ 115/391  решений 2341
  символ 119/391  решений 2359
хранилище: архив b1/trades/B3USDT/2026-08-27.tar не распакован: [Errno 2] No such file or directory: '/root/algoth_v2/research/b1_book/out/cache/trades/B3USDT/2026-08-27-15.jsonl.gz.tmp' -> '/root/algoth_v2/research/b1_book/out/cache/trades/B3USDT/2026-08-27-15.jsonl.gz'
хранилище: архив b1/trades/B3USDT/2026-08-29.tar не распакован: [Errno 2] No such file or directory: '/root/algoth_v2/research/b1_book/out/cache/trades/B3USDT/2026-08-29-00.jsonl.gz.tmp' -> '/root/algoth_v2/research/b1_book/out/cache/trades/B3USDT/2026-08-29-00.jsonl.gz'
память: 518.6 МБ (символ 120/391; предел 1200)
  символ 123/391  решений 2402
хранилище: архив b1/trades/ALLOUSDT/2026-08-22.tar не распакован: [Errno 2] No such file or directory: '/root/algoth_v2/research/b1_book/out/cache/trades/ALLOUSDT/2026-08-22-00.jsonl.gz.tmp' -> '/root/algoth_v2/research/b1_book/out/cache/trades/ALLOUSDT/2026-08-22-00.jsonl.gz'
хранилище: архив b1/trades/ALLOUSDT/2026-09-01.tar не распакован: [Errno 2] No such file or directory: '/root/algoth_v2/research/b1_book/out/cache/trades/ALLOUSDT/2026-09-01-00.jsonl.gz.tmp' -> '/root/algoth_v2/research/b1_book/out/cache/trades/ALLOUSDT/2026-09-01-00.jsonl.gz'
хранилище: архив b1/trades/ALLOUSDT/2026-09-06.tar не распакован: [Errno 2] No such file or directory: '/root/algoth_v2/research/b1_book/out/cache/trades/ALLOUSDT/2026-09-06-08.jsonl.gz.tmp' -> '/root/algoth_v2/research/b1_book/out/cache/trades/ALLOUSDT/2026-09-06-08.jsonl.gz'
хранилище: архив b1/trades/1000RATSUSDT/2026-08-22.tar не распакован: [Errno 2] No such file or directory: '/root/algoth_v2/research/b1_book/out/cache/trades/1000RATSUSDT/2026-08-22-00.jsonl.gz.tmp' -> '/root/algoth_v2/research/b1_book/out/cache/trades/1000RATSUSDT/2026-08-22-00.jsonl.gz'
хранилище: архив b1/trades/ALPINEUSDT/2026-08-19.tar не распакован: [Errno 2] No such file or directory: '/root/algoth_v2/research/b1_book/out/cache/trades/ALPINEUSDT/2026-08-19-07.jsonl.gz.tmp' -> '/root/algoth_v2/research/b1_book/out/cache/trades/ALPINEUSDT/2026-08-19-07.jsonl.gz'
  символ 128/391  решений 2449
хранилище: архив b1/trades/ZESTUSDT/2026-09-07.tar не распакован: [Errno 2] No such file or directory: '/root/algoth_v2/research/b1_book/out/cache/trades/ZESTUSDT/2026-09-07-04.jsonl.gz.tmp' -> '/root/algoth_v2/research/b1_book/out/cache/trades/ZESTUSDT/2026-09-07-04.jsonl.gz'
хранилище: архив b1/trades/HANAUSDT/2026-08-25.tar не распакован: [Errno 2] No such file or directory: '/root/algoth_v2/research/b1_book/out/cache/trades/HANAUSDT/2026-08-25-00.jsonl.gz.tmp' -> '/root/algoth_v2/research/b1_book/out/cache/trades/HANAUSDT/2026-08-25-00.jsonl.gz'
память: 514.8 МБ (символ 130/391; предел 1200)
хранилище: архив b1/trades/OUSDT/2026-08-27.tar не распакован: [Errno 2] No such file or directory: '/root/algoth_v2/research/b1_book/out/cache/trades/OUSDT/2026-08-27-00.jsonl.gz.tmp' -> '/root/algoth_v2/research/b1_book/out/cache/trades/OUSDT/2026-08-27-00.jsonl.gz'
хранилище: архив b1/trades/OUSDT/2026-09-06.tar не распакован: [Errno 2] No such file or directory: '/root/algoth_v2/research/b1_book/out/cache/trades/OUSDT/2026-09-06-00.jsonl.gz.tmp' -> '/root/algoth_v2/research/b1_book/out/cache/trades/OUSDT/2026-09-06-00.jsonl.gz'
  символ 133/391  решений 2485
хранилище: архив b1/trades/SIGNUSDT/2026-08-18.tar не распакован: [Errno 2] No such file or directory: '/root/algoth_v2/research/b1_book/out/cache/trades/SIGNUSDT/2026-08-18-00.jsonl.gz.tmp' -> '/root/algoth_v2/research/b1_book/out/cache/trades/SIGNUSDT/2026-08-18-00.jsonl.gz'
память: 513.2 МБ (символ 140/391; предел 1200)
хранилище: архив b1/trades/MAGMAUSDT/2026-09-01.tar не распакован: [Errno 2] No such file or directory: '/root/algoth_v2/research/b1_book/out/cache/trades/MAGMAUSDT/2026-09-01-00.jsonl.gz.tmp' -> '/root/algoth_v2/research/b1_book/out/cache/trades/MAGMAUSDT/2026-09-01-00.jsonl.gz'
хранилище: архив b1/trades/MAGMAUSDT/2026-09-09.tar не распакован: [Errno 2] No such file or directory: '/root/algoth_v2/research/b1_book/out/cache/trades/MAGMAUSDT/2026-09-09-00.jsonl.gz.tmp' -> '/root/algoth_v2/research/b1_book/out/cache/trades/MAGMAUSDT/2026-09-09-00.jsonl.gz'
  символ 141/391  решений 2571
хранилище: архив b1/trades/HYPEUSDT/2026-08-19.tar не распакован: [Errno 2] No such file or directory: '/root/algoth_v2/research/b1_book/out/cache/trades/HYPEUSDT/2026-08-19-19.jsonl.gz.tmp' -> '/root/algoth_v2/research/b1_book/out/cache/trades/HYPEUSDT/2026-08-19-19.jsonl.gz'
кэш хранилища: снято 3494 файлов, осталось 1.80 ГБ при пределе 2
  символ 142/391  решений 2575
хранилище: архив b1/trades/METUSDT/2026-08-26.tar не распакован: [Errno 2] No such file or directory: '/root/algoth_v2/research/b1_book/out/cache/trades/METUSDT/2026-08-26-00.jsonl.gz.tmp' -> '/root/algoth_v2/research/b1_book/out/cache/trades/METUSDT/2026-08-26-00.jsonl.gz'
хранилище: архив b1/trades/KODEX200USDT/2026-08-19.tar не распакован: [Errno 2] No such file or directory: '/root/algoth_v2/research/b1_book/out/cache/trades/KODEX200USDT/2026-08-19-00.jsonl.gz.tmp' -> '/root/algoth_v2/research/b1_book/out/cache/trades/KODEX200USDT/2026-08-19-00.jsonl.gz'
  символ 149/391  решений 2643
память: 513.4 МБ (символ 150/391; предел 1200)
хранилище: архив b1/trades/ASTERUSDT/2026-08-21.tar не распакован: [Errno 2] No such file or directory: '/root/algoth_v2/research/b1_book/out/cache/trades/ASTERUSDT/2026-08-21-04.jsonl.gz.tmp' -> '/root/algoth_v2/research/b1_book/out/cache/trades/ASTERUSDT/2026-08-21-04.jsonl.gz'
хранилище: архив b1/trades/EDGEUSDT/2026-08-29.tar не распакован: [Errno 2] No such file or directory: '/root/algoth_v2/research/b1_book/out/cache/trades/EDGEUSDT/2026-08-29-00.jsonl.gz.tmp' -> '/root/algoth_v2/research/b1_book/out/cache/trades/EDGEUSDT/2026-08-29-00.jsonl.gz'
хранилище: архив b1/trades/1000PEPEUSDT/2026-08-29.tar не распакован: [Errno 2] No such file or directory: '/root/algoth_v2/research/b1_book/out/cache/trades/1000PEPEUSDT/2026-08-29-00.jsonl.gz.tmp' -> '/root/algoth_v2/research/b1_book/out/cache/trades/1000PEPEUSDT/2026-08-29-00.jsonl.gz'
хранилище: архив b1/trades/1000PEPEUSDT/2026-08-30.tar не распакован: [Errno 2] No such file or directory: '/root/algoth_v2/research/b1_book/out/cache/trades/1000PEPEUSDT/2026-08-30-06.jsonl.gz.tmp' -> '/root/algoth_v2/research/b1_book/out/cache/trades/1000PEPEUSDT/2026-08-30-06.jsonl.gz'
хранилище: архив b1/trades/1000PEPEUSDT/2026-09-03.tar не распакован: [Errno 2] No such file or directory: '/root/algoth_v2/research/b1_book/out/cache/trades/1000PEPEUSDT/2026-09-03-14.jsonl.gz.tmp' -> '/root/algoth_v2/research/b1_book/out/cache/trades/1000PEPEUSDT/2026-09-03-14.jsonl.gz'
хранилище: архив b1/trades/1000PEPEUSDT/2026-09-10.tar не распакован: [Errno 2] No such file or directory: '/root/algoth_v2/research/b1_book/out/cache/trades/1000PEPEUSDT/2026-09-10-01.jsonl.gz.tmp' -> '/root/algoth_v2/research/b1_book/out/cache/trades/1000PEPEUSDT/2026-09-10-01.jsonl.gz'
  символ 153/391  решений 2658
хранилище: архив b1/trades/BIOUSDT/2026-09-11.tar не распакован: [Errno 2] No such file or directory: '/root/algoth_v2/research/b1_book/out/cache/trades/BIOUSDT/2026-09-11-01.jsonl.gz.tmp' -> '/root/algoth_v2/research/b1_book/out/cache/trades/BIOUSDT/2026-09-11-01.jsonl.gz'
хранилище: архив b1/trades/MONUSDT/2026-09-11.tar не распакован: [Errno 2] No such file or directory: '/root/algoth_v2/research/b1_book/out/cache/trades/MONUSDT/2026-09-11-05.jsonl.gz.tmp' -> '/root/algoth_v2/research/b1_book/out/cache/trades/MONUSDT/2026-09-11-05.jsonl.gz'
хранилище: архив b1/trades/MONUSDT/2026-09-28.tar не распакован: [Errno 2] No such file or directory: '/root/algoth_v2/research/b1_book/out/cache/trades/MONUSDT/2026-09-28-06.jsonl.gz.tmp' -> '/root/algoth_v2/research/b1_book/out/cache/trades/MONUSDT/2026-09-28-06.jsonl.gz'
  символ 155/391  решений 2669
хранилище: архив b1/book/ORDIUSDT/2026-08-21.tar не распакован: [Errno 2] No such file or directory: '/root/algoth_v2/research/b1_book/out/cache/book/ORDIUSDT/2026-08-21-08.jsonl.gz.tmp' -> '/root/algoth_v2/research/b1_book/out/cache/book/ORDIUSDT/2026-08-21-08.jsonl.gz'
хранилище: архив b1/trades/PUMPFUNUSDT/2026-08-24.tar не распакован: [Errno 2] No such file or directory: '/root/algoth_v2/research/b1_book/out/cache/trades/PUMPFUNUSDT/2026-08-24-01.jsonl.gz.tmp' -> '/root/algoth_v2/research/b1_book/out/cache/trades/PUMPFUNUSDT/2026-08-24-01.jsonl.gz'
  символ 158/391  решений 2695
кэш хранилища: снято 7567 файлов, осталось 1.80 ГБ при пределе 2
память: 513.4 МБ (символ 160/391; предел 1200)
хранилище: архив b1/trades/UNITREEUSDT/2026-08-29.tar не распакован: [Errno 2] No such file or directory: '/root/algoth_v2/research/b1_book/out/cache/trades/UNITREEUSDT/2026-08-29-04.jsonl.gz.tmp' -> '/root/algoth_v2/research/b1_book/out/cache/trades/UNITREEUSDT/2026-08-29-04.jsonl.gz'
  символ 162/391  решений 2743
хранилище: архив b1/trades/CRVUSDT/2026-08-22.tar не распакован: [Errno 2] No such file or directory: '/root/algoth_v2/research/b1_book/out/cache/trades/CRVUSDT/2026-08-22-00.jsonl.gz.tmp' -> '/root/algoth_v2/research/b1_book/out/cache/trades/CRVUSDT/2026-08-22-00.jsonl.gz'
  символ 165/391  решений 2761
хранилище: архив b1/trades/USELESSUSDT/2026-09-09.tar не распакован: [Errno 2] No such file or directory: '/root/algoth_v2/research/b1_book/out/cache/trades/USELESSUSDT/2026-09-09-09.jsonl.gz.tmp' -> '/root/algoth_v2/research/b1_book/out/cache/trades/USELESSUSDT/2026-09-09-09.jsonl.gz'
  символ 167/391  решений 2780
хранилище: архив b1/trades/MAGSUSDT/2026-09-06.tar не распакован: [Errno 2] No such file or directory: '/root/algoth_v2/research/b1_book/out/cache/trades/MAGSUSDT/2026-09-06-12.jsonl.gz.tmp' -> '/root/algoth_v2/research/b1_book/out/cache/trades/MAGSUSDT/2026-09-06-12.jsonl.gz'
память: 514.4 МБ (символ 170/391; предел 1200)
хранилище: архив b1/trades/GALAUSDT/2026-08-20.tar не распакован: [Errno 2] No such file or directory: '/root/algoth_v2/research/b1_book/out/cache/trades/GALAUSDT/2026-08-20-00.jsonl.gz.tmp' -> '/root/algoth_v2/research/b1_book/out/cache/trades/GALAUSDT/2026-08-20-00.jsonl.gz'
хранилище: архив b1/book/GALAUSDT/2026-08-22.tar не распакован: [Errno 2] No such file or directory: '/root/algoth_v2/research/b1_book/out/cache/book/GALAUSDT/2026-08-22-02.jsonl.gz.tmp' -> '/root/algoth_v2/research/b1_book/out/cache/book/GALAUSDT/2026-08-22-02.jsonl.gz'
кэш хранилища: снято 2023 файлов, осталось 1.80 ГБ при пределе 2
хранилище: архив b1/trades/MOVEUSDT/2026-08-28.tar не распакован: [Errno 2] No such file or directory: '/root/algoth_v2/research/b1_book/out/cache/trades/MOVEUSDT/2026-08-28-00.jsonl.gz.tmp' -> '/root/algoth_v2/research/b1_book/out/cache/trades/MOVEUSDT/2026-08-28-00.jsonl.gz'
хранилище: архив b1/trades/MOVEUSDT/2026-09-10.tar не распакован: [Errno 2] No such file or directory: '/root/algoth_v2/research/b1_book/out/cache/trades/MOVEUSDT/2026-09-10-00.jsonl.gz.tmp' -> '/root/algoth_v2/research/b1_book/out/cache/trades/MOVEUSDT/2026-09-10-00.jsonl.gz'
  символ 177/391  решений 2860
хранилище: архив b1/trades/MELANIAUSDT/2026-08-21.tar не распакован: [Errno 2] No such file or directory: '/root/algoth_v2/research/b1_book/out/cache/trades/MELANIAUSDT/2026-08-21-00.jsonl.gz.tmp' -> '/root/algoth_v2/research/b1_book/out/cache/trades/MELANIAUSDT/2026-08-21-00.jsonl.gz'
память: 514.4 МБ (символ 180/391; предел 1200)
хранилище: архив b1/trades/POWRUSDT/2026-09-01.tar не распакован: [Errno 2] No such file or directory: '/root/algoth_v2/research/b1_book/out/cache/trades/POWRUSDT/2026-09-01-00.jsonl.gz.tmp' -> '/root/algoth_v2/research/b1_book/out/cache/trades/POWRUSDT/2026-09-01-00.jsonl.gz'
  символ 185/391  решений 2931
хранилище: архив b1/trades/TACUSDT/2026-08-24.tar не распакован: [Errno 2] No such file or directory: '/root/algoth_v2/research/b1_book/out/cache/trades/TACUSDT/2026-08-24-00.jsonl.gz.tmp' -> '/root/algoth_v2/research/b1_book/out/cache/trades/TACUSDT/2026-08-24-00.jsonl.gz'
хранилище: архив b1/trades/GENIUSUSDT/2026-08-27.tar не распакован: [Errno 2] No such file or directory: '/root/algoth_v2/research/b1_book/out/cache/trades/GENIUSUSDT/2026-08-27-05.jsonl.gz.tmp' -> '/root/algoth_v2/research/b1_book/out/cache/trades/GENIUSUSDT/2026-08-27-05.jsonl.gz'
хранилище: архив b1/trades/GENIUSUSDT/2026-09-08.tar не распакован: [Errno 2] No such file or directory: '/root/algoth_v2/research/b1_book/out/cache/trades/GENIUSUSDT/2026-09-08-00.jsonl.gz.tmp' -> '/root/algoth_v2/research/b1_book/out/cache/trades/GENIUSUSDT/2026-09-08-00.jsonl.gz'
  символ 189/391  решений 3017
память: 514.4 МБ (символ 190/391; предел 1200)
хранилище: архив b1/trades/WAVESUSDT/2026-09-04.tar не распакован: [Errno 2] No such file or directory: '/root/algoth_v2/research/b1_book/out/cache/trades/WAVESUSDT/2026-09-04-11.jsonl.gz.tmp' -> '/root/algoth_v2/research/b1_book/out/cache/trades/WAVESUSDT/2026-09-04-11.jsonl.gz'
хранилище: архив b1/trades/FFUSDT/2026-08-27.tar не распакован: [Errno 2] No such file or directory: '/root/algoth_v2/research/b1_book/out/cache/trades/FFUSDT/2026-08-27-00.jsonl.gz.tmp' -> '/root/algoth_v2/research/b1_book/out/cache/trades/FFUSDT/2026-08-27-00.jsonl.gz'
  символ 192/391  решений 3028
хранилище: архив b1/trades/FIGHTUSDT/2026-08-27.tar не распакован: [Errno 2] No such file or directory: '/root/algoth_v2/research/b1_book/out/cache/trades/FIGHTUSDT/2026-08-27-00.jsonl.gz.tmp' -> '/root/algoth_v2/research/b1_book/out/cache/trades/FIGHTUSDT/2026-08-27-00.jsonl.gz'
хранилище: архив b1/trades/FIGHTUSDT/2026-09-12.tar не распакован: [Errno 2] No such file or directory: '/root/algoth_v2/research/b1_book/out/cache/trades/FIGHTUSDT/2026-09-12-00.jsonl.gz.tmp' -> '/root/algoth_v2/research/b1_book/out/cache/trades/FIGHTUSDT/2026-09-12-00.jsonl.gz'
хранилище: архив b1/trades/XPLUSDT/2026-08-25.tar не распакован: [Errno 2] No such file or directory: '/root/algoth_v2/research/b1_book/out/cache/trades/XPLUSDT/2026-08-25-03.jsonl.gz.tmp' -> '/root/algoth_v2/research/b1_book/out/cache/trades/XPLUSDT/2026-08-25-03.jsonl.gz'
хранилище: архив b1/trades/XPLUSDT/2026-09-10.tar не распакован: [Errno 2] No such file or directory: '/root/algoth_v2/research/b1_book/out/cache/trades/XPLUSDT/2026-09-10-00.jsonl.gz.tmp' -> '/root/algoth_v2/research/b1_book/out/cache/trades/XPLUSDT/2026-09-10-00.jsonl.gz'
  символ 197/391  решений 3047
хранилище: архив b1/trades/BOBAUSDT/2026-08-29.tar не распакован: [Errno 2] No such file or directory: '/root/algoth_v2/research/b1_book/out/cache/trades/BOBAUSDT/2026-08-29-13.jsonl.gz.tmp' -> '/root/algoth_v2/research/b1_book/out/cache/trades/BOBAUSDT/2026-08-29-13.jsonl.gz'
хранилище: архив b1/trades/BOBAUSDT/2026-09-01.tar не распакован: [Errno 2] No such file or directory: '/root/algoth_v2/research/b1_book/out/cache/trades/BOBAUSDT/2026-09-01-00.jsonl.gz.tmp' -> '/root/algoth_v2/research/b1_book/out/cache/trades/BOBAUSDT/2026-09-01-00.jsonl.gz'
хранилище: архив b1/trades/BOBAUSDT/2026-09-04.tar не распакован: [Errno 2] No such file or directory: '/root/algoth_v2/research/b1_book/out/cache/trades/BOBAUSDT/2026-09-04-00.jsonl.gz.tmp' -> '/root/algoth_v2/research/b1_book/out/cache/trades/BOBAUSDT/2026-09-04-00.jsonl.gz'
хранилище: архив b1/trades/LYNUSDT/2026-09-01.tar не распакован: [Errno 2] No such file or directory: '/root/algoth_v2/research/b1_book/out/cache/trades/LYNUSDT/2026-09-01-20.jsonl.gz.tmp' -> '/root/algoth_v2/research/b1_book/out/cache/trades/LYNUSDT/2026-09-01-20.jsonl.gz'
память: 514.4 МБ (символ 200/391; предел 1200)
  символ 201/391  решений 3064
кэш хранилища: снято 6081 файлов, осталось 1.80 ГБ при пределе 2
  символ 205/391  решений 3085
хранилище: архив b1/trades/SUPERUSDT/2026-09-01.tar не распакован: [Errno 2] No such file or directory: '/root/algoth_v2/research/b1_book/out/cache/trades/SUPERUSDT/2026-09-01-00.jsonl.gz.tmp' -> '/root/algoth_v2/research/b1_book/out/cache/trades/SUPERUSDT/2026-09-01-00.jsonl.gz'
хранилище: архив b1/trades/SUPERUSDT/2026-09-07.tar не распакован: [Errno 2] No such file or directory: '/root/algoth_v2/research/b1_book/out/cache/trades/SUPERUSDT/2026-09-07-00.jsonl.gz.tmp' -> '/root/algoth_v2/research/b1_book/out/cache/trades/SUPERUSDT/2026-09-07-00.jsonl.gz'
память: 514.4 МБ (символ 210/391; предел 1200)
хранилище: архив b1/trades/RAMUSDT/2026-09-01.tar не распакован: [Errno 2] No such file or directory: '/root/algoth_v2/research/b1_book/out/cache/trades/RAMUSDT/2026-09-01-00.jsonl.gz.tmp' -> '/root/algoth_v2/research/b1_book/out/cache/trades/RAMUSDT/2026-09-01-00.jsonl.gz'
хранилище: архив b1/trades/SOMIUSDT/2026-09-06.tar не распакован: [Errno 2] No such file or directory: '/root/algoth_v2/research/b1_book/out/cache/trades/SOMIUSDT/2026-09-06-00.jsonl.gz.tmp' -> '/root/algoth_v2/research/b1_book/out/cache/trades/SOMIUSDT/2026-09-06-00.jsonl.gz'
  символ 215/391  решений 3181
хранилище: архив b1/trades/BNTUSDT/2026-08-27.tar не распакован: [Errno 2] No such file or directory: '/root/algoth_v2/research/b1_book/out/cache/trades/BNTUSDT/2026-08-27-00.jsonl.gz.tmp' -> '/root/algoth_v2/research/b1_book/out/cache/trades/BNTUSDT/2026-08-27-00.jsonl.gz'
хранилище: архив b1/trades/BLASTUSDT/2026-08-26.tar не распакован: [Errno 2] No such file or directory: '/root/algoth_v2/research/b1_book/out/cache/trades/BLASTUSDT/2026-08-26-00.jsonl.gz.tmp' -> '/root/algoth_v2/research/b1_book/out/cache/trades/BLASTUSDT/2026-08-26-00.jsonl.gz'
хранилище: архив b1/trades/BLASTUSDT/2026-08-28.tar не распакован: [Errno 2] No such file or directory: '/root/algoth_v2/research/b1_book/out/cache/trades/BLASTUSDT/2026-08-28-00.jsonl.gz.tmp' -> '/root/algoth_v2/research/b1_book/out/cache/trades/BLASTUSDT/2026-08-28-00.jsonl.gz'
хранилище: архив b1/trades/BLASTUSDT/2026-08-30.tar не распакован: [Errno 2] No such file or directory: '/root/algoth_v2/research/b1_book/out/cache/trades/BLASTUSDT/2026-08-30-10.jsonl.gz.tmp' -> '/root/algoth_v2/research/b1_book/out/cache/trades/BLASTUSDT/2026-08-30-10.jsonl.gz'
хранилище: архив b1/trades/MOVRUSDT/2026-09-04.tar не распакован: [Errno 2] No such file or directory: '/root/algoth_v2/research/b1_book/out/cache/trades/MOVRUSDT/2026-09-04-19.jsonl.gz.tmp' -> '/root/algoth_v2/research/b1_book/out/cache/trades/MOVRUSDT/2026-09-04-19.jsonl.gz'
хранилище: архив b1/trades/MOVRUSDT/2026-09-05.tar не распакован: [Errno 2] No such file or directory: '/root/algoth_v2/research/b1_book/out/cache/trades/MOVRUSDT/2026-09-05-00.jsonl.gz.tmp' -> '/root/algoth_v2/research/b1_book/out/cache/trades/MOVRUSDT/2026-09-05-00.jsonl.gz'
  символ 220/391  решений 3240
память: 514.4 МБ (символ 220/391; предел 1200)
хранилище: архив b1/trades/BEAMUSDT/2026-08-26.tar не распакован: [Errno 2] No such file or directory: '/root/algoth_v2/research/b1_book/out/cache/trades/BEAMUSDT/2026-08-26-00.jsonl.gz.tmp' -> '/root/algoth_v2/research/b1_book/out/cache/trades/BEAMUSDT/2026-08-26-00.jsonl.gz'
хранилище: архив b1/trades/BEAMUSDT/2026-09-03.tar не распакован: [Errno 2] No such file or directory: '/root/algoth_v2/research/b1_book/out/cache/trades/BEAMUSDT/2026-09-03-00.jsonl.gz.tmp' -> '/root/algoth_v2/research/b1_book/out/cache/trades/BEAMUSDT/2026-09-03-00.jsonl.gz'
хранилище: архив b1/trades/SKRUSDT/2026-08-29.tar не распакован: [Errno 2] No such file or directory: '/root/algoth_v2/research/b1_book/out/cache/trades/SKRUSDT/2026-08-29-22.jsonl.gz.tmp' -> '/root/algoth_v2/research/b1_book/out/cache/trades/SKRUSDT/2026-08-29-22.jsonl.gz'
  символ 225/391  решений 3262
хранилище: архив b1/trades/TMXUSDT/2026-09-11.tar не распакован: [Errno 2] No such file or directory: '/root/algoth_v2/research/b1_book/out/cache/trades/TMXUSDT/2026-09-11-00.jsonl.gz.tmp' -> '/root/algoth_v2/research/b1_book/out/cache/trades/TMXUSDT/2026-09-11-00.jsonl.gz'
  символ 227/391  решений 3417
хранилище: архив b1/trades/MSTUUSDT/2026-08-30.tar не распакован: [Errno 2] No such file or directory: '/root/algoth_v2/research/b1_book/out/cache/trades/MSTUUSDT/2026-08-30-00.jsonl.gz.tmp' -> '/root/algoth_v2/research/b1_book/out/cache/trades/MSTUUSDT/2026-08-30-00.jsonl.gz'
хранилище: архив b1/trades/MSTUUSDT/2026-09-10.tar не распакован: [Errno 2] No such file or directory: '/root/algoth_v2/research/b1_book/out/cache/trades/MSTUUSDT/2026-09-10-00.jsonl.gz.tmp' -> '/root/algoth_v2/research/b1_book/out/cache/trades/MSTUUSDT/2026-09-10-00.jsonl.gz'
хранилище: архив b1/trades/OPGUSDT/2026-08-28.tar не распакован: [Errno 2] No such file or directory: '/root/algoth_v2/research/b1_book/out/cache/trades/OPGUSDT/2026-08-28-07.jsonl.gz.tmp' -> '/root/algoth_v2/research/b1_book/out/cache/trades/OPGUSDT/2026-08-28-07.jsonl.gz'
хранилище: архив b1/trades/MCDUSDT/2026-09-02.tar не распакован: [Errno 2] No such file or directory: '/root/algoth_v2/research/b1_book/out/cache/trades/MCDUSDT/2026-09-02-00.jsonl.gz.tmp' -> '/root/algoth_v2/research/b1_book/out/cache/trades/MCDUSDT/2026-09-02-00.jsonl.gz'
память: 514.4 МБ (символ 230/391; предел 1200)
кэш хранилища: снято 6654 файлов, осталось 1.80 ГБ при пределе 2
хранилище: архив b1/trades/HNTUSDT/2026-09-11.tar не распакован: [Errno 2] No such file or directory: '/root/algoth_v2/research/b1_book/out/cache/trades/HNTUSDT/2026-09-11-00.jsonl.gz.tmp' -> '/root/algoth_v2/research/b1_book/out/cache/trades/HNTUSDT/2026-09-11-00.jsonl.gz'
  символ 235/391  решений 3523
хранилище: архив b1/trades/UBUSDT/2026-08-28.tar не распакован: [Errno 2] No such file or directory: '/root/algoth_v2/research/b1_book/out/cache/trades/UBUSDT/2026-08-28-04.jsonl.gz.tmp' -> '/root/algoth_v2/research/b1_book/out/cache/trades/UBUSDT/2026-08-28-04.jsonl.gz'
хранилище: архив b1/trades/NILUSDT/2026-09-07.tar не распакован: [Errno 2] No such file or directory: '/root/algoth_v2/research/b1_book/out/cache/trades/NILUSDT/2026-09-07-00.jsonl.gz.tmp' -> '/root/algoth_v2/research/b1_book/out/cache/trades/NILUSDT/2026-09-07-00.jsonl.gz'
память: 513.4 МБ (символ 240/391; предел 1200)
хранилище: архив b1/book/ZKPUSDT/2026-09-01.tar не распакован: [Errno 2] No such file or directory: '/root/algoth_v2/research/b1_book/out/cache/book/ZKPUSDT/2026-09-01-22.jsonl.gz.tmp' -> '/root/algoth_v2/research/b1_book/out/cache/book/ZKPUSDT/2026-09-01-22.jsonl.gz'
хранилище: архив b1/trades/ERAUSDT/2026-08-30.tar не распакован: [Errno 2] No such file or directory: '/root/algoth_v2/research/b1_book/out/cache/trades/ERAUSDT/2026-08-30-00.jsonl.gz.tmp' -> '/root/algoth_v2/research/b1_book/out/cache/trades/ERAUSDT/2026-08-30-00.jsonl.gz'
хранилище: архив b1/trades/ERAUSDT/2026-08-31.tar не распакован: [Errno 2] No such file or directory: '/root/algoth_v2/research/b1_book/out/cache/trades/ERAUSDT/2026-08-31-00.jsonl.gz.tmp' -> '/root/algoth_v2/research/b1_book/out/cache/trades/ERAUSDT/2026-08-31-00.jsonl.gz'
хранилище: архив b1/book/ERAUSDT/2026-09-01.tar не распакован: [Errno 2] No such file or directory: '/root/algoth_v2/research/b1_book/out/cache/book/ERAUSDT/2026-09-01-15.jsonl.gz.tmp' -> '/root/algoth_v2/research/b1_book/out/cache/book/ERAUSDT/2026-09-01-15.jsonl.gz'
  символ 246/391  решений 3558
хранилище: архив b1/trades/PONSUSDT/2026-09-11.tar не распакован: [Errno 2] No such file or directory: '/root/algoth_v2/research/b1_book/out/cache/trades/PONSUSDT/2026-09-11-00.jsonl.gz.tmp' -> '/root/algoth_v2/research/b1_book/out/cache/trades/PONSUSDT/2026-09-11-00.jsonl.gz'
  символ 248/391  решений 3811
хранилище: архив b1/trades/TEMUSDT/2026-08-31.tar не распакован: [Errno 2] No such file or directory: '/root/algoth_v2/research/b1_book/out/cache/trades/TEMUSDT/2026-08-31-22.jsonl.gz.tmp' -> '/root/algoth_v2/research/b1_book/out/cache/trades/TEMUSDT/2026-08-31-22.jsonl.gz'
память: 513.4 МБ (символ 250/391; предел 1200)
кэш хранилища: снято 4632 файлов, осталось 1.80 ГБ при пределе 2
