== задание tail-full2 ==
строка: run research/dca_paper/tail_screen.py
начало: 2026-09-13T00:01:51Z
запускаю: .venv/bin/python research/dca_paper/tail_screen.py 
h24/gbm: часов 668, коротких выборов 2004, ног под краем 1994, отброшено (нет полей / знак) 10
h24/nn: часов 668, коротких выборов 2004, ног под краем 1862, отброшено (нет полей / знак) 130
ног обеих рук: 3856
safe_s: сделок 3288, хвостовых 89 (2.7 %)
optimal_s: сделок 3296, хвостовых 625 (19.0 %)
# Портрет хвоста коротких книг: что общего у минусовых сделок

Просьба владельца 2026-09-12: найти, что общего у минусовых сделок по стакану, ленте и объёмам — в момент входа и до него. **Это скрин, а не замер правила.** Хвост объявлен до просмотра (выход пол или ликвидация), признаков 31, у каждого перестановочный нуль (200 перестановок меток). Ожидаемое число ложных находок на уровне 1/200 при 31 признаках × 2 полосы × 2 линейки — около 0.6. Жирным — признаки, у которых ни одна перестановка не дала такого разрыва; правилом и они не становятся, а идут кандидатами в одну объявленную ось с контролем случайной выборкой.

Сводок стакана на моменты решений: {'есть сводка': 161250, 'нет сводки': 3350}. Признак без записи в сделке не участвует — число таких сделок стоит в скобках рядом с каждым признаком.

**Как читать разрыв.** Сделки делятся на пять квинтилей по признаку; печатается доля хвоста в нижнем и верхнем и их разность в процентных пунктах. Знак говорит, на каком конце хвост чаще. «Доля перестановок не меньше» — сколько из случайных перемешиваний меток дали разрыв такой же или больше: 50 % значит «как монетка».

## безопасная (шорт) (`safe_s`)

Сделок 3288, хвостовых 89 (2.7 %); в полосе плеча ≥ 15× сделок 341, хвостовых 65.

### Все сделки

| признак | откуда | сделок (без признака) | медиана хвоста | медиана остальных | хвост в нижнем квинтиле | в верхнем | разрыв | доля перестановок не меньше |
|---|---|--:|--:|--:|--:|--:|--:|--:|
| **плечо** | позиция | 3288 (0) | 25 | 1 | 0.0 % | 13.2 % | +13.2 п.п. | 0.0 % |
| **объём часа к своей суточной медиане** | до входа | 3288 (0) | 5.73 | 1.61 | 0.8 % | 6.1 % | +5.3 п.п. | 0.0 % |
| **ход цены за 6 ч, б.п.** | до входа | 3260 (28) | 854 | 143 | 0.8 % | 5.5 % | +4.8 п.п. | 0.0 % |
| **ход цены за 1 ч, б.п.** | до входа | 3288 (0) | 240 | 15.9 | 1.4 % | 5.3 % | +4.0 п.п. | 0.0 % |
| **размах за 24 ч, б.п.** | до входа | 3225 (63) | 2242 | 2967 | 3.4 % | 0.0 % | -3.4 п.п. | 0.0 % |
| **ход цены за 24 ч, б.п.** | до входа | 3135 (153) | 2208 | 766 | 0.6 % | 3.8 % | +3.2 п.п. | 0.0 % |
| **новизна вектора признаков** | модель | 3288 (0) | 0.064 | 0.048 | 1.7 % | 4.7 % | +3.0 п.п. | 0.0 % |
| **доллары у лучшей цены своей стороны** | стакан | 3288 (0) | 79.7 | 53.7 | 1.5 % | 4.6 % | +3.0 п.п. | 0.0 % |
| **принудительно продано лонгов за час, $** | площадка | 3288 (0) | 1311 | 102 | 1.2 % | 4.3 % | +3.0 п.п. | 0.0 % |
| **изменение интереса за 24 ч, доля** | до входа | 3135 (153) | 0.612 | 0.249 | 0.6 % | 3.2 % | +2.6 п.п. | 0.5 % |
| пик объёма за секунду | лента | 3288 (0) | 44052 | 32537 | 1.4 % | 3.8 % | +2.4 п.п. | 1.0 % |
| медианный крупный принт, $ | лента | 3288 (0) | 2165 | 1502 | 1.4 % | 3.5 % | +2.1 п.п. | 3.0 % |
| размах часа, б.п. | цена | 3288 (0) | 769 | 601 | 1.8 % | 3.8 % | +2.0 п.п. | 2.5 % |
| обновлений стакана в секунду | стакан | 3288 (0) | 26 | 22 | 1.5 % | 3.3 % | +1.8 п.п. | 2.5 % |
| ожидаемый ход против, б.п. | модель | 3288 (0) | 1560 | 1412 | 1.5 % | 3.3 % | +1.8 п.п. | 5.5 % |
| перекос покупок к продажам, −1…+1 | лента | 3286 (2) | -0.0117 | 0.00212 | 2.9 % | 1.4 % | -1.5 п.п. | 7.0 % |
| съедаемая глубина своей стороны, $ | стакан | 3288 (0) | 443 | 366 | 2.0 % | 3.3 % | +1.4 п.п. | 12.5 % |
| открытый интерес, $ | площадка | 3288 (0) | 2,178,269 | 2,708,363 | 1.8 % | 3.2 % | +1.4 п.п. | 14.0 % |
| выкуплено шортов за 24 ч, $ | до входа | 3225 (63) | 6976 | 20791 | 2.8 % | 1.6 % | -1.2 п.п. | 25.0 % |
| принудительно выкуплено шортов за час, $ | площадка | 3288 (0) | 403 | 71.9 | 1.8 % | 2.7 % | +0.9 п.п. | 31.0 % |
| сделок за час | лента | 3288 (0) | 24760 | 17840 | 1.4 % | 2.3 % | +0.9 п.п. | 27.0 % |
| |прогноз|, б.п. | модель | 3288 (0) | 665 | 739 | 3.6 % | 2.7 % | -0.9 п.п. | 32.5 % |
| час суток входа, UTC | позиция | 3288 (0) | 13 | 12 | 1.5 % | 2.3 % | +0.8 п.п. | 39.5 % |
| ставка funding | площадка | 3288 (0) | 5e-05 | 5e-05 | 2.6 % | 1.8 % | -0.8 п.п. | 46.5 % |
| базис к индексу, б.п. | площадка | 3288 (0) | -0.618 | 0 | 2.6 % | 3.0 % | +0.5 п.п. | 58.5 % |
| спред к своей суточной медиане | до входа | 3288 (0) | 0.972 | 0.973 | 2.1 % | 2.6 % | +0.5 п.п. | 61.0 % |
| охват записи стакана, б.п. | стакан | 3288 (0) | 85.1 | 77 | 2.3 % | 2.0 % | -0.3 п.п. | 77.5 % |
| спред, б.п. | стакан | 3288 (0) | 7.78 | 6.56 | 2.4 % | 2.1 % | -0.3 п.п. | 78.0 % |
| отношение обещания к риску | модель | 3288 (0) | 0.915 | 0.967 | 2.3 % | 2.1 % | -0.1 п.п. | 88.5 % |
| бета к волне | модель | 0 (3288) | — | — | — | — | — | лист этих полей не несёт |
| прогноз в σ | модель | 0 (3288) | — | — | — | — | — | лист этих полей не несёт |

### Только плечо ≥ 15×

Хвост живёт на большом плече по построению — пол ближе. Признак, работающий и здесь, не есть переодетое плечо.

| признак | откуда | сделок (без признака) | медиана хвоста | медиана остальных | хвост в нижнем квинтиле | в верхнем | разрыв | доля перестановок не меньше |
|---|---|--:|--:|--:|--:|--:|--:|--:|
| **ожидаемый ход против, б.п.** | модель | 341 (0) | 1401 | 850 | 5.8 % | 35.3 % | +29.5 п.п. | 0.0 % |
| **размах часа, б.п.** | цена | 341 (0) | 622 | 414 | 1.4 % | 29.4 % | +28.0 п.п. | 0.0 % |
| **размах за 24 ч, б.п.** | до входа | 338 (3) | 1972 | 1403 | 5.9 % | 31.3 % | +25.5 п.п. | 0.0 % |
| **пик объёма за секунду** | лента | 341 (0) | 40475 | 19425 | 4.3 % | 27.9 % | +23.6 п.п. | 0.5 % |
| **принудительно продано лонгов за час, $** | площадка | 341 (0) | 1230 | 0 | 11.6 % | 32.4 % | +20.8 п.п. | 0.0 % |
| **объём часа к своей суточной медиане** | до входа | 341 (0) | 5.68 | 2.59 | 8.7 % | 29.4 % | +20.7 п.п. | 0.5 % |
| **открытый интерес, $** | площадка | 341 (0) | 2,119,383 | 1,518,921 | 4.3 % | 25.0 % | +20.7 п.п. | 0.5 % |
| **сделок за час** | лента | 341 (0) | 21620 | 8601 | 2.9 % | 23.5 % | +20.6 п.п. | 0.0 % |
| **новизна вектора признаков** | модель | 341 (0) | 0.064 | 0.0425 | 17.4 % | 36.8 % | +19.4 п.п. | 0.0 % |
| ход цены за 6 ч, б.п. | до входа | 341 (0) | 790 | 189 | 11.6 % | 30.9 % | +19.3 п.п. | 1.0 % |
| **обновлений стакана в секунду** | стакан | 341 (0) | 25 | 12 | 5.8 % | 25.0 % | +19.2 п.п. | 0.5 % |
| **охват записи стакана, б.п.** | стакан | 341 (0) | 87.3 | 112 | 23.2 % | 4.4 % | -18.8 п.п. | 0.5 % |
| **ход цены за 24 ч, б.п.** | до входа | 327 (14) | 1707 | 825 | 16.7 % | 35.4 % | +18.7 п.п. | 0.5 % |
| изменение интереса за 24 ч, доля | до входа | 327 (14) | 0.462 | 0.269 | 12.1 % | 29.2 % | +17.1 п.п. | 1.0 % |
| **выкуплено шортов за 24 ч, $** | до входа | 338 (3) | 6387 | 1043 | 10.3 % | 26.9 % | +16.6 п.п. | 0.5 % |
| принудительно выкуплено шортов за час, $ | площадка | 341 (0) | 500 | 0 | 13.0 % | 26.5 % | +13.4 п.п. | 5.0 % |
| час суток входа, UTC | позиция | 341 (0) | 13 | 10.5 | 7.2 % | 20.6 % | +13.3 п.п. | 4.5 % |
| спред, б.п. | стакан | 341 (0) | 7.68 | 7.98 | 23.2 % | 10.3 % | -12.9 п.п. | 9.5 % |
| съедаемая глубина своей стороны, $ | стакан | 341 (0) | 443 | 332 | 10.1 % | 20.6 % | +10.4 п.п. | 15.0 % |
| медианный крупный принт, $ | лента | 341 (0) | 2054 | 2000 | 10.1 % | 19.1 % | +9.0 п.п. | 19.0 % |
| спред к своей суточной медиане | до входа | 341 (0) | 0.994 | 1.01 | 21.7 % | 13.2 % | -8.5 п.п. | 24.0 % |
| отношение обещания к риску | модель | 341 (0) | 0.929 | 1.07 | 21.7 % | 13.2 % | -8.5 п.п. | 18.5 % |
| плечо | позиция | 341 (0) | 25 | 25 | 21.7 % | 13.2 % | -8.5 п.п. | 17.5 % |
| перекос покупок к продажам, −1…+1 | лента | 341 (0) | -0.015 | 0.00165 | 17.4 % | 10.3 % | -7.1 п.п. | 31.0 % |
| ход цены за 1 ч, б.п. | до входа | 341 (0) | 240 | 20.3 | 24.6 % | 30.9 % | +6.2 п.п. | 31.0 % |
| ставка funding | площадка | 341 (0) | 5e-05 | 0 | 13.0 % | 19.1 % | +6.1 п.п. | 39.0 % |
| базис к индексу, б.п. | площадка | 341 (0) | -1.69 | -1.4 | 11.6 % | 17.6 % | +6.1 п.п. | 39.5 % |
| доллары у лучшей цены своей стороны | стакан | 341 (0) | 92.4 | 81 | 24.6 % | 20.6 % | -4.0 п.п. | 53.5 % |
| |прогноз|, б.п. | модель | 341 (0) | 665 | 710 | 23.2 % | 23.5 % | +0.3 п.п. | 92.5 % |
| бета к волне | модель | 0 (341) | — | — | — | — | — | лист этих полей не несёт |
| прогноз в σ | модель | 0 (341) | — | — | — | — | — | лист этих полей не несёт |

### Портрет двадцати худших

Ранг признака среди всех сделок линейки: 0 — самое малое значение, 1 — самое большое; печатается медиана ранга по двадцати худшим. Ранг около 0.5 — хвост ничем не выделен; у края — есть за что зацепиться.

| признак | медиана ранга у худших |
|---|--:|
| спред, б.п. | 0.59 |
| доллары у лучшей цены своей стороны | 0.64 |
| съедаемая глубина своей стороны, $ | 0.51 |
| медианный крупный принт, $ | 0.61 |
| сделок за час | 0.65 |
| перекос покупок к продажам, −1…+1 | 0.54 |
| пик объёма за секунду | 0.58 |
| охват записи стакана, б.п. | 0.54 |
| обновлений стакана в секунду | 0.74 |
| размах часа, б.п. | 0.71 |
| ставка funding | 0.76 |
| открытый интерес, $ | 0.52 |
| базис к индексу, б.п. | 0.36 |
| принудительно выкуплено шортов за час, $ | 0.67 |
| принудительно продано лонгов за час, $ | 0.75 |
| ход цены за 1 ч, б.п. | 0.77 |
| ход цены за 6 ч, б.п. | 0.85 |
| ход цены за 24 ч, б.п. | 0.75 |
| размах за 24 ч, б.п. | 0.34 |
| объём часа к своей суточной медиане | 0.87 |
| спред к своей суточной медиане | 0.65 |
| изменение интереса за 24 ч, доля | 0.71 |
| выкуплено шортов за 24 ч, $ | 0.32 |
| |прогноз|, б.п. | 0.45 |
| отношение обещания к риску | 0.58 |
| ожидаемый ход против, б.п. | 0.60 |
| новизна вектора признаков | 0.68 |
| плечо | 1.00 |
| час суток входа, UTC | 0.62 |

| сделка | вход | % маржи | исход | плечо |
|---|---|--:|---|--:|
| CATIUSDT | 08-08 19:00 | -100 | ликвидация | 25 |
| 1000NEIROCTOUSDT | 08-20 18:00 | -100 | ликвидация | 25 |
| 1000NEIROCTOUSDT | 08-21 02:00 | -100 | ликвидация | 22.4 |
| MUBARAKUSDT | 09-02 21:00 | -100 | ликвидация | 25 |
| BTRUSDT | 08-28 20:00 | -100 | ликвидация | 14.7 |
| BTRUSDT | 08-29 06:00 | -100 | ликвидация | 25 |
| AKEUSDT | 08-13 16:00 | -100 | ликвидация | 6.25 |
| AKEUSDT | 08-13 19:00 | -100 | ликвидация | 4.32 |
| APRUSDT | 08-12 06:00 | -100 | ликвидация | 20 |
| CASHCATUSDT | 08-30 12:00 | -100 | ликвидация | 25 |
| EDENUSDT | 08-13 20:00 | -100 | ликвидация | 20 |
| EDENUSDT | 08-13 21:00 | -100 | ликвидация | 20 |
| ACEUSDT | 09-07 17:00 | -100 | ликвидация | 25 |
| HEMIUSDT | 08-18 09:00 | -100 | ликвидация | 25 |
| TREEUSDT | 08-19 15:00 | -100 | ликвидация | 25 |
| BBUSDT | 08-20 15:00 | -100 | ликвидация | 25 |
| UAIUSDT | 08-24 07:00 | -100 | ликвидация | 20 |
| STORJUSDT | 09-11 09:00 | -100 | ликвидация | 25 |
| STORJUSDT | 09-11 10:00 | -100 | ликвидация | 25 |
| BTRUSDT | 08-26 06:00 | -90 | пол | 3.33 |

## оптимальная (шорт) (`optimal_s`)

Сделок 3296, хвостовых 625 (19.0 %); в полосе плеча ≥ 15× сделок 993, хвостовых 499.

### Все сделки

| признак | откуда | сделок (без признака) | медиана хвоста | медиана остальных | хвост в нижнем квинтиле | в верхнем | разрыв | доля перестановок не меньше |
|---|---|--:|--:|--:|--:|--:|--:|--:|
| **плечо** | позиция | 3296 (0) | 25 | 3.32 | 0.2 % | 50.1 % | +49.9 п.п. | 0.0 % |
| **пик объёма за секунду** | лента | 3296 (0) | 52192 | 29452 | 8.3 % | 29.0 % | +20.6 п.п. | 0.0 % |
| **размах часа, б.п.** | цена | 3296 (0) | 752 | 578 | 8.5 % | 28.7 % | +20.2 п.п. | 0.0 % |
| **обновлений стакана в секунду** | стакан | 3296 (0) | 28 | 21 | 10.6 % | 29.6 % | +19.0 п.п. | 0.0 % |
| **ход цены за 24 ч, б.п.** | до входа | 3143 (153) | 1821 | 567 | 11.1 % | 29.5 % | +18.3 п.п. | 0.0 % |
| **сделок за час** | лента | 3296 (0) | 29402 | 16339 | 9.4 % | 27.3 % | +17.9 п.п. | 0.0 % |
| **изменение интереса за 24 ч, доля** | до входа | 3143 (153) | 0.487 | 0.197 | 9.4 % | 26.9 % | +17.5 п.п. | 0.0 % |
| **принудительно продано лонгов за час, $** | площадка | 3296 (0) | 862 | 51.1 | 11.1 % | 28.1 % | +17.0 п.п. | 0.0 % |
| **принудительно выкуплено шортов за час, $** | площадка | 3296 (0) | 823 | 30.2 | 11.5 % | 27.6 % | +16.1 п.п. | 0.0 % |
| **ход цены за 6 ч, б.п.** | до входа | 3268 (28) | 437 | 112 | 14.2 % | 28.2 % | +14.0 п.п. | 0.0 % |
| **ожидаемый ход против, б.п.** | модель | 3296 (0) | 1604 | 1367 | 10.5 % | 23.7 % | +13.2 п.п. | 0.0 % |
| **открытый интерес, $** | площадка | 3296 (0) | 3,370,067 | 2,584,939 | 12.1 % | 24.4 % | +12.3 п.п. | 0.0 % |
| **новизна вектора признаков** | модель | 3296 (0) | 0.064 | 0.048 | 16.8 % | 27.3 % | +10.5 п.п. | 0.0 % |
| **объём часа к своей суточной медиане** | до входа | 3296 (0) | 1.95 | 1.59 | 15.3 % | 25.0 % | +9.7 п.п. | 0.0 % |
| **съедаемая глубина своей стороны, $** | стакан | 3296 (0) | 438 | 354 | 12.7 % | 21.1 % | +8.4 п.п. | 0.0 % |
| **выкуплено шортов за 24 ч, $** | до входа | 3233 (63) | 36422 | 17719 | 11.3 % | 19.0 % | +7.8 п.п. | 0.0 % |
| **доллары у лучшей цены своей стороны** | стакан | 3296 (0) | 59.2 | 52.9 | 13.9 % | 20.2 % | +6.2 п.п. | 0.0 % |
| **медианный крупный принт, $** | лента | 3296 (0) | 1722 | 1452 | 11.2 % | 17.5 % | +6.2 п.п. | 0.0 % |
| **охват записи стакана, б.п.** | стакан | 3296 (0) | 76.3 | 77.8 | 17.9 % | 11.7 % | -6.2 п.п. | 0.0 % |
| размах за 24 ч, б.п. | до входа | 3233 (63) | 3203 | 2855 | 10.7 % | 16.4 % | +5.7 п.п. | 1.0 % |
| базис к индексу, б.п. | площадка | 3296 (0) | 0 | 0 | 17.7 % | 22.0 % | +4.3 п.п. | 4.0 % |
| ставка funding | площадка | 3296 (0) | 5e-05 | 5e-05 | 20.0 % | 24.0 % | +4.0 п.п. | 5.0 % |
| спред, б.п. | стакан | 3296 (0) | 6.86 | 6.52 | 16.7 % | 13.8 % | -2.9 п.п. | 17.5 % |
| ход цены за 1 ч, б.п. | до входа | 3296 (0) | 23 | 16.5 | 22.4 % | 25.0 % | +2.6 п.п. | 26.0 % |
| час суток входа, UTC | позиция | 3296 (0) | 12 | 11 | 16.2 % | 18.5 % | +2.3 п.п. | 30.0 % |
| перекос покупок к продажам, −1…+1 | лента | 3294 (2) | 0.00311 | 0.00158 | 15.6 % | 13.4 % | -2.3 п.п. | 27.5 % |
| |прогноз|, б.п. | модель | 3296 (0) | 724 | 739 | 18.5 % | 20.5 % | +2.0 п.п. | 36.5 % |
| отношение обещания к риску | модель | 3296 (0) | 0.919 | 0.974 | 16.4 % | 17.6 % | +1.2 п.п. | 60.0 % |
| спред к своей суточной медиане | до входа | 3296 (0) | 0.963 | 0.975 | 16.7 % | 17.6 % | +0.9 п.п. | 64.0 % |
| бета к волне | модель | 0 (3296) | — | — | — | — | — | лист этих полей не несёт |
| прогноз в σ | модель | 0 (3296) | — | — | — | — | — | лист этих полей не несёт |

### Только плечо ≥ 15×

Хвост живёт на большом плече по построению — пол ближе. Признак, работающий и здесь, не есть переодетое плечо.

| признак | откуда | сделок (без признака) | медиана хвоста | медиана остальных | хвост в нижнем квинтиле | в верхнем | разрыв | доля перестановок не меньше |
|---|---|--:|--:|--:|--:|--:|--:|--:|
| **обновлений стакана в секунду** | стакан | 993 (0) | 28 | 19.8 | 30.7 % | 68.7 % | +38.0 п.п. | 0.0 % |
| **пик объёма за секунду** | лента | 993 (0) | 54199 | 32077 | 31.7 % | 66.7 % | +35.0 п.п. | 0.0 % |
| **выкуплено шортов за 24 ч, $** | до входа | 986 (7) | 34136 | 10162 | 30.8 % | 61.4 % | +30.6 п.п. | 0.0 % |
| **размах за 24 ч, б.п.** | до входа | 986 (7) | 3019 | 2379 | 30.3 % | 60.9 % | +30.6 п.п. | 0.0 % |
| **сделок за час** | лента | 993 (0) | 29140 | 15568 | 33.7 % | 62.6 % | +29.0 п.п. | 0.0 % |
| **размах часа, б.п.** | цена | 993 (0) | 702 | 577 | 30.2 % | 58.1 % | +27.9 п.п. | 0.0 % |
| **ожидаемый ход против, б.п.** | модель | 993 (0) | 1604 | 1230 | 30.2 % | 57.6 % | +27.4 п.п. | 0.0 % |
| **открытый интерес, $** | площадка | 993 (0) | 3,395,361 | 2,312,210 | 35.7 % | 62.6 % | +26.9 п.п. | 0.0 % |
| **принудительно продано лонгов за час, $** | площадка | 993 (0) | 983 | 110 | 37.2 % | 63.6 % | +26.5 п.п. | 0.0 % |
| **охват записи стакана, б.п.** | стакан | 993 (0) | 82.4 | 90.7 | 59.3 % | 33.3 % | -26.0 п.п. | 0.0 % |
| **ставка funding** | площадка | 993 (0) | 5e-05 | 0 | 34.7 % | 57.6 % | +22.9 п.п. | 0.0 % |
| **принудительно выкуплено шортов за час, $** | площадка | 993 (0) | 952 | 147 | 41.7 % | 62.6 % | +20.9 п.п. | 0.0 % |
| **базис к индексу, б.п.** | площадка | 993 (0) | 0 | -1.18 | 34.7 % | 55.6 % | +20.9 п.п. | 0.0 % |
| **изменение интереса за 24 ч, доля** | до входа | 958 (35) | 0.527 | 0.345 | 34.9 % | 52.4 % | +17.5 п.п. | 0.0 % |
| **ход цены за 24 ч, б.п.** | до входа | 958 (35) | 1854 | 990 | 46.4 % | 61.8 % | +15.4 п.п. | 0.0 % |
| **час суток входа, UTC** | позиция | 993 (0) | 12 | 11 | 39.2 % | 54.5 % | +15.3 п.п. | 0.5 % |
| **спред, б.п.** | стакан | 993 (0) | 6.89 | 7.31 | 53.3 % | 38.4 % | -14.9 п.п. | 0.0 % |
| съедаемая глубина своей стороны, $ | стакан | 993 (0) | 448 | 352 | 41.2 % | 51.0 % | +9.8 п.п. | 4.5 % |
| новизна вектора признаков | модель | 993 (0) | 0.064 | 0.0535 | 48.7 % | 56.6 % | +7.8 п.п. | 13.0 % |
| |прогноз|, б.п. | модель | 993 (0) | 744 | 753 | 47.2 % | 55.1 % | +7.8 п.п. | 9.0 % |
| спред к своей суточной медиане | до входа | 993 (0) | 0.968 | 0.998 | 50.8 % | 43.9 % | -6.8 п.п. | 20.0 % |
| ход цены за 6 ч, б.п. | до входа | 993 (0) | 546 | 184 | 51.3 % | 55.1 % | +3.8 п.п. | 46.0 % |
| плечо † | позиция | 993 (0) | 25 | 25 | 51.3 % | 48.0 % | -3.3 п.п. | 55.5 % |
| медианный крупный принт, $ | лента | 993 (0) | 1836 | 1872 | 42.7 % | 46.0 % | +3.2 п.п. | 60.5 % |
| ход цены за 1 ч, б.п. | до входа | 993 (0) | 23.6 | 15 | 54.3 % | 57.1 % | +2.8 п.п. | 52.5 % |
| перекос покупок к продажам, −1…+1 | лента | 992 (1) | 5.75e-05 | -0.00404 | 46.2 % | 43.9 % | -2.3 п.п. | 55.5 % |
| доллары у лучшей цены своей стороны | стакан | 993 (0) | 68.7 | 71.4 | 48.7 % | 47.5 % | -1.3 п.п. | 78.5 % |
| объём часа к своей суточной медиане | до входа | 993 (0) | 1.98 | 2.27 | 47.7 % | 49.0 % | +1.3 п.п. | 85.0 % |
| отношение обещания к риску | модель | 993 (0) | 0.921 | 0.975 | 45.2 % | 46.5 % | +1.2 п.п. | 85.5 % |
| бета к волне | модель | 0 (993) | — | — | — | — | — | лист этих полей не несёт |
| прогноз в σ | модель | 0 (993) | — | — | — | — | — | лист этих полей не несёт |

† разных значений меньше 10: связи рвутся случайно, квинтили условны — читать по медианам хвоста и остальных, а не по разрыву.

### Портрет двадцати худших

Ранг признака среди всех сделок линейки: 0 — самое малое значение, 1 — самое большое; печатается медиана ранга по двадцати худшим. Ранг около 0.5 — хвост ничем не выделен; у края — есть за что зацепиться.

| признак | медиана ранга у худших |
|---|--:|
| спред, б.п. | 0.35 |
| доллары у лучшей цены своей стороны | 0.57 |
| съедаемая глубина своей стороны, $ | 0.69 |
| медианный крупный принт, $ | 0.52 |
| сделок за час | 0.69 |
| перекос покупок к продажам, −1…+1 | 0.62 |
| пик объёма за секунду | 0.70 |
| охват записи стакана, б.п. | 0.19 |
| обновлений стакана в секунду | 0.87 |
| размах часа, б.п. | 0.54 |
| ставка funding | 0.76 |
| открытый интерес, $ | 0.76 |
| базис к индексу, б.п. | 0.35 |
| принудительно выкуплено шортов за час, $ | 0.73 |
| принудительно продано лонгов за час, $ | 0.72 |
| ход цены за 1 ч, б.п. | 0.62 |
| ход цены за 6 ч, б.п. | 0.47 |
| ход цены за 24 ч, б.п. | 0.80 |
| размах за 24 ч, б.п. | 0.70 |
| объём часа к своей суточной медиане | 0.28 |
| спред к своей суточной медиане | 0.19 |
| изменение интереса за 24 ч, доля | 0.81 |
| выкуплено шортов за 24 ч, $ | 0.80 |
| |прогноз|, б.п. | 0.65 |
| отношение обещания к риску | 0.48 |
| ожидаемый ход против, б.п. | 0.69 |
| новизна вектора признаков | 0.74 |
| плечо | 1.00 |
| час суток входа, UTC | 0.70 |

| сделка | вход | % маржи | исход | плечо |
|---|---|--:|---|--:|
| BTRUSDT | 08-27 06:00 | -100 | ликвидация | 25 |
| GPSUSDT | 08-17 14:00 | -100 | ликвидация | 25 |
| GPSUSDT | 08-17 15:00 | -100 | ликвидация | 25 |
| GPSUSDT | 08-17 19:00 | -100 | ликвидация | 25 |
| GPSUSDT | 08-17 20:00 | -100 | ликвидация | 25 |
| GPSUSDT | 08-17 21:00 | -100 | ликвидация | 25 |
| GPSUSDT | 08-17 23:00 | -100 | ликвидация | 25 |
| PONSUSDT | 09-02 09:00 | -100 | ликвидация | 25 |
| MARSCOINUSDT | 09-04 09:00 | -100 | ликвидация | 25 |
| MARSCOINUSDT | 09-04 10:00 | -100 | ликвидация | 25 |
| ONGUSDT | 08-21 02:00 | -69 | пол | 20 |
| MARSCOINUSDT | 09-02 21:00 | -69 | пол | 25 |
| NIULAIUSDT | 09-04 09:00 | -68 | пол | 6.53 |
| BTRUSDT | 08-29 00:00 | -65 | пол | 25 |
| HEMIUSDT | 08-16 01:00 | -65 | пол | 25 |
| ALICEUSDT | 08-14 19:00 | -63 | пол | 25 |
| HEMIUSDT | 08-15 13:00 | -63 | пол | 25 |
| HEMIUSDT | 08-16 00:00 | -63 | пол | 25 |
| BICOUSDT | 08-10 23:00 | -63 | пол | 20 |
| BICOUSDT | 08-10 19:00 | -63 | пол | 20 |

## Как читать

- Скрин находит КАНДИДАТОВ, не правила: признак, прошедший нуль в обеих полосах у обеих линеек, заслуживает своей объявленной оси с контролем случайной выборкой того же размера — и только после неё может стать правилом.
- Признак, работающий на всех сделках и молчащий внутри полосы плеча ≥ 15×, есть переодетое плечо: хвост у него оттого, что пол ближе, а не оттого, что стакан что-то знал.
- Веса модели видели эти часы; окно одно; хвостовых событий у оптимальной линейки больше, чем у безопасной, потому что её пол 0.50 ближе к входу — это свойство правила, а не рынка.

публикуется в ветку main:
 jobs/done/tail-full2.done                   |   1 +
 jobs/done/tail-full2.log                    | 299 ++++++++++++++++++++++++++++
 jobs/poke.log                               |   3 +
 research/dca_paper/out/DCA-tail-screen.json |   2 +-
 research/dca_paper/out/DCA-tail-screen.md   |  86 ++++----
 5 files changed, 348 insertions(+), 43 deletions(-)
To github.com:n0tgod/algoth_v2.git
   b65c9905..08e23179  main -> main
branch 'main' set up to track 'origin/main'.
опубликовано
конец: 2026-09-13T00:02:01Z, код 0
публикуется в ветку main:
 jobs/done/tail-full2.log | 12 ++++++++++++
 1 file changed, 12 insertions(+)
To github.com:n0tgod/algoth_v2.git
   08e23179..c6f11d1e  main -> main
branch 'main' set up to track 'origin/main'.
опубликовано
