== задание tail-deploy ==
строка: restart-book
начало: 2026-09-05T10:09:13Z
перезапуск сборщика и циклов
== останавливаю прежний ==
жду закрытия файлов........
== обновляю код ==
Already up to date.
== запускаю ==
== поднялся, хвост журнала ==
BrokenPipeError: [Errno 32] Broken pipe
----------------------------------------
[       4 с] шард 2: подключён, подписываюсь на 120 тем
[       5 с] шард 3: подключён, подписываюсь на 120 тем
[       6 с] шард 4: подключён, подписываюсь на 120 тем
[       8 с] шард 5: подключён, подписываюсь на 120 тем
[       8 с] шард 6: подключён, подписываюсь на 120 тем
[      11 с] шард 7: подключён, подписываюсь на 120 тем
== перезапускаю циклы обучения ==
  не запущен: s8_loop/train.py --pretest
  остановлен, сторож поднимет: s8_loop/train.py$
публикуется в ветку main:
 jobs/done/tail-deploy.done |  1 +
 jobs/done/tail-deploy.log  | 21 +++++++++++++++++++++
 jobs/done/tailcycle.log    | 11 +++++++++++
 jobs/poke.log              |  3 +++
 4 files changed, 36 insertions(+)
To github.com:n0tgod/algoth_v2.git
   c2be770..3bc9314  main -> main
branch 'main' set up to track 'origin/main'.
опубликовано
