== задание tailveto-2 ==
строка: run research/probe_tailveto/tailveto.py
начало: 2026-08-30T22:49:49Z
запускаю: .venv/bin/python research/probe_tailveto/tailveto.py 
[22:49:49] сводки → матрицы
[22:50:05] матрицы 739 имён × 749 часов
[22:50:06] V1 funding (толпа в лонге): h4 · gbm — шортов 1011
[22:50:06] V2 прирост интереса 24 ч: h4 · gbm — шортов 1011
[22:50:07] V1 funding (толпа в лонге): h4 · nn — шортов 836
[22:50:08] V2 прирост интереса 24 ч: h4 · nn — шортов 836
[22:50:09] V1 funding (толпа в лонге): h24 · gbm — шортов 1277
[22:50:10] V2 прирост интереса 24 ч: h24 · gbm — шортов 1277
[22:50:11] V1 funding (толпа в лонге): h24 · nn — шортов 1071
[22:50:12] V2 прирост интереса 24 ч: h24 · nn — шортов 1071
[22:50:13] V1 funding (толпа в лонге): z · gbm — шортов 1047
[22:50:13] V2 прирост интереса 24 ч: z · gbm — шортов 1047
[22:50:14] V1 funding (толпа в лонге): z · nn — шортов 802
[22:50:15] V2 прирост интереса 24 ч: z · nn — шортов 787
[22:50:15] V1 funding (толпа в лонге): sit · gbm — шортов 402
[22:50:15] V2 прирост интереса 24 ч: sit · gbm — шортов 400
[22:50:16] V1 funding (толпа в лонге): sit · nn — шортов 335
[22:50:16] V2 прирост интереса 24 ч: sit · nn — шортов 333
[22:50:16] V1 funding (толпа в лонге): sit_lo · gbm — шортов 168
[22:50:16] V2 прирост интереса 24 ч: sit_lo · gbm — шортов 165
[22:50:16] V1 funding (толпа в лонге): sit_lo · nn — шортов 164
[22:50:16] V2 прирост интереса 24 ч: sit_lo · nn — шортов 159
[22:50:16] отчёт: /root/algoth_v2/research/probe_tailveto/out/TAILVETO-1m.md · 27 с
публикуется в ветку main:
 jobs/done/tailveto-1.log                     | 10 ++++
 jobs/done/tailveto-2.done                    |  1 +
 jobs/done/tailveto-2.log                     | 27 +++++++++++
 jobs/poke.log                                |  3 ++
 research/probe_tailveto/out/TAILVETO-1m.md   | 70 ++++++++++++++++++++++++++++
 research/probe_tailveto/out/tailveto-1m.json |  1 +
 research/s8_loop/out/day_brake.json          |  2 +-
 7 files changed, 113 insertions(+), 1 deletion(-)
To github.com:n0tgod/algoth_v2.git
   e53dfb5..78dc330  main -> main
branch 'main' set up to track 'origin/main'.
опубликовано
конец: 2026-08-30T22:50:18Z, код 0
публикуется в ветку main:
 jobs/done/tailveto-2.log | 14 ++++++++++++++
 1 file changed, 14 insertions(+)
To github.com:n0tgod/algoth_v2.git
   78dc330..9c5aebd  main -> main
branch 'main' set up to track 'origin/main'.
опубликовано
