== задание tailcycle ==
строка: run tools/diag_cycle.py
начало: 2026-09-05T10:08:47Z
запускаю: .venv/bin/python tools/diag_cycle.py 
=== процесс цикла ===
1420152 .venv/bin/python research/s8_loop/train.py

=== процесс сборщика ===
  1419611 .venv/bin/python research/b1_book/collect.py --http 8765
    поднят: Sat Sep  5 09:23:09 2026
  collect.py правлен 9.0 мин назад

=== манифест модели ===
возраст 9.4 ч
  trained_at: 2026-09-05T00:42:36+00:00
  train_seq: 521
  cycle_sec: 6454.9
  woke_after_hour_sec: 3301.4
  steps_sec: {'сведение часа': 17.6, 'матрица': 51.0, 'книги': 102.0, 'оценка': 0.2, 'канарейка': 1465.5, 'обучение': 4818.5}
  canary_ic: -0.0008

=== манифесты книг ===
  model: 9.44 ч
  model.rank-floor0: 569.00 ч
  model.rank-raw: 590.31 ч
  model_c_h4_r_f30_w5_gl_rrlo_se_b0_a0: 0.01 ч
  model_c_h4_z_f22_w10_gl_rr0_sv_b0_a1: 73.02 ч
  model_c_h4_z_f22_w10_gl_rr0_sv_b0_a1.dropped-20260902-095657: 72.20 ч
  model_c_h4_z_f30_w10_gl_rrhi_se_b0_a1: 73.02 ч
  model_c_h4_z_f30_w10_gl_rrhi_se_b0_a1.dropped-20260902-095657: 72.20 ч
  model_c_h4_z_f30_w5_gl_rrlo_se_b0_a0: 0.01 ч
  model_c_h4_z_f30_w5_gl_rrlo_sr_b0_a0: 0.01 ч
  model_c_h4_z_f30_w5_gs_rrhi_se_b0_a1: 73.01 ч
  model_c_h4_z_f30_w5_gs_rrhi_se_b0_a1.dropped-20260902-095657: 72.20 ч
  model_c_h4_z_f30_w5_gt_rrlo_se_b0_a0: 0.01 ч
  model_c_h4_z_f30_w5_gt_rrlo_se_b0_a0.overfilled-20260902T083940Z: 73.49 ч
  model_demo: 783.01 ч
  model_h1: 568.79 ч
  model_h1.rank-raw: 591.97 ч
  model_h24: 0.02 ч
  model_h24a: 0.01 ч
  model_h24b: 0.01 ч
  model_h24bf: 0.01 ч
  model_h24c: 0.01 ч
  model_h24z: 0.01 ч
  model_h24za: 0.01 ч
  model_pretest: 690.87 ч
  model_pretest.was-выключен__бета_не_оценима_: 771.04 ч
  model_probe: 784.64 ч
  model_sit: 0.01 ч
  model_sit.rules-v1: 688.37 ч
  model_sit.rules-v10: 549.77 ч
  model_sit.rules-v11: 548.96 ч
  model_sit.rules-v12: 530.51 ч
  model_sit.rules-v2: 688.08 ч
  model_sit.rules-v3: 685.96 ч
  model_sit.rules-v4: 684.87 ч
  model_sit.rules-v5: 684.04 ч
  model_sit.rules-v6: 671.78 ч
  model_sit.rules-v7: 671.04 ч
  model_sit.rules-v8: 568.00 ч
  model_sit.rules-v9: 552.99 ч
  model_sit_lo: 0.01 ч
  model_sit_obs: 0.01 ч
  model_sit_obs.rules-v10: 549.77 ч
  model_sit_obs.rules-v11: 548.96 ч
  model_sit_obs.rules-v12: 530.51 ч
  model_sit_obs.rules-v6: 671.78 ч
  model_sit_obs.rules-v7: 671.04 ч
  model_sit_obs.rules-v8: 567.99 ч
  model_sit_obs.rules-v9: 552.99 ч
  model_sit_r: 0.01 ч
  model_sit_r.rules-v12: 540.84 ч
  model_sit_r.rules-v12-1: 539.68 ч
  model_sit_r.rules-v12-2: 530.51 ч
  model_sit_r.rules-v13: 515.74 ч
  model_z: 591.97 ч

=== хвост train.log ===
возраст 0.3 мин, размер 8334665 Б
[09-05 09:08:13] кандидаты фабрики: книг 4 (живых 4), без живой книги 3
[09-05 09:08:13]   h4_z_f22_w10_gl_rr0_sv_b0_a1: живой книги нет — полоса control: живая книга заводится только прошедшим проверки и отбор (решение владельца); случайная рука остаётся в суточном реплее, где и живёт сравнение полос
[09-05 09:08:13]   h4_z_f30_w10_gl_rrhi_se_b0_a1: живой книги нет — полоса control: живая книга заводится только прошедшим проверки и отбор (решение владельца); случайная рука остаётся в суточном реплее, где и живёт сравнение полос
[09-05 09:08:13]   h4_z_f30_w5_gs_rrhi_se_b0_a1: живой книги нет — полоса control: живая книга заводится только прошедшим проверки и отбор (решение владельца); случайная рука остаётся в суточном реплее, где и живёт сравнение полос
[09-05 09:08:13] ситуационная [gbm]: закрыто 1 (AVAUSDT — предел возраста)
[09-05 09:08:17] ситуационная [nn]: закрыто 1 (LRCXUSDT — прогноз развернулся)
[09-05 09:08:17] ситуационная [nn]: закрыто 1 (SNDKUSDT — прогноз развернулся)
[09-05 09:08:17] ситуационная [nn]: закрыто 1 (AMCUSDT — прогноз развернулся)
[09-05 09:08:19] ситуационная [nn]: закрыто 1 (LITUSDT — прогноз развернулся)
[09-05 09:08:21] ситуационная [gbm]: закрыто 1 (ELSAUSDT — предел возраста)
[09-05 09:08:22] живой IC [gbm]: fwd_4h +0.0975 по 1 закрывшимся сечениям
[09-05 09:08:22] живой IC [nn]: fwd_4h -0.0713 по 1 закрывшимся сечениям
[09-05 09:08:22] обучение пропущено по каденции: весам 8.4 ч при каденции 24; цикл 383 с (сведение часа 274 с, матрица 53 с, книги 54 с, оценка 0 с)
[09-05 09:08:22] следующая попытка через 53 мин (обучения не было)
[09-05 09:25:14] сводка: символов с записью 753, новых часов 0, 13 с
/root/algoth_v2/research/s8_loop/bookfeat.py:162: RuntimeWarning: All-NaN slice encountered
  v = fn(sl, axis=1)
/root/algoth_v2/research/s8_loop/bookfeat.py:162: RuntimeWarning: All-NaN slice encountered
  v = fn(sl, axis=1)
/root/algoth_v2/research/s8_loop/bookfeat.py:162: RuntimeWarning: All-NaN slice encountered
  v = fn(sl, axis=1)
[09-05 09:26:05] матрица: 753 символов × 881 часов, сечений с ≥30 именами: 792, признаков 50
[09-05 09:26:55] каталогов вне состава без записи: 3 — не трогаем
[09-05 09:26:55] кандидаты фабрики: книг 4 (живых 4), без живой книги 3
[09-05 09:26:55]   h4_z_f22_w10_gl_rr0_sv_b0_a1: живой книги нет — полоса control: живая книга заводится только прошедшим проверки и отбор (решение владельца); случайная рука остаётся в суточном реплее, где и живёт сравнение полос
[09-05 09:26:55]   h4_z_f30_w10_gl_rrhi_se_b0_a1: живой книги нет — полоса control: живая книга заводится только прошедшим проверки и отбор (решение владельца); случайная рука остаётся в суточном реплее, где и живёт сравнение полос
[09-05 09:26:55]   h4_z_f30_w5_gs_rrhi_se_b0_a1: живой книги нет — полоса control: живая книга заводится только прошедшим проверки и отбор (решение владельца); случайная рука остаётся в суточном реплее, где и живёт сравнение полос
[09-05 09:27:06] обучение пропущено по каденции: весам 8.7 ч при каденции 24; цикл 124 с (сведение часа 13 с, матрица 51 с, книги 61 с, оценка 0 с)
[09-05 09:27:06] следующая попытка через 34 мин (обучения не было)
[09-05 10:02:30]   сводка: 81/753 символов, новых часов 80
[09-05 10:03:00]   сводка: 160/753 символов, новых часов 159
[09-05 10:03:30]   сводка: 242/753 символов, новых часов 241
[09-05 10:04:00]   сводка: 320/753 символов, новых часов 318
[09-05 10:04:30]   сводка: 399/753 символов, новых часов 397
[09-05 10:05:01]   сводка: 481/753 символов, новых часов 479
[09-05 10:05:31]   сводка: 559/753 символов, новых часов 557
[09-05 10:06:01]   сводка: 643/753 символов, новых часов 640
[09-05 10:06:31]   сводка: 729/753 символов, новых часов 724
[09-05 10:06:40] сводка: символов с записью 753, новых часов 748, 281 с
/root/algoth_v2/research/s8_loop/bookfeat.py:162: RuntimeWarning: All-NaN slice encountered
  v = fn(sl, axis=1)
/root/algoth_v2/research/s8_loop/bookfeat.py:162: RuntimeWarning: All-NaN slice encountered
  v = fn(sl, axis=1)
/root/algoth_v2/research/s8_loop/bookfeat.py:162: RuntimeWarning: All-NaN slice encountered
  v = fn(sl, axis=1)
[09-05 10:07:31] матрица: 753 символов × 882 часов, сечений с ≥30 именами: 793, признаков 50
[09-05 10:08:18] каталогов вне состава без записи: 3 — не трогаем
[09-05 10:08:18] кандидаты фабрики: книг 4 (живых 4), без живой книги 3
[09-05 10:08:18]   h4_z_f22_w10_gl_rr0_sv_b0_a1: живой книги нет — полоса control: живая книга заводится только прошедшим проверки и отбор (решение владельца); случайная рука остаётся в суточном реплее, где и живёт сравнение полос
[09-05 10:08:18]   h4_z_f30_w10_gl_rrhi_se_b0_a1: живой книги нет — полоса control: живая книга заводится только прошедшим проверки и отбор (решение владельца); случайная рука остаётся в суточном реплее, где и живёт сравнение полос
[09-05 10:08:18]   h4_z_f30_w5_gs_rrhi_se_b0_a1: живой книги нет — полоса control: живая книга заводится только прошедшим проверки и отбор (решение владельца); случайная рука остаётся в суточном реплее, где и живёт сравнение полос
[09-05 10:08:21] ситуационная [gbm]: закрыто 1 (ZENUSDT — прогноз развернулся)
[09-05 10:08:22] ситуационная [nn]: закрыто 1 (KLACUSDT — прогноз развернулся)
[09-05 10:08:22] ситуационная [nn]: закрыто 1 (RLCUSDT — прогноз развернулся)
[09-05 10:08:25] ситуационная [nn]: закрыто 1 (KLACUSDT — прогноз развернулся)
[09-05 10:08:27] ситуационная [gbm]: закрыто 2 (ZESTUSDT — предел возраста; LITUSDT — предел возраста)
[09-05 10:08:27] живой IC [gbm]: fwd_4h +0.0947 по 1 закрывшимся сечениям
[09-05 10:08:27] живой IC [nn]: fwd_4h +0.0284 по 1 закрывшимся сечениям
[09-05 10:08:28] обучение пропущено по каденции: весам 9.4 ч при каденции 24; цикл 388 с (сведение часа 281 с, матрица 51 с, книги 56 с, оценка 0 с)
[09-05 10:08:28] следующая попытка через 53 мин (обучения не было)
конец: 2026-09-05T10:08:47Z, код 0
