== задание tailstatus ==
строка: status
начало: 2026-09-05T09:46:46Z
--- диск ---
Filesystem      Size  Used Avail Use% Mounted on
/dev/sda1       150G   68G   77G  47% /
/dev/sdb        147G  128G   12G  92% /mnt/HC_Volume_106683528
--- процессы ---
669148 bot/target/release/bot live --s8 research/s8_loop/out/model_sit_lo --journal bot/out/live --keys /root/.bybit/live.env --base https://api.bybit.com --arm gbm --capital 300 --interval-sec 5 --clear-halt
1419611 .venv/bin/python research/b1_book/collect.py --http 8765
1420152 .venv/bin/python research/s8_loop/train.py
--- статус сбора ---
{"t": 1788601604.3, "uptime_sec": 1413.3, "messages": 5221232, "trades": 711911, "resets": 0, "last_msg_age_sec": 0.0, "snapshots": 947259, "snapshot_errors": 0, "last_snap_age_sec": 0.7, "snap_pass_sec": 0.801, "writes": {"book": 947259, "trades": 711902, "liq": 751, "raw": 56090, "metrics": 2988}, "write_age_sec": {"book": 0.7, "trades": 0.4, "liq": 4.3, "raw": 0.1, "metrics": 195.2}, "symbols": {"0GUSDT": {"ready": true, "bid": 0.1982, "ask": 0.1984, "resets": 0}, "1000000BABYDOGEUSDT": {"ready": true, "bid": 0.0004039, "ask": 0.0004043, "resets": 0}, "1000000MOGUSDT": {"ready": true, "bid": 0.1092, "ask": 0.1093, "resets": 0}, "10000NEXUSDT": {"ready": true, "bid": 0.01466, "ask": 0.0147
--- живой исполнитель ---
{
  "at_ms": 1788601601757,
  "capital_usd": 300.0,
  "dry": false,
  "entries_paused": false,
  "halted": "часовой цикл молчит 3.0 ч при пределе 3 ч (§5) — позиции без сканера не управляет никто",
  "lev_errors": null,
  "limits_off": true,
  "note": null,
  "positions": [],
  "realized_today_usd": 0.0,
  "realized_total_usd": -21.265818699799986,
  "rejects_row": 0,
  "stale_entries_skipped": 79,
  "tp_errors": null,
  "wallet": {
    "balance": 284.21345292,
    "equity": 284.21345292
  }
}
конец: 2026-09-05T09:46:46Z
публикуется в ветку main:
 jobs/done/tailstatus.log            | 35 +++++++++++++++++++++++++++++++++++
 jobs/poke.log                       |  2 ++
 research/s8_loop/out/day_brake.json |  2 +-
 3 files changed, 38 insertions(+), 1 deletion(-)
To github.com:n0tgod/algoth_v2.git
   7728350..004696b  main -> main
branch 'main' set up to track 'origin/main'.
опубликовано
