== задание ticket-short ==
строка: run research/dca_paper/run_short.py
начало: 2026-10-03T10:44:47Z
запускаю: .venv/bin/python research/dca_paper/run_short.py 
h24/gbm: часов 889, коротких выборов 2667, ног под краем 2651, отброшено (нет полей / знак) 10
h24/nn: часов 889, коротких выборов 2667, ног под краем 2490, отброшено (нет полей / знак) 165
ног обеих рук: 5141
решений 5141, в кэше 4484, считаю заново 186
пол капитуляции 0.1 — линейки safe_s
коротких ног (край ≥ 33) 186: rr2 4, lo 171, any 186; символов 56
окно решений 2026-08-22 10:00 … 2026-10-03 10:00 UTC (42 суток, дат 13)
память: 140.6 МБ (ноги загружены; предел 1200)
память: 183.8 МБ (символ 10/56; предел 1200)
память: 188.8 МБ (символ 20/56; предел 1200)
  символ 24/56  решений 45
память: 206.1 МБ (символ 30/56; предел 1200)
  символ 37/56  решений 113
память: 223.5 МБ (символ 40/56; предел 1200)
память: 220.5 МБ (символ 50/56; предел 1200)
запись доходит до 2026-10-03 10:46 UTC
пол капитуляции 0.5 — линейки optimal_s
коротких ног (край ≥ 33) 186: rr2 4, lo 171, any 186; символов 56
окно решений 2026-08-22 10:00 … 2026-10-03 10:00 UTC (42 суток, дат 13)
память: 217.0 МБ (ноги загружены; предел 1200)
память: 217.0 МБ (символ 10/56; предел 1200)
память: 217.0 МБ (символ 20/56; предел 1200)
  символ 26/56  решений 48
память: 218.0 МБ (символ 30/56; предел 1200)
  символ 39/56  решений 124
память: 228.0 МБ (символ 40/56; предел 1200)
память: 227.9 МБ (символ 50/56; предел 1200)
запись доходит до 2026-10-03 10:47 UTC
досчитано записей 308 по 186 решениям
safe_h: фильтр возраста ≥7 сут оставил 3672 из 4484 (моложе порога 812, возраст неизвестен 0)
safe_h: охрана рынком ≥ 2 % закрыла 1282 из 3672 позиций (из них открытых 25); часов без волны 462, записей без отметок 0
optimal_h: фильтр возраста ≥7 сут оставил 3672 из 4484 (моложе порога 812, возраст неизвестен 0)
optimal_h: охрана рынком ≥ 2 % закрыла 1136 из 3672 позиций (из них открытых 21); часов без волны 432, записей без отметок 0
aggr_h: фильтр возраста ≥7 сут оставил 3672 из 4484 (моложе порога 812, возраст неизвестен 0)
aggr_h: охрана рынком ≥ 2 % закрыла 1136 из 3672 позиций (из них открытых 21); часов без волны 432, записей без отметок 0
линейка безопасная (шорт h24) (safe_h): позиций 3672, после правила одной на имя 1063
  депозит $1,000: мест 40, взято 1050, нет кассы 13, мельче $5 0, открытых 18, оборванных записью 7
  депозит $10,000: мест 45, взято 1063, нет кассы 0, мельче $5 0, открытых 18, оборванных записью 7
  депозит $100,000: мест 45, взято 1063, нет кассы 0, мельче $5 0, открытых 18, оборванных записью 7
линейка оптимальная (шорт h24) (optimal_h): позиций 3672, после правила одной на имя 1152
  депозит $1,000: мест 40, взято 1110, нет кассы 42, мельче $5 0, открытых 13, оборванных записью 7
  депозит $10,000: мест 45, взято 1152, нет кассы 0, мельче $5 0, открытых 17, оборванных записью 7
  депозит $100,000: мест 45, взято 1152, нет кассы 0, мельче $5 0, открытых 17, оборванных записью 7
линейка агрессивная (шорт h24) (aggr_h): позиций 3672, гейт плеча отсеял 1576, после правила одной на имя 869
  депозит $1,000: мест 38, взято 869, нет кассы 0, мельче $5 0, открытых 13, оборванных записью 5
  депозит $10,000: мест 37, взято 869, нет кассы 0, мельче $5 0, открытых 13, оборванных записью 5
  депозит $100,000: мест 37, взято 869, нет кассы 0, мельче $5 0, открытых 13, оборванных записью 5
журнал: было 25126, дописано 9000 в 57 файлов записи
# Короткие книги на сигнале h24 (три режима, хедж-режим)

Решение владельца 2026-09-07: три варианта коротких стратегий рядом с длинными и режим общей статистики, под хедж-режим. Вход — короткие выборы книги `h24` обеих рук модели, срок 24 ч, доливов нет, цель — обещание модели ×2, гейт: край ≥ 33 б.п., отношение любое. Режимы различаются ТОЛЬКО плечом, как у длинных книг.

Решений листа: 5141; позиций в кэше реплея 4484, из них пересчитано в этом прогоне 308. Правила версии 6; прогон 173.1 с.

**Правила счёта** (решение владельца 2026-09-08 «сделать такую же логику, как и в общих»; объявлены ДО прогона, оба взяты у общего счёта и заново не подбирались):

* **возраст имени** — книга не входит в имя, торгующееся меньше порога на момент решения; возраст неизвестен — входа тоже нет, и это своё число;
* **доля билета** — безопасная (шорт h24) 0.5×, оптимальная (шорт h24) 0.25×, агрессивная (шорт h24) 0.25×, не ниже биржевого пола (на депозите $1 000 билеты и так стоят на полу, и доля там не кусается).

| книга | порог | решений предложено | взято | моложе порога | возраст неизвестен | справочнику часов |
|---|---|--:|--:|--:|--:|--:|
| безопасная (шорт h24) | ≥7 сут | 4484 | 3672 | 812 | 0 | 5.8 |
| оптимальная (шорт h24) | ≥7 сут | 4484 | 3672 | 812 | 0 | 5.8 |
| агрессивная (шорт h24) | ≥7 сут | 4484 | 3672 | 812 | 0 | 5.8 |

**Охрана рынком** (правило 2026-09-13, спека 14 §13): позиция закрывается по закрытию часа, когда средний ход крупных имён рынка с момента входа ≥ порога; исход «рынок». Час без волны (сводки нет) триггером не бывает и стоит отдельным числом.

| книга | порог | позиций | закрыто рынком | из них открытых | часов без волны | без отметок |
|---|--:|--:|--:|--:|--:|--:|
| безопасная (шорт h24) | ≥ 2 % | 3672 | 1282 | 25 | 462 | 0 |
| оптимальная (шорт h24) | ≥ 2 % | 3672 | 1136 | 21 | 432 | 0 |
| агрессивная (шорт h24) | ≥ 2 % | 3672 | 1136 | 21 | 432 | 0 |

## Книги

| книга | депозит | билет | сделок | Σ $ | итог | просадка | медиана дня | плюсов | $ без лучшего имени | $ без 3 лучших дней | просадка без худшего дня | вперёд / пересчёт |
|---|--:|--:|--:|--:|--:|--:|--:|--:|--:|--:|--:|--:|
| `safe_h` (безопасная (шорт h24)) | $1000 | $25 | 1025 | +333.65 | +33.36 % | -12.87 % | +0.01 | 0.568 % | +279.15 | +163.37 | -7.2 % | 85 / 940 |
| `safe_h` (безопасная (шорт h24)) | $10000 | $111 | 1038 | +1555.07 | +15.55 % | -5.44 % | +0.01 | 0.568 % | +1365.17 | +877.63 | -3.0 % | 85 / 953 |
| `safe_h` (безопасная (шорт h24)) | $100000 | $1111 | 1038 | +15565.38 | +15.57 % | -5.44 % | +0.01 | 0.568 % | +13664.26 | +8784.58 | -3.0 % | 85 / 953 |
| `optimal_h` (оптимальная (шорт h24)) | $1000 | $25 | 1090 | +389.78 | +38.98 % | -20.14 % | +0.01 | 0.52 % | +276.52 | -25.43 | -18.5 % | 96 / 994 |
| `optimal_h` (оптимальная (шорт h24)) | $10000 | $55.5 | 1128 | +922.20 | +9.22 % | -4.06 % | +0.00 | 0.52 % | +764.87 | +217.65 | -3.2 % | 99 / 1029 |
| `optimal_h` (оптимальная (шорт h24)) | $100000 | $555.5 | 1128 | +9230.42 | +9.23 % | -4.07 % | +0.00 | 0.52 % | +7655.41 | +2178.04 | -3.2 % | 99 / 1029 |
| `aggr_h` (агрессивная (шорт h24)) | $1000 | $6.5 | 851 | +167.40 | +16.74 % | -6.34 % | +0.00 | 0.47 % | +151.54 | +59.13 | -6.3 % | 82 / 769 |
| `aggr_h` (агрессивная (шорт h24)) | $10000 | $66.5 | 851 | +1715.32 | +17.15 % | -6.49 % | +0.00 | 0.47 % | +1552.34 | +604.60 | -6.5 % | 82 / 769 |
| `aggr_h` (агрессивная (шорт h24)) | $100000 | $666.5 | 851 | +17194.56 | +17.19 % | -6.51 % | +0.00 | 0.47 % | +15560.37 | +6059.23 | -6.5 % | 82 / 769 |

**Колонки концентрации отвечают на разные вопросы.** «Без лучшего имени» ловит одну разогнанную монету; «без 3 лучших дней» ловит рыночный эпизод, который раздаёт деньги десяткам имён разом, и первой колонке он невидим; «просадка без худшего дня» говорит, сделана ли просадка ОДНИМ днём или месяцем сползания. Если книга без трёх дней уходит в минус, она описывает эпизод, а не правило.


Вперёд — решения, записанные в течение 120 ч после самого решения; остальное — пересчёт истории по нынешним правилам, и складывать их в один вердикт нельзя.

## Чего замер НЕ говорит

- Живого исполнения здесь нет: исходы считаются реплеем по барам записи. Проскальзывание, очередь в стакане и задержка входа не моделируются; издержки круга учтены в `pnl_net`, отдельный замер издержек — `costs.py`.
- Общий счёт с длинной книгой считает `run_pair.py`: там депозит один на обе стороны, и числа его книг не равны сумме этой книги и длинной.
- Хедж-режим есть ПРАВИЛО СЧЁТА этой книги: она не смотрит на длинные позиции. На бирже так можно только в хедж-режиме; в одностороннем совпадающий шорт резал бы длинную позицию, и число таких совпадений стоит выше.
- Веса модели видели эти часы: пересчёт истории читается как оценка СВЕРХУ. Судит форвард.

публикуется в ветку main:
 jobs/done/ticket-pair.log                     |   8 +
 jobs/done/ticket-short.log                    |  89 +++++++
 research/dca_paper/out/DCA-short.json         |   2 +-
 research/dca_paper/out/DCA-short.md           |  32 +--
 research/dca_paper/out/short-2026-08-08.jsonl | 201 +++++++++++++++
 research/dca_paper/out/short-2026-08-09.jsonl | 246 ++++++++++++++++++
 research/dca_paper/out/short-2026-08-10.jsonl | 144 +++++++++++
 research/dca_paper/out/short-2026-08-11.jsonl | 240 ++++++++++++++++++
 research/dca_paper/out/short-2026-08-12.jsonl | 216 ++++++++++++++++
 research/dca_paper/out/short-2026-08-13.jsonl | 204 +++++++++++++++
 research/dca_paper/out/short-2026-08-14.jsonl | 204 +++++++++++++++
 research/dca_paper/out/short-2026-08-15.jsonl | 177 +++++++++++++
 research/dca_paper/out/short-2026-08-16.jsonl | 201 +++++++++++++++
 research/dca_paper/out/short-2026-08-17.jsonl | 204 +++++++++++++++
 research/dca_paper/out/short-2026-08-18.jsonl | 135 ++++++++++
 research/dca_paper/out/short-2026-08-19.jsonl | 345 ++++++++++++++++++++++++++
 research/dca_paper/out/short-2026-08-20.jsonl | 333 +++++++++++++++++++++++++
 research/dca_paper/out/short-2026-08-21.jsonl | 321 ++++++++++++++++++++++++
 research/dca_paper/out/short-2026-08-22.jsonl | 305 +++++++++++++++++++++++
 research/dca_paper/out/short-2026-08-23.jsonl | 246 ++++++++++++++++++
 research/dca_paper/out/short-2026-08-24.jsonl | 210 ++++++++++++++++
 research/dca_paper/out/short-2026-08-25.jsonl | 165 ++++++++++++
 research/dca_paper/out/short-2026-08-26.jsonl | 202 +++++++++++++++
 research/dca_paper/out/short-2026-08-27.jsonl | 201 +++++++++++++++
 research/dca_paper/out/short-2026-08-28.jsonl |  84 +++++++
 research/dca_paper/out/short-2026-08-29.jsonl | 126 ++++++++++
 research/dca_paper/out/short-2026-08-30.jsonl |  72 ++++++
 research/dca_paper/out/short-2026-08-31.jsonl |  75 ++++++
 research/dca_paper/out/short-2026-09-01.jsonl |  42 ++++
 research/dca_paper/out/short-2026-09-02.jsonl | 135 ++++++++++
 research/dca_paper/out/short-2026-09-03.jsonl | 210 ++++++++++++++++
 research/dca_paper/out/short-2026-09-04.jsonl | 114 +++++++++
 research/dca_paper/out/short-2026-09-05.jsonl | 117 +++++++++
 research/dca_paper/out/short-2026-09-06.jsonl | 168 +++++++++++++
 research/dca_paper/out/short-2026-09-07.jsonl | 114 +++++++++
 research/dca_paper/out/short-2026-09-08.jsonl | 111 +++++++++
 research/dca_paper/out/short-2026-09-09.jsonl | 120 +++++++++
 research/dca_paper/out/short-2026-09-10.jsonl | 102 ++++++++
 research/dca_paper/out/short-2026-09-11.jsonl | 189 ++++++++++++++
 research/dca_paper/out/short-2026-09-12.jsonl |  60 +++++
 research/dca_paper/out/short-2026-09-13.jsonl |  54 ++++
 research/dca_paper/out/short-2026-09-14.jsonl | 213 ++++++++++++++++
 research/dca_paper/out/short-2026-09-15.jsonl | 105 ++++++++
 research/dca_paper/out/short-2026-09-16.jsonl |  48 ++++
 research/dca_paper/out/short-2026-09-17.jsonl | 153 ++++++++++++
 research/dca_paper/out/short-2026-09-18.jsonl | 246 ++++++++++++++++++
 research/dca_paper/out/short-2026-09-19.jsonl | 160 ++++++++++++
 research/dca_paper/out/short-2026-09-20.jsonl |  99 ++++++++
 research/dca_paper/out/short-2026-09-21.jsonl |  75 ++++++
 research/dca_paper/out/short-2026-09-22.jsonl |  48 ++++
 research/dca_paper/out/short-2026-09-23.jsonl |   9 +
 research/dca_paper/out/short-2026-09-24.jsonl | 120 +++++++++
 research/dca_paper/out/short-2026-09-25.jsonl | 138 +++++++++++
 research/dca_paper/out/short-2026-09-26.jsonl | 237 ++++++++++++++++++
 research/dca_paper/out/short-2026-09-27.jsonl |  95 +++++++
 research/dca_paper/out/short-2026-09-28.jsonl | 123 +++++++++
 research/dca_paper/out/short-2026-09-29.jsonl | 195 +++++++++++++++
 research/dca_paper/out/short-2026-09-30.jsonl | 168 +++++++++++++
 research/dca_paper/out/short-2026-10-01.jsonl | 168 +++++++++++++
 research/dca_paper/out/short-2026-10-02.jsonl | 183 ++++++++++++++
 research/dca_paper/out/short-2026-10-03.jsonl |  24 ++
 61 files changed, 9114 insertions(+), 17 deletions(-)
To github.com:n0tgod/algoth_v2.git
   41e4751d..1d71da70  main -> main
branch 'main' set up to track 'origin/main'.
опубликовано
конец: 2026-10-03T10:47:46Z, код 0
публикуется в ветку main:
 jobs/done/ticket-short.log | 68 ++++++++++++++++++++++++++++++++++++++++++++++
 1 file changed, 68 insertions(+)
To github.com:n0tgod/algoth_v2.git
   1d71da70..be2a02b7  main -> main
branch 'main' set up to track 'origin/main'.
опубликовано
