== задание ticket-pair ==
строка: run research/dca_paper/run_pair.py
начало: 2026-10-03T10:44:47Z
запускаю: .venv/bin/python research/dca_paper/run_pair.py 
длинные книги: aggr 7551, optimal 7551, safe 7551
короткие книги: aggr_h 4484, optimal_h 4484, safe_h 4484
pair_safe: фильтр возраста ≥7 сут оставил 3672 из 4484 (моложе порога 812, возраст неизвестен 0)
pair_safe: охрана рынком ≥ 2 % закрыла 1282 из 3672 позиций (из них открытых 25); часов без волны 462, записей без отметок 0
pair_optimal: фильтр возраста ≥7 сут оставил 3672 из 4484 (моложе порога 812, возраст неизвестен 0)
pair_optimal: охрана рынком ≥ 2 % закрыла 1136 из 3672 позиций (из них открытых 21); часов без волны 433, записей без отметок 0
pair_aggr: фильтр возраста ≥7 сут оставил 3672 из 4484 (моложе порога 812, возраст неизвестен 0)
pair_aggr: охрана рынком ≥ 2 % закрыла 1136 из 3672 позиций (из них открытых 21); часов без волны 433, записей без отметок 0
линейка общая (безопасная) (pair_safe): позиций 11223, после правила одной на имя 2937
  депозит $1,000: мест 40, взято 1169, нет кассы 1768, мельче $5 0, открытых 23, оборванных записью 6
  депозит $10,000: мест 400, взято 2548, нет кассы 389, мельче $5 0, открытых 30, оборванных записью 7
  депозит $100,000: мест 735, взято 2904, нет кассы 33, мельче $5 0, открытых 30, оборванных записью 10
линейка общая (оптимальная) (pair_optimal): позиций 11223, после правила одной на имя 3040
  депозит $1,000: мест 40, взято 1159, нет кассы 1881, мельче $5 0, открытых 17, оборванных записью 5
  депозит $10,000: мест 400, взято 2785, нет кассы 255, мельче $5 0, открытых 30, оборванных записью 8
  депозит $100,000: мест 735, взято 3040, нет кассы 0, мельче $5 0, открытых 30, оборванных записью 9
линейка общая (агрессивная) (pair_aggr): позиций 11223, гейт плеча отсеял 7141, после правила одной на имя 1519
  депозит $1,000: мест 40, взято 1291, нет кассы 228, мельче $5 0, открытых 14, оборванных записью 5
  депозит $10,000: мест 400, взято 1519, нет кассы 0, мельче $5 0, открытых 14, оборванных записью 5
  депозит $100,000: мест 393, взято 1519, нет кассы 0, мельче $5 0, открытых 14, оборванных записью 5
журнал: было 88319, дописано 17672 в 58 файлов записи
раздельные счета: издержки вычтены у 11466 строк из 11466
# Общий счёт: длинная книга и короткая на одном депозите

Требование владельца 2026-09-07: «для общей должен быть один общий счёт, а не по отдельности». Решения обеих книг стоят в ОДНОЙ очереди за деньгами: занятая одной стороной маржа недоступна другой, и часть сделок поэтому не случается вовсе. Числа общей книги не равны сумме двух отдельных — это и есть разница режимов, а не расхождение счёта.

Билет у каждой стороны СВОЙ (он выведен из пика её одновременных позиций), гейт плеча и правило «одна позиция на имя» — тоже правила стороны. Издержки учтены в каждой сделке, как и в отдельных книгах.

**Возраст имени на входе шорта** (решение владельца 2026-09-08, объявлено ДО прогона): короткая сторона не входит в имя, торгующееся на площадке меньше 7 сут; возраст неизвестен — входа тоже нет, и это своё число. Основание: на объявленной сетке (0, 3, 7, 14, 30, 60 суток) отношение доход/просадка растёт с 1.24 / 1.19 / 0.95 до 3.26 / 3.00 / 2.36 уже на семи сутках, а случайная выборка ровно того же размера бьёт фильтр лишь в 2–9 % случаев из 200 зёрен. Механизм назван: плюс книги делают имена старше 60 суток, моложе недели — минус с худшей медианой сделки и большей долей хвостовых исходов; funding тут ни при чём — у молодых имён он шорту благоприятен. Порог взят наименьший из работающих, а не лучшая ячейка: различить 7, 30 и 60 суток данные одного окна не позволяют. Отдельные короткие книги получили тот же фильтр 2026-09-08 по решению владельца, и живого контроля у правила с этого дня нет: контроль расчётный, обе ветки на одном кэше. Гейт по ставке funding снят 2026-09-08 (держался на «ставка неизвестна»); его машинерия проверена и оставлена.

| книга | порог | решений предложено | взято | моложе порога | возраст неизвестен | справочнику часов |
|---|---|--:|--:|--:|--:|--:|
| общая (безопасная) | ≥7 сут | 4484 | 3672 | 812 | 0 | 5.7 |
| общая (оптимальная) | ≥7 сут | 4484 | 3672 | 812 | 0 | 5.7 |
| общая (агрессивная) | ≥7 сут | 4484 | 3672 | 812 | 0 | 5.7 |

**Охрана рынком у короткой стороны** (правило 2026-09-13, спека 14 §13): короткая позиция закрывается по закрытию часа, когда средний ход крупных имён рынка с момента входа ≥ порога; исход «рынок».

| книга | порог | коротких позиций | закрыто рынком | из них открытых | часов без волны |
|---|--:|--:|--:|--:|--:|
| общая (безопасная) | ≥ 2 % | 3672 | 1282 | 25 | 462 |
| общая (оптимальная) | ≥ 2 % | 3672 | 1136 | 21 | 433 |
| общая (агрессивная) | ≥ 2 % | 3672 | 1136 | 21 | 433 |

**Доля билета короткой стороны** (решение владельца 2026-09-07 по замеру `short_why`, объявлено ДО прогона): общая (безопасная) 0.5×, общая (оптимальная) 0.25×, общая (агрессивная) 0.25×. Просадку общего счёта делает хвост короткой стороны (пол капитуляции и ликвидация, funding на большом плече), а не связь сторон — она отрицательна у всех трёх пар. Доля не опускает билет ниже биржевого пола: на депозите $1 000 билеты и так стоят на полу, и там правило не кусается.

| книга | депозит | билет длинной | билет короткой | её собственный | доля |
|---|--:|--:|--:|--:|--:|
| общая (безопасная) | $1000 | $25 | $25 | $25 | 1.00× |
| общая (безопасная) | $10000 | $25 | $111 | $222 | 0.50× |
| общая (безопасная) | $100000 | $145 | $1111 | $2222 | 0.50× |
| общая (оптимальная) | $1000 | $25 | $25 | $25 | 1.00× |
| общая (оптимальная) | $10000 | $25 | $55.5 | $222 | 0.25× |
| общая (оптимальная) | $100000 | $145 | $555.5 | $2222 | 0.25× |
| общая (агрессивная) | $1000 | $6.25 | $6.5 | $26 | 0.25× |
| общая (агрессивная) | $10000 | $28 | $66.5 | $266 | 0.25× |
| общая (агрессивная) | $100000 | $281 | $666.5 | $2666 | 0.25× |

## Книги

| книга | депозит | сделок | длинных | коротких | Σ $ | итог | просадка | медиана дня | плюсов | $ без лучшего имени | $ без 3 лучших дней | просадка без худшего дня | связь сторон | совпадений имён |
|---|--:|--:|--:|--:|--:|--:|--:|--:|--:|--:|--:|--:|--:|--:|
| общая (безопасная) | $1000 | 1140 | 326 | 814 | +330.66 | +33.07 % | -12.20 % | +0.01 | 0.607 % | +278.59 | +169.32 | -7.1 % | -0.122 | 15 (1.8 %) |
| общая (безопасная) | $10000 | 2511 | 1497 | 1014 | +2156.38 | +21.56 % | -5.40 % | +0.01 | 0.692 % | +1955.71 | +1303.54 | -3.2 % | -0.077 | 41 (4.0 %) |
| общая (безопасная) | $100000 | 2864 | 1828 | 1036 | +21584.52 | +21.58 % | -5.43 % | +0.01 | 0.707 % | +19556.72 | +13912.10 | -3.2 % | -0.078 | 51 (4.9 %) |
| общая (оптимальная) | $1000 | 1137 | 294 | 843 | +602.04 | +60.20 % | -21.40 % | +0.02 | 0.562 % | +472.12 | +223.65 | -16.6 % | -0.13 | 15 (1.8 %) |
| общая (оптимальная) | $10000 | 2747 | 1632 | 1115 | +2798.43 | +27.98 % | -4.08 % | +0.00 | 0.674 % | +2614.40 | +1242.13 | -2.5 % | 0.032 | 43 (3.9 %) |
| общая (оптимальная) | $100000 | 3001 | 1874 | 1127 | +21845.38 | +21.85 % | -3.87 % | +0.00 | 0.685 % | +20086.45 | +9588.19 | -2.5 % | 0.046 | 54 (4.8 %) |
| общая (агрессивная) | $1000 | 1272 | 427 | 845 | +474.41 | +47.44 % | -7.01 % | +0.00 | 0.612 % | +454.80 | +165.06 | -5.0 % | -0.032 | 7 (0.8 %) |
| общая (агрессивная) | $10000 | 1500 | 650 | 850 | +4137.53 | +41.38 % | -6.30 % | +0.00 | 0.659 % | +3939.94 | +1790.07 | -6.2 % | -0.017 | 7 (0.8 %) |
| общая (агрессивная) | $100000 | 1500 | 650 | 850 | +41516.77 | +41.52 % | -6.32 % | +0.00 | 0.659 % | +39534.38 | +17948.60 | -6.2 % | -0.017 | 7 (0.8 %) |

**Колонки концентрации.** «Без лучшего имени» вычитает одну разогнанную монету, «без 3 лучших дней» — рыночный эпизод, раздавший деньги десяткам имён разом (первой колонке он невидим), «просадка без худшего дня» говорит, сделана ли просадка одним днём. У общего счёта это вопрос ОБЕИХ сторон сразу: эпизод, кормящий короткую сторону, обычно тот же, что бьёт длинную, и наоборот — потому лучший день счёта может оказаться худшим днём одной из его книг.


## Один счёт против двух раздельных

Слева общий счёт: депозит один на обе стороны. Справа те же книги, как их показывают собственные вкладки: у каждой свой депозит, то есть капитала вдвое больше. Поэтому сравниваются ДЕНЬГИ и просадка, а проценты у них от разных капиталов. Обе стороны таблицы — НЕТТО: издержки вычтены и там, и там (у раздельных счетов 11466 строк из 11466).

| книга | депозит | Σ $ общий счёт | просадка общего | Σ $ длинная отдельно | Σ $ короткая отдельно | Σ $ двух счетов | сделок общий / врозь |
|---|--:|--:|--:|--:|--:|--:|--:|
| общая (безопасная) | $1000 | +330.66 | -12.20 % | +131.03 | — | +131.03 | 1140 / 519 |
| общая (безопасная) | $10000 | +2156.38 | -5.40 % | +857.80 | — | +857.80 | 2511 / 1792 |
| общая (безопасная) | $100000 | +21584.52 | -5.43 % | +5225.49 | — | +5225.49 | 2864 / 1859 |
| общая (оптимальная) | $1000 | +602.04 | -21.40 % | +201.11 | — | +201.11 | 1137 / 541 |
| общая (оптимальная) | $10000 | +2798.43 | -4.08 % | +1818.36 | — | +1818.36 | 2747 / 1807 |
| общая (оптимальная) | $100000 | +21845.38 | -3.87 % | +10941.26 | — | +10941.26 | 3001 / 1874 |
| общая (агрессивная) | $1000 | +474.41 | -7.01 % | +286.48 | — | +286.48 | 1272 / 486 |
| общая (агрессивная) | $10000 | +4137.53 | -6.30 % | +1952.99 | — | +1952.99 | 1500 / 650 |
| общая (агрессивная) | $100000 | +41516.77 | -6.32 % | +19602.50 | — | +19602.50 | 1500 / 650 |

## Издержки: учтены в каждой сделке

Комиссия тейкером на каждом рунге и выходе, проскальзывание 4.4 б.п. (X3: медиана входа 22 заполнений, 2026-08-22…25, потолок 30) на базовый вход и рыночный выход (пол, срок, трейл, стоп), funding по рядам площадки исполнения. Лимитные рунги и тейк проскальзывания не платят по построению.

| книга | депозит | сделок | из них с издержками | комиссия $ | проскальзывание $ | funding $ | издержки всего $ | брутто $ | нетто $ | медиана на сделку, б.п. маржи (комиссия / проскальз. / funding) | среднее, б.п. (там же) | худшая сделка по funding, б.п. |
|---|--:|--:|--:|--:|--:|--:|--:|--:|--:|--:|--:|--:|
| общая (безопасная) | $1,000 | 1140 | 1140 | -58.57 | -28.03 | -146.59 | -233.19 | +563.85 | +330.66 | +5.1 / +2.2 / +0.0 | +15.1 / +7.3 / -40.1 | -6960 |
| общая (оптимальная) | $1,000 | 1137 | 1137 | -133.43 | -66.32 | -293.91 | -493.66 | +1095.70 | +602.04 | +10.4 / +4.1 / +0.0 | +29.4 / +14.6 / -69.9 | -6960 |
| общая (агрессивная) | $1,000 | 1272 | 1272 | -62.77 | -30.33 | -110.26 | -203.36 | +677.77 | +474.41 | +52.3 / +22.0 / -0.9 | +55.4 / +26.6 / -97.7 | -6960 |
| общая (безопасная) | $10,000 | 2511 | 2511 | -281.45 | -133.59 | -706.15 | -1121.19 | +3277.58 | +2156.38 | +5.5 / +2.2 / -0.5 | +11.6 / +5.3 / -22.1 | -6960 |
| общая (оптимальная) | $10,000 | 2747 | 2747 | -337.78 | -161.39 | -621.25 | -1120.42 | +3918.85 | +2798.43 | +9.2 / +3.5 / -0.7 | +22.9 / +10.4 / -32.9 | -6960 |
| общая (агрессивная) | $10,000 | 1500 | 1500 | -576.86 | -281.85 | -1115.75 | -1974.46 | +6111.99 | +4137.53 | +46.0 / +12.9 / -2.3 | +53.2 / +24.3 / -84.6 | -6960 |
| общая (безопасная) | $100,000 | 2864 | 2864 | -2772.78 | -1317.95 | -7170.52 | -11261.25 | +32845.77 | +21584.52 | +5.5 / +2.2 / -0.6 | +11.3 / +5.0 / -19.8 | -6960 |
| общая (оптимальная) | $100,000 | 3001 | 3001 | -3083.73 | -1487.80 | -6519.57 | -11091.10 | +32936.48 | +21845.38 | +9.3 / +3.5 / -0.8 | +22.6 / +10.0 / -32.4 | -6960 |
| общая (агрессивная) | $100,000 | 1500 | 1500 | -5787.58 | -2827.67 | -11191.61 | -19806.86 | +61323.63 | +41516.77 | +46.0 / +12.9 / -2.3 | +53.2 / +24.3 / -84.6 | -6960 |

**Funding — издержка ХВОСТА, а не средняя**: у 9 книг среднее на сделку в разы дальше от нуля, чем медиана, то есть платят немногие позиции и платят много (долгое удержание на дорогой ставке). общая (безопасная) $1000: медиана +0.0, среднее -40.1, худшая -6960 б.п.; общая (оптимальная) $1000: медиана +0.0, среднее -69.9, худшая -6960 б.п.; общая (агрессивная) $1000: медиана -0.9, среднее -97.7, худшая -6960 б.п..


Чего не удалось измерить: у 216 сделок ряд funding не покрывает жизнь позиции — funding им НЕ начислен (это прочерк, а не ноль: он мал и разного знака, но не измерен); у 10598 сделок ставки тейкера в справочнике нет — взята модальная.

Проскальзывание снято на 300 $ за имя (живой замер X3): у крупных билетов оно больше, поэтому нетто крупных депозитов — НИЖНЯЯ граница издержек. Отметка открытой позиции остаётся брутто: выхода ещё не было, и комиссию выхода вычитать не из чего.

## Чего эти числа НЕ говорят

- Живого исполнения здесь нет: исходы позиций взяты из кэшей реплея обеих книг, посчитанных по барам записи. Очередь в стакане и задержка входа не моделируются.
- Внутри одной секунды деньги достаются лучшему по |прогнозу| решению — правило очереди объявлено до прогона и одно на обе стороны. Другое правило дало бы другой состав, и это ось для отдельного замера, а не свойство рынка.
- Общий счёт — ХЕДЖ-режим: шорт по имени, которое держит длинная сторона, разрешён. В одностороннем режиме биржи он срезал бы длинную позицию, и число совпадений выше есть цена режима.
- Веса модели видели эти часы: пересчёт истории читается как оценка СВЕРХУ. Судит форвард.

