== задание trained-0510 ==
строка: run tools/loggrep.py --file train --preset train --days 3 --last 14
начало: 2026-10-05T22:59:08Z
запускаю: .venv/bin/python tools/loggrep.py --file train --preset train --days 3 --last 14
== research/s8_loop/out/train.log по образцу /переобучаю:|обучени[ея] .*(заняло|закончен|записан)|манифест|канарейка|Traceback|MemoryError|убит|Killed/ за 3 сут ==
  совпадений 83
  2026-10-03: 33
  2026-10-04: 50
  [10-04 12:25:27] канарейка по 5 зёрнам: среднее -0.0008, разброс 0.0103 (одиночный замер на такой выборке вердикта не несёт); зёрна -0.0052, +0.0046, -0.0057, -0.0015, +0.0039
  [10-04 12:25:27] память 1787 МБ, пик 3846 (канарейка)
  [10-04 13:52:49] переобучаю: весам 101.3 ч при каденции 24
  [10-04 14:06:29] канарейка (перемешанные цели, fwd_4h): медианный IC +0.0014
  [10-04 14:16:33] канарейка (перемешанные цели, fwd_4h): медианный IC +0.0075
  [10-04 14:26:40] канарейка (перемешанные цели, fwd_4h): медианный IC -0.0009
  [10-04 14:52:37] переобучаю: весам 102.2 ч при каденции 24
  [10-04 15:05:40] канарейка (перемешанные цели, fwd_4h): медианный IC +0.0027
  [10-04 15:14:49] канарейка (перемешанные цели, fwd_4h): медианный IC -0.0022
  [10-04 15:23:47] канарейка (перемешанные цели, fwd_4h): медианный IC +0.0006
  [10-04 15:32:39] канарейка (перемешанные цели, fwd_4h): медианный IC +0.0025
  [10-04 21:45:59] переобучаю: весам 109.1 ч при каденции 24
  [10-04 21:58:12] канарейка (перемешанные цели, fwd_4h): медианный IC -0.0100
  [10-04 22:07:03] канарейка (перемешанные цели, fwd_4h): медианный IC +0.0026
конец: 2026-10-05T22:59:08Z, код 0
публикуется в ветку main:
 docs/MAP.md                 |  2 +-
 jobs/done/kills-0410.log    | 77 +++++++++++++++++++++++++++++++++++++++++++++
 jobs/done/status-0510b.done |  1 +
 jobs/done/status-0510b.log  | 12 +++++++
 jobs/done/trained-0510.done |  1 +
 jobs/done/trained-0510.log  | 23 ++++++++++++++
 jobs/poke.log               |  2 ++
 7 files changed, 117 insertions(+), 1 deletion(-)
On branch main
Your branch is ahead of 'origin/main' by 1 commit.
  (use "git push" to publish your local commits)

Changes not staged for commit:
  (use "git add <file>..." to update what will be committed)
  (use "git restore <file>..." to discard changes in working directory)
	modified:   jobs/done/trained-0510.log
	modified:   research/paper_monthly/out/daily.log
	modified:   research/s10_policy/out/tournament.log

Untracked files:
  (use "git add <file>..." to include in what will be committed)
	bot/out/
	research/a1_universe/.cache_opts/
	research/a1_universe/.cache_risk/
	research/mech_13a67a67/RUNBOOK.md
	research/mech_13a67a67/controls_check.py
	research/mech_13a67a67/run_age_mode.py
	research/mech_193cbb87/_diff.py
	research/mech_193cbb87/_finish_build.py
	research/mech_193cbb87/_look.py
	research/mech_193cbb87/_probe.py
	research/mech_258a860c/_probe.py
	research/mech_258a860c/_scratch.py
	research/mech_2859b3d4/_ev_count.py
	research/mech_2859b3d4/_speed.py
	research/mech_2859b3d4/out/run.log
	research/mech_357a7c60/_bite.py
	research/mech_357a7c60/_cmp.py
	research/mech_357a7c60/_keys.py
	research/mech_357a7c60/_render.py
	research/mech_374e2591/_mkbuild.py
	research/mech_374e2591/_needs_owner.json
	research/mech_374e2591/_notes.txt
	research/mech_374e2591/_probe.py
	research/mech_374e2591/_probe2.py
	research/mech_374e2591/_probe3.py
	research/mech_374e2591/_uniq.py
	research/mech_374e2591/cache/
	research/mech_59653014/_controls_check.py
	research/mech_59653014/_smoke.py
	research/mech_59653014/cache/
	research/mech_59653014/out/run.log
	research/mech_63fa406a/
	research/mech_9dd65163/_probe2.py
	research/mech_9dd65163/_probe3.py
	research/mech_9dd65163/_probe4.py
	research/mech_bb7c3581/_bite.py
	research/mech_bb7c3581/_probe.py
	research/mech_dc3b6317/_dbg_scan.py
	research/mech_dc3b6317/_uniq.py
	research/mech_fcbd3542/.cache_ann/
	research/mech_fcbd3542/.smoke.sh
	"research/mech_fcbd3542/.\320\275\320\265\321\202/"
	research/probe_fshift/.gitignore
	research/s8_loop/books_extra.json

no changes added to commit (use "git add" and/or "git commit -a")
