== задание upcascade-2 ==
строка: run research/probe_upcascade/up.py
начало: 2026-08-30T22:30:14Z
запускаю: .venv/bin/python research/probe_upcascade/up.py 
[22:30:14] символов 618, моментов 262,656
[22:30:19]   цены 2024-01: 2,141,157 значений
[22:30:20]   цены 2024-02: 2,076,704 значений
[22:30:22]   цены 2024-03: 2,312,453 значений
[22:30:24]   цены 2024-04: 2,267,076 значений
[22:30:25]   цены 2024-05: 2,323,499 значений
[22:30:27]   цены 2024-06: 2,236,282 значений
[22:30:28]   цены 2024-07: 2,299,941 значений
[22:30:30]   цены 2024-08: 2,342,550 значений
[22:30:31]   цены 2024-09: 2,401,195 значений
[22:30:33]   цены 2024-10: 2,550,430 значений
[22:30:35]   цены 2024-11: 2,596,775 значений
[22:30:37]   цены 2024-12: 2,844,852 значений
[22:30:39]   цены 2025-01: 2,998,949 значений
[22:30:41]   цены 2025-02: 2,780,471 значений
[22:30:44]   цены 2025-03: 3,137,778 значений
[22:30:46]   цены 2025-04: 3,176,932 значений
[22:30:48]   цены 2025-05: 3,485,290 значений
[22:30:51]   цены 2025-06: 3,515,370 значений
[22:30:54]   цены 2025-07: 3,762,646 значений
[22:30:56]   цены 2025-08: 3,928,353 значений
[22:30:59]   цены 2025-09: 3,951,250 значений
[22:31:02]   цены 2025-10: 4,294,999 значений
[22:31:05]   цены 2025-11: 4,146,669 значений
[22:31:08]   цены 2025-12: 4,203,001 значений
[22:31:12]   цены 2026-01: 4,272,976 значений
[22:31:14]   цены 2026-02: 3,875,921 значений
[22:31:18]   цены 2026-03: 4,282,672 значений
[22:31:21]   цены 2026-04: 4,091,735 значений
[22:31:24]   цены 2026-05: 4,166,250 значений
[22:31:27]   цены 2026-06: 4,035,729 значений
[22:31:28] матрица (618, 262656), заполнено 59.4%
[22:31:29]   просмотрено 50 из 618, событий 1630
[22:31:30]   просмотрено 100 из 618, событий 2919
[22:31:31]   просмотрено 150 из 618, событий 4484
[22:31:32]   просмотрено 200 из 618, событий 5580
[22:31:32]   просмотрено 250 из 618, событий 6879
[22:31:34]   просмотрено 300 из 618, событий 8361
[22:31:35]   просмотрено 350 из 618, событий 9552
[22:31:36]   просмотрено 450 из 618, событий 13073
[22:31:37]   просмотрено 500 из 618, событий 14326
[22:31:38]   просмотрено 550 из 618, событий 15572
[22:31:40] событий всего 109,058 (85 с)
[22:31:40] замер: Подтверждающая, рука event (память: 2627 МБ свободно)
[22:32:04]   нуль 1, 15 мин: зёрен 10
[22:32:20]   нуль 1, 60 мин: зёрен 10
[22:33:16]   нуль 1, 240 мин: зёрен 10
[22:33:16] замер: Подтверждающая, рука control2 (память: 2261 МБ свободно)
[22:40:28]   нуль 1, 15 мин: зёрен 10
[22:45:12]   нуль 1, 60 мин: зёрен 10
[22:46:29]   нуль 1, 240 мин: зёрен 10
[22:46:29] замер: Разведочная, рука event (память: 3084 МБ свободно)
[22:46:34]   нуль 1, 15 мин: зёрен 10
[22:46:35]   нуль 1, 60 мин: зёрен 10
[22:46:35]   нуль 1, 240 мин: зёрен 10
[22:46:35] замер: Разведочная, рука control2 (память: 3074 МБ свободно)
[22:46:43]   нуль 1, 15 мин: зёрен 10
[22:46:46]   нуль 1, 60 мин: зёрен 10
[22:46:49]   нуль 1, 240 мин: зёрен 10
[22:46:49] отчёт: /root/algoth_v2/research/probe_upcascade/out/UPCASCADE-1m.md · 995 с
