== задание w1-full-1 ==
строка: run research/w1_waves/probe.py --tag 1h
начало: 2026-08-26T08:46:29Z
запускаю: .venv/bin/python research/w1_waves/probe.py --tag 1h
[08:46:30] символов 632, часов 38,688
[08:46:30] память: нужно ~584 МБ, доступно 3671 МБ
[08:46:31]   цены 2022-01: 98,060 значений
[08:46:31]   цены 2022-02: 89,403 значений
[08:46:32]   цены 2022-03: 101,016 значений
[08:46:32]   цены 2022-04: 100,136 значений
[08:46:33]   цены 2022-05: 104,261 значений
[08:46:33]   цены 2022-06: 98,724 значений
[08:46:34]   цены 2022-07: 101,184 значений
[08:46:34]   цены 2022-08: 101,697 значений
[08:46:35]   цены 2022-09: 101,462 значений
[08:46:35]   цены 2022-10: 107,731 значений
[08:46:35]   цены 2022-11: 103,920 значений
[08:46:36]   цены 2022-12: 105,648 значений
[08:46:36]   цены 2023-01: 106,668 значений
[08:46:37]   цены 2023-02: 102,211 значений
[08:46:37]   цены 2023-03: 121,507 значений
[08:46:38]   цены 2023-04: 123,380 значений
[08:46:39]   цены 2023-05: 133,110 значений
[08:46:39]   цены 2023-06: 130,536 значений
[08:46:40]   цены 2023-07: 137,966 значений
[08:46:41]   цены 2023-08: 142,877 значений
[08:46:41]   цены 2023-09: 140,673 значений
[08:46:42]   цены 2023-10: 151,887 значений
[08:46:43]   цены 2023-11: 160,259 значений
[08:46:43]   цены 2023-12: 173,502 значений
[08:46:44]   цены 2024-01: 178,658 значений
[08:46:45]   цены 2024-02: 173,556 значений
[08:46:46]   цены 2024-03: 192,716 значений
[08:46:47]   цены 2024-04: 188,976 значений
[08:46:48]   цены 2024-05: 193,876 значений
[08:46:49]   цены 2024-06: 186,632 значений
[08:46:50]   цены 2024-07: 191,958 значений
[08:46:51]   цены 2024-08: 195,467 значений
[08:46:52]   цены 2024-09: 200,650 значений
[08:46:53]   цены 2024-10: 212,869 значений
[08:46:54]   цены 2024-11: 216,485 значений
[08:46:55]   цены 2024-12: 237,072 значений
[08:46:56]   цены 2025-01: 249,919 значений
[08:46:58]   цены 2025-02: 231,849 значений
[08:46:59]   цены 2025-03: 262,044 значений
[08:47:00]   цены 2025-04: 265,487 значений
[08:47:02]   цены 2025-05: 290,795 значений
[08:47:03]   цены 2025-06: 293,979 значений
[08:47:05]   цены 2025-07: 314,284 значений
[08:47:06]   цены 2025-08: 328,086 значений
[08:47:08]   цены 2025-09: 330,742 значений
[08:47:10]   цены 2025-10: 359,493 значений
[08:47:11]   цены 2025-11: 346,706 значений
[08:47:13]   цены 2025-12: 353,265 значений
[08:47:15]   цены 2026-01: 358,310 значений
[08:47:16]   цены 2026-02: 325,443 значений
[08:47:18]   цены 2026-03: 359,906 значений
[08:47:20]   цены 2026-04: 345,084 значений
[08:47:21]   цены 2026-05: 349,833 значений
[08:47:26]   цены: заполнено 43.2%, годных символо-часов 10,437,310
[08:47:26] прочитка 1: повторяется ли форма…
[08:47:52]   2023-01-01 W=12: сечений 180, пул 19,968, 20 с
[08:48:10]   2023-01-01 W=24: сечений 180, пул 19,918, 18 с
[08:48:29]   2023-01-01 W=48: сечений 180, пул 19,865, 19 с
[08:48:51]   2023-01-01 W=168: сечений 180, пул 19,509, 21 с
[08:49:12]   2023-04-01 W=12: сечений 182, пул 19,956, 21 с
[08:49:31]   2023-04-01 W=24: сечений 182, пул 19,918, 19 с
[08:49:52]   2023-04-01 W=48: сечений 182, пул 19,833, 21 с
[08:50:16]   2023-04-01 W=168: сечений 182, пул 19,491, 24 с
[08:50:40]   2023-07-01 W=12: сечений 184, пул 19,953, 23 с
[08:51:03]   2023-07-01 W=24: сечений 184, пул 19,953, 23 с
[08:51:25]   2023-07-01 W=48: сечений 184, пул 19,928, 22 с
[08:51:52]   2023-07-01 W=168: сечений 184, пул 19,830, 26 с
[08:52:21]   2023-10-01 W=12: сечений 184, пул 19,945, 29 с
[08:52:50]   2023-10-01 W=24: сечений 184, пул 19,942, 29 с
[08:53:24]   2023-10-01 W=48: сечений 184, пул 19,920, 34 с
[08:54:00]   2023-10-01 W=168: сечений 184, пул 19,823, 36 с
[08:54:38]   2024-01-01 W=12: сечений 182, пул 19,951, 38 с
[08:55:21]   2024-01-01 W=24: сечений 182, пул 19,933, 42 с
[08:56:05]   2024-01-01 W=48: сечений 182, пул 19,917, 44 с
[08:56:47]   2024-01-01 W=168: сечений 182, пул 19,771, 42 с
[08:57:27]   2024-04-01 W=12: сечений 182, пул 19,966, 40 с
[08:58:07]   2024-04-01 W=24: сечений 182, пул 19,961, 39 с
[08:58:46]   2024-04-01 W=48: сечений 182, пул 19,909, 39 с
[08:59:26]   2024-04-01 W=168: сечений 182, пул 19,767, 40 с
