== задание w1-smoke ==
строка: run research/w1_waves/probe.py --start 2025-01-01 --end 2025-04-01 --tag q1-2025 --skip-zigzag
начало: 2026-08-26T06:00:02Z
запускаю: .venv/bin/python research/w1_waves/probe.py --start 2025-01-01 --end 2025-04-01 --tag q1-2025 --skip-zigzag
[06:00:03] символов 632, часов 10,920
[06:00:03] память: нужно ~233 МБ, доступно 4865 МБ
[06:00:04]   цены 2024-01: 172,970 значений
[06:00:04]   цены 2024-02: 173,556 значений
[06:00:05]   цены 2024-03: 192,716 значений
[06:00:06]   цены 2024-04: 188,976 значений
[06:00:06]   цены 2024-05: 193,876 значений
[06:00:07]   цены 2024-06: 186,632 значений
[06:00:08]   цены 2024-07: 191,958 значений
[06:00:08]   цены 2024-08: 195,467 значений
[06:00:09]   цены 2024-09: 200,650 значений
[06:00:10]   цены 2024-10: 212,869 значений
[06:00:10]   цены 2024-11: 216,485 значений
[06:00:11]   цены 2024-12: 237,072 значений
[06:00:12]   цены 2025-01: 249,919 значений
[06:00:12]   цены 2025-02: 231,849 значений
[06:00:13]   цены 2025-03: 262,044 значений
[06:00:15]   цены: заполнено 45.0%, годных символо-часов 3,085,307
[06:00:15] прочитка 1: повторяется ли форма…
[06:00:44]   2025-01-01 W=12: сечений 180, пул 19,929, 29 с
[06:01:10]   2025-01-01 W=24: сечений 180, пул 19,868, 26 с
[06:01:31]   2025-01-01 W=48: сечений 180, пул 19,788, 21 с
[06:01:55]   2025-01-01 W=168: сечений 180, пул 19,360, 23 с
[06:01:55] отчёт: /root/algoth_v2/research/w1_waves/out/W1-waves-q1-2025.md
[06:01:55] медиана по сетке: IC +0.0057, нуль +0.0006, книга +1.2 б.п.
публикуется в ветку main:
 jobs/done/diag-queue-1.log                |  9 ++++
 jobs/done/w1-smoke.log                    | 23 +++++++++
 jobs/done/z3-progress.done                |  1 +
 jobs/done/z3-progress.log                 |  4 ++
 research/w1_waves/out/W1-waves-q1-2025.md | 86 +++++++++++++++++++++++++++++++
 research/w1_waves/out/w1-q1-2025.json     |  1 +
 6 files changed, 124 insertions(+)
To github.com:n0tgod/algoth_v2.git
   9a7c7fa..6d35ee9  main -> main
branch 'main' set up to track 'origin/main'.
опубликовано
конец: 2026-08-26T06:01:57Z, код 0
публикуется в ветку main:
 jobs/done/w1-smoke.log | 13 +++++++++++++
 1 file changed, 13 insertions(+)
To github.com:n0tgod/algoth_v2.git
   6d35ee9..47fed80  main -> main
branch 'main' set up to track 'origin/main'.
опубликовано
