== задание w2-grammar-1 ==
строка: run research/w1_waves/grammar_probe.py --tag 1h
начало: 2026-08-26T16:42:44Z
запускаю: .venv/bin/python research/w1_waves/grammar_probe.py --tag 1h
[16:42:45] символов 632, часов 34,344
[16:42:46]   цены 2022-07: 101,184 значений
[16:42:46]   цены 2022-08: 101,697 значений
[16:42:47]   цены 2022-09: 101,462 значений
[16:42:47]   цены 2022-10: 107,731 значений
[16:42:47]   цены 2022-11: 103,920 значений
[16:42:48]   цены 2022-12: 105,648 значений
[16:42:48]   цены 2023-01: 106,668 значений
[16:42:49]   цены 2023-02: 102,211 значений
[16:42:49]   цены 2023-03: 121,507 значений
[16:42:50]   цены 2023-04: 123,380 значений
[16:42:50]   цены 2023-05: 133,110 значений
[16:42:51]   цены 2023-06: 130,536 значений
[16:42:52]   цены 2023-07: 137,966 значений
[16:42:52]   цены 2023-08: 142,877 значений
[16:42:53]   цены 2023-09: 140,673 значений
[16:42:54]   цены 2023-10: 151,887 значений
[16:42:55]   цены 2023-11: 160,259 значений
[16:42:55]   цены 2023-12: 173,502 значений
[16:42:56]   цены 2024-01: 178,658 значений
[16:42:57]   цены 2024-02: 173,556 значений
[16:42:58]   цены 2024-03: 192,716 значений
[16:42:59]   цены 2024-04: 188,976 значений
[16:43:00]   цены 2024-05: 193,876 значений
[16:43:01]   цены 2024-06: 186,632 значений
[16:43:02]   цены 2024-07: 191,958 значений
[16:43:02]   цены 2024-08: 195,467 значений
[16:43:03]   цены 2024-09: 200,650 значений
[16:43:04]   цены 2024-10: 212,869 значений
[16:43:06]   цены 2024-11: 216,485 значений
[16:43:07]   цены 2024-12: 237,072 значений
[16:43:08]   цены 2025-01: 249,919 значений
[16:43:09]   цены 2025-02: 231,849 значений
[16:43:10]   цены 2025-03: 262,044 значений
[16:43:11]   цены 2025-04: 265,487 значений
[16:43:13]   цены 2025-05: 290,795 значений
[16:43:14]   цены 2025-06: 293,979 значений
[16:43:15]   цены 2025-07: 314,284 значений
[16:43:17]   цены 2025-08: 328,086 значений
[16:43:19]   цены 2025-09: 330,742 значений
[16:43:20]   цены 2025-10: 359,493 значений
[16:43:22]   цены 2025-11: 346,706 значений
[16:43:24]   цены 2025-12: 353,265 значений
[16:43:25]   цены 2026-01: 358,310 значений
[16:43:27]   цены 2026-02: 325,443 значений
[16:43:28]   цены 2026-03: 359,906 значений
[16:43:30]   цены 2026-04: 345,084 значений
[16:43:31]   цены 2026-05: 349,833 значений
[16:43:36]   цены: заполнено 46.0%, годных символо-часов 9,848,165
[16:43:48]   50/632 символов, 13 с, в деле 45
[16:44:04]   100/632 символов, 28 с, в деле 90
[16:44:17]   150/632 символов, 42 с, в деле 131
[16:44:31]   200/632 символов, 56 с, в деле 172
[16:44:43]   250/632 символов, 67 с, в деле 214
[16:44:58]   300/632 символов, 82 с, в деле 262
[16:45:13]   350/632 символов, 98 с, в деле 307
[16:45:27]   400/632 символов, 111 с, в деле 357
[16:45:39]   450/632 символов, 123 с, в деле 400
[16:45:53]   500/632 символов, 137 с, в деле 442
[16:46:07]   550/632 символов, 151 с, в деле 487
[16:46:18]   600/632 символов, 162 с, в деле 533
[16:46:28] символов в деле 560; считаю поиск по структуре…
[16:46:28] память поиска: нужно ~424 МБ, доступно 2795
[16:53:51]   1σ real: IC +0.6153, нуль +0.0005, запросов 30,000 из 146,024
[17:01:40]   1σ surr: IC +0.6154, нуль +0.0044, запросов 30,000 из 145,439
[17:03:50]   2σ real: IC +0.6001, нуль -0.0003, запросов 30,000 из 44,668
[17:05:46]   2σ surr: IC +0.6057, нуль +0.0034, запросов 30,000 из 45,363
[17:05:55] отчёт: /root/algoth_v2/research/w1_waves/out/W2-grammar-1h.md
