== задание wave-full ==
строка: run research/dca_paper/wave_guard.py
начало: 2026-09-13T03:37:37Z
запускаю: .venv/bin/python research/dca_paper/wave_guard.py 
сделок 6621; волна не собралась 0 раз; сводок есть/нет 68224/3603; 15 с
волна ≥ 1 %: изменено 3287 сделок (хвостовых 207), Σ долей маржи -13.22
    контроль: 50 зёрен из 200, 16 с
    контроль: 100 зёрен из 200, 32 с
    контроль: 150 зёрен из 200, 48 с
волна ≥ 2 %: изменено 2147 сделок (хвостовых 117), Σ долей маржи +8.84
    контроль: 50 зёрен из 200, 14 с
    контроль: 100 зёрен из 200, 29 с
    контроль: 150 зёрен из 200, 43 с
волна ≥ 3 %: изменено 1590 сделок (хвостовых 76), Σ долей маржи +2.67
    контроль: 50 зёрен из 200, 14 с
    контроль: 100 зёрен из 200, 29 с
    контроль: 150 зёрен из 200, 43 с
h24/gbm: часов 670, коротких выборов 2010, ног под краем 2000, отброшено (нет полей / знак) 10
h24/nn: часов 670, коротких выборов 2010, ног под краем 1867, отброшено (нет полей / знак) 131
ног обеих рук: 3867
пол капитуляции 0.1 — линейки safe_s
коротких ног (край ≥ 33) 167: rr2 14, lo 134, any 167; символов 88
окно решений 2026-08-08 10:00 … 2026-09-12 01:00 UTC (34.6 суток, дат 35)
память: 632.8 МБ (ноги загружены; предел 1200)
  символ 6/88  решений 9
  символ 9/88  решений 16
память: 864.8 МБ (символ 10/88; предел 1200)
  символ 14/88  решений 26
память: 716.7 МБ (символ 20/88; предел 1200)
  символ 21/88  решений 40
  символ 27/88  решений 50
память: 766.2 МБ (символ 30/88; предел 1200)
  символ 31/88  решений 61
  символ 34/88  решений 64
  символ 37/88  решений 74
память: 774.6 МБ (символ 40/88; предел 1200)
память: 776.2 МБ (символ 50/88; предел 1200)
  символ 53/88  решений 100
память: 774.3 МБ (символ 60/88; предел 1200)
  символ 65/88  решений 119
  символ 70/88  решений 135
память: 846.3 МБ (символ 70/88; предел 1200)
  символ 72/88  решений 145
память: 802.0 МБ (символ 80/88; предел 1200)
  символ 84/88  решений 161
запись доходит до 2026-09-13 01:00 UTC
пол капитуляции 0.5 — линейки optimal_s
коротких ног (край ≥ 33) 167: rr2 14, lo 134, any 167; символов 88
окно решений 2026-08-08 10:00 … 2026-09-12 01:00 UTC (34.6 суток, дат 35)
память: 827.4 МБ (ноги загружены; предел 1200)
  символ 7/88  решений 12
  символ 9/88  решений 16
память: 871.6 МБ (символ 10/88; предел 1200)
  символ 14/88  решений 26
память: 830.3 МБ (символ 20/88; предел 1200)
  символ 21/88  решений 40
  символ 27/88  решений 50
память: 830.6 МБ (символ 30/88; предел 1200)
  символ 31/88  решений 61
  символ 34/88  решений 64
  символ 37/88  решений 74
память: 833.5 МБ (символ 40/88; предел 1200)
память: 835.0 МБ (символ 50/88; предел 1200)
  символ 53/88  решений 100
память: 834.0 МБ (символ 60/88; предел 1200)
  символ 65/88  решений 119
  символ 70/88  решений 135
память: 852.8 МБ (символ 70/88; предел 1200)
  символ 76/88  решений 149
память: 840.0 МБ (символ 80/88; предел 1200)
  символ 84/88  решений 161
запись доходит до 2026-09-13 01:00 UTC
досчитано записей 300 по 167 решениям
равенство ядру: записей 300, исход разошёлся у 4, точек 6100, расхождений 0, max |Δ| 0.00e+00
# Охрана рынком для коротких книг: концентрация, депозиты, равенство ядру

Решение владельца 2026-09-13 по итогам `path_screen`: довести ось «выйти из шорта, когда волна рынка с входа выросла на ≥ y %» до кандидата на книгу-сестру. Волна — средний ход 20 прокси-имён (`side_wave.PROXY`). Выход — по отметке ядра на границе часа; это не приближение, а усечение симуляции в эту секунду — и это ПРОВЕРЕНО ниже на выборке реальных решений, а не постулировано. Деньги — касса семейства, нетто; контроль — случайные выходы того же числа сделок в те же часы среди открытых (200 зёрен). Правилом ось не становится: следующий шаг — книга-сестра вперёд.

## Равенство ядру

Реплей ядром 167 ног (150 решений, 1223.4 с) с контрольными точками на конце каждого часа: записей сверено 300, исход реплея разошёлся с кэшем у 4; точек до выхода 6100, расхождений с отметкой 0 (max |Δ| 0.0e+00 доли маржи); точка пустая при открытой позиции 0 раз, непустая после выхода 0 раз; записей без точек 0, с входом не на границе часа 0. **РАСХОЖДЕНИЕ — охрану по отметкам читать нельзя**.

**Задержка исполнения на один бар** (выход первым баром следующего часа вместо последнего бара своего): по 6099 точкам медиана +0.000 % маржи, среднее +0.038 %, 5–95 % -1.05…+1.25 %; бар на границе отличался от последнего у 88 % точек. Знак минус значит, что минута задержки стоит денег шорту; в числах оси выше задержка не учтена.

## Ось по порогам

Сделок 6621; волна не собралась 0 раз. Депозит $10,000; «$ без 3 лучших дней» — сумма дней книги без трёх лучших: правило, живущее одним днём, здесь и проваливается.

### волна с входа ≥ 1 %

Изменено сделок 3287 (из них хвостовых 207, срезано в минус 1822); Σ долей маржи -13.22 против -23.40 у случайных выходов (не хуже в 19 % зёрен).

| книга | итог: как сейчас → правило | просадка | $ всего | $ без 3 лучших дней | хвостовых выходов (пол + ликвидация) | зёрен, где случайные не хуже по итогу |
|---|--:|--:|--:|--:|--:|--:|
| безопасная (шорт h24) | +10.7 % → **+31.2 %** | -15.5 % → -6.0 % | +1,067 $ → +3,119 $ | -671 $ → **+1,123 $** | 32 → 19 | 14 % |
| оптимальная (шорт h24) | +5.9 % → **+10.4 %** | -4.3 % → -2.5 % | +593 $ → +1,042 $ | -102 $ → **+355 $** | 139 → 124 | 24 % |
| агрессивная (шорт h24) | +10.6 % → **+14.0 %** | -6.4 % → -4.9 % | +1,062 $ → +1,396 $ | -33 $ → **+179 $** | 238 → 193 | 60 % |

### волна с входа ≥ 2 %

Изменено сделок 2147 (из них хвостовых 117, срезано в минус 1135); Σ долей маржи +8.84 против -11.00 у случайных выходов (не хуже в 0 % зёрен).

| книга | итог: как сейчас → правило | просадка | $ всего | $ без 3 лучших дней | хвостовых выходов (пол + ликвидация) | зёрен, где случайные не хуже по итогу |
|---|--:|--:|--:|--:|--:|--:|
| безопасная (шорт h24) | +10.7 % → **+37.7 %** | -15.5 % → -6.3 % | +1,067 $ → +3,772 $ | -671 $ → **+2,289 $** | 32 → 21 | 1 % |
| оптимальная (шорт h24) | +5.9 % → **+10.5 %** | -4.3 % → -3.2 % | +593 $ → +1,049 $ | -102 $ → **+344 $** | 139 → 131 | 2 % |
| агрессивная (шорт h24) | +10.6 % → **+12.7 %** | -6.4 % → -6.5 % | +1,062 $ → +1,268 $ | -33 $ → **+159 $** | 238 → 216 | 56 % |

### волна с входа ≥ 3 %

Изменено сделок 1590 (из них хвостовых 76, срезано в минус 853); Σ долей маржи +2.67 против -4.88 у случайных выходов (не хуже в 15 % зёрен).

| книга | итог: как сейчас → правило | просадка | $ всего | $ без 3 лучших дней | хвостовых выходов (пол + ликвидация) | зёрен, где случайные не хуже по итогу |
|---|--:|--:|--:|--:|--:|--:|
| безопасная (шорт h24) | +10.7 % → **+29.1 %** | -15.5 % → -6.3 % | +1,067 $ → +2,913 $ | -671 $ → **+1,344 $** | 32 → 24 | 3 % |
| оптимальная (шорт h24) | +5.9 % → **+7.8 %** | -4.3 % → -3.5 % | +593 $ → +780 $ | -102 $ → **+81 $** | 139 → 133 | 22 % |
| агрессивная (шорт h24) | +10.6 % → **+13.9 %** | -6.4 % → -5.3 % | +1,062 $ → +1,385 $ | -33 $ → **+234 $** | 238 → 225 | 25 % |

## Порог книги-сестры: середина оси, 2 %

Выбран как середина ОБЪЯВЛЕННОЙ оси, а не как лучшая ячейка.

### Три депозита

| книга | $1,000: итог, просадка | $10,000: итог, просадка | $100,000: итог, просадка |
|---|--:|--:|--:|
| безопасная (шорт h24) | +10.2 % → +39.0 %, -18.6 % → -7.2 % | +10.7 % → +37.7 %, -15.5 % → -6.3 % | +10.7 % → +37.8 %, -15.5 % → -6.3 % |
| оптимальная (шорт h24) | +26.2 % → +47.2 %, -19.7 % → -18.5 % | +5.9 % → +10.5 %, -4.3 % → -3.2 % | +5.9 % → +10.5 %, -4.3 % → -3.2 % |
| агрессивная (шорт h24) | +10.4 % → +12.4 %, -6.3 % → -6.3 % | +10.6 % → +12.7 %, -6.4 % → -6.5 % | +10.6 % → +12.7 %, -6.5 % → -6.5 % |

### Разбор по дням (главный депозит)

**безопасная (шорт h24)**: дней 37, правило лучше в 15, хуже в 15, разница всего +2,705 $. Дни с разницей ≥ 50 $:

| день | как сейчас | правило | разница |
|---|--:|--:|--:|
| 2026-08-19 | +741 $ | +578 $ | -163 $ |
| 2026-08-20 | -309 $ | +190 $ | +499 $ |
| 2026-08-21 | -658 $ | -19 $ | +639 $ |
| 2026-08-22 | -205 $ | -282 $ | -76 $ |
| 2026-08-23 | +168 $ | +276 $ | +107 $ |
| 2026-08-26 | +349 $ | +184 $ | -166 $ |
| 2026-08-27 | -433 $ | -648 $ | -216 $ |
| 2026-08-29 | -570 $ | -278 $ | +292 $ |
| 2026-08-30 | -93 $ | -189 $ | -96 $ |
| 2026-08-31 | -53 $ | +304 $ | +356 $ |
| 2026-09-01 | +254 $ | +36 $ | -218 $ |
| 2026-09-02 | -298 $ | -431 $ | -133 $ |
| 2026-09-03 | -312 $ | +346 $ | +658 $ |
| 2026-09-04 | +508 $ | +301 $ | -207 $ |
| 2026-09-06 | +6 $ | +276 $ | +269 $ |
| 2026-09-07 | -227 $ | -41 $ | +185 $ |
| 2026-09-11 | -388 $ | +29 $ | +417 $ |
| 2026-09-12 | -1,173 $ | -695 $ | +478 $ |

**оптимальная (шорт h24)**: дней 37, правило лучше в 18, хуже в 12, разница всего +456 $. Дни с разницей ≥ 50 $:

| день | как сейчас | правило | разница |
|---|--:|--:|--:|
| 2026-08-20 | -94 $ | +36 $ | +130 $ |
| 2026-08-21 | -92 $ | +89 $ | +181 $ |
| 2026-08-22 | +60 $ | -125 $ | -185 $ |
| 2026-08-23 | +136 $ | +43 $ | -93 $ |
| 2026-08-26 | -132 $ | -61 $ | +71 $ |
| 2026-08-27 | -31 $ | -83 $ | -52 $ |
| 2026-08-31 | +8 $ | +112 $ | +104 $ |
| 2026-09-02 | -182 $ | -131 $ | +51 $ |
| 2026-09-04 | +77 $ | -7 $ | -84 $ |
| 2026-09-05 | -87 $ | -25 $ | +62 $ |
| 2026-09-07 | +12 $ | +143 $ | +132 $ |
| 2026-09-11 | +41 $ | +111 $ | +71 $ |

**агрессивная (шорт h24)**: дней 37, правило лучше в 16, хуже в 13, разница всего +207 $. Дни с разницей ≥ 50 $:

| день | как сейчас | правило | разница |
|---|--:|--:|--:|
| 2026-08-20 | +171 $ | -29 $ | -200 $ |
| 2026-08-21 | -378 $ | +103 $ | +481 $ |
| 2026-08-22 | -8 $ | -161 $ | -154 $ |
| 2026-08-23 | +295 $ | +138 $ | -157 $ |
| 2026-08-25 | +161 $ | +72 $ | -89 $ |
| 2026-08-27 | -173 $ | +33 $ | +206 $ |
| 2026-08-28 | +300 $ | -17 $ | -317 $ |
| 2026-09-02 | -235 $ | -163 $ | +72 $ |
| 2026-09-03 | +55 $ | +107 $ | +53 $ |
| 2026-09-04 | +75 $ | -4 $ | -79 $ |
| 2026-09-05 | -93 $ | +19 $ | +111 $ |
| 2026-09-06 | +110 $ | +49 $ | -61 $ |
| 2026-09-11 | -268 $ | -77 $ | +191 $ |

## Как читать

- Если «$ без 3 лучших дней» у правила не выше, чем у книги как есть, прибавка пришла эпизодом — правило не подтверждено.
- Если правило лучше в большинстве дней и разница размазана — механизм работает каждый день, а не одним сквизом.
- Равенство ядру: расхождение хотя бы в одной точке значит, что выход по отметке не есть выход ядра, и все числа выше — приближение.
- Расчёт: 2026-09-13 04:01, 1415.3 с.
публикуется в ветку main:
 jobs/done/wave-full.log                    | 192 +++++++++++++++++++++++++++++
 research/dca_paper/out/DCA-wave-guard.json |   2 +-
 research/dca_paper/out/DCA-wave-guard.md   |  32 ++---
 3 files changed, 209 insertions(+), 17 deletions(-)
To github.com:n0tgod/algoth_v2.git
   07c8f290..43b95fda  main -> main
branch 'main' set up to track 'origin/main'.
опубликовано

конец: 2026-09-13T04:01:17Z, код 0
публикуется в ветку main:
 jobs/done/wave-full.log                       |   11 +
 research/a1_universe/out/funding-refresh.json | 3074 ++++++++++++-------------
 research/a1_universe/out/funding-refresh.md   |    4 +-
 3 files changed, 1550 insertions(+), 1539 deletions(-)
On branch main
Your branch is ahead of 'origin/main' by 1 commit.
  (use "git push" to publish your local commits)

Changes not staged for commit:
  (use "git add <file>..." to update what will be committed)
  (use "git restore <file>..." to discard changes in working directory)
	modified:   jobs/done/wave-full.log
	modified:   research/paper_monthly/out/daily.log
	modified:   research/s10_policy/out/tournament.log

Untracked files:
  (use "git add <file>..." to include in what will be committed)
	bot/out/
	research/a1_universe/.cache_opts/
	research/a1_universe/.cache_risk/
	research/mech_13a67a67/RUNBOOK.md
	research/mech_13a67a67/controls_check.py
	research/mech_13a67a67/run_age_mode.py
	research/mech_63fa406a/
	research/mech_fcbd3542/.cache_ann/
	research/mech_fcbd3542/.smoke.sh
	"research/mech_fcbd3542/.\320\275\320\265\321\202/"
	research/probe_fshift/.gitignore
	research/s8_loop/books_extra.json

no changes added to commit (use "git add" and/or "git commit -a")
