== задание why-cycle-silent ==
строка: run tools/diag_cycle.py --tail=80
начало: 2026-09-02T07:09:00Z
запускаю: .venv/bin/python tools/diag_cycle.py --tail=80
=== процесс цикла ===
НЕ НАЙДЕН — цикл не работает

=== манифест модели ===
возраст 15.5 ч
  trained_at: 2026-09-01T15:36:42+00:00
  train_seq: 518
  cycle_sec: 5683.0
  woke_after_hour_sec: 120.0
  steps_sec: {'сведение часа': 184.5, 'матрица': 45.7, 'книги': 24.3, 'оценка': 0.1, 'канарейка': 1217.4, 'обучение': 4210.9}
  canary_ic: 0.006

=== хвост train.log ===
возраст 4.0 мин, размер 7962672 Б
  v = fn(sl, axis=1)
/root/algoth_v2/research/s8_loop/bookfeat.py:162: RuntimeWarning: All-NaN slice encountered
  v = fn(sl, axis=1)
/root/algoth_v2/research/s8_loop/bookfeat.py:162: RuntimeWarning: All-NaN slice encountered
  v = fn(sl, axis=1)
[09-02 04:09:12] матрица: 745 символов × 804 часов, сечений с ≥30 именами: 715, признаков 50
[09-02 04:10:00] ситуационная [gbm]: закрыто 1 (ARKKUSDT — прогноз развернулся)
[09-02 04:10:00] ситуационная [gbm]: закрыто 1 (BOTUSDT — прогноз развернулся)
[09-02 04:10:00] ситуационная [gbm]: закрыто 1 (BXUSDT — прогноз развернулся)
[09-02 04:10:02] ситуационная [nn]: закрыто 1 (AKEUSDT — предел возраста)
[09-02 04:10:05] живой IC [gbm]: fwd_4h +0.1045 по 1 закрывшимся сечениям
[09-02 04:10:05] живой IC [nn]: fwd_4h -0.0350 по 1 закрывшимся сечениям
[09-02 04:10:05] обучение пропущено по каденции: весам 12.6 ч при каденции 24; цикл 485 с (сведение часа 366 с, матрица 66 с, книги 52 с, оценка 0 с)
[09-02 04:10:05] следующая попытка через 51 мин (обучения не было)
[09-02 05:02:30]   сводка: 68/745 символов, новых часов 67
[09-02 05:03:00]   сводка: 139/745 символов, новых часов 138
[09-02 05:03:30]   сводка: 207/745 символов, новых часов 206
[09-02 05:04:00]   сводка: 273/745 символов, новых часов 272
[09-02 05:04:30]   сводка: 343/745 символов, новых часов 341
[09-02 05:05:01]   сводка: 414/745 символов, новых часов 412
[09-02 05:05:31]   сводка: 483/745 символов, новых часов 481
[09-02 05:06:01]   сводка: 552/745 символов, новых часов 550
[09-02 05:06:31]   сводка: 623/745 символов, новых часов 621
[09-02 05:07:01]   сводка: 698/745 символов, новых часов 694
[09-02 05:07:21] сводка: символов с записью 745, новых часов 741, 321 с
/root/algoth_v2/research/s8_loop/bookfeat.py:162: RuntimeWarning: All-NaN slice encountered
  v = fn(sl, axis=1)
/root/algoth_v2/research/s8_loop/bookfeat.py:162: RuntimeWarning: All-NaN slice encountered
  v = fn(sl, axis=1)
/root/algoth_v2/research/s8_loop/bookfeat.py:162: RuntimeWarning: All-NaN slice encountered
  v = fn(sl, axis=1)
[09-02 05:08:13] матрица: 745 символов × 805 часов, сечений с ≥30 именами: 716, признаков 50
[09-02 05:08:46] ситуационная [gbm]: закрыто 1 (PONSUSDT — прогноз развернулся)
[09-02 05:08:49] ситуационная [gbm]: закрыто 1 (ACEUSDT — прогноз развернулся)
[09-02 05:08:49] ситуационная [gbm]: закрыто 1 (PONSUSDT — прогноз развернулся)
[09-02 05:08:49] ситуационная [gbm]: закрыто 1 (DATAUSDT — прогноз развернулся)
[09-02 05:08:51] ситуационная [nn]: закрыто 1 (MNSTUSDT — прогноз развернулся)
[09-02 05:08:51] ситуационная [nn]: закрыто 1 (ARBUSDT — прогноз развернулся)
[09-02 05:08:51] ситуационная [nn]: закрыто 3 (WALUSDT — прогноз развернулся; CRVUSDT — прогноз развернулся; HOMEUSDT — прогноз развернулся)
[09-02 05:08:53] ситуационная [gbm]: закрыто 1 (PONSUSDT — прогноз развернулся)
[09-02 05:08:53] ситуационная [gbm]: закрыто 1 (ACEUSDT — прогноз развернулся)
[09-02 05:08:53] ситуационная [gbm]: закрыто 1 (DATAUSDT — прогноз развернулся)
[09-02 05:08:54] живой IC [gbm]: fwd_4h +0.1541 по 1 закрывшимся сечениям
[09-02 05:08:54] живой IC [nn]: fwd_4h +0.1005 по 1 закрывшимся сечениям
[09-02 05:08:54] обучение пропущено по каденции: весам 13.5 ч при каденции 24; цикл 415 с (сведение часа 322 с, матрица 52 с, книги 41 с, оценка 0 с)
[09-02 05:08:54] следующая попытка через 53 мин (обучения не было)
[09-02 06:02:30]   сводка: 59/745 символов, новых часов 58
[09-02 06:03:00]   сводка: 125/745 символов, новых часов 124
[09-02 06:03:30]   сводка: 189/745 символов, новых часов 188
[09-02 06:04:00]   сводка: 254/745 символов, новых часов 253
[09-02 06:04:31]   сводка: 323/745 символов, новых часов 321
[09-02 06:05:01]   сводка: 392/745 символов, новых часов 390
[09-02 06:05:31]   сводка: 461/745 символов, новых часов 459
[09-02 06:06:02]   сводка: 528/745 символов, новых часов 526
[09-02 06:06:32]   сводка: 597/745 символов, новых часов 595
[09-02 06:07:02]   сводка: 667/745 символов, новых часов 665
[09-02 06:07:32]   сводка: 739/745 символов, новых часов 735
[09-02 06:07:34] сводка: символов с записью 745, новых часов 741, 335 с
/root/algoth_v2/research/s8_loop/bookfeat.py:162: RuntimeWarning: All-NaN slice encountered
  v = fn(sl, axis=1)
/root/algoth_v2/research/s8_loop/bookfeat.py:162: RuntimeWarning: All-NaN slice encountered
  v = fn(sl, axis=1)
/root/algoth_v2/research/s8_loop/bookfeat.py:162: RuntimeWarning: All-NaN slice encountered
  v = fn(sl, axis=1)
[09-02 06:08:28] матрица: 745 символов × 806 часов, сечений с ≥30 именами: 717, признаков 50
[09-02 06:09:02] ситуационная [gbm]: закрыто 1 (TSEMUSDT — прогноз развернулся)
[09-02 06:09:04] ситуационная [gbm]: закрыто 1 (INFQUSDT — прогноз развернулся)
[09-02 06:09:04] ситуационная [gbm]: закрыто 1 (CLOUSDT — прогноз развернулся)
[09-02 06:09:06] ситуационная [nn]: закрыто 1 (FFUSDT — прогноз развернулся)
[09-02 06:09:06] ситуационная [nn]: закрыто 1 (ONGUSDT — прогноз развернулся)
[09-02 06:09:08] живой IC [gbm]: fwd_4h +0.1492 по 1 закрывшимся сечениям
[09-02 06:09:08] живой IC [nn]: fwd_4h +0.0153 по 1 закрывшимся сечениям
[09-02 06:09:08] обучение пропущено по каденции: весам 14.5 ч при каденции 24; цикл 428 с (сведение часа 335 с, матрица 54 с, книги 39 с, оценка 0 с)
[09-02 06:09:08] следующая попытка через 52 мин (обучения не было)
[09-02 07:02:30]   сводка: 72/745 символов, новых часов 71
[09-02 07:03:01]   сводка: 147/745 символов, новых часов 146
[09-02 07:03:31]   сводка: 218/745 символов, новых часов 217
[09-02 07:04:02]   сводка: 289/745 символов, новых часов 288
[09-02 07:04:32]   сводка: 362/745 символов, новых часов 360
[09-02 07:05:02]   сводка: 438/745 символов, новых часов 436
конец: 2026-09-02T07:09:00Z, код 0
публикуется в ветку main:
 jobs/done/check-cand.done       |  1 +
 jobs/done/check-cand.log        |  9 ++++
 jobs/done/why-cycle-silent.done |  1 +
 jobs/done/why-cycle-silent.log  | 99 +++++++++++++++++++++++++++++++++++++++++
 jobs/poke.log                   |  4 ++
 5 files changed, 114 insertions(+)
To github.com:n0tgod/algoth_v2.git
   36cdde4..2f5d864  main -> main
branch 'main' set up to track 'origin/main'.
опубликовано
