== задание z3-fold-2 ==
строка: run research/z3_ladder/fold_ladder.py --start 2026-08-04 --jobs 1
начало: 2026-08-26T08:12:48Z
запускаю: .venv/bin/python research/z3_ladder/fold_ladder.py --start 2026-08-04 --jobs 1
свёртка лесенки: суток 22, потоков 1, доступно 4450 МБ
    2026-08-04: свёрнуто имён 50/731 (с записью 42), 502 с, осталось ~6842 с
    2026-08-04: свёрнуто имён 100/731 (с записью 79), 936 с, осталось ~5904 с
    2026-08-04: свёрнуто имён 150/731 (с записью 122), 1484 с, осталось ~5748 с
    2026-08-04: свёрнуто имён 200/731 (с записью 153), 1846 с, осталось ~4902 с
    2026-08-04: свёрнуто имён 250/731 (с записью 193), 2606 с, осталось ~5014 с
    2026-08-04: свёрнуто имён 300/731 (с записью 232), 3345 с, осталось ~4806 с
    2026-08-04: свёрнуто имён 350/731 (с записью 269), 4004 с, осталось ~4359 с
    2026-08-04: свёрнуто имён 400/731 (с записью 305), 5326 с, осталось ~4407 с
    2026-08-04: свёрнуто имён 450/731 (с записью 334), 5886 с, осталось ~3676 с
    2026-08-04: свёрнуто имён 500/731 (с записью 375), 6359 с, осталось ~2938 с
    2026-08-04: свёрнуто имён 550/731 (с записью 414), 6814 с, осталось ~2242 с
    2026-08-04: свёрнуто имён 600/731 (с записью 444), 7167 с, осталось ~1565 с
    2026-08-04: свёрнуто имён 650/731 (с записью 483), 7654 с, осталось ~954 с
    2026-08-04: свёрнуто имён 700/731 (с записью 518), 8076 с, осталось ~358 с
  2026-08-04: свёрнуто, имён с записью 546 из 731, символо-минут 782,096, 20.8 МиБ, 8411 с
  память: пик 579 МБ, доступно 3937 МБ
отчёт склада лесенки: /root/algoth_v2/research/z3_ladder/out/store/Z3-store.md; не свёрнуто суток 25 (из них по узкому списку имён 1)
