== задание z3-smoke3 ==
строка: run research/z3_ladder/fold_ladder.py --start 2026-08-24 --end 2026-08-24 --symbols ARBUSDT --symbols SANDUSDT --symbols STXUSDT --refold --no-publish
начало: 2026-08-25T21:11:20Z
запускаю: .venv/bin/python research/z3_ladder/fold_ladder.py --start 2026-08-24 --end 2026-08-24 --symbols ARBUSDT --symbols SANDUSDT --symbols STXUSDT --refold --no-publish
свёртка лесенки: суток 1, потоков 1
  2026-08-24: свёрнуто, имён с записью 3 из 3, символо-минут 4,013, 0.1 МиБ, 31 с
отчёт склада лесенки: /root/algoth_v2/research/z3_ladder/out/store/Z3-store.md; не свёрнуто суток 24
конец: 2026-08-25T21:11:51Z, код 0
git add отказал: The following paths are ignored by one of your .gitignore files:
research/z3_ladder/out
hint: Use -f if you really want to add them.
hint: Turn this message off by running
hint: "git config advice.addIgnoredFile false"
git add сказал: The following paths are ignored by one of your .gitignore files:
research/z3_ladder/out
hint: Use -f if you really want to add them.
hint: Turn this message off by running
hint: "git config advice.addIgnoredFile false"
публикуется в ветку main:
 jobs/done/z3-smoke2.log  | 19 +++++++++++++++++++
 jobs/done/z3-smoke3.done |  1 +
 jobs/done/z3-smoke3.log  |  8 ++++++++
 jobs/poke.log            |  5 +++++
 4 files changed, 33 insertions(+)
To github.com:n0tgod/algoth_v2.git
   14fdd62..81c0044  main -> main
branch 'main' set up to track 'origin/main'.
опубликовано
