== задание z3-screen-6 ==
строка: run research/z3_ladder/screen3.py --tag d20
начало: 2026-08-28T08:12:50Z
запускаю: .venv/bin/python research/z3_ladder/screen3.py --tag d20
узкие сутки в замер не идут: 2026-08-24 (не хватает 722)
скрин лесенки: суток 20 (2026-08-04…2026-08-23), символов 731, условий 52; половины делятся по 2026-08-13
  2026-08-04 (склад): имён с записью 546 из 731, годных символо-минут 781,855
  2026-08-04: нет КАЛЕНДАРНО вчерашних норм — сутки идут только в историю (минут лесенки 781 815  цены 781 855)
  2026-08-05 (склад): имён с записью 550 из 731, годных символо-минут 786,456
/root/algoth_v2/.venv/lib/python3.12/site-packages/numpy/lib/_nanfunctions_impl.py:1215: RuntimeWarning: All-NaN slice encountered
  return fnb._ureduce(a, func=_nanmedian, keepdims=keepdims,
  2026-08-05: минут лесенки 786 228  цены 786 456
  условий сработало 23, событий 203,668
  2026-08-06 (склад): имён с записью 553 из 731, годных символо-минут 786,227
/root/algoth_v2/.venv/lib/python3.12/site-packages/numpy/lib/_nanfunctions_impl.py:1215: RuntimeWarning: All-NaN slice encountered
  return fnb._ureduce(a, func=_nanmedian, keepdims=keepdims,
  2026-08-06: минут лесенки 785 136  цены 786 227
  условий сработало 24, событий 204,632
  2026-08-07 (склад): имён с записью 556 из 731, годных символо-минут 774,863
/root/algoth_v2/.venv/lib/python3.12/site-packages/numpy/lib/_nanfunctions_impl.py:1215: RuntimeWarning: All-NaN slice encountered
  return fnb._ureduce(a, func=_nanmedian, keepdims=keepdims,
  2026-08-07: минут лесенки 774 782  цены 774 863
  условий сработало 24, событий 194,979
  2026-08-08 (склад): имён с записью 515 из 731, годных символо-минут 727,164
/root/algoth_v2/.venv/lib/python3.12/site-packages/numpy/lib/_nanfunctions_impl.py:1215: RuntimeWarning: All-NaN slice encountered
  return fnb._ureduce(a, func=_nanmedian, keepdims=keepdims,
  2026-08-08: минут лесенки 726 394  цены 727 164
  условий сработало 25, событий 174,650
  2026-08-09 (склад): имён с записью 515 из 731, годных символо-минут 733,098
/root/algoth_v2/.venv/lib/python3.12/site-packages/numpy/lib/_nanfunctions_impl.py:1215: RuntimeWarning: All-NaN slice encountered
  return fnb._ureduce(a, func=_nanmedian, keepdims=keepdims,
  2026-08-09: минут лесенки 731 510  цены 733 098
  условий сработало 25, событий 197,432
  2026-08-10 (склад): имён с записью 518 из 731, годных символо-минут 739,981
/root/algoth_v2/.venv/lib/python3.12/site-packages/numpy/lib/_nanfunctions_impl.py:1215: RuntimeWarning: All-NaN slice encountered
  return fnb._ureduce(a, func=_nanmedian, keepdims=keepdims,
  2026-08-10: минут лесенки 738 575  цены 739 981
  условий сработало 25, событий 200,138
  2026-08-11 (склад): имён с записью 522 из 731, годных символо-минут 737,530
/root/algoth_v2/.venv/lib/python3.12/site-packages/numpy/lib/_nanfunctions_impl.py:1215: RuntimeWarning: All-NaN slice encountered
  return fnb._ureduce(a, func=_nanmedian, keepdims=keepdims,
  2026-08-11: минут лесенки 735 968  цены 737 530
  условий сработало 23, событий 195,297
  2026-08-12 (склад): имён с записью 526 из 731, годных символо-минут 750,221
/root/algoth_v2/.venv/lib/python3.12/site-packages/numpy/lib/_nanfunctions_impl.py:1215: RuntimeWarning: All-NaN slice encountered
  return fnb._ureduce(a, func=_nanmedian, keepdims=keepdims,
  2026-08-12: минут лесенки 749 573  цены 750 221
  условий сработало 22, событий 190,149
  2026-08-13 (склад): имён с записью 707 из 731, годных символо-минут 906,612
/root/algoth_v2/.venv/lib/python3.12/site-packages/numpy/lib/_nanfunctions_impl.py:1215: RuntimeWarning: All-NaN slice encountered
  return fnb._ureduce(a, func=_nanmedian, keepdims=keepdims,
  2026-08-13: минут лесенки 905 296  цены 906 612
  условий сработало 23, событий 199,787
  2026-08-14 (склад): имён с записью 713 из 731, годных символо-минут 1,005,242
/root/algoth_v2/.venv/lib/python3.12/site-packages/numpy/lib/_nanfunctions_impl.py:1215: RuntimeWarning: All-NaN slice encountered
  return fnb._ureduce(a, func=_nanmedian, keepdims=keepdims,
  2026-08-14: минут лесенки 1 002 002  цены 1 005 242
  условий сработало 24, событий 248,896
  2026-08-15 (склад): имён с записью 713 из 731, годных символо-минут 1,022,832
/root/algoth_v2/.venv/lib/python3.12/site-packages/numpy/lib/_nanfunctions_impl.py:1215: RuntimeWarning: All-NaN slice encountered
  return fnb._ureduce(a, func=_nanmedian, keepdims=keepdims,
  2026-08-15: минут лесенки 1 022 569  цены 1 022 832
  условий сработало 24, событий 203,425
  2026-08-16 (склад): имён с записью 713 из 731, годных символо-минут 1,026,040
/root/algoth_v2/.venv/lib/python3.12/site-packages/numpy/lib/_nanfunctions_impl.py:1215: RuntimeWarning: All-NaN slice encountered
  return fnb._ureduce(a, func=_nanmedian, keepdims=keepdims,
  2026-08-16: минут лесенки 1 025 997  цены 1 026 040
  условий сработало 23, событий 187,008
  2026-08-17 (склад): имён с записью 713 из 731, годных символо-минут 1,019,433
/root/algoth_v2/.venv/lib/python3.12/site-packages/numpy/lib/_nanfunctions_impl.py:1215: RuntimeWarning: All-NaN slice encountered
  return fnb._ureduce(a, func=_nanmedian, keepdims=keepdims,
  2026-08-17: минут лесенки 1 017 896  цены 1 019 433
  условий сработало 22, событий 195,717
  2026-08-18 (склад): имён с записью 716 из 731, годных символо-минут 1,017,120
/root/algoth_v2/.venv/lib/python3.12/site-packages/numpy/lib/_nanfunctions_impl.py:1215: RuntimeWarning: All-NaN slice encountered
  return fnb._ureduce(a, func=_nanmedian, keepdims=keepdims,
  2026-08-18: минут лесенки 1 013 343  цены 1 017 120
  условий сработало 23, событий 215,244
  2026-08-19 (склад): имён с записью 716 из 731, годных символо-минут 972,821
/root/algoth_v2/.venv/lib/python3.12/site-packages/numpy/lib/_nanfunctions_impl.py:1215: RuntimeWarning: All-NaN slice encountered
  return fnb._ureduce(a, func=_nanmedian, keepdims=keepdims,
  2026-08-19: минут лесенки 954 344  цены 972 821
  условий сработало 24, событий 242,742
  2026-08-20 (склад): имён с записью 724 из 731, годных символо-минут 898,321
/root/algoth_v2/.venv/lib/python3.12/site-packages/numpy/lib/_nanfunctions_impl.py:1215: RuntimeWarning: All-NaN slice encountered
  return fnb._ureduce(a, func=_nanmedian, keepdims=keepdims,
  2026-08-20: минут лесенки 825 645  цены 898 321
  условий сработало 24, событий 251,555
  2026-08-21 (склад): имён с записью 727 из 731, годных символо-минут 867,195
/root/algoth_v2/.venv/lib/python3.12/site-packages/numpy/lib/_nanfunctions_impl.py:1215: RuntimeWarning: All-NaN slice encountered
  return fnb._ureduce(a, func=_nanmedian, keepdims=keepdims,
  2026-08-21: минут лесенки 797 826  цены 867 195
  условий сработало 24, событий 260,396
  2026-08-22 (склад): имён с записью 725 из 731, годных символо-минут 898,247
/root/algoth_v2/.venv/lib/python3.12/site-packages/numpy/lib/_nanfunctions_impl.py:1215: RuntimeWarning: All-NaN slice encountered
  return fnb._ureduce(a, func=_nanmedian, keepdims=keepdims,
  2026-08-22: минут лесенки 854 824  цены 898 247
  условий сработало 24, событий 256,116
  2026-08-23 (склад): имён с записью 725 из 731, годных символо-минут 993,958
/root/algoth_v2/.venv/lib/python3.12/site-packages/numpy/lib/_nanfunctions_impl.py:1215: RuntimeWarning: All-NaN slice encountered
  return fnb._ureduce(a, func=_nanmedian, keepdims=keepdims,
  2026-08-23: минут лесенки 984 861  цены 993 958
  условий сработало 24, событий 222,839
считаю сводку и семейственную планку…
отчёт: /root/algoth_v2/research/z3_ladder/out/Z3-ladder-d20.md
ячеек измерено: 192; планка +3.73 σ; кандидатов: 1
  цена выросла на 2 % за минуту [S] 60м: медиана +82.1, среднее +33.1 б.п., z +70.8, корзин 427
снос по стороне (обязан быть около нуля): 15|-1: -0.15, 15|1: +0.15, 1|-1: -0.05, 1|1: +0.05, 5|-1: -0.10, 5|1: +0.10, 60|-1: +0.27, 60|1: -0.27
