== задание z3-screen-2 ==
строка: run research/z3_ladder/screen3.py --tag d1
начало: 2026-08-26T16:19:12Z
запускаю: .venv/bin/python research/z3_ladder/screen3.py --tag d1
узкие сутки в замер не идут: 2026-08-24 (не хватает 722)
скрин лесенки: суток 3 (2026-08-04…2026-08-06), символов 731, условий 44
  2026-08-04 (склад): имён с записью 546 из 731, годных символо-минут 781,855
  2026-08-04: нет КАЛЕНДАРНО вчерашних норм — сутки идут только в историю (минут лесенки 781 815  цены 781 855)
  2026-08-05 (склад): имён с записью 550 из 731, годных символо-минут 786,456
/root/algoth_v2/.venv/lib/python3.12/site-packages/numpy/lib/_nanfunctions_impl.py:1215: RuntimeWarning: All-NaN slice encountered
  return fnb._ureduce(a, func=_nanmedian, keepdims=keepdims,
  2026-08-05: минут лесенки 786 228  цены 786 456
  условий сработало 19, событий 200,635
  2026-08-06 (склад): имён с записью 553 из 731, годных символо-минут 786,227
/root/algoth_v2/.venv/lib/python3.12/site-packages/numpy/lib/_nanfunctions_impl.py:1215: RuntimeWarning: All-NaN slice encountered
  return fnb._ureduce(a, func=_nanmedian, keepdims=keepdims,
  2026-08-06: минут лесенки 785 136  цены 786 227
  условий сработало 20, событий 201,376
считаю сводку и семейственную планку…
отчёт: /root/algoth_v2/research/z3_ladder/out/Z3-ladder-d1.md
ячеек измерено: 144; планка +3.17 σ; кандидатов: 1
  сняли 30 % показанных асков [L] 15м: медиана +28.8, среднее +30.7 б.п., z +36.5, корзин 190
снос по стороне (обязан быть около нуля): 15|-1: -2.23, 15|1: +2.23, 1|-1: -0.06, 1|1: +0.06, 5|-1: -0.56, 5|1: +0.56
