== задание z3-state ==
строка: run research/z3_ladder/fold_ladder.py --restat
начало: 2026-08-25T21:29:59Z
запускаю: .venv/bin/python research/z3_ladder/fold_ladder.py --restat
отчёт склада лесенки: /root/algoth_v2/research/z3_ladder/out/store/Z3-store.md; не свёрнуто суток 24
git add отказал: The following paths are ignored by one of your .gitignore files:
research/z3_ladder/out
hint: Use -f if you really want to add them.
hint: Turn this message off by running
hint: "git config advice.addIgnoredFile false"
git add сказал: The following paths are ignored by one of your .gitignore files:
research/z3_ladder/out
hint: Use -f if you really want to add them.
hint: Turn this message off by running
hint: "git config advice.addIgnoredFile false"
публикуется в ветку main:
 jobs/done/z3-fold-1.done |  1 +
 jobs/done/z3-fold-1.log  |  5 +++++
 jobs/done/z3-smoke3.log  | 20 ++++++++++++++++++++
 jobs/done/z3-state.done  |  1 +
 jobs/done/z3-state.log   |  5 +++++
 jobs/poke.log            |  6 ++++++
 6 files changed, 38 insertions(+)
To github.com:n0tgod/algoth_v2.git
   3ccf725..ad8165d  main -> main
branch 'main' set up to track 'origin/main'.
опубликовано
конец: 2026-08-25T21:30:02Z, код 0
