== задание z3-screen-3 ==
строка: run research/z3_ladder/screen3.py --tag d2
начало: 2026-08-26T16:22:08Z
запускаю: .venv/bin/python research/z3_ladder/screen3.py --tag d2
узкие сутки в замер не идут: 2026-08-24 (не хватает 722)
скрин лесенки: суток 3 (2026-08-04…2026-08-06), символов 731, условий 52
  2026-08-04 (склад): имён с записью 546 из 731, годных символо-минут 781,855
  2026-08-04: нет КАЛЕНДАРНО вчерашних норм — сутки идут только в историю (минут лесенки 781 815  цены 781 855)
  2026-08-05 (склад): имён с записью 550 из 731, годных символо-минут 786,456
/root/algoth_v2/.venv/lib/python3.12/site-packages/numpy/lib/_nanfunctions_impl.py:1215: RuntimeWarning: All-NaN slice encountered
  return fnb._ureduce(a, func=_nanmedian, keepdims=keepdims,
  2026-08-05: минут лесенки 786 228  цены 786 456
  условий сработало 23, событий 203,668
  2026-08-06 (склад): имён с записью 553 из 731, годных символо-минут 786,227
/root/algoth_v2/.venv/lib/python3.12/site-packages/numpy/lib/_nanfunctions_impl.py:1215: RuntimeWarning: All-NaN slice encountered
  return fnb._ureduce(a, func=_nanmedian, keepdims=keepdims,
  2026-08-06: минут лесенки 785 136  цены 786 227
  условий сработало 24, событий 204,632
считаю сводку и семейственную планку…
отчёт: /root/algoth_v2/research/z3_ladder/out/Z3-ladder-d2.md
ячеек измерено: 176; планка +3.51 σ; кандидатов: 1
  сняли 30 % показанных асков [L] 15м: медиана +28.8, среднее +30.7 б.п., z +34.8, корзин 190
снос по стороне (обязан быть около нуля): 15|-1: -2.79, 15|1: +2.79, 1|-1: -0.09, 1|1: +0.09, 5|-1: -0.55, 5|1: +0.55
публикуется в ветку main:
 jobs/done/z3-screen-2.log              |   7 ++
 jobs/done/z3-screen-3.done             |   1 +
 jobs/done/z3-screen-3.log              |  23 ++++
 jobs/poke.log                          |   3 +
 research/z3_ladder/out/Z3-ladder-d2.md | 212 +++++++++++++++++++++++++++++++++
 research/z3_ladder/out/z3-d2.json      |   1 +
 6 files changed, 247 insertions(+)
To github.com:n0tgod/algoth_v2.git
   7aff970..b4ca597  main -> main
branch 'main' set up to track 'origin/main'.
опубликовано
конец: 2026-08-26T16:22:50Z, код 0
публикуется в ветку main:
 jobs/done/z3-screen-3.log | 13 +++++++++++++
 1 file changed, 13 insertions(+)
To github.com:n0tgod/algoth_v2.git
   b4ca597..c45a189  main -> main
branch 'main' set up to track 'origin/main'.
опубликовано
