== задание zz-deploy-summary ==
строка: restart-book
начало: 2026-09-01T20:37:29Z
перезапуск сборщика и циклов
== останавливаю прежний ==
жду закрытия файлов......
== обновляю код ==
Already up to date.
== запускаю ==
== поднялся, хвост журнала ==
[       4 с] шард 1: подключён, подписываюсь на 120 тем
[       5 с] шард 2: подключён, подписываюсь на 120 тем
[       6 с] шард 3: подключён, подписываюсь на 120 тем
[       7 с] шард 4: подключён, подписываюсь на 120 тем
[       8 с] шард 5: подключён, подписываюсь на 120 тем
[       9 с] шард 6: подключён, подписываюсь на 120 тем
[      11 с] шард 7: подключён, подписываюсь на 120 тем
[      12 с] шард 8: подключён, подписываюсь на 120 тем
== перезапускаю циклы обучения ==
  не запущен: s8_loop/train.py --pretest
  остановлен, сторож поднимет: s8_loop/train.py$
публикуется в ветку main:
 jobs/done/zz-deploy-summary.log | 17 ++++++++++++++++-
 jobs/done/zz-scout-run3.log     | 15 +++++++++++++++
 2 files changed, 31 insertions(+), 1 deletion(-)
To github.com:n0tgod/algoth_v2.git
   2858878..f4c010e  main -> main
branch 'main' set up to track 'origin/main'.
опубликовано
