== задание zz-scout-run3 ==
строка: agents-run scout
начало: 2026-09-01T20:37:29Z
запускаю роль: scout 
ОТКАЗ: другая роль уже работает (замок /root/algoth_v2/research/factory/out/agents.lock)
конец: 2026-09-01T20:37:29Z, код 1
публикуется в ветку main:
 jobs/done/adversary-ceiling-5.log      |  2 ++
 jobs/done/scout-first-run2.log         | 13 +++++++++++++
 jobs/done/zz-deploy-summary.done       |  1 +
 jobs/done/zz-deploy-summary.log        |  6 ++++++
 jobs/done/zz-scout-run3.done           |  1 +
 jobs/done/zz-scout-run3.log            |  6 ++++++
 jobs/poke.log                          |  4 ++++
 research/factory/out/agents-runs.jsonl |  1 +
 research/s8_loop/out/day_brake.json    |  2 +-
 9 files changed, 35 insertions(+), 1 deletion(-)
To github.com:n0tgod/algoth_v2.git
   0257573..2858878  main -> main
branch 'main' set up to track 'origin/main'.
опубликовано
