=== 2026-07-30T15:51:44Z прогон: research/t4_structure/run.py --symbols BTCUSDT,ETHUSDT,SOLUSDT,XRPUSDT,DOGEUSDT,LINKUSDT,ARBUSDT,AVAXUSDT,SUIUSDT,APTUSDT,INJUSDT,SEIUSDT,OPUSDT,NEARUSDT,ATOMUSDT,FILUSDT --start 2025-03-03 --end 2025-03-09 --bundle 5,1.5
[     0 с]   2025-03-03
/root/algoth_v2/research/t4_structure/levels.py:67: RuntimeWarning: All-NaN slice encountered
  H = np.nanmax(np.where(has, hi, np.nan), axis=1)[keep]
/root/algoth_v2/research/t4_structure/levels.py:68: RuntimeWarning: All-NaN slice encountered
  L = np.nanmin(np.where(has, lo, np.nan), axis=1)[keep]
/root/algoth_v2/research/t3_brackets/brackets.py:430: RuntimeWarning: All-NaN slice encountered
  H = np.nanmax(np.where(has, hi, np.nan), axis=1)
/root/algoth_v2/research/t3_brackets/brackets.py:431: RuntimeWarning: All-NaN slice encountered
  L = np.nanmin(np.where(has, lo, np.nan), axis=1)
[    34 с]     ×5/1ш/rr1.5↑=67, ×5/1ш/rr1.5↓=31, ×5/1ш/rr2↑=57, ×5/1ш/rr2↓=24, ×5/1ш/rr3↑=49, ×5/1ш/rr3↓=11, ×5/2ш/rr1.5↑=59, ×5/2ш/rr1.5↓=17, ×5/2ш/rr2↑=40, ×5/2ш/rr2↓=6, ×5/2ш/rr3↑=33, ×5/2ш/rr3↓=3, ×5/4ш/rr1.5↑=48, ×5/4ш/rr1.5↓=9, ×5/4ш/rr2↑=36, ×5/4ш/rr2↓=3, ×5/4ш/rr3↑=22, ×5/4ш/rr3↓=0, ×10/1ш/rr1.5↑=16, ×10/1ш/rr1.5↓=12, ×10/1ш/rr2↑=14, ×10/1ш/rr2↓=11, ×10/1ш/rr3↑=13, ×10/1ш/rr3↓=7, ×10/2ш/rr1.5↑=18, ×10/2ш/rr1.5↓=6, ×10/2ш/rr2↑=11, ×10/2ш/rr2↓=2, ×10/2ш/rr3↑=10, ×10/2ш/rr3↓=1, ×10/4ш/rr1.5↑=15, ×10/4ш/rr1.5↓=4, ×10/4ш/rr2↑=11, ×10/4ш/rr2↓=1, ×10/4ш/rr3↑=7, ×10/4ш/rr3↓=0
[    34 с]   2025-03-04
[    70 с]     ×5/1ш/rr1.5↑=191, ×5/1ш/rr1.5↓=134, ×5/1ш/rr2↑=159, ×5/1ш/rr2↓=103, ×5/1ш/rr3↑=122, ×5/1ш/rr3↓=61, ×5/2ш/rr1.5↑=149, ×5/2ш/rr1.5↓=88, ×5/2ш/rr2↑=107, ×5/2ш/rr2↓=50, ×5/2ш/rr3↑=81, ×5/2ш/rr3↓=27, ×5/4ш/rr1.5↑=136, ×5/4ш/rr1.5↓=50, ×5/4ш/rr2↑=105, ×5/4ш/rr2↓=21, ×5/4ш/rr3↑=56, ×5/4ш/rr3↓=2, ×10/1ш/rr1.5↑=50, ×10/1ш/rr1.5↓=27, ×10/1ш/rr2↑=40, ×10/1ш/rr2↓=23, ×10/1ш/rr3↑=32, ×10/1ш/rr3↓=14, ×10/2ш/rr1.5↑=39, ×10/2ш/rr1.5↓=22, ×10/2ш/rr2↑=24, ×10/2ш/rr2↓=11, ×10/2ш/rr3↑=17, ×10/2ш/rr3↓=7, ×10/4ш/rr1.5↑=32, ×10/4ш/rr1.5↓=14, ×10/4ш/rr2↑=21, ×10/4ш/rr2↓=6, ×10/4ш/rr3↑=9, ×10/4ш/rr3↓=0
[    70 с]   2025-03-05
[    94 с]     ×5/1ш/rr1.5↑=327, ×5/1ш/rr1.5↓=285, ×5/1ш/rr2↑=280, ×5/1ш/rr2↓=233, ×5/1ш/rr3↑=218, ×5/1ш/rr3↓=161, ×5/2ш/rr1.5↑=257, ×5/2ш/rr1.5↓=210, ×5/2ш/rr2↑=192, ×5/2ш/rr2↓=146, ×5/2ш/rr3↑=140, ×5/2ш/rr3↓=95, ×5/4ш/rr1.5↑=227, ×5/4ш/rr1.5↓=154, ×5/4ш/rr2↑=164, ×5/4ш/rr2↓=95, ×5/4ш/rr3↑=90, ×5/4ш/rr3↓=50, ×10/1ш/rr1.5↑=100, ×10/1ш/rr1.5↓=91, ×10/1ш/rr2↑=83, ×10/1ш/rr2↓=81, ×10/1ш/rr3↑=65, ×10/1ш/rr3↓=56, ×10/2ш/rr1.5↑=81, ×10/2ш/rr1.5↓=68, ×10/2ш/rr2↑=60, ×10/2ш/rr2↓=45, ×10/2ш/rr3↑=45, ×10/2ш/rr3↓=29, ×10/4ш/rr1.5↑=66, ×10/4ш/rr1.5↓=45, ×10/4ш/rr2↑=45, ×10/4ш/rr2↓=26, ×10/4ш/rr3↑=21, ×10/4ш/rr3↓=10
[    94 с]   2025-03-06
[   118 с]     ×5/1ш/rr1.5↑=418, ×5/1ш/rr1.5↓=364, ×5/1ш/rr2↑=363, ×5/1ш/rr2↓=303, ×5/1ш/rr3↑=277, ×5/1ш/rr3↓=221, ×5/2ш/rr1.5↑=326, ×5/2ш/rr1.5↓=278, ×5/2ш/rr2↑=245, ×5/2ш/rr2↓=201, ×5/2ш/rr3↑=167, ×5/2ш/rr3↓=140, ×5/4ш/rr1.5↑=266, ×5/4ш/rr1.5↓=225, ×5/4ш/rr2↑=190, ×5/4ш/rr2↓=155, ×5/4ш/rr3↑=99, ×5/4ш/rr3↓=101, ×10/1ш/rr1.5↑=132, ×10/1ш/rr1.5↓=114, ×10/1ш/rr2↑=108, ×10/1ш/rr2↓=102, ×10/1ш/rr3↑=84, ×10/1ш/rr3↓=74, ×10/2ш/rr1.5↑=104, ×10/2ш/rr1.5↓=88, ×10/2ш/rr2↑=76, ×10/2ш/rr2↓=59, ×10/2ш/rr3↑=52, ×10/2ш/rr3↓=41, ×10/4ш/rr1.5↑=80, ×10/4ш/rr1.5↓=66, ×10/4ш/rr2↑=55, ×10/4ш/rr2↓=45, ×10/4ш/rr3↑=23, ×10/4ш/rr3↓=26
[   118 с]   2025-03-07
[   152 с]     ×5/1ш/rr1.5↑=566, ×5/1ш/rr1.5↓=457, ×5/1ш/rr2↑=498, ×5/1ш/rr2↓=384, ×5/1ш/rr3↑=382, ×5/1ш/rr3↓=286, ×5/2ш/rr1.5↑=443, ×5/2ш/rr1.5↓=353, ×5/2ш/rr2↑=334, ×5/2ш/rr2↓=256, ×5/2ш/rr3↑=231, ×5/2ш/rr3↓=169, ×5/4ш/rr1.5↑=359, ×5/4ш/rr1.5↓=274, ×5/4ш/rr2↑=254, ×5/4ш/rr2↓=181, ×5/4ш/rr3↑=145, ×5/4ш/rr3↓=108, ×10/1ш/rr1.5↑=184, ×10/1ш/rr1.5↓=149, ×10/1ш/rr2↑=154, ×10/1ш/rr2↓=130, ×10/1ш/rr3↑=123, ×10/1ш/rr3↓=95, ×10/2ш/rr1.5↑=145, ×10/2ш/rr1.5↓=115, ×10/2ш/rr2↑=106, ×10/2ш/rr2↓=78, ×10/2ш/rr3↑=73, ×10/2ш/rr3↓=53, ×10/4ш/rr1.5↑=108, ×10/4ш/rr1.5↓=87, ×10/4ш/rr2↑=76, ×10/4ш/rr2↓=56, ×10/4ш/rr3↑=34, ×10/4ш/rr3↓=30
[   152 с]   2025-03-08
[   168 с]     ×5/1ш/rr1.5↑=702, ×5/1ш/rr1.5↓=528, ×5/1ш/rr2↑=625, ×5/1ш/rr2↓=446, ×5/1ш/rr3↑=489, ×5/1ш/rr3↓=333, ×5/2ш/rr1.5↑=557, ×5/2ш/rr1.5↓=408, ×5/2ш/rr2↑=433, ×5/2ш/rr2↓=299, ×5/2ш/rr3↑=313, ×5/2ш/rr3↓=202, ×5/4ш/rr1.5↑=465, ×5/4ш/rr1.5↓=326, ×5/4ш/rr2↑=333, ×5/4ш/rr2↓=224, ×5/4ш/rr3↑=204, ×5/4ш/rr3↓=135, ×10/1ш/rr1.5↑=245, ×10/1ш/rr1.5↓=179, ×10/1ш/rr2↑=210, ×10/1ш/rr2↓=154, ×10/1ш/rr3↑=173, ×10/1ш/rr3↓=113, ×10/2ш/rr1.5↑=200, ×10/2ш/rr1.5↓=135, ×10/2ш/rr2↑=149, ×10/2ш/rr2↓=93, ×10/2ш/rr3↑=106, ×10/2ш/rr3↓=63, ×10/4ш/rr1.5↑=149, ×10/4ш/rr1.5↓=106, ×10/4ш/rr2↑=105, ×10/4ш/rr2↓=73, ×10/4ш/rr3↑=57, ×10/4ш/rr3↓=41
[   168 с]   2025-03-09
[   187 с]     ×5/1ш/rr1.5↑=787, ×5/1ш/rr1.5↓=575, ×5/1ш/rr2↑=701, ×5/1ш/rr2↓=489, ×5/1ш/rr3↑=558, ×5/1ш/rr3↓=365, ×5/2ш/rr1.5↑=627, ×5/2ш/rr1.5↓=438, ×5/2ш/rr2↑=490, ×5/2ш/rr2↓=323, ×5/2ш/rr3↑=361, ×5/2ш/rr3↓=211, ×5/4ш/rr1.5↑=527, ×5/4ш/rr1.5↓=341, ×5/4ш/rr2↑=383, ×5/4ш/rr2↓=234, ×5/4ш/rr3↑=235, ×5/4ш/rr3↓=141, ×10/1ш/rr1.5↑=276, ×10/1ш/rr1.5↓=186, ×10/1ш/rr2↑=238, ×10/1ш/rr2↓=159, ×10/1ш/rr3↑=200, ×10/1ш/rr3↓=117, ×10/2ш/rr1.5↑=227, ×10/2ш/rr1.5↓=139, ×10/2ш/rr2↑=168, ×10/2ш/rr2↓=96, ×10/2ш/rr3↑=123, ×10/2ш/rr3↓=65, ×10/4ш/rr1.5↑=172, ×10/4ш/rr1.5↓=108, ×10/4ш/rr2↑=121, ×10/4ш/rr2↓=75, ×10/4ш/rr3↑=63, ×10/4ш/rr3↓=43
[   187 с] бэктест: 1362 сделок, 16 символов, 3367 КиБ -> /root/algoth_v2/research/t4_structure/out/backtest.json
# Замер сделки на структурных уровнях

Символов 16, окно 2025-03-03 … 2025-03-09. Круг издержек 11 б.п. тейкером.

**Роли разделены.** Структура задаёт цену: уровень — полка объёма за 24 ч, экстремум прошедших суток или круглое число. Лента задаёт момент: поглощение у этого уровня. Шум задаёт стоп: он ставится за уровень на 1/2/4 медианного хода минутной свечи, то есть заведомо снаружи шума.

Это прямое исправление дефекта T3, где уровень выдумывала лента и медианный стоп выходил 7 б.п. при круге издержек 11. **Смотреть надо на колонку «стоп»:** если он снова окажется сравним с издержками, дело не в источнике уровня.


## Поддержка · лонг

| Объём | Стоп | Мин. rr | Событий | Взято | Сделок | Стоп, б.п. | Отн. | Побед | Безубыт. | Ожидание | Мейкер | Нуль |
|---|---|---|---|---|---|---|---|---|---|---|---|---|
| ×5 | 1 ш | 1.5 | 7839 | 10% | 787 | 17 | 4.9 | 14% | 31% | -13.0 | -6.0 | -10.1 |
| ×5 | 1 ш | 2 | 7839 | 9% | 701 | 16 | 5.7 | 13% | 28% | -12.8 | -5.8 | -20.0 |
| ×5 | 1 ш | 3 | 7839 | 7% | 558 | 16 | 7.2 | 10% | 22% | -13.2 | -6.2 | -12.4 |
| ×5 | 2 ш | 1.5 | 7839 | 8% | 627 | 36 | 3.4 | 19% | 30% | -14.4 | -7.4 | -18.7 |
| ×5 | 2 ш | 2 | 7839 | 6% | 490 | 36 | 4.2 | 15% | 25% | -15.7 | -8.7 | -35.7 |
| ×5 | 2 ш | 3 | 7839 | 5% | 361 | 35 | 5.7 | 10% | 20% | -18.5 | -11.5 | -19.0 |
| ×5 | 4 ш | 1.5 | 7839 | 7% | 527 | 73 | 2.7 | 18% | 30% | -17.9 | -10.9 | -17.5 |
| ×5 | 4 ш | 2 | 7839 | 5% | 383 | 74 | 3.4 | 13% | 25% | -22.4 | -15.4 | -6.9 |
| ×5 | 4 ш | 3 | 7839 | 3% | 235 | 76 | 4.5 | 10% | 20% | -19.6 | -12.6 | -6.2 |
| ×10 | 1 ш | 1.5 | 2937 | 9% | 276 | 16 | 4.9 | 13% | 32% | -15.3 | -8.3 | -12.8 |
| ×10 | 1 ш | 2 | 2937 | 8% | 238 | 16 | 5.8 | 12% | 27% | -14.6 | -7.6 | -9.8 |
| ×10 | 1 ш | 3 | 2937 | 7% | 200 | 15 | 6.8 | 10% | 24% | -15.2 | -8.2 | -18.8 |
| ×10 | 2 ш | 1.5 | 2937 | 8% | 227 | 34 | 3.2 | 19% | 32% | -15.9 | -8.9 | -30.5 |
| ×10 | 2 ш | 2 | 2937 | 6% | 168 | 34 | 3.9 | 14% | 26% | -19.3 | -12.3 | -27.1 |
| ×10 | 2 ш | 3 | 2937 | 4% | 123 | 33 | 5.0 | 9% | 22% | -22.8 | -15.8 | -36.7 |
| ×10 | 4 ш | 1.5 | 2937 | 6% | 172 | 71 | 2.3 | 16% | 32% | -26.8 | -19.8 | -28.9 |
| ×10 | 4 ш | 2 | 2937 | 4% | 121 | 71 | 3.0 | 12% | 27% | -29.5 | -22.5 | -65.7 |
| ×10 | 4 ш | 3 | 2937 | 2% | 63 | 71 | 4.7 | 6% | 20% | -30.2 | -23.2 | -89.9 |


## Сопротивление · шорт

| Объём | Стоп | Мин. rr | Событий | Взято | Сделок | Стоп, б.п. | Отн. | Побед | Безубыт. | Ожидание | Мейкер | Нуль |
|---|---|---|---|---|---|---|---|---|---|---|---|---|
| ×5 | 1 ш | 1.5 | 6386 | 9% | 575 | 17 | 4.0 | 17% | 35% | -12.5 | -5.5 | -16.3 |
| ×5 | 1 ш | 2 | 6386 | 8% | 489 | 16 | 4.7 | 15% | 31% | -12.6 | -5.6 | -17.8 |
| ×5 | 1 ш | 3 | 6386 | 6% | 365 | 16 | 6.3 | 12% | 24% | -12.1 | -5.1 | -23.1 |
| ×5 | 2 ш | 1.5 | 6386 | 7% | 438 | 36 | 2.9 | 21% | 32% | -14.2 | -7.2 | -13.6 |
| ×5 | 2 ш | 2 | 6386 | 5% | 323 | 35 | 3.7 | 15% | 27% | -15.8 | -8.8 | +1.4 |
| ×5 | 2 ш | 3 | 6386 | 3% | 211 | 35 | 5.4 | 10% | 20% | -18.0 | -11.0 | -20.1 |
| ×5 | 4 ш | 1.5 | 6386 | 5% | 341 | 72 | 2.5 | 19% | 30% | -14.6 | -7.6 | +0.3 |
| ×5 | 4 ш | 2 | 6386 | 4% | 234 | 72 | 3.7 | 14% | 24% | -16.7 | -9.7 | +3.0 |
| ×5 | 4 ш | 3 | 6386 | 2% | 141 | 77 | 5.4 | 4% | 18% | -28.8 | -21.8 | -10.2 |
| ×10 | 1 ш | 1.5 | 2086 | 9% | 186 | 16 | 3.7 | 18% | 36% | -11.0 | -4.0 | -5.0 |
| ×10 | 1 ш | 2 | 2086 | 8% | 159 | 15 | 4.6 | 16% | 32% | -11.2 | -4.2 | -19.1 |
| ×10 | 1 ш | 3 | 2086 | 6% | 117 | 15 | 6.0 | 14% | 25% | -9.1 | -2.1 | -19.7 |
| ×10 | 2 ш | 1.5 | 2086 | 7% | 139 | 35 | 2.8 | 26% | 34% | -5.7 | +1.3 | -7.2 |
| ×10 | 2 ш | 2 | 2086 | 5% | 96 | 32 | 3.5 | 23% | 27% | -1.1 | +5.9 | -24.8 |
| ×10 | 2 ш | 3 | 2086 | 3% | 65 | 32 | 4.9 | 14% | 22% | -6.5 | +0.5 | -6.2 |
| ×10 | 4 ш | 1.5 | 2086 | 5% | 108 | 66 | 2.5 | 22% | 30% | -3.8 | +3.2 | -20.3 |
| ×10 | 4 ш | 2 | 2086 | 4% | 75 | 62 | 3.3 | 19% | 25% | +1.0 | +8.0 | -8.1 |
| ×10 | 4 ш | 3 | 2086 | 2% | 43 | 61 | 5.6 | 0% | 18% | -27.9 | -20.9 | -60.1 |


## Откуда уровни и почему события пропускались

| Объём | Стоп | Мин. rr | Сторона | Виды уровней | Пропуски |
|---|---|---|---|---|---|
| ×5 | 1 ш | 1.5 | поддержка · лонг | полка: 536, круглое: 167, минимум суток: 67, максимум суток: 17 | не у уровня: 6613, нет истории для уровней: 202, отношение мало: 164, нет уровня впереди: 73 |
| ×5 | 1 ш | 1.5 | сопротивление · шорт | полка: 416, круглое: 107, максимум суток: 31, минимум суток: 21 | не у уровня: 5426, отношение мало: 151, нет уровня впереди: 132, нет истории для уровней: 102 |
| ×5 | 1 ш | 2 | поддержка · лонг | полка: 468, круглое: 152, минимум суток: 65, максимум суток: 16 | не у уровня: 6613, отношение мало: 250, нет истории для уровней: 202, нет уровня впереди: 73 |
| ×5 | 1 ш | 2 | сопротивление · шорт | полка: 345, круглое: 95, максимум суток: 31, минимум суток: 18 | не у уровня: 5426, отношение мало: 237, нет уровня впереди: 132, нет истории для уровней: 102 |
| ×5 | 1 ш | 3 | поддержка · лонг | полка: 363, круглое: 126, минимум суток: 58, максимум суток: 11 | не у уровня: 6613, отношение мало: 393, нет истории для уровней: 202, нет уровня впереди: 73 |
| ×5 | 1 ш | 3 | сопротивление · шорт | полка: 239, круглое: 80, максимум суток: 30, минимум суток: 16 | не у уровня: 5426, отношение мало: 361, нет уровня впереди: 132, нет истории для уровней: 102 |
| ×10 | 1 ш | 1.5 | поддержка · лонг | полка: 190, круглое: 55, минимум суток: 22, максимум суток: 9 | не у уровня: 2512, нет истории для уровней: 70, отношение мало: 53, нет уровня впереди: 26 |
| ×10 | 1 ш | 1.5 | сопротивление · шорт | полка: 138, круглое: 32, максимум суток: 13, минимум суток: 3 | не у уровня: 1784, отношение мало: 44, нет уровня впереди: 38, нет истории для уровней: 34 |
| ×10 | 1 ш | 2 | поддержка · лонг | полка: 159, круглое: 49, минимум суток: 21, максимум суток: 9 | не у уровня: 2512, отношение мало: 91, нет истории для уровней: 70, нет уровня впереди: 26 |
| ×10 | 1 ш | 2 | сопротивление · шорт | полка: 115, круглое: 29, максимум суток: 13, минимум суток: 2 | не у уровня: 1784, отношение мало: 71, нет уровня впереди: 38, нет истории для уровней: 34 |
| ×10 | 1 ш | 3 | поддержка · лонг | полка: 132, круглое: 42, минимум суток: 20, максимум суток: 6 | не у уровня: 2512, отношение мало: 129, нет истории для уровней: 70, нет уровня впереди: 26 |
| ×10 | 1 ш | 3 | сопротивление · шорт | полка: 79, круглое: 24, максимум суток: 12, минимум суток: 2 | не у уровня: 1784, отношение мало: 113, нет уровня впереди: 38, нет истории для уровней: 34 |


## Как читать

**Стоп против круга издержек.** Ради этого всё и делалось: стоп обязан быть кратно больше 11 б.п., иначе комиссия съедает выигрыш даже при верном направлении.

**Ожидание против нуля.** Нуль здесь — тот же уровень и та же геометрия, но момент случайный. Он проверяет чтение ленты, а не уровень: если ожидания совпали, лента ни при чём, работает (или не работает) сама структура.

**Столбец «мейкер» — верхняя граница, а не результат.** Он показывает то же ожидание при круге издержек 4 б.п. вместо 11, на тех же сделках. Исполнение лимитной заявкой при этом НЕ предполагается: правило проекта, и модели очереди у нас нет. Читать как «столько останется, если исполнение окажется мейкерским», а не как достигнутое.

**Виды уровней.** Если сделки идут только с одного источника, это надо видеть до того, как усреднять по всем.
[   187 с] записано /root/algoth_v2/research/t4_structure/out/T4-structure.md

=== прогон кончился, публикую
