nohup: ignoring input
/root/algoth_v2/research/z1_screen/screen.py:492: DeprecationWarning: fetch_arrow_table() is deprecated, use to_arrow_table() instead.
  tab = con.execute(q).fetch_arrow_table()
  единицы: 14,682 символо-суток
  интерес: рядов 618
  2024-01: заполнено 37.9%, условий сработало 30, событий 715,648, 106 с
/root/algoth_v2/research/z1_screen/screen.py:492: DeprecationWarning: fetch_arrow_table() is deprecated, use to_arrow_table() instead.
  tab = con.execute(q).fetch_arrow_table()
  единицы: 14,685 символо-суток
  интерес: рядов 618
  2024-02: заполнено 39.3%, условий сработало 30, событий 738,928, 107 с
/root/algoth_v2/research/z1_screen/screen.py:492: DeprecationWarning: fetch_arrow_table() is deprecated, use to_arrow_table() instead.
  tab = con.execute(q).fetch_arrow_table()
  единицы: 15,271 символо-суток
  интерес: рядов 618
  2024-03: заполнено 41.0%, условий сработало 30, событий 647,622, 103 с
/root/algoth_v2/research/z1_screen/screen.py:492: DeprecationWarning: fetch_arrow_table() is deprecated, use to_arrow_table() instead.
  tab = con.execute(q).fetch_arrow_table()
  единицы: 15,915 символо-суток
  интерес: рядов 618
  2024-04: заполнено 41.5%, условий сработало 30, событий 701,654, 98 с
/root/algoth_v2/research/z1_screen/screen.py:492: DeprecationWarning: fetch_arrow_table() is deprecated, use to_arrow_table() instead.
  tab = con.execute(q).fetch_arrow_table()
  единицы: 15,966 символо-суток
  интерес: рядов 618
  2024-05: заполнено 41.1%, условий сработало 30, событий 804,144, 105 с
/root/algoth_v2/research/z1_screen/screen.py:492: DeprecationWarning: fetch_arrow_table() is deprecated, use to_arrow_table() instead.
  tab = con.execute(q).fetch_arrow_table()
  единицы: 15,867 символо-суток
  интерес: рядов 618
  2024-06: заполнено 40.9%, условий сработало 30, событий 825,604, 102 с
/root/algoth_v2/research/z1_screen/screen.py:492: DeprecationWarning: fetch_arrow_table() is deprecated, use to_arrow_table() instead.
  tab = con.execute(q).fetch_arrow_table()
  единицы: 15,781 символо-суток
  интерес: рядов 618
  2024-07: заполнено 40.7%, условий сработало 30, событий 821,898, 109 с
/root/algoth_v2/research/z1_screen/screen.py:492: DeprecationWarning: fetch_arrow_table() is deprecated, use to_arrow_table() instead.
  tab = con.execute(q).fetch_arrow_table()
  единицы: 16,152 символо-суток
  интерес: рядов 618
  2024-08: заполнено 41.4%, условий сработало 30, событий 799,428, 107 с
/root/algoth_v2/research/z1_screen/screen.py:492: DeprecationWarning: fetch_arrow_table() is deprecated, use to_arrow_table() instead.
  tab = con.execute(q).fetch_arrow_table()
  единицы: 16,520 символо-суток
  интерес: рядов 618
  2024-09: заполнено 43.8%, условий сработало 30, событий 881,148, 111 с
/root/algoth_v2/research/z1_screen/screen.py:492: DeprecationWarning: fetch_arrow_table() is deprecated, use to_arrow_table() instead.
  tab = con.execute(q).fetch_arrow_table()
  единицы: 17,267 символо-суток
  интерес: рядов 618
  2024-10: заполнено 45.1%, условий сработало 30, событий 872,008, 120 с
/root/algoth_v2/research/z1_screen/screen.py:492: DeprecationWarning: fetch_arrow_table() is deprecated, use to_arrow_table() instead.
  tab = con.execute(q).fetch_arrow_table()
  единицы: 17,931 символо-суток
  интерес: рядов 618
  2024-11: заполнено 47.5%, условий сработало 30, событий 789,230, 107 с
/root/algoth_v2/research/z1_screen/screen.py:492: DeprecationWarning: fetch_arrow_table() is deprecated, use to_arrow_table() instead.
  tab = con.execute(q).fetch_arrow_table()
  единицы: 18,929 символо-суток
  интерес: рядов 618
  2024-12: заполнено 50.4%, условий сработало 30, событий 806,282, 107 с
/root/algoth_v2/research/z1_screen/screen.py:492: DeprecationWarning: fetch_arrow_table() is deprecated, use to_arrow_table() instead.
  tab = con.execute(q).fetch_arrow_table()
  единицы: 20,329 символо-суток
  интерес: рядов 618
  2025-01: заполнено 53.1%, условий сработало 30, событий 967,592, 112 с
/root/algoth_v2/research/z1_screen/screen.py:492: DeprecationWarning: fetch_arrow_table() is deprecated, use to_arrow_table() instead.
  tab = con.execute(q).fetch_arrow_table()
  единицы: 20,098 символо-суток
  интерес: рядов 618
  2025-02: заполнено 54.5%, условий сработало 30, событий 919,212, 111 с
/root/algoth_v2/research/z1_screen/screen.py:492: DeprecationWarning: fetch_arrow_table() is deprecated, use to_arrow_table() instead.
  tab = con.execute(q).fetch_arrow_table()
  единицы: 20,598 символо-суток
  интерес: рядов 618
  2025-03: заполнено 55.5%, условий сработало 30, событий 1,056,454, 128 с
/root/algoth_v2/research/z1_screen/screen.py:492: DeprecationWarning: fetch_arrow_table() is deprecated, use to_arrow_table() instead.
  tab = con.execute(q).fetch_arrow_table()
  единицы: 22,011 символо-суток
  интерес: рядов 618
  2025-04: заполнено 58.1%, условий сработало 30, событий 1,146,896, 127 с
/root/algoth_v2/research/z1_screen/screen.py:492: DeprecationWarning: fetch_arrow_table() is deprecated, use to_arrow_table() instead.
  tab = con.execute(q).fetch_arrow_table()
  единицы: 23,208 символо-суток
  интерес: рядов 618
  2025-05: заполнено 61.7%, условий сработало 30, событий 1,108,680, 131 с
/root/algoth_v2/research/z1_screen/screen.py:492: DeprecationWarning: fetch_arrow_table() is deprecated, use to_arrow_table() instead.
  tab = con.execute(q).fetch_arrow_table()
  единицы: 24,391 символо-суток
  интерес: рядов 618
  2025-06: заполнено 64.3%, условий сработало 30, событий 1,307,716, 133 с
/root/algoth_v2/research/z1_screen/screen.py:492: DeprecationWarning: fetch_arrow_table() is deprecated, use to_arrow_table() instead.
  tab = con.execute(q).fetch_arrow_table()
  единицы: 25,369 символо-суток
  интерес: рядов 618
  2025-07: заполнено 66.6%, условий сработало 30, событий 1,354,274, 141 с
/root/algoth_v2/research/z1_screen/screen.py:492: DeprecationWarning: fetch_arrow_table() is deprecated, use to_arrow_table() instead.
  tab = con.execute(q).fetch_arrow_table()
  единицы: 26,790 символо-суток
  интерес: рядов 618
  2025-08: заполнено 69.6%, условий сработало 30, событий 1,374,984, 146 с
/root/algoth_v2/research/z1_screen/screen.py:492: DeprecationWarning: fetch_arrow_table() is deprecated, use to_arrow_table() instead.
  tab = con.execute(q).fetch_arrow_table()
  единицы: 27,494 символо-суток
  интерес: рядов 618
  2025-09: заполнено 72.4%, условий сработало 30, событий 1,596,650, 153 с
/root/algoth_v2/research/z1_screen/screen.py:492: DeprecationWarning: fetch_arrow_table() is deprecated, use to_arrow_table() instead.
  tab = con.execute(q).fetch_arrow_table()
  единицы: 28,819 символо-суток
  интерес: рядов 618
  2025-10: заполнено 76.2%, условий сработало 30, событий 1,554,820, 151 с
/root/algoth_v2/research/z1_screen/screen.py:492: DeprecationWarning: fetch_arrow_table() is deprecated, use to_arrow_table() instead.
  tab = con.execute(q).fetch_arrow_table()
  единицы: 29,477 символо-суток
  интерес: рядов 618
  2025-11: заполнено 76.0%, условий сработало 30, событий 1,528,844, 151 с
/root/algoth_v2/research/z1_screen/screen.py:492: DeprecationWarning: fetch_arrow_table() is deprecated, use to_arrow_table() instead.
  tab = con.execute(q).fetch_arrow_table()
  единицы: 29,246 символо-суток
  интерес: рядов 618
  2025-12: заполнено 74.6%, условий сработало 30, событий 1,945,372, 168 с
/root/algoth_v2/research/z1_screen/screen.py:492: DeprecationWarning: fetch_arrow_table() is deprecated, use to_arrow_table() instead.
  tab = con.execute(q).fetch_arrow_table()
  единицы: 29,749 символо-суток
  интерес: рядов 618
  2026-01: заполнено 75.8%, условий сработало 30, событий 1,947,282, 170 с
/root/algoth_v2/research/z1_screen/screen.py:492: DeprecationWarning: fetch_arrow_table() is deprecated, use to_arrow_table() instead.
  tab = con.execute(q).fetch_arrow_table()
  единицы: 28,571 символо-суток
  интерес: рядов 618
  2026-02: заполнено 76.2%, условий сработало 30, событий 1,652,850, 146 с
/root/algoth_v2/research/z1_screen/screen.py:492: DeprecationWarning: fetch_arrow_table() is deprecated, use to_arrow_table() instead.
  tab = con.execute(q).fetch_arrow_table()
  единицы: 28,666 символо-суток
  интерес: рядов 618
  2026-03: заполнено 75.8%, условий сработало 30, событий 1,929,558, 165 с
/root/algoth_v2/research/z1_screen/screen.py:492: DeprecationWarning: fetch_arrow_table() is deprecated, use to_arrow_table() instead.
  tab = con.execute(q).fetch_arrow_table()
  единицы: 29,495 символо-суток
  интерес: рядов 618
  2026-04: заполнено 75.0%, условий сработало 30, событий 1,795,816, 156 с
/root/algoth_v2/research/z1_screen/screen.py:492: DeprecationWarning: fetch_arrow_table() is deprecated, use to_arrow_table() instead.
  tab = con.execute(q).fetch_arrow_table()
  единицы: 29,039 символо-суток
  интерес: рядов 618
  2026-05: заполнено 73.9%, условий сработало 30, событий 1,717,122, 149 с
/root/algoth_v2/research/z1_screen/screen.py:492: DeprecationWarning: fetch_arrow_table() is deprecated, use to_arrow_table() instead.
  tab = con.execute(q).fetch_arrow_table()
  единицы: 28,839 символо-суток
  интерес: рядов 618
  2026-06: заполнено 74.3%, условий сработало 30, событий 1,683,668, 141 с
считаю сводку и семейственную планку…
отчёт: /root/algoth_v2/research/z1_screen/out/Z1-screen-1m.md
ячеек измерено: 240; планка +3.90 σ по 240 годным; кандидатов: 2
  торги возобновились после получаса тишины [L] 15м: медиана +65.8, среднее +167.2 б.п., z +52.6, корзин 380
  торги возобновились после получаса тишины [L] 5м: медиана +23.3, среднее +106.8 б.п., z +27.5, корзин 382
публикуется в ветку main:
 research/z1_screen/out/Z1-screen-1m.md | 266 +++++++++++++++++++++++++++++++++
 research/z1_screen/out/z1-1m.json      |   1 +
 2 files changed, 267 insertions(+)
To github.com:n0tgod/algoth_v2.git
 ! [rejected]        main -> main (fetch first)
error: failed to push some refs to 'github.com:n0tgod/algoth_v2.git'
hint: Updates were rejected because the remote contains work that you do not
hint: have locally. This is usually caused by another repository pushing to
hint: the same ref. If you want to integrate the remote changes, use
hint: 'git pull' before pushing again.
hint: See the 'Note about fast-forwards' in 'git push --help' for details.
push не прошёл, подтягиваю ветку и пробую снова 
(попытка 1 из 4)
From github.com:n0tgod/algoth_v2
 * branch            main       -> FETCH_HEAD
   a3d994e..d856832  main       -> origin/main
Rebasing (1/1)[KSuccessfully rebased and updated refs/heads/main.
To github.com:n0tgod/algoth_v2.git
   d856832..d0b8753  main -> main
branch 'main' set up to track 'origin/main'.
опубликовано
